npm warn invalid config cache=false set in command line options
npm warn invalid config Must be valid filesystem path

> cine-power-planner@1.0.53 test:jest
> node --max-old-space-size=3072 ./node_modules/jest/bin/jest.js --runInBand tests/unit/storage.test.js imports preferences stored under simple keys

  console.warn
    MOCK SET: __cineLoggingHistory = [{"id":"log-1768594474810-t8m766yx","level":"info"

      61 |       return undefined;
      62 |     }
    > 63 |     return originalFn(...args);
         |            ^
      64 |   };
      65 | };
      66 |

      at console.<anonymous> (tests/setup/jest.setup.cjs:63:12)
      at console.apply [as warn] (src/scripts/modules/base.js:92:26)
      at Object.warn (tests/unit/storage.test.js:11:15)
      at setItem (src/scripts/modules/logging.js:1679:13)
      at persistHistorySafe (src/scripts/modules/logging.js:1887:3)
      at appendEntry (src/scripts/modules/logging.js:2658:5)
      at logInternal (src/scripts/modules/logging.js:2453:7)
      at Object.syncConsoleCaptureState (src/scripts/modules/logging.js:3882:1)
      at Object.require (src/scripts/modules/logging-resolver.js:2:1)
      at Object.require (src/scripts/storage.js:17:1)
      at Object.require (tests/unit/storage.test.js:106:5)

  console.warn
    Logging module registration deferred - queue unavailable.

      61 |       return undefined;
      62 |     }
    > 63 |     return originalFn(...args);
         |            ^
      64 |   };
      65 | };
      66 |

      at console.<anonymous> (tests/setup/jest.setup.cjs:63:12)
      at console.apply [as warn] (src/scripts/modules/base.js:92:26)
      at warn (src/scripts/modules/logging.js:488:17)
      at Object.registerOrQueueModule (src/scripts/modules/logging.js:3929:20)
      at Object.require (src/scripts/modules/logging-resolver.js:2:1)
      at Object.require (src/scripts/storage.js:17:1)
      at Object.require (tests/unit/storage.test.js:106:5)

  console.log
    DEBUG: storage.js execution started

      at Proxy.apply (src/scripts/modules/base.js:92:26)

  console.warn
    MOCK SET: __storage_test__ = 1

      61 |       return undefined;
      62 |     }
    > 63 |     return originalFn(...args);
         |            ^
      64 |   };
      65 | };
      66 |

      at console.<anonymous> (tests/setup/jest.setup.cjs:63:12)
      at console.apply [as warn] (src/scripts/modules/base.js:92:26)
      at Object.warn (tests/unit/storage.test.js:11:15)
      at setItem (src/scripts/storage.js:5846:13)
      at verifyStorage (src/scripts/storage.js:5908:23)
      at Object.initializeSafeLocalStorage (src/scripts/storage.js:5940:28)
      at Object.require (tests/unit/storage.test.js:106:5)

  console.log
    DEBUG: storage.js: starting global export loop

      at Proxy.apply (src/scripts/modules/base.js:92:26)

  console.log
    DEBUG: storage.js execution finished

      at Proxy.apply (src/scripts/modules/base.js:92:26)

  console.log
    DEBUG: lzString type: object

      at Proxy.apply (src/scripts/modules/base.js:92:26)

  console.log
    DEBUG: lzString keys: [
      'compressToEncodedURIComponent',
      'decompressFromEncodedURIComponent',
      'compressToUTF16',
      'decompressFromUTF16',
      'compress',
      'decompress'
    ]

      at Proxy.apply (src/scripts/modules/base.js:92:26)

  console.log
    DEBUG: lzString.compressToUTF16 type: function

      at Proxy.apply (src/scripts/modules/base.js:92:26)

  console.log
    [MigrationService] Starting storage migration...

      at Proxy.apply (src/scripts/modules/base.js:92:26)

  console.log
    [MigrationService] No local storage data found. safe to skip.

      at Proxy.apply (src/scripts/modules/base.js:92:26)

  console.warn
    MOCK SET: cine_storage_migrated_v2 = true

      61 |       return undefined;
      62 |     }
    > 63 |     return originalFn(...args);
         |            ^
      64 |   };
      65 | };
      66 |

      at console.<anonymous> (tests/setup/jest.setup.cjs:63:12)
      at console.apply [as warn] (src/scripts/modules/base.js:92:26)
      at Object.warn (tests/unit/storage.test.js:11:15)
      at LocalStorageAdapter.setItem (src/scripts/modules/storage/drivers/LocalStorageAdapter.js:52:26)
      at setItem (src/scripts/modules/storage/StorageMigrationService.js:93:31)
      at StorageMigrationService.setSafely [as markAsMigrated] (src/scripts/modules/storage/StorageMigrationService.js:100:13)
      at StorageMigrationService.markAsMigrated [as runMigrationIfNeeded] (src/scripts/modules/storage/StorageMigrationService.js:36:28)
      at src/scripts/storage.js:290:28

  console.log
    DEBUG: getSafeLocalStorage returning object

      at Proxy.apply (src/scripts/modules/base.js:92:26)

  console.log
    DEBUG: getSafeLocalStorage returning object

      at Proxy.apply (src/scripts/modules/base.js:92:26)

  console.warn
    MOCK SET: cameraPowerPlanner_devices = {"cameras":{},"monitors":{},"video":{},"viewfinder

      61 |       return undefined;
      62 |     }
    > 63 |     return originalFn(...args);
         |            ^
      64 |   };
      65 | };
      66 |

      at console.<anonymous> (tests/setup/jest.setup.cjs:63:12)
      at console.apply [as warn] (src/scripts/modules/base.js:92:26)
      at Object.warn (tests/unit/storage.test.js:11:15)
      at setItem (src/scripts/storage.js:8463:17)
      at saveJSONToStorage (src/scripts/storage.js:9469:3)
      at Object.saveDeviceData (tests/unit/storage.test.js:378:5)

  console.warn
    MOCK SET: cameraPowerPlanner_devices__backup = {"cameras":{},"monitors":{},"video":{},"viewfinder

      61 |       return undefined;
      62 |     }
    > 63 |     return originalFn(...args);
         |            ^
      64 |   };
      65 | };
      66 |

      at console.<anonymous> (tests/setup/jest.setup.cjs:63:12)
      at console.apply [as warn] (src/scripts/modules/base.js:92:26)
      at Object.warn (tests/unit/storage.test.js:11:15)
      at setItem (src/scripts/storage.js:8524:19)
      at tryStoreCandidate (src/scripts/storage.js:8540:13)
      at attemptBackupWrite (src/scripts/storage.js:8617:26)
      at saveJSONToStorage (src/scripts/storage.js:9469:3)
      at Object.saveDeviceData (tests/unit/storage.test.js:378:5)

  console.warn
    MOCK SET: cameraPowerPlanner_devices = {"cameras":{},"monitors":{},"video":{},"viewfinder

      61 |       return undefined;
      62 |     }
    > 63 |     return originalFn(...args);
         |            ^
      64 |   };
      65 | };
      66 |

      at console.<anonymous> (tests/setup/jest.setup.cjs:63:12)
      at console.apply [as warn] (src/scripts/modules/base.js:92:26)
      at Object.warn (tests/unit/storage.test.js:11:15)
      at Object.setItem (tests/unit/storage.test.js:383:18)

  console.warn
    MOCK SET: cameraPowerPlanner_devices__backup = {"cameras":{},"monitors":{},"video":{},"viewfinder

      61 |       return undefined;
      62 |     }
    > 63 |     return originalFn(...args);
         |            ^
      64 |   };
      65 | };
      66 |

      at console.<anonymous> (tests/setup/jest.setup.cjs:63:12)
      at console.apply [as warn] (src/scripts/modules/base.js:92:26)
      at Object.warn (tests/unit/storage.test.js:11:15)
      at Object.setItem (tests/unit/storage.test.js:384:18)

  console.log
    DEBUG: getSafeLocalStorage returning object

      at Proxy.apply (src/scripts/modules/base.js:92:26)

  console.log
    [StorageRepository] Initialized with default driver: IndexedDBAdapter

      at Proxy.apply (src/scripts/modules/base.js:92:26)

  console.warn
    MOCK SET: cine_user_uuid = f6ff800a-6346-422e-883e-4b73b631f54d

      61 |       return undefined;
      62 |     }
    > 63 |     return originalFn(...args);
         |            ^
      64 |   };
      65 | };
      66 |

      at console.<anonymous> (tests/setup/jest.setup.cjs:63:12)
      at console.apply [as warn] (src/scripts/modules/base.js:92:26)
      at Object.warn (tests/unit/storage.test.js:11:15)
      at UserContext.setItem [as init] (src/scripts/modules/core/UserContext.js:44:26)
      at ProjectLockService.init (src/scripts/modules/storage/ProjectLockService.js:81:21)
      at StorageRepository.init (src/scripts/modules/storage/StorageRepository.js:45:28)
      at StorageRepository.removeItem (src/scripts/modules/storage/StorageRepository.js:74:32)

  console.log
    [UserContext] Generated new User UUID: f6ff800a-6346-422e-883e-4b73b631f54d

      at Proxy.apply (src/scripts/modules/base.js:92:26)

  console.warn
    MOCK SET: cine_device_uuid = 519e0021-f736-4b04-8a36-e5905a4176a6

      61 |       return undefined;
      62 |     }
    > 63 |     return originalFn(...args);
         |            ^
      64 |   };
      65 | };
      66 |

      at console.<anonymous> (tests/setup/jest.setup.cjs:63:12)
      at console.apply [as warn] (src/scripts/modules/base.js:92:26)
      at Object.warn (tests/unit/storage.test.js:11:15)
      at UserContext.setItem [as init] (src/scripts/modules/core/UserContext.js:55:26)
      at ProjectLockService.init (src/scripts/modules/storage/ProjectLockService.js:81:21)
      at StorageRepository.init (src/scripts/modules/storage/StorageRepository.js:45:28)
      at StorageRepository.removeItem (src/scripts/modules/storage/StorageRepository.js:74:32)

  console.log
    [UserContext] Generated new Device UUID: 519e0021-f736-4b04-8a36-e5905a4176a6

      at Proxy.apply (src/scripts/modules/base.js:92:26)

  console.log
    [UserContext] Session UUID: 627aa683-9f98-40b5-ae21-3b08b9ea6c60

      at Proxy.apply (src/scripts/modules/base.js:92:26)

  console.log
    [ProjectLockService] BroadcastChannel initialized

      at Proxy.apply (src/scripts/modules/base.js:92:26)

  console.log
    [ProjectLockService] Initialized

      at Proxy.apply (src/scripts/modules/base.js:92:26)

  console.warn
    MOCK SET: cameraPowerPlanner_devices = {"cameras":{},"monitors":{},"video":{},"viewfinder

      61 |       return undefined;
      62 |     }
    > 63 |     return originalFn(...args);
         |            ^
      64 |   };
      65 | };
      66 |

      at console.<anonymous> (tests/setup/jest.setup.cjs:63:12)
      at console.apply [as warn] (src/scripts/modules/base.js:92:26)
      at Object.warn (tests/unit/storage.test.js:11:15)
      at Object.setItem (tests/unit/storage.test.js:393:18)

  console.log
    DEBUG: getSafeLocalStorage returning object

      at Proxy.apply (src/scripts/modules/base.js:92:26)

  console.log
    DEBUG: getSafeLocalStorage returning object

      at Proxy.apply (src/scripts/modules/base.js:92:26)

  console.warn
    MOCK SET: cameraPowerPlanner_devices = {"cameras":{},"monitors":{}}

      61 |       return undefined;
      62 |     }
    > 63 |     return originalFn(...args);
         |            ^
      64 |   };
      65 | };
      66 |

      at console.<anonymous> (tests/setup/jest.setup.cjs:63:12)
      at console.apply [as warn] (src/scripts/modules/base.js:92:26)
      at Object.warn (tests/unit/storage.test.js:11:15)
      at Object.setItem (tests/unit/storage.test.js:399:18)

  console.log
    DEBUG: getSafeLocalStorage returning object

      at Proxy.apply (src/scripts/modules/base.js:92:26)

  console.log
    DEBUG: getSafeLocalStorage returning object

      at Proxy.apply (src/scripts/modules/base.js:92:26)

  console.warn
    MOCK SET: cameraPowerPlanner_devices__legacyMigrationBackup = {"createdAt":"2026-01-16T20:14:34.810Z","data":{"c

      61 |       return undefined;
      62 |     }
    > 63 |     return originalFn(...args);
         |            ^
      64 |   };
      65 | };
      66 |

      at console.<anonymous> (tests/setup/jest.setup.cjs:63:12)
      at console.apply [as warn] (src/scripts/modules/base.js:92:26)
      at Object.warn (tests/unit/storage.test.js:11:15)
      at setItem (src/scripts/storage.js:5565:15)
      at tryStoreSerialized (src/scripts/storage.js:5587:26)
      at createStorageMigrationBackup (src/scripts/storage.js:9433:5)
      at Object.loadDeviceData (tests/unit/storage.test.js:400:20)

  console.log
    DEBUG: getSafeLocalStorage returning object

      at Proxy.apply (src/scripts/modules/base.js:92:26)

  console.warn
    MOCK SET: cameraPowerPlanner_devices = {"cameras":{},"monitors":{},"video":{},"viewfinder

      61 |       return undefined;
      62 |     }
    > 63 |     return originalFn(...args);
         |            ^
      64 |   };
      65 | };
      66 |

      at console.<anonymous> (tests/setup/jest.setup.cjs:63:12)
      at console.apply [as warn] (src/scripts/modules/base.js:92:26)
      at Object.warn (tests/unit/storage.test.js:11:15)
      at setItem (src/scripts/storage.js:8463:17)
      at saveJSONToStorage (src/scripts/storage.js:9434:5)
      at Object.loadDeviceData (tests/unit/storage.test.js:400:20)

  console.warn
    MOCK SET: cameraPowerPlanner_devices__backup = {"cameras":{},"monitors":{},"video":{},"viewfinder

      61 |       return undefined;
      62 |     }
    > 63 |     return originalFn(...args);
         |            ^
      64 |   };
      65 | };
      66 |

      at console.<anonymous> (tests/setup/jest.setup.cjs:63:12)
      at console.apply [as warn] (src/scripts/modules/base.js:92:26)
      at Object.warn (tests/unit/storage.test.js:11:15)
      at setItem (src/scripts/storage.js:8524:19)
      at tryStoreCandidate (src/scripts/storage.js:8540:13)
      at attemptBackupWrite (src/scripts/storage.js:8617:26)
      at saveJSONToStorage (src/scripts/storage.js:9434:5)
      at Object.loadDeviceData (tests/unit/storage.test.js:400:20)

  console.warn
    MOCK SET: cameraPowerPlanner_devices = {"cameras":{"Alexa":{}}}

      61 |       return undefined;
      62 |     }
    > 63 |     return originalFn(...args);
         |            ^
      64 |   };
      65 | };
      66 |

      at console.<anonymous> (tests/setup/jest.setup.cjs:63:12)
      at console.apply [as warn] (src/scripts/modules/base.js:92:26)
      at Object.warn (tests/unit/storage.test.js:11:15)
      at Object.setItem (tests/unit/storage.test.js:443:18)

  console.log
    DEBUG: getSafeLocalStorage returning object

      at Proxy.apply (src/scripts/modules/base.js:92:26)

  console.log
    DEBUG: getSafeLocalStorage returning object

      at Proxy.apply (src/scripts/modules/base.js:92:26)

  console.warn
    MOCK SET: cameraPowerPlanner_devices__legacyMigrationBackup = {"createdAt":"2026-01-16T20:14:34.810Z","data":{"c

      61 |       return undefined;
      62 |     }
    > 63 |     return originalFn(...args);
         |            ^
      64 |   };
      65 | };
      66 |

      at console.<anonymous> (tests/setup/jest.setup.cjs:63:12)
      at console.apply [as warn] (src/scripts/modules/base.js:92:26)
      at Object.warn (tests/unit/storage.test.js:11:15)
      at setItem (src/scripts/storage.js:5565:15)
      at tryStoreSerialized (src/scripts/storage.js:5587:26)
      at createStorageMigrationBackup (src/scripts/storage.js:9433:5)
      at Object.loadDeviceData (tests/unit/storage.test.js:447:20)

  console.log
    DEBUG: getSafeLocalStorage returning object

      at Proxy.apply (src/scripts/modules/base.js:92:26)

  console.warn
    MOCK SET: cameraPowerPlanner_devices = {"cameras":{"Alexa":{}},"monitors":{},"video":{},"

      61 |       return undefined;
      62 |     }
    > 63 |     return originalFn(...args);
         |            ^
      64 |   };
      65 | };
      66 |

      at console.<anonymous> (tests/setup/jest.setup.cjs:63:12)
      at console.apply [as warn] (src/scripts/modules/base.js:92:26)
      at Object.warn (tests/unit/storage.test.js:11:15)
      at setItem (src/scripts/storage.js:8463:17)
      at saveJSONToStorage (src/scripts/storage.js:9434:5)
      at Object.loadDeviceData (tests/unit/storage.test.js:447:20)

  console.warn
    MOCK SET: cameraPowerPlanner_devices__backup = {"cameras":{"Alexa":{}},"monitors":{},"video":{},"

      61 |       return undefined;
      62 |     }
    > 63 |     return originalFn(...args);
         |            ^
      64 |   };
      65 | };
      66 |

      at console.<anonymous> (tests/setup/jest.setup.cjs:63:12)
      at console.apply [as warn] (src/scripts/modules/base.js:92:26)
      at Object.warn (tests/unit/storage.test.js:11:15)
      at setItem (src/scripts/storage.js:8524:19)
      at tryStoreCandidate (src/scripts/storage.js:8540:13)
      at attemptBackupWrite (src/scripts/storage.js:8617:26)
      at saveJSONToStorage (src/scripts/storage.js:9434:5)
      at Object.loadDeviceData (tests/unit/storage.test.js:447:20)

  console.warn
    MOCK SET: cameraPowerPlanner_devices = {"cameras":{"Alexa":{}}}

      61 |       return undefined;
      62 |     }
    > 63 |     return originalFn(...args);
         |            ^
      64 |   };
      65 | };
      66 |

      at console.<anonymous> (tests/setup/jest.setup.cjs:63:12)
      at console.apply [as warn] (src/scripts/modules/base.js:92:26)
      at Object.warn (tests/unit/storage.test.js:11:15)
      at Object.setItem (tests/unit/storage.test.js:464:18)

  console.warn
    MOCK SET: cameraPowerPlanner_devices__legacyMigrationBackup = {"createdAt":"2024-01-01T00:00:00.000Z","data":{"l

      61 |       return undefined;
      62 |     }
    > 63 |     return originalFn(...args);
         |            ^
      64 |   };
      65 | };
      66 |

      at console.<anonymous> (tests/setup/jest.setup.cjs:63:12)
      at console.apply [as warn] (src/scripts/modules/base.js:92:26)
      at Object.warn (tests/unit/storage.test.js:11:15)
      at Object.setItem (tests/unit/storage.test.js:465:18)

  console.log
    DEBUG: getSafeLocalStorage returning object

      at Proxy.apply (src/scripts/modules/base.js:92:26)

  console.log
    DEBUG: getSafeLocalStorage returning object

      at Proxy.apply (src/scripts/modules/base.js:92:26)

  console.warn
    MOCK SET: cameraPowerPlanner_devices__legacyMigrationBackup = [{"createdAt":"2024-01-01T00:00:00.000Z","data":{"

      61 |       return undefined;
      62 |     }
    > 63 |     return originalFn(...args);
         |            ^
      64 |   };
      65 | };
      66 |

      at console.<anonymous> (tests/setup/jest.setup.cjs:63:12)
      at console.apply [as warn] (src/scripts/modules/base.js:92:26)
      at Object.warn (tests/unit/storage.test.js:11:15)
      at setItem (src/scripts/storage.js:5514:19)
      at tryStoreList (src/scripts/storage.js:5521:20)
      at createStorageMigrationBackup (src/scripts/storage.js:9433:5)
      at Object.loadDeviceData (tests/unit/storage.test.js:470:20)

  console.log
    DEBUG: getSafeLocalStorage returning object

      at Proxy.apply (src/scripts/modules/base.js:92:26)

  console.warn
    MOCK SET: cameraPowerPlanner_devices = {"cameras":{"Alexa":{}},"monitors":{},"video":{},"

      61 |       return undefined;
      62 |     }
    > 63 |     return originalFn(...args);
         |            ^
      64 |   };
      65 | };
      66 |

      at console.<anonymous> (tests/setup/jest.setup.cjs:63:12)
      at console.apply [as warn] (src/scripts/modules/base.js:92:26)
      at Object.warn (tests/unit/storage.test.js:11:15)
      at setItem (src/scripts/storage.js:8463:17)
      at saveJSONToStorage (src/scripts/storage.js:9434:5)
      at Object.loadDeviceData (tests/unit/storage.test.js:470:20)

  console.warn
    MOCK SET: cameraPowerPlanner_devices__backup = {"cameras":{"Alexa":{}},"monitors":{},"video":{},"

      61 |       return undefined;
      62 |     }
    > 63 |     return originalFn(...args);
         |            ^
      64 |   };
      65 | };
      66 |

      at console.<anonymous> (tests/setup/jest.setup.cjs:63:12)
      at console.apply [as warn] (src/scripts/modules/base.js:92:26)
      at Object.warn (tests/unit/storage.test.js:11:15)
      at setItem (src/scripts/storage.js:8524:19)
      at tryStoreCandidate (src/scripts/storage.js:8540:13)
      at attemptBackupWrite (src/scripts/storage.js:8617:26)
      at saveJSONToStorage (src/scripts/storage.js:9434:5)
      at Object.loadDeviceData (tests/unit/storage.test.js:470:20)

  console.warn
    MOCK SET: cinePowerPlanner_devices = {"cameras":{},"monitors":{}}

      61 |       return undefined;
      62 |     }
    > 63 |     return originalFn(...args);
         |            ^
      64 |   };
      65 | };
      66 |

      at console.<anonymous> (tests/setup/jest.setup.cjs:63:12)
      at console.apply [as warn] (src/scripts/modules/base.js:92:26)
      at Object.warn (tests/unit/storage.test.js:11:15)
      at Object.setItem (tests/unit/storage.test.js:485:18)

  console.log
    DEBUG: getSafeLocalStorage returning object

      at Proxy.apply (src/scripts/modules/base.js:92:26)

  console.warn
    MOCK SET: cameraPowerPlanner_devices = {"cameras":{},"monitors":{}}

      61 |       return undefined;
      62 |     }
    > 63 |     return originalFn(...args);
         |            ^
      64 |   };
      65 | };
      66 |

      at console.<anonymous> (tests/setup/jest.setup.cjs:63:12)
      at console.apply [as warn] (src/scripts/modules/base.js:92:26)
      at Object.warn (tests/unit/storage.test.js:11:15)
      at setItem (src/scripts/storage.js:7445:17)
      at migrateKeyBetweenStorages (src/scripts/storage.js:7465:9)
      at migrateKeyInStorages (src/scripts/storage.js:7508:27)
          at Array.forEach (<anonymous>)
      at forEach (src/scripts/storage.js:7507:12)
      at migrateLegacyStorageKeys (src/scripts/storage.js:7538:3)
      at applyLegacyStorageMigrations (src/scripts/storage.js:9418:3)
      at Object.loadDeviceData (tests/unit/storage.test.js:487:20)

  console.log
    DEBUG: getSafeLocalStorage returning object

      at Proxy.apply (src/scripts/modules/base.js:92:26)

  console.warn
    MOCK SET: cameraPowerPlanner_devices__legacyMigrationBackup = {"createdAt":"2026-01-16T20:14:34.810Z","data":{"c

      61 |       return undefined;
      62 |     }
    > 63 |     return originalFn(...args);
         |            ^
      64 |   };
      65 | };
      66 |

      at console.<anonymous> (tests/setup/jest.setup.cjs:63:12)
      at console.apply [as warn] (src/scripts/modules/base.js:92:26)
      at Object.warn (tests/unit/storage.test.js:11:15)
      at setItem (src/scripts/storage.js:5565:15)
      at tryStoreSerialized (src/scripts/storage.js:5587:26)
      at createStorageMigrationBackup (src/scripts/storage.js:9433:5)
      at Object.loadDeviceData (tests/unit/storage.test.js:487:20)

  console.log
    DEBUG: getSafeLocalStorage returning object

      at Proxy.apply (src/scripts/modules/base.js:92:26)

  console.warn
    MOCK SET: cameraPowerPlanner_devices = {"cameras":{},"monitors":{},"video":{},"viewfinder

      61 |       return undefined;
      62 |     }
    > 63 |     return originalFn(...args);
         |            ^
      64 |   };
      65 | };
      66 |

      at console.<anonymous> (tests/setup/jest.setup.cjs:63:12)
      at console.apply [as warn] (src/scripts/modules/base.js:92:26)
      at Object.warn (tests/unit/storage.test.js:11:15)
      at setItem (src/scripts/storage.js:8463:17)
      at saveJSONToStorage (src/scripts/storage.js:9434:5)
      at Object.loadDeviceData (tests/unit/storage.test.js:487:20)

  console.warn
    MOCK SET: cameraPowerPlanner_devices__backup = {"cameras":{},"monitors":{},"video":{},"viewfinder

      61 |       return undefined;
      62 |     }
    > 63 |     return originalFn(...args);
         |            ^
      64 |   };
      65 | };
      66 |

      at console.<anonymous> (tests/setup/jest.setup.cjs:63:12)
      at console.apply [as warn] (src/scripts/modules/base.js:92:26)
      at Object.warn (tests/unit/storage.test.js:11:15)
      at setItem (src/scripts/storage.js:8524:19)
      at tryStoreCandidate (src/scripts/storage.js:8540:13)
      at attemptBackupWrite (src/scripts/storage.js:8617:26)
      at saveJSONToStorage (src/scripts/storage.js:9434:5)
      at Object.loadDeviceData (tests/unit/storage.test.js:487:20)

  console.warn
    MOCK SET: cameraPowerPlanner_devices = {"cameras":null,"monitors":[],"video":5,"viewfinde

      61 |       return undefined;
      62 |     }
    > 63 |     return originalFn(...args);
         |            ^
      64 |   };
      65 | };
      66 |

      at console.<anonymous> (tests/setup/jest.setup.cjs:63:12)
      at console.apply [as warn] (src/scripts/modules/base.js:92:26)
      at Object.warn (tests/unit/storage.test.js:11:15)
      at Object.setItem (tests/unit/storage.test.js:626:18)

  console.log
    DEBUG: getSafeLocalStorage returning object

      at Proxy.apply (src/scripts/modules/base.js:92:26)

  console.log
    DEBUG: getSafeLocalStorage returning object

      at Proxy.apply (src/scripts/modules/base.js:92:26)

  console.warn
    MOCK SET: cameraPowerPlanner_devices__legacyMigrationBackup = {"createdAt":"2026-01-16T20:14:34.810Z","data":{"c

      61 |       return undefined;
      62 |     }
    > 63 |     return originalFn(...args);
         |            ^
      64 |   };
      65 | };
      66 |

      at console.<anonymous> (tests/setup/jest.setup.cjs:63:12)
      at console.apply [as warn] (src/scripts/modules/base.js:92:26)
      at Object.warn (tests/unit/storage.test.js:11:15)
      at setItem (src/scripts/storage.js:5565:15)
      at tryStoreSerialized (src/scripts/storage.js:5587:26)
      at createStorageMigrationBackup (src/scripts/storage.js:9433:5)
      at Object.loadDeviceData (tests/unit/storage.test.js:627:12)

  console.log
    DEBUG: getSafeLocalStorage returning object

      at Proxy.apply (src/scripts/modules/base.js:92:26)

  console.warn
    MOCK SET: cameraPowerPlanner_devices = {"cameras":{},"monitors":{},"video":{},"viewfinder

      61 |       return undefined;
      62 |     }
    > 63 |     return originalFn(...args);
         |            ^
      64 |   };
      65 | };
      66 |

      at console.<anonymous> (tests/setup/jest.setup.cjs:63:12)
      at console.apply [as warn] (src/scripts/modules/base.js:92:26)
      at Object.warn (tests/unit/storage.test.js:11:15)
      at setItem (src/scripts/storage.js:8463:17)
      at saveJSONToStorage (src/scripts/storage.js:9434:5)
      at Object.loadDeviceData (tests/unit/storage.test.js:627:12)

  console.warn
    MOCK SET: cameraPowerPlanner_devices__backup = {"cameras":{},"monitors":{},"video":{},"viewfinder

      61 |       return undefined;
      62 |     }
    > 63 |     return originalFn(...args);
         |            ^
      64 |   };
      65 | };
      66 |

      at console.<anonymous> (tests/setup/jest.setup.cjs:63:12)
      at console.apply [as warn] (src/scripts/modules/base.js:92:26)
      at Object.warn (tests/unit/storage.test.js:11:15)
      at setItem (src/scripts/storage.js:8524:19)
      at tryStoreCandidate (src/scripts/storage.js:8540:13)
      at attemptBackupWrite (src/scripts/storage.js:8617:26)
      at saveJSONToStorage (src/scripts/storage.js:9434:5)
      at Object.loadDeviceData (tests/unit/storage.test.js:627:12)

  console.warn
    MOCK SET: cameraPowerPlanner_devices = 5

      61 |       return undefined;
      62 |     }
    > 63 |     return originalFn(...args);
         |            ^
      64 |   };
      65 | };
      66 |

      at console.<anonymous> (tests/setup/jest.setup.cjs:63:12)
      at console.apply [as warn] (src/scripts/modules/base.js:92:26)
      at Object.warn (tests/unit/storage.test.js:11:15)
      at Object.setItem (tests/unit/storage.test.js:631:18)

  console.log
    DEBUG: getSafeLocalStorage returning object

      at Proxy.apply (src/scripts/modules/base.js:92:26)

  console.log
    DEBUG: getSafeLocalStorage returning object

      at Proxy.apply (src/scripts/modules/base.js:92:26)

  console.log
    DEBUG: getSafeLocalStorage returning object

      at Proxy.apply (src/scripts/modules/base.js:92:26)

  console.log
    DEBUG: getSafeLocalStorage returning object

      at Proxy.apply (src/scripts/modules/base.js:92:26)

  console.warn
    MOCK SET: cameraPowerPlanner_devices = {"cameras":{},"monitors":{},"video":{},"viewfinder

      61 |       return undefined;
      62 |     }
    > 63 |     return originalFn(...args);
         |            ^
      64 |   };
      65 | };
      66 |

      at console.<anonymous> (tests/setup/jest.setup.cjs:63:12)
      at console.apply [as warn] (src/scripts/modules/base.js:92:26)
      at Object.warn (tests/unit/storage.test.js:11:15)
      at setItem (src/scripts/storage.js:8463:17)
      at saveJSONToStorage (src/scripts/storage.js:9469:3)
      at Object.saveDeviceData (tests/unit/storage.test.js:636:5)

  console.warn
    MOCK SET: cameraPowerPlanner_devices__backup = {"cameras":{},"monitors":{},"video":{},"viewfinder

      61 |       return undefined;
      62 |     }
    > 63 |     return originalFn(...args);
         |            ^
      64 |   };
      65 | };
      66 |

      at console.<anonymous> (tests/setup/jest.setup.cjs:63:12)
      at console.apply [as warn] (src/scripts/modules/base.js:92:26)
      at Object.warn (tests/unit/storage.test.js:11:15)
      at setItem (src/scripts/storage.js:8524:19)
      at tryStoreCandidate (src/scripts/storage.js:8540:13)
      at attemptBackupWrite (src/scripts/storage.js:8617:26)
      at saveJSONToStorage (src/scripts/storage.js:9469:3)
      at Object.saveDeviceData (tests/unit/storage.test.js:636:5)

  console.warn
    MOCK SET: cameraPowerPlanner_devices = {invalid-json

      61 |       return undefined;
      62 |     }
    > 63 |     return originalFn(...args);
         |            ^
      64 |   };
      65 | };
      66 |

      at console.<anonymous> (tests/setup/jest.setup.cjs:63:12)
      at console.apply [as warn] (src/scripts/modules/base.js:92:26)
      at Object.warn (tests/unit/storage.test.js:11:15)
      at Object.setItem (tests/unit/storage.test.js:640:18)

  console.log
    DEBUG: getSafeLocalStorage returning object

      at Proxy.apply (src/scripts/modules/base.js:92:26)

  console.log
    DEBUG: getSafeLocalStorage returning object

      at Proxy.apply (src/scripts/modules/base.js:92:26)

  console.warn
    MOCK SET: cameraPowerPlanner_devices = {"cameras":{},"monitors":{},"video":{},"viewfinder

      61 |       return undefined;
      62 |     }
    > 63 |     return originalFn(...args);
         |            ^
      64 |   };
      65 | };
      66 |

      at console.<anonymous> (tests/setup/jest.setup.cjs:63:12)
      at console.apply [as warn] (src/scripts/modules/base.js:92:26)
      at Object.warn (tests/unit/storage.test.js:11:15)
      at setItem (src/scripts/storage.js:7912:23)
      at loadJSONFromStorage (src/scripts/storage.js:9420:22)
      at Object.loadDeviceData (tests/unit/storage.test.js:642:12)

  console.log
    DEBUG: getSafeLocalStorage returning object

      at Proxy.apply (src/scripts/modules/base.js:92:26)

  console.log
    DEBUG: getSafeLocalStorage returning object

      at Proxy.apply (src/scripts/modules/base.js:92:26)

  console.warn
    MOCK SET: cameraPowerPlanner_setups = {"A":{"foo":1}}

      61 |       return undefined;
      62 |     }
    > 63 |     return originalFn(...args);
         |            ^
      64 |   };
      65 | };
      66 |

      at console.<anonymous> (tests/setup/jest.setup.cjs:63:12)
      at console.apply [as warn] (src/scripts/modules/base.js:92:26)
      at Object.warn (tests/unit/storage.test.js:11:15)
      at setItem (src/scripts/storage.js:8463:17)
      at saveJSONToStorage (src/scripts/storage.js:9582:3)
      at Object.saveSetups (tests/unit/storage.test.js:654:5)

  console.warn
    MOCK SET: cameraPowerPlanner_setups__backup = {"A":{"foo":1}}

      61 |       return undefined;
      62 |     }
    > 63 |     return originalFn(...args);
         |            ^
      64 |   };
      65 | };
      66 |

      at console.<anonymous> (tests/setup/jest.setup.cjs:63:12)
      at console.apply [as warn] (src/scripts/modules/base.js:92:26)
      at Object.warn (tests/unit/storage.test.js:11:15)
      at setItem (src/scripts/storage.js:8524:19)
      at tryStoreCandidate (src/scripts/storage.js:8540:13)
      at attemptBackupWrite (src/scripts/storage.js:8617:26)
      at saveJSONToStorage (src/scripts/storage.js:9582:3)
      at Object.saveSetups (tests/unit/storage.test.js:654:5)

  console.log
    DEBUG: getSafeLocalStorage returning object

      at Proxy.apply (src/scripts/modules/base.js:92:26)

  console.log
    DEBUG: getSafeLocalStorage returning object

      at Proxy.apply (src/scripts/modules/base.js:92:26)

  console.warn
    MOCK SET: cameraPowerPlanner_setups = {"A":{"foo":1}}

      61 |       return undefined;
      62 |     }
    > 63 |     return originalFn(...args);
         |            ^
      64 |   };
      65 | };
      66 |

      at console.<anonymous> (tests/setup/jest.setup.cjs:63:12)
      at console.apply [as warn] (src/scripts/modules/base.js:92:26)
      at Object.warn (tests/unit/storage.test.js:11:15)
      at Object.setItem (tests/unit/storage.test.js:664:18)

  console.log
    DEBUG: getSafeLocalStorage returning object

      at Proxy.apply (src/scripts/modules/base.js:92:26)

  console.log
    DEBUG: getSafeLocalStorage returning object

      at Proxy.apply (src/scripts/modules/base.js:92:26)

  console.warn
    MOCK SET: cameraPowerPlanner_setups = [{"name":"A","foo":1},{"name":"B","bar":2}]

      61 |       return undefined;
      62 |     }
    > 63 |     return originalFn(...args);
         |            ^
      64 |   };
      65 | };
      66 |

      at console.<anonymous> (tests/setup/jest.setup.cjs:63:12)
      at console.apply [as warn] (src/scripts/modules/base.js:92:26)
      at Object.warn (tests/unit/storage.test.js:11:15)
      at Object.setItem (tests/unit/storage.test.js:670:18)

  console.log
    DEBUG: getSafeLocalStorage returning object

      at Proxy.apply (src/scripts/modules/base.js:92:26)

  console.log
    DEBUG: getSafeLocalStorage returning object

      at Proxy.apply (src/scripts/modules/base.js:92:26)

  console.warn
    MOCK SET: cameraPowerPlanner_setups__legacyMigrationBackup = {"createdAt":"2026-01-16T20:14:34.810Z","data":[{"

      61 |       return undefined;
      62 |     }
    > 63 |     return originalFn(...args);
         |            ^
      64 |   };
      65 | };
      66 |

      at console.<anonymous> (tests/setup/jest.setup.cjs:63:12)
      at console.apply [as warn] (src/scripts/modules/base.js:92:26)
      at Object.warn (tests/unit/storage.test.js:11:15)
      at setItem (src/scripts/storage.js:5565:15)
      at tryStoreSerialized (src/scripts/storage.js:5587:26)
      at createStorageMigrationBackup (src/scripts/storage.js:9544:5)
      at Object.loadSetups (tests/unit/storage.test.js:671:12)

  console.log
    DEBUG: getSafeLocalStorage returning object

      at Proxy.apply (src/scripts/modules/base.js:92:26)

  console.warn
    MOCK SET: cameraPowerPlanner_setups = {"A":{"name":"A","foo":1},"B":{"name":"B","bar":2}

      61 |       return undefined;
      62 |     }
    > 63 |     return originalFn(...args);
         |            ^
      64 |   };
      65 | };
      66 |

      at console.<anonymous> (tests/setup/jest.setup.cjs:63:12)
      at console.apply [as warn] (src/scripts/modules/base.js:92:26)
      at Object.warn (tests/unit/storage.test.js:11:15)
      at setItem (src/scripts/storage.js:8463:17)
      at saveJSONToStorage (src/scripts/storage.js:9545:5)
      at Object.loadSetups (tests/unit/storage.test.js:671:12)

  console.warn
    MOCK SET: cameraPowerPlanner_setups__backup = {"A":{"name":"A","foo":1},"B":{"name":"B","bar":2}

      61 |       return undefined;
      62 |     }
    > 63 |     return originalFn(...args);
         |            ^
      64 |   };
      65 | };
      66 |

      at console.<anonymous> (tests/setup/jest.setup.cjs:63:12)
      at console.apply [as warn] (src/scripts/modules/base.js:92:26)
      at Object.warn (tests/unit/storage.test.js:11:15)
      at setItem (src/scripts/storage.js:8524:19)
      at tryStoreCandidate (src/scripts/storage.js:8540:13)
      at attemptBackupWrite (src/scripts/storage.js:8617:26)
      at saveJSONToStorage (src/scripts/storage.js:9545:5)
      at Object.loadSetups (tests/unit/storage.test.js:671:12)

  console.warn
    MOCK SET: cameraPowerPlanner_setups = [{"name":"A","foo":1},{"name":"A","bar":2}]

      61 |       return undefined;
      62 |     }
    > 63 |     return originalFn(...args);
         |            ^
      64 |   };
      65 | };
      66 |

      at console.<anonymous> (tests/setup/jest.setup.cjs:63:12)
      at console.apply [as warn] (src/scripts/modules/base.js:92:26)
      at Object.warn (tests/unit/storage.test.js:11:15)
      at Object.setItem (tests/unit/storage.test.js:677:18)

  console.log
    DEBUG: getSafeLocalStorage returning object

      at Proxy.apply (src/scripts/modules/base.js:92:26)

  console.log
    DEBUG: getSafeLocalStorage returning object

      at Proxy.apply (src/scripts/modules/base.js:92:26)

  console.warn
    MOCK SET: cameraPowerPlanner_setups__legacyMigrationBackup = {"createdAt":"2026-01-16T20:14:34.810Z","data":[{"

      61 |       return undefined;
      62 |     }
    > 63 |     return originalFn(...args);
         |            ^
      64 |   };
      65 | };
      66 |

      at console.<anonymous> (tests/setup/jest.setup.cjs:63:12)
      at console.apply [as warn] (src/scripts/modules/base.js:92:26)
      at Object.warn (tests/unit/storage.test.js:11:15)
      at setItem (src/scripts/storage.js:5565:15)
      at tryStoreSerialized (src/scripts/storage.js:5587:26)
      at createStorageMigrationBackup (src/scripts/storage.js:9544:5)
      at Object.loadSetups (tests/unit/storage.test.js:678:12)

  console.log
    DEBUG: getSafeLocalStorage returning object

      at Proxy.apply (src/scripts/modules/base.js:92:26)

  console.warn
    MOCK SET: cameraPowerPlanner_setups = {"A":{"name":"A","foo":1},"A (2)":{"name":"A","bar

      61 |       return undefined;
      62 |     }
    > 63 |     return originalFn(...args);
         |            ^
      64 |   };
      65 | };
      66 |

      at console.<anonymous> (tests/setup/jest.setup.cjs:63:12)
      at console.apply [as warn] (src/scripts/modules/base.js:92:26)
      at Object.warn (tests/unit/storage.test.js:11:15)
      at setItem (src/scripts/storage.js:8463:17)
      at saveJSONToStorage (src/scripts/storage.js:9545:5)
      at Object.loadSetups (tests/unit/storage.test.js:678:12)

  console.warn
    MOCK SET: cameraPowerPlanner_setups__backup = {"A":{"name":"A","foo":1},"A (2)":{"name":"A","bar

      61 |       return undefined;
      62 |     }
    > 63 |     return originalFn(...args);
         |            ^
      64 |   };
      65 | };
      66 |

      at console.<anonymous> (tests/setup/jest.setup.cjs:63:12)
      at console.apply [as warn] (src/scripts/modules/base.js:92:26)
      at Object.warn (tests/unit/storage.test.js:11:15)
      at setItem (src/scripts/storage.js:8524:19)
      at tryStoreCandidate (src/scripts/storage.js:8540:13)
      at attemptBackupWrite (src/scripts/storage.js:8617:26)
      at saveJSONToStorage (src/scripts/storage.js:9545:5)
      at Object.loadSetups (tests/unit/storage.test.js:678:12)

  console.warn
    MOCK SET: cameraPowerPlanner_setups = [{"name":"A"},{"name":"a"},{"name":" A "}]

      61 |       return undefined;
      62 |     }
    > 63 |     return originalFn(...args);
         |            ^
      64 |   };
      65 | };
      66 |

      at console.<anonymous> (tests/setup/jest.setup.cjs:63:12)
      at console.apply [as warn] (src/scripts/modules/base.js:92:26)
      at Object.warn (tests/unit/storage.test.js:11:15)
      at Object.setItem (tests/unit/storage.test.js:683:18)

  console.log
    DEBUG: getSafeLocalStorage returning object

      at Proxy.apply (src/scripts/modules/base.js:92:26)

  console.log
    DEBUG: getSafeLocalStorage returning object

      at Proxy.apply (src/scripts/modules/base.js:92:26)

  console.warn
    MOCK SET: cameraPowerPlanner_setups__legacyMigrationBackup = {"createdAt":"2026-01-16T20:14:34.810Z","data":[{"

      61 |       return undefined;
      62 |     }
    > 63 |     return originalFn(...args);
         |            ^
      64 |   };
      65 | };
      66 |

      at console.<anonymous> (tests/setup/jest.setup.cjs:63:12)
      at console.apply [as warn] (src/scripts/modules/base.js:92:26)
      at Object.warn (tests/unit/storage.test.js:11:15)
      at setItem (src/scripts/storage.js:5565:15)
      at tryStoreSerialized (src/scripts/storage.js:5587:26)
      at createStorageMigrationBackup (src/scripts/storage.js:9544:5)
      at Object.loadSetups (tests/unit/storage.test.js:684:12)

  console.log
    DEBUG: getSafeLocalStorage returning object

      at Proxy.apply (src/scripts/modules/base.js:92:26)

  console.warn
    MOCK SET: cameraPowerPlanner_setups = {"A":{"name":"A"},"a (2)":{"name":"a"},"A (3)":{"n

      61 |       return undefined;
      62 |     }
    > 63 |     return originalFn(...args);
         |            ^
      64 |   };
      65 | };
      66 |

      at console.<anonymous> (tests/setup/jest.setup.cjs:63:12)
      at console.apply [as warn] (src/scripts/modules/base.js:92:26)
      at Object.warn (tests/unit/storage.test.js:11:15)
      at setItem (src/scripts/storage.js:8463:17)
      at saveJSONToStorage (src/scripts/storage.js:9545:5)
      at Object.loadSetups (tests/unit/storage.test.js:684:12)

  console.warn
    MOCK SET: cameraPowerPlanner_setups__backup = {"A":{"name":"A"},"a (2)":{"name":"a"},"A (3)":{"n

      61 |       return undefined;
      62 |     }
    > 63 |     return originalFn(...args);
         |            ^
      64 |   };
      65 | };
      66 |

      at console.<anonymous> (tests/setup/jest.setup.cjs:63:12)
      at console.apply [as warn] (src/scripts/modules/base.js:92:26)
      at Object.warn (tests/unit/storage.test.js:11:15)
      at setItem (src/scripts/storage.js:8524:19)
      at tryStoreCandidate (src/scripts/storage.js:8540:13)
      at attemptBackupWrite (src/scripts/storage.js:8617:26)
      at saveJSONToStorage (src/scripts/storage.js:9545:5)
      at Object.loadSetups (tests/unit/storage.test.js:684:12)

  console.warn
    MOCK SET: cameraPowerPlanner_setups = 5

      61 |       return undefined;
      62 |     }
    > 63 |     return originalFn(...args);
         |            ^
      64 |   };
      65 | };
      66 |

      at console.<anonymous> (tests/setup/jest.setup.cjs:63:12)
      at console.apply [as warn] (src/scripts/modules/base.js:92:26)
      at Object.warn (tests/unit/storage.test.js:11:15)
      at Object.setItem (tests/unit/storage.test.js:688:18)

  console.log
    DEBUG: getSafeLocalStorage returning object

      at Proxy.apply (src/scripts/modules/base.js:92:26)

  console.log
    DEBUG: getSafeLocalStorage returning object

      at Proxy.apply (src/scripts/modules/base.js:92:26)

  console.log
    DEBUG: getSafeLocalStorage returning object

      at Proxy.apply (src/scripts/modules/base.js:92:26)

  console.log
    DEBUG: getSafeLocalStorage returning object

      at Proxy.apply (src/scripts/modules/base.js:92:26)

  console.warn
    MOCK SET: cameraPowerPlanner_setups = {"A":{"foo":1}}

      61 |       return undefined;
      62 |     }
    > 63 |     return originalFn(...args);
         |            ^
      64 |   };
      65 | };
      66 |

      at console.<anonymous> (tests/setup/jest.setup.cjs:63:12)
      at console.apply [as warn] (src/scripts/modules/base.js:92:26)
      at Object.warn (tests/unit/storage.test.js:11:15)
      at setItem (src/scripts/storage.js:8463:17)
      at saveJSONToStorage (src/scripts/storage.js:9582:3)
      at Object.saveSetups (tests/unit/storage.test.js:694:5)

  console.warn
    MOCK SET: cameraPowerPlanner_setups__backup = {"A":{"foo":1}}

      61 |       return undefined;
      62 |     }
    > 63 |     return originalFn(...args);
         |            ^
      64 |   };
      65 | };
      66 |

      at console.<anonymous> (tests/setup/jest.setup.cjs:63:12)
      at console.apply [as warn] (src/scripts/modules/base.js:92:26)
      at Object.warn (tests/unit/storage.test.js:11:15)
      at setItem (src/scripts/storage.js:8524:19)
      at tryStoreCandidate (src/scripts/storage.js:8540:13)
      at attemptBackupWrite (src/scripts/storage.js:8617:26)
      at saveJSONToStorage (src/scripts/storage.js:9582:3)
      at Object.saveSetups (tests/unit/storage.test.js:694:5)

  console.warn
    MOCK SET: cameraPowerPlanner_setups = {bad-json

      61 |       return undefined;
      62 |     }
    > 63 |     return originalFn(...args);
         |            ^
      64 |   };
      65 | };
      66 |

      at console.<anonymous> (tests/setup/jest.setup.cjs:63:12)
      at console.apply [as warn] (src/scripts/modules/base.js:92:26)
      at Object.warn (tests/unit/storage.test.js:11:15)
      at Object.setItem (tests/unit/storage.test.js:697:18)

  console.log
    DEBUG: getSafeLocalStorage returning object

      at Proxy.apply (src/scripts/modules/base.js:92:26)

  console.log
    DEBUG: getSafeLocalStorage returning object

      at Proxy.apply (src/scripts/modules/base.js:92:26)

  console.warn
    MOCK SET: cameraPowerPlanner_setups = {"A":{"foo":1}}

      61 |       return undefined;
      62 |     }
    > 63 |     return originalFn(...args);
         |            ^
      64 |   };
      65 | };
      66 |

      at console.<anonymous> (tests/setup/jest.setup.cjs:63:12)
      at console.apply [as warn] (src/scripts/modules/base.js:92:26)
      at Object.warn (tests/unit/storage.test.js:11:15)
      at setItem (src/scripts/storage.js:7912:23)
      at loadJSONFromStorage (src/scripts/storage.js:9532:22)
      at Object.loadSetups (tests/unit/storage.test.js:699:12)

  console.warn
    MOCK SET: cameraPowerPlanner_setups = {"A":{"foo":1},"B":null,"C":["not-an-object"],"D":

      61 |       return undefined;
      62 |     }
    > 63 |     return originalFn(...args);
         |            ^
      64 |   };
      65 | };
      66 |

      at console.<anonymous> (tests/setup/jest.setup.cjs:63:12)
      at console.apply [as warn] (src/scripts/modules/base.js:92:26)
      at Object.warn (tests/unit/storage.test.js:11:15)
      at Object.setItem (tests/unit/storage.test.js:710:18)

  console.log
    DEBUG: getSafeLocalStorage returning object

      at Proxy.apply (src/scripts/modules/base.js:92:26)

  console.log
    DEBUG: getSafeLocalStorage returning object

      at Proxy.apply (src/scripts/modules/base.js:92:26)

  console.warn
    MOCK SET: cameraPowerPlanner_setups__legacyMigrationBackup = {"createdAt":"2026-01-16T20:14:34.810Z","data":{"A

      61 |       return undefined;
      62 |     }
    > 63 |     return originalFn(...args);
         |            ^
      64 |   };
      65 | };
      66 |

      at console.<anonymous> (tests/setup/jest.setup.cjs:63:12)
      at console.apply [as warn] (src/scripts/modules/base.js:92:26)
      at Object.warn (tests/unit/storage.test.js:11:15)
      at setItem (src/scripts/storage.js:5565:15)
      at tryStoreSerialized (src/scripts/storage.js:5587:26)
      at createStorageMigrationBackup (src/scripts/storage.js:9544:5)
      at Object.loadSetups (tests/unit/storage.test.js:711:12)

  console.log
    DEBUG: getSafeLocalStorage returning object

      at Proxy.apply (src/scripts/modules/base.js:92:26)

  console.warn
    MOCK SET: cameraPowerPlanner_setups = {"A":{"foo":1}}

      61 |       return undefined;
      62 |     }
    > 63 |     return originalFn(...args);
         |            ^
      64 |   };
      65 | };
      66 |

      at console.<anonymous> (tests/setup/jest.setup.cjs:63:12)
      at console.apply [as warn] (src/scripts/modules/base.js:92:26)
      at Object.warn (tests/unit/storage.test.js:11:15)
      at setItem (src/scripts/storage.js:8463:17)
      at saveJSONToStorage (src/scripts/storage.js:9545:5)
      at Object.loadSetups (tests/unit/storage.test.js:711:12)

  console.warn
    MOCK SET: cameraPowerPlanner_setups__backup = {"A":{"foo":1}}

      61 |       return undefined;
      62 |     }
    > 63 |     return originalFn(...args);
         |            ^
      64 |   };
      65 | };
      66 |

      at console.<anonymous> (tests/setup/jest.setup.cjs:63:12)
      at console.apply [as warn] (src/scripts/modules/base.js:92:26)
      at Object.warn (tests/unit/storage.test.js:11:15)
      at setItem (src/scripts/storage.js:8524:19)
      at tryStoreCandidate (src/scripts/storage.js:8540:13)
      at attemptBackupWrite (src/scripts/storage.js:8617:26)
      at saveJSONToStorage (src/scripts/storage.js:9545:5)
      at Object.loadSetups (tests/unit/storage.test.js:711:12)

  console.log
    DEBUG: getSafeLocalStorage returning object

      at Proxy.apply (src/scripts/modules/base.js:92:26)

  console.log
    DEBUG: getSafeLocalStorage returning object

      at Proxy.apply (src/scripts/modules/base.js:92:26)

  console.warn
    MOCK SET: cameraPowerPlanner_setups = {"auto-backup-2024-01-01-00-00":{"__cineAutoBackup

      61 |       return undefined;
      62 |     }
    > 63 |     return originalFn(...args);
         |            ^
      64 |   };
      65 | };
      66 |

      at console.<anonymous> (tests/setup/jest.setup.cjs:63:12)
      at console.apply [as warn] (src/scripts/modules/base.js:92:26)
      at Object.warn (tests/unit/storage.test.js:11:15)
      at setItem (src/scripts/storage.js:8463:17)
      at saveJSONToStorage (src/scripts/storage.js:9582:3)
      at Object.saveSetups (tests/unit/storage.test.js:729:5)

  console.warn
    MOCK SET: cameraPowerPlanner_setups__backup = {"auto-backup-2024-01-01-00-00":{"__cineAutoBackup

      61 |       return undefined;
      62 |     }
    > 63 |     return originalFn(...args);
         |            ^
      64 |   };
      65 | };
      66 |

      at console.<anonymous> (tests/setup/jest.setup.cjs:63:12)
      at console.apply [as warn] (src/scripts/modules/base.js:92:26)
      at Object.warn (tests/unit/storage.test.js:11:15)
      at setItem (src/scripts/storage.js:8524:19)
      at tryStoreCandidate (src/scripts/storage.js:8540:13)
      at attemptBackupWrite (src/scripts/storage.js:8617:26)
      at saveJSONToStorage (src/scripts/storage.js:9582:3)
      at Object.saveSetups (tests/unit/storage.test.js:729:5)

  console.log
    DEBUG: getSafeLocalStorage returning object

      at Proxy.apply (src/scripts/modules/base.js:92:26)

  console.log
    DEBUG: getSafeLocalStorage returning object

      at Proxy.apply (src/scripts/modules/base.js:92:26)

  console.log
    DEBUG: getSafeLocalStorage returning object

      at Proxy.apply (src/scripts/modules/base.js:92:26)

  console.log
    DEBUG: getSafeLocalStorage returning object

      at Proxy.apply (src/scripts/modules/base.js:92:26)

  console.warn
    MOCK SET: cameraPowerPlanner_setups = {"auto-backup-2024-01-01-00-00-Project Alpha":{"__

      61 |       return undefined;
      62 |     }
    > 63 |     return originalFn(...args);
         |            ^
      64 |   };
      65 | };
      66 |

      at console.<anonymous> (tests/setup/jest.setup.cjs:63:12)
      at console.apply [as warn] (src/scripts/modules/base.js:92:26)
      at Object.warn (tests/unit/storage.test.js:11:15)
      at setItem (src/scripts/storage.js:8463:17)
      at saveJSONToStorage (src/scripts/storage.js:9582:3)
      at Object.saveSetups (tests/unit/storage.test.js:774:5)

  console.warn
    MOCK SET: cameraPowerPlanner_setups__backup = {"auto-backup-2024-01-01-00-00-Project Alpha":{"__

      61 |       return undefined;
      62 |     }
    > 63 |     return originalFn(...args);
         |            ^
      64 |   };
      65 | };
      66 |

      at console.<anonymous> (tests/setup/jest.setup.cjs:63:12)
      at console.apply [as warn] (src/scripts/modules/base.js:92:26)
      at Object.warn (tests/unit/storage.test.js:11:15)
      at setItem (src/scripts/storage.js:8524:19)
      at tryStoreCandidate (src/scripts/storage.js:8540:13)
      at attemptBackupWrite (src/scripts/storage.js:8617:26)
      at saveJSONToStorage (src/scripts/storage.js:9582:3)
      at Object.saveSetups (tests/unit/storage.test.js:774:5)

  console.log
    DEBUG: getSafeLocalStorage returning object

      at Proxy.apply (src/scripts/modules/base.js:92:26)

  console.log
    DEBUG: getSafeLocalStorage returning object

      at Proxy.apply (src/scripts/modules/base.js:92:26)

  console.warn
    MOCK SET: cameraPowerPlanner_setups = {"auto-backup-2024-01-01-00-00-Filler-0":{"__cineA

      61 |       return undefined;
      62 |     }
    > 63 |     return originalFn(...args);
         |            ^
      64 |   };
      65 | };
      66 |

      at console.<anonymous> (tests/setup/jest.setup.cjs:63:12)
      at console.apply [as warn] (src/scripts/modules/base.js:92:26)
      at Object.warn (tests/unit/storage.test.js:11:15)
      at setItem (src/scripts/storage.js:8463:17)
      at saveJSONToStorage (src/scripts/storage.js:9582:3)
      at Object.saveSetups (tests/unit/storage.test.js:808:5)

  console.warn
    MOCK SET: cameraPowerPlanner_setups__backup = {"auto-backup-2024-01-01-00-00-Filler-0":{"__cineA

      61 |       return undefined;
      62 |     }
    > 63 |     return originalFn(...args);
         |            ^
      64 |   };
      65 | };
      66 |

      at console.<anonymous> (tests/setup/jest.setup.cjs:63:12)
      at console.apply [as warn] (src/scripts/modules/base.js:92:26)
      at Object.warn (tests/unit/storage.test.js:11:15)
      at setItem (src/scripts/storage.js:8524:19)
      at tryStoreCandidate (src/scripts/storage.js:8540:13)
      at attemptBackupWrite (src/scripts/storage.js:8617:26)
      at saveJSONToStorage (src/scripts/storage.js:9582:3)
      at Object.saveSetups (tests/unit/storage.test.js:808:5)

  console.log
    DEBUG: getSafeLocalStorage returning object

      at Proxy.apply (src/scripts/modules/base.js:92:26)

  console.log
    DEBUG: getSafeLocalStorage returning object

      at Proxy.apply (src/scripts/modules/base.js:92:26)

  console.warn
    MOCK SET: cameraPowerPlanner_setups = {"auto-backup-2024-01-01-02-18-Project Alpha":{"__

      61 |       return undefined;
      62 |     }
    > 63 |     return originalFn(...args);
         |            ^
      64 |   };
      65 | };
      66 |

      at console.<anonymous> (tests/setup/jest.setup.cjs:63:12)
      at console.apply [as warn] (src/scripts/modules/base.js:92:26)
      at Object.warn (tests/unit/storage.test.js:11:15)
      at setItem (src/scripts/storage.js:8463:17)
      at saveJSONToStorage (src/scripts/storage.js:9582:3)
      at Object.saveSetups (tests/unit/storage.test.js:834:5)

  console.warn
    MOCK SET: cameraPowerPlanner_setups__backup = {"auto-backup-2024-01-01-02-18-Project Alpha":{"__

      61 |       return undefined;
      62 |     }
    > 63 |     return originalFn(...args);
         |            ^
      64 |   };
      65 | };
      66 |

      at console.<anonymous> (tests/setup/jest.setup.cjs:63:12)
      at console.apply [as warn] (src/scripts/modules/base.js:92:26)
      at Object.warn (tests/unit/storage.test.js:11:15)
      at setItem (src/scripts/storage.js:8524:19)
      at tryStoreCandidate (src/scripts/storage.js:8540:13)
      at attemptBackupWrite (src/scripts/storage.js:8617:26)
      at saveJSONToStorage (src/scripts/storage.js:9582:3)
      at Object.saveSetups (tests/unit/storage.test.js:834:5)

  console.log
    DEBUG: getSafeLocalStorage returning object

      at Proxy.apply (src/scripts/modules/base.js:92:26)

  console.log
    DEBUG: getSafeLocalStorage returning object

      at Proxy.apply (src/scripts/modules/base.js:92:26)

  console.warn
    MOCK SET: cameraPowerPlanner_setups = {"auto-backup-2024-01-01-02-19":{"__cineAutoBackup

      61 |       return undefined;
      62 |     }
    > 63 |     return originalFn(...args);
         |            ^
      64 |   };
      65 | };
      66 |

      at console.<anonymous> (tests/setup/jest.setup.cjs:63:12)
      at console.apply [as warn] (src/scripts/modules/base.js:92:26)
      at Object.warn (tests/unit/storage.test.js:11:15)
      at setItem (src/scripts/storage.js:8463:17)
      at saveJSONToStorage (src/scripts/storage.js:9582:3)
      at Object.saveSetups (tests/unit/storage.test.js:861:5)

  console.warn
    MOCK SET: cameraPowerPlanner_setups__backup = {"auto-backup-2024-01-01-02-19":{"__cineAutoBackup

      61 |       return undefined;
      62 |     }
    > 63 |     return originalFn(...args);
         |            ^
      64 |   };
      65 | };
      66 |

      at console.<anonymous> (tests/setup/jest.setup.cjs:63:12)
      at console.apply [as warn] (src/scripts/modules/base.js:92:26)
      at Object.warn (tests/unit/storage.test.js:11:15)
      at setItem (src/scripts/storage.js:8524:19)
      at tryStoreCandidate (src/scripts/storage.js:8540:13)
      at attemptBackupWrite (src/scripts/storage.js:8617:26)
      at saveJSONToStorage (src/scripts/storage.js:9582:3)
      at Object.saveSetups (tests/unit/storage.test.js:861:5)

  console.log
    DEBUG: getSafeLocalStorage returning object

      at Proxy.apply (src/scripts/modules/base.js:92:26)

  console.log
    DEBUG: getSafeLocalStorage returning object

      at Proxy.apply (src/scripts/modules/base.js:92:26)

  console.warn
    MOCK SET: cameraPowerPlanner_setups = {"auto-backup-2024-01-01-02-18-Project Alpha":{"__

      61 |       return undefined;
      62 |     }
    > 63 |     return originalFn(...args);
         |            ^
      64 |   };
      65 | };
      66 |

      at console.<anonymous> (tests/setup/jest.setup.cjs:63:12)
      at console.apply [as warn] (src/scripts/modules/base.js:92:26)
      at Object.warn (tests/unit/storage.test.js:11:15)
      at setItem (src/scripts/storage.js:8463:17)
      at saveJSONToStorage (src/scripts/storage.js:9582:3)
      at Object.saveSetups (tests/unit/storage.test.js:881:5)

  console.warn
    MOCK SET: cameraPowerPlanner_setups__backup = {"auto-backup-2024-01-01-02-18-Project Alpha":{"__

      61 |       return undefined;
      62 |     }
    > 63 |     return originalFn(...args);
         |            ^
      64 |   };
      65 | };
      66 |

      at console.<anonymous> (tests/setup/jest.setup.cjs:63:12)
      at console.apply [as warn] (src/scripts/modules/base.js:92:26)
      at Object.warn (tests/unit/storage.test.js:11:15)
      at setItem (src/scripts/storage.js:8524:19)
      at tryStoreCandidate (src/scripts/storage.js:8540:13)
      at attemptBackupWrite (src/scripts/storage.js:8617:26)
      at saveJSONToStorage (src/scripts/storage.js:9582:3)
      at Object.saveSetups (tests/unit/storage.test.js:881:5)

  console.log
    DEBUG: getSafeLocalStorage returning object

      at Proxy.apply (src/scripts/modules/base.js:92:26)

  console.log
    DEBUG: getSafeLocalStorage returning object

      at Proxy.apply (src/scripts/modules/base.js:92:26)

  console.warn
    MOCK SET: cameraPowerPlanner_setups = {"auto-backup-2024-05-01-00-00-Project Unique":{"_

      61 |       return undefined;
      62 |     }
    > 63 |     return originalFn(...args);
         |            ^
      64 |   };
      65 | };
      66 |

      at console.<anonymous> (tests/setup/jest.setup.cjs:63:12)
      at console.apply [as warn] (src/scripts/modules/base.js:92:26)
      at Object.warn (tests/unit/storage.test.js:11:15)
      at setItem (src/scripts/storage.js:8463:17)
      at saveJSONToStorage (src/scripts/storage.js:9582:3)
      at Object.saveSetups (tests/unit/storage.test.js:912:5)

  console.warn
    MOCK SET: cameraPowerPlanner_setups__backup = {"auto-backup-2024-05-01-00-00-Project Unique":{"_

      61 |       return undefined;
      62 |     }
    > 63 |     return originalFn(...args);
         |            ^
      64 |   };
      65 | };
      66 |

      at console.<anonymous> (tests/setup/jest.setup.cjs:63:12)
      at console.apply [as warn] (src/scripts/modules/base.js:92:26)
      at Object.warn (tests/unit/storage.test.js:11:15)
      at setItem (src/scripts/storage.js:8524:19)
      at tryStoreCandidate (src/scripts/storage.js:8540:13)
      at attemptBackupWrite (src/scripts/storage.js:8617:26)
      at saveJSONToStorage (src/scripts/storage.js:9582:3)
      at Object.saveSetups (tests/unit/storage.test.js:912:5)

  console.warn
    MOCK SET: cameraPowerPlanner_setups = {"auto-backup-2024-01-01-00-00-Project Alpha":{"ca

      61 |       return undefined;
      62 |     }
    > 63 |     return originalFn(...args);
         |            ^
      64 |   };
      65 | };
      66 |

      at console.<anonymous> (tests/setup/jest.setup.cjs:63:12)
      at console.apply [as warn] (src/scripts/modules/base.js:92:26)
      at Object.warn (tests/unit/storage.test.js:11:15)
      at Object.setItem (tests/unit/storage.test.js:923:18)

  console.log
    DEBUG: getSafeLocalStorage returning object

      at Proxy.apply (src/scripts/modules/base.js:92:26)

  console.log
    DEBUG: getSafeLocalStorage returning object

      at Proxy.apply (src/scripts/modules/base.js:92:26)

  console.log
    DEBUG: getSafeLocalStorage returning object

      at Proxy.apply (src/scripts/modules/base.js:92:26)

  console.warn
    MOCK SET: cameraPowerPlanner_setups__legacyMigrationBackup = {"createdAt":"2026-01-16T20:14:34.810Z","data":{"a

      61 |       return undefined;
      62 |     }
    > 63 |     return originalFn(...args);
         |            ^
      64 |   };
      65 | };
      66 |

      at console.<anonymous> (tests/setup/jest.setup.cjs:63:12)
      at console.apply [as warn] (src/scripts/modules/base.js:92:26)
      at Object.warn (tests/unit/storage.test.js:11:15)
      at setItem (src/scripts/storage.js:5565:15)
      at tryStoreSerialized (src/scripts/storage.js:5587:26)
      at createStorageMigrationBackup (src/scripts/storage.js:5239:3)
      at ensurePreWriteMigrationBackup (src/scripts/storage.js:9581:3)
      at saveSetups (src/scripts/storage.js:9608:5)
      at updateSetups (src/scripts/storage.js:9636:10)
      at Object.renameSetup (tests/unit/storage.test.js:926:20)

  console.log
    DEBUG: getSafeLocalStorage returning object

      at Proxy.apply (src/scripts/modules/base.js:92:26)

  console.warn
    MOCK SET: cameraPowerPlanner_setups = {"auto-backup-2024-01-01-00-00-Project Alpha Notes

      61 |       return undefined;
      62 |     }
    > 63 |     return originalFn(...args);
         |            ^
      64 |   };
      65 | };
      66 |

      at console.<anonymous> (tests/setup/jest.setup.cjs:63:12)
      at console.apply [as warn] (src/scripts/modules/base.js:92:26)
      at Object.warn (tests/unit/storage.test.js:11:15)
      at setItem (src/scripts/storage.js:8463:17)
      at saveJSONToStorage (src/scripts/storage.js:9582:3)
      at saveSetups (src/scripts/storage.js:9608:5)
      at updateSetups (src/scripts/storage.js:9636:10)
      at Object.renameSetup (tests/unit/storage.test.js:926:20)

  console.warn
    MOCK SET: cameraPowerPlanner_setups__backup = {"auto-backup-2024-01-01-00-00-Project Alpha Notes

      61 |       return undefined;
      62 |     }
    > 63 |     return originalFn(...args);
         |            ^
      64 |   };
      65 | };
      66 |

      at console.<anonymous> (tests/setup/jest.setup.cjs:63:12)
      at console.apply [as warn] (src/scripts/modules/base.js:92:26)
      at Object.warn (tests/unit/storage.test.js:11:15)
      at setItem (src/scripts/storage.js:8524:19)
      at tryStoreCandidate (src/scripts/storage.js:8540:13)
      at attemptBackupWrite (src/scripts/storage.js:8617:26)
      at saveJSONToStorage (src/scripts/storage.js:9582:3)
      at saveSetups (src/scripts/storage.js:9608:5)
      at updateSetups (src/scripts/storage.js:9636:10)
      at Object.renameSetup (tests/unit/storage.test.js:926:20)

  console.log
    DEBUG: getSafeLocalStorage returning object

      at Proxy.apply (src/scripts/modules/base.js:92:26)

  console.log
    DEBUG: getSafeLocalStorage returning object

      at Proxy.apply (src/scripts/modules/base.js:92:26)

  console.warn
    MOCK SET: cameraPowerPlanner_setups = {"auto-backup-2024-01-01-00-00-Project Alpha":{"__

      61 |       return undefined;
      62 |     }
    > 63 |     return originalFn(...args);
         |            ^
      64 |   };
      65 | };
      66 |

      at console.<anonymous> (tests/setup/jest.setup.cjs:63:12)
      at console.apply [as warn] (src/scripts/modules/base.js:92:26)
      at Object.warn (tests/unit/storage.test.js:11:15)
      at setItem (src/scripts/storage.js:8463:17)
      at saveJSONToStorage (src/scripts/storage.js:9582:3)
      at Object.saveSetups (tests/unit/storage.test.js:946:5)

  console.warn
    MOCK SET: cameraPowerPlanner_setups__backup = {"auto-backup-2024-01-01-00-00-Project Alpha":{"__

      61 |       return undefined;
      62 |     }
    > 63 |     return originalFn(...args);
         |            ^
      64 |   };
      65 | };
      66 |

      at console.<anonymous> (tests/setup/jest.setup.cjs:63:12)
      at console.apply [as warn] (src/scripts/modules/base.js:92:26)
      at Object.warn (tests/unit/storage.test.js:11:15)
      at setItem (src/scripts/storage.js:8524:19)
      at tryStoreCandidate (src/scripts/storage.js:8540:13)
      at attemptBackupWrite (src/scripts/storage.js:8617:26)
      at saveJSONToStorage (src/scripts/storage.js:9582:3)
      at Object.saveSetups (tests/unit/storage.test.js:946:5)

  console.warn
    MOCK SET: cameraPowerPlanner_setups = {"A":{"foo":1}}

      61 |       return undefined;
      62 |     }
    > 63 |     return originalFn(...args);
         |            ^
      64 |   };
      65 | };
      66 |

      at console.<anonymous> (tests/setup/jest.setup.cjs:63:12)
      at console.apply [as warn] (src/scripts/modules/base.js:92:26)
      at Object.warn (tests/unit/storage.test.js:11:15)
      at Object.setItem (tests/unit/storage.test.js:955:18)

  console.log
    DEBUG: getSafeLocalStorage returning object

      at Proxy.apply (src/scripts/modules/base.js:92:26)

  console.log
    DEBUG: getSafeLocalStorage returning object

      at Proxy.apply (src/scripts/modules/base.js:92:26)

  console.log
    DEBUG: getSafeLocalStorage returning object

      at Proxy.apply (src/scripts/modules/base.js:92:26)

  console.warn
    MOCK SET: cameraPowerPlanner_setups__legacyMigrationBackup = {"createdAt":"2026-01-16T20:14:34.810Z","data":{"A

      61 |       return undefined;
      62 |     }
    > 63 |     return originalFn(...args);
         |            ^
      64 |   };
      65 | };
      66 |

      at console.<anonymous> (tests/setup/jest.setup.cjs:63:12)
      at console.apply [as warn] (src/scripts/modules/base.js:92:26)
      at Object.warn (tests/unit/storage.test.js:11:15)
      at setItem (src/scripts/storage.js:5565:15)
      at tryStoreSerialized (src/scripts/storage.js:5587:26)
      at createStorageMigrationBackup (src/scripts/storage.js:5239:3)
      at ensurePreWriteMigrationBackup (src/scripts/storage.js:9581:3)
      at saveSetups (src/scripts/storage.js:9608:5)
      at updateSetups (src/scripts/storage.js:9614:3)
      at Object.saveSetup (tests/unit/storage.test.js:956:5)

  console.log
    DEBUG: getSafeLocalStorage returning object

      at Proxy.apply (src/scripts/modules/base.js:92:26)

  console.warn
    MOCK SET: cameraPowerPlanner_setups = {"A":{"foo":1},"B":{"bar":2}}

      61 |       return undefined;
      62 |     }
    > 63 |     return originalFn(...args);
         |            ^
      64 |   };
      65 | };
      66 |

      at console.<anonymous> (tests/setup/jest.setup.cjs:63:12)
      at console.apply [as warn] (src/scripts/modules/base.js:92:26)
      at Object.warn (tests/unit/storage.test.js:11:15)
      at setItem (src/scripts/storage.js:8463:17)
      at saveJSONToStorage (src/scripts/storage.js:9582:3)
      at saveSetups (src/scripts/storage.js:9608:5)
      at updateSetups (src/scripts/storage.js:9614:3)
      at Object.saveSetup (tests/unit/storage.test.js:956:5)

  console.warn
    MOCK SET: cameraPowerPlanner_setups__backup = {"A":{"foo":1},"B":{"bar":2}}

      61 |       return undefined;
      62 |     }
    > 63 |     return originalFn(...args);
         |            ^
      64 |   };
      65 | };
      66 |

      at console.<anonymous> (tests/setup/jest.setup.cjs:63:12)
      at console.apply [as warn] (src/scripts/modules/base.js:92:26)
      at Object.warn (tests/unit/storage.test.js:11:15)
      at setItem (src/scripts/storage.js:8524:19)
      at tryStoreCandidate (src/scripts/storage.js:8540:13)
      at attemptBackupWrite (src/scripts/storage.js:8617:26)
      at saveJSONToStorage (src/scripts/storage.js:9582:3)
      at saveSetups (src/scripts/storage.js:9608:5)
      at updateSetups (src/scripts/storage.js:9614:3)
      at Object.saveSetup (tests/unit/storage.test.js:956:5)

  console.warn
    MOCK SET: cameraPowerPlanner_setups = {"A":{"foo":1}}

      61 |       return undefined;
      62 |     }
    > 63 |     return originalFn(...args);
         |            ^
      64 |   };
      65 | };
      66 |

      at console.<anonymous> (tests/setup/jest.setup.cjs:63:12)
      at console.apply [as warn] (src/scripts/modules/base.js:92:26)
      at Object.warn (tests/unit/storage.test.js:11:15)
      at Object.setItem (tests/unit/storage.test.js:963:18)

  console.log
    DEBUG: getSafeLocalStorage returning object

      at Proxy.apply (src/scripts/modules/base.js:92:26)

  console.log
    DEBUG: getSafeLocalStorage returning object

      at Proxy.apply (src/scripts/modules/base.js:92:26)

  console.warn
    MOCK SET: cameraPowerPlanner_setups = {"A":{"foo":1},"B":{"bar":2}}

      61 |       return undefined;
      62 |     }
    > 63 |     return originalFn(...args);
         |            ^
      64 |   };
      65 | };
      66 |

      at console.<anonymous> (tests/setup/jest.setup.cjs:63:12)
      at console.apply [as warn] (src/scripts/modules/base.js:92:26)
      at Object.warn (tests/unit/storage.test.js:11:15)
      at Object.setItem (tests/unit/storage.test.js:969:18)

  console.log
    DEBUG: getSafeLocalStorage returning object

      at Proxy.apply (src/scripts/modules/base.js:92:26)

  console.log
    DEBUG: getSafeLocalStorage returning object

      at Proxy.apply (src/scripts/modules/base.js:92:26)

  console.log
    DEBUG: getSafeLocalStorage returning object

      at Proxy.apply (src/scripts/modules/base.js:92:26)

  console.warn
    MOCK SET: cameraPowerPlanner_setups__legacyMigrationBackup = {"createdAt":"2026-01-16T20:14:34.810Z","data":{"A

      61 |       return undefined;
      62 |     }
    > 63 |     return originalFn(...args);
         |            ^
      64 |   };
      65 | };
      66 |

      at console.<anonymous> (tests/setup/jest.setup.cjs:63:12)
      at console.apply [as warn] (src/scripts/modules/base.js:92:26)
      at Object.warn (tests/unit/storage.test.js:11:15)
      at setItem (src/scripts/storage.js:5565:15)
      at tryStoreSerialized (src/scripts/storage.js:5587:26)
      at createStorageMigrationBackup (src/scripts/storage.js:5239:3)
      at ensurePreWriteMigrationBackup (src/scripts/storage.js:9581:3)
      at saveSetups (src/scripts/storage.js:9608:5)
      at updateSetups (src/scripts/storage.js:9626:3)
      at Object.deleteSetup (tests/unit/storage.test.js:970:5)

  console.log
    DEBUG: getSafeLocalStorage returning object

      at Proxy.apply (src/scripts/modules/base.js:92:26)

  console.warn
    MOCK SET: cameraPowerPlanner_setups = {"B":{"bar":2}}

      61 |       return undefined;
      62 |     }
    > 63 |     return originalFn(...args);
         |            ^
      64 |   };
      65 | };
      66 |

      at console.<anonymous> (tests/setup/jest.setup.cjs:63:12)
      at console.apply [as warn] (src/scripts/modules/base.js:92:26)
      at Object.warn (tests/unit/storage.test.js:11:15)
      at setItem (src/scripts/storage.js:8463:17)
      at saveJSONToStorage (src/scripts/storage.js:9582:3)
      at saveSetups (src/scripts/storage.js:9608:5)
      at updateSetups (src/scripts/storage.js:9626:3)
      at Object.deleteSetup (tests/unit/storage.test.js:970:5)

  console.warn
    MOCK SET: cameraPowerPlanner_setups__backup = {"B":{"bar":2}}

      61 |       return undefined;
      62 |     }
    > 63 |     return originalFn(...args);
         |            ^
      64 |   };
      65 | };
      66 |

      at console.<anonymous> (tests/setup/jest.setup.cjs:63:12)
      at console.apply [as warn] (src/scripts/modules/base.js:92:26)
      at Object.warn (tests/unit/storage.test.js:11:15)
      at setItem (src/scripts/storage.js:8524:19)
      at tryStoreCandidate (src/scripts/storage.js:8540:13)
      at attemptBackupWrite (src/scripts/storage.js:8617:26)
      at saveJSONToStorage (src/scripts/storage.js:9582:3)
      at saveSetups (src/scripts/storage.js:9608:5)
      at updateSetups (src/scripts/storage.js:9626:3)
      at Object.deleteSetup (tests/unit/storage.test.js:970:5)

  console.warn
    MOCK SET: cameraPowerPlanner_setups = {"A":{"foo":1},"B":{"bar":2}}

      61 |       return undefined;
      62 |     }
    > 63 |     return originalFn(...args);
         |            ^
      64 |   };
      65 | };
      66 |

      at console.<anonymous> (tests/setup/jest.setup.cjs:63:12)
      at console.apply [as warn] (src/scripts/modules/base.js:92:26)
      at Object.warn (tests/unit/storage.test.js:11:15)
      at Object.setItem (tests/unit/storage.test.js:976:18)

  console.log
    DEBUG: getSafeLocalStorage returning object

      at Proxy.apply (src/scripts/modules/base.js:92:26)

  console.log
    DEBUG: getSafeLocalStorage returning object

      at Proxy.apply (src/scripts/modules/base.js:92:26)

  console.log
    DEBUG: getSafeLocalStorage returning object

      at Proxy.apply (src/scripts/modules/base.js:92:26)

  console.warn
    MOCK SET: cameraPowerPlanner_setups__legacyMigrationBackup = {"createdAt":"2026-01-16T20:14:34.810Z","data":{"A

      61 |       return undefined;
      62 |     }
    > 63 |     return originalFn(...args);
         |            ^
      64 |   };
      65 | };
      66 |

      at console.<anonymous> (tests/setup/jest.setup.cjs:63:12)
      at console.apply [as warn] (src/scripts/modules/base.js:92:26)
      at Object.warn (tests/unit/storage.test.js:11:15)
      at setItem (src/scripts/storage.js:5565:15)
      at tryStoreSerialized (src/scripts/storage.js:5587:26)
      at createStorageMigrationBackup (src/scripts/storage.js:5239:3)
      at ensurePreWriteMigrationBackup (src/scripts/storage.js:9581:3)
      at saveSetups (src/scripts/storage.js:9608:5)
      at updateSetups (src/scripts/storage.js:9636:10)
      at Object.renameSetup (tests/unit/storage.test.js:977:21)

  console.log
    DEBUG: getSafeLocalStorage returning object

      at Proxy.apply (src/scripts/modules/base.js:92:26)

  console.warn
    MOCK SET: cameraPowerPlanner_setups = {"B":{"bar":2},"C":{"foo":1}}

      61 |       return undefined;
      62 |     }
    > 63 |     return originalFn(...args);
         |            ^
      64 |   };
      65 | };
      66 |

      at console.<anonymous> (tests/setup/jest.setup.cjs:63:12)
      at console.apply [as warn] (src/scripts/modules/base.js:92:26)
      at Object.warn (tests/unit/storage.test.js:11:15)
      at setItem (src/scripts/storage.js:8463:17)
      at saveJSONToStorage (src/scripts/storage.js:9582:3)
      at saveSetups (src/scripts/storage.js:9608:5)
      at updateSetups (src/scripts/storage.js:9636:10)
      at Object.renameSetup (tests/unit/storage.test.js:977:21)

  console.warn
    MOCK SET: cameraPowerPlanner_setups__backup = {"B":{"bar":2},"C":{"foo":1}}

      61 |       return undefined;
      62 |     }
    > 63 |     return originalFn(...args);
         |            ^
      64 |   };
      65 | };
      66 |

      at console.<anonymous> (tests/setup/jest.setup.cjs:63:12)
      at console.apply [as warn] (src/scripts/modules/base.js:92:26)
      at Object.warn (tests/unit/storage.test.js:11:15)
      at setItem (src/scripts/storage.js:8524:19)
      at tryStoreCandidate (src/scripts/storage.js:8540:13)
      at attemptBackupWrite (src/scripts/storage.js:8617:26)
      at saveJSONToStorage (src/scripts/storage.js:9582:3)
      at saveSetups (src/scripts/storage.js:9608:5)
      at updateSetups (src/scripts/storage.js:9636:10)
      at Object.renameSetup (tests/unit/storage.test.js:977:21)

  console.warn
    MOCK SET: cameraPowerPlanner_setups = {"A":{"foo":1},"C":{"bar":2}}

      61 |       return undefined;
      62 |     }
    > 63 |     return originalFn(...args);
         |            ^
      64 |   };
      65 | };
      66 |

      at console.<anonymous> (tests/setup/jest.setup.cjs:63:12)
      at console.apply [as warn] (src/scripts/modules/base.js:92:26)
      at Object.warn (tests/unit/storage.test.js:11:15)
      at Object.setItem (tests/unit/storage.test.js:984:18)

  console.log
    DEBUG: getSafeLocalStorage returning object

      at Proxy.apply (src/scripts/modules/base.js:92:26)

  console.log
    DEBUG: getSafeLocalStorage returning object

      at Proxy.apply (src/scripts/modules/base.js:92:26)

  console.log
    DEBUG: getSafeLocalStorage returning object

      at Proxy.apply (src/scripts/modules/base.js:92:26)

  console.warn
    MOCK SET: cameraPowerPlanner_setups__legacyMigrationBackup = {"createdAt":"2026-01-16T20:14:34.810Z","data":{"A

      61 |       return undefined;
      62 |     }
    > 63 |     return originalFn(...args);
         |            ^
      64 |   };
      65 | };
      66 |

      at console.<anonymous> (tests/setup/jest.setup.cjs:63:12)
      at console.apply [as warn] (src/scripts/modules/base.js:92:26)
      at Object.warn (tests/unit/storage.test.js:11:15)
      at setItem (src/scripts/storage.js:5565:15)
      at tryStoreSerialized (src/scripts/storage.js:5587:26)
      at createStorageMigrationBackup (src/scripts/storage.js:5239:3)
      at ensurePreWriteMigrationBackup (src/scripts/storage.js:9581:3)
      at saveSetups (src/scripts/storage.js:9608:5)
      at updateSetups (src/scripts/storage.js:9636:10)
      at Object.renameSetup (tests/unit/storage.test.js:985:21)

  console.log
    DEBUG: getSafeLocalStorage returning object

      at Proxy.apply (src/scripts/modules/base.js:92:26)

  console.warn
    MOCK SET: cameraPowerPlanner_setups = {"C":{"bar":2},"C (2)":{"foo":1}}

      61 |       return undefined;
      62 |     }
    > 63 |     return originalFn(...args);
         |            ^
      64 |   };
      65 | };
      66 |

      at console.<anonymous> (tests/setup/jest.setup.cjs:63:12)
      at console.apply [as warn] (src/scripts/modules/base.js:92:26)
      at Object.warn (tests/unit/storage.test.js:11:15)
      at setItem (src/scripts/storage.js:8463:17)
      at saveJSONToStorage (src/scripts/storage.js:9582:3)
      at saveSetups (src/scripts/storage.js:9608:5)
      at updateSetups (src/scripts/storage.js:9636:10)
      at Object.renameSetup (tests/unit/storage.test.js:985:21)

  console.warn
    MOCK SET: cameraPowerPlanner_setups__backup = {"C":{"bar":2},"C (2)":{"foo":1}}

      61 |       return undefined;
      62 |     }
    > 63 |     return originalFn(...args);
         |            ^
      64 |   };
      65 | };
      66 |

      at console.<anonymous> (tests/setup/jest.setup.cjs:63:12)
      at console.apply [as warn] (src/scripts/modules/base.js:92:26)
      at Object.warn (tests/unit/storage.test.js:11:15)
      at setItem (src/scripts/storage.js:8524:19)
      at tryStoreCandidate (src/scripts/storage.js:8540:13)
      at attemptBackupWrite (src/scripts/storage.js:8617:26)
      at saveJSONToStorage (src/scripts/storage.js:9582:3)
      at saveSetups (src/scripts/storage.js:9608:5)
      at updateSetups (src/scripts/storage.js:9636:10)
      at Object.renameSetup (tests/unit/storage.test.js:985:21)

  console.warn
    MOCK SET: cameraPowerPlanner_setups = {"A":{"foo":1}}

      61 |       return undefined;
      62 |     }
    > 63 |     return originalFn(...args);
         |            ^
      64 |   };
      65 | };
      66 |

      at console.<anonymous> (tests/setup/jest.setup.cjs:63:12)
      at console.apply [as warn] (src/scripts/modules/base.js:92:26)
      at Object.warn (tests/unit/storage.test.js:11:15)
      at Object.setItem (tests/unit/storage.test.js:992:18)

  console.log
    DEBUG: getSafeLocalStorage returning object

      at Proxy.apply (src/scripts/modules/base.js:92:26)

  console.log
    DEBUG: getSafeLocalStorage returning object

      at Proxy.apply (src/scripts/modules/base.js:92:26)

  console.warn
    MOCK SET: cameraPowerPlanner_setups = {"A":{"foo":1},"B":{"bar":2}}

      61 |       return undefined;
      62 |     }
    > 63 |     return originalFn(...args);
         |            ^
      64 |   };
      65 | };
      66 |

      at console.<anonymous> (tests/setup/jest.setup.cjs:63:12)
      at console.apply [as warn] (src/scripts/modules/base.js:92:26)
      at Object.warn (tests/unit/storage.test.js:11:15)
      at Object.setItem (tests/unit/storage.test.js:1000:18)

  console.log
    DEBUG: getSafeLocalStorage returning object

      at Proxy.apply (src/scripts/modules/base.js:92:26)

  console.log
    DEBUG: getSafeLocalStorage returning object

      at Proxy.apply (src/scripts/modules/base.js:92:26)

  console.log
    DEBUG: getSafeLocalStorage returning object

      at Proxy.apply (src/scripts/modules/base.js:92:26)

  console.warn
    MOCK SET: cameraPowerPlanner_setups__legacyMigrationBackup = {"createdAt":"2026-01-16T20:14:34.810Z","data":{"A

      61 |       return undefined;
      62 |     }
    > 63 |     return originalFn(...args);
         |            ^
      64 |   };
      65 | };
      66 |

      at console.<anonymous> (tests/setup/jest.setup.cjs:63:12)
      at console.apply [as warn] (src/scripts/modules/base.js:92:26)
      at Object.warn (tests/unit/storage.test.js:11:15)
      at setItem (src/scripts/storage.js:5565:15)
      at tryStoreSerialized (src/scripts/storage.js:5587:26)
      at createStorageMigrationBackup (src/scripts/storage.js:5239:3)
      at ensurePreWriteMigrationBackup (src/scripts/storage.js:9581:3)
      at saveSetups (src/scripts/storage.js:9608:5)
      at updateSetups (src/scripts/storage.js:9636:10)
      at Object.renameSetup (tests/unit/storage.test.js:1001:21)

  console.log
    DEBUG: getSafeLocalStorage returning object

      at Proxy.apply (src/scripts/modules/base.js:92:26)

  console.warn
    MOCK SET: cameraPowerPlanner_setups = {"A":{"foo":1},"a (2)":{"bar":2}}

      61 |       return undefined;
      62 |     }
    > 63 |     return originalFn(...args);
         |            ^
      64 |   };
      65 | };
      66 |

      at console.<anonymous> (tests/setup/jest.setup.cjs:63:12)
      at console.apply [as warn] (src/scripts/modules/base.js:92:26)
      at Object.warn (tests/unit/storage.test.js:11:15)
      at setItem (src/scripts/storage.js:8463:17)
      at saveJSONToStorage (src/scripts/storage.js:9582:3)
      at saveSetups (src/scripts/storage.js:9608:5)
      at updateSetups (src/scripts/storage.js:9636:10)
      at Object.renameSetup (tests/unit/storage.test.js:1001:21)

  console.warn
    MOCK SET: cameraPowerPlanner_setups__backup = {"A":{"foo":1},"a (2)":{"bar":2}}

      61 |       return undefined;
      62 |     }
    > 63 |     return originalFn(...args);
         |            ^
      64 |   };
      65 | };
      66 |

      at console.<anonymous> (tests/setup/jest.setup.cjs:63:12)
      at console.apply [as warn] (src/scripts/modules/base.js:92:26)
      at Object.warn (tests/unit/storage.test.js:11:15)
      at setItem (src/scripts/storage.js:8524:19)
      at tryStoreCandidate (src/scripts/storage.js:8540:13)
      at attemptBackupWrite (src/scripts/storage.js:8617:26)
      at saveJSONToStorage (src/scripts/storage.js:9582:3)
      at saveSetups (src/scripts/storage.js:9608:5)
      at updateSetups (src/scripts/storage.js:9636:10)
      at Object.renameSetup (tests/unit/storage.test.js:1001:21)

  console.warn
    MOCK SET: cameraPowerPlanner_setups = {"A":{"foo":1}}

      61 |       return undefined;
      62 |     }
    > 63 |     return originalFn(...args);
         |            ^
      64 |   };
      65 | };
      66 |

      at console.<anonymous> (tests/setup/jest.setup.cjs:63:12)
      at console.apply [as warn] (src/scripts/modules/base.js:92:26)
      at Object.warn (tests/unit/storage.test.js:11:15)
      at Object.setItem (tests/unit/storage.test.js:1007:18)

  console.log
    DEBUG: getSafeLocalStorage returning object

      at Proxy.apply (src/scripts/modules/base.js:92:26)

  console.log
    DEBUG: getSafeLocalStorage returning object

      at Proxy.apply (src/scripts/modules/base.js:92:26)

  console.warn
    MOCK SET: cameraPowerPlanner_setups = {"A":{"foo":1}}

      61 |       return undefined;
      62 |     }
    > 63 |     return originalFn(...args);
         |            ^
      64 |   };
      65 | };
      66 |

      at console.<anonymous> (tests/setup/jest.setup.cjs:63:12)
      at console.apply [as warn] (src/scripts/modules/base.js:92:26)
      at Object.warn (tests/unit/storage.test.js:11:15)
      at Object.setItem (tests/unit/storage.test.js:1015:18)

  console.log
    DEBUG: getSafeLocalStorage returning object

      at Proxy.apply (src/scripts/modules/base.js:92:26)

  console.log
    DEBUG: getSafeLocalStorage returning object

      at Proxy.apply (src/scripts/modules/base.js:92:26)

  console.log
    DEBUG: getSafeLocalStorage returning object

      at Proxy.apply (src/scripts/modules/base.js:92:26)

  console.log
    DEBUG: getSafeLocalStorage returning object

      at Proxy.apply (src/scripts/modules/base.js:92:26)

  console.warn
    MOCK SET: cameraPowerPlanner_session = {"camera":"CamA"}

      61 |       return undefined;
      62 |     }
    > 63 |     return originalFn(...args);
         |            ^
      64 |   };
      65 | };
      66 |

      at console.<anonymous> (tests/setup/jest.setup.cjs:63:12)
      at console.apply [as warn] (src/scripts/modules/base.js:92:26)
      at Object.warn (tests/unit/storage.test.js:11:15)
      at setItem (src/scripts/storage.js:8463:17)
      at saveJSONToStorage (src/scripts/storage.js:9314:3)
      at Object.saveSessionState (tests/unit/storage.test.js:1030:5)

  console.warn
    MOCK SET: cameraPowerPlanner_session__backup = {"camera":"CamA"}

      61 |       return undefined;
      62 |     }
    > 63 |     return originalFn(...args);
         |            ^
      64 |   };
      65 | };
      66 |

      at console.<anonymous> (tests/setup/jest.setup.cjs:63:12)
      at console.apply [as warn] (src/scripts/modules/base.js:92:26)
      at Object.warn (tests/unit/storage.test.js:11:15)
      at setItem (src/scripts/storage.js:8524:19)
      at tryStoreCandidate (src/scripts/storage.js:8540:13)
      at attemptBackupWrite (src/scripts/storage.js:8617:26)
      at saveJSONToStorage (src/scripts/storage.js:9314:3)
      at Object.saveSessionState (tests/unit/storage.test.js:1030:5)

  console.warn
    MOCK SET: cameraPowerPlanner_session = {"camera":"CamA"}

      61 |       return undefined;
      62 |     }
    > 63 |     return originalFn(...args);
         |            ^
      64 |   };
      65 | };
      66 |

      at console.<anonymous> (tests/setup/jest.setup.cjs:63:12)
      at console.apply [as warn] (src/scripts/modules/base.js:92:26)
      at Object.warn (tests/unit/storage.test.js:11:15)
      at Object.setItem (tests/unit/storage.test.js:1036:18)

  console.log
    DEBUG: getSafeLocalStorage returning object

      at Proxy.apply (src/scripts/modules/base.js:92:26)

  console.log
    DEBUG: getSafeLocalStorage returning object

      at Proxy.apply (src/scripts/modules/base.js:92:26)

  console.log
    DEBUG: getSafeLocalStorage returning object

      at Proxy.apply (src/scripts/modules/base.js:92:26)

  console.log
    DEBUG: getSafeLocalStorage returning object

      at Proxy.apply (src/scripts/modules/base.js:92:26)

  console.warn
    MOCK SET: cameraPowerPlanner_session = {"camera":"CamA"}

      61 |       return undefined;
      62 |     }
    > 63 |     return originalFn(...args);
         |            ^
      64 |   };
      65 | };
      66 |

      at console.<anonymous> (tests/setup/jest.setup.cjs:63:12)
      at console.apply [as warn] (src/scripts/modules/base.js:92:26)
      at Object.warn (tests/unit/storage.test.js:11:15)
      at Object.setItem (tests/unit/storage.test.js:1046:20)

  console.log
    DEBUG: getSafeLocalStorage returning object

      at Proxy.apply (src/scripts/modules/base.js:92:26)

  console.log
    DEBUG: getSafeLocalStorage returning object

      at Proxy.apply (src/scripts/modules/base.js:92:26)

  console.log
    DEBUG: getSafeLocalStorage returning object

      at Proxy.apply (src/scripts/modules/base.js:92:26)

  console.warn
    MOCK SET: cameraPowerPlanner_session = {"camera":"CamA"}

      61 |       return undefined;
      62 |     }
    > 63 |     return originalFn(...args);
         |            ^
      64 |   };
      65 | };
      66 |

      at console.<anonymous> (tests/setup/jest.setup.cjs:63:12)
      at console.apply [as warn] (src/scripts/modules/base.js:92:26)
      at Object.warn (tests/unit/storage.test.js:11:15)
      at setItem (src/scripts/storage.js:8463:17)
      at saveJSONToStorage (src/scripts/storage.js:8866:5)
      at loadWithMigration (src/scripts/storage.js:9231:15)
      at Object.loadSessionState (tests/unit/storage.test.js:1047:12)

  console.warn
    MOCK SET: cameraPowerPlanner_session__backup = {"camera":"CamA"}

      61 |       return undefined;
      62 |     }
    > 63 |     return originalFn(...args);
         |            ^
      64 |   };
      65 | };
      66 |

      at console.<anonymous> (tests/setup/jest.setup.cjs:63:12)
      at console.apply [as warn] (src/scripts/modules/base.js:92:26)
      at Object.warn (tests/unit/storage.test.js:11:15)
      at setItem (src/scripts/storage.js:8524:19)
      at tryStoreCandidate (src/scripts/storage.js:8540:13)
      at attemptBackupWrite (src/scripts/storage.js:8617:26)
      at saveJSONToStorage (src/scripts/storage.js:8866:5)
      at loadWithMigration (src/scripts/storage.js:9231:15)
      at Object.loadSessionState (tests/unit/storage.test.js:1047:12)

  console.warn
    MOCK SET: cinePowerPlanner_session = {"camera":"CamA","motors":["MotorA"]}

      61 |       return undefined;
      62 |     }
    > 63 |     return originalFn(...args);
         |            ^
      64 |   };
      65 | };
      66 |

      at console.<anonymous> (tests/setup/jest.setup.cjs:63:12)
      at console.apply [as warn] (src/scripts/modules/base.js:92:26)
      at Object.warn (tests/unit/storage.test.js:11:15)
      at Object.setItem (tests/unit/storage.test.js:1054:18)

  console.log
    DEBUG: getSafeLocalStorage returning object

      at Proxy.apply (src/scripts/modules/base.js:92:26)

  console.warn
    MOCK SET: cameraPowerPlanner_session = {"camera":"CamA","motors":["MotorA"]}

      61 |       return undefined;
      62 |     }
    > 63 |     return originalFn(...args);
         |            ^
      64 |   };
      65 | };
      66 |

      at console.<anonymous> (tests/setup/jest.setup.cjs:63:12)
      at console.apply [as warn] (src/scripts/modules/base.js:92:26)
      at Object.warn (tests/unit/storage.test.js:11:15)
      at setItem (src/scripts/storage.js:7445:17)
      at migrateKeyBetweenStorages (src/scripts/storage.js:7465:9)
      at migrateKeyInStorages (src/scripts/storage.js:7508:27)
          at Array.forEach (<anonymous>)
      at forEach (src/scripts/storage.js:7507:12)
      at migrateLegacyStorageKeys (src/scripts/storage.js:7538:3)
      at applyLegacyStorageMigrations (src/scripts/storage.js:9229:3)
      at Object.loadSessionState (tests/unit/storage.test.js:1056:20)

  console.log
    DEBUG: getSafeLocalStorage returning object

      at Proxy.apply (src/scripts/modules/base.js:92:26)

  console.warn
    MOCK SET: cameraPowerPlanner_session = {"setupName":" Legacy ","motor":"FocusMotor","moto

      61 |       return undefined;
      62 |     }
    > 63 |     return originalFn(...args);
         |            ^
      64 |   };
      65 | };
      66 |

      at console.<anonymous> (tests/setup/jest.setup.cjs:63:12)
      at console.apply [as warn] (src/scripts/modules/base.js:92:26)
      at Object.warn (tests/unit/storage.test.js:11:15)
      at Object.setItem (tests/unit/storage.test.js:1075:18)

  console.log
    DEBUG: getSafeLocalStorage returning object

      at Proxy.apply (src/scripts/modules/base.js:92:26)

  console.log
    DEBUG: getSafeLocalStorage returning object

      at Proxy.apply (src/scripts/modules/base.js:92:26)

  console.warn
    MOCK SET: cameraPowerPlanner_session__legacyMigrationBackup = {"createdAt":"2026-01-16T20:14:34.810Z","data":{"s

      61 |       return undefined;
      62 |     }
    > 63 |     return originalFn(...args);
         |            ^
      64 |   };
      65 | };
      66 |

      at console.<anonymous> (tests/setup/jest.setup.cjs:63:12)
      at console.apply [as warn] (src/scripts/modules/base.js:92:26)
      at Object.warn (tests/unit/storage.test.js:11:15)
      at setItem (src/scripts/storage.js:5565:15)
      at tryStoreSerialized (src/scripts/storage.js:5587:26)
      at createStorageMigrationBackup (src/scripts/storage.js:9251:5)
      at Object.loadSessionState (tests/unit/storage.test.js:1077:20)

  console.log
    DEBUG: getSafeLocalStorage returning object

      at Proxy.apply (src/scripts/modules/base.js:92:26)

  console.warn
    MOCK SET: cameraPowerPlanner_session__legacyMigrationBackup = [{"createdAt":"2026-01-16T20:14:34.810Z","data":{"

      61 |       return undefined;
      62 |     }
    > 63 |     return originalFn(...args);
         |            ^
      64 |   };
      65 | };
      66 |

      at console.<anonymous> (tests/setup/jest.setup.cjs:63:12)
      at console.apply [as warn] (src/scripts/modules/base.js:92:26)
      at Object.warn (tests/unit/storage.test.js:11:15)
      at setItem (src/scripts/storage.js:5514:19)
      at tryStoreList (src/scripts/storage.js:5521:20)
      at createStorageMigrationBackup (src/scripts/storage.js:5239:3)
      at ensurePreWriteMigrationBackup (src/scripts/storage.js:9274:3)
      at saveSessionState (src/scripts/storage.js:9252:5)
      at Object.loadSessionState (tests/unit/storage.test.js:1077:20)

  console.log
    DEBUG: getSafeLocalStorage returning object

      at Proxy.apply (src/scripts/modules/base.js:92:26)

  console.warn
    MOCK SET: cameraPowerPlanner_session = {"setupName":"Legacy","motors":["ZoomMotor","Focus

      61 |       return undefined;
      62 |     }
    > 63 |     return originalFn(...args);
         |            ^
      64 |   };
      65 | };
      66 |

      at console.<anonymous> (tests/setup/jest.setup.cjs:63:12)
      at console.apply [as warn] (src/scripts/modules/base.js:92:26)
      at Object.warn (tests/unit/storage.test.js:11:15)
      at setItem (src/scripts/storage.js:8463:17)
      at saveJSONToStorage (src/scripts/storage.js:9314:3)
      at saveSessionState (src/scripts/storage.js:9252:5)
      at Object.loadSessionState (tests/unit/storage.test.js:1077:20)

  console.warn
    MOCK SET: cameraPowerPlanner_session__backup = {"setupName":"Legacy","motors":["ZoomMotor","Focus

      61 |       return undefined;
      62 |     }
    > 63 |     return originalFn(...args);
         |            ^
      64 |   };
      65 | };
      66 |

      at console.<anonymous> (tests/setup/jest.setup.cjs:63:12)
      at console.apply [as warn] (src/scripts/modules/base.js:92:26)
      at Object.warn (tests/unit/storage.test.js:11:15)
      at setItem (src/scripts/storage.js:8524:19)
      at tryStoreCandidate (src/scripts/storage.js:8540:13)
      at attemptBackupWrite (src/scripts/storage.js:8617:26)
      at saveJSONToStorage (src/scripts/storage.js:9314:3)
      at saveSessionState (src/scripts/storage.js:9252:5)
      at Object.loadSessionState (tests/unit/storage.test.js:1077:20)

  console.warn
    MOCK SET: cameraPowerPlanner_session = {"setupName":" Legacy ","motor":"FocusMotor","cont

      61 |       return undefined;
      62 |     }
    > 63 |     return originalFn(...args);
         |            ^
      64 |   };
      65 | };
      66 |

      at console.<anonymous> (tests/setup/jest.setup.cjs:63:12)
      at console.apply [as warn] (src/scripts/modules/base.js:92:26)
      at Object.warn (tests/unit/storage.test.js:11:15)
      at Object.setItem (tests/unit/storage.test.js:1097:18)

  console.log
    DEBUG: getSafeLocalStorage returning object

      at Proxy.apply (src/scripts/modules/base.js:92:26)

  console.log
    DEBUG: getSafeLocalStorage returning object

      at Proxy.apply (src/scripts/modules/base.js:92:26)

  console.warn
    MOCK SET: cameraPowerPlanner_session__legacyMigrationBackup = {"createdAt":"2026-01-16T20:14:34.810Z","data":{"s

      61 |       return undefined;
      62 |     }
    > 63 |     return originalFn(...args);
         |            ^
      64 |   };
      65 | };
      66 |

      at console.<anonymous> (tests/setup/jest.setup.cjs:63:12)
      at console.apply [as warn] (src/scripts/modules/base.js:92:26)
      at Object.warn (tests/unit/storage.test.js:11:15)
      at setItem (src/scripts/storage.js:5565:15)
      at tryStoreSerialized (src/scripts/storage.js:5587:26)
      at createStorageMigrationBackup (src/scripts/storage.js:9251:5)
      at Object.loadSessionState (tests/unit/storage.test.js:1101:19)

  console.log
    DEBUG: getSafeLocalStorage returning object

      at Proxy.apply (src/scripts/modules/base.js:92:26)

  console.warn
    MOCK SET: cameraPowerPlanner_session__legacyMigrationBackup = [{"createdAt":"2026-01-16T20:14:34.810Z","data":{"

      61 |       return undefined;
      62 |     }
    > 63 |     return originalFn(...args);
         |            ^
      64 |   };
      65 | };
      66 |

      at console.<anonymous> (tests/setup/jest.setup.cjs:63:12)
      at console.apply [as warn] (src/scripts/modules/base.js:92:26)
      at Object.warn (tests/unit/storage.test.js:11:15)
      at setItem (src/scripts/storage.js:5514:19)
      at tryStoreList (src/scripts/storage.js:5521:20)
      at createStorageMigrationBackup (src/scripts/storage.js:5239:3)
      at ensurePreWriteMigrationBackup (src/scripts/storage.js:9274:3)
      at saveSessionState (src/scripts/storage.js:9252:5)
      at Object.loadSessionState (tests/unit/storage.test.js:1101:19)

  console.log
    DEBUG: getSafeLocalStorage returning object

      at Proxy.apply (src/scripts/modules/base.js:92:26)

  console.warn
    MOCK SET: cameraPowerPlanner_session = {"setupName":"Legacy","motors":["FocusMotor"],"con

      61 |       return undefined;
      62 |     }
    > 63 |     return originalFn(...args);
         |            ^
      64 |   };
      65 | };
      66 |

      at console.<anonymous> (tests/setup/jest.setup.cjs:63:12)
      at console.apply [as warn] (src/scripts/modules/base.js:92:26)
      at Object.warn (tests/unit/storage.test.js:11:15)
      at setItem (src/scripts/storage.js:8463:17)
      at saveJSONToStorage (src/scripts/storage.js:9314:3)
      at saveSessionState (src/scripts/storage.js:9252:5)
      at Object.loadSessionState (tests/unit/storage.test.js:1101:19)

  console.warn
    MOCK SET: cameraPowerPlanner_session__backup = {"setupName":"Legacy","motors":["FocusMotor"],"con

      61 |       return undefined;
      62 |     }
    > 63 |     return originalFn(...args);
         |            ^
      64 |   };
      65 | };
      66 |

      at console.<anonymous> (tests/setup/jest.setup.cjs:63:12)
      at console.apply [as warn] (src/scripts/modules/base.js:92:26)
      at Object.warn (tests/unit/storage.test.js:11:15)
      at setItem (src/scripts/storage.js:8524:19)
      at tryStoreCandidate (src/scripts/storage.js:8540:13)
      at attemptBackupWrite (src/scripts/storage.js:8617:26)
      at saveJSONToStorage (src/scripts/storage.js:9314:3)
      at saveSessionState (src/scripts/storage.js:9252:5)
      at Object.loadSessionState (tests/unit/storage.test.js:1101:19)

  console.warn
    MOCK SET: cameraPowerPlanner_session = {"setupName":" Legacy ","motor":"FocusMotor"}

      61 |       return undefined;
      62 |     }
    > 63 |     return originalFn(...args);
         |            ^
      64 |   };
      65 | };
      66 |

      at console.<anonymous> (tests/setup/jest.setup.cjs:63:12)
      at console.apply [as warn] (src/scripts/modules/base.js:92:26)
      at Object.warn (tests/unit/storage.test.js:11:15)
      at Object.setItem (tests/unit/storage.test.js:1124:18)

  console.warn
    MOCK SET: cameraPowerPlanner_session__legacyMigrationBackup = {"createdAt":"2024-01-01T00:00:00.000Z","data":{"k

      61 |       return undefined;
      62 |     }
    > 63 |     return originalFn(...args);
         |            ^
      64 |   };
      65 | };
      66 |

      at console.<anonymous> (tests/setup/jest.setup.cjs:63:12)
      at console.apply [as warn] (src/scripts/modules/base.js:92:26)
      at Object.warn (tests/unit/storage.test.js:11:15)
      at Object.setItem (tests/unit/storage.test.js:1125:18)

  console.log
    DEBUG: getSafeLocalStorage returning object

      at Proxy.apply (src/scripts/modules/base.js:92:26)

  console.log
    DEBUG: getSafeLocalStorage returning object

      at Proxy.apply (src/scripts/modules/base.js:92:26)

  console.warn
    MOCK SET: cameraPowerPlanner_session__legacyMigrationBackup = [{"createdAt":"2024-01-01T00:00:00.000Z","data":{"

      61 |       return undefined;
      62 |     }
    > 63 |     return originalFn(...args);
         |            ^
      64 |   };
      65 | };
      66 |

      at console.<anonymous> (tests/setup/jest.setup.cjs:63:12)
      at console.apply [as warn] (src/scripts/modules/base.js:92:26)
      at Object.warn (tests/unit/storage.test.js:11:15)
      at setItem (src/scripts/storage.js:5514:19)
      at tryStoreList (src/scripts/storage.js:5521:20)
      at createStorageMigrationBackup (src/scripts/storage.js:9251:5)
      at Object.loadSessionState (tests/unit/storage.test.js:1130:19)

  console.log
    DEBUG: getSafeLocalStorage returning object

      at Proxy.apply (src/scripts/modules/base.js:92:26)

  console.warn
    MOCK SET: cameraPowerPlanner_session__legacyMigrationBackup = [{"createdAt":"2024-01-01T00:00:00.000Z","data":{"

      61 |       return undefined;
      62 |     }
    > 63 |     return originalFn(...args);
         |            ^
      64 |   };
      65 | };
      66 |

      at console.<anonymous> (tests/setup/jest.setup.cjs:63:12)
      at console.apply [as warn] (src/scripts/modules/base.js:92:26)
      at Object.warn (tests/unit/storage.test.js:11:15)
      at setItem (src/scripts/storage.js:5514:19)
      at tryStoreList (src/scripts/storage.js:5521:20)
      at createStorageMigrationBackup (src/scripts/storage.js:5239:3)
      at ensurePreWriteMigrationBackup (src/scripts/storage.js:9274:3)
      at saveSessionState (src/scripts/storage.js:9252:5)
      at Object.loadSessionState (tests/unit/storage.test.js:1130:19)

  console.log
    DEBUG: getSafeLocalStorage returning object

      at Proxy.apply (src/scripts/modules/base.js:92:26)

  console.warn
    MOCK SET: cameraPowerPlanner_session = {"setupName":"Legacy","motors":["FocusMotor"]}

      61 |       return undefined;
      62 |     }
    > 63 |     return originalFn(...args);
         |            ^
      64 |   };
      65 | };
      66 |

      at console.<anonymous> (tests/setup/jest.setup.cjs:63:12)
      at console.apply [as warn] (src/scripts/modules/base.js:92:26)
      at Object.warn (tests/unit/storage.test.js:11:15)
      at setItem (src/scripts/storage.js:8463:17)
      at saveJSONToStorage (src/scripts/storage.js:9314:3)
      at saveSessionState (src/scripts/storage.js:9252:5)
      at Object.loadSessionState (tests/unit/storage.test.js:1130:19)

  console.warn
    MOCK SET: cameraPowerPlanner_session__backup = {"setupName":"Legacy","motors":["FocusMotor"]}

      61 |       return undefined;
      62 |     }
    > 63 |     return originalFn(...args);
         |            ^
      64 |   };
      65 | };
      66 |

      at console.<anonymous> (tests/setup/jest.setup.cjs:63:12)
      at console.apply [as warn] (src/scripts/modules/base.js:92:26)
      at Object.warn (tests/unit/storage.test.js:11:15)
      at setItem (src/scripts/storage.js:8524:19)
      at tryStoreCandidate (src/scripts/storage.js:8540:13)
      at attemptBackupWrite (src/scripts/storage.js:8617:26)
      at saveJSONToStorage (src/scripts/storage.js:9314:3)
      at saveSessionState (src/scripts/storage.js:9252:5)
      at Object.loadSessionState (tests/unit/storage.test.js:1130:19)

  console.log
    DEBUG: getSafeLocalStorage returning object

      at Proxy.apply (src/scripts/modules/base.js:92:26)

  console.log
    DEBUG: getSafeLocalStorage returning object

      at Proxy.apply (src/scripts/modules/base.js:92:26)

  console.warn
    MOCK SET: cameraPowerPlanner_feedback = {"note":"hi"}

      61 |       return undefined;
      62 |     }
    > 63 |     return originalFn(...args);
         |            ^
      64 |   };
      65 | };
      66 |

      at console.<anonymous> (tests/setup/jest.setup.cjs:63:12)
      at console.apply [as warn] (src/scripts/modules/base.js:92:26)
      at Object.warn (tests/unit/storage.test.js:11:15)
      at setItem (src/scripts/storage.js:8463:17)
      at saveJSONToStorage (src/scripts/storage.js:14435:3)
      at Object.saveFeedback (tests/unit/storage.test.js:1148:5)

  console.warn
    MOCK SET: cameraPowerPlanner_feedback__backup = {"note":"hi"}

      61 |       return undefined;
      62 |     }
    > 63 |     return originalFn(...args);
         |            ^
      64 |   };
      65 | };
      66 |

      at console.<anonymous> (tests/setup/jest.setup.cjs:63:12)
      at console.apply [as warn] (src/scripts/modules/base.js:92:26)
      at Object.warn (tests/unit/storage.test.js:11:15)
      at setItem (src/scripts/storage.js:8524:19)
      at tryStoreCandidate (src/scripts/storage.js:8540:13)
      at attemptBackupWrite (src/scripts/storage.js:8617:26)
      at saveJSONToStorage (src/scripts/storage.js:14435:3)
      at Object.saveFeedback (tests/unit/storage.test.js:1148:5)

  console.warn
    MOCK SET: cameraPowerPlanner_feedback = {"note":"hi"}

      61 |       return undefined;
      62 |     }
    > 63 |     return originalFn(...args);
         |            ^
      64 |   };
      65 | };
      66 |

      at console.<anonymous> (tests/setup/jest.setup.cjs:63:12)
      at console.apply [as warn] (src/scripts/modules/base.js:92:26)
      at Object.warn (tests/unit/storage.test.js:11:15)
      at Object.setItem (tests/unit/storage.test.js:1154:18)

  console.log
    DEBUG: getSafeLocalStorage returning object

      at Proxy.apply (src/scripts/modules/base.js:92:26)

  console.log
    DEBUG: getSafeLocalStorage returning object

      at Proxy.apply (src/scripts/modules/base.js:92:26)

  console.warn
    MOCK SET: cameraPowerPlanner_feedback = 5

      61 |       return undefined;
      62 |     }
    > 63 |     return originalFn(...args);
         |            ^
      64 |   };
      65 | };
      66 |

      at console.<anonymous> (tests/setup/jest.setup.cjs:63:12)
      at console.apply [as warn] (src/scripts/modules/base.js:92:26)
      at Object.warn (tests/unit/storage.test.js:11:15)
      at Object.setItem (tests/unit/storage.test.js:1159:18)

  console.log
    DEBUG: getSafeLocalStorage returning object

      at Proxy.apply (src/scripts/modules/base.js:92:26)

  console.log
    DEBUG: getSafeLocalStorage returning object

      at Proxy.apply (src/scripts/modules/base.js:92:26)

  console.warn
    MOCK SET: cameraPowerPlanner_feedback = [{"runtime":"1h"}]

      61 |       return undefined;
      62 |     }
    > 63 |     return originalFn(...args);
         |            ^
      64 |   };
      65 | };
      66 |

      at console.<anonymous> (tests/setup/jest.setup.cjs:63:12)
      at console.apply [as warn] (src/scripts/modules/base.js:92:26)
      at Object.warn (tests/unit/storage.test.js:11:15)
      at Object.setItem (tests/unit/storage.test.js:1161:18)

  console.log
    DEBUG: getSafeLocalStorage returning object

      at Proxy.apply (src/scripts/modules/base.js:92:26)

  console.log
    DEBUG: getSafeLocalStorage returning object

      at Proxy.apply (src/scripts/modules/base.js:92:26)

  console.log
    DEBUG: getSafeLocalStorage returning object

      at Proxy.apply (src/scripts/modules/base.js:92:26)

  console.log
    DEBUG: getSafeLocalStorage returning object

      at Proxy.apply (src/scripts/modules/base.js:92:26)

  console.log
    DEBUG: getSafeLocalStorage returning object

      at Proxy.apply (src/scripts/modules/base.js:92:26)

  console.log
    DEBUG: getSafeLocalStorage returning object

      at Proxy.apply (src/scripts/modules/base.js:92:26)

  console.log
    DEBUG: getSafeLocalStorage returning object

      at Proxy.apply (src/scripts/modules/base.js:92:26)

  console.log
    DEBUG: getSafeLocalStorage returning object

      at Proxy.apply (src/scripts/modules/base.js:92:26)

  console.log
    DEBUG: getSafeLocalStorage returning object

      at Proxy.apply (src/scripts/modules/base.js:92:26)

  console.log
    DEBUG: getSafeLocalStorage returning object

      at Proxy.apply (src/scripts/modules/base.js:92:26)

  console.warn
    MOCK SET: cameraPowerPlanner_prj_A = {"gearList":"<ul>A</ul>","projectInfo":null,"gearL

      61 |       return undefined;
      62 |     }
    > 63 |     return originalFn(...args);
         |            ^
      64 |   };
      65 | };
      66 |

      at console.<anonymous> (tests/setup/jest.setup.cjs:63:12)
      at console.apply [as warn] (src/scripts/modules/base.js:92:26)
      at Object.warn (tests/unit/storage.test.js:11:15)
      at setItem (src/scripts/storage.js:8463:17)
      at saveJSONToStorage (src/scripts/storage.js:12780:18)
      at persistProjectShard (src/scripts/storage.js:13513:20)
      at Object.saveProject (tests/unit/storage.test.js:1173:5)

  console.log
    DEBUG: getSafeLocalStorage returning object

      at Proxy.apply (src/scripts/modules/base.js:92:26)

  console.log
    DEBUG: getSafeLocalStorage returning object

      at Proxy.apply (src/scripts/modules/base.js:92:26)
          at Array.forEach (<anonymous>)

  console.log
    DEBUG: getSafeLocalStorage returning object

      at Proxy.apply (src/scripts/modules/base.js:92:26)
          at Array.forEach (<anonymous>)

  console.log
    DEBUG: getSafeLocalStorage returning object

      at Proxy.apply (src/scripts/modules/base.js:92:26)

  console.warn
    MOCK SET: cameraPowerPlanner_project_rev = 1

      61 |       return undefined;
      62 |     }
    > 63 |     return originalFn(...args);
         |            ^
      64 |   };
      65 | };
      66 |

      at console.<anonymous> (tests/setup/jest.setup.cjs:63:12)
      at console.apply [as warn] (src/scripts/modules/base.js:92:26)
      at Object.warn (tests/unit/storage.test.js:11:15)
      at setItem (src/scripts/storage.js:8463:17)
      at saveJSONToStorage (src/scripts/storage.js:1859:3)
      at bumpProjectStorageRevision (src/scripts/storage.js:12834:3)
      at persistAllProjects (src/scripts/storage.js:13535:5)
      at Object.saveProject (tests/unit/storage.test.js:1173:5)

  console.warn
    MOCK SET: cameraPowerPlanner_project_rev__backup = 1

      61 |       return undefined;
      62 |     }
    > 63 |     return originalFn(...args);
         |            ^
      64 |   };
      65 | };
      66 |

      at console.<anonymous> (tests/setup/jest.setup.cjs:63:12)
      at console.apply [as warn] (src/scripts/modules/base.js:92:26)
      at Object.warn (tests/unit/storage.test.js:11:15)
      at setItem (src/scripts/storage.js:8524:19)
      at tryStoreCandidate (src/scripts/storage.js:8540:13)
      at attemptBackupWrite (src/scripts/storage.js:8617:26)
      at saveJSONToStorage (src/scripts/storage.js:1859:3)
      at bumpProjectStorageRevision (src/scripts/storage.js:12834:3)
      at persistAllProjects (src/scripts/storage.js:13535:5)
      at Object.saveProject (tests/unit/storage.test.js:1173:5)

  console.log
    DEBUG: getSafeLocalStorage returning object

      at Proxy.apply (src/scripts/modules/base.js:92:26)

  console.log
    DEBUG: getSafeLocalStorage returning object

      at Proxy.apply (src/scripts/modules/base.js:92:26)

  console.log
    DEBUG: getSafeLocalStorage returning object

      at Proxy.apply (src/scripts/modules/base.js:92:26)

  console.log
    DEBUG: getSafeLocalStorage returning object

      at Proxy.apply (src/scripts/modules/base.js:92:26)

  console.log
    DEBUG: getSafeLocalStorage returning object

      at Proxy.apply (src/scripts/modules/base.js:92:26)

  console.log
    DEBUG: getSafeLocalStorage returning object

      at Proxy.apply (src/scripts/modules/base.js:92:26)

  console.log
    DEBUG: getSafeLocalStorage returning object

      at Proxy.apply (src/scripts/modules/base.js:92:26)

  console.log
    DEBUG: getSafeLocalStorage returning object

      at Proxy.apply (src/scripts/modules/base.js:92:26)

  console.warn
    MOCK SET: cameraPowerPlanner_prj_B = {"gearList":"<ul>B</ul>","projectInfo":null,"gearL

      61 |       return undefined;
      62 |     }
    > 63 |     return originalFn(...args);
         |            ^
      64 |   };
      65 | };
      66 |

      at console.<anonymous> (tests/setup/jest.setup.cjs:63:12)
      at console.apply [as warn] (src/scripts/modules/base.js:92:26)
      at Object.warn (tests/unit/storage.test.js:11:15)
      at setItem (src/scripts/storage.js:8463:17)
      at saveJSONToStorage (src/scripts/storage.js:12780:18)
      at persistProjectShard (src/scripts/storage.js:13513:20)
      at Object.saveProject (tests/unit/storage.test.js:1174:5)

  console.log
    DEBUG: getSafeLocalStorage returning object

      at Proxy.apply (src/scripts/modules/base.js:92:26)

  console.log
    DEBUG: getSafeLocalStorage returning object

      at Proxy.apply (src/scripts/modules/base.js:92:26)
          at Array.forEach (<anonymous>)

  console.log
    DEBUG: getSafeLocalStorage returning object

      at Proxy.apply (src/scripts/modules/base.js:92:26)
          at Array.forEach (<anonymous>)

  console.log
    DEBUG: getSafeLocalStorage returning object

      at Proxy.apply (src/scripts/modules/base.js:92:26)
          at Array.forEach (<anonymous>)

  console.log
    DEBUG: getSafeLocalStorage returning object

      at Proxy.apply (src/scripts/modules/base.js:92:26)
          at Array.forEach (<anonymous>)

  console.log
    DEBUG: getSafeLocalStorage returning object

      at Proxy.apply (src/scripts/modules/base.js:92:26)

  console.warn
    MOCK SET: cameraPowerPlanner_project_rev = 2

      61 |       return undefined;
      62 |     }
    > 63 |     return originalFn(...args);
         |            ^
      64 |   };
      65 | };
      66 |

      at console.<anonymous> (tests/setup/jest.setup.cjs:63:12)
      at console.apply [as warn] (src/scripts/modules/base.js:92:26)
      at Object.warn (tests/unit/storage.test.js:11:15)
      at setItem (src/scripts/storage.js:8463:17)
      at saveJSONToStorage (src/scripts/storage.js:1859:3)
      at bumpProjectStorageRevision (src/scripts/storage.js:12834:3)
      at persistAllProjects (src/scripts/storage.js:13535:5)
      at Object.saveProject (tests/unit/storage.test.js:1174:5)

  console.warn
    MOCK SET: cameraPowerPlanner_project_rev__backup = 2

      61 |       return undefined;
      62 |     }
    > 63 |     return originalFn(...args);
         |            ^
      64 |   };
      65 | };
      66 |

      at console.<anonymous> (tests/setup/jest.setup.cjs:63:12)
      at console.apply [as warn] (src/scripts/modules/base.js:92:26)
      at Object.warn (tests/unit/storage.test.js:11:15)
      at setItem (src/scripts/storage.js:8524:19)
      at tryStoreCandidate (src/scripts/storage.js:8540:13)
      at attemptBackupWrite (src/scripts/storage.js:8617:26)
      at saveJSONToStorage (src/scripts/storage.js:1859:3)
      at bumpProjectStorageRevision (src/scripts/storage.js:12834:3)
      at persistAllProjects (src/scripts/storage.js:13535:5)
      at Object.saveProject (tests/unit/storage.test.js:1174:5)

  console.log
    DEBUG: getSafeLocalStorage returning object

      at Proxy.apply (src/scripts/modules/base.js:92:26)

  console.log
    DEBUG: getSafeLocalStorage returning object

      at Proxy.apply (src/scripts/modules/base.js:92:26)

  console.log
    DEBUG: getSafeLocalStorage returning object

      at Proxy.apply (src/scripts/modules/base.js:92:26)

  console.log
    DEBUG: getSafeLocalStorage returning object

      at Proxy.apply (src/scripts/modules/base.js:92:26)

  console.log
    DEBUG: getSafeLocalStorage returning object

      at Proxy.apply (src/scripts/modules/base.js:92:26)

  console.log
    DEBUG: getSafeLocalStorage returning object

      at Proxy.apply (src/scripts/modules/base.js:92:26)

  console.warn
    MOCK SET: cameraPowerPlanner_prj_Spaced = {"gearList":"<ul>Saved</ul>","projectInfo":null,"g

      61 |       return undefined;
      62 |     }
    > 63 |     return originalFn(...args);
         |            ^
      64 |   };
      65 | };
      66 |

      at console.<anonymous> (tests/setup/jest.setup.cjs:63:12)
      at console.apply [as warn] (src/scripts/modules/base.js:92:26)
      at Object.warn (tests/unit/storage.test.js:11:15)
      at Object.setItem (tests/unit/storage.test.js:1182:18)

  console.log
    DEBUG: getSafeLocalStorage returning object

      at Proxy.apply (src/scripts/modules/base.js:92:26)

  console.log
    DEBUG: getSafeLocalStorage returning object

      at Proxy.apply (src/scripts/modules/base.js:92:26)

  console.log
    DEBUG: getSafeLocalStorage returning object

      at Proxy.apply (src/scripts/modules/base.js:92:26)

  console.log
    DEBUG: getSafeLocalStorage returning object

      at Proxy.apply (src/scripts/modules/base.js:92:26)

  console.log
    DEBUG: getSafeLocalStorage returning object

      at Proxy.apply (src/scripts/modules/base.js:92:26)

  console.log
    DEBUG: getSafeLocalStorage returning object

      at Proxy.apply (src/scripts/modules/base.js:92:26)

  console.warn
    MOCK SET: cameraPowerPlanner_prj_Old Name = {"gearList":"<ul>Legacy</ul>","projectInfo":null,"

      61 |       return undefined;
      62 |     }
    > 63 |     return originalFn(...args);
         |            ^
      64 |   };
      65 | };
      66 |

      at console.<anonymous> (tests/setup/jest.setup.cjs:63:12)
      at console.apply [as warn] (src/scripts/modules/base.js:92:26)
      at Object.warn (tests/unit/storage.test.js:11:15)
      at Object.setItem (tests/unit/storage.test.js:1193:18)

  console.log
    DEBUG: getSafeLocalStorage returning object

      at Proxy.apply (src/scripts/modules/base.js:92:26)

  console.log
    DEBUG: getSafeLocalStorage returning object

      at Proxy.apply (src/scripts/modules/base.js:92:26)

  console.log
    DEBUG: getSafeLocalStorage returning object

      at Proxy.apply (src/scripts/modules/base.js:92:26)

  console.log
    DEBUG: getSafeLocalStorage returning object

      at Proxy.apply (src/scripts/modules/base.js:92:26)

  console.log
    DEBUG: getSafeLocalStorage returning object

      at Proxy.apply (src/scripts/modules/base.js:92:26)

  console.log
    DEBUG: getSafeLocalStorage returning object

      at Proxy.apply (src/scripts/modules/base.js:92:26)

  console.log
    DEBUG: getSafeLocalStorage returning object

      at Proxy.apply (src/scripts/modules/base.js:92:26)

  console.log
    DEBUG: getSafeLocalStorage returning object

      at Proxy.apply (src/scripts/modules/base.js:92:26)

  console.warn
    MOCK SET: cameraPowerPlanner_prj_Old Name = {"gearList":"<ul>Updated</ul>","projectInfo":null,

      61 |       return undefined;
      62 |     }
    > 63 |     return originalFn(...args);
         |            ^
      64 |   };
      65 | };
      66 |

      at console.<anonymous> (tests/setup/jest.setup.cjs:63:12)
      at console.apply [as warn] (src/scripts/modules/base.js:92:26)
      at Object.warn (tests/unit/storage.test.js:11:15)
      at setItem (src/scripts/storage.js:8463:17)
      at saveJSONToStorage (src/scripts/storage.js:12780:18)
      at persistProjectShard (src/scripts/storage.js:13513:20)
      at Object.saveProject (tests/unit/storage.test.js:1197:5)

  console.log
    DEBUG: getSafeLocalStorage returning object

      at Proxy.apply (src/scripts/modules/base.js:92:26)

  console.log
    DEBUG: getSafeLocalStorage returning object

      at Proxy.apply (src/scripts/modules/base.js:92:26)
          at Array.forEach (<anonymous>)

  console.log
    DEBUG: getSafeLocalStorage returning object

      at Proxy.apply (src/scripts/modules/base.js:92:26)
          at Array.forEach (<anonymous>)

  console.log
    DEBUG: getSafeLocalStorage returning object

      at Proxy.apply (src/scripts/modules/base.js:92:26)
          at Array.forEach (<anonymous>)

  console.log
    DEBUG: getSafeLocalStorage returning object

      at Proxy.apply (src/scripts/modules/base.js:92:26)
          at Array.forEach (<anonymous>)

  console.warn
    MOCK SET: cameraPowerPlanner_prj_auto-backup-2026-01-16-21-14-34-Old Name = {"__cineAutoBackupSnapshot":{"version":1,"snapshot

      61 |       return undefined;
      62 |     }
    > 63 |     return originalFn(...args);
         |            ^
      64 |   };
      65 | };
      66 |

      at console.<anonymous> (tests/setup/jest.setup.cjs:63:12)
      at console.apply [as warn] (src/scripts/modules/base.js:92:26)
      at Object.warn (tests/unit/storage.test.js:11:15)
      at setItem (src/scripts/storage.js:8463:17)
      at saveJSONToStorage (src/scripts/storage.js:12780:18)
      at persistProjectShard (src/scripts/storage.js:12828:5)
          at Array.forEach (<anonymous>)
      at forEach (src/scripts/storage.js:12827:25)
      at persistAllProjects (src/scripts/storage.js:13535:5)
      at Object.saveProject (tests/unit/storage.test.js:1197:5)

  console.log
    DEBUG: getSafeLocalStorage returning object

      at Proxy.apply (src/scripts/modules/base.js:92:26)

  console.warn
    MOCK SET: cameraPowerPlanner_project_rev = 1

      61 |       return undefined;
      62 |     }
    > 63 |     return originalFn(...args);
         |            ^
      64 |   };
      65 | };
      66 |

      at console.<anonymous> (tests/setup/jest.setup.cjs:63:12)
      at console.apply [as warn] (src/scripts/modules/base.js:92:26)
      at Object.warn (tests/unit/storage.test.js:11:15)
      at setItem (src/scripts/storage.js:8463:17)
      at saveJSONToStorage (src/scripts/storage.js:1859:3)
      at bumpProjectStorageRevision (src/scripts/storage.js:12834:3)
      at persistAllProjects (src/scripts/storage.js:13535:5)
      at Object.saveProject (tests/unit/storage.test.js:1197:5)

  console.warn
    MOCK SET: cameraPowerPlanner_project_rev__backup = 1

      61 |       return undefined;
      62 |     }
    > 63 |     return originalFn(...args);
         |            ^
      64 |   };
      65 | };
      66 |

      at console.<anonymous> (tests/setup/jest.setup.cjs:63:12)
      at console.apply [as warn] (src/scripts/modules/base.js:92:26)
      at Object.warn (tests/unit/storage.test.js:11:15)
      at setItem (src/scripts/storage.js:8524:19)
      at tryStoreCandidate (src/scripts/storage.js:8540:13)
      at attemptBackupWrite (src/scripts/storage.js:8617:26)
      at saveJSONToStorage (src/scripts/storage.js:1859:3)
      at bumpProjectStorageRevision (src/scripts/storage.js:12834:3)
      at persistAllProjects (src/scripts/storage.js:13535:5)
      at Object.saveProject (tests/unit/storage.test.js:1197:5)

  console.log
    DEBUG: getSafeLocalStorage returning object

      at Proxy.apply (src/scripts/modules/base.js:92:26)

  console.log
    DEBUG: getSafeLocalStorage returning object

      at Proxy.apply (src/scripts/modules/base.js:92:26)

  console.log
    DEBUG: getSafeLocalStorage returning object

      at Proxy.apply (src/scripts/modules/base.js:92:26)

  console.log
    DEBUG: getSafeLocalStorage returning object

      at Proxy.apply (src/scripts/modules/base.js:92:26)

  console.log
    DEBUG: getSafeLocalStorage returning object

      at Proxy.apply (src/scripts/modules/base.js:92:26)

  console.log
    DEBUG: getSafeLocalStorage returning object

      at Proxy.apply (src/scripts/modules/base.js:92:26)

  console.log
    DEBUG: getSafeLocalStorage returning object

      at Proxy.apply (src/scripts/modules/base.js:92:26)

  console.log
    DEBUG: getSafeLocalStorage returning object

      at Proxy.apply (src/scripts/modules/base.js:92:26)

  console.log
    DEBUG: getSafeLocalStorage returning object

      at Proxy.apply (src/scripts/modules/base.js:92:26)

  console.log
    DEBUG: getSafeLocalStorage returning object

      at Proxy.apply (src/scripts/modules/base.js:92:26)

  console.log
    DEBUG: getSafeLocalStorage returning object

      at Proxy.apply (src/scripts/modules/base.js:92:26)

  console.warn
    MOCK SET: cameraPowerPlanner_prj_Keep = {"gearList":"<ul>Keep</ul>","projectInfo":null,"ge

      61 |       return undefined;
      62 |     }
    > 63 |     return originalFn(...args);
         |            ^
      64 |   };
      65 | };
      66 |

      at console.<anonymous> (tests/setup/jest.setup.cjs:63:12)
      at console.apply [as warn] (src/scripts/modules/base.js:92:26)
      at Object.warn (tests/unit/storage.test.js:11:15)
      at setItem (src/scripts/storage.js:8463:17)
      at saveJSONToStorage (src/scripts/storage.js:12780:18)
      at persistProjectShard (src/scripts/storage.js:13513:20)
      at Object.saveProject (tests/unit/storage.test.js:1211:5)

  console.log
    DEBUG: getSafeLocalStorage returning object

      at Proxy.apply (src/scripts/modules/base.js:92:26)

  console.log
    DEBUG: getSafeLocalStorage returning object

      at Proxy.apply (src/scripts/modules/base.js:92:26)
          at Array.forEach (<anonymous>)

  console.log
    DEBUG: getSafeLocalStorage returning object

      at Proxy.apply (src/scripts/modules/base.js:92:26)
          at Array.forEach (<anonymous>)

  console.log
    DEBUG: getSafeLocalStorage returning object

      at Proxy.apply (src/scripts/modules/base.js:92:26)

  console.warn
    MOCK SET: cameraPowerPlanner_project_rev = 1

      61 |       return undefined;
      62 |     }
    > 63 |     return originalFn(...args);
         |            ^
      64 |   };
      65 | };
      66 |

      at console.<anonymous> (tests/setup/jest.setup.cjs:63:12)
      at console.apply [as warn] (src/scripts/modules/base.js:92:26)
      at Object.warn (tests/unit/storage.test.js:11:15)
      at setItem (src/scripts/storage.js:8463:17)
      at saveJSONToStorage (src/scripts/storage.js:1859:3)
      at bumpProjectStorageRevision (src/scripts/storage.js:12834:3)
      at persistAllProjects (src/scripts/storage.js:13535:5)
      at Object.saveProject (tests/unit/storage.test.js:1211:5)

  console.warn
    MOCK SET: cameraPowerPlanner_project_rev__backup = 1

      61 |       return undefined;
      62 |     }
    > 63 |     return originalFn(...args);
         |            ^
      64 |   };
      65 | };
      66 |

      at console.<anonymous> (tests/setup/jest.setup.cjs:63:12)
      at console.apply [as warn] (src/scripts/modules/base.js:92:26)
      at Object.warn (tests/unit/storage.test.js:11:15)
      at setItem (src/scripts/storage.js:8524:19)
      at tryStoreCandidate (src/scripts/storage.js:8540:13)
      at attemptBackupWrite (src/scripts/storage.js:8617:26)
      at saveJSONToStorage (src/scripts/storage.js:1859:3)
      at bumpProjectStorageRevision (src/scripts/storage.js:12834:3)
      at persistAllProjects (src/scripts/storage.js:13535:5)
      at Object.saveProject (tests/unit/storage.test.js:1211:5)

  console.log
    DEBUG: getSafeLocalStorage returning object

      at Proxy.apply (src/scripts/modules/base.js:92:26)

  console.log
    DEBUG: getSafeLocalStorage returning object

      at Proxy.apply (src/scripts/modules/base.js:92:26)

  console.log
    DEBUG: getSafeLocalStorage returning object

      at Proxy.apply (src/scripts/modules/base.js:92:26)

  console.log
    DEBUG: getSafeLocalStorage returning object

      at Proxy.apply (src/scripts/modules/base.js:92:26)

  console.log
    DEBUG: getSafeLocalStorage returning object

      at Proxy.apply (src/scripts/modules/base.js:92:26)

  console.log
    DEBUG: getSafeLocalStorage returning object

      at Proxy.apply (src/scripts/modules/base.js:92:26)

  console.log
    DEBUG: getSafeLocalStorage returning object

      at Proxy.apply (src/scripts/modules/base.js:92:26)

  console.log
    DEBUG: getSafeLocalStorage returning object

      at Proxy.apply (src/scripts/modules/base.js:92:26)

  console.warn
    MOCK SET: cameraPowerPlanner_prj_Drop = {"gearList":"<ul>Drop</ul>","projectInfo":null,"ge

      61 |       return undefined;
      62 |     }
    > 63 |     return originalFn(...args);
         |            ^
      64 |   };
      65 | };
      66 |

      at console.<anonymous> (tests/setup/jest.setup.cjs:63:12)
      at console.apply [as warn] (src/scripts/modules/base.js:92:26)
      at Object.warn (tests/unit/storage.test.js:11:15)
      at setItem (src/scripts/storage.js:8463:17)
      at saveJSONToStorage (src/scripts/storage.js:12780:18)
      at persistProjectShard (src/scripts/storage.js:13513:20)
      at Object.saveProject (tests/unit/storage.test.js:1212:5)

  console.log
    DEBUG: getSafeLocalStorage returning object

      at Proxy.apply (src/scripts/modules/base.js:92:26)

  console.log
    DEBUG: getSafeLocalStorage returning object

      at Proxy.apply (src/scripts/modules/base.js:92:26)
          at Array.forEach (<anonymous>)

  console.log
    DEBUG: getSafeLocalStorage returning object

      at Proxy.apply (src/scripts/modules/base.js:92:26)
          at Array.forEach (<anonymous>)

  console.log
    DEBUG: getSafeLocalStorage returning object

      at Proxy.apply (src/scripts/modules/base.js:92:26)
          at Array.forEach (<anonymous>)

  console.log
    DEBUG: getSafeLocalStorage returning object

      at Proxy.apply (src/scripts/modules/base.js:92:26)
          at Array.forEach (<anonymous>)

  console.log
    DEBUG: getSafeLocalStorage returning object

      at Proxy.apply (src/scripts/modules/base.js:92:26)

  console.warn
    MOCK SET: cameraPowerPlanner_project_rev = 2

      61 |       return undefined;
      62 |     }
    > 63 |     return originalFn(...args);
         |            ^
      64 |   };
      65 | };
      66 |

      at console.<anonymous> (tests/setup/jest.setup.cjs:63:12)
      at console.apply [as warn] (src/scripts/modules/base.js:92:26)
      at Object.warn (tests/unit/storage.test.js:11:15)
      at setItem (src/scripts/storage.js:8463:17)
      at saveJSONToStorage (src/scripts/storage.js:1859:3)
      at bumpProjectStorageRevision (src/scripts/storage.js:12834:3)
      at persistAllProjects (src/scripts/storage.js:13535:5)
      at Object.saveProject (tests/unit/storage.test.js:1212:5)

  console.warn
    MOCK SET: cameraPowerPlanner_project_rev__backup = 2

      61 |       return undefined;
      62 |     }
    > 63 |     return originalFn(...args);
         |            ^
      64 |   };
      65 | };
      66 |

      at console.<anonymous> (tests/setup/jest.setup.cjs:63:12)
      at console.apply [as warn] (src/scripts/modules/base.js:92:26)
      at Object.warn (tests/unit/storage.test.js:11:15)
      at setItem (src/scripts/storage.js:8524:19)
      at tryStoreCandidate (src/scripts/storage.js:8540:13)
      at attemptBackupWrite (src/scripts/storage.js:8617:26)
      at saveJSONToStorage (src/scripts/storage.js:1859:3)
      at bumpProjectStorageRevision (src/scripts/storage.js:12834:3)
      at persistAllProjects (src/scripts/storage.js:13535:5)
      at Object.saveProject (tests/unit/storage.test.js:1212:5)

  console.log
    DEBUG: Keys after save: [
      'getItem',
      'setItem',
      'removeItem',
      'clear',
      'key',
      'length',
      '__resetInfo',
      '__getStore'
    ]

      at Proxy.apply (src/scripts/modules/base.js:92:26)

  console.log
    DEBUG: getSafeLocalStorage returning object

      at Proxy.apply (src/scripts/modules/base.js:92:26)

  console.log
    DEBUG: getSafeLocalStorage returning object

      at Proxy.apply (src/scripts/modules/base.js:92:26)

  console.log
    DEBUG: getSafeLocalStorage returning object

      at Proxy.apply (src/scripts/modules/base.js:92:26)

  console.log
    DEBUG: getSafeLocalStorage returning object

      at Proxy.apply (src/scripts/modules/base.js:92:26)

  console.log
    DEBUG: getSafeLocalStorage returning object

      at Proxy.apply (src/scripts/modules/base.js:92:26)

  console.log
    DEBUG: getSafeLocalStorage returning object

      at Proxy.apply (src/scripts/modules/base.js:92:26)

  console.log
    DEBUG: getSafeLocalStorage returning object

      at Proxy.apply (src/scripts/modules/base.js:92:26)

  console.log
    DEBUG: Keys after delete: [
      'getItem',
      'setItem',
      'removeItem',
      'clear',
      'key',
      'length',
      '__resetInfo',
      '__getStore'
    ]

      at Proxy.apply (src/scripts/modules/base.js:92:26)

  console.log
    DEBUG: getSafeLocalStorage returning object

      at Proxy.apply (src/scripts/modules/base.js:92:26)

  console.log
    DEBUG: getSafeLocalStorage returning object

      at Proxy.apply (src/scripts/modules/base.js:92:26)

  console.log
    DEBUG: getSafeLocalStorage returning object

      at Proxy.apply (src/scripts/modules/base.js:92:26)

  console.log
    DEBUG: getSafeLocalStorage returning object

      at Proxy.apply (src/scripts/modules/base.js:92:26)

  console.log
    DEBUG: getSafeLocalStorage returning object

      at Proxy.apply (src/scripts/modules/base.js:92:26)

  console.log
    DEBUG: getSafeLocalStorage returning object

      at Proxy.apply (src/scripts/modules/base.js:92:26)

  console.log
    DEBUG: getSafeLocalStorage returning object

      at Proxy.apply (src/scripts/modules/base.js:92:26)

  console.log
    DEBUG: getSafeLocalStorage returning object

      at Proxy.apply (src/scripts/modules/base.js:92:26)

  console.warn
    MOCK SET: cameraPowerPlanner_prj_NullProj = {"gearList":"","projectInfo":null,"gearListAndProj

      61 |       return undefined;
      62 |     }
    > 63 |     return originalFn(...args);
         |            ^
      64 |   };
      65 | };
      66 |

      at console.<anonymous> (tests/setup/jest.setup.cjs:63:12)
      at console.apply [as warn] (src/scripts/modules/base.js:92:26)
      at Object.warn (tests/unit/storage.test.js:11:15)
      at setItem (src/scripts/storage.js:8463:17)
      at saveJSONToStorage (src/scripts/storage.js:12780:18)
      at persistProjectShard (src/scripts/storage.js:13513:20)
      at Object.saveProject (tests/unit/storage.test.js:1229:5)

  console.log
    DEBUG: getSafeLocalStorage returning object

      at Proxy.apply (src/scripts/modules/base.js:92:26)

  console.log
    DEBUG: getSafeLocalStorage returning object

      at Proxy.apply (src/scripts/modules/base.js:92:26)
          at Array.forEach (<anonymous>)

  console.log
    DEBUG: getSafeLocalStorage returning object

      at Proxy.apply (src/scripts/modules/base.js:92:26)
          at Array.forEach (<anonymous>)

  console.log
    DEBUG: getSafeLocalStorage returning object

      at Proxy.apply (src/scripts/modules/base.js:92:26)

  console.warn
    MOCK SET: cameraPowerPlanner_project_rev = 1

      61 |       return undefined;
      62 |     }
    > 63 |     return originalFn(...args);
         |            ^
      64 |   };
      65 | };
      66 |

      at console.<anonymous> (tests/setup/jest.setup.cjs:63:12)
      at console.apply [as warn] (src/scripts/modules/base.js:92:26)
      at Object.warn (tests/unit/storage.test.js:11:15)
      at setItem (src/scripts/storage.js:8463:17)
      at saveJSONToStorage (src/scripts/storage.js:1859:3)
      at bumpProjectStorageRevision (src/scripts/storage.js:12834:3)
      at persistAllProjects (src/scripts/storage.js:13535:5)
      at Object.saveProject (tests/unit/storage.test.js:1229:5)

  console.warn
    MOCK SET: cameraPowerPlanner_project_rev__backup = 1

      61 |       return undefined;
      62 |     }
    > 63 |     return originalFn(...args);
         |            ^
      64 |   };
      65 | };
      66 |

      at console.<anonymous> (tests/setup/jest.setup.cjs:63:12)
      at console.apply [as warn] (src/scripts/modules/base.js:92:26)
      at Object.warn (tests/unit/storage.test.js:11:15)
      at setItem (src/scripts/storage.js:8524:19)
      at tryStoreCandidate (src/scripts/storage.js:8540:13)
      at attemptBackupWrite (src/scripts/storage.js:8617:26)
      at saveJSONToStorage (src/scripts/storage.js:1859:3)
      at bumpProjectStorageRevision (src/scripts/storage.js:12834:3)
      at persistAllProjects (src/scripts/storage.js:13535:5)
      at Object.saveProject (tests/unit/storage.test.js:1229:5)

  console.log
    DEBUG: getSafeLocalStorage returning object

      at Proxy.apply (src/scripts/modules/base.js:92:26)

  console.log
    DEBUG: getSafeLocalStorage returning object

      at Proxy.apply (src/scripts/modules/base.js:92:26)

  console.log
    DEBUG: getSafeLocalStorage returning object

      at Proxy.apply (src/scripts/modules/base.js:92:26)

  console.log
    DEBUG: getSafeLocalStorage returning object

      at Proxy.apply (src/scripts/modules/base.js:92:26)

  console.log
    DEBUG: getSafeLocalStorage returning object

      at Proxy.apply (src/scripts/modules/base.js:92:26)

  console.log
    DEBUG: getSafeLocalStorage returning object

      at Proxy.apply (src/scripts/modules/base.js:92:26)

  console.log
    DEBUG: getSafeLocalStorage returning object

      at Proxy.apply (src/scripts/modules/base.js:92:26)

  console.log
    DEBUG: getSafeLocalStorage returning object

      at Proxy.apply (src/scripts/modules/base.js:92:26)

  console.log
    DEBUG: getSafeLocalStorage returning object

      at Proxy.apply (src/scripts/modules/base.js:92:26)

  console.log
    DEBUG: getSafeLocalStorage returning object

      at Proxy.apply (src/scripts/modules/base.js:92:26)

  console.log
    DEBUG: getSafeLocalStorage returning object

      at Proxy.apply (src/scripts/modules/base.js:92:26)

  console.log
    DEBUG: getSafeLocalStorage returning object

      at Proxy.apply (src/scripts/modules/base.js:92:26)

  console.log
    DEBUG: getSafeLocalStorage returning object

      at Proxy.apply (src/scripts/modules/base.js:92:26)

  console.warn
    MOCK SET: cameraPowerPlanner_prj_InfoProj = {"gearList":"<ul>Info</ul>","projectInfo":null,"ge

      61 |       return undefined;
      62 |     }
    > 63 |     return originalFn(...args);
         |            ^
      64 |   };
      65 | };
      66 |

      at console.<anonymous> (tests/setup/jest.setup.cjs:63:12)
      at console.apply [as warn] (src/scripts/modules/base.js:92:26)
      at Object.warn (tests/unit/storage.test.js:11:15)
      at setItem (src/scripts/storage.js:8463:17)
      at saveJSONToStorage (src/scripts/storage.js:12780:18)
      at persistProjectShard (src/scripts/storage.js:13513:20)
      at Object.saveProject (tests/unit/storage.test.js:1234:5)

  console.log
    DEBUG: getSafeLocalStorage returning object

      at Proxy.apply (src/scripts/modules/base.js:92:26)

  console.log
    DEBUG: getSafeLocalStorage returning object

      at Proxy.apply (src/scripts/modules/base.js:92:26)
          at Array.forEach (<anonymous>)

  console.log
    DEBUG: getSafeLocalStorage returning object

      at Proxy.apply (src/scripts/modules/base.js:92:26)
          at Array.forEach (<anonymous>)

  console.log
    DEBUG: getSafeLocalStorage returning object

      at Proxy.apply (src/scripts/modules/base.js:92:26)

  console.warn
    MOCK SET: cameraPowerPlanner_project_rev = 1

      61 |       return undefined;
      62 |     }
    > 63 |     return originalFn(...args);
         |            ^
      64 |   };
      65 | };
      66 |

      at console.<anonymous> (tests/setup/jest.setup.cjs:63:12)
      at console.apply [as warn] (src/scripts/modules/base.js:92:26)
      at Object.warn (tests/unit/storage.test.js:11:15)
      at setItem (src/scripts/storage.js:8463:17)
      at saveJSONToStorage (src/scripts/storage.js:1859:3)
      at bumpProjectStorageRevision (src/scripts/storage.js:12834:3)
      at persistAllProjects (src/scripts/storage.js:13535:5)
      at Object.saveProject (tests/unit/storage.test.js:1234:5)

  console.warn
    MOCK SET: cameraPowerPlanner_project_rev__backup = 1

      61 |       return undefined;
      62 |     }
    > 63 |     return originalFn(...args);
         |            ^
      64 |   };
      65 | };
      66 |

      at console.<anonymous> (tests/setup/jest.setup.cjs:63:12)
      at console.apply [as warn] (src/scripts/modules/base.js:92:26)
      at Object.warn (tests/unit/storage.test.js:11:15)
      at setItem (src/scripts/storage.js:8524:19)
      at tryStoreCandidate (src/scripts/storage.js:8540:13)
      at attemptBackupWrite (src/scripts/storage.js:8617:26)
      at saveJSONToStorage (src/scripts/storage.js:1859:3)
      at bumpProjectStorageRevision (src/scripts/storage.js:12834:3)
      at persistAllProjects (src/scripts/storage.js:13535:5)
      at Object.saveProject (tests/unit/storage.test.js:1234:5)

  console.log
    DEBUG: getSafeLocalStorage returning object

      at Proxy.apply (src/scripts/modules/base.js:92:26)

  console.log
    DEBUG: getSafeLocalStorage returning object

      at Proxy.apply (src/scripts/modules/base.js:92:26)

  console.log
    DEBUG: getSafeLocalStorage returning object

      at Proxy.apply (src/scripts/modules/base.js:92:26)

  console.log
    DEBUG: getSafeLocalStorage returning object

      at Proxy.apply (src/scripts/modules/base.js:92:26)

  console.log
    DEBUG: getSafeLocalStorage returning object

      at Proxy.apply (src/scripts/modules/base.js:92:26)

  console.log
    DEBUG: getSafeLocalStorage returning object

      at Proxy.apply (src/scripts/modules/base.js:92:26)

  console.log
    DEBUG: getSafeLocalStorage returning object

      at Proxy.apply (src/scripts/modules/base.js:92:26)

  console.log
    DEBUG: getSafeLocalStorage returning object

      at Proxy.apply (src/scripts/modules/base.js:92:26)

  console.log
    DEBUG: getSafeLocalStorage returning object

      at Proxy.apply (src/scripts/modules/base.js:92:26)

  console.log
    DEBUG: getSafeLocalStorage returning object

      at Proxy.apply (src/scripts/modules/base.js:92:26)

  console.log
    DEBUG: getSafeLocalStorage returning object

      at Proxy.apply (src/scripts/modules/base.js:92:26)

  console.warn
    MOCK SET: cameraPowerPlanner_prj_CustomSelectors = {"gearList":"<ul>Custom</ul>","projectInfo":null,"

      61 |       return undefined;
      62 |     }
    > 63 |     return originalFn(...args);
         |            ^
      64 |   };
      65 | };
      66 |

      at console.<anonymous> (tests/setup/jest.setup.cjs:63:12)
      at console.apply [as warn] (src/scripts/modules/base.js:92:26)
      at Object.warn (tests/unit/storage.test.js:11:15)
      at setItem (src/scripts/storage.js:8463:17)
      at saveJSONToStorage (src/scripts/storage.js:12780:18)
      at persistProjectShard (src/scripts/storage.js:13513:20)
      at Object.saveProject (tests/unit/storage.test.js:1239:5)

  console.log
    DEBUG: getSafeLocalStorage returning object

      at Proxy.apply (src/scripts/modules/base.js:92:26)

  console.log
    DEBUG: getSafeLocalStorage returning object

      at Proxy.apply (src/scripts/modules/base.js:92:26)
          at Array.forEach (<anonymous>)

  console.log
    DEBUG: getSafeLocalStorage returning object

      at Proxy.apply (src/scripts/modules/base.js:92:26)
          at Array.forEach (<anonymous>)

  console.log
    DEBUG: getSafeLocalStorage returning object

      at Proxy.apply (src/scripts/modules/base.js:92:26)

  console.warn
    MOCK SET: cameraPowerPlanner_project_rev = 1

      61 |       return undefined;
      62 |     }
    > 63 |     return originalFn(...args);
         |            ^
      64 |   };
      65 | };
      66 |

      at console.<anonymous> (tests/setup/jest.setup.cjs:63:12)
      at console.apply [as warn] (src/scripts/modules/base.js:92:26)
      at Object.warn (tests/unit/storage.test.js:11:15)
      at setItem (src/scripts/storage.js:8463:17)
      at saveJSONToStorage (src/scripts/storage.js:1859:3)
      at bumpProjectStorageRevision (src/scripts/storage.js:12834:3)
      at persistAllProjects (src/scripts/storage.js:13535:5)
      at Object.saveProject (tests/unit/storage.test.js:1239:5)

  console.warn
    MOCK SET: cameraPowerPlanner_project_rev__backup = 1

      61 |       return undefined;
      62 |     }
    > 63 |     return originalFn(...args);
         |            ^
      64 |   };
      65 | };
      66 |

      at console.<anonymous> (tests/setup/jest.setup.cjs:63:12)
      at console.apply [as warn] (src/scripts/modules/base.js:92:26)
      at Object.warn (tests/unit/storage.test.js:11:15)
      at setItem (src/scripts/storage.js:8524:19)
      at tryStoreCandidate (src/scripts/storage.js:8540:13)
      at attemptBackupWrite (src/scripts/storage.js:8617:26)
      at saveJSONToStorage (src/scripts/storage.js:1859:3)
      at bumpProjectStorageRevision (src/scripts/storage.js:12834:3)
      at persistAllProjects (src/scripts/storage.js:13535:5)
      at Object.saveProject (tests/unit/storage.test.js:1239:5)

  console.log
    DEBUG: getSafeLocalStorage returning object

      at Proxy.apply (src/scripts/modules/base.js:92:26)

  console.log
    DEBUG: getSafeLocalStorage returning object

      at Proxy.apply (src/scripts/modules/base.js:92:26)

  console.log
    DEBUG: getSafeLocalStorage returning object

      at Proxy.apply (src/scripts/modules/base.js:92:26)

  console.log
    DEBUG: getSafeLocalStorage returning object

      at Proxy.apply (src/scripts/modules/base.js:92:26)

  console.log
    DEBUG: getSafeLocalStorage returning object

      at Proxy.apply (src/scripts/modules/base.js:92:26)

  console.log
    DEBUG: getSafeLocalStorage returning object

      at Proxy.apply (src/scripts/modules/base.js:92:26)

  console.warn
    MOCK SET: cameraPowerPlanner_project = {"auto-backup-2024-01-01-00-00-Project Alpha":{"ge

      61 |       return undefined;
      62 |     }
    > 63 |     return originalFn(...args);
         |            ^
      64 |   };
      65 | };
      66 |

      at console.<anonymous> (tests/setup/jest.setup.cjs:63:12)
      at console.apply [as warn] (src/scripts/modules/base.js:92:26)
      at Object.warn (tests/unit/storage.test.js:11:15)
      at Object.setItem (tests/unit/storage.test.js:1274:18)

  console.log
    DEBUG: getSafeLocalStorage returning object

      at Proxy.apply (src/scripts/modules/base.js:92:26)

  console.log
    DEBUG: getSafeLocalStorage returning object

      at Proxy.apply (src/scripts/modules/base.js:92:26)

  console.log
    DEBUG: getSafeLocalStorage returning object

      at Proxy.apply (src/scripts/modules/base.js:92:26)

  console.warn
    MOCK SET: cameraPowerPlanner_project__legacyMigrationBackup = {"createdAt":"2026-01-16T20:14:34.810Z","data":{"a

      61 |       return undefined;
      62 |     }
    > 63 |     return originalFn(...args);
         |            ^
      64 |   };
      65 | };
      66 |

      at console.<anonymous> (tests/setup/jest.setup.cjs:63:12)
      at console.apply [as warn] (src/scripts/modules/base.js:92:26)
      at Object.warn (tests/unit/storage.test.js:11:15)
      at setItem (src/scripts/storage.js:5565:15)
      at tryStoreSerialized (src/scripts/storage.js:5587:26)
      at createStorageMigrationBackup (src/scripts/storage.js:13355:7)
      at Object.saveProject (tests/unit/storage.test.js:1276:5)

  console.log
    DEBUG: getSafeLocalStorage returning object

      at Proxy.apply (src/scripts/modules/base.js:92:26)

  console.log
    DEBUG: getSafeLocalStorage returning object

      at Proxy.apply (src/scripts/modules/base.js:92:26)

  console.log
    DEBUG: getSafeLocalStorage returning object

      at Proxy.apply (src/scripts/modules/base.js:92:26)

  console.warn
    MOCK SET: cameraPowerPlanner_project__legacyMigrationBackup = [{"createdAt":"2026-01-16T20:14:34.810Z","data":{"

      61 |       return undefined;
      62 |     }
    > 63 |     return originalFn(...args);
         |            ^
      64 |   };
      65 | };
      66 |

      at console.<anonymous> (tests/setup/jest.setup.cjs:63:12)
      at console.apply [as warn] (src/scripts/modules/base.js:92:26)
      at Object.warn (tests/unit/storage.test.js:11:15)
      at setItem (src/scripts/storage.js:5514:19)
      at tryStoreList (src/scripts/storage.js:5521:20)
      at createStorageMigrationBackup (src/scripts/storage.js:13397:7)
      at Object.saveProject (tests/unit/storage.test.js:1276:5)

  console.log
    DEBUG: getSafeLocalStorage returning object

      at Proxy.apply (src/scripts/modules/base.js:92:26)

  console.log
    DEBUG: getSafeLocalStorage returning object

      at Proxy.apply (src/scripts/modules/base.js:92:26)

  console.warn
    MOCK SET: cameraPowerPlanner_prj_auto-backup-2024-01-02-00-00-Project Alpha = {"__cineAutoBackupSnapshot":{"version":1,"snapshot

      61 |       return undefined;
      62 |     }
    > 63 |     return originalFn(...args);
         |            ^
      64 |   };
      65 | };
      66 |

      at console.<anonymous> (tests/setup/jest.setup.cjs:63:12)
      at console.apply [as warn] (src/scripts/modules/base.js:92:26)
      at Object.warn (tests/unit/storage.test.js:11:15)
      at setItem (src/scripts/storage.js:8463:17)
      at saveJSONToStorage (src/scripts/storage.js:12780:18)
      at persistProjectShard (src/scripts/storage.js:13513:20)
      at Object.saveProject (tests/unit/storage.test.js:1276:5)

  console.log
    DEBUG: getSafeLocalStorage returning object

      at Proxy.apply (src/scripts/modules/base.js:92:26)

  console.log
    DEBUG: getSafeLocalStorage returning object

      at Proxy.apply (src/scripts/modules/base.js:92:26)
          at Array.forEach (<anonymous>)

  console.log
    DEBUG: getSafeLocalStorage returning object

      at Proxy.apply (src/scripts/modules/base.js:92:26)
          at Array.forEach (<anonymous>)

  console.warn
    MOCK SET: cameraPowerPlanner_prj_auto-backup-2024-01-01-00-00-Project Alpha = {"__cineAutoBackupSnapshot":{"version":1,"snapshot

      61 |       return undefined;
      62 |     }
    > 63 |     return originalFn(...args);
         |            ^
      64 |   };
      65 | };
      66 |

      at console.<anonymous> (tests/setup/jest.setup.cjs:63:12)
      at console.apply [as warn] (src/scripts/modules/base.js:92:26)
      at Object.warn (tests/unit/storage.test.js:11:15)
      at setItem (src/scripts/storage.js:8463:17)
      at saveJSONToStorage (src/scripts/storage.js:12780:18)
      at persistProjectShard (src/scripts/storage.js:12828:5)
          at Array.forEach (<anonymous>)
      at forEach (src/scripts/storage.js:12827:25)
      at persistAllProjects (src/scripts/storage.js:13535:5)
      at Object.saveProject (tests/unit/storage.test.js:1276:5)

  console.log
    DEBUG: getSafeLocalStorage returning object

      at Proxy.apply (src/scripts/modules/base.js:92:26)
          at Array.forEach (<anonymous>)

  console.log
    DEBUG: getSafeLocalStorage returning object

      at Proxy.apply (src/scripts/modules/base.js:92:26)
          at Array.forEach (<anonymous>)

  console.warn
    MOCK SET: cameraPowerPlanner_prj_auto-backup-2024-01-01-00-01-Project Alpha = {"__cineAutoBackupSnapshot":{"version":1,"snapshot

      61 |       return undefined;
      62 |     }
    > 63 |     return originalFn(...args);
         |            ^
      64 |   };
      65 | };
      66 |

      at console.<anonymous> (tests/setup/jest.setup.cjs:63:12)
      at console.apply [as warn] (src/scripts/modules/base.js:92:26)
      at Object.warn (tests/unit/storage.test.js:11:15)
      at setItem (src/scripts/storage.js:8463:17)
      at saveJSONToStorage (src/scripts/storage.js:12780:18)
      at persistProjectShard (src/scripts/storage.js:12828:5)
          at Array.forEach (<anonymous>)
      at forEach (src/scripts/storage.js:12827:25)
      at persistAllProjects (src/scripts/storage.js:13535:5)
      at Object.saveProject (tests/unit/storage.test.js:1276:5)

  console.log
    DEBUG: getSafeLocalStorage returning object

      at Proxy.apply (src/scripts/modules/base.js:92:26)
          at Array.forEach (<anonymous>)

  console.log
    DEBUG: getSafeLocalStorage returning object

      at Proxy.apply (src/scripts/modules/base.js:92:26)
          at Array.forEach (<anonymous>)

  console.warn
    MOCK SET: cameraPowerPlanner_prj_auto-backup-2024-01-01-00-02-Project Alpha = {"__cineAutoBackupSnapshot":{"version":1,"snapshot

      61 |       return undefined;
      62 |     }
    > 63 |     return originalFn(...args);
         |            ^
      64 |   };
      65 | };
      66 |

      at console.<anonymous> (tests/setup/jest.setup.cjs:63:12)
      at console.apply [as warn] (src/scripts/modules/base.js:92:26)
      at Object.warn (tests/unit/storage.test.js:11:15)
      at setItem (src/scripts/storage.js:8463:17)
      at saveJSONToStorage (src/scripts/storage.js:12780:18)
      at persistProjectShard (src/scripts/storage.js:12828:5)
          at Array.forEach (<anonymous>)
      at forEach (src/scripts/storage.js:12827:25)
      at persistAllProjects (src/scripts/storage.js:13535:5)
      at Object.saveProject (tests/unit/storage.test.js:1276:5)

  console.log
    DEBUG: getSafeLocalStorage returning object

      at Proxy.apply (src/scripts/modules/base.js:92:26)
          at Array.forEach (<anonymous>)

  console.log
    DEBUG: getSafeLocalStorage returning object

      at Proxy.apply (src/scripts/modules/base.js:92:26)
          at Array.forEach (<anonymous>)

  console.warn
    MOCK SET: cameraPowerPlanner_prj_auto-backup-2024-01-01-00-03-Project Alpha = {"__cineAutoBackupSnapshot":{"version":1,"snapshot

      61 |       return undefined;
      62 |     }
    > 63 |     return originalFn(...args);
         |            ^
      64 |   };
      65 | };
      66 |

      at console.<anonymous> (tests/setup/jest.setup.cjs:63:12)
      at console.apply [as warn] (src/scripts/modules/base.js:92:26)
      at Object.warn (tests/unit/storage.test.js:11:15)
      at setItem (src/scripts/storage.js:8463:17)
      at saveJSONToStorage (src/scripts/storage.js:12780:18)
      at persistProjectShard (src/scripts/storage.js:12828:5)
          at Array.forEach (<anonymous>)
      at forEach (src/scripts/storage.js:12827:25)
      at persistAllProjects (src/scripts/storage.js:13535:5)
      at Object.saveProject (tests/unit/storage.test.js:1276:5)

  console.log
    DEBUG: getSafeLocalStorage returning object

      at Proxy.apply (src/scripts/modules/base.js:92:26)
          at Array.forEach (<anonymous>)

  console.log
    DEBUG: getSafeLocalStorage returning object

      at Proxy.apply (src/scripts/modules/base.js:92:26)
          at Array.forEach (<anonymous>)

  console.warn
    MOCK SET: cameraPowerPlanner_prj_auto-backup-2024-01-01-00-04-Project Alpha = {"__cineAutoBackupSnapshot":{"version":1,"snapshot

      61 |       return undefined;
      62 |     }
    > 63 |     return originalFn(...args);
         |            ^
      64 |   };
      65 | };
      66 |

      at console.<anonymous> (tests/setup/jest.setup.cjs:63:12)
      at console.apply [as warn] (src/scripts/modules/base.js:92:26)
      at Object.warn (tests/unit/storage.test.js:11:15)
      at setItem (src/scripts/storage.js:8463:17)
      at saveJSONToStorage (src/scripts/storage.js:12780:18)
      at persistProjectShard (src/scripts/storage.js:12828:5)
          at Array.forEach (<anonymous>)
      at forEach (src/scripts/storage.js:12827:25)
      at persistAllProjects (src/scripts/storage.js:13535:5)
      at Object.saveProject (tests/unit/storage.test.js:1276:5)

  console.log
    DEBUG: getSafeLocalStorage returning object

      at Proxy.apply (src/scripts/modules/base.js:92:26)
          at Array.forEach (<anonymous>)

  console.log
    DEBUG: getSafeLocalStorage returning object

      at Proxy.apply (src/scripts/modules/base.js:92:26)
          at Array.forEach (<anonymous>)

  console.warn
    MOCK SET: cameraPowerPlanner_prj_auto-backup-2024-01-01-00-05-Project Alpha = {"__cineAutoBackupSnapshot":{"version":1,"snapshot

      61 |       return undefined;
      62 |     }
    > 63 |     return originalFn(...args);
         |            ^
      64 |   };
      65 | };
      66 |

      at console.<anonymous> (tests/setup/jest.setup.cjs:63:12)
      at console.apply [as warn] (src/scripts/modules/base.js:92:26)
      at Object.warn (tests/unit/storage.test.js:11:15)
      at setItem (src/scripts/storage.js:8463:17)
      at saveJSONToStorage (src/scripts/storage.js:12780:18)
      at persistProjectShard (src/scripts/storage.js:12828:5)
          at Array.forEach (<anonymous>)
      at forEach (src/scripts/storage.js:12827:25)
      at persistAllProjects (src/scripts/storage.js:13535:5)
      at Object.saveProject (tests/unit/storage.test.js:1276:5)

  console.log
    DEBUG: getSafeLocalStorage returning object

      at Proxy.apply (src/scripts/modules/base.js:92:26)
          at Array.forEach (<anonymous>)

  console.log
    DEBUG: getSafeLocalStorage returning object

      at Proxy.apply (src/scripts/modules/base.js:92:26)
          at Array.forEach (<anonymous>)

  console.warn
    MOCK SET: cameraPowerPlanner_prj_auto-backup-2024-01-01-00-06-Project Alpha = {"__cineAutoBackupSnapshot":{"version":1,"snapshot

      61 |       return undefined;
      62 |     }
    > 63 |     return originalFn(...args);
         |            ^
      64 |   };
      65 | };
      66 |

      at console.<anonymous> (tests/setup/jest.setup.cjs:63:12)
      at console.apply [as warn] (src/scripts/modules/base.js:92:26)
      at Object.warn (tests/unit/storage.test.js:11:15)
      at setItem (src/scripts/storage.js:8463:17)
      at saveJSONToStorage (src/scripts/storage.js:12780:18)
      at persistProjectShard (src/scripts/storage.js:12828:5)
          at Array.forEach (<anonymous>)
      at forEach (src/scripts/storage.js:12827:25)
      at persistAllProjects (src/scripts/storage.js:13535:5)
      at Object.saveProject (tests/unit/storage.test.js:1276:5)

  console.log
    DEBUG: getSafeLocalStorage returning object

      at Proxy.apply (src/scripts/modules/base.js:92:26)
          at Array.forEach (<anonymous>)

  console.log
    DEBUG: getSafeLocalStorage returning object

      at Proxy.apply (src/scripts/modules/base.js:92:26)
          at Array.forEach (<anonymous>)

  console.warn
    MOCK SET: cameraPowerPlanner_prj_auto-backup-2024-01-01-00-07-Project Alpha = {"__cineAutoBackupSnapshot":{"version":1,"snapshot

      61 |       return undefined;
      62 |     }
    > 63 |     return originalFn(...args);
         |            ^
      64 |   };
      65 | };
      66 |

      at console.<anonymous> (tests/setup/jest.setup.cjs:63:12)
      at console.apply [as warn] (src/scripts/modules/base.js:92:26)
      at Object.warn (tests/unit/storage.test.js:11:15)
      at setItem (src/scripts/storage.js:8463:17)
      at saveJSONToStorage (src/scripts/storage.js:12780:18)
      at persistProjectShard (src/scripts/storage.js:12828:5)
          at Array.forEach (<anonymous>)
      at forEach (src/scripts/storage.js:12827:25)
      at persistAllProjects (src/scripts/storage.js:13535:5)
      at Object.saveProject (tests/unit/storage.test.js:1276:5)

  console.log
    DEBUG: getSafeLocalStorage returning object

      at Proxy.apply (src/scripts/modules/base.js:92:26)
          at Array.forEach (<anonymous>)

  console.log
    DEBUG: getSafeLocalStorage returning object

      at Proxy.apply (src/scripts/modules/base.js:92:26)
          at Array.forEach (<anonymous>)

  console.warn
    MOCK SET: cameraPowerPlanner_prj_auto-backup-2024-01-01-00-08-Project Alpha = {"__cineAutoBackupSnapshot":{"version":1,"snapshot

      61 |       return undefined;
      62 |     }
    > 63 |     return originalFn(...args);
         |            ^
      64 |   };
      65 | };
      66 |

      at console.<anonymous> (tests/setup/jest.setup.cjs:63:12)
      at console.apply [as warn] (src/scripts/modules/base.js:92:26)
      at Object.warn (tests/unit/storage.test.js:11:15)
      at setItem (src/scripts/storage.js:8463:17)
      at saveJSONToStorage (src/scripts/storage.js:12780:18)
      at persistProjectShard (src/scripts/storage.js:12828:5)
          at Array.forEach (<anonymous>)
      at forEach (src/scripts/storage.js:12827:25)
      at persistAllProjects (src/scripts/storage.js:13535:5)
      at Object.saveProject (tests/unit/storage.test.js:1276:5)

  console.log
    DEBUG: getSafeLocalStorage returning object

      at Proxy.apply (src/scripts/modules/base.js:92:26)
          at Array.forEach (<anonymous>)

  console.log
    DEBUG: getSafeLocalStorage returning object

      at Proxy.apply (src/scripts/modules/base.js:92:26)
          at Array.forEach (<anonymous>)

  console.warn
    MOCK SET: cameraPowerPlanner_prj_auto-backup-2024-01-01-00-09-Project Alpha = {"__cineAutoBackupSnapshot":{"version":1,"snapshot

      61 |       return undefined;
      62 |     }
    > 63 |     return originalFn(...args);
         |            ^
      64 |   };
      65 | };
      66 |

      at console.<anonymous> (tests/setup/jest.setup.cjs:63:12)
      at console.apply [as warn] (src/scripts/modules/base.js:92:26)
      at Object.warn (tests/unit/storage.test.js:11:15)
      at setItem (src/scripts/storage.js:8463:17)
      at saveJSONToStorage (src/scripts/storage.js:12780:18)
      at persistProjectShard (src/scripts/storage.js:12828:5)
          at Array.forEach (<anonymous>)
      at forEach (src/scripts/storage.js:12827:25)
      at persistAllProjects (src/scripts/storage.js:13535:5)
      at Object.saveProject (tests/unit/storage.test.js:1276:5)

  console.log
    DEBUG: getSafeLocalStorage returning object

      at Proxy.apply (src/scripts/modules/base.js:92:26)
          at Array.forEach (<anonymous>)

  console.log
    DEBUG: getSafeLocalStorage returning object

      at Proxy.apply (src/scripts/modules/base.js:92:26)
          at Array.forEach (<anonymous>)

  console.warn
    MOCK SET: cameraPowerPlanner_prj_auto-backup-2024-01-01-00-10-Project Alpha = {"__cineAutoBackupSnapshot":{"version":1,"snapshot

      61 |       return undefined;
      62 |     }
    > 63 |     return originalFn(...args);
         |            ^
      64 |   };
      65 | };
      66 |

      at console.<anonymous> (tests/setup/jest.setup.cjs:63:12)
      at console.apply [as warn] (src/scripts/modules/base.js:92:26)
      at Object.warn (tests/unit/storage.test.js:11:15)
      at setItem (src/scripts/storage.js:8463:17)
      at saveJSONToStorage (src/scripts/storage.js:12780:18)
      at persistProjectShard (src/scripts/storage.js:12828:5)
          at Array.forEach (<anonymous>)
      at forEach (src/scripts/storage.js:12827:25)
      at persistAllProjects (src/scripts/storage.js:13535:5)
      at Object.saveProject (tests/unit/storage.test.js:1276:5)

  console.log
    DEBUG: getSafeLocalStorage returning object

      at Proxy.apply (src/scripts/modules/base.js:92:26)
          at Array.forEach (<anonymous>)

  console.log
    DEBUG: getSafeLocalStorage returning object

      at Proxy.apply (src/scripts/modules/base.js:92:26)
          at Array.forEach (<anonymous>)

  console.warn
    MOCK SET: cameraPowerPlanner_prj_auto-backup-2024-01-01-00-11-Project Alpha = {"__cineAutoBackupSnapshot":{"version":1,"snapshot

      61 |       return undefined;
      62 |     }
    > 63 |     return originalFn(...args);
         |            ^
      64 |   };
      65 | };
      66 |

      at console.<anonymous> (tests/setup/jest.setup.cjs:63:12)
      at console.apply [as warn] (src/scripts/modules/base.js:92:26)
      at Object.warn (tests/unit/storage.test.js:11:15)
      at setItem (src/scripts/storage.js:8463:17)
      at saveJSONToStorage (src/scripts/storage.js:12780:18)
      at persistProjectShard (src/scripts/storage.js:12828:5)
          at Array.forEach (<anonymous>)
      at forEach (src/scripts/storage.js:12827:25)
      at persistAllProjects (src/scripts/storage.js:13535:5)
      at Object.saveProject (tests/unit/storage.test.js:1276:5)

  console.log
    DEBUG: getSafeLocalStorage returning object

      at Proxy.apply (src/scripts/modules/base.js:92:26)
          at Array.forEach (<anonymous>)

  console.log
    DEBUG: getSafeLocalStorage returning object

      at Proxy.apply (src/scripts/modules/base.js:92:26)
          at Array.forEach (<anonymous>)

  console.warn
    MOCK SET: cameraPowerPlanner_prj_auto-backup-2024-01-01-00-12-Project Alpha = {"__cineAutoBackupSnapshot":{"version":1,"snapshot

      61 |       return undefined;
      62 |     }
    > 63 |     return originalFn(...args);
         |            ^
      64 |   };
      65 | };
      66 |

      at console.<anonymous> (tests/setup/jest.setup.cjs:63:12)
      at console.apply [as warn] (src/scripts/modules/base.js:92:26)
      at Object.warn (tests/unit/storage.test.js:11:15)
      at setItem (src/scripts/storage.js:8463:17)
      at saveJSONToStorage (src/scripts/storage.js:12780:18)
      at persistProjectShard (src/scripts/storage.js:12828:5)
          at Array.forEach (<anonymous>)
      at forEach (src/scripts/storage.js:12827:25)
      at persistAllProjects (src/scripts/storage.js:13535:5)
      at Object.saveProject (tests/unit/storage.test.js:1276:5)

  console.log
    DEBUG: getSafeLocalStorage returning object

      at Proxy.apply (src/scripts/modules/base.js:92:26)
          at Array.forEach (<anonymous>)

  console.log
    DEBUG: getSafeLocalStorage returning object

      at Proxy.apply (src/scripts/modules/base.js:92:26)
          at Array.forEach (<anonymous>)

  console.warn
    MOCK SET: cameraPowerPlanner_prj_auto-backup-2024-01-01-00-13-Project Alpha = {"__cineAutoBackupSnapshot":{"version":1,"snapshot

      61 |       return undefined;
      62 |     }
    > 63 |     return originalFn(...args);
         |            ^
      64 |   };
      65 | };
      66 |

      at console.<anonymous> (tests/setup/jest.setup.cjs:63:12)
      at console.apply [as warn] (src/scripts/modules/base.js:92:26)
      at Object.warn (tests/unit/storage.test.js:11:15)
      at setItem (src/scripts/storage.js:8463:17)
      at saveJSONToStorage (src/scripts/storage.js:12780:18)
      at persistProjectShard (src/scripts/storage.js:12828:5)
          at Array.forEach (<anonymous>)
      at forEach (src/scripts/storage.js:12827:25)
      at persistAllProjects (src/scripts/storage.js:13535:5)
      at Object.saveProject (tests/unit/storage.test.js:1276:5)

  console.log
    DEBUG: getSafeLocalStorage returning object

      at Proxy.apply (src/scripts/modules/base.js:92:26)
          at Array.forEach (<anonymous>)

  console.log
    DEBUG: getSafeLocalStorage returning object

      at Proxy.apply (src/scripts/modules/base.js:92:26)
          at Array.forEach (<anonymous>)

  console.warn
    MOCK SET: cameraPowerPlanner_prj_auto-backup-2024-01-01-00-14-Project Alpha = {"__cineAutoBackupSnapshot":{"version":1,"snapshot

      61 |       return undefined;
      62 |     }
    > 63 |     return originalFn(...args);
         |            ^
      64 |   };
      65 | };
      66 |

      at console.<anonymous> (tests/setup/jest.setup.cjs:63:12)
      at console.apply [as warn] (src/scripts/modules/base.js:92:26)
      at Object.warn (tests/unit/storage.test.js:11:15)
      at setItem (src/scripts/storage.js:8463:17)
      at saveJSONToStorage (src/scripts/storage.js:12780:18)
      at persistProjectShard (src/scripts/storage.js:12828:5)
          at Array.forEach (<anonymous>)
      at forEach (src/scripts/storage.js:12827:25)
      at persistAllProjects (src/scripts/storage.js:13535:5)
      at Object.saveProject (tests/unit/storage.test.js:1276:5)

  console.log
    DEBUG: getSafeLocalStorage returning object

      at Proxy.apply (src/scripts/modules/base.js:92:26)
          at Array.forEach (<anonymous>)

  console.log
    DEBUG: getSafeLocalStorage returning object

      at Proxy.apply (src/scripts/modules/base.js:92:26)
          at Array.forEach (<anonymous>)

  console.warn
    MOCK SET: cameraPowerPlanner_prj_auto-backup-2024-01-01-00-15-Project Alpha = {"__cineAutoBackupSnapshot":{"version":1,"snapshot

      61 |       return undefined;
      62 |     }
    > 63 |     return originalFn(...args);
         |            ^
      64 |   };
      65 | };
      66 |

      at console.<anonymous> (tests/setup/jest.setup.cjs:63:12)
      at console.apply [as warn] (src/scripts/modules/base.js:92:26)
      at Object.warn (tests/unit/storage.test.js:11:15)
      at setItem (src/scripts/storage.js:8463:17)
      at saveJSONToStorage (src/scripts/storage.js:12780:18)
      at persistProjectShard (src/scripts/storage.js:12828:5)
          at Array.forEach (<anonymous>)
      at forEach (src/scripts/storage.js:12827:25)
      at persistAllProjects (src/scripts/storage.js:13535:5)
      at Object.saveProject (tests/unit/storage.test.js:1276:5)

  console.log
    DEBUG: getSafeLocalStorage returning object

      at Proxy.apply (src/scripts/modules/base.js:92:26)
          at Array.forEach (<anonymous>)

  console.log
    DEBUG: getSafeLocalStorage returning object

      at Proxy.apply (src/scripts/modules/base.js:92:26)
          at Array.forEach (<anonymous>)

  console.warn
    MOCK SET: cameraPowerPlanner_prj_auto-backup-2024-01-01-00-16-Project Alpha = {"__cineAutoBackupSnapshot":{"version":1,"snapshot

      61 |       return undefined;
      62 |     }
    > 63 |     return originalFn(...args);
         |            ^
      64 |   };
      65 | };
      66 |

      at console.<anonymous> (tests/setup/jest.setup.cjs:63:12)
      at console.apply [as warn] (src/scripts/modules/base.js:92:26)
      at Object.warn (tests/unit/storage.test.js:11:15)
      at setItem (src/scripts/storage.js:8463:17)
      at saveJSONToStorage (src/scripts/storage.js:12780:18)
      at persistProjectShard (src/scripts/storage.js:12828:5)
          at Array.forEach (<anonymous>)
      at forEach (src/scripts/storage.js:12827:25)
      at persistAllProjects (src/scripts/storage.js:13535:5)
      at Object.saveProject (tests/unit/storage.test.js:1276:5)

  console.log
    DEBUG: getSafeLocalStorage returning object

      at Proxy.apply (src/scripts/modules/base.js:92:26)
          at Array.forEach (<anonymous>)

  console.log
    DEBUG: getSafeLocalStorage returning object

      at Proxy.apply (src/scripts/modules/base.js:92:26)
          at Array.forEach (<anonymous>)

  console.warn
    MOCK SET: cameraPowerPlanner_prj_auto-backup-2024-01-01-00-17-Project Alpha = {"__cineAutoBackupSnapshot":{"version":1,"snapshot

      61 |       return undefined;
      62 |     }
    > 63 |     return originalFn(...args);
         |            ^
      64 |   };
      65 | };
      66 |

      at console.<anonymous> (tests/setup/jest.setup.cjs:63:12)
      at console.apply [as warn] (src/scripts/modules/base.js:92:26)
      at Object.warn (tests/unit/storage.test.js:11:15)
      at setItem (src/scripts/storage.js:8463:17)
      at saveJSONToStorage (src/scripts/storage.js:12780:18)
      at persistProjectShard (src/scripts/storage.js:12828:5)
          at Array.forEach (<anonymous>)
      at forEach (src/scripts/storage.js:12827:25)
      at persistAllProjects (src/scripts/storage.js:13535:5)
      at Object.saveProject (tests/unit/storage.test.js:1276:5)

  console.log
    DEBUG: getSafeLocalStorage returning object

      at Proxy.apply (src/scripts/modules/base.js:92:26)
          at Array.forEach (<anonymous>)

  console.log
    DEBUG: getSafeLocalStorage returning object

      at Proxy.apply (src/scripts/modules/base.js:92:26)
          at Array.forEach (<anonymous>)

  console.warn
    MOCK SET: cameraPowerPlanner_prj_auto-backup-2024-01-01-00-18-Project Alpha = {"__cineAutoBackupSnapshot":{"version":1,"snapshot

      61 |       return undefined;
      62 |     }
    > 63 |     return originalFn(...args);
         |            ^
      64 |   };
      65 | };
      66 |

      at console.<anonymous> (tests/setup/jest.setup.cjs:63:12)
      at console.apply [as warn] (src/scripts/modules/base.js:92:26)
      at Object.warn (tests/unit/storage.test.js:11:15)
      at setItem (src/scripts/storage.js:8463:17)
      at saveJSONToStorage (src/scripts/storage.js:12780:18)
      at persistProjectShard (src/scripts/storage.js:12828:5)
          at Array.forEach (<anonymous>)
      at forEach (src/scripts/storage.js:12827:25)
      at persistAllProjects (src/scripts/storage.js:13535:5)
      at Object.saveProject (tests/unit/storage.test.js:1276:5)

  console.log
    DEBUG: getSafeLocalStorage returning object

      at Proxy.apply (src/scripts/modules/base.js:92:26)
          at Array.forEach (<anonymous>)

  console.log
    DEBUG: getSafeLocalStorage returning object

      at Proxy.apply (src/scripts/modules/base.js:92:26)
          at Array.forEach (<anonymous>)

  console.warn
    MOCK SET: cameraPowerPlanner_prj_auto-backup-2024-01-01-00-19-Project Alpha = {"__cineAutoBackupSnapshot":{"version":1,"snapshot

      61 |       return undefined;
      62 |     }
    > 63 |     return originalFn(...args);
         |            ^
      64 |   };
      65 | };
      66 |

      at console.<anonymous> (tests/setup/jest.setup.cjs:63:12)
      at console.apply [as warn] (src/scripts/modules/base.js:92:26)
      at Object.warn (tests/unit/storage.test.js:11:15)
      at setItem (src/scripts/storage.js:8463:17)
      at saveJSONToStorage (src/scripts/storage.js:12780:18)
      at persistProjectShard (src/scripts/storage.js:12828:5)
          at Array.forEach (<anonymous>)
      at forEach (src/scripts/storage.js:12827:25)
      at persistAllProjects (src/scripts/storage.js:13535:5)
      at Object.saveProject (tests/unit/storage.test.js:1276:5)

  console.log
    DEBUG: getSafeLocalStorage returning object

      at Proxy.apply (src/scripts/modules/base.js:92:26)
          at Array.forEach (<anonymous>)

  console.log
    DEBUG: getSafeLocalStorage returning object

      at Proxy.apply (src/scripts/modules/base.js:92:26)
          at Array.forEach (<anonymous>)

  console.warn
    MOCK SET: cameraPowerPlanner_prj_auto-backup-2024-01-01-00-20-Project Alpha = {"__cineAutoBackupSnapshot":{"version":1,"snapshot

      61 |       return undefined;
      62 |     }
    > 63 |     return originalFn(...args);
         |            ^
      64 |   };
      65 | };
      66 |

      at console.<anonymous> (tests/setup/jest.setup.cjs:63:12)
      at console.apply [as warn] (src/scripts/modules/base.js:92:26)
      at Object.warn (tests/unit/storage.test.js:11:15)
      at setItem (src/scripts/storage.js:8463:17)
      at saveJSONToStorage (src/scripts/storage.js:12780:18)
      at persistProjectShard (src/scripts/storage.js:12828:5)
          at Array.forEach (<anonymous>)
      at forEach (src/scripts/storage.js:12827:25)
      at persistAllProjects (src/scripts/storage.js:13535:5)
      at Object.saveProject (tests/unit/storage.test.js:1276:5)

  console.log
    DEBUG: getSafeLocalStorage returning object

      at Proxy.apply (src/scripts/modules/base.js:92:26)
          at Array.forEach (<anonymous>)

  console.log
    DEBUG: getSafeLocalStorage returning object

      at Proxy.apply (src/scripts/modules/base.js:92:26)
          at Array.forEach (<anonymous>)

  console.warn
    MOCK SET: cameraPowerPlanner_prj_auto-backup-2024-01-01-00-21-Project Alpha = {"__cineAutoBackupSnapshot":{"version":1,"snapshot

      61 |       return undefined;
      62 |     }
    > 63 |     return originalFn(...args);
         |            ^
      64 |   };
      65 | };
      66 |

      at console.<anonymous> (tests/setup/jest.setup.cjs:63:12)
      at console.apply [as warn] (src/scripts/modules/base.js:92:26)
      at Object.warn (tests/unit/storage.test.js:11:15)
      at setItem (src/scripts/storage.js:8463:17)
      at saveJSONToStorage (src/scripts/storage.js:12780:18)
      at persistProjectShard (src/scripts/storage.js:12828:5)
          at Array.forEach (<anonymous>)
      at forEach (src/scripts/storage.js:12827:25)
      at persistAllProjects (src/scripts/storage.js:13535:5)
      at Object.saveProject (tests/unit/storage.test.js:1276:5)

  console.log
    DEBUG: getSafeLocalStorage returning object

      at Proxy.apply (src/scripts/modules/base.js:92:26)
          at Array.forEach (<anonymous>)

  console.log
    DEBUG: getSafeLocalStorage returning object

      at Proxy.apply (src/scripts/modules/base.js:92:26)
          at Array.forEach (<anonymous>)

  console.warn
    MOCK SET: cameraPowerPlanner_prj_auto-backup-2024-01-01-00-22-Project Alpha = {"__cineAutoBackupSnapshot":{"version":1,"snapshot

      61 |       return undefined;
      62 |     }
    > 63 |     return originalFn(...args);
         |            ^
      64 |   };
      65 | };
      66 |

      at console.<anonymous> (tests/setup/jest.setup.cjs:63:12)
      at console.apply [as warn] (src/scripts/modules/base.js:92:26)
      at Object.warn (tests/unit/storage.test.js:11:15)
      at setItem (src/scripts/storage.js:8463:17)
      at saveJSONToStorage (src/scripts/storage.js:12780:18)
      at persistProjectShard (src/scripts/storage.js:12828:5)
          at Array.forEach (<anonymous>)
      at forEach (src/scripts/storage.js:12827:25)
      at persistAllProjects (src/scripts/storage.js:13535:5)
      at Object.saveProject (tests/unit/storage.test.js:1276:5)

  console.log
    DEBUG: getSafeLocalStorage returning object

      at Proxy.apply (src/scripts/modules/base.js:92:26)
          at Array.forEach (<anonymous>)

  console.log
    DEBUG: getSafeLocalStorage returning object

      at Proxy.apply (src/scripts/modules/base.js:92:26)
          at Array.forEach (<anonymous>)

  console.warn
    MOCK SET: cameraPowerPlanner_prj_auto-backup-2024-01-01-00-23-Project Alpha = {"__cineAutoBackupSnapshot":{"version":1,"snapshot

      61 |       return undefined;
      62 |     }
    > 63 |     return originalFn(...args);
         |            ^
      64 |   };
      65 | };
      66 |

      at console.<anonymous> (tests/setup/jest.setup.cjs:63:12)
      at console.apply [as warn] (src/scripts/modules/base.js:92:26)
      at Object.warn (tests/unit/storage.test.js:11:15)
      at setItem (src/scripts/storage.js:8463:17)
      at saveJSONToStorage (src/scripts/storage.js:12780:18)
      at persistProjectShard (src/scripts/storage.js:12828:5)
          at Array.forEach (<anonymous>)
      at forEach (src/scripts/storage.js:12827:25)
      at persistAllProjects (src/scripts/storage.js:13535:5)
      at Object.saveProject (tests/unit/storage.test.js:1276:5)

  console.log
    DEBUG: getSafeLocalStorage returning object

      at Proxy.apply (src/scripts/modules/base.js:92:26)
          at Array.forEach (<anonymous>)

  console.log
    DEBUG: getSafeLocalStorage returning object

      at Proxy.apply (src/scripts/modules/base.js:92:26)
          at Array.forEach (<anonymous>)

  console.warn
    MOCK SET: cameraPowerPlanner_prj_auto-backup-2024-01-01-00-24-Project Alpha = {"__cineAutoBackupSnapshot":{"version":1,"snapshot

      61 |       return undefined;
      62 |     }
    > 63 |     return originalFn(...args);
         |            ^
      64 |   };
      65 | };
      66 |

      at console.<anonymous> (tests/setup/jest.setup.cjs:63:12)
      at console.apply [as warn] (src/scripts/modules/base.js:92:26)
      at Object.warn (tests/unit/storage.test.js:11:15)
      at setItem (src/scripts/storage.js:8463:17)
      at saveJSONToStorage (src/scripts/storage.js:12780:18)
      at persistProjectShard (src/scripts/storage.js:12828:5)
          at Array.forEach (<anonymous>)
      at forEach (src/scripts/storage.js:12827:25)
      at persistAllProjects (src/scripts/storage.js:13535:5)
      at Object.saveProject (tests/unit/storage.test.js:1276:5)

  console.log
    DEBUG: getSafeLocalStorage returning object

      at Proxy.apply (src/scripts/modules/base.js:92:26)
          at Array.forEach (<anonymous>)

  console.log
    DEBUG: getSafeLocalStorage returning object

      at Proxy.apply (src/scripts/modules/base.js:92:26)
          at Array.forEach (<anonymous>)

  console.warn
    MOCK SET: cameraPowerPlanner_prj_auto-backup-2024-01-01-00-25-Project Alpha = {"__cineAutoBackupSnapshot":{"version":1,"snapshot

      61 |       return undefined;
      62 |     }
    > 63 |     return originalFn(...args);
         |            ^
      64 |   };
      65 | };
      66 |

      at console.<anonymous> (tests/setup/jest.setup.cjs:63:12)
      at console.apply [as warn] (src/scripts/modules/base.js:92:26)
      at Object.warn (tests/unit/storage.test.js:11:15)
      at setItem (src/scripts/storage.js:8463:17)
      at saveJSONToStorage (src/scripts/storage.js:12780:18)
      at persistProjectShard (src/scripts/storage.js:12828:5)
          at Array.forEach (<anonymous>)
      at forEach (src/scripts/storage.js:12827:25)
      at persistAllProjects (src/scripts/storage.js:13535:5)
      at Object.saveProject (tests/unit/storage.test.js:1276:5)

  console.log
    DEBUG: getSafeLocalStorage returning object

      at Proxy.apply (src/scripts/modules/base.js:92:26)
          at Array.forEach (<anonymous>)

  console.log
    DEBUG: getSafeLocalStorage returning object

      at Proxy.apply (src/scripts/modules/base.js:92:26)
          at Array.forEach (<anonymous>)

  console.warn
    MOCK SET: cameraPowerPlanner_prj_auto-backup-2024-01-01-00-26-Project Alpha = {"__cineAutoBackupSnapshot":{"version":1,"snapshot

      61 |       return undefined;
      62 |     }
    > 63 |     return originalFn(...args);
         |            ^
      64 |   };
      65 | };
      66 |

      at console.<anonymous> (tests/setup/jest.setup.cjs:63:12)
      at console.apply [as warn] (src/scripts/modules/base.js:92:26)
      at Object.warn (tests/unit/storage.test.js:11:15)
      at setItem (src/scripts/storage.js:8463:17)
      at saveJSONToStorage (src/scripts/storage.js:12780:18)
      at persistProjectShard (src/scripts/storage.js:12828:5)
          at Array.forEach (<anonymous>)
      at forEach (src/scripts/storage.js:12827:25)
      at persistAllProjects (src/scripts/storage.js:13535:5)
      at Object.saveProject (tests/unit/storage.test.js:1276:5)

  console.log
    DEBUG: getSafeLocalStorage returning object

      at Proxy.apply (src/scripts/modules/base.js:92:26)
          at Array.forEach (<anonymous>)

  console.log
    DEBUG: getSafeLocalStorage returning object

      at Proxy.apply (src/scripts/modules/base.js:92:26)
          at Array.forEach (<anonymous>)

  console.warn
    MOCK SET: cameraPowerPlanner_prj_auto-backup-2024-01-01-00-27-Project Alpha = {"__cineAutoBackupSnapshot":{"version":1,"snapshot

      61 |       return undefined;
      62 |     }
    > 63 |     return originalFn(...args);
         |            ^
      64 |   };
      65 | };
      66 |

      at console.<anonymous> (tests/setup/jest.setup.cjs:63:12)
      at console.apply [as warn] (src/scripts/modules/base.js:92:26)
      at Object.warn (tests/unit/storage.test.js:11:15)
      at setItem (src/scripts/storage.js:8463:17)
      at saveJSONToStorage (src/scripts/storage.js:12780:18)
      at persistProjectShard (src/scripts/storage.js:12828:5)
          at Array.forEach (<anonymous>)
      at forEach (src/scripts/storage.js:12827:25)
      at persistAllProjects (src/scripts/storage.js:13535:5)
      at Object.saveProject (tests/unit/storage.test.js:1276:5)

  console.log
    DEBUG: getSafeLocalStorage returning object

      at Proxy.apply (src/scripts/modules/base.js:92:26)
          at Array.forEach (<anonymous>)

  console.log
    DEBUG: getSafeLocalStorage returning object

      at Proxy.apply (src/scripts/modules/base.js:92:26)
          at Array.forEach (<anonymous>)

  console.warn
    MOCK SET: cameraPowerPlanner_prj_auto-backup-2024-01-01-00-28-Project Alpha = {"__cineAutoBackupSnapshot":{"version":1,"snapshot

      61 |       return undefined;
      62 |     }
    > 63 |     return originalFn(...args);
         |            ^
      64 |   };
      65 | };
      66 |

      at console.<anonymous> (tests/setup/jest.setup.cjs:63:12)
      at console.apply [as warn] (src/scripts/modules/base.js:92:26)
      at Object.warn (tests/unit/storage.test.js:11:15)
      at setItem (src/scripts/storage.js:8463:17)
      at saveJSONToStorage (src/scripts/storage.js:12780:18)
      at persistProjectShard (src/scripts/storage.js:12828:5)
          at Array.forEach (<anonymous>)
      at forEach (src/scripts/storage.js:12827:25)
      at persistAllProjects (src/scripts/storage.js:13535:5)
      at Object.saveProject (tests/unit/storage.test.js:1276:5)

  console.log
    DEBUG: getSafeLocalStorage returning object

      at Proxy.apply (src/scripts/modules/base.js:92:26)
          at Array.forEach (<anonymous>)

  console.log
    DEBUG: getSafeLocalStorage returning object

      at Proxy.apply (src/scripts/modules/base.js:92:26)
          at Array.forEach (<anonymous>)

  console.warn
    MOCK SET: cameraPowerPlanner_prj_auto-backup-2024-01-01-00-29-Project Alpha = {"__cineAutoBackupSnapshot":{"version":1,"snapshot

      61 |       return undefined;
      62 |     }
    > 63 |     return originalFn(...args);
         |            ^
      64 |   };
      65 | };
      66 |

      at console.<anonymous> (tests/setup/jest.setup.cjs:63:12)
      at console.apply [as warn] (src/scripts/modules/base.js:92:26)
      at Object.warn (tests/unit/storage.test.js:11:15)
      at setItem (src/scripts/storage.js:8463:17)
      at saveJSONToStorage (src/scripts/storage.js:12780:18)
      at persistProjectShard (src/scripts/storage.js:12828:5)
          at Array.forEach (<anonymous>)
      at forEach (src/scripts/storage.js:12827:25)
      at persistAllProjects (src/scripts/storage.js:13535:5)
      at Object.saveProject (tests/unit/storage.test.js:1276:5)

  console.log
    DEBUG: getSafeLocalStorage returning object

      at Proxy.apply (src/scripts/modules/base.js:92:26)
          at Array.forEach (<anonymous>)

  console.log
    DEBUG: getSafeLocalStorage returning object

      at Proxy.apply (src/scripts/modules/base.js:92:26)
          at Array.forEach (<anonymous>)

  console.warn
    MOCK SET: cameraPowerPlanner_prj_auto-backup-2024-01-01-00-30-Project Alpha = {"__cineAutoBackupSnapshot":{"version":1,"snapshot

      61 |       return undefined;
      62 |     }
    > 63 |     return originalFn(...args);
         |            ^
      64 |   };
      65 | };
      66 |

      at console.<anonymous> (tests/setup/jest.setup.cjs:63:12)
      at console.apply [as warn] (src/scripts/modules/base.js:92:26)
      at Object.warn (tests/unit/storage.test.js:11:15)
      at setItem (src/scripts/storage.js:8463:17)
      at saveJSONToStorage (src/scripts/storage.js:12780:18)
      at persistProjectShard (src/scripts/storage.js:12828:5)
          at Array.forEach (<anonymous>)
      at forEach (src/scripts/storage.js:12827:25)
      at persistAllProjects (src/scripts/storage.js:13535:5)
      at Object.saveProject (tests/unit/storage.test.js:1276:5)

  console.log
    DEBUG: getSafeLocalStorage returning object

      at Proxy.apply (src/scripts/modules/base.js:92:26)
          at Array.forEach (<anonymous>)

  console.log
    DEBUG: getSafeLocalStorage returning object

      at Proxy.apply (src/scripts/modules/base.js:92:26)
          at Array.forEach (<anonymous>)

  console.warn
    MOCK SET: cameraPowerPlanner_prj_auto-backup-2024-01-01-00-31-Project Alpha = {"__cineAutoBackupSnapshot":{"version":1,"snapshot

      61 |       return undefined;
      62 |     }
    > 63 |     return originalFn(...args);
         |            ^
      64 |   };
      65 | };
      66 |

      at console.<anonymous> (tests/setup/jest.setup.cjs:63:12)
      at console.apply [as warn] (src/scripts/modules/base.js:92:26)
      at Object.warn (tests/unit/storage.test.js:11:15)
      at setItem (src/scripts/storage.js:8463:17)
      at saveJSONToStorage (src/scripts/storage.js:12780:18)
      at persistProjectShard (src/scripts/storage.js:12828:5)
          at Array.forEach (<anonymous>)
      at forEach (src/scripts/storage.js:12827:25)
      at persistAllProjects (src/scripts/storage.js:13535:5)
      at Object.saveProject (tests/unit/storage.test.js:1276:5)

  console.log
    DEBUG: getSafeLocalStorage returning object

      at Proxy.apply (src/scripts/modules/base.js:92:26)
          at Array.forEach (<anonymous>)

  console.log
    DEBUG: getSafeLocalStorage returning object

      at Proxy.apply (src/scripts/modules/base.js:92:26)
          at Array.forEach (<anonymous>)

  console.warn
    MOCK SET: cameraPowerPlanner_prj_auto-backup-2024-01-01-00-32-Project Alpha = {"__cineAutoBackupSnapshot":{"version":1,"snapshot

      61 |       return undefined;
      62 |     }
    > 63 |     return originalFn(...args);
         |            ^
      64 |   };
      65 | };
      66 |

      at console.<anonymous> (tests/setup/jest.setup.cjs:63:12)
      at console.apply [as warn] (src/scripts/modules/base.js:92:26)
      at Object.warn (tests/unit/storage.test.js:11:15)
      at setItem (src/scripts/storage.js:8463:17)
      at saveJSONToStorage (src/scripts/storage.js:12780:18)
      at persistProjectShard (src/scripts/storage.js:12828:5)
          at Array.forEach (<anonymous>)
      at forEach (src/scripts/storage.js:12827:25)
      at persistAllProjects (src/scripts/storage.js:13535:5)
      at Object.saveProject (tests/unit/storage.test.js:1276:5)

  console.log
    DEBUG: getSafeLocalStorage returning object

      at Proxy.apply (src/scripts/modules/base.js:92:26)
          at Array.forEach (<anonymous>)

  console.log
    DEBUG: getSafeLocalStorage returning object

      at Proxy.apply (src/scripts/modules/base.js:92:26)
          at Array.forEach (<anonymous>)

  console.warn
    MOCK SET: cameraPowerPlanner_prj_auto-backup-2024-01-01-00-33-Project Alpha = {"__cineAutoBackupSnapshot":{"version":1,"snapshot

      61 |       return undefined;
      62 |     }
    > 63 |     return originalFn(...args);
         |            ^
      64 |   };
      65 | };
      66 |

      at console.<anonymous> (tests/setup/jest.setup.cjs:63:12)
      at console.apply [as warn] (src/scripts/modules/base.js:92:26)
      at Object.warn (tests/unit/storage.test.js:11:15)
      at setItem (src/scripts/storage.js:8463:17)
      at saveJSONToStorage (src/scripts/storage.js:12780:18)
      at persistProjectShard (src/scripts/storage.js:12828:5)
          at Array.forEach (<anonymous>)
      at forEach (src/scripts/storage.js:12827:25)
      at persistAllProjects (src/scripts/storage.js:13535:5)
      at Object.saveProject (tests/unit/storage.test.js:1276:5)

  console.log
    DEBUG: getSafeLocalStorage returning object

      at Proxy.apply (src/scripts/modules/base.js:92:26)
          at Array.forEach (<anonymous>)

  console.log
    DEBUG: getSafeLocalStorage returning object

      at Proxy.apply (src/scripts/modules/base.js:92:26)
          at Array.forEach (<anonymous>)

  console.warn
    MOCK SET: cameraPowerPlanner_prj_auto-backup-2024-01-01-00-34-Project Alpha = {"__cineAutoBackupSnapshot":{"version":1,"snapshot

      61 |       return undefined;
      62 |     }
    > 63 |     return originalFn(...args);
         |            ^
      64 |   };
      65 | };
      66 |

      at console.<anonymous> (tests/setup/jest.setup.cjs:63:12)
      at console.apply [as warn] (src/scripts/modules/base.js:92:26)
      at Object.warn (tests/unit/storage.test.js:11:15)
      at setItem (src/scripts/storage.js:8463:17)
      at saveJSONToStorage (src/scripts/storage.js:12780:18)
      at persistProjectShard (src/scripts/storage.js:12828:5)
          at Array.forEach (<anonymous>)
      at forEach (src/scripts/storage.js:12827:25)
      at persistAllProjects (src/scripts/storage.js:13535:5)
      at Object.saveProject (tests/unit/storage.test.js:1276:5)

  console.log
    DEBUG: getSafeLocalStorage returning object

      at Proxy.apply (src/scripts/modules/base.js:92:26)
          at Array.forEach (<anonymous>)

  console.log
    DEBUG: getSafeLocalStorage returning object

      at Proxy.apply (src/scripts/modules/base.js:92:26)
          at Array.forEach (<anonymous>)

  console.warn
    MOCK SET: cameraPowerPlanner_prj_auto-backup-2024-01-01-00-35-Project Alpha = {"__cineAutoBackupSnapshot":{"version":1,"snapshot

      61 |       return undefined;
      62 |     }
    > 63 |     return originalFn(...args);
         |            ^
      64 |   };
      65 | };
      66 |

      at console.<anonymous> (tests/setup/jest.setup.cjs:63:12)
      at console.apply [as warn] (src/scripts/modules/base.js:92:26)
      at Object.warn (tests/unit/storage.test.js:11:15)
      at setItem (src/scripts/storage.js:8463:17)
      at saveJSONToStorage (src/scripts/storage.js:12780:18)
      at persistProjectShard (src/scripts/storage.js:12828:5)
          at Array.forEach (<anonymous>)
      at forEach (src/scripts/storage.js:12827:25)
      at persistAllProjects (src/scripts/storage.js:13535:5)
      at Object.saveProject (tests/unit/storage.test.js:1276:5)

  console.log
    DEBUG: getSafeLocalStorage returning object

      at Proxy.apply (src/scripts/modules/base.js:92:26)
          at Array.forEach (<anonymous>)

  console.log
    DEBUG: getSafeLocalStorage returning object

      at Proxy.apply (src/scripts/modules/base.js:92:26)
          at Array.forEach (<anonymous>)

  console.warn
    MOCK SET: cameraPowerPlanner_prj_auto-backup-2024-01-01-00-36-Project Alpha = {"__cineAutoBackupSnapshot":{"version":1,"snapshot

      61 |       return undefined;
      62 |     }
    > 63 |     return originalFn(...args);
         |            ^
      64 |   };
      65 | };
      66 |

      at console.<anonymous> (tests/setup/jest.setup.cjs:63:12)
      at console.apply [as warn] (src/scripts/modules/base.js:92:26)
      at Object.warn (tests/unit/storage.test.js:11:15)
      at setItem (src/scripts/storage.js:8463:17)
      at saveJSONToStorage (src/scripts/storage.js:12780:18)
      at persistProjectShard (src/scripts/storage.js:12828:5)
          at Array.forEach (<anonymous>)
      at forEach (src/scripts/storage.js:12827:25)
      at persistAllProjects (src/scripts/storage.js:13535:5)
      at Object.saveProject (tests/unit/storage.test.js:1276:5)

  console.log
    DEBUG: getSafeLocalStorage returning object

      at Proxy.apply (src/scripts/modules/base.js:92:26)
          at Array.forEach (<anonymous>)

  console.log
    DEBUG: getSafeLocalStorage returning object

      at Proxy.apply (src/scripts/modules/base.js:92:26)
          at Array.forEach (<anonymous>)

  console.warn
    MOCK SET: cameraPowerPlanner_prj_auto-backup-2024-01-01-00-37-Project Alpha = {"__cineAutoBackupSnapshot":{"version":1,"snapshot

      61 |       return undefined;
      62 |     }
    > 63 |     return originalFn(...args);
         |            ^
      64 |   };
      65 | };
      66 |

      at console.<anonymous> (tests/setup/jest.setup.cjs:63:12)
      at console.apply [as warn] (src/scripts/modules/base.js:92:26)
      at Object.warn (tests/unit/storage.test.js:11:15)
      at setItem (src/scripts/storage.js:8463:17)
      at saveJSONToStorage (src/scripts/storage.js:12780:18)
      at persistProjectShard (src/scripts/storage.js:12828:5)
          at Array.forEach (<anonymous>)
      at forEach (src/scripts/storage.js:12827:25)
      at persistAllProjects (src/scripts/storage.js:13535:5)
      at Object.saveProject (tests/unit/storage.test.js:1276:5)

  console.log
    DEBUG: getSafeLocalStorage returning object

      at Proxy.apply (src/scripts/modules/base.js:92:26)
          at Array.forEach (<anonymous>)

  console.log
    DEBUG: getSafeLocalStorage returning object

      at Proxy.apply (src/scripts/modules/base.js:92:26)
          at Array.forEach (<anonymous>)

  console.warn
    MOCK SET: cameraPowerPlanner_prj_auto-backup-2024-01-01-00-38-Project Alpha = {"__cineAutoBackupSnapshot":{"version":1,"snapshot

      61 |       return undefined;
      62 |     }
    > 63 |     return originalFn(...args);
         |            ^
      64 |   };
      65 | };
      66 |

      at console.<anonymous> (tests/setup/jest.setup.cjs:63:12)
      at console.apply [as warn] (src/scripts/modules/base.js:92:26)
      at Object.warn (tests/unit/storage.test.js:11:15)
      at setItem (src/scripts/storage.js:8463:17)
      at saveJSONToStorage (src/scripts/storage.js:12780:18)
      at persistProjectShard (src/scripts/storage.js:12828:5)
          at Array.forEach (<anonymous>)
      at forEach (src/scripts/storage.js:12827:25)
      at persistAllProjects (src/scripts/storage.js:13535:5)
      at Object.saveProject (tests/unit/storage.test.js:1276:5)

  console.log
    DEBUG: getSafeLocalStorage returning object

      at Proxy.apply (src/scripts/modules/base.js:92:26)
          at Array.forEach (<anonymous>)

  console.log
    DEBUG: getSafeLocalStorage returning object

      at Proxy.apply (src/scripts/modules/base.js:92:26)
          at Array.forEach (<anonymous>)

  console.warn
    MOCK SET: cameraPowerPlanner_prj_auto-backup-2024-01-01-00-39-Project Alpha = {"__cineAutoBackupSnapshot":{"version":1,"snapshot

      61 |       return undefined;
      62 |     }
    > 63 |     return originalFn(...args);
         |            ^
      64 |   };
      65 | };
      66 |

      at console.<anonymous> (tests/setup/jest.setup.cjs:63:12)
      at console.apply [as warn] (src/scripts/modules/base.js:92:26)
      at Object.warn (tests/unit/storage.test.js:11:15)
      at setItem (src/scripts/storage.js:8463:17)
      at saveJSONToStorage (src/scripts/storage.js:12780:18)
      at persistProjectShard (src/scripts/storage.js:12828:5)
          at Array.forEach (<anonymous>)
      at forEach (src/scripts/storage.js:12827:25)
      at persistAllProjects (src/scripts/storage.js:13535:5)
      at Object.saveProject (tests/unit/storage.test.js:1276:5)

  console.log
    DEBUG: getSafeLocalStorage returning object

      at Proxy.apply (src/scripts/modules/base.js:92:26)
          at Array.forEach (<anonymous>)

  console.log
    DEBUG: getSafeLocalStorage returning object

      at Proxy.apply (src/scripts/modules/base.js:92:26)
          at Array.forEach (<anonymous>)

  console.warn
    MOCK SET: cameraPowerPlanner_prj_auto-backup-2024-01-01-00-40-Project Alpha = {"__cineAutoBackupSnapshot":{"version":1,"snapshot

      61 |       return undefined;
      62 |     }
    > 63 |     return originalFn(...args);
         |            ^
      64 |   };
      65 | };
      66 |

      at console.<anonymous> (tests/setup/jest.setup.cjs:63:12)
      at console.apply [as warn] (src/scripts/modules/base.js:92:26)
      at Object.warn (tests/unit/storage.test.js:11:15)
      at setItem (src/scripts/storage.js:8463:17)
      at saveJSONToStorage (src/scripts/storage.js:12780:18)
      at persistProjectShard (src/scripts/storage.js:12828:5)
          at Array.forEach (<anonymous>)
      at forEach (src/scripts/storage.js:12827:25)
      at persistAllProjects (src/scripts/storage.js:13535:5)
      at Object.saveProject (tests/unit/storage.test.js:1276:5)

  console.log
    DEBUG: getSafeLocalStorage returning object

      at Proxy.apply (src/scripts/modules/base.js:92:26)
          at Array.forEach (<anonymous>)

  console.log
    DEBUG: getSafeLocalStorage returning object

      at Proxy.apply (src/scripts/modules/base.js:92:26)
          at Array.forEach (<anonymous>)

  console.warn
    MOCK SET: cameraPowerPlanner_prj_auto-backup-2024-01-01-00-41-Project Alpha = {"__cineAutoBackupSnapshot":{"version":1,"snapshot

      61 |       return undefined;
      62 |     }
    > 63 |     return originalFn(...args);
         |            ^
      64 |   };
      65 | };
      66 |

      at console.<anonymous> (tests/setup/jest.setup.cjs:63:12)
      at console.apply [as warn] (src/scripts/modules/base.js:92:26)
      at Object.warn (tests/unit/storage.test.js:11:15)
      at setItem (src/scripts/storage.js:8463:17)
      at saveJSONToStorage (src/scripts/storage.js:12780:18)
      at persistProjectShard (src/scripts/storage.js:12828:5)
          at Array.forEach (<anonymous>)
      at forEach (src/scripts/storage.js:12827:25)
      at persistAllProjects (src/scripts/storage.js:13535:5)
      at Object.saveProject (tests/unit/storage.test.js:1276:5)

  console.log
    DEBUG: getSafeLocalStorage returning object

      at Proxy.apply (src/scripts/modules/base.js:92:26)
          at Array.forEach (<anonymous>)

  console.log
    DEBUG: getSafeLocalStorage returning object

      at Proxy.apply (src/scripts/modules/base.js:92:26)
          at Array.forEach (<anonymous>)

  console.warn
    MOCK SET: cameraPowerPlanner_prj_auto-backup-2024-01-01-00-42-Project Alpha = {"__cineAutoBackupSnapshot":{"version":1,"snapshot

      61 |       return undefined;
      62 |     }
    > 63 |     return originalFn(...args);
         |            ^
      64 |   };
      65 | };
      66 |

      at console.<anonymous> (tests/setup/jest.setup.cjs:63:12)
      at console.apply [as warn] (src/scripts/modules/base.js:92:26)
      at Object.warn (tests/unit/storage.test.js:11:15)
      at setItem (src/scripts/storage.js:8463:17)
      at saveJSONToStorage (src/scripts/storage.js:12780:18)
      at persistProjectShard (src/scripts/storage.js:12828:5)
          at Array.forEach (<anonymous>)
      at forEach (src/scripts/storage.js:12827:25)
      at persistAllProjects (src/scripts/storage.js:13535:5)
      at Object.saveProject (tests/unit/storage.test.js:1276:5)

  console.log
    DEBUG: getSafeLocalStorage returning object

      at Proxy.apply (src/scripts/modules/base.js:92:26)
          at Array.forEach (<anonymous>)

  console.log
    DEBUG: getSafeLocalStorage returning object

      at Proxy.apply (src/scripts/modules/base.js:92:26)
          at Array.forEach (<anonymous>)

  console.warn
    MOCK SET: cameraPowerPlanner_prj_auto-backup-2024-01-01-00-43-Project Alpha = {"__cineAutoBackupSnapshot":{"version":1,"snapshot

      61 |       return undefined;
      62 |     }
    > 63 |     return originalFn(...args);
         |            ^
      64 |   };
      65 | };
      66 |

      at console.<anonymous> (tests/setup/jest.setup.cjs:63:12)
      at console.apply [as warn] (src/scripts/modules/base.js:92:26)
      at Object.warn (tests/unit/storage.test.js:11:15)
      at setItem (src/scripts/storage.js:8463:17)
      at saveJSONToStorage (src/scripts/storage.js:12780:18)
      at persistProjectShard (src/scripts/storage.js:12828:5)
          at Array.forEach (<anonymous>)
      at forEach (src/scripts/storage.js:12827:25)
      at persistAllProjects (src/scripts/storage.js:13535:5)
      at Object.saveProject (tests/unit/storage.test.js:1276:5)

  console.log
    DEBUG: getSafeLocalStorage returning object

      at Proxy.apply (src/scripts/modules/base.js:92:26)
          at Array.forEach (<anonymous>)

  console.log
    DEBUG: getSafeLocalStorage returning object

      at Proxy.apply (src/scripts/modules/base.js:92:26)
          at Array.forEach (<anonymous>)

  console.warn
    MOCK SET: cameraPowerPlanner_prj_auto-backup-2024-01-01-00-44-Project Alpha = {"__cineAutoBackupSnapshot":{"version":1,"snapshot

      61 |       return undefined;
      62 |     }
    > 63 |     return originalFn(...args);
         |            ^
      64 |   };
      65 | };
      66 |

      at console.<anonymous> (tests/setup/jest.setup.cjs:63:12)
      at console.apply [as warn] (src/scripts/modules/base.js:92:26)
      at Object.warn (tests/unit/storage.test.js:11:15)
      at setItem (src/scripts/storage.js:8463:17)
      at saveJSONToStorage (src/scripts/storage.js:12780:18)
      at persistProjectShard (src/scripts/storage.js:12828:5)
          at Array.forEach (<anonymous>)
      at forEach (src/scripts/storage.js:12827:25)
      at persistAllProjects (src/scripts/storage.js:13535:5)
      at Object.saveProject (tests/unit/storage.test.js:1276:5)

  console.log
    DEBUG: getSafeLocalStorage returning object

      at Proxy.apply (src/scripts/modules/base.js:92:26)
          at Array.forEach (<anonymous>)

  console.log
    DEBUG: getSafeLocalStorage returning object

      at Proxy.apply (src/scripts/modules/base.js:92:26)
          at Array.forEach (<anonymous>)

  console.warn
    MOCK SET: cameraPowerPlanner_prj_auto-backup-2024-01-01-00-45-Project Alpha = {"__cineAutoBackupSnapshot":{"version":1,"snapshot

      61 |       return undefined;
      62 |     }
    > 63 |     return originalFn(...args);
         |            ^
      64 |   };
      65 | };
      66 |

      at console.<anonymous> (tests/setup/jest.setup.cjs:63:12)
      at console.apply [as warn] (src/scripts/modules/base.js:92:26)
      at Object.warn (tests/unit/storage.test.js:11:15)
      at setItem (src/scripts/storage.js:8463:17)
      at saveJSONToStorage (src/scripts/storage.js:12780:18)
      at persistProjectShard (src/scripts/storage.js:12828:5)
          at Array.forEach (<anonymous>)
      at forEach (src/scripts/storage.js:12827:25)
      at persistAllProjects (src/scripts/storage.js:13535:5)
      at Object.saveProject (tests/unit/storage.test.js:1276:5)

  console.log
    DEBUG: getSafeLocalStorage returning object

      at Proxy.apply (src/scripts/modules/base.js:92:26)
          at Array.forEach (<anonymous>)

  console.log
    DEBUG: getSafeLocalStorage returning object

      at Proxy.apply (src/scripts/modules/base.js:92:26)
          at Array.forEach (<anonymous>)

  console.warn
    MOCK SET: cameraPowerPlanner_prj_auto-backup-2024-01-01-00-46-Project Alpha = {"__cineAutoBackupSnapshot":{"version":1,"snapshot

      61 |       return undefined;
      62 |     }
    > 63 |     return originalFn(...args);
         |            ^
      64 |   };
      65 | };
      66 |

      at console.<anonymous> (tests/setup/jest.setup.cjs:63:12)
      at console.apply [as warn] (src/scripts/modules/base.js:92:26)
      at Object.warn (tests/unit/storage.test.js:11:15)
      at setItem (src/scripts/storage.js:8463:17)
      at saveJSONToStorage (src/scripts/storage.js:12780:18)
      at persistProjectShard (src/scripts/storage.js:12828:5)
          at Array.forEach (<anonymous>)
      at forEach (src/scripts/storage.js:12827:25)
      at persistAllProjects (src/scripts/storage.js:13535:5)
      at Object.saveProject (tests/unit/storage.test.js:1276:5)

  console.log
    DEBUG: getSafeLocalStorage returning object

      at Proxy.apply (src/scripts/modules/base.js:92:26)
          at Array.forEach (<anonymous>)

  console.log
    DEBUG: getSafeLocalStorage returning object

      at Proxy.apply (src/scripts/modules/base.js:92:26)
          at Array.forEach (<anonymous>)

  console.warn
    MOCK SET: cameraPowerPlanner_prj_auto-backup-2024-01-01-00-47-Project Alpha = {"__cineAutoBackupSnapshot":{"version":1,"snapshot

      61 |       return undefined;
      62 |     }
    > 63 |     return originalFn(...args);
         |            ^
      64 |   };
      65 | };
      66 |

      at console.<anonymous> (tests/setup/jest.setup.cjs:63:12)
      at console.apply [as warn] (src/scripts/modules/base.js:92:26)
      at Object.warn (tests/unit/storage.test.js:11:15)
      at setItem (src/scripts/storage.js:8463:17)
      at saveJSONToStorage (src/scripts/storage.js:12780:18)
      at persistProjectShard (src/scripts/storage.js:12828:5)
          at Array.forEach (<anonymous>)
      at forEach (src/scripts/storage.js:12827:25)
      at persistAllProjects (src/scripts/storage.js:13535:5)
      at Object.saveProject (tests/unit/storage.test.js:1276:5)

  console.log
    DEBUG: getSafeLocalStorage returning object

      at Proxy.apply (src/scripts/modules/base.js:92:26)
          at Array.forEach (<anonymous>)

  console.log
    DEBUG: getSafeLocalStorage returning object

      at Proxy.apply (src/scripts/modules/base.js:92:26)
          at Array.forEach (<anonymous>)

  console.warn
    MOCK SET: cameraPowerPlanner_prj_auto-backup-2024-01-01-00-48-Project Alpha = {"__cineAutoBackupSnapshot":{"version":1,"snapshot

      61 |       return undefined;
      62 |     }
    > 63 |     return originalFn(...args);
         |            ^
      64 |   };
      65 | };
      66 |

      at console.<anonymous> (tests/setup/jest.setup.cjs:63:12)
      at console.apply [as warn] (src/scripts/modules/base.js:92:26)
      at Object.warn (tests/unit/storage.test.js:11:15)
      at setItem (src/scripts/storage.js:8463:17)
      at saveJSONToStorage (src/scripts/storage.js:12780:18)
      at persistProjectShard (src/scripts/storage.js:12828:5)
          at Array.forEach (<anonymous>)
      at forEach (src/scripts/storage.js:12827:25)
      at persistAllProjects (src/scripts/storage.js:13535:5)
      at Object.saveProject (tests/unit/storage.test.js:1276:5)

  console.log
    DEBUG: getSafeLocalStorage returning object

      at Proxy.apply (src/scripts/modules/base.js:92:26)
          at Array.forEach (<anonymous>)

  console.log
    DEBUG: getSafeLocalStorage returning object

      at Proxy.apply (src/scripts/modules/base.js:92:26)
          at Array.forEach (<anonymous>)

  console.warn
    MOCK SET: cameraPowerPlanner_prj_auto-backup-2024-01-01-00-49-Project Alpha = {"__cineAutoBackupSnapshot":{"version":1,"snapshot

      61 |       return undefined;
      62 |     }
    > 63 |     return originalFn(...args);
         |            ^
      64 |   };
      65 | };
      66 |

      at console.<anonymous> (tests/setup/jest.setup.cjs:63:12)
      at console.apply [as warn] (src/scripts/modules/base.js:92:26)
      at Object.warn (tests/unit/storage.test.js:11:15)
      at setItem (src/scripts/storage.js:8463:17)
      at saveJSONToStorage (src/scripts/storage.js:12780:18)
      at persistProjectShard (src/scripts/storage.js:12828:5)
          at Array.forEach (<anonymous>)
      at forEach (src/scripts/storage.js:12827:25)
      at persistAllProjects (src/scripts/storage.js:13535:5)
      at Object.saveProject (tests/unit/storage.test.js:1276:5)

  console.log
    DEBUG: getSafeLocalStorage returning object

      at Proxy.apply (src/scripts/modules/base.js:92:26)
          at Array.forEach (<anonymous>)

  console.log
    DEBUG: getSafeLocalStorage returning object

      at Proxy.apply (src/scripts/modules/base.js:92:26)
          at Array.forEach (<anonymous>)

  console.warn
    MOCK SET: cameraPowerPlanner_prj_auto-backup-2024-01-01-00-50-Project Alpha = {"__cineAutoBackupSnapshot":{"version":1,"snapshot

      61 |       return undefined;
      62 |     }
    > 63 |     return originalFn(...args);
         |            ^
      64 |   };
      65 | };
      66 |

      at console.<anonymous> (tests/setup/jest.setup.cjs:63:12)
      at console.apply [as warn] (src/scripts/modules/base.js:92:26)
      at Object.warn (tests/unit/storage.test.js:11:15)
      at setItem (src/scripts/storage.js:8463:17)
      at saveJSONToStorage (src/scripts/storage.js:12780:18)
      at persistProjectShard (src/scripts/storage.js:12828:5)
          at Array.forEach (<anonymous>)
      at forEach (src/scripts/storage.js:12827:25)
      at persistAllProjects (src/scripts/storage.js:13535:5)
      at Object.saveProject (tests/unit/storage.test.js:1276:5)

  console.log
    DEBUG: getSafeLocalStorage returning object

      at Proxy.apply (src/scripts/modules/base.js:92:26)
          at Array.forEach (<anonymous>)

  console.log
    DEBUG: getSafeLocalStorage returning object

      at Proxy.apply (src/scripts/modules/base.js:92:26)
          at Array.forEach (<anonymous>)

  console.warn
    MOCK SET: cameraPowerPlanner_prj_auto-backup-2024-01-01-00-51-Project Alpha = {"__cineAutoBackupSnapshot":{"version":1,"snapshot

      61 |       return undefined;
      62 |     }
    > 63 |     return originalFn(...args);
         |            ^
      64 |   };
      65 | };
      66 |

      at console.<anonymous> (tests/setup/jest.setup.cjs:63:12)
      at console.apply [as warn] (src/scripts/modules/base.js:92:26)
      at Object.warn (tests/unit/storage.test.js:11:15)
      at setItem (src/scripts/storage.js:8463:17)
      at saveJSONToStorage (src/scripts/storage.js:12780:18)
      at persistProjectShard (src/scripts/storage.js:12828:5)
          at Array.forEach (<anonymous>)
      at forEach (src/scripts/storage.js:12827:25)
      at persistAllProjects (src/scripts/storage.js:13535:5)
      at Object.saveProject (tests/unit/storage.test.js:1276:5)

  console.log
    DEBUG: getSafeLocalStorage returning object

      at Proxy.apply (src/scripts/modules/base.js:92:26)
          at Array.forEach (<anonymous>)

  console.log
    DEBUG: getSafeLocalStorage returning object

      at Proxy.apply (src/scripts/modules/base.js:92:26)
          at Array.forEach (<anonymous>)

  console.warn
    MOCK SET: cameraPowerPlanner_prj_auto-backup-2024-01-01-00-52-Project Alpha = {"__cineAutoBackupSnapshot":{"version":1,"snapshot

      61 |       return undefined;
      62 |     }
    > 63 |     return originalFn(...args);
         |            ^
      64 |   };
      65 | };
      66 |

      at console.<anonymous> (tests/setup/jest.setup.cjs:63:12)
      at console.apply [as warn] (src/scripts/modules/base.js:92:26)
      at Object.warn (tests/unit/storage.test.js:11:15)
      at setItem (src/scripts/storage.js:8463:17)
      at saveJSONToStorage (src/scripts/storage.js:12780:18)
      at persistProjectShard (src/scripts/storage.js:12828:5)
          at Array.forEach (<anonymous>)
      at forEach (src/scripts/storage.js:12827:25)
      at persistAllProjects (src/scripts/storage.js:13535:5)
      at Object.saveProject (tests/unit/storage.test.js:1276:5)

  console.log
    DEBUG: getSafeLocalStorage returning object

      at Proxy.apply (src/scripts/modules/base.js:92:26)
          at Array.forEach (<anonymous>)

  console.log
    DEBUG: getSafeLocalStorage returning object

      at Proxy.apply (src/scripts/modules/base.js:92:26)
          at Array.forEach (<anonymous>)

  console.warn
    MOCK SET: cameraPowerPlanner_prj_auto-backup-2024-01-01-00-53-Project Alpha = {"__cineAutoBackupSnapshot":{"version":1,"snapshot

      61 |       return undefined;
      62 |     }
    > 63 |     return originalFn(...args);
         |            ^
      64 |   };
      65 | };
      66 |

      at console.<anonymous> (tests/setup/jest.setup.cjs:63:12)
      at console.apply [as warn] (src/scripts/modules/base.js:92:26)
      at Object.warn (tests/unit/storage.test.js:11:15)
      at setItem (src/scripts/storage.js:8463:17)
      at saveJSONToStorage (src/scripts/storage.js:12780:18)
      at persistProjectShard (src/scripts/storage.js:12828:5)
          at Array.forEach (<anonymous>)
      at forEach (src/scripts/storage.js:12827:25)
      at persistAllProjects (src/scripts/storage.js:13535:5)
      at Object.saveProject (tests/unit/storage.test.js:1276:5)

  console.log
    DEBUG: getSafeLocalStorage returning object

      at Proxy.apply (src/scripts/modules/base.js:92:26)
          at Array.forEach (<anonymous>)

  console.log
    DEBUG: getSafeLocalStorage returning object

      at Proxy.apply (src/scripts/modules/base.js:92:26)
          at Array.forEach (<anonymous>)

  console.warn
    MOCK SET: cameraPowerPlanner_prj_auto-backup-2024-01-01-00-54-Project Alpha = {"__cineAutoBackupSnapshot":{"version":1,"snapshot

      61 |       return undefined;
      62 |     }
    > 63 |     return originalFn(...args);
         |            ^
      64 |   };
      65 | };
      66 |

      at console.<anonymous> (tests/setup/jest.setup.cjs:63:12)
      at console.apply [as warn] (src/scripts/modules/base.js:92:26)
      at Object.warn (tests/unit/storage.test.js:11:15)
      at setItem (src/scripts/storage.js:8463:17)
      at saveJSONToStorage (src/scripts/storage.js:12780:18)
      at persistProjectShard (src/scripts/storage.js:12828:5)
          at Array.forEach (<anonymous>)
      at forEach (src/scripts/storage.js:12827:25)
      at persistAllProjects (src/scripts/storage.js:13535:5)
      at Object.saveProject (tests/unit/storage.test.js:1276:5)

  console.log
    DEBUG: getSafeLocalStorage returning object

      at Proxy.apply (src/scripts/modules/base.js:92:26)
          at Array.forEach (<anonymous>)

  console.log
    DEBUG: getSafeLocalStorage returning object

      at Proxy.apply (src/scripts/modules/base.js:92:26)
          at Array.forEach (<anonymous>)

  console.warn
    MOCK SET: cameraPowerPlanner_prj_auto-backup-2024-01-01-00-55-Project Alpha = {"__cineAutoBackupSnapshot":{"version":1,"snapshot

      61 |       return undefined;
      62 |     }
    > 63 |     return originalFn(...args);
         |            ^
      64 |   };
      65 | };
      66 |

      at console.<anonymous> (tests/setup/jest.setup.cjs:63:12)
      at console.apply [as warn] (src/scripts/modules/base.js:92:26)
      at Object.warn (tests/unit/storage.test.js:11:15)
      at setItem (src/scripts/storage.js:8463:17)
      at saveJSONToStorage (src/scripts/storage.js:12780:18)
      at persistProjectShard (src/scripts/storage.js:12828:5)
          at Array.forEach (<anonymous>)
      at forEach (src/scripts/storage.js:12827:25)
      at persistAllProjects (src/scripts/storage.js:13535:5)
      at Object.saveProject (tests/unit/storage.test.js:1276:5)

  console.log
    DEBUG: getSafeLocalStorage returning object

      at Proxy.apply (src/scripts/modules/base.js:92:26)
          at Array.forEach (<anonymous>)

  console.log
    DEBUG: getSafeLocalStorage returning object

      at Proxy.apply (src/scripts/modules/base.js:92:26)
          at Array.forEach (<anonymous>)

  console.warn
    MOCK SET: cameraPowerPlanner_prj_auto-backup-2024-01-01-00-56-Project Alpha = {"__cineAutoBackupSnapshot":{"version":1,"snapshot

      61 |       return undefined;
      62 |     }
    > 63 |     return originalFn(...args);
         |            ^
      64 |   };
      65 | };
      66 |

      at console.<anonymous> (tests/setup/jest.setup.cjs:63:12)
      at console.apply [as warn] (src/scripts/modules/base.js:92:26)
      at Object.warn (tests/unit/storage.test.js:11:15)
      at setItem (src/scripts/storage.js:8463:17)
      at saveJSONToStorage (src/scripts/storage.js:12780:18)
      at persistProjectShard (src/scripts/storage.js:12828:5)
          at Array.forEach (<anonymous>)
      at forEach (src/scripts/storage.js:12827:25)
      at persistAllProjects (src/scripts/storage.js:13535:5)
      at Object.saveProject (tests/unit/storage.test.js:1276:5)

  console.log
    DEBUG: getSafeLocalStorage returning object

      at Proxy.apply (src/scripts/modules/base.js:92:26)
          at Array.forEach (<anonymous>)

  console.log
    DEBUG: getSafeLocalStorage returning object

      at Proxy.apply (src/scripts/modules/base.js:92:26)
          at Array.forEach (<anonymous>)

  console.warn
    MOCK SET: cameraPowerPlanner_prj_auto-backup-2024-01-01-00-57-Project Alpha = {"__cineAutoBackupSnapshot":{"version":1,"snapshot

      61 |       return undefined;
      62 |     }
    > 63 |     return originalFn(...args);
         |            ^
      64 |   };
      65 | };
      66 |

      at console.<anonymous> (tests/setup/jest.setup.cjs:63:12)
      at console.apply [as warn] (src/scripts/modules/base.js:92:26)
      at Object.warn (tests/unit/storage.test.js:11:15)
      at setItem (src/scripts/storage.js:8463:17)
      at saveJSONToStorage (src/scripts/storage.js:12780:18)
      at persistProjectShard (src/scripts/storage.js:12828:5)
          at Array.forEach (<anonymous>)
      at forEach (src/scripts/storage.js:12827:25)
      at persistAllProjects (src/scripts/storage.js:13535:5)
      at Object.saveProject (tests/unit/storage.test.js:1276:5)

  console.log
    DEBUG: getSafeLocalStorage returning object

      at Proxy.apply (src/scripts/modules/base.js:92:26)
          at Array.forEach (<anonymous>)

  console.log
    DEBUG: getSafeLocalStorage returning object

      at Proxy.apply (src/scripts/modules/base.js:92:26)
          at Array.forEach (<anonymous>)

  console.warn
    MOCK SET: cameraPowerPlanner_prj_auto-backup-2024-01-01-00-58-Project Alpha = {"__cineAutoBackupSnapshot":{"version":1,"snapshot

      61 |       return undefined;
      62 |     }
    > 63 |     return originalFn(...args);
         |            ^
      64 |   };
      65 | };
      66 |

      at console.<anonymous> (tests/setup/jest.setup.cjs:63:12)
      at console.apply [as warn] (src/scripts/modules/base.js:92:26)
      at Object.warn (tests/unit/storage.test.js:11:15)
      at setItem (src/scripts/storage.js:8463:17)
      at saveJSONToStorage (src/scripts/storage.js:12780:18)
      at persistProjectShard (src/scripts/storage.js:12828:5)
          at Array.forEach (<anonymous>)
      at forEach (src/scripts/storage.js:12827:25)
      at persistAllProjects (src/scripts/storage.js:13535:5)
      at Object.saveProject (tests/unit/storage.test.js:1276:5)

  console.log
    DEBUG: getSafeLocalStorage returning object

      at Proxy.apply (src/scripts/modules/base.js:92:26)
          at Array.forEach (<anonymous>)

  console.log
    DEBUG: getSafeLocalStorage returning object

      at Proxy.apply (src/scripts/modules/base.js:92:26)
          at Array.forEach (<anonymous>)

  console.warn
    MOCK SET: cameraPowerPlanner_prj_auto-backup-2024-01-01-00-59-Project Alpha = {"__cineAutoBackupSnapshot":{"version":1,"snapshot

      61 |       return undefined;
      62 |     }
    > 63 |     return originalFn(...args);
         |            ^
      64 |   };
      65 | };
      66 |

      at console.<anonymous> (tests/setup/jest.setup.cjs:63:12)
      at console.apply [as warn] (src/scripts/modules/base.js:92:26)
      at Object.warn (tests/unit/storage.test.js:11:15)
      at setItem (src/scripts/storage.js:8463:17)
      at saveJSONToStorage (src/scripts/storage.js:12780:18)
      at persistProjectShard (src/scripts/storage.js:12828:5)
          at Array.forEach (<anonymous>)
      at forEach (src/scripts/storage.js:12827:25)
      at persistAllProjects (src/scripts/storage.js:13535:5)
      at Object.saveProject (tests/unit/storage.test.js:1276:5)

  console.log
    DEBUG: getSafeLocalStorage returning object

      at Proxy.apply (src/scripts/modules/base.js:92:26)
          at Array.forEach (<anonymous>)

  console.log
    DEBUG: getSafeLocalStorage returning object

      at Proxy.apply (src/scripts/modules/base.js:92:26)
          at Array.forEach (<anonymous>)

  console.warn
    MOCK SET: cameraPowerPlanner_prj_auto-backup-2024-01-01-01-00-Project Alpha = {"__cineAutoBackupSnapshot":{"version":1,"snapshot

      61 |       return undefined;
      62 |     }
    > 63 |     return originalFn(...args);
         |            ^
      64 |   };
      65 | };
      66 |

      at console.<anonymous> (tests/setup/jest.setup.cjs:63:12)
      at console.apply [as warn] (src/scripts/modules/base.js:92:26)
      at Object.warn (tests/unit/storage.test.js:11:15)
      at setItem (src/scripts/storage.js:8463:17)
      at saveJSONToStorage (src/scripts/storage.js:12780:18)
      at persistProjectShard (src/scripts/storage.js:12828:5)
          at Array.forEach (<anonymous>)
      at forEach (src/scripts/storage.js:12827:25)
      at persistAllProjects (src/scripts/storage.js:13535:5)
      at Object.saveProject (tests/unit/storage.test.js:1276:5)

  console.log
    DEBUG: getSafeLocalStorage returning object

      at Proxy.apply (src/scripts/modules/base.js:92:26)
          at Array.forEach (<anonymous>)

  console.log
    DEBUG: getSafeLocalStorage returning object

      at Proxy.apply (src/scripts/modules/base.js:92:26)
          at Array.forEach (<anonymous>)

  console.warn
    MOCK SET: cameraPowerPlanner_prj_auto-backup-2024-01-01-01-01-Project Alpha = {"__cineAutoBackupSnapshot":{"version":1,"snapshot

      61 |       return undefined;
      62 |     }
    > 63 |     return originalFn(...args);
         |            ^
      64 |   };
      65 | };
      66 |

      at console.<anonymous> (tests/setup/jest.setup.cjs:63:12)
      at console.apply [as warn] (src/scripts/modules/base.js:92:26)
      at Object.warn (tests/unit/storage.test.js:11:15)
      at setItem (src/scripts/storage.js:8463:17)
      at saveJSONToStorage (src/scripts/storage.js:12780:18)
      at persistProjectShard (src/scripts/storage.js:12828:5)
          at Array.forEach (<anonymous>)
      at forEach (src/scripts/storage.js:12827:25)
      at persistAllProjects (src/scripts/storage.js:13535:5)
      at Object.saveProject (tests/unit/storage.test.js:1276:5)

  console.log
    DEBUG: getSafeLocalStorage returning object

      at Proxy.apply (src/scripts/modules/base.js:92:26)
          at Array.forEach (<anonymous>)

  console.log
    DEBUG: getSafeLocalStorage returning object

      at Proxy.apply (src/scripts/modules/base.js:92:26)
          at Array.forEach (<anonymous>)

  console.warn
    MOCK SET: cameraPowerPlanner_prj_auto-backup-2024-01-01-01-02-Project Alpha = {"__cineAutoBackupSnapshot":{"version":1,"snapshot

      61 |       return undefined;
      62 |     }
    > 63 |     return originalFn(...args);
         |            ^
      64 |   };
      65 | };
      66 |

      at console.<anonymous> (tests/setup/jest.setup.cjs:63:12)
      at console.apply [as warn] (src/scripts/modules/base.js:92:26)
      at Object.warn (tests/unit/storage.test.js:11:15)
      at setItem (src/scripts/storage.js:8463:17)
      at saveJSONToStorage (src/scripts/storage.js:12780:18)
      at persistProjectShard (src/scripts/storage.js:12828:5)
          at Array.forEach (<anonymous>)
      at forEach (src/scripts/storage.js:12827:25)
      at persistAllProjects (src/scripts/storage.js:13535:5)
      at Object.saveProject (tests/unit/storage.test.js:1276:5)

  console.log
    DEBUG: getSafeLocalStorage returning object

      at Proxy.apply (src/scripts/modules/base.js:92:26)
          at Array.forEach (<anonymous>)

  console.log
    DEBUG: getSafeLocalStorage returning object

      at Proxy.apply (src/scripts/modules/base.js:92:26)
          at Array.forEach (<anonymous>)

  console.warn
    MOCK SET: cameraPowerPlanner_prj_auto-backup-2024-01-01-01-03-Project Alpha = {"__cineAutoBackupSnapshot":{"version":1,"snapshot

      61 |       return undefined;
      62 |     }
    > 63 |     return originalFn(...args);
         |            ^
      64 |   };
      65 | };
      66 |

      at console.<anonymous> (tests/setup/jest.setup.cjs:63:12)
      at console.apply [as warn] (src/scripts/modules/base.js:92:26)
      at Object.warn (tests/unit/storage.test.js:11:15)
      at setItem (src/scripts/storage.js:8463:17)
      at saveJSONToStorage (src/scripts/storage.js:12780:18)
      at persistProjectShard (src/scripts/storage.js:12828:5)
          at Array.forEach (<anonymous>)
      at forEach (src/scripts/storage.js:12827:25)
      at persistAllProjects (src/scripts/storage.js:13535:5)
      at Object.saveProject (tests/unit/storage.test.js:1276:5)

  console.log
    DEBUG: getSafeLocalStorage returning object

      at Proxy.apply (src/scripts/modules/base.js:92:26)
          at Array.forEach (<anonymous>)

  console.log
    DEBUG: getSafeLocalStorage returning object

      at Proxy.apply (src/scripts/modules/base.js:92:26)
          at Array.forEach (<anonymous>)

  console.warn
    MOCK SET: cameraPowerPlanner_prj_auto-backup-2024-01-01-01-04-Project Alpha = {"__cineAutoBackupSnapshot":{"version":1,"snapshot

      61 |       return undefined;
      62 |     }
    > 63 |     return originalFn(...args);
         |            ^
      64 |   };
      65 | };
      66 |

      at console.<anonymous> (tests/setup/jest.setup.cjs:63:12)
      at console.apply [as warn] (src/scripts/modules/base.js:92:26)
      at Object.warn (tests/unit/storage.test.js:11:15)
      at setItem (src/scripts/storage.js:8463:17)
      at saveJSONToStorage (src/scripts/storage.js:12780:18)
      at persistProjectShard (src/scripts/storage.js:12828:5)
          at Array.forEach (<anonymous>)
      at forEach (src/scripts/storage.js:12827:25)
      at persistAllProjects (src/scripts/storage.js:13535:5)
      at Object.saveProject (tests/unit/storage.test.js:1276:5)

  console.log
    DEBUG: getSafeLocalStorage returning object

      at Proxy.apply (src/scripts/modules/base.js:92:26)
          at Array.forEach (<anonymous>)

  console.log
    DEBUG: getSafeLocalStorage returning object

      at Proxy.apply (src/scripts/modules/base.js:92:26)
          at Array.forEach (<anonymous>)

  console.warn
    MOCK SET: cameraPowerPlanner_prj_auto-backup-2024-01-01-01-05-Project Alpha = {"__cineAutoBackupSnapshot":{"version":1,"snapshot

      61 |       return undefined;
      62 |     }
    > 63 |     return originalFn(...args);
         |            ^
      64 |   };
      65 | };
      66 |

      at console.<anonymous> (tests/setup/jest.setup.cjs:63:12)
      at console.apply [as warn] (src/scripts/modules/base.js:92:26)
      at Object.warn (tests/unit/storage.test.js:11:15)
      at setItem (src/scripts/storage.js:8463:17)
      at saveJSONToStorage (src/scripts/storage.js:12780:18)
      at persistProjectShard (src/scripts/storage.js:12828:5)
          at Array.forEach (<anonymous>)
      at forEach (src/scripts/storage.js:12827:25)
      at persistAllProjects (src/scripts/storage.js:13535:5)
      at Object.saveProject (tests/unit/storage.test.js:1276:5)

  console.log
    DEBUG: getSafeLocalStorage returning object

      at Proxy.apply (src/scripts/modules/base.js:92:26)
          at Array.forEach (<anonymous>)

  console.log
    DEBUG: getSafeLocalStorage returning object

      at Proxy.apply (src/scripts/modules/base.js:92:26)
          at Array.forEach (<anonymous>)

  console.warn
    MOCK SET: cameraPowerPlanner_prj_auto-backup-2024-01-01-01-06-Project Alpha = {"__cineAutoBackupSnapshot":{"version":1,"snapshot

      61 |       return undefined;
      62 |     }
    > 63 |     return originalFn(...args);
         |            ^
      64 |   };
      65 | };
      66 |

      at console.<anonymous> (tests/setup/jest.setup.cjs:63:12)
      at console.apply [as warn] (src/scripts/modules/base.js:92:26)
      at Object.warn (tests/unit/storage.test.js:11:15)
      at setItem (src/scripts/storage.js:8463:17)
      at saveJSONToStorage (src/scripts/storage.js:12780:18)
      at persistProjectShard (src/scripts/storage.js:12828:5)
          at Array.forEach (<anonymous>)
      at forEach (src/scripts/storage.js:12827:25)
      at persistAllProjects (src/scripts/storage.js:13535:5)
      at Object.saveProject (tests/unit/storage.test.js:1276:5)

  console.log
    DEBUG: getSafeLocalStorage returning object

      at Proxy.apply (src/scripts/modules/base.js:92:26)
          at Array.forEach (<anonymous>)

  console.log
    DEBUG: getSafeLocalStorage returning object

      at Proxy.apply (src/scripts/modules/base.js:92:26)
          at Array.forEach (<anonymous>)

  console.warn
    MOCK SET: cameraPowerPlanner_prj_auto-backup-2024-01-01-01-07-Project Alpha = {"__cineAutoBackupSnapshot":{"version":1,"snapshot

      61 |       return undefined;
      62 |     }
    > 63 |     return originalFn(...args);
         |            ^
      64 |   };
      65 | };
      66 |

      at console.<anonymous> (tests/setup/jest.setup.cjs:63:12)
      at console.apply [as warn] (src/scripts/modules/base.js:92:26)
      at Object.warn (tests/unit/storage.test.js:11:15)
      at setItem (src/scripts/storage.js:8463:17)
      at saveJSONToStorage (src/scripts/storage.js:12780:18)
      at persistProjectShard (src/scripts/storage.js:12828:5)
          at Array.forEach (<anonymous>)
      at forEach (src/scripts/storage.js:12827:25)
      at persistAllProjects (src/scripts/storage.js:13535:5)
      at Object.saveProject (tests/unit/storage.test.js:1276:5)

  console.log
    DEBUG: getSafeLocalStorage returning object

      at Proxy.apply (src/scripts/modules/base.js:92:26)
          at Array.forEach (<anonymous>)

  console.log
    DEBUG: getSafeLocalStorage returning object

      at Proxy.apply (src/scripts/modules/base.js:92:26)
          at Array.forEach (<anonymous>)

  console.warn
    MOCK SET: cameraPowerPlanner_prj_auto-backup-2024-01-01-01-08-Project Alpha = {"__cineAutoBackupSnapshot":{"version":1,"snapshot

      61 |       return undefined;
      62 |     }
    > 63 |     return originalFn(...args);
         |            ^
      64 |   };
      65 | };
      66 |

      at console.<anonymous> (tests/setup/jest.setup.cjs:63:12)
      at console.apply [as warn] (src/scripts/modules/base.js:92:26)
      at Object.warn (tests/unit/storage.test.js:11:15)
      at setItem (src/scripts/storage.js:8463:17)
      at saveJSONToStorage (src/scripts/storage.js:12780:18)
      at persistProjectShard (src/scripts/storage.js:12828:5)
          at Array.forEach (<anonymous>)
      at forEach (src/scripts/storage.js:12827:25)
      at persistAllProjects (src/scripts/storage.js:13535:5)
      at Object.saveProject (tests/unit/storage.test.js:1276:5)

  console.log
    DEBUG: getSafeLocalStorage returning object

      at Proxy.apply (src/scripts/modules/base.js:92:26)
          at Array.forEach (<anonymous>)

  console.log
    DEBUG: getSafeLocalStorage returning object

      at Proxy.apply (src/scripts/modules/base.js:92:26)
          at Array.forEach (<anonymous>)

  console.warn
    MOCK SET: cameraPowerPlanner_prj_auto-backup-2024-01-01-01-09-Project Alpha = {"__cineAutoBackupSnapshot":{"version":1,"snapshot

      61 |       return undefined;
      62 |     }
    > 63 |     return originalFn(...args);
         |            ^
      64 |   };
      65 | };
      66 |

      at console.<anonymous> (tests/setup/jest.setup.cjs:63:12)
      at console.apply [as warn] (src/scripts/modules/base.js:92:26)
      at Object.warn (tests/unit/storage.test.js:11:15)
      at setItem (src/scripts/storage.js:8463:17)
      at saveJSONToStorage (src/scripts/storage.js:12780:18)
      at persistProjectShard (src/scripts/storage.js:12828:5)
          at Array.forEach (<anonymous>)
      at forEach (src/scripts/storage.js:12827:25)
      at persistAllProjects (src/scripts/storage.js:13535:5)
      at Object.saveProject (tests/unit/storage.test.js:1276:5)

  console.log
    DEBUG: getSafeLocalStorage returning object

      at Proxy.apply (src/scripts/modules/base.js:92:26)
          at Array.forEach (<anonymous>)

  console.log
    DEBUG: getSafeLocalStorage returning object

      at Proxy.apply (src/scripts/modules/base.js:92:26)
          at Array.forEach (<anonymous>)

  console.warn
    MOCK SET: cameraPowerPlanner_prj_auto-backup-2024-01-01-01-10-Project Alpha = {"__cineAutoBackupSnapshot":{"version":1,"snapshot

      61 |       return undefined;
      62 |     }
    > 63 |     return originalFn(...args);
         |            ^
      64 |   };
      65 | };
      66 |

      at console.<anonymous> (tests/setup/jest.setup.cjs:63:12)
      at console.apply [as warn] (src/scripts/modules/base.js:92:26)
      at Object.warn (tests/unit/storage.test.js:11:15)
      at setItem (src/scripts/storage.js:8463:17)
      at saveJSONToStorage (src/scripts/storage.js:12780:18)
      at persistProjectShard (src/scripts/storage.js:12828:5)
          at Array.forEach (<anonymous>)
      at forEach (src/scripts/storage.js:12827:25)
      at persistAllProjects (src/scripts/storage.js:13535:5)
      at Object.saveProject (tests/unit/storage.test.js:1276:5)

  console.log
    DEBUG: getSafeLocalStorage returning object

      at Proxy.apply (src/scripts/modules/base.js:92:26)
          at Array.forEach (<anonymous>)

  console.log
    DEBUG: getSafeLocalStorage returning object

      at Proxy.apply (src/scripts/modules/base.js:92:26)
          at Array.forEach (<anonymous>)

  console.warn
    MOCK SET: cameraPowerPlanner_prj_auto-backup-2024-01-01-01-11-Project Alpha = {"__cineAutoBackupSnapshot":{"version":1,"snapshot

      61 |       return undefined;
      62 |     }
    > 63 |     return originalFn(...args);
         |            ^
      64 |   };
      65 | };
      66 |

      at console.<anonymous> (tests/setup/jest.setup.cjs:63:12)
      at console.apply [as warn] (src/scripts/modules/base.js:92:26)
      at Object.warn (tests/unit/storage.test.js:11:15)
      at setItem (src/scripts/storage.js:8463:17)
      at saveJSONToStorage (src/scripts/storage.js:12780:18)
      at persistProjectShard (src/scripts/storage.js:12828:5)
          at Array.forEach (<anonymous>)
      at forEach (src/scripts/storage.js:12827:25)
      at persistAllProjects (src/scripts/storage.js:13535:5)
      at Object.saveProject (tests/unit/storage.test.js:1276:5)

  console.log
    DEBUG: getSafeLocalStorage returning object

      at Proxy.apply (src/scripts/modules/base.js:92:26)
          at Array.forEach (<anonymous>)

  console.log
    DEBUG: getSafeLocalStorage returning object

      at Proxy.apply (src/scripts/modules/base.js:92:26)
          at Array.forEach (<anonymous>)

  console.warn
    MOCK SET: cameraPowerPlanner_prj_auto-backup-2024-01-01-01-12-Project Alpha = {"__cineAutoBackupSnapshot":{"version":1,"snapshot

      61 |       return undefined;
      62 |     }
    > 63 |     return originalFn(...args);
         |            ^
      64 |   };
      65 | };
      66 |

      at console.<anonymous> (tests/setup/jest.setup.cjs:63:12)
      at console.apply [as warn] (src/scripts/modules/base.js:92:26)
      at Object.warn (tests/unit/storage.test.js:11:15)
      at setItem (src/scripts/storage.js:8463:17)
      at saveJSONToStorage (src/scripts/storage.js:12780:18)
      at persistProjectShard (src/scripts/storage.js:12828:5)
          at Array.forEach (<anonymous>)
      at forEach (src/scripts/storage.js:12827:25)
      at persistAllProjects (src/scripts/storage.js:13535:5)
      at Object.saveProject (tests/unit/storage.test.js:1276:5)

  console.log
    DEBUG: getSafeLocalStorage returning object

      at Proxy.apply (src/scripts/modules/base.js:92:26)
          at Array.forEach (<anonymous>)

  console.log
    DEBUG: getSafeLocalStorage returning object

      at Proxy.apply (src/scripts/modules/base.js:92:26)
          at Array.forEach (<anonymous>)

  console.warn
    MOCK SET: cameraPowerPlanner_prj_auto-backup-2024-01-01-01-13-Project Alpha = {"__cineAutoBackupSnapshot":{"version":1,"snapshot

      61 |       return undefined;
      62 |     }
    > 63 |     return originalFn(...args);
         |            ^
      64 |   };
      65 | };
      66 |

      at console.<anonymous> (tests/setup/jest.setup.cjs:63:12)
      at console.apply [as warn] (src/scripts/modules/base.js:92:26)
      at Object.warn (tests/unit/storage.test.js:11:15)
      at setItem (src/scripts/storage.js:8463:17)
      at saveJSONToStorage (src/scripts/storage.js:12780:18)
      at persistProjectShard (src/scripts/storage.js:12828:5)
          at Array.forEach (<anonymous>)
      at forEach (src/scripts/storage.js:12827:25)
      at persistAllProjects (src/scripts/storage.js:13535:5)
      at Object.saveProject (tests/unit/storage.test.js:1276:5)

  console.log
    DEBUG: getSafeLocalStorage returning object

      at Proxy.apply (src/scripts/modules/base.js:92:26)
          at Array.forEach (<anonymous>)

  console.log
    DEBUG: getSafeLocalStorage returning object

      at Proxy.apply (src/scripts/modules/base.js:92:26)
          at Array.forEach (<anonymous>)

  console.warn
    MOCK SET: cameraPowerPlanner_prj_auto-backup-2024-01-01-01-14-Project Alpha = {"__cineAutoBackupSnapshot":{"version":1,"snapshot

      61 |       return undefined;
      62 |     }
    > 63 |     return originalFn(...args);
         |            ^
      64 |   };
      65 | };
      66 |

      at console.<anonymous> (tests/setup/jest.setup.cjs:63:12)
      at console.apply [as warn] (src/scripts/modules/base.js:92:26)
      at Object.warn (tests/unit/storage.test.js:11:15)
      at setItem (src/scripts/storage.js:8463:17)
      at saveJSONToStorage (src/scripts/storage.js:12780:18)
      at persistProjectShard (src/scripts/storage.js:12828:5)
          at Array.forEach (<anonymous>)
      at forEach (src/scripts/storage.js:12827:25)
      at persistAllProjects (src/scripts/storage.js:13535:5)
      at Object.saveProject (tests/unit/storage.test.js:1276:5)

  console.log
    DEBUG: getSafeLocalStorage returning object

      at Proxy.apply (src/scripts/modules/base.js:92:26)
          at Array.forEach (<anonymous>)

  console.log
    DEBUG: getSafeLocalStorage returning object

      at Proxy.apply (src/scripts/modules/base.js:92:26)
          at Array.forEach (<anonymous>)

  console.warn
    MOCK SET: cameraPowerPlanner_prj_auto-backup-2024-01-01-01-15-Project Alpha = {"__cineAutoBackupSnapshot":{"version":1,"snapshot

      61 |       return undefined;
      62 |     }
    > 63 |     return originalFn(...args);
         |            ^
      64 |   };
      65 | };
      66 |

      at console.<anonymous> (tests/setup/jest.setup.cjs:63:12)
      at console.apply [as warn] (src/scripts/modules/base.js:92:26)
      at Object.warn (tests/unit/storage.test.js:11:15)
      at setItem (src/scripts/storage.js:8463:17)
      at saveJSONToStorage (src/scripts/storage.js:12780:18)
      at persistProjectShard (src/scripts/storage.js:12828:5)
          at Array.forEach (<anonymous>)
      at forEach (src/scripts/storage.js:12827:25)
      at persistAllProjects (src/scripts/storage.js:13535:5)
      at Object.saveProject (tests/unit/storage.test.js:1276:5)

  console.log
    DEBUG: getSafeLocalStorage returning object

      at Proxy.apply (src/scripts/modules/base.js:92:26)
          at Array.forEach (<anonymous>)

  console.log
    DEBUG: getSafeLocalStorage returning object

      at Proxy.apply (src/scripts/modules/base.js:92:26)
          at Array.forEach (<anonymous>)

  console.warn
    MOCK SET: cameraPowerPlanner_prj_auto-backup-2024-01-01-01-16-Project Alpha = {"__cineAutoBackupSnapshot":{"version":1,"snapshot

      61 |       return undefined;
      62 |     }
    > 63 |     return originalFn(...args);
         |            ^
      64 |   };
      65 | };
      66 |

      at console.<anonymous> (tests/setup/jest.setup.cjs:63:12)
      at console.apply [as warn] (src/scripts/modules/base.js:92:26)
      at Object.warn (tests/unit/storage.test.js:11:15)
      at setItem (src/scripts/storage.js:8463:17)
      at saveJSONToStorage (src/scripts/storage.js:12780:18)
      at persistProjectShard (src/scripts/storage.js:12828:5)
          at Array.forEach (<anonymous>)
      at forEach (src/scripts/storage.js:12827:25)
      at persistAllProjects (src/scripts/storage.js:13535:5)
      at Object.saveProject (tests/unit/storage.test.js:1276:5)

  console.log
    DEBUG: getSafeLocalStorage returning object

      at Proxy.apply (src/scripts/modules/base.js:92:26)
          at Array.forEach (<anonymous>)

  console.log
    DEBUG: getSafeLocalStorage returning object

      at Proxy.apply (src/scripts/modules/base.js:92:26)
          at Array.forEach (<anonymous>)

  console.warn
    MOCK SET: cameraPowerPlanner_prj_auto-backup-2024-01-01-01-17-Project Alpha = {"__cineAutoBackupSnapshot":{"version":1,"snapshot

      61 |       return undefined;
      62 |     }
    > 63 |     return originalFn(...args);
         |            ^
      64 |   };
      65 | };
      66 |

      at console.<anonymous> (tests/setup/jest.setup.cjs:63:12)
      at console.apply [as warn] (src/scripts/modules/base.js:92:26)
      at Object.warn (tests/unit/storage.test.js:11:15)
      at setItem (src/scripts/storage.js:8463:17)
      at saveJSONToStorage (src/scripts/storage.js:12780:18)
      at persistProjectShard (src/scripts/storage.js:12828:5)
          at Array.forEach (<anonymous>)
      at forEach (src/scripts/storage.js:12827:25)
      at persistAllProjects (src/scripts/storage.js:13535:5)
      at Object.saveProject (tests/unit/storage.test.js:1276:5)

  console.log
    DEBUG: getSafeLocalStorage returning object

      at Proxy.apply (src/scripts/modules/base.js:92:26)
          at Array.forEach (<anonymous>)

  console.log
    DEBUG: getSafeLocalStorage returning object

      at Proxy.apply (src/scripts/modules/base.js:92:26)
          at Array.forEach (<anonymous>)

  console.warn
    MOCK SET: cameraPowerPlanner_prj_auto-backup-2024-01-01-01-18-Project Alpha = {"__cineAutoBackupSnapshot":{"version":1,"snapshot

      61 |       return undefined;
      62 |     }
    > 63 |     return originalFn(...args);
         |            ^
      64 |   };
      65 | };
      66 |

      at console.<anonymous> (tests/setup/jest.setup.cjs:63:12)
      at console.apply [as warn] (src/scripts/modules/base.js:92:26)
      at Object.warn (tests/unit/storage.test.js:11:15)
      at setItem (src/scripts/storage.js:8463:17)
      at saveJSONToStorage (src/scripts/storage.js:12780:18)
      at persistProjectShard (src/scripts/storage.js:12828:5)
          at Array.forEach (<anonymous>)
      at forEach (src/scripts/storage.js:12827:25)
      at persistAllProjects (src/scripts/storage.js:13535:5)
      at Object.saveProject (tests/unit/storage.test.js:1276:5)

  console.log
    DEBUG: getSafeLocalStorage returning object

      at Proxy.apply (src/scripts/modules/base.js:92:26)
          at Array.forEach (<anonymous>)

  console.log
    DEBUG: getSafeLocalStorage returning object

      at Proxy.apply (src/scripts/modules/base.js:92:26)
          at Array.forEach (<anonymous>)

  console.warn
    MOCK SET: cameraPowerPlanner_prj_auto-backup-2024-01-01-01-19-Project Alpha = {"__cineAutoBackupSnapshot":{"version":1,"snapshot

      61 |       return undefined;
      62 |     }
    > 63 |     return originalFn(...args);
         |            ^
      64 |   };
      65 | };
      66 |

      at console.<anonymous> (tests/setup/jest.setup.cjs:63:12)
      at console.apply [as warn] (src/scripts/modules/base.js:92:26)
      at Object.warn (tests/unit/storage.test.js:11:15)
      at setItem (src/scripts/storage.js:8463:17)
      at saveJSONToStorage (src/scripts/storage.js:12780:18)
      at persistProjectShard (src/scripts/storage.js:12828:5)
          at Array.forEach (<anonymous>)
      at forEach (src/scripts/storage.js:12827:25)
      at persistAllProjects (src/scripts/storage.js:13535:5)
      at Object.saveProject (tests/unit/storage.test.js:1276:5)

  console.log
    DEBUG: getSafeLocalStorage returning object

      at Proxy.apply (src/scripts/modules/base.js:92:26)
          at Array.forEach (<anonymous>)

  console.log
    DEBUG: getSafeLocalStorage returning object

      at Proxy.apply (src/scripts/modules/base.js:92:26)
          at Array.forEach (<anonymous>)

  console.warn
    MOCK SET: cameraPowerPlanner_prj_auto-backup-2024-01-01-01-20-Project Alpha = {"__cineAutoBackupSnapshot":{"version":1,"snapshot

      61 |       return undefined;
      62 |     }
    > 63 |     return originalFn(...args);
         |            ^
      64 |   };
      65 | };
      66 |

      at console.<anonymous> (tests/setup/jest.setup.cjs:63:12)
      at console.apply [as warn] (src/scripts/modules/base.js:92:26)
      at Object.warn (tests/unit/storage.test.js:11:15)
      at setItem (src/scripts/storage.js:8463:17)
      at saveJSONToStorage (src/scripts/storage.js:12780:18)
      at persistProjectShard (src/scripts/storage.js:12828:5)
          at Array.forEach (<anonymous>)
      at forEach (src/scripts/storage.js:12827:25)
      at persistAllProjects (src/scripts/storage.js:13535:5)
      at Object.saveProject (tests/unit/storage.test.js:1276:5)

  console.log
    DEBUG: getSafeLocalStorage returning object

      at Proxy.apply (src/scripts/modules/base.js:92:26)
          at Array.forEach (<anonymous>)

  console.log
    DEBUG: getSafeLocalStorage returning object

      at Proxy.apply (src/scripts/modules/base.js:92:26)
          at Array.forEach (<anonymous>)

  console.warn
    MOCK SET: cameraPowerPlanner_prj_auto-backup-2024-01-01-01-21-Project Alpha = {"__cineAutoBackupSnapshot":{"version":1,"snapshot

      61 |       return undefined;
      62 |     }
    > 63 |     return originalFn(...args);
         |            ^
      64 |   };
      65 | };
      66 |

      at console.<anonymous> (tests/setup/jest.setup.cjs:63:12)
      at console.apply [as warn] (src/scripts/modules/base.js:92:26)
      at Object.warn (tests/unit/storage.test.js:11:15)
      at setItem (src/scripts/storage.js:8463:17)
      at saveJSONToStorage (src/scripts/storage.js:12780:18)
      at persistProjectShard (src/scripts/storage.js:12828:5)
          at Array.forEach (<anonymous>)
      at forEach (src/scripts/storage.js:12827:25)
      at persistAllProjects (src/scripts/storage.js:13535:5)
      at Object.saveProject (tests/unit/storage.test.js:1276:5)

  console.log
    DEBUG: getSafeLocalStorage returning object

      at Proxy.apply (src/scripts/modules/base.js:92:26)
          at Array.forEach (<anonymous>)

  console.log
    DEBUG: getSafeLocalStorage returning object

      at Proxy.apply (src/scripts/modules/base.js:92:26)
          at Array.forEach (<anonymous>)

  console.warn
    MOCK SET: cameraPowerPlanner_prj_auto-backup-2024-01-01-01-22-Project Alpha = {"__cineAutoBackupSnapshot":{"version":1,"snapshot

      61 |       return undefined;
      62 |     }
    > 63 |     return originalFn(...args);
         |            ^
      64 |   };
      65 | };
      66 |

      at console.<anonymous> (tests/setup/jest.setup.cjs:63:12)
      at console.apply [as warn] (src/scripts/modules/base.js:92:26)
      at Object.warn (tests/unit/storage.test.js:11:15)
      at setItem (src/scripts/storage.js:8463:17)
      at saveJSONToStorage (src/scripts/storage.js:12780:18)
      at persistProjectShard (src/scripts/storage.js:12828:5)
          at Array.forEach (<anonymous>)
      at forEach (src/scripts/storage.js:12827:25)
      at persistAllProjects (src/scripts/storage.js:13535:5)
      at Object.saveProject (tests/unit/storage.test.js:1276:5)

  console.log
    DEBUG: getSafeLocalStorage returning object

      at Proxy.apply (src/scripts/modules/base.js:92:26)
          at Array.forEach (<anonymous>)

  console.log
    DEBUG: getSafeLocalStorage returning object

      at Proxy.apply (src/scripts/modules/base.js:92:26)
          at Array.forEach (<anonymous>)

  console.warn
    MOCK SET: cameraPowerPlanner_prj_auto-backup-2024-01-01-01-23-Project Alpha = {"__cineAutoBackupSnapshot":{"version":1,"snapshot

      61 |       return undefined;
      62 |     }
    > 63 |     return originalFn(...args);
         |            ^
      64 |   };
      65 | };
      66 |

      at console.<anonymous> (tests/setup/jest.setup.cjs:63:12)
      at console.apply [as warn] (src/scripts/modules/base.js:92:26)
      at Object.warn (tests/unit/storage.test.js:11:15)
      at setItem (src/scripts/storage.js:8463:17)
      at saveJSONToStorage (src/scripts/storage.js:12780:18)
      at persistProjectShard (src/scripts/storage.js:12828:5)
          at Array.forEach (<anonymous>)
      at forEach (src/scripts/storage.js:12827:25)
      at persistAllProjects (src/scripts/storage.js:13535:5)
      at Object.saveProject (tests/unit/storage.test.js:1276:5)

  console.log
    DEBUG: getSafeLocalStorage returning object

      at Proxy.apply (src/scripts/modules/base.js:92:26)
          at Array.forEach (<anonymous>)

  console.log
    DEBUG: getSafeLocalStorage returning object

      at Proxy.apply (src/scripts/modules/base.js:92:26)
          at Array.forEach (<anonymous>)

  console.warn
    MOCK SET: cameraPowerPlanner_prj_auto-backup-2024-01-01-01-24-Project Alpha = {"__cineAutoBackupSnapshot":{"version":1,"snapshot

      61 |       return undefined;
      62 |     }
    > 63 |     return originalFn(...args);
         |            ^
      64 |   };
      65 | };
      66 |

      at console.<anonymous> (tests/setup/jest.setup.cjs:63:12)
      at console.apply [as warn] (src/scripts/modules/base.js:92:26)
      at Object.warn (tests/unit/storage.test.js:11:15)
      at setItem (src/scripts/storage.js:8463:17)
      at saveJSONToStorage (src/scripts/storage.js:12780:18)
      at persistProjectShard (src/scripts/storage.js:12828:5)
          at Array.forEach (<anonymous>)
      at forEach (src/scripts/storage.js:12827:25)
      at persistAllProjects (src/scripts/storage.js:13535:5)
      at Object.saveProject (tests/unit/storage.test.js:1276:5)

  console.log
    DEBUG: getSafeLocalStorage returning object

      at Proxy.apply (src/scripts/modules/base.js:92:26)
          at Array.forEach (<anonymous>)

  console.log
    DEBUG: getSafeLocalStorage returning object

      at Proxy.apply (src/scripts/modules/base.js:92:26)
          at Array.forEach (<anonymous>)

  console.warn
    MOCK SET: cameraPowerPlanner_prj_auto-backup-2024-01-01-01-25-Project Alpha = {"__cineAutoBackupSnapshot":{"version":1,"snapshot

      61 |       return undefined;
      62 |     }
    > 63 |     return originalFn(...args);
         |            ^
      64 |   };
      65 | };
      66 |

      at console.<anonymous> (tests/setup/jest.setup.cjs:63:12)
      at console.apply [as warn] (src/scripts/modules/base.js:92:26)
      at Object.warn (tests/unit/storage.test.js:11:15)
      at setItem (src/scripts/storage.js:8463:17)
      at saveJSONToStorage (src/scripts/storage.js:12780:18)
      at persistProjectShard (src/scripts/storage.js:12828:5)
          at Array.forEach (<anonymous>)
      at forEach (src/scripts/storage.js:12827:25)
      at persistAllProjects (src/scripts/storage.js:13535:5)
      at Object.saveProject (tests/unit/storage.test.js:1276:5)

  console.log
    DEBUG: getSafeLocalStorage returning object

      at Proxy.apply (src/scripts/modules/base.js:92:26)
          at Array.forEach (<anonymous>)

  console.log
    DEBUG: getSafeLocalStorage returning object

      at Proxy.apply (src/scripts/modules/base.js:92:26)
          at Array.forEach (<anonymous>)

  console.warn
    MOCK SET: cameraPowerPlanner_prj_auto-backup-2024-01-01-01-26-Project Alpha = {"__cineAutoBackupSnapshot":{"version":1,"snapshot

      61 |       return undefined;
      62 |     }
    > 63 |     return originalFn(...args);
         |            ^
      64 |   };
      65 | };
      66 |

      at console.<anonymous> (tests/setup/jest.setup.cjs:63:12)
      at console.apply [as warn] (src/scripts/modules/base.js:92:26)
      at Object.warn (tests/unit/storage.test.js:11:15)
      at setItem (src/scripts/storage.js:8463:17)
      at saveJSONToStorage (src/scripts/storage.js:12780:18)
      at persistProjectShard (src/scripts/storage.js:12828:5)
          at Array.forEach (<anonymous>)
      at forEach (src/scripts/storage.js:12827:25)
      at persistAllProjects (src/scripts/storage.js:13535:5)
      at Object.saveProject (tests/unit/storage.test.js:1276:5)

  console.log
    DEBUG: getSafeLocalStorage returning object

      at Proxy.apply (src/scripts/modules/base.js:92:26)
          at Array.forEach (<anonymous>)

  console.log
    DEBUG: getSafeLocalStorage returning object

      at Proxy.apply (src/scripts/modules/base.js:92:26)
          at Array.forEach (<anonymous>)

  console.warn
    MOCK SET: cameraPowerPlanner_prj_auto-backup-2024-01-01-01-27-Project Alpha = {"__cineAutoBackupSnapshot":{"version":1,"snapshot

      61 |       return undefined;
      62 |     }
    > 63 |     return originalFn(...args);
         |            ^
      64 |   };
      65 | };
      66 |

      at console.<anonymous> (tests/setup/jest.setup.cjs:63:12)
      at console.apply [as warn] (src/scripts/modules/base.js:92:26)
      at Object.warn (tests/unit/storage.test.js:11:15)
      at setItem (src/scripts/storage.js:8463:17)
      at saveJSONToStorage (src/scripts/storage.js:12780:18)
      at persistProjectShard (src/scripts/storage.js:12828:5)
          at Array.forEach (<anonymous>)
      at forEach (src/scripts/storage.js:12827:25)
      at persistAllProjects (src/scripts/storage.js:13535:5)
      at Object.saveProject (tests/unit/storage.test.js:1276:5)

  console.log
    DEBUG: getSafeLocalStorage returning object

      at Proxy.apply (src/scripts/modules/base.js:92:26)
          at Array.forEach (<anonymous>)

  console.log
    DEBUG: getSafeLocalStorage returning object

      at Proxy.apply (src/scripts/modules/base.js:92:26)
          at Array.forEach (<anonymous>)

  console.warn
    MOCK SET: cameraPowerPlanner_prj_auto-backup-2024-01-01-01-28-Project Alpha = {"__cineAutoBackupSnapshot":{"version":1,"snapshot

      61 |       return undefined;
      62 |     }
    > 63 |     return originalFn(...args);
         |            ^
      64 |   };
      65 | };
      66 |

      at console.<anonymous> (tests/setup/jest.setup.cjs:63:12)
      at console.apply [as warn] (src/scripts/modules/base.js:92:26)
      at Object.warn (tests/unit/storage.test.js:11:15)
      at setItem (src/scripts/storage.js:8463:17)
      at saveJSONToStorage (src/scripts/storage.js:12780:18)
      at persistProjectShard (src/scripts/storage.js:12828:5)
          at Array.forEach (<anonymous>)
      at forEach (src/scripts/storage.js:12827:25)
      at persistAllProjects (src/scripts/storage.js:13535:5)
      at Object.saveProject (tests/unit/storage.test.js:1276:5)

  console.log
    DEBUG: getSafeLocalStorage returning object

      at Proxy.apply (src/scripts/modules/base.js:92:26)
          at Array.forEach (<anonymous>)

  console.log
    DEBUG: getSafeLocalStorage returning object

      at Proxy.apply (src/scripts/modules/base.js:92:26)
          at Array.forEach (<anonymous>)

  console.warn
    MOCK SET: cameraPowerPlanner_prj_auto-backup-2024-01-01-01-29-Project Alpha = {"__cineAutoBackupSnapshot":{"version":1,"snapshot

      61 |       return undefined;
      62 |     }
    > 63 |     return originalFn(...args);
         |            ^
      64 |   };
      65 | };
      66 |

      at console.<anonymous> (tests/setup/jest.setup.cjs:63:12)
      at console.apply [as warn] (src/scripts/modules/base.js:92:26)
      at Object.warn (tests/unit/storage.test.js:11:15)
      at setItem (src/scripts/storage.js:8463:17)
      at saveJSONToStorage (src/scripts/storage.js:12780:18)
      at persistProjectShard (src/scripts/storage.js:12828:5)
          at Array.forEach (<anonymous>)
      at forEach (src/scripts/storage.js:12827:25)
      at persistAllProjects (src/scripts/storage.js:13535:5)
      at Object.saveProject (tests/unit/storage.test.js:1276:5)

  console.log
    DEBUG: getSafeLocalStorage returning object

      at Proxy.apply (src/scripts/modules/base.js:92:26)
          at Array.forEach (<anonymous>)

  console.log
    DEBUG: getSafeLocalStorage returning object

      at Proxy.apply (src/scripts/modules/base.js:92:26)
          at Array.forEach (<anonymous>)

  console.warn
    MOCK SET: cameraPowerPlanner_prj_auto-backup-2024-01-01-01-30-Project Alpha = {"__cineAutoBackupSnapshot":{"version":1,"snapshot

      61 |       return undefined;
      62 |     }
    > 63 |     return originalFn(...args);
         |            ^
      64 |   };
      65 | };
      66 |

      at console.<anonymous> (tests/setup/jest.setup.cjs:63:12)
      at console.apply [as warn] (src/scripts/modules/base.js:92:26)
      at Object.warn (tests/unit/storage.test.js:11:15)
      at setItem (src/scripts/storage.js:8463:17)
      at saveJSONToStorage (src/scripts/storage.js:12780:18)
      at persistProjectShard (src/scripts/storage.js:12828:5)
          at Array.forEach (<anonymous>)
      at forEach (src/scripts/storage.js:12827:25)
      at persistAllProjects (src/scripts/storage.js:13535:5)
      at Object.saveProject (tests/unit/storage.test.js:1276:5)

  console.log
    DEBUG: getSafeLocalStorage returning object

      at Proxy.apply (src/scripts/modules/base.js:92:26)
          at Array.forEach (<anonymous>)

  console.log
    DEBUG: getSafeLocalStorage returning object

      at Proxy.apply (src/scripts/modules/base.js:92:26)
          at Array.forEach (<anonymous>)

  console.warn
    MOCK SET: cameraPowerPlanner_prj_auto-backup-2024-01-01-01-31-Project Alpha = {"__cineAutoBackupSnapshot":{"version":1,"snapshot

      61 |       return undefined;
      62 |     }
    > 63 |     return originalFn(...args);
         |            ^
      64 |   };
      65 | };
      66 |

      at console.<anonymous> (tests/setup/jest.setup.cjs:63:12)
      at console.apply [as warn] (src/scripts/modules/base.js:92:26)
      at Object.warn (tests/unit/storage.test.js:11:15)
      at setItem (src/scripts/storage.js:8463:17)
      at saveJSONToStorage (src/scripts/storage.js:12780:18)
      at persistProjectShard (src/scripts/storage.js:12828:5)
          at Array.forEach (<anonymous>)
      at forEach (src/scripts/storage.js:12827:25)
      at persistAllProjects (src/scripts/storage.js:13535:5)
      at Object.saveProject (tests/unit/storage.test.js:1276:5)

  console.log
    DEBUG: getSafeLocalStorage returning object

      at Proxy.apply (src/scripts/modules/base.js:92:26)
          at Array.forEach (<anonymous>)

  console.log
    DEBUG: getSafeLocalStorage returning object

      at Proxy.apply (src/scripts/modules/base.js:92:26)
          at Array.forEach (<anonymous>)

  console.warn
    MOCK SET: cameraPowerPlanner_prj_auto-backup-2024-01-01-01-32-Project Alpha = {"__cineAutoBackupSnapshot":{"version":1,"snapshot

      61 |       return undefined;
      62 |     }
    > 63 |     return originalFn(...args);
         |            ^
      64 |   };
      65 | };
      66 |

      at console.<anonymous> (tests/setup/jest.setup.cjs:63:12)
      at console.apply [as warn] (src/scripts/modules/base.js:92:26)
      at Object.warn (tests/unit/storage.test.js:11:15)
      at setItem (src/scripts/storage.js:8463:17)
      at saveJSONToStorage (src/scripts/storage.js:12780:18)
      at persistProjectShard (src/scripts/storage.js:12828:5)
          at Array.forEach (<anonymous>)
      at forEach (src/scripts/storage.js:12827:25)
      at persistAllProjects (src/scripts/storage.js:13535:5)
      at Object.saveProject (tests/unit/storage.test.js:1276:5)

  console.log
    DEBUG: getSafeLocalStorage returning object

      at Proxy.apply (src/scripts/modules/base.js:92:26)
          at Array.forEach (<anonymous>)

  console.log
    DEBUG: getSafeLocalStorage returning object

      at Proxy.apply (src/scripts/modules/base.js:92:26)
          at Array.forEach (<anonymous>)

  console.warn
    MOCK SET: cameraPowerPlanner_prj_auto-backup-2024-01-01-01-33-Project Alpha = {"__cineAutoBackupSnapshot":{"version":1,"snapshot

      61 |       return undefined;
      62 |     }
    > 63 |     return originalFn(...args);
         |            ^
      64 |   };
      65 | };
      66 |

      at console.<anonymous> (tests/setup/jest.setup.cjs:63:12)
      at console.apply [as warn] (src/scripts/modules/base.js:92:26)
      at Object.warn (tests/unit/storage.test.js:11:15)
      at setItem (src/scripts/storage.js:8463:17)
      at saveJSONToStorage (src/scripts/storage.js:12780:18)
      at persistProjectShard (src/scripts/storage.js:12828:5)
          at Array.forEach (<anonymous>)
      at forEach (src/scripts/storage.js:12827:25)
      at persistAllProjects (src/scripts/storage.js:13535:5)
      at Object.saveProject (tests/unit/storage.test.js:1276:5)

  console.log
    DEBUG: getSafeLocalStorage returning object

      at Proxy.apply (src/scripts/modules/base.js:92:26)
          at Array.forEach (<anonymous>)

  console.log
    DEBUG: getSafeLocalStorage returning object

      at Proxy.apply (src/scripts/modules/base.js:92:26)
          at Array.forEach (<anonymous>)

  console.warn
    MOCK SET: cameraPowerPlanner_prj_auto-backup-2024-01-01-01-34-Project Alpha = {"__cineAutoBackupSnapshot":{"version":1,"snapshot

      61 |       return undefined;
      62 |     }
    > 63 |     return originalFn(...args);
         |            ^
      64 |   };
      65 | };
      66 |

      at console.<anonymous> (tests/setup/jest.setup.cjs:63:12)
      at console.apply [as warn] (src/scripts/modules/base.js:92:26)
      at Object.warn (tests/unit/storage.test.js:11:15)
      at setItem (src/scripts/storage.js:8463:17)
      at saveJSONToStorage (src/scripts/storage.js:12780:18)
      at persistProjectShard (src/scripts/storage.js:12828:5)
          at Array.forEach (<anonymous>)
      at forEach (src/scripts/storage.js:12827:25)
      at persistAllProjects (src/scripts/storage.js:13535:5)
      at Object.saveProject (tests/unit/storage.test.js:1276:5)

  console.log
    DEBUG: getSafeLocalStorage returning object

      at Proxy.apply (src/scripts/modules/base.js:92:26)
          at Array.forEach (<anonymous>)

  console.log
    DEBUG: getSafeLocalStorage returning object

      at Proxy.apply (src/scripts/modules/base.js:92:26)
          at Array.forEach (<anonymous>)

  console.warn
    MOCK SET: cameraPowerPlanner_prj_auto-backup-2024-01-01-01-35-Project Alpha = {"__cineAutoBackupSnapshot":{"version":1,"snapshot

      61 |       return undefined;
      62 |     }
    > 63 |     return originalFn(...args);
         |            ^
      64 |   };
      65 | };
      66 |

      at console.<anonymous> (tests/setup/jest.setup.cjs:63:12)
      at console.apply [as warn] (src/scripts/modules/base.js:92:26)
      at Object.warn (tests/unit/storage.test.js:11:15)
      at setItem (src/scripts/storage.js:8463:17)
      at saveJSONToStorage (src/scripts/storage.js:12780:18)
      at persistProjectShard (src/scripts/storage.js:12828:5)
          at Array.forEach (<anonymous>)
      at forEach (src/scripts/storage.js:12827:25)
      at persistAllProjects (src/scripts/storage.js:13535:5)
      at Object.saveProject (tests/unit/storage.test.js:1276:5)

  console.log
    DEBUG: getSafeLocalStorage returning object

      at Proxy.apply (src/scripts/modules/base.js:92:26)
          at Array.forEach (<anonymous>)

  console.log
    DEBUG: getSafeLocalStorage returning object

      at Proxy.apply (src/scripts/modules/base.js:92:26)
          at Array.forEach (<anonymous>)

  console.warn
    MOCK SET: cameraPowerPlanner_prj_auto-backup-2024-01-01-01-36-Project Alpha = {"__cineAutoBackupSnapshot":{"version":1,"snapshot

      61 |       return undefined;
      62 |     }
    > 63 |     return originalFn(...args);
         |            ^
      64 |   };
      65 | };
      66 |

      at console.<anonymous> (tests/setup/jest.setup.cjs:63:12)
      at console.apply [as warn] (src/scripts/modules/base.js:92:26)
      at Object.warn (tests/unit/storage.test.js:11:15)
      at setItem (src/scripts/storage.js:8463:17)
      at saveJSONToStorage (src/scripts/storage.js:12780:18)
      at persistProjectShard (src/scripts/storage.js:12828:5)
          at Array.forEach (<anonymous>)
      at forEach (src/scripts/storage.js:12827:25)
      at persistAllProjects (src/scripts/storage.js:13535:5)
      at Object.saveProject (tests/unit/storage.test.js:1276:5)

  console.log
    DEBUG: getSafeLocalStorage returning object

      at Proxy.apply (src/scripts/modules/base.js:92:26)
          at Array.forEach (<anonymous>)

  console.log
    DEBUG: getSafeLocalStorage returning object

      at Proxy.apply (src/scripts/modules/base.js:92:26)
          at Array.forEach (<anonymous>)

  console.warn
    MOCK SET: cameraPowerPlanner_prj_auto-backup-2024-01-01-01-37-Project Alpha = {"__cineAutoBackupSnapshot":{"version":1,"snapshot

      61 |       return undefined;
      62 |     }
    > 63 |     return originalFn(...args);
         |            ^
      64 |   };
      65 | };
      66 |

      at console.<anonymous> (tests/setup/jest.setup.cjs:63:12)
      at console.apply [as warn] (src/scripts/modules/base.js:92:26)
      at Object.warn (tests/unit/storage.test.js:11:15)
      at setItem (src/scripts/storage.js:8463:17)
      at saveJSONToStorage (src/scripts/storage.js:12780:18)
      at persistProjectShard (src/scripts/storage.js:12828:5)
          at Array.forEach (<anonymous>)
      at forEach (src/scripts/storage.js:12827:25)
      at persistAllProjects (src/scripts/storage.js:13535:5)
      at Object.saveProject (tests/unit/storage.test.js:1276:5)

  console.log
    DEBUG: getSafeLocalStorage returning object

      at Proxy.apply (src/scripts/modules/base.js:92:26)
          at Array.forEach (<anonymous>)

  console.log
    DEBUG: getSafeLocalStorage returning object

      at Proxy.apply (src/scripts/modules/base.js:92:26)
          at Array.forEach (<anonymous>)

  console.warn
    MOCK SET: cameraPowerPlanner_prj_auto-backup-2024-01-01-01-38-Project Alpha = {"__cineAutoBackupSnapshot":{"version":1,"snapshot

      61 |       return undefined;
      62 |     }
    > 63 |     return originalFn(...args);
         |            ^
      64 |   };
      65 | };
      66 |

      at console.<anonymous> (tests/setup/jest.setup.cjs:63:12)
      at console.apply [as warn] (src/scripts/modules/base.js:92:26)
      at Object.warn (tests/unit/storage.test.js:11:15)
      at setItem (src/scripts/storage.js:8463:17)
      at saveJSONToStorage (src/scripts/storage.js:12780:18)
      at persistProjectShard (src/scripts/storage.js:12828:5)
          at Array.forEach (<anonymous>)
      at forEach (src/scripts/storage.js:12827:25)
      at persistAllProjects (src/scripts/storage.js:13535:5)
      at Object.saveProject (tests/unit/storage.test.js:1276:5)

  console.log
    DEBUG: getSafeLocalStorage returning object

      at Proxy.apply (src/scripts/modules/base.js:92:26)
          at Array.forEach (<anonymous>)

  console.log
    DEBUG: getSafeLocalStorage returning object

      at Proxy.apply (src/scripts/modules/base.js:92:26)
          at Array.forEach (<anonymous>)

  console.warn
    MOCK SET: cameraPowerPlanner_prj_auto-backup-2024-01-01-01-39-Project Alpha = {"__cineAutoBackupSnapshot":{"version":1,"snapshot

      61 |       return undefined;
      62 |     }
    > 63 |     return originalFn(...args);
         |            ^
      64 |   };
      65 | };
      66 |

      at console.<anonymous> (tests/setup/jest.setup.cjs:63:12)
      at console.apply [as warn] (src/scripts/modules/base.js:92:26)
      at Object.warn (tests/unit/storage.test.js:11:15)
      at setItem (src/scripts/storage.js:8463:17)
      at saveJSONToStorage (src/scripts/storage.js:12780:18)
      at persistProjectShard (src/scripts/storage.js:12828:5)
          at Array.forEach (<anonymous>)
      at forEach (src/scripts/storage.js:12827:25)
      at persistAllProjects (src/scripts/storage.js:13535:5)
      at Object.saveProject (tests/unit/storage.test.js:1276:5)

  console.log
    DEBUG: getSafeLocalStorage returning object

      at Proxy.apply (src/scripts/modules/base.js:92:26)
          at Array.forEach (<anonymous>)

  console.log
    DEBUG: getSafeLocalStorage returning object

      at Proxy.apply (src/scripts/modules/base.js:92:26)
          at Array.forEach (<anonymous>)

  console.warn
    MOCK SET: cameraPowerPlanner_prj_auto-backup-2024-01-01-01-40-Project Alpha = {"__cineAutoBackupSnapshot":{"version":1,"snapshot

      61 |       return undefined;
      62 |     }
    > 63 |     return originalFn(...args);
         |            ^
      64 |   };
      65 | };
      66 |

      at console.<anonymous> (tests/setup/jest.setup.cjs:63:12)
      at console.apply [as warn] (src/scripts/modules/base.js:92:26)
      at Object.warn (tests/unit/storage.test.js:11:15)
      at setItem (src/scripts/storage.js:8463:17)
      at saveJSONToStorage (src/scripts/storage.js:12780:18)
      at persistProjectShard (src/scripts/storage.js:12828:5)
          at Array.forEach (<anonymous>)
      at forEach (src/scripts/storage.js:12827:25)
      at persistAllProjects (src/scripts/storage.js:13535:5)
      at Object.saveProject (tests/unit/storage.test.js:1276:5)

  console.log
    DEBUG: getSafeLocalStorage returning object

      at Proxy.apply (src/scripts/modules/base.js:92:26)
          at Array.forEach (<anonymous>)

  console.log
    DEBUG: getSafeLocalStorage returning object

      at Proxy.apply (src/scripts/modules/base.js:92:26)
          at Array.forEach (<anonymous>)

  console.warn
    MOCK SET: cameraPowerPlanner_prj_auto-backup-2024-01-01-01-41-Project Alpha = {"__cineAutoBackupSnapshot":{"version":1,"snapshot

      61 |       return undefined;
      62 |     }
    > 63 |     return originalFn(...args);
         |            ^
      64 |   };
      65 | };
      66 |

      at console.<anonymous> (tests/setup/jest.setup.cjs:63:12)
      at console.apply [as warn] (src/scripts/modules/base.js:92:26)
      at Object.warn (tests/unit/storage.test.js:11:15)
      at setItem (src/scripts/storage.js:8463:17)
      at saveJSONToStorage (src/scripts/storage.js:12780:18)
      at persistProjectShard (src/scripts/storage.js:12828:5)
          at Array.forEach (<anonymous>)
      at forEach (src/scripts/storage.js:12827:25)
      at persistAllProjects (src/scripts/storage.js:13535:5)
      at Object.saveProject (tests/unit/storage.test.js:1276:5)

  console.log
    DEBUG: getSafeLocalStorage returning object

      at Proxy.apply (src/scripts/modules/base.js:92:26)
          at Array.forEach (<anonymous>)

  console.log
    DEBUG: getSafeLocalStorage returning object

      at Proxy.apply (src/scripts/modules/base.js:92:26)
          at Array.forEach (<anonymous>)

  console.warn
    MOCK SET: cameraPowerPlanner_prj_auto-backup-2024-01-01-01-42-Project Alpha = {"__cineAutoBackupSnapshot":{"version":1,"snapshot

      61 |       return undefined;
      62 |     }
    > 63 |     return originalFn(...args);
         |            ^
      64 |   };
      65 | };
      66 |

      at console.<anonymous> (tests/setup/jest.setup.cjs:63:12)
      at console.apply [as warn] (src/scripts/modules/base.js:92:26)
      at Object.warn (tests/unit/storage.test.js:11:15)
      at setItem (src/scripts/storage.js:8463:17)
      at saveJSONToStorage (src/scripts/storage.js:12780:18)
      at persistProjectShard (src/scripts/storage.js:12828:5)
          at Array.forEach (<anonymous>)
      at forEach (src/scripts/storage.js:12827:25)
      at persistAllProjects (src/scripts/storage.js:13535:5)
      at Object.saveProject (tests/unit/storage.test.js:1276:5)

  console.log
    DEBUG: getSafeLocalStorage returning object

      at Proxy.apply (src/scripts/modules/base.js:92:26)
          at Array.forEach (<anonymous>)

  console.log
    DEBUG: getSafeLocalStorage returning object

      at Proxy.apply (src/scripts/modules/base.js:92:26)
          at Array.forEach (<anonymous>)

  console.warn
    MOCK SET: cameraPowerPlanner_prj_auto-backup-2024-01-01-01-43-Project Alpha = {"__cineAutoBackupSnapshot":{"version":1,"snapshot

      61 |       return undefined;
      62 |     }
    > 63 |     return originalFn(...args);
         |            ^
      64 |   };
      65 | };
      66 |

      at console.<anonymous> (tests/setup/jest.setup.cjs:63:12)
      at console.apply [as warn] (src/scripts/modules/base.js:92:26)
      at Object.warn (tests/unit/storage.test.js:11:15)
      at setItem (src/scripts/storage.js:8463:17)
      at saveJSONToStorage (src/scripts/storage.js:12780:18)
      at persistProjectShard (src/scripts/storage.js:12828:5)
          at Array.forEach (<anonymous>)
      at forEach (src/scripts/storage.js:12827:25)
      at persistAllProjects (src/scripts/storage.js:13535:5)
      at Object.saveProject (tests/unit/storage.test.js:1276:5)

  console.log
    DEBUG: getSafeLocalStorage returning object

      at Proxy.apply (src/scripts/modules/base.js:92:26)
          at Array.forEach (<anonymous>)

  console.log
    DEBUG: getSafeLocalStorage returning object

      at Proxy.apply (src/scripts/modules/base.js:92:26)
          at Array.forEach (<anonymous>)

  console.warn
    MOCK SET: cameraPowerPlanner_prj_auto-backup-2024-01-01-01-44-Project Alpha = {"__cineAutoBackupSnapshot":{"version":1,"snapshot

      61 |       return undefined;
      62 |     }
    > 63 |     return originalFn(...args);
         |            ^
      64 |   };
      65 | };
      66 |

      at console.<anonymous> (tests/setup/jest.setup.cjs:63:12)
      at console.apply [as warn] (src/scripts/modules/base.js:92:26)
      at Object.warn (tests/unit/storage.test.js:11:15)
      at setItem (src/scripts/storage.js:8463:17)
      at saveJSONToStorage (src/scripts/storage.js:12780:18)
      at persistProjectShard (src/scripts/storage.js:12828:5)
          at Array.forEach (<anonymous>)
      at forEach (src/scripts/storage.js:12827:25)
      at persistAllProjects (src/scripts/storage.js:13535:5)
      at Object.saveProject (tests/unit/storage.test.js:1276:5)

  console.log
    DEBUG: getSafeLocalStorage returning object

      at Proxy.apply (src/scripts/modules/base.js:92:26)
          at Array.forEach (<anonymous>)

  console.log
    DEBUG: getSafeLocalStorage returning object

      at Proxy.apply (src/scripts/modules/base.js:92:26)
          at Array.forEach (<anonymous>)

  console.warn
    MOCK SET: cameraPowerPlanner_prj_auto-backup-2024-01-01-01-45-Project Alpha = {"__cineAutoBackupSnapshot":{"version":1,"snapshot

      61 |       return undefined;
      62 |     }
    > 63 |     return originalFn(...args);
         |            ^
      64 |   };
      65 | };
      66 |

      at console.<anonymous> (tests/setup/jest.setup.cjs:63:12)
      at console.apply [as warn] (src/scripts/modules/base.js:92:26)
      at Object.warn (tests/unit/storage.test.js:11:15)
      at setItem (src/scripts/storage.js:8463:17)
      at saveJSONToStorage (src/scripts/storage.js:12780:18)
      at persistProjectShard (src/scripts/storage.js:12828:5)
          at Array.forEach (<anonymous>)
      at forEach (src/scripts/storage.js:12827:25)
      at persistAllProjects (src/scripts/storage.js:13535:5)
      at Object.saveProject (tests/unit/storage.test.js:1276:5)

  console.log
    DEBUG: getSafeLocalStorage returning object

      at Proxy.apply (src/scripts/modules/base.js:92:26)
          at Array.forEach (<anonymous>)

  console.log
    DEBUG: getSafeLocalStorage returning object

      at Proxy.apply (src/scripts/modules/base.js:92:26)
          at Array.forEach (<anonymous>)

  console.warn
    MOCK SET: cameraPowerPlanner_prj_auto-backup-2024-01-01-01-46-Project Alpha = {"__cineAutoBackupSnapshot":{"version":1,"snapshot

      61 |       return undefined;
      62 |     }
    > 63 |     return originalFn(...args);
         |            ^
      64 |   };
      65 | };
      66 |

      at console.<anonymous> (tests/setup/jest.setup.cjs:63:12)
      at console.apply [as warn] (src/scripts/modules/base.js:92:26)
      at Object.warn (tests/unit/storage.test.js:11:15)
      at setItem (src/scripts/storage.js:8463:17)
      at saveJSONToStorage (src/scripts/storage.js:12780:18)
      at persistProjectShard (src/scripts/storage.js:12828:5)
          at Array.forEach (<anonymous>)
      at forEach (src/scripts/storage.js:12827:25)
      at persistAllProjects (src/scripts/storage.js:13535:5)
      at Object.saveProject (tests/unit/storage.test.js:1276:5)

  console.log
    DEBUG: getSafeLocalStorage returning object

      at Proxy.apply (src/scripts/modules/base.js:92:26)
          at Array.forEach (<anonymous>)

  console.log
    DEBUG: getSafeLocalStorage returning object

      at Proxy.apply (src/scripts/modules/base.js:92:26)
          at Array.forEach (<anonymous>)

  console.warn
    MOCK SET: cameraPowerPlanner_prj_auto-backup-2024-01-01-01-47-Project Alpha = {"__cineAutoBackupSnapshot":{"version":1,"snapshot

      61 |       return undefined;
      62 |     }
    > 63 |     return originalFn(...args);
         |            ^
      64 |   };
      65 | };
      66 |

      at console.<anonymous> (tests/setup/jest.setup.cjs:63:12)
      at console.apply [as warn] (src/scripts/modules/base.js:92:26)
      at Object.warn (tests/unit/storage.test.js:11:15)
      at setItem (src/scripts/storage.js:8463:17)
      at saveJSONToStorage (src/scripts/storage.js:12780:18)
      at persistProjectShard (src/scripts/storage.js:12828:5)
          at Array.forEach (<anonymous>)
      at forEach (src/scripts/storage.js:12827:25)
      at persistAllProjects (src/scripts/storage.js:13535:5)
      at Object.saveProject (tests/unit/storage.test.js:1276:5)

  console.log
    DEBUG: getSafeLocalStorage returning object

      at Proxy.apply (src/scripts/modules/base.js:92:26)
          at Array.forEach (<anonymous>)

  console.log
    DEBUG: getSafeLocalStorage returning object

      at Proxy.apply (src/scripts/modules/base.js:92:26)
          at Array.forEach (<anonymous>)

  console.warn
    MOCK SET: cameraPowerPlanner_prj_auto-backup-2024-01-01-01-48-Project Alpha = {"__cineAutoBackupSnapshot":{"version":1,"snapshot

      61 |       return undefined;
      62 |     }
    > 63 |     return originalFn(...args);
         |            ^
      64 |   };
      65 | };
      66 |

      at console.<anonymous> (tests/setup/jest.setup.cjs:63:12)
      at console.apply [as warn] (src/scripts/modules/base.js:92:26)
      at Object.warn (tests/unit/storage.test.js:11:15)
      at setItem (src/scripts/storage.js:8463:17)
      at saveJSONToStorage (src/scripts/storage.js:12780:18)
      at persistProjectShard (src/scripts/storage.js:12828:5)
          at Array.forEach (<anonymous>)
      at forEach (src/scripts/storage.js:12827:25)
      at persistAllProjects (src/scripts/storage.js:13535:5)
      at Object.saveProject (tests/unit/storage.test.js:1276:5)

  console.log
    DEBUG: getSafeLocalStorage returning object

      at Proxy.apply (src/scripts/modules/base.js:92:26)
          at Array.forEach (<anonymous>)

  console.log
    DEBUG: getSafeLocalStorage returning object

      at Proxy.apply (src/scripts/modules/base.js:92:26)
          at Array.forEach (<anonymous>)

  console.warn
    MOCK SET: cameraPowerPlanner_prj_auto-backup-2024-01-01-01-49-Project Alpha = {"__cineAutoBackupSnapshot":{"version":1,"snapshot

      61 |       return undefined;
      62 |     }
    > 63 |     return originalFn(...args);
         |            ^
      64 |   };
      65 | };
      66 |

      at console.<anonymous> (tests/setup/jest.setup.cjs:63:12)
      at console.apply [as warn] (src/scripts/modules/base.js:92:26)
      at Object.warn (tests/unit/storage.test.js:11:15)
      at setItem (src/scripts/storage.js:8463:17)
      at saveJSONToStorage (src/scripts/storage.js:12780:18)
      at persistProjectShard (src/scripts/storage.js:12828:5)
          at Array.forEach (<anonymous>)
      at forEach (src/scripts/storage.js:12827:25)
      at persistAllProjects (src/scripts/storage.js:13535:5)
      at Object.saveProject (tests/unit/storage.test.js:1276:5)

  console.log
    DEBUG: getSafeLocalStorage returning object

      at Proxy.apply (src/scripts/modules/base.js:92:26)
          at Array.forEach (<anonymous>)

  console.log
    DEBUG: getSafeLocalStorage returning object

      at Proxy.apply (src/scripts/modules/base.js:92:26)
          at Array.forEach (<anonymous>)

  console.warn
    MOCK SET: cameraPowerPlanner_prj_auto-backup-2024-01-01-01-50-Project Alpha = {"__cineAutoBackupSnapshot":{"version":1,"snapshot

      61 |       return undefined;
      62 |     }
    > 63 |     return originalFn(...args);
         |            ^
      64 |   };
      65 | };
      66 |

      at console.<anonymous> (tests/setup/jest.setup.cjs:63:12)
      at console.apply [as warn] (src/scripts/modules/base.js:92:26)
      at Object.warn (tests/unit/storage.test.js:11:15)
      at setItem (src/scripts/storage.js:8463:17)
      at saveJSONToStorage (src/scripts/storage.js:12780:18)
      at persistProjectShard (src/scripts/storage.js:12828:5)
          at Array.forEach (<anonymous>)
      at forEach (src/scripts/storage.js:12827:25)
      at persistAllProjects (src/scripts/storage.js:13535:5)
      at Object.saveProject (tests/unit/storage.test.js:1276:5)

  console.log
    DEBUG: getSafeLocalStorage returning object

      at Proxy.apply (src/scripts/modules/base.js:92:26)
          at Array.forEach (<anonymous>)

  console.log
    DEBUG: getSafeLocalStorage returning object

      at Proxy.apply (src/scripts/modules/base.js:92:26)
          at Array.forEach (<anonymous>)

  console.warn
    MOCK SET: cameraPowerPlanner_prj_auto-backup-2024-01-01-01-51-Project Alpha = {"__cineAutoBackupSnapshot":{"version":1,"snapshot

      61 |       return undefined;
      62 |     }
    > 63 |     return originalFn(...args);
         |            ^
      64 |   };
      65 | };
      66 |

      at console.<anonymous> (tests/setup/jest.setup.cjs:63:12)
      at console.apply [as warn] (src/scripts/modules/base.js:92:26)
      at Object.warn (tests/unit/storage.test.js:11:15)
      at setItem (src/scripts/storage.js:8463:17)
      at saveJSONToStorage (src/scripts/storage.js:12780:18)
      at persistProjectShard (src/scripts/storage.js:12828:5)
          at Array.forEach (<anonymous>)
      at forEach (src/scripts/storage.js:12827:25)
      at persistAllProjects (src/scripts/storage.js:13535:5)
      at Object.saveProject (tests/unit/storage.test.js:1276:5)

  console.log
    DEBUG: getSafeLocalStorage returning object

      at Proxy.apply (src/scripts/modules/base.js:92:26)
          at Array.forEach (<anonymous>)

  console.log
    DEBUG: getSafeLocalStorage returning object

      at Proxy.apply (src/scripts/modules/base.js:92:26)
          at Array.forEach (<anonymous>)

  console.warn
    MOCK SET: cameraPowerPlanner_prj_auto-backup-2024-01-01-01-52-Project Alpha = {"__cineAutoBackupSnapshot":{"version":1,"snapshot

      61 |       return undefined;
      62 |     }
    > 63 |     return originalFn(...args);
         |            ^
      64 |   };
      65 | };
      66 |

      at console.<anonymous> (tests/setup/jest.setup.cjs:63:12)
      at console.apply [as warn] (src/scripts/modules/base.js:92:26)
      at Object.warn (tests/unit/storage.test.js:11:15)
      at setItem (src/scripts/storage.js:8463:17)
      at saveJSONToStorage (src/scripts/storage.js:12780:18)
      at persistProjectShard (src/scripts/storage.js:12828:5)
          at Array.forEach (<anonymous>)
      at forEach (src/scripts/storage.js:12827:25)
      at persistAllProjects (src/scripts/storage.js:13535:5)
      at Object.saveProject (tests/unit/storage.test.js:1276:5)

  console.log
    DEBUG: getSafeLocalStorage returning object

      at Proxy.apply (src/scripts/modules/base.js:92:26)
          at Array.forEach (<anonymous>)

  console.log
    DEBUG: getSafeLocalStorage returning object

      at Proxy.apply (src/scripts/modules/base.js:92:26)
          at Array.forEach (<anonymous>)

  console.warn
    MOCK SET: cameraPowerPlanner_prj_auto-backup-2024-01-01-01-53-Project Alpha = {"__cineAutoBackupSnapshot":{"version":1,"snapshot

      61 |       return undefined;
      62 |     }
    > 63 |     return originalFn(...args);
         |            ^
      64 |   };
      65 | };
      66 |

      at console.<anonymous> (tests/setup/jest.setup.cjs:63:12)
      at console.apply [as warn] (src/scripts/modules/base.js:92:26)
      at Object.warn (tests/unit/storage.test.js:11:15)
      at setItem (src/scripts/storage.js:8463:17)
      at saveJSONToStorage (src/scripts/storage.js:12780:18)
      at persistProjectShard (src/scripts/storage.js:12828:5)
          at Array.forEach (<anonymous>)
      at forEach (src/scripts/storage.js:12827:25)
      at persistAllProjects (src/scripts/storage.js:13535:5)
      at Object.saveProject (tests/unit/storage.test.js:1276:5)

  console.log
    DEBUG: getSafeLocalStorage returning object

      at Proxy.apply (src/scripts/modules/base.js:92:26)
          at Array.forEach (<anonymous>)

  console.log
    DEBUG: getSafeLocalStorage returning object

      at Proxy.apply (src/scripts/modules/base.js:92:26)
          at Array.forEach (<anonymous>)

  console.warn
    MOCK SET: cameraPowerPlanner_prj_auto-backup-2024-01-01-01-54-Project Alpha = {"__cineAutoBackupSnapshot":{"version":1,"snapshot

      61 |       return undefined;
      62 |     }
    > 63 |     return originalFn(...args);
         |            ^
      64 |   };
      65 | };
      66 |

      at console.<anonymous> (tests/setup/jest.setup.cjs:63:12)
      at console.apply [as warn] (src/scripts/modules/base.js:92:26)
      at Object.warn (tests/unit/storage.test.js:11:15)
      at setItem (src/scripts/storage.js:8463:17)
      at saveJSONToStorage (src/scripts/storage.js:12780:18)
      at persistProjectShard (src/scripts/storage.js:12828:5)
          at Array.forEach (<anonymous>)
      at forEach (src/scripts/storage.js:12827:25)
      at persistAllProjects (src/scripts/storage.js:13535:5)
      at Object.saveProject (tests/unit/storage.test.js:1276:5)

  console.log
    DEBUG: getSafeLocalStorage returning object

      at Proxy.apply (src/scripts/modules/base.js:92:26)
          at Array.forEach (<anonymous>)

  console.log
    DEBUG: getSafeLocalStorage returning object

      at Proxy.apply (src/scripts/modules/base.js:92:26)
          at Array.forEach (<anonymous>)

  console.warn
    MOCK SET: cameraPowerPlanner_prj_auto-backup-2024-01-01-01-55-Project Alpha = {"__cineAutoBackupSnapshot":{"version":1,"snapshot

      61 |       return undefined;
      62 |     }
    > 63 |     return originalFn(...args);
         |            ^
      64 |   };
      65 | };
      66 |

      at console.<anonymous> (tests/setup/jest.setup.cjs:63:12)
      at console.apply [as warn] (src/scripts/modules/base.js:92:26)
      at Object.warn (tests/unit/storage.test.js:11:15)
      at setItem (src/scripts/storage.js:8463:17)
      at saveJSONToStorage (src/scripts/storage.js:12780:18)
      at persistProjectShard (src/scripts/storage.js:12828:5)
          at Array.forEach (<anonymous>)
      at forEach (src/scripts/storage.js:12827:25)
      at persistAllProjects (src/scripts/storage.js:13535:5)
      at Object.saveProject (tests/unit/storage.test.js:1276:5)

  console.log
    DEBUG: getSafeLocalStorage returning object

      at Proxy.apply (src/scripts/modules/base.js:92:26)
          at Array.forEach (<anonymous>)

  console.log
    DEBUG: getSafeLocalStorage returning object

      at Proxy.apply (src/scripts/modules/base.js:92:26)
          at Array.forEach (<anonymous>)

  console.warn
    MOCK SET: cameraPowerPlanner_prj_auto-backup-2024-01-01-01-56-Project Alpha = {"__cineAutoBackupSnapshot":{"version":1,"snapshot

      61 |       return undefined;
      62 |     }
    > 63 |     return originalFn(...args);
         |            ^
      64 |   };
      65 | };
      66 |

      at console.<anonymous> (tests/setup/jest.setup.cjs:63:12)
      at console.apply [as warn] (src/scripts/modules/base.js:92:26)
      at Object.warn (tests/unit/storage.test.js:11:15)
      at setItem (src/scripts/storage.js:8463:17)
      at saveJSONToStorage (src/scripts/storage.js:12780:18)
      at persistProjectShard (src/scripts/storage.js:12828:5)
          at Array.forEach (<anonymous>)
      at forEach (src/scripts/storage.js:12827:25)
      at persistAllProjects (src/scripts/storage.js:13535:5)
      at Object.saveProject (tests/unit/storage.test.js:1276:5)

  console.log
    DEBUG: getSafeLocalStorage returning object

      at Proxy.apply (src/scripts/modules/base.js:92:26)
          at Array.forEach (<anonymous>)

  console.log
    DEBUG: getSafeLocalStorage returning object

      at Proxy.apply (src/scripts/modules/base.js:92:26)
          at Array.forEach (<anonymous>)

  console.warn
    MOCK SET: cameraPowerPlanner_prj_auto-backup-2024-01-01-01-57-Project Alpha = {"__cineAutoBackupSnapshot":{"version":1,"snapshot

      61 |       return undefined;
      62 |     }
    > 63 |     return originalFn(...args);
         |            ^
      64 |   };
      65 | };
      66 |

      at console.<anonymous> (tests/setup/jest.setup.cjs:63:12)
      at console.apply [as warn] (src/scripts/modules/base.js:92:26)
      at Object.warn (tests/unit/storage.test.js:11:15)
      at setItem (src/scripts/storage.js:8463:17)
      at saveJSONToStorage (src/scripts/storage.js:12780:18)
      at persistProjectShard (src/scripts/storage.js:12828:5)
          at Array.forEach (<anonymous>)
      at forEach (src/scripts/storage.js:12827:25)
      at persistAllProjects (src/scripts/storage.js:13535:5)
      at Object.saveProject (tests/unit/storage.test.js:1276:5)

  console.log
    DEBUG: getSafeLocalStorage returning object

      at Proxy.apply (src/scripts/modules/base.js:92:26)
          at Array.forEach (<anonymous>)

  console.log
    DEBUG: getSafeLocalStorage returning object

      at Proxy.apply (src/scripts/modules/base.js:92:26)
          at Array.forEach (<anonymous>)

  console.warn
    MOCK SET: cameraPowerPlanner_prj_auto-backup-2024-01-01-01-58-Project Alpha = {"__cineAutoBackupSnapshot":{"version":1,"snapshot

      61 |       return undefined;
      62 |     }
    > 63 |     return originalFn(...args);
         |            ^
      64 |   };
      65 | };
      66 |

      at console.<anonymous> (tests/setup/jest.setup.cjs:63:12)
      at console.apply [as warn] (src/scripts/modules/base.js:92:26)
      at Object.warn (tests/unit/storage.test.js:11:15)
      at setItem (src/scripts/storage.js:8463:17)
      at saveJSONToStorage (src/scripts/storage.js:12780:18)
      at persistProjectShard (src/scripts/storage.js:12828:5)
          at Array.forEach (<anonymous>)
      at forEach (src/scripts/storage.js:12827:25)
      at persistAllProjects (src/scripts/storage.js:13535:5)
      at Object.saveProject (tests/unit/storage.test.js:1276:5)

  console.log
    DEBUG: getSafeLocalStorage returning object

      at Proxy.apply (src/scripts/modules/base.js:92:26)
          at Array.forEach (<anonymous>)

  console.log
    DEBUG: getSafeLocalStorage returning object

      at Proxy.apply (src/scripts/modules/base.js:92:26)
          at Array.forEach (<anonymous>)

  console.warn
    MOCK SET: cameraPowerPlanner_project__legacyMigrationBackup = [{"createdAt":"2026-01-16T20:14:34.810Z","data":{"

      61 |       return undefined;
      62 |     }
    > 63 |     return originalFn(...args);
         |            ^
      64 |   };
      65 | };
      66 |

      at console.<anonymous> (tests/setup/jest.setup.cjs:63:12)
      at console.apply [as warn] (src/scripts/modules/base.js:92:26)
      at Object.warn (tests/unit/storage.test.js:11:15)
      at setItem (src/scripts/storage.js:5514:19)
      at tryStoreList (src/scripts/storage.js:5521:20)
      at createStorageMigrationBackup (src/scripts/storage.js:12735:7)
      at cleanupMonolithicProjectStorage (src/scripts/storage.js:12832:3)
      at persistAllProjects (src/scripts/storage.js:13535:5)
      at Object.saveProject (tests/unit/storage.test.js:1276:5)

  console.log
    DEBUG: getSafeLocalStorage returning object

      at Proxy.apply (src/scripts/modules/base.js:92:26)

  console.warn
    MOCK SET: cameraPowerPlanner_project_rev = 1

      61 |       return undefined;
      62 |     }
    > 63 |     return originalFn(...args);
         |            ^
      64 |   };
      65 | };
      66 |

      at console.<anonymous> (tests/setup/jest.setup.cjs:63:12)
      at console.apply [as warn] (src/scripts/modules/base.js:92:26)
      at Object.warn (tests/unit/storage.test.js:11:15)
      at setItem (src/scripts/storage.js:8463:17)
      at saveJSONToStorage (src/scripts/storage.js:1859:3)
      at bumpProjectStorageRevision (src/scripts/storage.js:12834:3)
      at persistAllProjects (src/scripts/storage.js:13535:5)
      at Object.saveProject (tests/unit/storage.test.js:1276:5)

  console.warn
    MOCK SET: cameraPowerPlanner_project_rev__backup = 1

      61 |       return undefined;
      62 |     }
    > 63 |     return originalFn(...args);
         |            ^
      64 |   };
      65 | };
      66 |

      at console.<anonymous> (tests/setup/jest.setup.cjs:63:12)
      at console.apply [as warn] (src/scripts/modules/base.js:92:26)
      at Object.warn (tests/unit/storage.test.js:11:15)
      at setItem (src/scripts/storage.js:8524:19)
      at tryStoreCandidate (src/scripts/storage.js:8540:13)
      at attemptBackupWrite (src/scripts/storage.js:8617:26)
      at saveJSONToStorage (src/scripts/storage.js:1859:3)
      at bumpProjectStorageRevision (src/scripts/storage.js:12834:3)
      at persistAllProjects (src/scripts/storage.js:13535:5)
      at Object.saveProject (tests/unit/storage.test.js:1276:5)

  console.log
    DEBUG: getSafeLocalStorage returning object

      at Proxy.apply (src/scripts/modules/base.js:92:26)

  console.log
    DEBUG: getSafeLocalStorage returning object

      at Proxy.apply (src/scripts/modules/base.js:92:26)

  console.warn
    MOCK SET: cameraPowerPlanner_project = null

      61 |       return undefined;
      62 |     }
    > 63 |     return originalFn(...args);
         |            ^
      64 |   };
      65 | };
      66 |

      at console.<anonymous> (tests/setup/jest.setup.cjs:63:12)
      at console.apply [as warn] (src/scripts/modules/base.js:92:26)
      at Object.warn (tests/unit/storage.test.js:11:15)
      at setItem (src/scripts/storage.js:7836:19)
      at attemptMigrationBackupRecovery (src/scripts/storage.js:7949:31)
      at loadJSONFromStorage (src/scripts/storage.js:12437:18)
      at readAllProjectsFromStorage (src/scripts/storage.js:13045:54)
      at Object.loadProject (tests/unit/storage.test.js:1278:20)

  console.warn
    Recovered cameraPowerPlanner_project from migration backup copy.

      61 |       return undefined;
      62 |     }
    > 63 |     return originalFn(...args);
         |            ^
      64 |   };
      65 | };
      66 |

      at console.<anonymous> (tests/setup/jest.setup.cjs:63:12)
      at console.apply [as warn] (src/scripts/modules/base.js:92:26)
      at warn (src/scripts/storage.js:7855:15)
      at attemptMigrationBackupRecovery (src/scripts/storage.js:7949:31)
      at loadJSONFromStorage (src/scripts/storage.js:12437:18)
      at readAllProjectsFromStorage (src/scripts/storage.js:13045:54)
      at Object.loadProject (tests/unit/storage.test.js:1278:20)

  console.log
    DEBUG: getSafeLocalStorage returning object

      at Proxy.apply (src/scripts/modules/base.js:92:26)

  console.warn
    MOCK SET: cameraPowerPlanner_project = {"auto-backup-2024-06-01-00-00-Project Unique":{"g

      61 |       return undefined;
      62 |     }
    > 63 |     return originalFn(...args);
         |            ^
      64 |   };
      65 | };
      66 |

      at console.<anonymous> (tests/setup/jest.setup.cjs:63:12)
      at console.apply [as warn] (src/scripts/modules/base.js:92:26)
      at Object.warn (tests/unit/storage.test.js:11:15)
      at Object.setItem (tests/unit/storage.test.js:1293:18)

  console.log
    DEBUG: getSafeLocalStorage returning object

      at Proxy.apply (src/scripts/modules/base.js:92:26)

  console.log
    DEBUG: getSafeLocalStorage returning object

      at Proxy.apply (src/scripts/modules/base.js:92:26)

  console.log
    DEBUG: getSafeLocalStorage returning object

      at Proxy.apply (src/scripts/modules/base.js:92:26)

  console.warn
    MOCK SET: cameraPowerPlanner_project__legacyMigrationBackup = {"createdAt":"2026-01-16T20:14:34.810Z","data":{"a

      61 |       return undefined;
      62 |     }
    > 63 |     return originalFn(...args);
         |            ^
      64 |   };
      65 | };
      66 |

      at console.<anonymous> (tests/setup/jest.setup.cjs:63:12)
      at console.apply [as warn] (src/scripts/modules/base.js:92:26)
      at Object.warn (tests/unit/storage.test.js:11:15)
      at setItem (src/scripts/storage.js:5565:15)
      at tryStoreSerialized (src/scripts/storage.js:5587:26)
      at createStorageMigrationBackup (src/scripts/storage.js:13355:7)
      at Object.saveProject (tests/unit/storage.test.js:1295:5)

  console.log
    DEBUG: getSafeLocalStorage returning object

      at Proxy.apply (src/scripts/modules/base.js:92:26)

  console.log
    DEBUG: getSafeLocalStorage returning object

      at Proxy.apply (src/scripts/modules/base.js:92:26)

  console.log
    DEBUG: getSafeLocalStorage returning object

      at Proxy.apply (src/scripts/modules/base.js:92:26)

  console.warn
    MOCK SET: cameraPowerPlanner_project__legacyMigrationBackup = [{"createdAt":"2026-01-16T20:14:34.810Z","data":{"

      61 |       return undefined;
      62 |     }
    > 63 |     return originalFn(...args);
         |            ^
      64 |   };
      65 | };
      66 |

      at console.<anonymous> (tests/setup/jest.setup.cjs:63:12)
      at console.apply [as warn] (src/scripts/modules/base.js:92:26)
      at Object.warn (tests/unit/storage.test.js:11:15)
      at setItem (src/scripts/storage.js:5514:19)
      at tryStoreList (src/scripts/storage.js:5521:20)
      at createStorageMigrationBackup (src/scripts/storage.js:13397:7)
      at Object.saveProject (tests/unit/storage.test.js:1295:5)

  console.log
    DEBUG: getSafeLocalStorage returning object

      at Proxy.apply (src/scripts/modules/base.js:92:26)

  console.log
    DEBUG: getSafeLocalStorage returning object

      at Proxy.apply (src/scripts/modules/base.js:92:26)

  console.warn
    MOCK SET: cameraPowerPlanner_prj_Project Unique Latest = {"gearList":"<ul>Latest</ul>","projectInfo":null,"

      61 |       return undefined;
      62 |     }
    > 63 |     return originalFn(...args);
         |            ^
      64 |   };
      65 | };
      66 |

      at console.<anonymous> (tests/setup/jest.setup.cjs:63:12)
      at console.apply [as warn] (src/scripts/modules/base.js:92:26)
      at Object.warn (tests/unit/storage.test.js:11:15)
      at setItem (src/scripts/storage.js:8463:17)
      at saveJSONToStorage (src/scripts/storage.js:12780:18)
      at persistProjectShard (src/scripts/storage.js:13513:20)
      at Object.saveProject (tests/unit/storage.test.js:1295:5)

  console.log
    DEBUG: getSafeLocalStorage returning object

      at Proxy.apply (src/scripts/modules/base.js:92:26)

  console.log
    DEBUG: getSafeLocalStorage returning object

      at Proxy.apply (src/scripts/modules/base.js:92:26)
          at Array.forEach (<anonymous>)

  console.log
    DEBUG: getSafeLocalStorage returning object

      at Proxy.apply (src/scripts/modules/base.js:92:26)
          at Array.forEach (<anonymous>)

  console.warn
    MOCK SET: cameraPowerPlanner_prj_auto-backup-2024-06-01-00-00-Project Unique = {"__cineAutoBackupSnapshot":{"version":1,"snapshot

      61 |       return undefined;
      62 |     }
    > 63 |     return originalFn(...args);
         |            ^
      64 |   };
      65 | };
      66 |

      at console.<anonymous> (tests/setup/jest.setup.cjs:63:12)
      at console.apply [as warn] (src/scripts/modules/base.js:92:26)
      at Object.warn (tests/unit/storage.test.js:11:15)
      at setItem (src/scripts/storage.js:8463:17)
      at saveJSONToStorage (src/scripts/storage.js:12780:18)
      at persistProjectShard (src/scripts/storage.js:12828:5)
          at Array.forEach (<anonymous>)
      at forEach (src/scripts/storage.js:12827:25)
      at persistAllProjects (src/scripts/storage.js:13535:5)
      at Object.saveProject (tests/unit/storage.test.js:1295:5)

  console.log
    DEBUG: getSafeLocalStorage returning object

      at Proxy.apply (src/scripts/modules/base.js:92:26)
          at Array.forEach (<anonymous>)

  console.log
    DEBUG: getSafeLocalStorage returning object

      at Proxy.apply (src/scripts/modules/base.js:92:26)
          at Array.forEach (<anonymous>)

  console.warn
    MOCK SET: cameraPowerPlanner_prj_auto-backup-2024-06-01-00-01-Project Unique = {"__cineAutoBackupSnapshot":{"version":1,"snapshot

      61 |       return undefined;
      62 |     }
    > 63 |     return originalFn(...args);
         |            ^
      64 |   };
      65 | };
      66 |

      at console.<anonymous> (tests/setup/jest.setup.cjs:63:12)
      at console.apply [as warn] (src/scripts/modules/base.js:92:26)
      at Object.warn (tests/unit/storage.test.js:11:15)
      at setItem (src/scripts/storage.js:8463:17)
      at saveJSONToStorage (src/scripts/storage.js:12780:18)
      at persistProjectShard (src/scripts/storage.js:12828:5)
          at Array.forEach (<anonymous>)
      at forEach (src/scripts/storage.js:12827:25)
      at persistAllProjects (src/scripts/storage.js:13535:5)
      at Object.saveProject (tests/unit/storage.test.js:1295:5)

  console.log
    DEBUG: getSafeLocalStorage returning object

      at Proxy.apply (src/scripts/modules/base.js:92:26)
          at Array.forEach (<anonymous>)

  console.log
    DEBUG: getSafeLocalStorage returning object

      at Proxy.apply (src/scripts/modules/base.js:92:26)
          at Array.forEach (<anonymous>)

  console.warn
    MOCK SET: cameraPowerPlanner_prj_auto-backup-2024-06-01-00-02-Project Unique = {"__cineAutoBackupSnapshot":{"version":1,"snapshot

      61 |       return undefined;
      62 |     }
    > 63 |     return originalFn(...args);
         |            ^
      64 |   };
      65 | };
      66 |

      at console.<anonymous> (tests/setup/jest.setup.cjs:63:12)
      at console.apply [as warn] (src/scripts/modules/base.js:92:26)
      at Object.warn (tests/unit/storage.test.js:11:15)
      at setItem (src/scripts/storage.js:8463:17)
      at saveJSONToStorage (src/scripts/storage.js:12780:18)
      at persistProjectShard (src/scripts/storage.js:12828:5)
          at Array.forEach (<anonymous>)
      at forEach (src/scripts/storage.js:12827:25)
      at persistAllProjects (src/scripts/storage.js:13535:5)
      at Object.saveProject (tests/unit/storage.test.js:1295:5)

  console.log
    DEBUG: getSafeLocalStorage returning object

      at Proxy.apply (src/scripts/modules/base.js:92:26)
          at Array.forEach (<anonymous>)

  console.log
    DEBUG: getSafeLocalStorage returning object

      at Proxy.apply (src/scripts/modules/base.js:92:26)
          at Array.forEach (<anonymous>)

  console.warn
    MOCK SET: cameraPowerPlanner_prj_auto-backup-2024-06-01-00-03-Project Unique = {"__cineAutoBackupSnapshot":{"version":1,"snapshot

      61 |       return undefined;
      62 |     }
    > 63 |     return originalFn(...args);
         |            ^
      64 |   };
      65 | };
      66 |

      at console.<anonymous> (tests/setup/jest.setup.cjs:63:12)
      at console.apply [as warn] (src/scripts/modules/base.js:92:26)
      at Object.warn (tests/unit/storage.test.js:11:15)
      at setItem (src/scripts/storage.js:8463:17)
      at saveJSONToStorage (src/scripts/storage.js:12780:18)
      at persistProjectShard (src/scripts/storage.js:12828:5)
          at Array.forEach (<anonymous>)
      at forEach (src/scripts/storage.js:12827:25)
      at persistAllProjects (src/scripts/storage.js:13535:5)
      at Object.saveProject (tests/unit/storage.test.js:1295:5)

  console.log
    DEBUG: getSafeLocalStorage returning object

      at Proxy.apply (src/scripts/modules/base.js:92:26)
          at Array.forEach (<anonymous>)

  console.log
    DEBUG: getSafeLocalStorage returning object

      at Proxy.apply (src/scripts/modules/base.js:92:26)
          at Array.forEach (<anonymous>)

  console.warn
    MOCK SET: cameraPowerPlanner_prj_auto-backup-2024-06-01-00-04-Project Unique = {"__cineAutoBackupSnapshot":{"version":1,"snapshot

      61 |       return undefined;
      62 |     }
    > 63 |     return originalFn(...args);
         |            ^
      64 |   };
      65 | };
      66 |

      at console.<anonymous> (tests/setup/jest.setup.cjs:63:12)
      at console.apply [as warn] (src/scripts/modules/base.js:92:26)
      at Object.warn (tests/unit/storage.test.js:11:15)
      at setItem (src/scripts/storage.js:8463:17)
      at saveJSONToStorage (src/scripts/storage.js:12780:18)
      at persistProjectShard (src/scripts/storage.js:12828:5)
          at Array.forEach (<anonymous>)
      at forEach (src/scripts/storage.js:12827:25)
      at persistAllProjects (src/scripts/storage.js:13535:5)
      at Object.saveProject (tests/unit/storage.test.js:1295:5)

  console.log
    DEBUG: getSafeLocalStorage returning object

      at Proxy.apply (src/scripts/modules/base.js:92:26)
          at Array.forEach (<anonymous>)

  console.log
    DEBUG: getSafeLocalStorage returning object

      at Proxy.apply (src/scripts/modules/base.js:92:26)
          at Array.forEach (<anonymous>)

  console.warn
    MOCK SET: cameraPowerPlanner_prj_auto-backup-2024-06-01-00-05-Project Unique = {"__cineAutoBackupSnapshot":{"version":1,"snapshot

      61 |       return undefined;
      62 |     }
    > 63 |     return originalFn(...args);
         |            ^
      64 |   };
      65 | };
      66 |

      at console.<anonymous> (tests/setup/jest.setup.cjs:63:12)
      at console.apply [as warn] (src/scripts/modules/base.js:92:26)
      at Object.warn (tests/unit/storage.test.js:11:15)
      at setItem (src/scripts/storage.js:8463:17)
      at saveJSONToStorage (src/scripts/storage.js:12780:18)
      at persistProjectShard (src/scripts/storage.js:12828:5)
          at Array.forEach (<anonymous>)
      at forEach (src/scripts/storage.js:12827:25)
      at persistAllProjects (src/scripts/storage.js:13535:5)
      at Object.saveProject (tests/unit/storage.test.js:1295:5)

  console.log
    DEBUG: getSafeLocalStorage returning object

      at Proxy.apply (src/scripts/modules/base.js:92:26)
          at Array.forEach (<anonymous>)

  console.log
    DEBUG: getSafeLocalStorage returning object

      at Proxy.apply (src/scripts/modules/base.js:92:26)
          at Array.forEach (<anonymous>)

  console.warn
    MOCK SET: cameraPowerPlanner_prj_auto-backup-2024-06-01-00-06-Project Unique = {"__cineAutoBackupSnapshot":{"version":1,"snapshot

      61 |       return undefined;
      62 |     }
    > 63 |     return originalFn(...args);
         |            ^
      64 |   };
      65 | };
      66 |

      at console.<anonymous> (tests/setup/jest.setup.cjs:63:12)
      at console.apply [as warn] (src/scripts/modules/base.js:92:26)
      at Object.warn (tests/unit/storage.test.js:11:15)
      at setItem (src/scripts/storage.js:8463:17)
      at saveJSONToStorage (src/scripts/storage.js:12780:18)
      at persistProjectShard (src/scripts/storage.js:12828:5)
          at Array.forEach (<anonymous>)
      at forEach (src/scripts/storage.js:12827:25)
      at persistAllProjects (src/scripts/storage.js:13535:5)
      at Object.saveProject (tests/unit/storage.test.js:1295:5)

  console.log
    DEBUG: getSafeLocalStorage returning object

      at Proxy.apply (src/scripts/modules/base.js:92:26)
          at Array.forEach (<anonymous>)

  console.log
    DEBUG: getSafeLocalStorage returning object

      at Proxy.apply (src/scripts/modules/base.js:92:26)
          at Array.forEach (<anonymous>)

  console.warn
    MOCK SET: cameraPowerPlanner_prj_auto-backup-2024-06-01-00-07-Project Unique = {"__cineAutoBackupSnapshot":{"version":1,"snapshot

      61 |       return undefined;
      62 |     }
    > 63 |     return originalFn(...args);
         |            ^
      64 |   };
      65 | };
      66 |

      at console.<anonymous> (tests/setup/jest.setup.cjs:63:12)
      at console.apply [as warn] (src/scripts/modules/base.js:92:26)
      at Object.warn (tests/unit/storage.test.js:11:15)
      at setItem (src/scripts/storage.js:8463:17)
      at saveJSONToStorage (src/scripts/storage.js:12780:18)
      at persistProjectShard (src/scripts/storage.js:12828:5)
          at Array.forEach (<anonymous>)
      at forEach (src/scripts/storage.js:12827:25)
      at persistAllProjects (src/scripts/storage.js:13535:5)
      at Object.saveProject (tests/unit/storage.test.js:1295:5)

  console.log
    DEBUG: getSafeLocalStorage returning object

      at Proxy.apply (src/scripts/modules/base.js:92:26)
          at Array.forEach (<anonymous>)

  console.log
    DEBUG: getSafeLocalStorage returning object

      at Proxy.apply (src/scripts/modules/base.js:92:26)
          at Array.forEach (<anonymous>)

  console.warn
    MOCK SET: cameraPowerPlanner_prj_auto-backup-2024-06-01-00-08-Project Unique = {"__cineAutoBackupSnapshot":{"version":1,"snapshot

      61 |       return undefined;
      62 |     }
    > 63 |     return originalFn(...args);
         |            ^
      64 |   };
      65 | };
      66 |

      at console.<anonymous> (tests/setup/jest.setup.cjs:63:12)
      at console.apply [as warn] (src/scripts/modules/base.js:92:26)
      at Object.warn (tests/unit/storage.test.js:11:15)
      at setItem (src/scripts/storage.js:8463:17)
      at saveJSONToStorage (src/scripts/storage.js:12780:18)
      at persistProjectShard (src/scripts/storage.js:12828:5)
          at Array.forEach (<anonymous>)
      at forEach (src/scripts/storage.js:12827:25)
      at persistAllProjects (src/scripts/storage.js:13535:5)
      at Object.saveProject (tests/unit/storage.test.js:1295:5)

  console.log
    DEBUG: getSafeLocalStorage returning object

      at Proxy.apply (src/scripts/modules/base.js:92:26)
          at Array.forEach (<anonymous>)

  console.log
    DEBUG: getSafeLocalStorage returning object

      at Proxy.apply (src/scripts/modules/base.js:92:26)
          at Array.forEach (<anonymous>)

  console.warn
    MOCK SET: cameraPowerPlanner_prj_auto-backup-2024-06-01-00-09-Project Unique = {"__cineAutoBackupSnapshot":{"version":1,"snapshot

      61 |       return undefined;
      62 |     }
    > 63 |     return originalFn(...args);
         |            ^
      64 |   };
      65 | };
      66 |

      at console.<anonymous> (tests/setup/jest.setup.cjs:63:12)
      at console.apply [as warn] (src/scripts/modules/base.js:92:26)
      at Object.warn (tests/unit/storage.test.js:11:15)
      at setItem (src/scripts/storage.js:8463:17)
      at saveJSONToStorage (src/scripts/storage.js:12780:18)
      at persistProjectShard (src/scripts/storage.js:12828:5)
          at Array.forEach (<anonymous>)
      at forEach (src/scripts/storage.js:12827:25)
      at persistAllProjects (src/scripts/storage.js:13535:5)
      at Object.saveProject (tests/unit/storage.test.js:1295:5)

  console.log
    DEBUG: getSafeLocalStorage returning object

      at Proxy.apply (src/scripts/modules/base.js:92:26)
          at Array.forEach (<anonymous>)

  console.log
    DEBUG: getSafeLocalStorage returning object

      at Proxy.apply (src/scripts/modules/base.js:92:26)
          at Array.forEach (<anonymous>)

  console.warn
    MOCK SET: cameraPowerPlanner_prj_auto-backup-2024-06-01-00-10-Project Unique = {"__cineAutoBackupSnapshot":{"version":1,"snapshot

      61 |       return undefined;
      62 |     }
    > 63 |     return originalFn(...args);
         |            ^
      64 |   };
      65 | };
      66 |

      at console.<anonymous> (tests/setup/jest.setup.cjs:63:12)
      at console.apply [as warn] (src/scripts/modules/base.js:92:26)
      at Object.warn (tests/unit/storage.test.js:11:15)
      at setItem (src/scripts/storage.js:8463:17)
      at saveJSONToStorage (src/scripts/storage.js:12780:18)
      at persistProjectShard (src/scripts/storage.js:12828:5)
          at Array.forEach (<anonymous>)
      at forEach (src/scripts/storage.js:12827:25)
      at persistAllProjects (src/scripts/storage.js:13535:5)
      at Object.saveProject (tests/unit/storage.test.js:1295:5)

  console.log
    DEBUG: getSafeLocalStorage returning object

      at Proxy.apply (src/scripts/modules/base.js:92:26)
          at Array.forEach (<anonymous>)

  console.log
    DEBUG: getSafeLocalStorage returning object

      at Proxy.apply (src/scripts/modules/base.js:92:26)
          at Array.forEach (<anonymous>)

  console.warn
    MOCK SET: cameraPowerPlanner_prj_auto-backup-2024-06-01-00-11-Project Unique = {"__cineAutoBackupSnapshot":{"version":1,"snapshot

      61 |       return undefined;
      62 |     }
    > 63 |     return originalFn(...args);
         |            ^
      64 |   };
      65 | };
      66 |

      at console.<anonymous> (tests/setup/jest.setup.cjs:63:12)
      at console.apply [as warn] (src/scripts/modules/base.js:92:26)
      at Object.warn (tests/unit/storage.test.js:11:15)
      at setItem (src/scripts/storage.js:8463:17)
      at saveJSONToStorage (src/scripts/storage.js:12780:18)
      at persistProjectShard (src/scripts/storage.js:12828:5)
          at Array.forEach (<anonymous>)
      at forEach (src/scripts/storage.js:12827:25)
      at persistAllProjects (src/scripts/storage.js:13535:5)
      at Object.saveProject (tests/unit/storage.test.js:1295:5)

  console.log
    DEBUG: getSafeLocalStorage returning object

      at Proxy.apply (src/scripts/modules/base.js:92:26)
          at Array.forEach (<anonymous>)

  console.log
    DEBUG: getSafeLocalStorage returning object

      at Proxy.apply (src/scripts/modules/base.js:92:26)
          at Array.forEach (<anonymous>)

  console.warn
    MOCK SET: cameraPowerPlanner_prj_auto-backup-2024-06-01-00-12-Project Unique = {"__cineAutoBackupSnapshot":{"version":1,"snapshot

      61 |       return undefined;
      62 |     }
    > 63 |     return originalFn(...args);
         |            ^
      64 |   };
      65 | };
      66 |

      at console.<anonymous> (tests/setup/jest.setup.cjs:63:12)
      at console.apply [as warn] (src/scripts/modules/base.js:92:26)
      at Object.warn (tests/unit/storage.test.js:11:15)
      at setItem (src/scripts/storage.js:8463:17)
      at saveJSONToStorage (src/scripts/storage.js:12780:18)
      at persistProjectShard (src/scripts/storage.js:12828:5)
          at Array.forEach (<anonymous>)
      at forEach (src/scripts/storage.js:12827:25)
      at persistAllProjects (src/scripts/storage.js:13535:5)
      at Object.saveProject (tests/unit/storage.test.js:1295:5)

  console.log
    DEBUG: getSafeLocalStorage returning object

      at Proxy.apply (src/scripts/modules/base.js:92:26)
          at Array.forEach (<anonymous>)

  console.log
    DEBUG: getSafeLocalStorage returning object

      at Proxy.apply (src/scripts/modules/base.js:92:26)
          at Array.forEach (<anonymous>)

  console.warn
    MOCK SET: cameraPowerPlanner_prj_auto-backup-2024-06-01-00-13-Project Unique = {"__cineAutoBackupSnapshot":{"version":1,"snapshot

      61 |       return undefined;
      62 |     }
    > 63 |     return originalFn(...args);
         |            ^
      64 |   };
      65 | };
      66 |

      at console.<anonymous> (tests/setup/jest.setup.cjs:63:12)
      at console.apply [as warn] (src/scripts/modules/base.js:92:26)
      at Object.warn (tests/unit/storage.test.js:11:15)
      at setItem (src/scripts/storage.js:8463:17)
      at saveJSONToStorage (src/scripts/storage.js:12780:18)
      at persistProjectShard (src/scripts/storage.js:12828:5)
          at Array.forEach (<anonymous>)
      at forEach (src/scripts/storage.js:12827:25)
      at persistAllProjects (src/scripts/storage.js:13535:5)
      at Object.saveProject (tests/unit/storage.test.js:1295:5)

  console.log
    DEBUG: getSafeLocalStorage returning object

      at Proxy.apply (src/scripts/modules/base.js:92:26)
          at Array.forEach (<anonymous>)

  console.log
    DEBUG: getSafeLocalStorage returning object

      at Proxy.apply (src/scripts/modules/base.js:92:26)
          at Array.forEach (<anonymous>)

  console.warn
    MOCK SET: cameraPowerPlanner_prj_auto-backup-2024-06-01-00-14-Project Unique = {"__cineAutoBackupSnapshot":{"version":1,"snapshot

      61 |       return undefined;
      62 |     }
    > 63 |     return originalFn(...args);
         |            ^
      64 |   };
      65 | };
      66 |

      at console.<anonymous> (tests/setup/jest.setup.cjs:63:12)
      at console.apply [as warn] (src/scripts/modules/base.js:92:26)
      at Object.warn (tests/unit/storage.test.js:11:15)
      at setItem (src/scripts/storage.js:8463:17)
      at saveJSONToStorage (src/scripts/storage.js:12780:18)
      at persistProjectShard (src/scripts/storage.js:12828:5)
          at Array.forEach (<anonymous>)
      at forEach (src/scripts/storage.js:12827:25)
      at persistAllProjects (src/scripts/storage.js:13535:5)
      at Object.saveProject (tests/unit/storage.test.js:1295:5)

  console.log
    DEBUG: getSafeLocalStorage returning object

      at Proxy.apply (src/scripts/modules/base.js:92:26)
          at Array.forEach (<anonymous>)

  console.log
    DEBUG: getSafeLocalStorage returning object

      at Proxy.apply (src/scripts/modules/base.js:92:26)
          at Array.forEach (<anonymous>)

  console.warn
    MOCK SET: cameraPowerPlanner_prj_auto-backup-2024-06-01-00-15-Project Unique = {"__cineAutoBackupSnapshot":{"version":1,"snapshot

      61 |       return undefined;
      62 |     }
    > 63 |     return originalFn(...args);
         |            ^
      64 |   };
      65 | };
      66 |

      at console.<anonymous> (tests/setup/jest.setup.cjs:63:12)
      at console.apply [as warn] (src/scripts/modules/base.js:92:26)
      at Object.warn (tests/unit/storage.test.js:11:15)
      at setItem (src/scripts/storage.js:8463:17)
      at saveJSONToStorage (src/scripts/storage.js:12780:18)
      at persistProjectShard (src/scripts/storage.js:12828:5)
          at Array.forEach (<anonymous>)
      at forEach (src/scripts/storage.js:12827:25)
      at persistAllProjects (src/scripts/storage.js:13535:5)
      at Object.saveProject (tests/unit/storage.test.js:1295:5)

  console.log
    DEBUG: getSafeLocalStorage returning object

      at Proxy.apply (src/scripts/modules/base.js:92:26)
          at Array.forEach (<anonymous>)

  console.log
    DEBUG: getSafeLocalStorage returning object

      at Proxy.apply (src/scripts/modules/base.js:92:26)
          at Array.forEach (<anonymous>)

  console.warn
    MOCK SET: cameraPowerPlanner_prj_auto-backup-2024-06-01-00-16-Project Unique = {"__cineAutoBackupSnapshot":{"version":1,"snapshot

      61 |       return undefined;
      62 |     }
    > 63 |     return originalFn(...args);
         |            ^
      64 |   };
      65 | };
      66 |

      at console.<anonymous> (tests/setup/jest.setup.cjs:63:12)
      at console.apply [as warn] (src/scripts/modules/base.js:92:26)
      at Object.warn (tests/unit/storage.test.js:11:15)
      at setItem (src/scripts/storage.js:8463:17)
      at saveJSONToStorage (src/scripts/storage.js:12780:18)
      at persistProjectShard (src/scripts/storage.js:12828:5)
          at Array.forEach (<anonymous>)
      at forEach (src/scripts/storage.js:12827:25)
      at persistAllProjects (src/scripts/storage.js:13535:5)
      at Object.saveProject (tests/unit/storage.test.js:1295:5)

  console.log
    DEBUG: getSafeLocalStorage returning object

      at Proxy.apply (src/scripts/modules/base.js:92:26)
          at Array.forEach (<anonymous>)

  console.log
    DEBUG: getSafeLocalStorage returning object

      at Proxy.apply (src/scripts/modules/base.js:92:26)
          at Array.forEach (<anonymous>)

  console.warn
    MOCK SET: cameraPowerPlanner_prj_auto-backup-2024-06-01-00-17-Project Unique = {"__cineAutoBackupSnapshot":{"version":1,"snapshot

      61 |       return undefined;
      62 |     }
    > 63 |     return originalFn(...args);
         |            ^
      64 |   };
      65 | };
      66 |

      at console.<anonymous> (tests/setup/jest.setup.cjs:63:12)
      at console.apply [as warn] (src/scripts/modules/base.js:92:26)
      at Object.warn (tests/unit/storage.test.js:11:15)
      at setItem (src/scripts/storage.js:8463:17)
      at saveJSONToStorage (src/scripts/storage.js:12780:18)
      at persistProjectShard (src/scripts/storage.js:12828:5)
          at Array.forEach (<anonymous>)
      at forEach (src/scripts/storage.js:12827:25)
      at persistAllProjects (src/scripts/storage.js:13535:5)
      at Object.saveProject (tests/unit/storage.test.js:1295:5)

  console.log
    DEBUG: getSafeLocalStorage returning object

      at Proxy.apply (src/scripts/modules/base.js:92:26)
          at Array.forEach (<anonymous>)

  console.log
    DEBUG: getSafeLocalStorage returning object

      at Proxy.apply (src/scripts/modules/base.js:92:26)
          at Array.forEach (<anonymous>)

  console.warn
    MOCK SET: cameraPowerPlanner_prj_auto-backup-2024-06-01-00-18-Project Unique = {"__cineAutoBackupSnapshot":{"version":1,"snapshot

      61 |       return undefined;
      62 |     }
    > 63 |     return originalFn(...args);
         |            ^
      64 |   };
      65 | };
      66 |

      at console.<anonymous> (tests/setup/jest.setup.cjs:63:12)
      at console.apply [as warn] (src/scripts/modules/base.js:92:26)
      at Object.warn (tests/unit/storage.test.js:11:15)
      at setItem (src/scripts/storage.js:8463:17)
      at saveJSONToStorage (src/scripts/storage.js:12780:18)
      at persistProjectShard (src/scripts/storage.js:12828:5)
          at Array.forEach (<anonymous>)
      at forEach (src/scripts/storage.js:12827:25)
      at persistAllProjects (src/scripts/storage.js:13535:5)
      at Object.saveProject (tests/unit/storage.test.js:1295:5)

  console.log
    DEBUG: getSafeLocalStorage returning object

      at Proxy.apply (src/scripts/modules/base.js:92:26)
          at Array.forEach (<anonymous>)

  console.log
    DEBUG: getSafeLocalStorage returning object

      at Proxy.apply (src/scripts/modules/base.js:92:26)
          at Array.forEach (<anonymous>)

  console.warn
    MOCK SET: cameraPowerPlanner_prj_auto-backup-2024-06-01-00-19-Project Unique = {"__cineAutoBackupSnapshot":{"version":1,"snapshot

      61 |       return undefined;
      62 |     }
    > 63 |     return originalFn(...args);
         |            ^
      64 |   };
      65 | };
      66 |

      at console.<anonymous> (tests/setup/jest.setup.cjs:63:12)
      at console.apply [as warn] (src/scripts/modules/base.js:92:26)
      at Object.warn (tests/unit/storage.test.js:11:15)
      at setItem (src/scripts/storage.js:8463:17)
      at saveJSONToStorage (src/scripts/storage.js:12780:18)
      at persistProjectShard (src/scripts/storage.js:12828:5)
          at Array.forEach (<anonymous>)
      at forEach (src/scripts/storage.js:12827:25)
      at persistAllProjects (src/scripts/storage.js:13535:5)
      at Object.saveProject (tests/unit/storage.test.js:1295:5)

  console.log
    DEBUG: getSafeLocalStorage returning object

      at Proxy.apply (src/scripts/modules/base.js:92:26)
          at Array.forEach (<anonymous>)

  console.log
    DEBUG: getSafeLocalStorage returning object

      at Proxy.apply (src/scripts/modules/base.js:92:26)
          at Array.forEach (<anonymous>)

  console.warn
    MOCK SET: cameraPowerPlanner_prj_auto-backup-2024-06-01-00-20-Project Unique = {"__cineAutoBackupSnapshot":{"version":1,"snapshot

      61 |       return undefined;
      62 |     }
    > 63 |     return originalFn(...args);
         |            ^
      64 |   };
      65 | };
      66 |

      at console.<anonymous> (tests/setup/jest.setup.cjs:63:12)
      at console.apply [as warn] (src/scripts/modules/base.js:92:26)
      at Object.warn (tests/unit/storage.test.js:11:15)
      at setItem (src/scripts/storage.js:8463:17)
      at saveJSONToStorage (src/scripts/storage.js:12780:18)
      at persistProjectShard (src/scripts/storage.js:12828:5)
          at Array.forEach (<anonymous>)
      at forEach (src/scripts/storage.js:12827:25)
      at persistAllProjects (src/scripts/storage.js:13535:5)
      at Object.saveProject (tests/unit/storage.test.js:1295:5)

  console.log
    DEBUG: getSafeLocalStorage returning object

      at Proxy.apply (src/scripts/modules/base.js:92:26)
          at Array.forEach (<anonymous>)

  console.log
    DEBUG: getSafeLocalStorage returning object

      at Proxy.apply (src/scripts/modules/base.js:92:26)
          at Array.forEach (<anonymous>)

  console.warn
    MOCK SET: cameraPowerPlanner_prj_auto-backup-2024-06-01-00-21-Project Unique = {"__cineAutoBackupSnapshot":{"version":1,"snapshot

      61 |       return undefined;
      62 |     }
    > 63 |     return originalFn(...args);
         |            ^
      64 |   };
      65 | };
      66 |

      at console.<anonymous> (tests/setup/jest.setup.cjs:63:12)
      at console.apply [as warn] (src/scripts/modules/base.js:92:26)
      at Object.warn (tests/unit/storage.test.js:11:15)
      at setItem (src/scripts/storage.js:8463:17)
      at saveJSONToStorage (src/scripts/storage.js:12780:18)
      at persistProjectShard (src/scripts/storage.js:12828:5)
          at Array.forEach (<anonymous>)
      at forEach (src/scripts/storage.js:12827:25)
      at persistAllProjects (src/scripts/storage.js:13535:5)
      at Object.saveProject (tests/unit/storage.test.js:1295:5)

  console.log
    DEBUG: getSafeLocalStorage returning object

      at Proxy.apply (src/scripts/modules/base.js:92:26)
          at Array.forEach (<anonymous>)

  console.log
    DEBUG: getSafeLocalStorage returning object

      at Proxy.apply (src/scripts/modules/base.js:92:26)
          at Array.forEach (<anonymous>)

  console.warn
    MOCK SET: cameraPowerPlanner_prj_auto-backup-2024-06-01-00-22-Project Unique = {"__cineAutoBackupSnapshot":{"version":1,"snapshot

      61 |       return undefined;
      62 |     }
    > 63 |     return originalFn(...args);
         |            ^
      64 |   };
      65 | };
      66 |

      at console.<anonymous> (tests/setup/jest.setup.cjs:63:12)
      at console.apply [as warn] (src/scripts/modules/base.js:92:26)
      at Object.warn (tests/unit/storage.test.js:11:15)
      at setItem (src/scripts/storage.js:8463:17)
      at saveJSONToStorage (src/scripts/storage.js:12780:18)
      at persistProjectShard (src/scripts/storage.js:12828:5)
          at Array.forEach (<anonymous>)
      at forEach (src/scripts/storage.js:12827:25)
      at persistAllProjects (src/scripts/storage.js:13535:5)
      at Object.saveProject (tests/unit/storage.test.js:1295:5)

  console.log
    DEBUG: getSafeLocalStorage returning object

      at Proxy.apply (src/scripts/modules/base.js:92:26)
          at Array.forEach (<anonymous>)

  console.log
    DEBUG: getSafeLocalStorage returning object

      at Proxy.apply (src/scripts/modules/base.js:92:26)
          at Array.forEach (<anonymous>)

  console.warn
    MOCK SET: cameraPowerPlanner_prj_auto-backup-2024-06-01-00-23-Project Unique = {"__cineAutoBackupSnapshot":{"version":1,"snapshot

      61 |       return undefined;
      62 |     }
    > 63 |     return originalFn(...args);
         |            ^
      64 |   };
      65 | };
      66 |

      at console.<anonymous> (tests/setup/jest.setup.cjs:63:12)
      at console.apply [as warn] (src/scripts/modules/base.js:92:26)
      at Object.warn (tests/unit/storage.test.js:11:15)
      at setItem (src/scripts/storage.js:8463:17)
      at saveJSONToStorage (src/scripts/storage.js:12780:18)
      at persistProjectShard (src/scripts/storage.js:12828:5)
          at Array.forEach (<anonymous>)
      at forEach (src/scripts/storage.js:12827:25)
      at persistAllProjects (src/scripts/storage.js:13535:5)
      at Object.saveProject (tests/unit/storage.test.js:1295:5)

  console.log
    DEBUG: getSafeLocalStorage returning object

      at Proxy.apply (src/scripts/modules/base.js:92:26)
          at Array.forEach (<anonymous>)

  console.log
    DEBUG: getSafeLocalStorage returning object

      at Proxy.apply (src/scripts/modules/base.js:92:26)
          at Array.forEach (<anonymous>)

  console.warn
    MOCK SET: cameraPowerPlanner_prj_auto-backup-2024-06-01-00-24-Project Unique = {"__cineAutoBackupSnapshot":{"version":1,"snapshot

      61 |       return undefined;
      62 |     }
    > 63 |     return originalFn(...args);
         |            ^
      64 |   };
      65 | };
      66 |

      at console.<anonymous> (tests/setup/jest.setup.cjs:63:12)
      at console.apply [as warn] (src/scripts/modules/base.js:92:26)
      at Object.warn (tests/unit/storage.test.js:11:15)
      at setItem (src/scripts/storage.js:8463:17)
      at saveJSONToStorage (src/scripts/storage.js:12780:18)
      at persistProjectShard (src/scripts/storage.js:12828:5)
          at Array.forEach (<anonymous>)
      at forEach (src/scripts/storage.js:12827:25)
      at persistAllProjects (src/scripts/storage.js:13535:5)
      at Object.saveProject (tests/unit/storage.test.js:1295:5)

  console.log
    DEBUG: getSafeLocalStorage returning object

      at Proxy.apply (src/scripts/modules/base.js:92:26)
          at Array.forEach (<anonymous>)

  console.log
    DEBUG: getSafeLocalStorage returning object

      at Proxy.apply (src/scripts/modules/base.js:92:26)
          at Array.forEach (<anonymous>)

  console.warn
    MOCK SET: cameraPowerPlanner_prj_auto-backup-2024-06-01-00-25-Project Unique = {"__cineAutoBackupSnapshot":{"version":1,"snapshot

      61 |       return undefined;
      62 |     }
    > 63 |     return originalFn(...args);
         |            ^
      64 |   };
      65 | };
      66 |

      at console.<anonymous> (tests/setup/jest.setup.cjs:63:12)
      at console.apply [as warn] (src/scripts/modules/base.js:92:26)
      at Object.warn (tests/unit/storage.test.js:11:15)
      at setItem (src/scripts/storage.js:8463:17)
      at saveJSONToStorage (src/scripts/storage.js:12780:18)
      at persistProjectShard (src/scripts/storage.js:12828:5)
          at Array.forEach (<anonymous>)
      at forEach (src/scripts/storage.js:12827:25)
      at persistAllProjects (src/scripts/storage.js:13535:5)
      at Object.saveProject (tests/unit/storage.test.js:1295:5)

  console.log
    DEBUG: getSafeLocalStorage returning object

      at Proxy.apply (src/scripts/modules/base.js:92:26)
          at Array.forEach (<anonymous>)

  console.log
    DEBUG: getSafeLocalStorage returning object

      at Proxy.apply (src/scripts/modules/base.js:92:26)
          at Array.forEach (<anonymous>)

  console.warn
    MOCK SET: cameraPowerPlanner_prj_auto-backup-2024-06-01-00-26-Project Unique = {"__cineAutoBackupSnapshot":{"version":1,"snapshot

      61 |       return undefined;
      62 |     }
    > 63 |     return originalFn(...args);
         |            ^
      64 |   };
      65 | };
      66 |

      at console.<anonymous> (tests/setup/jest.setup.cjs:63:12)
      at console.apply [as warn] (src/scripts/modules/base.js:92:26)
      at Object.warn (tests/unit/storage.test.js:11:15)
      at setItem (src/scripts/storage.js:8463:17)
      at saveJSONToStorage (src/scripts/storage.js:12780:18)
      at persistProjectShard (src/scripts/storage.js:12828:5)
          at Array.forEach (<anonymous>)
      at forEach (src/scripts/storage.js:12827:25)
      at persistAllProjects (src/scripts/storage.js:13535:5)
      at Object.saveProject (tests/unit/storage.test.js:1295:5)

  console.log
    DEBUG: getSafeLocalStorage returning object

      at Proxy.apply (src/scripts/modules/base.js:92:26)
          at Array.forEach (<anonymous>)

  console.log
    DEBUG: getSafeLocalStorage returning object

      at Proxy.apply (src/scripts/modules/base.js:92:26)
          at Array.forEach (<anonymous>)

  console.warn
    MOCK SET: cameraPowerPlanner_prj_auto-backup-2024-06-01-00-27-Project Unique = {"__cineAutoBackupSnapshot":{"version":1,"snapshot

      61 |       return undefined;
      62 |     }
    > 63 |     return originalFn(...args);
         |            ^
      64 |   };
      65 | };
      66 |

      at console.<anonymous> (tests/setup/jest.setup.cjs:63:12)
      at console.apply [as warn] (src/scripts/modules/base.js:92:26)
      at Object.warn (tests/unit/storage.test.js:11:15)
      at setItem (src/scripts/storage.js:8463:17)
      at saveJSONToStorage (src/scripts/storage.js:12780:18)
      at persistProjectShard (src/scripts/storage.js:12828:5)
          at Array.forEach (<anonymous>)
      at forEach (src/scripts/storage.js:12827:25)
      at persistAllProjects (src/scripts/storage.js:13535:5)
      at Object.saveProject (tests/unit/storage.test.js:1295:5)

  console.log
    DEBUG: getSafeLocalStorage returning object

      at Proxy.apply (src/scripts/modules/base.js:92:26)
          at Array.forEach (<anonymous>)

  console.log
    DEBUG: getSafeLocalStorage returning object

      at Proxy.apply (src/scripts/modules/base.js:92:26)
          at Array.forEach (<anonymous>)

  console.warn
    MOCK SET: cameraPowerPlanner_prj_auto-backup-2024-06-01-00-28-Project Unique = {"__cineAutoBackupSnapshot":{"version":1,"snapshot

      61 |       return undefined;
      62 |     }
    > 63 |     return originalFn(...args);
         |            ^
      64 |   };
      65 | };
      66 |

      at console.<anonymous> (tests/setup/jest.setup.cjs:63:12)
      at console.apply [as warn] (src/scripts/modules/base.js:92:26)
      at Object.warn (tests/unit/storage.test.js:11:15)
      at setItem (src/scripts/storage.js:8463:17)
      at saveJSONToStorage (src/scripts/storage.js:12780:18)
      at persistProjectShard (src/scripts/storage.js:12828:5)
          at Array.forEach (<anonymous>)
      at forEach (src/scripts/storage.js:12827:25)
      at persistAllProjects (src/scripts/storage.js:13535:5)
      at Object.saveProject (tests/unit/storage.test.js:1295:5)

  console.log
    DEBUG: getSafeLocalStorage returning object

      at Proxy.apply (src/scripts/modules/base.js:92:26)
          at Array.forEach (<anonymous>)

  console.log
    DEBUG: getSafeLocalStorage returning object

      at Proxy.apply (src/scripts/modules/base.js:92:26)
          at Array.forEach (<anonymous>)

  console.warn
    MOCK SET: cameraPowerPlanner_prj_auto-backup-2024-06-01-00-29-Project Unique = {"__cineAutoBackupSnapshot":{"version":1,"snapshot

      61 |       return undefined;
      62 |     }
    > 63 |     return originalFn(...args);
         |            ^
      64 |   };
      65 | };
      66 |

      at console.<anonymous> (tests/setup/jest.setup.cjs:63:12)
      at console.apply [as warn] (src/scripts/modules/base.js:92:26)
      at Object.warn (tests/unit/storage.test.js:11:15)
      at setItem (src/scripts/storage.js:8463:17)
      at saveJSONToStorage (src/scripts/storage.js:12780:18)
      at persistProjectShard (src/scripts/storage.js:12828:5)
          at Array.forEach (<anonymous>)
      at forEach (src/scripts/storage.js:12827:25)
      at persistAllProjects (src/scripts/storage.js:13535:5)
      at Object.saveProject (tests/unit/storage.test.js:1295:5)

  console.log
    DEBUG: getSafeLocalStorage returning object

      at Proxy.apply (src/scripts/modules/base.js:92:26)
          at Array.forEach (<anonymous>)

  console.log
    DEBUG: getSafeLocalStorage returning object

      at Proxy.apply (src/scripts/modules/base.js:92:26)
          at Array.forEach (<anonymous>)

  console.warn
    MOCK SET: cameraPowerPlanner_prj_auto-backup-2024-06-01-00-30-Project Unique = {"__cineAutoBackupSnapshot":{"version":1,"snapshot

      61 |       return undefined;
      62 |     }
    > 63 |     return originalFn(...args);
         |            ^
      64 |   };
      65 | };
      66 |

      at console.<anonymous> (tests/setup/jest.setup.cjs:63:12)
      at console.apply [as warn] (src/scripts/modules/base.js:92:26)
      at Object.warn (tests/unit/storage.test.js:11:15)
      at setItem (src/scripts/storage.js:8463:17)
      at saveJSONToStorage (src/scripts/storage.js:12780:18)
      at persistProjectShard (src/scripts/storage.js:12828:5)
          at Array.forEach (<anonymous>)
      at forEach (src/scripts/storage.js:12827:25)
      at persistAllProjects (src/scripts/storage.js:13535:5)
      at Object.saveProject (tests/unit/storage.test.js:1295:5)

  console.log
    DEBUG: getSafeLocalStorage returning object

      at Proxy.apply (src/scripts/modules/base.js:92:26)
          at Array.forEach (<anonymous>)

  console.log
    DEBUG: getSafeLocalStorage returning object

      at Proxy.apply (src/scripts/modules/base.js:92:26)
          at Array.forEach (<anonymous>)

  console.warn
    MOCK SET: cameraPowerPlanner_prj_auto-backup-2024-06-01-00-31-Project Unique = {"__cineAutoBackupSnapshot":{"version":1,"snapshot

      61 |       return undefined;
      62 |     }
    > 63 |     return originalFn(...args);
         |            ^
      64 |   };
      65 | };
      66 |

      at console.<anonymous> (tests/setup/jest.setup.cjs:63:12)
      at console.apply [as warn] (src/scripts/modules/base.js:92:26)
      at Object.warn (tests/unit/storage.test.js:11:15)
      at setItem (src/scripts/storage.js:8463:17)
      at saveJSONToStorage (src/scripts/storage.js:12780:18)
      at persistProjectShard (src/scripts/storage.js:12828:5)
          at Array.forEach (<anonymous>)
      at forEach (src/scripts/storage.js:12827:25)
      at persistAllProjects (src/scripts/storage.js:13535:5)
      at Object.saveProject (tests/unit/storage.test.js:1295:5)

  console.log
    DEBUG: getSafeLocalStorage returning object

      at Proxy.apply (src/scripts/modules/base.js:92:26)
          at Array.forEach (<anonymous>)

  console.log
    DEBUG: getSafeLocalStorage returning object

      at Proxy.apply (src/scripts/modules/base.js:92:26)
          at Array.forEach (<anonymous>)

  console.warn
    MOCK SET: cameraPowerPlanner_prj_auto-backup-2024-06-01-00-32-Project Unique = {"__cineAutoBackupSnapshot":{"version":1,"snapshot

      61 |       return undefined;
      62 |     }
    > 63 |     return originalFn(...args);
         |            ^
      64 |   };
      65 | };
      66 |

      at console.<anonymous> (tests/setup/jest.setup.cjs:63:12)
      at console.apply [as warn] (src/scripts/modules/base.js:92:26)
      at Object.warn (tests/unit/storage.test.js:11:15)
      at setItem (src/scripts/storage.js:8463:17)
      at saveJSONToStorage (src/scripts/storage.js:12780:18)
      at persistProjectShard (src/scripts/storage.js:12828:5)
          at Array.forEach (<anonymous>)
      at forEach (src/scripts/storage.js:12827:25)
      at persistAllProjects (src/scripts/storage.js:13535:5)
      at Object.saveProject (tests/unit/storage.test.js:1295:5)

  console.log
    DEBUG: getSafeLocalStorage returning object

      at Proxy.apply (src/scripts/modules/base.js:92:26)
          at Array.forEach (<anonymous>)

  console.log
    DEBUG: getSafeLocalStorage returning object

      at Proxy.apply (src/scripts/modules/base.js:92:26)
          at Array.forEach (<anonymous>)

  console.warn
    MOCK SET: cameraPowerPlanner_prj_auto-backup-2024-06-01-00-33-Project Unique = {"__cineAutoBackupSnapshot":{"version":1,"snapshot

      61 |       return undefined;
      62 |     }
    > 63 |     return originalFn(...args);
         |            ^
      64 |   };
      65 | };
      66 |

      at console.<anonymous> (tests/setup/jest.setup.cjs:63:12)
      at console.apply [as warn] (src/scripts/modules/base.js:92:26)
      at Object.warn (tests/unit/storage.test.js:11:15)
      at setItem (src/scripts/storage.js:8463:17)
      at saveJSONToStorage (src/scripts/storage.js:12780:18)
      at persistProjectShard (src/scripts/storage.js:12828:5)
          at Array.forEach (<anonymous>)
      at forEach (src/scripts/storage.js:12827:25)
      at persistAllProjects (src/scripts/storage.js:13535:5)
      at Object.saveProject (tests/unit/storage.test.js:1295:5)

  console.log
    DEBUG: getSafeLocalStorage returning object

      at Proxy.apply (src/scripts/modules/base.js:92:26)
          at Array.forEach (<anonymous>)

  console.log
    DEBUG: getSafeLocalStorage returning object

      at Proxy.apply (src/scripts/modules/base.js:92:26)
          at Array.forEach (<anonymous>)

  console.warn
    MOCK SET: cameraPowerPlanner_prj_auto-backup-2024-06-01-00-34-Project Unique = {"__cineAutoBackupSnapshot":{"version":1,"snapshot

      61 |       return undefined;
      62 |     }
    > 63 |     return originalFn(...args);
         |            ^
      64 |   };
      65 | };
      66 |

      at console.<anonymous> (tests/setup/jest.setup.cjs:63:12)
      at console.apply [as warn] (src/scripts/modules/base.js:92:26)
      at Object.warn (tests/unit/storage.test.js:11:15)
      at setItem (src/scripts/storage.js:8463:17)
      at saveJSONToStorage (src/scripts/storage.js:12780:18)
      at persistProjectShard (src/scripts/storage.js:12828:5)
          at Array.forEach (<anonymous>)
      at forEach (src/scripts/storage.js:12827:25)
      at persistAllProjects (src/scripts/storage.js:13535:5)
      at Object.saveProject (tests/unit/storage.test.js:1295:5)

  console.log
    DEBUG: getSafeLocalStorage returning object

      at Proxy.apply (src/scripts/modules/base.js:92:26)
          at Array.forEach (<anonymous>)

  console.log
    DEBUG: getSafeLocalStorage returning object

      at Proxy.apply (src/scripts/modules/base.js:92:26)
          at Array.forEach (<anonymous>)

  console.warn
    MOCK SET: cameraPowerPlanner_prj_auto-backup-2024-06-01-00-35-Project Unique = {"__cineAutoBackupSnapshot":{"version":1,"snapshot

      61 |       return undefined;
      62 |     }
    > 63 |     return originalFn(...args);
         |            ^
      64 |   };
      65 | };
      66 |

      at console.<anonymous> (tests/setup/jest.setup.cjs:63:12)
      at console.apply [as warn] (src/scripts/modules/base.js:92:26)
      at Object.warn (tests/unit/storage.test.js:11:15)
      at setItem (src/scripts/storage.js:8463:17)
      at saveJSONToStorage (src/scripts/storage.js:12780:18)
      at persistProjectShard (src/scripts/storage.js:12828:5)
          at Array.forEach (<anonymous>)
      at forEach (src/scripts/storage.js:12827:25)
      at persistAllProjects (src/scripts/storage.js:13535:5)
      at Object.saveProject (tests/unit/storage.test.js:1295:5)

  console.log
    DEBUG: getSafeLocalStorage returning object

      at Proxy.apply (src/scripts/modules/base.js:92:26)
          at Array.forEach (<anonymous>)

  console.log
    DEBUG: getSafeLocalStorage returning object

      at Proxy.apply (src/scripts/modules/base.js:92:26)
          at Array.forEach (<anonymous>)

  console.warn
    MOCK SET: cameraPowerPlanner_prj_auto-backup-2024-06-01-00-36-Project Unique = {"__cineAutoBackupSnapshot":{"version":1,"snapshot

      61 |       return undefined;
      62 |     }
    > 63 |     return originalFn(...args);
         |            ^
      64 |   };
      65 | };
      66 |

      at console.<anonymous> (tests/setup/jest.setup.cjs:63:12)
      at console.apply [as warn] (src/scripts/modules/base.js:92:26)
      at Object.warn (tests/unit/storage.test.js:11:15)
      at setItem (src/scripts/storage.js:8463:17)
      at saveJSONToStorage (src/scripts/storage.js:12780:18)
      at persistProjectShard (src/scripts/storage.js:12828:5)
          at Array.forEach (<anonymous>)
      at forEach (src/scripts/storage.js:12827:25)
      at persistAllProjects (src/scripts/storage.js:13535:5)
      at Object.saveProject (tests/unit/storage.test.js:1295:5)

  console.log
    DEBUG: getSafeLocalStorage returning object

      at Proxy.apply (src/scripts/modules/base.js:92:26)
          at Array.forEach (<anonymous>)

  console.log
    DEBUG: getSafeLocalStorage returning object

      at Proxy.apply (src/scripts/modules/base.js:92:26)
          at Array.forEach (<anonymous>)

  console.warn
    MOCK SET: cameraPowerPlanner_prj_auto-backup-2024-06-01-00-37-Project Unique = {"__cineAutoBackupSnapshot":{"version":1,"snapshot

      61 |       return undefined;
      62 |     }
    > 63 |     return originalFn(...args);
         |            ^
      64 |   };
      65 | };
      66 |

      at console.<anonymous> (tests/setup/jest.setup.cjs:63:12)
      at console.apply [as warn] (src/scripts/modules/base.js:92:26)
      at Object.warn (tests/unit/storage.test.js:11:15)
      at setItem (src/scripts/storage.js:8463:17)
      at saveJSONToStorage (src/scripts/storage.js:12780:18)
      at persistProjectShard (src/scripts/storage.js:12828:5)
          at Array.forEach (<anonymous>)
      at forEach (src/scripts/storage.js:12827:25)
      at persistAllProjects (src/scripts/storage.js:13535:5)
      at Object.saveProject (tests/unit/storage.test.js:1295:5)

  console.log
    DEBUG: getSafeLocalStorage returning object

      at Proxy.apply (src/scripts/modules/base.js:92:26)
          at Array.forEach (<anonymous>)

  console.log
    DEBUG: getSafeLocalStorage returning object

      at Proxy.apply (src/scripts/modules/base.js:92:26)
          at Array.forEach (<anonymous>)

  console.warn
    MOCK SET: cameraPowerPlanner_prj_auto-backup-2024-06-01-00-38-Project Unique = {"__cineAutoBackupSnapshot":{"version":1,"snapshot

      61 |       return undefined;
      62 |     }
    > 63 |     return originalFn(...args);
         |            ^
      64 |   };
      65 | };
      66 |

      at console.<anonymous> (tests/setup/jest.setup.cjs:63:12)
      at console.apply [as warn] (src/scripts/modules/base.js:92:26)
      at Object.warn (tests/unit/storage.test.js:11:15)
      at setItem (src/scripts/storage.js:8463:17)
      at saveJSONToStorage (src/scripts/storage.js:12780:18)
      at persistProjectShard (src/scripts/storage.js:12828:5)
          at Array.forEach (<anonymous>)
      at forEach (src/scripts/storage.js:12827:25)
      at persistAllProjects (src/scripts/storage.js:13535:5)
      at Object.saveProject (tests/unit/storage.test.js:1295:5)

  console.log
    DEBUG: getSafeLocalStorage returning object

      at Proxy.apply (src/scripts/modules/base.js:92:26)
          at Array.forEach (<anonymous>)

  console.log
    DEBUG: getSafeLocalStorage returning object

      at Proxy.apply (src/scripts/modules/base.js:92:26)
          at Array.forEach (<anonymous>)

  console.warn
    MOCK SET: cameraPowerPlanner_prj_auto-backup-2024-06-01-00-39-Project Unique = {"__cineAutoBackupSnapshot":{"version":1,"snapshot

      61 |       return undefined;
      62 |     }
    > 63 |     return originalFn(...args);
         |            ^
      64 |   };
      65 | };
      66 |

      at console.<anonymous> (tests/setup/jest.setup.cjs:63:12)
      at console.apply [as warn] (src/scripts/modules/base.js:92:26)
      at Object.warn (tests/unit/storage.test.js:11:15)
      at setItem (src/scripts/storage.js:8463:17)
      at saveJSONToStorage (src/scripts/storage.js:12780:18)
      at persistProjectShard (src/scripts/storage.js:12828:5)
          at Array.forEach (<anonymous>)
      at forEach (src/scripts/storage.js:12827:25)
      at persistAllProjects (src/scripts/storage.js:13535:5)
      at Object.saveProject (tests/unit/storage.test.js:1295:5)

  console.log
    DEBUG: getSafeLocalStorage returning object

      at Proxy.apply (src/scripts/modules/base.js:92:26)
          at Array.forEach (<anonymous>)

  console.log
    DEBUG: getSafeLocalStorage returning object

      at Proxy.apply (src/scripts/modules/base.js:92:26)
          at Array.forEach (<anonymous>)

  console.warn
    MOCK SET: cameraPowerPlanner_prj_auto-backup-2024-06-01-00-40-Project Unique = {"__cineAutoBackupSnapshot":{"version":1,"snapshot

      61 |       return undefined;
      62 |     }
    > 63 |     return originalFn(...args);
         |            ^
      64 |   };
      65 | };
      66 |

      at console.<anonymous> (tests/setup/jest.setup.cjs:63:12)
      at console.apply [as warn] (src/scripts/modules/base.js:92:26)
      at Object.warn (tests/unit/storage.test.js:11:15)
      at setItem (src/scripts/storage.js:8463:17)
      at saveJSONToStorage (src/scripts/storage.js:12780:18)
      at persistProjectShard (src/scripts/storage.js:12828:5)
          at Array.forEach (<anonymous>)
      at forEach (src/scripts/storage.js:12827:25)
      at persistAllProjects (src/scripts/storage.js:13535:5)
      at Object.saveProject (tests/unit/storage.test.js:1295:5)

  console.log
    DEBUG: getSafeLocalStorage returning object

      at Proxy.apply (src/scripts/modules/base.js:92:26)
          at Array.forEach (<anonymous>)

  console.log
    DEBUG: getSafeLocalStorage returning object

      at Proxy.apply (src/scripts/modules/base.js:92:26)
          at Array.forEach (<anonymous>)

  console.warn
    MOCK SET: cameraPowerPlanner_prj_auto-backup-2024-06-01-00-41-Project Unique = {"__cineAutoBackupSnapshot":{"version":1,"snapshot

      61 |       return undefined;
      62 |     }
    > 63 |     return originalFn(...args);
         |            ^
      64 |   };
      65 | };
      66 |

      at console.<anonymous> (tests/setup/jest.setup.cjs:63:12)
      at console.apply [as warn] (src/scripts/modules/base.js:92:26)
      at Object.warn (tests/unit/storage.test.js:11:15)
      at setItem (src/scripts/storage.js:8463:17)
      at saveJSONToStorage (src/scripts/storage.js:12780:18)
      at persistProjectShard (src/scripts/storage.js:12828:5)
          at Array.forEach (<anonymous>)
      at forEach (src/scripts/storage.js:12827:25)
      at persistAllProjects (src/scripts/storage.js:13535:5)
      at Object.saveProject (tests/unit/storage.test.js:1295:5)

  console.log
    DEBUG: getSafeLocalStorage returning object

      at Proxy.apply (src/scripts/modules/base.js:92:26)
          at Array.forEach (<anonymous>)

  console.log
    DEBUG: getSafeLocalStorage returning object

      at Proxy.apply (src/scripts/modules/base.js:92:26)
          at Array.forEach (<anonymous>)

  console.warn
    MOCK SET: cameraPowerPlanner_prj_auto-backup-2024-06-01-00-42-Project Unique = {"__cineAutoBackupSnapshot":{"version":1,"snapshot

      61 |       return undefined;
      62 |     }
    > 63 |     return originalFn(...args);
         |            ^
      64 |   };
      65 | };
      66 |

      at console.<anonymous> (tests/setup/jest.setup.cjs:63:12)
      at console.apply [as warn] (src/scripts/modules/base.js:92:26)
      at Object.warn (tests/unit/storage.test.js:11:15)
      at setItem (src/scripts/storage.js:8463:17)
      at saveJSONToStorage (src/scripts/storage.js:12780:18)
      at persistProjectShard (src/scripts/storage.js:12828:5)
          at Array.forEach (<anonymous>)
      at forEach (src/scripts/storage.js:12827:25)
      at persistAllProjects (src/scripts/storage.js:13535:5)
      at Object.saveProject (tests/unit/storage.test.js:1295:5)

  console.log
    DEBUG: getSafeLocalStorage returning object

      at Proxy.apply (src/scripts/modules/base.js:92:26)
          at Array.forEach (<anonymous>)

  console.log
    DEBUG: getSafeLocalStorage returning object

      at Proxy.apply (src/scripts/modules/base.js:92:26)
          at Array.forEach (<anonymous>)

  console.warn
    MOCK SET: cameraPowerPlanner_prj_auto-backup-2024-06-01-00-43-Project Unique = {"__cineAutoBackupSnapshot":{"version":1,"snapshot

      61 |       return undefined;
      62 |     }
    > 63 |     return originalFn(...args);
         |            ^
      64 |   };
      65 | };
      66 |

      at console.<anonymous> (tests/setup/jest.setup.cjs:63:12)
      at console.apply [as warn] (src/scripts/modules/base.js:92:26)
      at Object.warn (tests/unit/storage.test.js:11:15)
      at setItem (src/scripts/storage.js:8463:17)
      at saveJSONToStorage (src/scripts/storage.js:12780:18)
      at persistProjectShard (src/scripts/storage.js:12828:5)
          at Array.forEach (<anonymous>)
      at forEach (src/scripts/storage.js:12827:25)
      at persistAllProjects (src/scripts/storage.js:13535:5)
      at Object.saveProject (tests/unit/storage.test.js:1295:5)

  console.log
    DEBUG: getSafeLocalStorage returning object

      at Proxy.apply (src/scripts/modules/base.js:92:26)
          at Array.forEach (<anonymous>)

  console.log
    DEBUG: getSafeLocalStorage returning object

      at Proxy.apply (src/scripts/modules/base.js:92:26)
          at Array.forEach (<anonymous>)

  console.warn
    MOCK SET: cameraPowerPlanner_prj_auto-backup-2024-06-01-00-44-Project Unique = {"__cineAutoBackupSnapshot":{"version":1,"snapshot

      61 |       return undefined;
      62 |     }
    > 63 |     return originalFn(...args);
         |            ^
      64 |   };
      65 | };
      66 |

      at console.<anonymous> (tests/setup/jest.setup.cjs:63:12)
      at console.apply [as warn] (src/scripts/modules/base.js:92:26)
      at Object.warn (tests/unit/storage.test.js:11:15)
      at setItem (src/scripts/storage.js:8463:17)
      at saveJSONToStorage (src/scripts/storage.js:12780:18)
      at persistProjectShard (src/scripts/storage.js:12828:5)
          at Array.forEach (<anonymous>)
      at forEach (src/scripts/storage.js:12827:25)
      at persistAllProjects (src/scripts/storage.js:13535:5)
      at Object.saveProject (tests/unit/storage.test.js:1295:5)

  console.log
    DEBUG: getSafeLocalStorage returning object

      at Proxy.apply (src/scripts/modules/base.js:92:26)
          at Array.forEach (<anonymous>)

  console.log
    DEBUG: getSafeLocalStorage returning object

      at Proxy.apply (src/scripts/modules/base.js:92:26)
          at Array.forEach (<anonymous>)

  console.warn
    MOCK SET: cameraPowerPlanner_prj_auto-backup-2024-06-01-00-45-Project Unique = {"__cineAutoBackupSnapshot":{"version":1,"snapshot

      61 |       return undefined;
      62 |     }
    > 63 |     return originalFn(...args);
         |            ^
      64 |   };
      65 | };
      66 |

      at console.<anonymous> (tests/setup/jest.setup.cjs:63:12)
      at console.apply [as warn] (src/scripts/modules/base.js:92:26)
      at Object.warn (tests/unit/storage.test.js:11:15)
      at setItem (src/scripts/storage.js:8463:17)
      at saveJSONToStorage (src/scripts/storage.js:12780:18)
      at persistProjectShard (src/scripts/storage.js:12828:5)
          at Array.forEach (<anonymous>)
      at forEach (src/scripts/storage.js:12827:25)
      at persistAllProjects (src/scripts/storage.js:13535:5)
      at Object.saveProject (tests/unit/storage.test.js:1295:5)

  console.log
    DEBUG: getSafeLocalStorage returning object

      at Proxy.apply (src/scripts/modules/base.js:92:26)
          at Array.forEach (<anonymous>)

  console.log
    DEBUG: getSafeLocalStorage returning object

      at Proxy.apply (src/scripts/modules/base.js:92:26)
          at Array.forEach (<anonymous>)

  console.warn
    MOCK SET: cameraPowerPlanner_prj_auto-backup-2024-06-01-00-46-Project Unique = {"__cineAutoBackupSnapshot":{"version":1,"snapshot

      61 |       return undefined;
      62 |     }
    > 63 |     return originalFn(...args);
         |            ^
      64 |   };
      65 | };
      66 |

      at console.<anonymous> (tests/setup/jest.setup.cjs:63:12)
      at console.apply [as warn] (src/scripts/modules/base.js:92:26)
      at Object.warn (tests/unit/storage.test.js:11:15)
      at setItem (src/scripts/storage.js:8463:17)
      at saveJSONToStorage (src/scripts/storage.js:12780:18)
      at persistProjectShard (src/scripts/storage.js:12828:5)
          at Array.forEach (<anonymous>)
      at forEach (src/scripts/storage.js:12827:25)
      at persistAllProjects (src/scripts/storage.js:13535:5)
      at Object.saveProject (tests/unit/storage.test.js:1295:5)

  console.log
    DEBUG: getSafeLocalStorage returning object

      at Proxy.apply (src/scripts/modules/base.js:92:26)
          at Array.forEach (<anonymous>)

  console.log
    DEBUG: getSafeLocalStorage returning object

      at Proxy.apply (src/scripts/modules/base.js:92:26)
          at Array.forEach (<anonymous>)

  console.warn
    MOCK SET: cameraPowerPlanner_prj_auto-backup-2024-06-01-00-47-Project Unique = {"__cineAutoBackupSnapshot":{"version":1,"snapshot

      61 |       return undefined;
      62 |     }
    > 63 |     return originalFn(...args);
         |            ^
      64 |   };
      65 | };
      66 |

      at console.<anonymous> (tests/setup/jest.setup.cjs:63:12)
      at console.apply [as warn] (src/scripts/modules/base.js:92:26)
      at Object.warn (tests/unit/storage.test.js:11:15)
      at setItem (src/scripts/storage.js:8463:17)
      at saveJSONToStorage (src/scripts/storage.js:12780:18)
      at persistProjectShard (src/scripts/storage.js:12828:5)
          at Array.forEach (<anonymous>)
      at forEach (src/scripts/storage.js:12827:25)
      at persistAllProjects (src/scripts/storage.js:13535:5)
      at Object.saveProject (tests/unit/storage.test.js:1295:5)

  console.log
    DEBUG: getSafeLocalStorage returning object

      at Proxy.apply (src/scripts/modules/base.js:92:26)
          at Array.forEach (<anonymous>)

  console.log
    DEBUG: getSafeLocalStorage returning object

      at Proxy.apply (src/scripts/modules/base.js:92:26)
          at Array.forEach (<anonymous>)

  console.warn
    MOCK SET: cameraPowerPlanner_prj_auto-backup-2024-06-01-00-48-Project Unique = {"__cineAutoBackupSnapshot":{"version":1,"snapshot

      61 |       return undefined;
      62 |     }
    > 63 |     return originalFn(...args);
         |            ^
      64 |   };
      65 | };
      66 |

      at console.<anonymous> (tests/setup/jest.setup.cjs:63:12)
      at console.apply [as warn] (src/scripts/modules/base.js:92:26)
      at Object.warn (tests/unit/storage.test.js:11:15)
      at setItem (src/scripts/storage.js:8463:17)
      at saveJSONToStorage (src/scripts/storage.js:12780:18)
      at persistProjectShard (src/scripts/storage.js:12828:5)
          at Array.forEach (<anonymous>)
      at forEach (src/scripts/storage.js:12827:25)
      at persistAllProjects (src/scripts/storage.js:13535:5)
      at Object.saveProject (tests/unit/storage.test.js:1295:5)

  console.log
    DEBUG: getSafeLocalStorage returning object

      at Proxy.apply (src/scripts/modules/base.js:92:26)
          at Array.forEach (<anonymous>)

  console.log
    DEBUG: getSafeLocalStorage returning object

      at Proxy.apply (src/scripts/modules/base.js:92:26)
          at Array.forEach (<anonymous>)

  console.warn
    MOCK SET: cameraPowerPlanner_prj_auto-backup-2024-06-01-00-49-Project Unique = {"__cineAutoBackupSnapshot":{"version":1,"snapshot

      61 |       return undefined;
      62 |     }
    > 63 |     return originalFn(...args);
         |            ^
      64 |   };
      65 | };
      66 |

      at console.<anonymous> (tests/setup/jest.setup.cjs:63:12)
      at console.apply [as warn] (src/scripts/modules/base.js:92:26)
      at Object.warn (tests/unit/storage.test.js:11:15)
      at setItem (src/scripts/storage.js:8463:17)
      at saveJSONToStorage (src/scripts/storage.js:12780:18)
      at persistProjectShard (src/scripts/storage.js:12828:5)
          at Array.forEach (<anonymous>)
      at forEach (src/scripts/storage.js:12827:25)
      at persistAllProjects (src/scripts/storage.js:13535:5)
      at Object.saveProject (tests/unit/storage.test.js:1295:5)

  console.log
    DEBUG: getSafeLocalStorage returning object

      at Proxy.apply (src/scripts/modules/base.js:92:26)
          at Array.forEach (<anonymous>)

  console.log
    DEBUG: getSafeLocalStorage returning object

      at Proxy.apply (src/scripts/modules/base.js:92:26)
          at Array.forEach (<anonymous>)

  console.warn
    MOCK SET: cameraPowerPlanner_prj_auto-backup-2024-06-01-00-50-Project Unique = {"__cineAutoBackupSnapshot":{"version":1,"snapshot

      61 |       return undefined;
      62 |     }
    > 63 |     return originalFn(...args);
         |            ^
      64 |   };
      65 | };
      66 |

      at console.<anonymous> (tests/setup/jest.setup.cjs:63:12)
      at console.apply [as warn] (src/scripts/modules/base.js:92:26)
      at Object.warn (tests/unit/storage.test.js:11:15)
      at setItem (src/scripts/storage.js:8463:17)
      at saveJSONToStorage (src/scripts/storage.js:12780:18)
      at persistProjectShard (src/scripts/storage.js:12828:5)
          at Array.forEach (<anonymous>)
      at forEach (src/scripts/storage.js:12827:25)
      at persistAllProjects (src/scripts/storage.js:13535:5)
      at Object.saveProject (tests/unit/storage.test.js:1295:5)

  console.log
    DEBUG: getSafeLocalStorage returning object

      at Proxy.apply (src/scripts/modules/base.js:92:26)
          at Array.forEach (<anonymous>)

  console.log
    DEBUG: getSafeLocalStorage returning object

      at Proxy.apply (src/scripts/modules/base.js:92:26)
          at Array.forEach (<anonymous>)

  console.warn
    MOCK SET: cameraPowerPlanner_prj_auto-backup-2024-06-01-00-51-Project Unique = {"__cineAutoBackupSnapshot":{"version":1,"snapshot

      61 |       return undefined;
      62 |     }
    > 63 |     return originalFn(...args);
         |            ^
      64 |   };
      65 | };
      66 |

      at console.<anonymous> (tests/setup/jest.setup.cjs:63:12)
      at console.apply [as warn] (src/scripts/modules/base.js:92:26)
      at Object.warn (tests/unit/storage.test.js:11:15)
      at setItem (src/scripts/storage.js:8463:17)
      at saveJSONToStorage (src/scripts/storage.js:12780:18)
      at persistProjectShard (src/scripts/storage.js:12828:5)
          at Array.forEach (<anonymous>)
      at forEach (src/scripts/storage.js:12827:25)
      at persistAllProjects (src/scripts/storage.js:13535:5)
      at Object.saveProject (tests/unit/storage.test.js:1295:5)

  console.log
    DEBUG: getSafeLocalStorage returning object

      at Proxy.apply (src/scripts/modules/base.js:92:26)
          at Array.forEach (<anonymous>)

  console.log
    DEBUG: getSafeLocalStorage returning object

      at Proxy.apply (src/scripts/modules/base.js:92:26)
          at Array.forEach (<anonymous>)

  console.warn
    MOCK SET: cameraPowerPlanner_prj_auto-backup-2024-06-01-00-52-Project Unique = {"__cineAutoBackupSnapshot":{"version":1,"snapshot

      61 |       return undefined;
      62 |     }
    > 63 |     return originalFn(...args);
         |            ^
      64 |   };
      65 | };
      66 |

      at console.<anonymous> (tests/setup/jest.setup.cjs:63:12)
      at console.apply [as warn] (src/scripts/modules/base.js:92:26)
      at Object.warn (tests/unit/storage.test.js:11:15)
      at setItem (src/scripts/storage.js:8463:17)
      at saveJSONToStorage (src/scripts/storage.js:12780:18)
      at persistProjectShard (src/scripts/storage.js:12828:5)
          at Array.forEach (<anonymous>)
      at forEach (src/scripts/storage.js:12827:25)
      at persistAllProjects (src/scripts/storage.js:13535:5)
      at Object.saveProject (tests/unit/storage.test.js:1295:5)

  console.log
    DEBUG: getSafeLocalStorage returning object

      at Proxy.apply (src/scripts/modules/base.js:92:26)
          at Array.forEach (<anonymous>)

  console.log
    DEBUG: getSafeLocalStorage returning object

      at Proxy.apply (src/scripts/modules/base.js:92:26)
          at Array.forEach (<anonymous>)

  console.warn
    MOCK SET: cameraPowerPlanner_prj_auto-backup-2024-06-01-00-53-Project Unique = {"__cineAutoBackupSnapshot":{"version":1,"snapshot

      61 |       return undefined;
      62 |     }
    > 63 |     return originalFn(...args);
         |            ^
      64 |   };
      65 | };
      66 |

      at console.<anonymous> (tests/setup/jest.setup.cjs:63:12)
      at console.apply [as warn] (src/scripts/modules/base.js:92:26)
      at Object.warn (tests/unit/storage.test.js:11:15)
      at setItem (src/scripts/storage.js:8463:17)
      at saveJSONToStorage (src/scripts/storage.js:12780:18)
      at persistProjectShard (src/scripts/storage.js:12828:5)
          at Array.forEach (<anonymous>)
      at forEach (src/scripts/storage.js:12827:25)
      at persistAllProjects (src/scripts/storage.js:13535:5)
      at Object.saveProject (tests/unit/storage.test.js:1295:5)

  console.log
    DEBUG: getSafeLocalStorage returning object

      at Proxy.apply (src/scripts/modules/base.js:92:26)
          at Array.forEach (<anonymous>)

  console.log
    DEBUG: getSafeLocalStorage returning object

      at Proxy.apply (src/scripts/modules/base.js:92:26)
          at Array.forEach (<anonymous>)

  console.warn
    MOCK SET: cameraPowerPlanner_prj_auto-backup-2024-06-01-00-54-Project Unique = {"__cineAutoBackupSnapshot":{"version":1,"snapshot

      61 |       return undefined;
      62 |     }
    > 63 |     return originalFn(...args);
         |            ^
      64 |   };
      65 | };
      66 |

      at console.<anonymous> (tests/setup/jest.setup.cjs:63:12)
      at console.apply [as warn] (src/scripts/modules/base.js:92:26)
      at Object.warn (tests/unit/storage.test.js:11:15)
      at setItem (src/scripts/storage.js:8463:17)
      at saveJSONToStorage (src/scripts/storage.js:12780:18)
      at persistProjectShard (src/scripts/storage.js:12828:5)
          at Array.forEach (<anonymous>)
      at forEach (src/scripts/storage.js:12827:25)
      at persistAllProjects (src/scripts/storage.js:13535:5)
      at Object.saveProject (tests/unit/storage.test.js:1295:5)

  console.log
    DEBUG: getSafeLocalStorage returning object

      at Proxy.apply (src/scripts/modules/base.js:92:26)
          at Array.forEach (<anonymous>)

  console.log
    DEBUG: getSafeLocalStorage returning object

      at Proxy.apply (src/scripts/modules/base.js:92:26)
          at Array.forEach (<anonymous>)

  console.warn
    MOCK SET: cameraPowerPlanner_prj_auto-backup-2024-06-01-00-55-Project Unique = {"__cineAutoBackupSnapshot":{"version":1,"snapshot

      61 |       return undefined;
      62 |     }
    > 63 |     return originalFn(...args);
         |            ^
      64 |   };
      65 | };
      66 |

      at console.<anonymous> (tests/setup/jest.setup.cjs:63:12)
      at console.apply [as warn] (src/scripts/modules/base.js:92:26)
      at Object.warn (tests/unit/storage.test.js:11:15)
      at setItem (src/scripts/storage.js:8463:17)
      at saveJSONToStorage (src/scripts/storage.js:12780:18)
      at persistProjectShard (src/scripts/storage.js:12828:5)
          at Array.forEach (<anonymous>)
      at forEach (src/scripts/storage.js:12827:25)
      at persistAllProjects (src/scripts/storage.js:13535:5)
      at Object.saveProject (tests/unit/storage.test.js:1295:5)

  console.log
    DEBUG: getSafeLocalStorage returning object

      at Proxy.apply (src/scripts/modules/base.js:92:26)
          at Array.forEach (<anonymous>)

  console.log
    DEBUG: getSafeLocalStorage returning object

      at Proxy.apply (src/scripts/modules/base.js:92:26)
          at Array.forEach (<anonymous>)

  console.warn
    MOCK SET: cameraPowerPlanner_prj_auto-backup-2024-06-01-00-56-Project Unique = {"__cineAutoBackupSnapshot":{"version":1,"snapshot

      61 |       return undefined;
      62 |     }
    > 63 |     return originalFn(...args);
         |            ^
      64 |   };
      65 | };
      66 |

      at console.<anonymous> (tests/setup/jest.setup.cjs:63:12)
      at console.apply [as warn] (src/scripts/modules/base.js:92:26)
      at Object.warn (tests/unit/storage.test.js:11:15)
      at setItem (src/scripts/storage.js:8463:17)
      at saveJSONToStorage (src/scripts/storage.js:12780:18)
      at persistProjectShard (src/scripts/storage.js:12828:5)
          at Array.forEach (<anonymous>)
      at forEach (src/scripts/storage.js:12827:25)
      at persistAllProjects (src/scripts/storage.js:13535:5)
      at Object.saveProject (tests/unit/storage.test.js:1295:5)

  console.log
    DEBUG: getSafeLocalStorage returning object

      at Proxy.apply (src/scripts/modules/base.js:92:26)
          at Array.forEach (<anonymous>)

  console.log
    DEBUG: getSafeLocalStorage returning object

      at Proxy.apply (src/scripts/modules/base.js:92:26)
          at Array.forEach (<anonymous>)

  console.warn
    MOCK SET: cameraPowerPlanner_prj_auto-backup-2024-06-01-00-57-Project Unique = {"__cineAutoBackupSnapshot":{"version":1,"snapshot

      61 |       return undefined;
      62 |     }
    > 63 |     return originalFn(...args);
         |            ^
      64 |   };
      65 | };
      66 |

      at console.<anonymous> (tests/setup/jest.setup.cjs:63:12)
      at console.apply [as warn] (src/scripts/modules/base.js:92:26)
      at Object.warn (tests/unit/storage.test.js:11:15)
      at setItem (src/scripts/storage.js:8463:17)
      at saveJSONToStorage (src/scripts/storage.js:12780:18)
      at persistProjectShard (src/scripts/storage.js:12828:5)
          at Array.forEach (<anonymous>)
      at forEach (src/scripts/storage.js:12827:25)
      at persistAllProjects (src/scripts/storage.js:13535:5)
      at Object.saveProject (tests/unit/storage.test.js:1295:5)

  console.log
    DEBUG: getSafeLocalStorage returning object

      at Proxy.apply (src/scripts/modules/base.js:92:26)
          at Array.forEach (<anonymous>)

  console.log
    DEBUG: getSafeLocalStorage returning object

      at Proxy.apply (src/scripts/modules/base.js:92:26)
          at Array.forEach (<anonymous>)

  console.warn
    MOCK SET: cameraPowerPlanner_prj_auto-backup-2024-06-01-00-58-Project Unique = {"__cineAutoBackupSnapshot":{"version":1,"snapshot

      61 |       return undefined;
      62 |     }
    > 63 |     return originalFn(...args);
         |            ^
      64 |   };
      65 | };
      66 |

      at console.<anonymous> (tests/setup/jest.setup.cjs:63:12)
      at console.apply [as warn] (src/scripts/modules/base.js:92:26)
      at Object.warn (tests/unit/storage.test.js:11:15)
      at setItem (src/scripts/storage.js:8463:17)
      at saveJSONToStorage (src/scripts/storage.js:12780:18)
      at persistProjectShard (src/scripts/storage.js:12828:5)
          at Array.forEach (<anonymous>)
      at forEach (src/scripts/storage.js:12827:25)
      at persistAllProjects (src/scripts/storage.js:13535:5)
      at Object.saveProject (tests/unit/storage.test.js:1295:5)

  console.log
    DEBUG: getSafeLocalStorage returning object

      at Proxy.apply (src/scripts/modules/base.js:92:26)
          at Array.forEach (<anonymous>)

  console.log
    DEBUG: getSafeLocalStorage returning object

      at Proxy.apply (src/scripts/modules/base.js:92:26)
          at Array.forEach (<anonymous>)

  console.warn
    MOCK SET: cameraPowerPlanner_prj_auto-backup-2024-06-01-00-59-Project Unique = {"__cineAutoBackupSnapshot":{"version":1,"snapshot

      61 |       return undefined;
      62 |     }
    > 63 |     return originalFn(...args);
         |            ^
      64 |   };
      65 | };
      66 |

      at console.<anonymous> (tests/setup/jest.setup.cjs:63:12)
      at console.apply [as warn] (src/scripts/modules/base.js:92:26)
      at Object.warn (tests/unit/storage.test.js:11:15)
      at setItem (src/scripts/storage.js:8463:17)
      at saveJSONToStorage (src/scripts/storage.js:12780:18)
      at persistProjectShard (src/scripts/storage.js:12828:5)
          at Array.forEach (<anonymous>)
      at forEach (src/scripts/storage.js:12827:25)
      at persistAllProjects (src/scripts/storage.js:13535:5)
      at Object.saveProject (tests/unit/storage.test.js:1295:5)

  console.log
    DEBUG: getSafeLocalStorage returning object

      at Proxy.apply (src/scripts/modules/base.js:92:26)
          at Array.forEach (<anonymous>)

  console.log
    DEBUG: getSafeLocalStorage returning object

      at Proxy.apply (src/scripts/modules/base.js:92:26)
          at Array.forEach (<anonymous>)

  console.warn
    MOCK SET: cameraPowerPlanner_prj_auto-backup-2024-06-01-01-00-Project Unique = {"__cineAutoBackupSnapshot":{"version":1,"snapshot

      61 |       return undefined;
      62 |     }
    > 63 |     return originalFn(...args);
         |            ^
      64 |   };
      65 | };
      66 |

      at console.<anonymous> (tests/setup/jest.setup.cjs:63:12)
      at console.apply [as warn] (src/scripts/modules/base.js:92:26)
      at Object.warn (tests/unit/storage.test.js:11:15)
      at setItem (src/scripts/storage.js:8463:17)
      at saveJSONToStorage (src/scripts/storage.js:12780:18)
      at persistProjectShard (src/scripts/storage.js:12828:5)
          at Array.forEach (<anonymous>)
      at forEach (src/scripts/storage.js:12827:25)
      at persistAllProjects (src/scripts/storage.js:13535:5)
      at Object.saveProject (tests/unit/storage.test.js:1295:5)

  console.log
    DEBUG: getSafeLocalStorage returning object

      at Proxy.apply (src/scripts/modules/base.js:92:26)
          at Array.forEach (<anonymous>)

  console.log
    DEBUG: getSafeLocalStorage returning object

      at Proxy.apply (src/scripts/modules/base.js:92:26)
          at Array.forEach (<anonymous>)

  console.warn
    MOCK SET: cameraPowerPlanner_prj_auto-backup-2024-06-01-01-01-Project Unique = {"__cineAutoBackupSnapshot":{"version":1,"snapshot

      61 |       return undefined;
      62 |     }
    > 63 |     return originalFn(...args);
         |            ^
      64 |   };
      65 | };
      66 |

      at console.<anonymous> (tests/setup/jest.setup.cjs:63:12)
      at console.apply [as warn] (src/scripts/modules/base.js:92:26)
      at Object.warn (tests/unit/storage.test.js:11:15)
      at setItem (src/scripts/storage.js:8463:17)
      at saveJSONToStorage (src/scripts/storage.js:12780:18)
      at persistProjectShard (src/scripts/storage.js:12828:5)
          at Array.forEach (<anonymous>)
      at forEach (src/scripts/storage.js:12827:25)
      at persistAllProjects (src/scripts/storage.js:13535:5)
      at Object.saveProject (tests/unit/storage.test.js:1295:5)

  console.log
    DEBUG: getSafeLocalStorage returning object

      at Proxy.apply (src/scripts/modules/base.js:92:26)
          at Array.forEach (<anonymous>)

  console.log
    DEBUG: getSafeLocalStorage returning object

      at Proxy.apply (src/scripts/modules/base.js:92:26)
          at Array.forEach (<anonymous>)

  console.warn
    MOCK SET: cameraPowerPlanner_prj_auto-backup-2024-06-01-01-02-Project Unique = {"__cineAutoBackupSnapshot":{"version":1,"snapshot

      61 |       return undefined;
      62 |     }
    > 63 |     return originalFn(...args);
         |            ^
      64 |   };
      65 | };
      66 |

      at console.<anonymous> (tests/setup/jest.setup.cjs:63:12)
      at console.apply [as warn] (src/scripts/modules/base.js:92:26)
      at Object.warn (tests/unit/storage.test.js:11:15)
      at setItem (src/scripts/storage.js:8463:17)
      at saveJSONToStorage (src/scripts/storage.js:12780:18)
      at persistProjectShard (src/scripts/storage.js:12828:5)
          at Array.forEach (<anonymous>)
      at forEach (src/scripts/storage.js:12827:25)
      at persistAllProjects (src/scripts/storage.js:13535:5)
      at Object.saveProject (tests/unit/storage.test.js:1295:5)

  console.log
    DEBUG: getSafeLocalStorage returning object

      at Proxy.apply (src/scripts/modules/base.js:92:26)
          at Array.forEach (<anonymous>)

  console.log
    DEBUG: getSafeLocalStorage returning object

      at Proxy.apply (src/scripts/modules/base.js:92:26)
          at Array.forEach (<anonymous>)

  console.warn
    MOCK SET: cameraPowerPlanner_prj_auto-backup-2024-06-01-01-03-Project Unique = {"__cineAutoBackupSnapshot":{"version":1,"snapshot

      61 |       return undefined;
      62 |     }
    > 63 |     return originalFn(...args);
         |            ^
      64 |   };
      65 | };
      66 |

      at console.<anonymous> (tests/setup/jest.setup.cjs:63:12)
      at console.apply [as warn] (src/scripts/modules/base.js:92:26)
      at Object.warn (tests/unit/storage.test.js:11:15)
      at setItem (src/scripts/storage.js:8463:17)
      at saveJSONToStorage (src/scripts/storage.js:12780:18)
      at persistProjectShard (src/scripts/storage.js:12828:5)
          at Array.forEach (<anonymous>)
      at forEach (src/scripts/storage.js:12827:25)
      at persistAllProjects (src/scripts/storage.js:13535:5)
      at Object.saveProject (tests/unit/storage.test.js:1295:5)

  console.log
    DEBUG: getSafeLocalStorage returning object

      at Proxy.apply (src/scripts/modules/base.js:92:26)
          at Array.forEach (<anonymous>)

  console.log
    DEBUG: getSafeLocalStorage returning object

      at Proxy.apply (src/scripts/modules/base.js:92:26)
          at Array.forEach (<anonymous>)

  console.warn
    MOCK SET: cameraPowerPlanner_prj_auto-backup-2024-06-01-01-04-Project Unique = {"__cineAutoBackupSnapshot":{"version":1,"snapshot

      61 |       return undefined;
      62 |     }
    > 63 |     return originalFn(...args);
         |            ^
      64 |   };
      65 | };
      66 |

      at console.<anonymous> (tests/setup/jest.setup.cjs:63:12)
      at console.apply [as warn] (src/scripts/modules/base.js:92:26)
      at Object.warn (tests/unit/storage.test.js:11:15)
      at setItem (src/scripts/storage.js:8463:17)
      at saveJSONToStorage (src/scripts/storage.js:12780:18)
      at persistProjectShard (src/scripts/storage.js:12828:5)
          at Array.forEach (<anonymous>)
      at forEach (src/scripts/storage.js:12827:25)
      at persistAllProjects (src/scripts/storage.js:13535:5)
      at Object.saveProject (tests/unit/storage.test.js:1295:5)

  console.log
    DEBUG: getSafeLocalStorage returning object

      at Proxy.apply (src/scripts/modules/base.js:92:26)
          at Array.forEach (<anonymous>)

  console.log
    DEBUG: getSafeLocalStorage returning object

      at Proxy.apply (src/scripts/modules/base.js:92:26)
          at Array.forEach (<anonymous>)

  console.warn
    MOCK SET: cameraPowerPlanner_prj_auto-backup-2024-06-01-01-05-Project Unique = {"__cineAutoBackupSnapshot":{"version":1,"snapshot

      61 |       return undefined;
      62 |     }
    > 63 |     return originalFn(...args);
         |            ^
      64 |   };
      65 | };
      66 |

      at console.<anonymous> (tests/setup/jest.setup.cjs:63:12)
      at console.apply [as warn] (src/scripts/modules/base.js:92:26)
      at Object.warn (tests/unit/storage.test.js:11:15)
      at setItem (src/scripts/storage.js:8463:17)
      at saveJSONToStorage (src/scripts/storage.js:12780:18)
      at persistProjectShard (src/scripts/storage.js:12828:5)
          at Array.forEach (<anonymous>)
      at forEach (src/scripts/storage.js:12827:25)
      at persistAllProjects (src/scripts/storage.js:13535:5)
      at Object.saveProject (tests/unit/storage.test.js:1295:5)

  console.log
    DEBUG: getSafeLocalStorage returning object

      at Proxy.apply (src/scripts/modules/base.js:92:26)
          at Array.forEach (<anonymous>)

  console.log
    DEBUG: getSafeLocalStorage returning object

      at Proxy.apply (src/scripts/modules/base.js:92:26)
          at Array.forEach (<anonymous>)

  console.warn
    MOCK SET: cameraPowerPlanner_prj_auto-backup-2024-06-01-01-06-Project Unique = {"__cineAutoBackupSnapshot":{"version":1,"snapshot

      61 |       return undefined;
      62 |     }
    > 63 |     return originalFn(...args);
         |            ^
      64 |   };
      65 | };
      66 |

      at console.<anonymous> (tests/setup/jest.setup.cjs:63:12)
      at console.apply [as warn] (src/scripts/modules/base.js:92:26)
      at Object.warn (tests/unit/storage.test.js:11:15)
      at setItem (src/scripts/storage.js:8463:17)
      at saveJSONToStorage (src/scripts/storage.js:12780:18)
      at persistProjectShard (src/scripts/storage.js:12828:5)
          at Array.forEach (<anonymous>)
      at forEach (src/scripts/storage.js:12827:25)
      at persistAllProjects (src/scripts/storage.js:13535:5)
      at Object.saveProject (tests/unit/storage.test.js:1295:5)

  console.log
    DEBUG: getSafeLocalStorage returning object

      at Proxy.apply (src/scripts/modules/base.js:92:26)
          at Array.forEach (<anonymous>)

  console.log
    DEBUG: getSafeLocalStorage returning object

      at Proxy.apply (src/scripts/modules/base.js:92:26)
          at Array.forEach (<anonymous>)

  console.warn
    MOCK SET: cameraPowerPlanner_prj_auto-backup-2024-06-01-01-07-Project Unique = {"__cineAutoBackupSnapshot":{"version":1,"snapshot

      61 |       return undefined;
      62 |     }
    > 63 |     return originalFn(...args);
         |            ^
      64 |   };
      65 | };
      66 |

      at console.<anonymous> (tests/setup/jest.setup.cjs:63:12)
      at console.apply [as warn] (src/scripts/modules/base.js:92:26)
      at Object.warn (tests/unit/storage.test.js:11:15)
      at setItem (src/scripts/storage.js:8463:17)
      at saveJSONToStorage (src/scripts/storage.js:12780:18)
      at persistProjectShard (src/scripts/storage.js:12828:5)
          at Array.forEach (<anonymous>)
      at forEach (src/scripts/storage.js:12827:25)
      at persistAllProjects (src/scripts/storage.js:13535:5)
      at Object.saveProject (tests/unit/storage.test.js:1295:5)

  console.log
    DEBUG: getSafeLocalStorage returning object

      at Proxy.apply (src/scripts/modules/base.js:92:26)
          at Array.forEach (<anonymous>)

  console.log
    DEBUG: getSafeLocalStorage returning object

      at Proxy.apply (src/scripts/modules/base.js:92:26)
          at Array.forEach (<anonymous>)

  console.warn
    MOCK SET: cameraPowerPlanner_prj_auto-backup-2024-06-01-01-08-Project Unique = {"__cineAutoBackupSnapshot":{"version":1,"snapshot

      61 |       return undefined;
      62 |     }
    > 63 |     return originalFn(...args);
         |            ^
      64 |   };
      65 | };
      66 |

      at console.<anonymous> (tests/setup/jest.setup.cjs:63:12)
      at console.apply [as warn] (src/scripts/modules/base.js:92:26)
      at Object.warn (tests/unit/storage.test.js:11:15)
      at setItem (src/scripts/storage.js:8463:17)
      at saveJSONToStorage (src/scripts/storage.js:12780:18)
      at persistProjectShard (src/scripts/storage.js:12828:5)
          at Array.forEach (<anonymous>)
      at forEach (src/scripts/storage.js:12827:25)
      at persistAllProjects (src/scripts/storage.js:13535:5)
      at Object.saveProject (tests/unit/storage.test.js:1295:5)

  console.log
    DEBUG: getSafeLocalStorage returning object

      at Proxy.apply (src/scripts/modules/base.js:92:26)
          at Array.forEach (<anonymous>)

  console.log
    DEBUG: getSafeLocalStorage returning object

      at Proxy.apply (src/scripts/modules/base.js:92:26)
          at Array.forEach (<anonymous>)

  console.warn
    MOCK SET: cameraPowerPlanner_prj_auto-backup-2024-06-01-01-09-Project Unique = {"__cineAutoBackupSnapshot":{"version":1,"snapshot

      61 |       return undefined;
      62 |     }
    > 63 |     return originalFn(...args);
         |            ^
      64 |   };
      65 | };
      66 |

      at console.<anonymous> (tests/setup/jest.setup.cjs:63:12)
      at console.apply [as warn] (src/scripts/modules/base.js:92:26)
      at Object.warn (tests/unit/storage.test.js:11:15)
      at setItem (src/scripts/storage.js:8463:17)
      at saveJSONToStorage (src/scripts/storage.js:12780:18)
      at persistProjectShard (src/scripts/storage.js:12828:5)
          at Array.forEach (<anonymous>)
      at forEach (src/scripts/storage.js:12827:25)
      at persistAllProjects (src/scripts/storage.js:13535:5)
      at Object.saveProject (tests/unit/storage.test.js:1295:5)

  console.log
    DEBUG: getSafeLocalStorage returning object

      at Proxy.apply (src/scripts/modules/base.js:92:26)
          at Array.forEach (<anonymous>)

  console.log
    DEBUG: getSafeLocalStorage returning object

      at Proxy.apply (src/scripts/modules/base.js:92:26)
          at Array.forEach (<anonymous>)

  console.warn
    MOCK SET: cameraPowerPlanner_prj_auto-backup-2024-06-01-01-10-Project Unique = {"__cineAutoBackupSnapshot":{"version":1,"snapshot

      61 |       return undefined;
      62 |     }
    > 63 |     return originalFn(...args);
         |            ^
      64 |   };
      65 | };
      66 |

      at console.<anonymous> (tests/setup/jest.setup.cjs:63:12)
      at console.apply [as warn] (src/scripts/modules/base.js:92:26)
      at Object.warn (tests/unit/storage.test.js:11:15)
      at setItem (src/scripts/storage.js:8463:17)
      at saveJSONToStorage (src/scripts/storage.js:12780:18)
      at persistProjectShard (src/scripts/storage.js:12828:5)
          at Array.forEach (<anonymous>)
      at forEach (src/scripts/storage.js:12827:25)
      at persistAllProjects (src/scripts/storage.js:13535:5)
      at Object.saveProject (tests/unit/storage.test.js:1295:5)

  console.log
    DEBUG: getSafeLocalStorage returning object

      at Proxy.apply (src/scripts/modules/base.js:92:26)
          at Array.forEach (<anonymous>)

  console.log
    DEBUG: getSafeLocalStorage returning object

      at Proxy.apply (src/scripts/modules/base.js:92:26)
          at Array.forEach (<anonymous>)

  console.warn
    MOCK SET: cameraPowerPlanner_prj_auto-backup-2024-06-01-01-11-Project Unique = {"__cineAutoBackupSnapshot":{"version":1,"snapshot

      61 |       return undefined;
      62 |     }
    > 63 |     return originalFn(...args);
         |            ^
      64 |   };
      65 | };
      66 |

      at console.<anonymous> (tests/setup/jest.setup.cjs:63:12)
      at console.apply [as warn] (src/scripts/modules/base.js:92:26)
      at Object.warn (tests/unit/storage.test.js:11:15)
      at setItem (src/scripts/storage.js:8463:17)
      at saveJSONToStorage (src/scripts/storage.js:12780:18)
      at persistProjectShard (src/scripts/storage.js:12828:5)
          at Array.forEach (<anonymous>)
      at forEach (src/scripts/storage.js:12827:25)
      at persistAllProjects (src/scripts/storage.js:13535:5)
      at Object.saveProject (tests/unit/storage.test.js:1295:5)

  console.log
    DEBUG: getSafeLocalStorage returning object

      at Proxy.apply (src/scripts/modules/base.js:92:26)
          at Array.forEach (<anonymous>)

  console.log
    DEBUG: getSafeLocalStorage returning object

      at Proxy.apply (src/scripts/modules/base.js:92:26)
          at Array.forEach (<anonymous>)

  console.warn
    MOCK SET: cameraPowerPlanner_prj_auto-backup-2024-06-01-01-12-Project Unique = {"__cineAutoBackupSnapshot":{"version":1,"snapshot

      61 |       return undefined;
      62 |     }
    > 63 |     return originalFn(...args);
         |            ^
      64 |   };
      65 | };
      66 |

      at console.<anonymous> (tests/setup/jest.setup.cjs:63:12)
      at console.apply [as warn] (src/scripts/modules/base.js:92:26)
      at Object.warn (tests/unit/storage.test.js:11:15)
      at setItem (src/scripts/storage.js:8463:17)
      at saveJSONToStorage (src/scripts/storage.js:12780:18)
      at persistProjectShard (src/scripts/storage.js:12828:5)
          at Array.forEach (<anonymous>)
      at forEach (src/scripts/storage.js:12827:25)
      at persistAllProjects (src/scripts/storage.js:13535:5)
      at Object.saveProject (tests/unit/storage.test.js:1295:5)

  console.log
    DEBUG: getSafeLocalStorage returning object

      at Proxy.apply (src/scripts/modules/base.js:92:26)
          at Array.forEach (<anonymous>)

  console.log
    DEBUG: getSafeLocalStorage returning object

      at Proxy.apply (src/scripts/modules/base.js:92:26)
          at Array.forEach (<anonymous>)

  console.warn
    MOCK SET: cameraPowerPlanner_prj_auto-backup-2024-06-01-01-13-Project Unique = {"__cineAutoBackupSnapshot":{"version":1,"snapshot

      61 |       return undefined;
      62 |     }
    > 63 |     return originalFn(...args);
         |            ^
      64 |   };
      65 | };
      66 |

      at console.<anonymous> (tests/setup/jest.setup.cjs:63:12)
      at console.apply [as warn] (src/scripts/modules/base.js:92:26)
      at Object.warn (tests/unit/storage.test.js:11:15)
      at setItem (src/scripts/storage.js:8463:17)
      at saveJSONToStorage (src/scripts/storage.js:12780:18)
      at persistProjectShard (src/scripts/storage.js:12828:5)
          at Array.forEach (<anonymous>)
      at forEach (src/scripts/storage.js:12827:25)
      at persistAllProjects (src/scripts/storage.js:13535:5)
      at Object.saveProject (tests/unit/storage.test.js:1295:5)

  console.log
    DEBUG: getSafeLocalStorage returning object

      at Proxy.apply (src/scripts/modules/base.js:92:26)
          at Array.forEach (<anonymous>)

  console.log
    DEBUG: getSafeLocalStorage returning object

      at Proxy.apply (src/scripts/modules/base.js:92:26)
          at Array.forEach (<anonymous>)

  console.warn
    MOCK SET: cameraPowerPlanner_prj_auto-backup-2024-06-01-01-14-Project Unique = {"__cineAutoBackupSnapshot":{"version":1,"snapshot

      61 |       return undefined;
      62 |     }
    > 63 |     return originalFn(...args);
         |            ^
      64 |   };
      65 | };
      66 |

      at console.<anonymous> (tests/setup/jest.setup.cjs:63:12)
      at console.apply [as warn] (src/scripts/modules/base.js:92:26)
      at Object.warn (tests/unit/storage.test.js:11:15)
      at setItem (src/scripts/storage.js:8463:17)
      at saveJSONToStorage (src/scripts/storage.js:12780:18)
      at persistProjectShard (src/scripts/storage.js:12828:5)
          at Array.forEach (<anonymous>)
      at forEach (src/scripts/storage.js:12827:25)
      at persistAllProjects (src/scripts/storage.js:13535:5)
      at Object.saveProject (tests/unit/storage.test.js:1295:5)

  console.log
    DEBUG: getSafeLocalStorage returning object

      at Proxy.apply (src/scripts/modules/base.js:92:26)
          at Array.forEach (<anonymous>)

  console.log
    DEBUG: getSafeLocalStorage returning object

      at Proxy.apply (src/scripts/modules/base.js:92:26)
          at Array.forEach (<anonymous>)

  console.warn
    MOCK SET: cameraPowerPlanner_prj_auto-backup-2024-06-01-01-15-Project Unique = {"__cineAutoBackupSnapshot":{"version":1,"snapshot

      61 |       return undefined;
      62 |     }
    > 63 |     return originalFn(...args);
         |            ^
      64 |   };
      65 | };
      66 |

      at console.<anonymous> (tests/setup/jest.setup.cjs:63:12)
      at console.apply [as warn] (src/scripts/modules/base.js:92:26)
      at Object.warn (tests/unit/storage.test.js:11:15)
      at setItem (src/scripts/storage.js:8463:17)
      at saveJSONToStorage (src/scripts/storage.js:12780:18)
      at persistProjectShard (src/scripts/storage.js:12828:5)
          at Array.forEach (<anonymous>)
      at forEach (src/scripts/storage.js:12827:25)
      at persistAllProjects (src/scripts/storage.js:13535:5)
      at Object.saveProject (tests/unit/storage.test.js:1295:5)

  console.log
    DEBUG: getSafeLocalStorage returning object

      at Proxy.apply (src/scripts/modules/base.js:92:26)
          at Array.forEach (<anonymous>)

  console.log
    DEBUG: getSafeLocalStorage returning object

      at Proxy.apply (src/scripts/modules/base.js:92:26)
          at Array.forEach (<anonymous>)

  console.warn
    MOCK SET: cameraPowerPlanner_prj_auto-backup-2024-06-01-01-16-Project Unique = {"__cineAutoBackupSnapshot":{"version":1,"snapshot

      61 |       return undefined;
      62 |     }
    > 63 |     return originalFn(...args);
         |            ^
      64 |   };
      65 | };
      66 |

      at console.<anonymous> (tests/setup/jest.setup.cjs:63:12)
      at console.apply [as warn] (src/scripts/modules/base.js:92:26)
      at Object.warn (tests/unit/storage.test.js:11:15)
      at setItem (src/scripts/storage.js:8463:17)
      at saveJSONToStorage (src/scripts/storage.js:12780:18)
      at persistProjectShard (src/scripts/storage.js:12828:5)
          at Array.forEach (<anonymous>)
      at forEach (src/scripts/storage.js:12827:25)
      at persistAllProjects (src/scripts/storage.js:13535:5)
      at Object.saveProject (tests/unit/storage.test.js:1295:5)

  console.log
    DEBUG: getSafeLocalStorage returning object

      at Proxy.apply (src/scripts/modules/base.js:92:26)
          at Array.forEach (<anonymous>)

  console.log
    DEBUG: getSafeLocalStorage returning object

      at Proxy.apply (src/scripts/modules/base.js:92:26)
          at Array.forEach (<anonymous>)

  console.warn
    MOCK SET: cameraPowerPlanner_prj_auto-backup-2024-06-01-01-17-Project Unique = {"__cineAutoBackupSnapshot":{"version":1,"snapshot

      61 |       return undefined;
      62 |     }
    > 63 |     return originalFn(...args);
         |            ^
      64 |   };
      65 | };
      66 |

      at console.<anonymous> (tests/setup/jest.setup.cjs:63:12)
      at console.apply [as warn] (src/scripts/modules/base.js:92:26)
      at Object.warn (tests/unit/storage.test.js:11:15)
      at setItem (src/scripts/storage.js:8463:17)
      at saveJSONToStorage (src/scripts/storage.js:12780:18)
      at persistProjectShard (src/scripts/storage.js:12828:5)
          at Array.forEach (<anonymous>)
      at forEach (src/scripts/storage.js:12827:25)
      at persistAllProjects (src/scripts/storage.js:13535:5)
      at Object.saveProject (tests/unit/storage.test.js:1295:5)

  console.log
    DEBUG: getSafeLocalStorage returning object

      at Proxy.apply (src/scripts/modules/base.js:92:26)
          at Array.forEach (<anonymous>)

  console.log
    DEBUG: getSafeLocalStorage returning object

      at Proxy.apply (src/scripts/modules/base.js:92:26)
          at Array.forEach (<anonymous>)

  console.warn
    MOCK SET: cameraPowerPlanner_prj_auto-backup-2024-06-01-01-18-Project Unique = {"__cineAutoBackupSnapshot":{"version":1,"snapshot

      61 |       return undefined;
      62 |     }
    > 63 |     return originalFn(...args);
         |            ^
      64 |   };
      65 | };
      66 |

      at console.<anonymous> (tests/setup/jest.setup.cjs:63:12)
      at console.apply [as warn] (src/scripts/modules/base.js:92:26)
      at Object.warn (tests/unit/storage.test.js:11:15)
      at setItem (src/scripts/storage.js:8463:17)
      at saveJSONToStorage (src/scripts/storage.js:12780:18)
      at persistProjectShard (src/scripts/storage.js:12828:5)
          at Array.forEach (<anonymous>)
      at forEach (src/scripts/storage.js:12827:25)
      at persistAllProjects (src/scripts/storage.js:13535:5)
      at Object.saveProject (tests/unit/storage.test.js:1295:5)

  console.log
    DEBUG: getSafeLocalStorage returning object

      at Proxy.apply (src/scripts/modules/base.js:92:26)
          at Array.forEach (<anonymous>)

  console.log
    DEBUG: getSafeLocalStorage returning object

      at Proxy.apply (src/scripts/modules/base.js:92:26)
          at Array.forEach (<anonymous>)

  console.warn
    MOCK SET: cameraPowerPlanner_prj_auto-backup-2024-06-01-01-19-Project Unique = {"__cineAutoBackupSnapshot":{"version":1,"snapshot

      61 |       return undefined;
      62 |     }
    > 63 |     return originalFn(...args);
         |            ^
      64 |   };
      65 | };
      66 |

      at console.<anonymous> (tests/setup/jest.setup.cjs:63:12)
      at console.apply [as warn] (src/scripts/modules/base.js:92:26)
      at Object.warn (tests/unit/storage.test.js:11:15)
      at setItem (src/scripts/storage.js:8463:17)
      at saveJSONToStorage (src/scripts/storage.js:12780:18)
      at persistProjectShard (src/scripts/storage.js:12828:5)
          at Array.forEach (<anonymous>)
      at forEach (src/scripts/storage.js:12827:25)
      at persistAllProjects (src/scripts/storage.js:13535:5)
      at Object.saveProject (tests/unit/storage.test.js:1295:5)

  console.log
    DEBUG: getSafeLocalStorage returning object

      at Proxy.apply (src/scripts/modules/base.js:92:26)
          at Array.forEach (<anonymous>)

  console.log
    DEBUG: getSafeLocalStorage returning object

      at Proxy.apply (src/scripts/modules/base.js:92:26)
          at Array.forEach (<anonymous>)

  console.warn
    MOCK SET: cameraPowerPlanner_prj_auto-backup-2024-06-01-01-20-Project Unique = {"__cineAutoBackupSnapshot":{"version":1,"snapshot

      61 |       return undefined;
      62 |     }
    > 63 |     return originalFn(...args);
         |            ^
      64 |   };
      65 | };
      66 |

      at console.<anonymous> (tests/setup/jest.setup.cjs:63:12)
      at console.apply [as warn] (src/scripts/modules/base.js:92:26)
      at Object.warn (tests/unit/storage.test.js:11:15)
      at setItem (src/scripts/storage.js:8463:17)
      at saveJSONToStorage (src/scripts/storage.js:12780:18)
      at persistProjectShard (src/scripts/storage.js:12828:5)
          at Array.forEach (<anonymous>)
      at forEach (src/scripts/storage.js:12827:25)
      at persistAllProjects (src/scripts/storage.js:13535:5)
      at Object.saveProject (tests/unit/storage.test.js:1295:5)

  console.log
    DEBUG: getSafeLocalStorage returning object

      at Proxy.apply (src/scripts/modules/base.js:92:26)
          at Array.forEach (<anonymous>)

  console.log
    DEBUG: getSafeLocalStorage returning object

      at Proxy.apply (src/scripts/modules/base.js:92:26)
          at Array.forEach (<anonymous>)

  console.warn
    MOCK SET: cameraPowerPlanner_prj_auto-backup-2024-06-01-01-21-Project Unique = {"__cineAutoBackupSnapshot":{"version":1,"snapshot

      61 |       return undefined;
      62 |     }
    > 63 |     return originalFn(...args);
         |            ^
      64 |   };
      65 | };
      66 |

      at console.<anonymous> (tests/setup/jest.setup.cjs:63:12)
      at console.apply [as warn] (src/scripts/modules/base.js:92:26)
      at Object.warn (tests/unit/storage.test.js:11:15)
      at setItem (src/scripts/storage.js:8463:17)
      at saveJSONToStorage (src/scripts/storage.js:12780:18)
      at persistProjectShard (src/scripts/storage.js:12828:5)
          at Array.forEach (<anonymous>)
      at forEach (src/scripts/storage.js:12827:25)
      at persistAllProjects (src/scripts/storage.js:13535:5)
      at Object.saveProject (tests/unit/storage.test.js:1295:5)

  console.log
    DEBUG: getSafeLocalStorage returning object

      at Proxy.apply (src/scripts/modules/base.js:92:26)
          at Array.forEach (<anonymous>)

  console.log
    DEBUG: getSafeLocalStorage returning object

      at Proxy.apply (src/scripts/modules/base.js:92:26)
          at Array.forEach (<anonymous>)

  console.warn
    MOCK SET: cameraPowerPlanner_prj_auto-backup-2024-06-01-01-22-Project Unique = {"__cineAutoBackupSnapshot":{"version":1,"snapshot

      61 |       return undefined;
      62 |     }
    > 63 |     return originalFn(...args);
         |            ^
      64 |   };
      65 | };
      66 |

      at console.<anonymous> (tests/setup/jest.setup.cjs:63:12)
      at console.apply [as warn] (src/scripts/modules/base.js:92:26)
      at Object.warn (tests/unit/storage.test.js:11:15)
      at setItem (src/scripts/storage.js:8463:17)
      at saveJSONToStorage (src/scripts/storage.js:12780:18)
      at persistProjectShard (src/scripts/storage.js:12828:5)
          at Array.forEach (<anonymous>)
      at forEach (src/scripts/storage.js:12827:25)
      at persistAllProjects (src/scripts/storage.js:13535:5)
      at Object.saveProject (tests/unit/storage.test.js:1295:5)

  console.log
    DEBUG: getSafeLocalStorage returning object

      at Proxy.apply (src/scripts/modules/base.js:92:26)
          at Array.forEach (<anonymous>)

  console.log
    DEBUG: getSafeLocalStorage returning object

      at Proxy.apply (src/scripts/modules/base.js:92:26)
          at Array.forEach (<anonymous>)

  console.warn
    MOCK SET: cameraPowerPlanner_prj_auto-backup-2024-06-01-01-23-Project Unique = {"__cineAutoBackupSnapshot":{"version":1,"snapshot

      61 |       return undefined;
      62 |     }
    > 63 |     return originalFn(...args);
         |            ^
      64 |   };
      65 | };
      66 |

      at console.<anonymous> (tests/setup/jest.setup.cjs:63:12)
      at console.apply [as warn] (src/scripts/modules/base.js:92:26)
      at Object.warn (tests/unit/storage.test.js:11:15)
      at setItem (src/scripts/storage.js:8463:17)
      at saveJSONToStorage (src/scripts/storage.js:12780:18)
      at persistProjectShard (src/scripts/storage.js:12828:5)
          at Array.forEach (<anonymous>)
      at forEach (src/scripts/storage.js:12827:25)
      at persistAllProjects (src/scripts/storage.js:13535:5)
      at Object.saveProject (tests/unit/storage.test.js:1295:5)

  console.log
    DEBUG: getSafeLocalStorage returning object

      at Proxy.apply (src/scripts/modules/base.js:92:26)
          at Array.forEach (<anonymous>)

  console.log
    DEBUG: getSafeLocalStorage returning object

      at Proxy.apply (src/scripts/modules/base.js:92:26)
          at Array.forEach (<anonymous>)

  console.warn
    MOCK SET: cameraPowerPlanner_prj_auto-backup-2024-06-01-01-24-Project Unique = {"__cineAutoBackupSnapshot":{"version":1,"snapshot

      61 |       return undefined;
      62 |     }
    > 63 |     return originalFn(...args);
         |            ^
      64 |   };
      65 | };
      66 |

      at console.<anonymous> (tests/setup/jest.setup.cjs:63:12)
      at console.apply [as warn] (src/scripts/modules/base.js:92:26)
      at Object.warn (tests/unit/storage.test.js:11:15)
      at setItem (src/scripts/storage.js:8463:17)
      at saveJSONToStorage (src/scripts/storage.js:12780:18)
      at persistProjectShard (src/scripts/storage.js:12828:5)
          at Array.forEach (<anonymous>)
      at forEach (src/scripts/storage.js:12827:25)
      at persistAllProjects (src/scripts/storage.js:13535:5)
      at Object.saveProject (tests/unit/storage.test.js:1295:5)

  console.log
    DEBUG: getSafeLocalStorage returning object

      at Proxy.apply (src/scripts/modules/base.js:92:26)
          at Array.forEach (<anonymous>)

  console.log
    DEBUG: getSafeLocalStorage returning object

      at Proxy.apply (src/scripts/modules/base.js:92:26)
          at Array.forEach (<anonymous>)

  console.warn
    MOCK SET: cameraPowerPlanner_prj_auto-backup-2024-06-01-01-25-Project Unique = {"__cineAutoBackupSnapshot":{"version":1,"snapshot

      61 |       return undefined;
      62 |     }
    > 63 |     return originalFn(...args);
         |            ^
      64 |   };
      65 | };
      66 |

      at console.<anonymous> (tests/setup/jest.setup.cjs:63:12)
      at console.apply [as warn] (src/scripts/modules/base.js:92:26)
      at Object.warn (tests/unit/storage.test.js:11:15)
      at setItem (src/scripts/storage.js:8463:17)
      at saveJSONToStorage (src/scripts/storage.js:12780:18)
      at persistProjectShard (src/scripts/storage.js:12828:5)
          at Array.forEach (<anonymous>)
      at forEach (src/scripts/storage.js:12827:25)
      at persistAllProjects (src/scripts/storage.js:13535:5)
      at Object.saveProject (tests/unit/storage.test.js:1295:5)

  console.log
    DEBUG: getSafeLocalStorage returning object

      at Proxy.apply (src/scripts/modules/base.js:92:26)
          at Array.forEach (<anonymous>)

  console.log
    DEBUG: getSafeLocalStorage returning object

      at Proxy.apply (src/scripts/modules/base.js:92:26)
          at Array.forEach (<anonymous>)

  console.warn
    MOCK SET: cameraPowerPlanner_prj_auto-backup-2024-06-01-01-26-Project Unique = {"__cineAutoBackupSnapshot":{"version":1,"snapshot

      61 |       return undefined;
      62 |     }
    > 63 |     return originalFn(...args);
         |            ^
      64 |   };
      65 | };
      66 |

      at console.<anonymous> (tests/setup/jest.setup.cjs:63:12)
      at console.apply [as warn] (src/scripts/modules/base.js:92:26)
      at Object.warn (tests/unit/storage.test.js:11:15)
      at setItem (src/scripts/storage.js:8463:17)
      at saveJSONToStorage (src/scripts/storage.js:12780:18)
      at persistProjectShard (src/scripts/storage.js:12828:5)
          at Array.forEach (<anonymous>)
      at forEach (src/scripts/storage.js:12827:25)
      at persistAllProjects (src/scripts/storage.js:13535:5)
      at Object.saveProject (tests/unit/storage.test.js:1295:5)

  console.log
    DEBUG: getSafeLocalStorage returning object

      at Proxy.apply (src/scripts/modules/base.js:92:26)
          at Array.forEach (<anonymous>)

  console.log
    DEBUG: getSafeLocalStorage returning object

      at Proxy.apply (src/scripts/modules/base.js:92:26)
          at Array.forEach (<anonymous>)

  console.warn
    MOCK SET: cameraPowerPlanner_prj_auto-backup-2024-06-01-01-27-Project Unique = {"__cineAutoBackupSnapshot":{"version":1,"snapshot

      61 |       return undefined;
      62 |     }
    > 63 |     return originalFn(...args);
         |            ^
      64 |   };
      65 | };
      66 |

      at console.<anonymous> (tests/setup/jest.setup.cjs:63:12)
      at console.apply [as warn] (src/scripts/modules/base.js:92:26)
      at Object.warn (tests/unit/storage.test.js:11:15)
      at setItem (src/scripts/storage.js:8463:17)
      at saveJSONToStorage (src/scripts/storage.js:12780:18)
      at persistProjectShard (src/scripts/storage.js:12828:5)
          at Array.forEach (<anonymous>)
      at forEach (src/scripts/storage.js:12827:25)
      at persistAllProjects (src/scripts/storage.js:13535:5)
      at Object.saveProject (tests/unit/storage.test.js:1295:5)

  console.log
    DEBUG: getSafeLocalStorage returning object

      at Proxy.apply (src/scripts/modules/base.js:92:26)
          at Array.forEach (<anonymous>)

  console.log
    DEBUG: getSafeLocalStorage returning object

      at Proxy.apply (src/scripts/modules/base.js:92:26)
          at Array.forEach (<anonymous>)

  console.warn
    MOCK SET: cameraPowerPlanner_prj_auto-backup-2024-06-01-01-28-Project Unique = {"__cineAutoBackupSnapshot":{"version":1,"snapshot

      61 |       return undefined;
      62 |     }
    > 63 |     return originalFn(...args);
         |            ^
      64 |   };
      65 | };
      66 |

      at console.<anonymous> (tests/setup/jest.setup.cjs:63:12)
      at console.apply [as warn] (src/scripts/modules/base.js:92:26)
      at Object.warn (tests/unit/storage.test.js:11:15)
      at setItem (src/scripts/storage.js:8463:17)
      at saveJSONToStorage (src/scripts/storage.js:12780:18)
      at persistProjectShard (src/scripts/storage.js:12828:5)
          at Array.forEach (<anonymous>)
      at forEach (src/scripts/storage.js:12827:25)
      at persistAllProjects (src/scripts/storage.js:13535:5)
      at Object.saveProject (tests/unit/storage.test.js:1295:5)

  console.log
    DEBUG: getSafeLocalStorage returning object

      at Proxy.apply (src/scripts/modules/base.js:92:26)
          at Array.forEach (<anonymous>)

  console.log
    DEBUG: getSafeLocalStorage returning object

      at Proxy.apply (src/scripts/modules/base.js:92:26)
          at Array.forEach (<anonymous>)

  console.warn
    MOCK SET: cameraPowerPlanner_prj_auto-backup-2024-06-01-01-29-Project Unique = {"__cineAutoBackupSnapshot":{"version":1,"snapshot

      61 |       return undefined;
      62 |     }
    > 63 |     return originalFn(...args);
         |            ^
      64 |   };
      65 | };
      66 |

      at console.<anonymous> (tests/setup/jest.setup.cjs:63:12)
      at console.apply [as warn] (src/scripts/modules/base.js:92:26)
      at Object.warn (tests/unit/storage.test.js:11:15)
      at setItem (src/scripts/storage.js:8463:17)
      at saveJSONToStorage (src/scripts/storage.js:12780:18)
      at persistProjectShard (src/scripts/storage.js:12828:5)
          at Array.forEach (<anonymous>)
      at forEach (src/scripts/storage.js:12827:25)
      at persistAllProjects (src/scripts/storage.js:13535:5)
      at Object.saveProject (tests/unit/storage.test.js:1295:5)

  console.log
    DEBUG: getSafeLocalStorage returning object

      at Proxy.apply (src/scripts/modules/base.js:92:26)
          at Array.forEach (<anonymous>)

  console.log
    DEBUG: getSafeLocalStorage returning object

      at Proxy.apply (src/scripts/modules/base.js:92:26)
          at Array.forEach (<anonymous>)

  console.warn
    MOCK SET: cameraPowerPlanner_prj_auto-backup-2024-06-01-01-30-Project Unique = {"__cineAutoBackupSnapshot":{"version":1,"snapshot

      61 |       return undefined;
      62 |     }
    > 63 |     return originalFn(...args);
         |            ^
      64 |   };
      65 | };
      66 |

      at console.<anonymous> (tests/setup/jest.setup.cjs:63:12)
      at console.apply [as warn] (src/scripts/modules/base.js:92:26)
      at Object.warn (tests/unit/storage.test.js:11:15)
      at setItem (src/scripts/storage.js:8463:17)
      at saveJSONToStorage (src/scripts/storage.js:12780:18)
      at persistProjectShard (src/scripts/storage.js:12828:5)
          at Array.forEach (<anonymous>)
      at forEach (src/scripts/storage.js:12827:25)
      at persistAllProjects (src/scripts/storage.js:13535:5)
      at Object.saveProject (tests/unit/storage.test.js:1295:5)

  console.log
    DEBUG: getSafeLocalStorage returning object

      at Proxy.apply (src/scripts/modules/base.js:92:26)
          at Array.forEach (<anonymous>)

  console.log
    DEBUG: getSafeLocalStorage returning object

      at Proxy.apply (src/scripts/modules/base.js:92:26)
          at Array.forEach (<anonymous>)

  console.warn
    MOCK SET: cameraPowerPlanner_prj_auto-backup-2024-06-01-01-31-Project Unique = {"__cineAutoBackupSnapshot":{"version":1,"snapshot

      61 |       return undefined;
      62 |     }
    > 63 |     return originalFn(...args);
         |            ^
      64 |   };
      65 | };
      66 |

      at console.<anonymous> (tests/setup/jest.setup.cjs:63:12)
      at console.apply [as warn] (src/scripts/modules/base.js:92:26)
      at Object.warn (tests/unit/storage.test.js:11:15)
      at setItem (src/scripts/storage.js:8463:17)
      at saveJSONToStorage (src/scripts/storage.js:12780:18)
      at persistProjectShard (src/scripts/storage.js:12828:5)
          at Array.forEach (<anonymous>)
      at forEach (src/scripts/storage.js:12827:25)
      at persistAllProjects (src/scripts/storage.js:13535:5)
      at Object.saveProject (tests/unit/storage.test.js:1295:5)

  console.log
    DEBUG: getSafeLocalStorage returning object

      at Proxy.apply (src/scripts/modules/base.js:92:26)
          at Array.forEach (<anonymous>)

  console.log
    DEBUG: getSafeLocalStorage returning object

      at Proxy.apply (src/scripts/modules/base.js:92:26)
          at Array.forEach (<anonymous>)

  console.warn
    MOCK SET: cameraPowerPlanner_prj_auto-backup-2024-06-01-01-32-Project Unique = {"__cineAutoBackupSnapshot":{"version":1,"snapshot

      61 |       return undefined;
      62 |     }
    > 63 |     return originalFn(...args);
         |            ^
      64 |   };
      65 | };
      66 |

      at console.<anonymous> (tests/setup/jest.setup.cjs:63:12)
      at console.apply [as warn] (src/scripts/modules/base.js:92:26)
      at Object.warn (tests/unit/storage.test.js:11:15)
      at setItem (src/scripts/storage.js:8463:17)
      at saveJSONToStorage (src/scripts/storage.js:12780:18)
      at persistProjectShard (src/scripts/storage.js:12828:5)
          at Array.forEach (<anonymous>)
      at forEach (src/scripts/storage.js:12827:25)
      at persistAllProjects (src/scripts/storage.js:13535:5)
      at Object.saveProject (tests/unit/storage.test.js:1295:5)

  console.log
    DEBUG: getSafeLocalStorage returning object

      at Proxy.apply (src/scripts/modules/base.js:92:26)
          at Array.forEach (<anonymous>)

  console.log
    DEBUG: getSafeLocalStorage returning object

      at Proxy.apply (src/scripts/modules/base.js:92:26)
          at Array.forEach (<anonymous>)

  console.warn
    MOCK SET: cameraPowerPlanner_prj_auto-backup-2024-06-01-01-33-Project Unique = {"__cineAutoBackupSnapshot":{"version":1,"snapshot

      61 |       return undefined;
      62 |     }
    > 63 |     return originalFn(...args);
         |            ^
      64 |   };
      65 | };
      66 |

      at console.<anonymous> (tests/setup/jest.setup.cjs:63:12)
      at console.apply [as warn] (src/scripts/modules/base.js:92:26)
      at Object.warn (tests/unit/storage.test.js:11:15)
      at setItem (src/scripts/storage.js:8463:17)
      at saveJSONToStorage (src/scripts/storage.js:12780:18)
      at persistProjectShard (src/scripts/storage.js:12828:5)
          at Array.forEach (<anonymous>)
      at forEach (src/scripts/storage.js:12827:25)
      at persistAllProjects (src/scripts/storage.js:13535:5)
      at Object.saveProject (tests/unit/storage.test.js:1295:5)

  console.log
    DEBUG: getSafeLocalStorage returning object

      at Proxy.apply (src/scripts/modules/base.js:92:26)
          at Array.forEach (<anonymous>)

  console.log
    DEBUG: getSafeLocalStorage returning object

      at Proxy.apply (src/scripts/modules/base.js:92:26)
          at Array.forEach (<anonymous>)

  console.warn
    MOCK SET: cameraPowerPlanner_prj_auto-backup-2024-06-01-01-34-Project Unique = {"__cineAutoBackupSnapshot":{"version":1,"snapshot

      61 |       return undefined;
      62 |     }
    > 63 |     return originalFn(...args);
         |            ^
      64 |   };
      65 | };
      66 |

      at console.<anonymous> (tests/setup/jest.setup.cjs:63:12)
      at console.apply [as warn] (src/scripts/modules/base.js:92:26)
      at Object.warn (tests/unit/storage.test.js:11:15)
      at setItem (src/scripts/storage.js:8463:17)
      at saveJSONToStorage (src/scripts/storage.js:12780:18)
      at persistProjectShard (src/scripts/storage.js:12828:5)
          at Array.forEach (<anonymous>)
      at forEach (src/scripts/storage.js:12827:25)
      at persistAllProjects (src/scripts/storage.js:13535:5)
      at Object.saveProject (tests/unit/storage.test.js:1295:5)

  console.log
    DEBUG: getSafeLocalStorage returning object

      at Proxy.apply (src/scripts/modules/base.js:92:26)
          at Array.forEach (<anonymous>)

  console.log
    DEBUG: getSafeLocalStorage returning object

      at Proxy.apply (src/scripts/modules/base.js:92:26)
          at Array.forEach (<anonymous>)

  console.warn
    MOCK SET: cameraPowerPlanner_prj_auto-backup-2024-06-01-01-35-Project Unique = {"__cineAutoBackupSnapshot":{"version":1,"snapshot

      61 |       return undefined;
      62 |     }
    > 63 |     return originalFn(...args);
         |            ^
      64 |   };
      65 | };
      66 |

      at console.<anonymous> (tests/setup/jest.setup.cjs:63:12)
      at console.apply [as warn] (src/scripts/modules/base.js:92:26)
      at Object.warn (tests/unit/storage.test.js:11:15)
      at setItem (src/scripts/storage.js:8463:17)
      at saveJSONToStorage (src/scripts/storage.js:12780:18)
      at persistProjectShard (src/scripts/storage.js:12828:5)
          at Array.forEach (<anonymous>)
      at forEach (src/scripts/storage.js:12827:25)
      at persistAllProjects (src/scripts/storage.js:13535:5)
      at Object.saveProject (tests/unit/storage.test.js:1295:5)

  console.log
    DEBUG: getSafeLocalStorage returning object

      at Proxy.apply (src/scripts/modules/base.js:92:26)
          at Array.forEach (<anonymous>)

  console.log
    DEBUG: getSafeLocalStorage returning object

      at Proxy.apply (src/scripts/modules/base.js:92:26)
          at Array.forEach (<anonymous>)

  console.warn
    MOCK SET: cameraPowerPlanner_prj_auto-backup-2024-06-01-01-36-Project Unique = {"__cineAutoBackupSnapshot":{"version":1,"snapshot

      61 |       return undefined;
      62 |     }
    > 63 |     return originalFn(...args);
         |            ^
      64 |   };
      65 | };
      66 |

      at console.<anonymous> (tests/setup/jest.setup.cjs:63:12)
      at console.apply [as warn] (src/scripts/modules/base.js:92:26)
      at Object.warn (tests/unit/storage.test.js:11:15)
      at setItem (src/scripts/storage.js:8463:17)
      at saveJSONToStorage (src/scripts/storage.js:12780:18)
      at persistProjectShard (src/scripts/storage.js:12828:5)
          at Array.forEach (<anonymous>)
      at forEach (src/scripts/storage.js:12827:25)
      at persistAllProjects (src/scripts/storage.js:13535:5)
      at Object.saveProject (tests/unit/storage.test.js:1295:5)

  console.log
    DEBUG: getSafeLocalStorage returning object

      at Proxy.apply (src/scripts/modules/base.js:92:26)
          at Array.forEach (<anonymous>)

  console.log
    DEBUG: getSafeLocalStorage returning object

      at Proxy.apply (src/scripts/modules/base.js:92:26)
          at Array.forEach (<anonymous>)

  console.warn
    MOCK SET: cameraPowerPlanner_prj_auto-backup-2024-06-01-01-37-Project Unique = {"__cineAutoBackupSnapshot":{"version":1,"snapshot

      61 |       return undefined;
      62 |     }
    > 63 |     return originalFn(...args);
         |            ^
      64 |   };
      65 | };
      66 |

      at console.<anonymous> (tests/setup/jest.setup.cjs:63:12)
      at console.apply [as warn] (src/scripts/modules/base.js:92:26)
      at Object.warn (tests/unit/storage.test.js:11:15)
      at setItem (src/scripts/storage.js:8463:17)
      at saveJSONToStorage (src/scripts/storage.js:12780:18)
      at persistProjectShard (src/scripts/storage.js:12828:5)
          at Array.forEach (<anonymous>)
      at forEach (src/scripts/storage.js:12827:25)
      at persistAllProjects (src/scripts/storage.js:13535:5)
      at Object.saveProject (tests/unit/storage.test.js:1295:5)

  console.log
    DEBUG: getSafeLocalStorage returning object

      at Proxy.apply (src/scripts/modules/base.js:92:26)
          at Array.forEach (<anonymous>)

  console.log
    DEBUG: getSafeLocalStorage returning object

      at Proxy.apply (src/scripts/modules/base.js:92:26)
          at Array.forEach (<anonymous>)

  console.warn
    MOCK SET: cameraPowerPlanner_prj_auto-backup-2024-06-01-01-38-Project Unique = {"__cineAutoBackupSnapshot":{"version":1,"snapshot

      61 |       return undefined;
      62 |     }
    > 63 |     return originalFn(...args);
         |            ^
      64 |   };
      65 | };
      66 |

      at console.<anonymous> (tests/setup/jest.setup.cjs:63:12)
      at console.apply [as warn] (src/scripts/modules/base.js:92:26)
      at Object.warn (tests/unit/storage.test.js:11:15)
      at setItem (src/scripts/storage.js:8463:17)
      at saveJSONToStorage (src/scripts/storage.js:12780:18)
      at persistProjectShard (src/scripts/storage.js:12828:5)
          at Array.forEach (<anonymous>)
      at forEach (src/scripts/storage.js:12827:25)
      at persistAllProjects (src/scripts/storage.js:13535:5)
      at Object.saveProject (tests/unit/storage.test.js:1295:5)

  console.log
    DEBUG: getSafeLocalStorage returning object

      at Proxy.apply (src/scripts/modules/base.js:92:26)
          at Array.forEach (<anonymous>)

  console.log
    DEBUG: getSafeLocalStorage returning object

      at Proxy.apply (src/scripts/modules/base.js:92:26)
          at Array.forEach (<anonymous>)

  console.warn
    MOCK SET: cameraPowerPlanner_prj_auto-backup-2024-06-01-01-39-Project Unique = {"__cineAutoBackupSnapshot":{"version":1,"snapshot

      61 |       return undefined;
      62 |     }
    > 63 |     return originalFn(...args);
         |            ^
      64 |   };
      65 | };
      66 |

      at console.<anonymous> (tests/setup/jest.setup.cjs:63:12)
      at console.apply [as warn] (src/scripts/modules/base.js:92:26)
      at Object.warn (tests/unit/storage.test.js:11:15)
      at setItem (src/scripts/storage.js:8463:17)
      at saveJSONToStorage (src/scripts/storage.js:12780:18)
      at persistProjectShard (src/scripts/storage.js:12828:5)
          at Array.forEach (<anonymous>)
      at forEach (src/scripts/storage.js:12827:25)
      at persistAllProjects (src/scripts/storage.js:13535:5)
      at Object.saveProject (tests/unit/storage.test.js:1295:5)

  console.log
    DEBUG: getSafeLocalStorage returning object

      at Proxy.apply (src/scripts/modules/base.js:92:26)
          at Array.forEach (<anonymous>)

  console.log
    DEBUG: getSafeLocalStorage returning object

      at Proxy.apply (src/scripts/modules/base.js:92:26)
          at Array.forEach (<anonymous>)

  console.warn
    MOCK SET: cameraPowerPlanner_prj_auto-backup-2024-06-01-01-40-Project Unique = {"__cineAutoBackupSnapshot":{"version":1,"snapshot

      61 |       return undefined;
      62 |     }
    > 63 |     return originalFn(...args);
         |            ^
      64 |   };
      65 | };
      66 |

      at console.<anonymous> (tests/setup/jest.setup.cjs:63:12)
      at console.apply [as warn] (src/scripts/modules/base.js:92:26)
      at Object.warn (tests/unit/storage.test.js:11:15)
      at setItem (src/scripts/storage.js:8463:17)
      at saveJSONToStorage (src/scripts/storage.js:12780:18)
      at persistProjectShard (src/scripts/storage.js:12828:5)
          at Array.forEach (<anonymous>)
      at forEach (src/scripts/storage.js:12827:25)
      at persistAllProjects (src/scripts/storage.js:13535:5)
      at Object.saveProject (tests/unit/storage.test.js:1295:5)

  console.log
    DEBUG: getSafeLocalStorage returning object

      at Proxy.apply (src/scripts/modules/base.js:92:26)
          at Array.forEach (<anonymous>)

  console.log
    DEBUG: getSafeLocalStorage returning object

      at Proxy.apply (src/scripts/modules/base.js:92:26)
          at Array.forEach (<anonymous>)

  console.warn
    MOCK SET: cameraPowerPlanner_prj_auto-backup-2024-06-01-01-41-Project Unique = {"__cineAutoBackupSnapshot":{"version":1,"snapshot

      61 |       return undefined;
      62 |     }
    > 63 |     return originalFn(...args);
         |            ^
      64 |   };
      65 | };
      66 |

      at console.<anonymous> (tests/setup/jest.setup.cjs:63:12)
      at console.apply [as warn] (src/scripts/modules/base.js:92:26)
      at Object.warn (tests/unit/storage.test.js:11:15)
      at setItem (src/scripts/storage.js:8463:17)
      at saveJSONToStorage (src/scripts/storage.js:12780:18)
      at persistProjectShard (src/scripts/storage.js:12828:5)
          at Array.forEach (<anonymous>)
      at forEach (src/scripts/storage.js:12827:25)
      at persistAllProjects (src/scripts/storage.js:13535:5)
      at Object.saveProject (tests/unit/storage.test.js:1295:5)

  console.log
    DEBUG: getSafeLocalStorage returning object

      at Proxy.apply (src/scripts/modules/base.js:92:26)
          at Array.forEach (<anonymous>)

  console.log
    DEBUG: getSafeLocalStorage returning object

      at Proxy.apply (src/scripts/modules/base.js:92:26)
          at Array.forEach (<anonymous>)

  console.warn
    MOCK SET: cameraPowerPlanner_prj_auto-backup-2024-06-01-01-42-Project Unique = {"__cineAutoBackupSnapshot":{"version":1,"snapshot

      61 |       return undefined;
      62 |     }
    > 63 |     return originalFn(...args);
         |            ^
      64 |   };
      65 | };
      66 |

      at console.<anonymous> (tests/setup/jest.setup.cjs:63:12)
      at console.apply [as warn] (src/scripts/modules/base.js:92:26)
      at Object.warn (tests/unit/storage.test.js:11:15)
      at setItem (src/scripts/storage.js:8463:17)
      at saveJSONToStorage (src/scripts/storage.js:12780:18)
      at persistProjectShard (src/scripts/storage.js:12828:5)
          at Array.forEach (<anonymous>)
      at forEach (src/scripts/storage.js:12827:25)
      at persistAllProjects (src/scripts/storage.js:13535:5)
      at Object.saveProject (tests/unit/storage.test.js:1295:5)

  console.log
    DEBUG: getSafeLocalStorage returning object

      at Proxy.apply (src/scripts/modules/base.js:92:26)
          at Array.forEach (<anonymous>)

  console.log
    DEBUG: getSafeLocalStorage returning object

      at Proxy.apply (src/scripts/modules/base.js:92:26)
          at Array.forEach (<anonymous>)

  console.warn
    MOCK SET: cameraPowerPlanner_prj_auto-backup-2024-06-01-01-43-Project Unique = {"__cineAutoBackupSnapshot":{"version":1,"snapshot

      61 |       return undefined;
      62 |     }
    > 63 |     return originalFn(...args);
         |            ^
      64 |   };
      65 | };
      66 |

      at console.<anonymous> (tests/setup/jest.setup.cjs:63:12)
      at console.apply [as warn] (src/scripts/modules/base.js:92:26)
      at Object.warn (tests/unit/storage.test.js:11:15)
      at setItem (src/scripts/storage.js:8463:17)
      at saveJSONToStorage (src/scripts/storage.js:12780:18)
      at persistProjectShard (src/scripts/storage.js:12828:5)
          at Array.forEach (<anonymous>)
      at forEach (src/scripts/storage.js:12827:25)
      at persistAllProjects (src/scripts/storage.js:13535:5)
      at Object.saveProject (tests/unit/storage.test.js:1295:5)

  console.log
    DEBUG: getSafeLocalStorage returning object

      at Proxy.apply (src/scripts/modules/base.js:92:26)
          at Array.forEach (<anonymous>)

  console.log
    DEBUG: getSafeLocalStorage returning object

      at Proxy.apply (src/scripts/modules/base.js:92:26)
          at Array.forEach (<anonymous>)

  console.warn
    MOCK SET: cameraPowerPlanner_prj_auto-backup-2024-06-01-01-44-Project Unique = {"__cineAutoBackupSnapshot":{"version":1,"snapshot

      61 |       return undefined;
      62 |     }
    > 63 |     return originalFn(...args);
         |            ^
      64 |   };
      65 | };
      66 |

      at console.<anonymous> (tests/setup/jest.setup.cjs:63:12)
      at console.apply [as warn] (src/scripts/modules/base.js:92:26)
      at Object.warn (tests/unit/storage.test.js:11:15)
      at setItem (src/scripts/storage.js:8463:17)
      at saveJSONToStorage (src/scripts/storage.js:12780:18)
      at persistProjectShard (src/scripts/storage.js:12828:5)
          at Array.forEach (<anonymous>)
      at forEach (src/scripts/storage.js:12827:25)
      at persistAllProjects (src/scripts/storage.js:13535:5)
      at Object.saveProject (tests/unit/storage.test.js:1295:5)

  console.log
    DEBUG: getSafeLocalStorage returning object

      at Proxy.apply (src/scripts/modules/base.js:92:26)
          at Array.forEach (<anonymous>)

  console.log
    DEBUG: getSafeLocalStorage returning object

      at Proxy.apply (src/scripts/modules/base.js:92:26)
          at Array.forEach (<anonymous>)

  console.warn
    MOCK SET: cameraPowerPlanner_prj_auto-backup-2024-06-01-01-45-Project Unique = {"__cineAutoBackupSnapshot":{"version":1,"snapshot

      61 |       return undefined;
      62 |     }
    > 63 |     return originalFn(...args);
         |            ^
      64 |   };
      65 | };
      66 |

      at console.<anonymous> (tests/setup/jest.setup.cjs:63:12)
      at console.apply [as warn] (src/scripts/modules/base.js:92:26)
      at Object.warn (tests/unit/storage.test.js:11:15)
      at setItem (src/scripts/storage.js:8463:17)
      at saveJSONToStorage (src/scripts/storage.js:12780:18)
      at persistProjectShard (src/scripts/storage.js:12828:5)
          at Array.forEach (<anonymous>)
      at forEach (src/scripts/storage.js:12827:25)
      at persistAllProjects (src/scripts/storage.js:13535:5)
      at Object.saveProject (tests/unit/storage.test.js:1295:5)

  console.log
    DEBUG: getSafeLocalStorage returning object

      at Proxy.apply (src/scripts/modules/base.js:92:26)
          at Array.forEach (<anonymous>)

  console.log
    DEBUG: getSafeLocalStorage returning object

      at Proxy.apply (src/scripts/modules/base.js:92:26)
          at Array.forEach (<anonymous>)

  console.warn
    MOCK SET: cameraPowerPlanner_prj_auto-backup-2024-06-01-01-46-Project Unique = {"__cineAutoBackupSnapshot":{"version":1,"snapshot

      61 |       return undefined;
      62 |     }
    > 63 |     return originalFn(...args);
         |            ^
      64 |   };
      65 | };
      66 |

      at console.<anonymous> (tests/setup/jest.setup.cjs:63:12)
      at console.apply [as warn] (src/scripts/modules/base.js:92:26)
      at Object.warn (tests/unit/storage.test.js:11:15)
      at setItem (src/scripts/storage.js:8463:17)
      at saveJSONToStorage (src/scripts/storage.js:12780:18)
      at persistProjectShard (src/scripts/storage.js:12828:5)
          at Array.forEach (<anonymous>)
      at forEach (src/scripts/storage.js:12827:25)
      at persistAllProjects (src/scripts/storage.js:13535:5)
      at Object.saveProject (tests/unit/storage.test.js:1295:5)

  console.log
    DEBUG: getSafeLocalStorage returning object

      at Proxy.apply (src/scripts/modules/base.js:92:26)
          at Array.forEach (<anonymous>)

  console.log
    DEBUG: getSafeLocalStorage returning object

      at Proxy.apply (src/scripts/modules/base.js:92:26)
          at Array.forEach (<anonymous>)

  console.warn
    MOCK SET: cameraPowerPlanner_prj_auto-backup-2024-06-01-01-47-Project Unique = {"__cineAutoBackupSnapshot":{"version":1,"snapshot

      61 |       return undefined;
      62 |     }
    > 63 |     return originalFn(...args);
         |            ^
      64 |   };
      65 | };
      66 |

      at console.<anonymous> (tests/setup/jest.setup.cjs:63:12)
      at console.apply [as warn] (src/scripts/modules/base.js:92:26)
      at Object.warn (tests/unit/storage.test.js:11:15)
      at setItem (src/scripts/storage.js:8463:17)
      at saveJSONToStorage (src/scripts/storage.js:12780:18)
      at persistProjectShard (src/scripts/storage.js:12828:5)
          at Array.forEach (<anonymous>)
      at forEach (src/scripts/storage.js:12827:25)
      at persistAllProjects (src/scripts/storage.js:13535:5)
      at Object.saveProject (tests/unit/storage.test.js:1295:5)

  console.log
    DEBUG: getSafeLocalStorage returning object

      at Proxy.apply (src/scripts/modules/base.js:92:26)
          at Array.forEach (<anonymous>)

  console.log
    DEBUG: getSafeLocalStorage returning object

      at Proxy.apply (src/scripts/modules/base.js:92:26)
          at Array.forEach (<anonymous>)

  console.warn
    MOCK SET: cameraPowerPlanner_prj_auto-backup-2024-06-01-01-48-Project Unique = {"__cineAutoBackupSnapshot":{"version":1,"snapshot

      61 |       return undefined;
      62 |     }
    > 63 |     return originalFn(...args);
         |            ^
      64 |   };
      65 | };
      66 |

      at console.<anonymous> (tests/setup/jest.setup.cjs:63:12)
      at console.apply [as warn] (src/scripts/modules/base.js:92:26)
      at Object.warn (tests/unit/storage.test.js:11:15)
      at setItem (src/scripts/storage.js:8463:17)
      at saveJSONToStorage (src/scripts/storage.js:12780:18)
      at persistProjectShard (src/scripts/storage.js:12828:5)
          at Array.forEach (<anonymous>)
      at forEach (src/scripts/storage.js:12827:25)
      at persistAllProjects (src/scripts/storage.js:13535:5)
      at Object.saveProject (tests/unit/storage.test.js:1295:5)

  console.log
    DEBUG: getSafeLocalStorage returning object

      at Proxy.apply (src/scripts/modules/base.js:92:26)
          at Array.forEach (<anonymous>)

  console.log
    DEBUG: getSafeLocalStorage returning object

      at Proxy.apply (src/scripts/modules/base.js:92:26)
          at Array.forEach (<anonymous>)

  console.warn
    MOCK SET: cameraPowerPlanner_prj_auto-backup-2024-06-01-01-49-Project Unique = {"__cineAutoBackupSnapshot":{"version":1,"snapshot

      61 |       return undefined;
      62 |     }
    > 63 |     return originalFn(...args);
         |            ^
      64 |   };
      65 | };
      66 |

      at console.<anonymous> (tests/setup/jest.setup.cjs:63:12)
      at console.apply [as warn] (src/scripts/modules/base.js:92:26)
      at Object.warn (tests/unit/storage.test.js:11:15)
      at setItem (src/scripts/storage.js:8463:17)
      at saveJSONToStorage (src/scripts/storage.js:12780:18)
      at persistProjectShard (src/scripts/storage.js:12828:5)
          at Array.forEach (<anonymous>)
      at forEach (src/scripts/storage.js:12827:25)
      at persistAllProjects (src/scripts/storage.js:13535:5)
      at Object.saveProject (tests/unit/storage.test.js:1295:5)

  console.log
    DEBUG: getSafeLocalStorage returning object

      at Proxy.apply (src/scripts/modules/base.js:92:26)
          at Array.forEach (<anonymous>)

  console.log
    DEBUG: getSafeLocalStorage returning object

      at Proxy.apply (src/scripts/modules/base.js:92:26)
          at Array.forEach (<anonymous>)

  console.warn
    MOCK SET: cameraPowerPlanner_prj_auto-backup-2024-06-01-01-50-Project Unique = {"__cineAutoBackupSnapshot":{"version":1,"snapshot

      61 |       return undefined;
      62 |     }
    > 63 |     return originalFn(...args);
         |            ^
      64 |   };
      65 | };
      66 |

      at console.<anonymous> (tests/setup/jest.setup.cjs:63:12)
      at console.apply [as warn] (src/scripts/modules/base.js:92:26)
      at Object.warn (tests/unit/storage.test.js:11:15)
      at setItem (src/scripts/storage.js:8463:17)
      at saveJSONToStorage (src/scripts/storage.js:12780:18)
      at persistProjectShard (src/scripts/storage.js:12828:5)
          at Array.forEach (<anonymous>)
      at forEach (src/scripts/storage.js:12827:25)
      at persistAllProjects (src/scripts/storage.js:13535:5)
      at Object.saveProject (tests/unit/storage.test.js:1295:5)

  console.log
    DEBUG: getSafeLocalStorage returning object

      at Proxy.apply (src/scripts/modules/base.js:92:26)
          at Array.forEach (<anonymous>)

  console.log
    DEBUG: getSafeLocalStorage returning object

      at Proxy.apply (src/scripts/modules/base.js:92:26)
          at Array.forEach (<anonymous>)

  console.warn
    MOCK SET: cameraPowerPlanner_prj_auto-backup-2024-06-01-01-51-Project Unique = {"__cineAutoBackupSnapshot":{"version":1,"snapshot

      61 |       return undefined;
      62 |     }
    > 63 |     return originalFn(...args);
         |            ^
      64 |   };
      65 | };
      66 |

      at console.<anonymous> (tests/setup/jest.setup.cjs:63:12)
      at console.apply [as warn] (src/scripts/modules/base.js:92:26)
      at Object.warn (tests/unit/storage.test.js:11:15)
      at setItem (src/scripts/storage.js:8463:17)
      at saveJSONToStorage (src/scripts/storage.js:12780:18)
      at persistProjectShard (src/scripts/storage.js:12828:5)
          at Array.forEach (<anonymous>)
      at forEach (src/scripts/storage.js:12827:25)
      at persistAllProjects (src/scripts/storage.js:13535:5)
      at Object.saveProject (tests/unit/storage.test.js:1295:5)

  console.log
    DEBUG: getSafeLocalStorage returning object

      at Proxy.apply (src/scripts/modules/base.js:92:26)
          at Array.forEach (<anonymous>)

  console.log
    DEBUG: getSafeLocalStorage returning object

      at Proxy.apply (src/scripts/modules/base.js:92:26)
          at Array.forEach (<anonymous>)

  console.warn
    MOCK SET: cameraPowerPlanner_prj_auto-backup-2024-06-01-01-52-Project Unique = {"__cineAutoBackupSnapshot":{"version":1,"snapshot

      61 |       return undefined;
      62 |     }
    > 63 |     return originalFn(...args);
         |            ^
      64 |   };
      65 | };
      66 |

      at console.<anonymous> (tests/setup/jest.setup.cjs:63:12)
      at console.apply [as warn] (src/scripts/modules/base.js:92:26)
      at Object.warn (tests/unit/storage.test.js:11:15)
      at setItem (src/scripts/storage.js:8463:17)
      at saveJSONToStorage (src/scripts/storage.js:12780:18)
      at persistProjectShard (src/scripts/storage.js:12828:5)
          at Array.forEach (<anonymous>)
      at forEach (src/scripts/storage.js:12827:25)
      at persistAllProjects (src/scripts/storage.js:13535:5)
      at Object.saveProject (tests/unit/storage.test.js:1295:5)

  console.log
    DEBUG: getSafeLocalStorage returning object

      at Proxy.apply (src/scripts/modules/base.js:92:26)
          at Array.forEach (<anonymous>)

  console.log
    DEBUG: getSafeLocalStorage returning object

      at Proxy.apply (src/scripts/modules/base.js:92:26)
          at Array.forEach (<anonymous>)

  console.warn
    MOCK SET: cameraPowerPlanner_prj_auto-backup-2024-06-01-01-53-Project Unique = {"__cineAutoBackupSnapshot":{"version":1,"snapshot

      61 |       return undefined;
      62 |     }
    > 63 |     return originalFn(...args);
         |            ^
      64 |   };
      65 | };
      66 |

      at console.<anonymous> (tests/setup/jest.setup.cjs:63:12)
      at console.apply [as warn] (src/scripts/modules/base.js:92:26)
      at Object.warn (tests/unit/storage.test.js:11:15)
      at setItem (src/scripts/storage.js:8463:17)
      at saveJSONToStorage (src/scripts/storage.js:12780:18)
      at persistProjectShard (src/scripts/storage.js:12828:5)
          at Array.forEach (<anonymous>)
      at forEach (src/scripts/storage.js:12827:25)
      at persistAllProjects (src/scripts/storage.js:13535:5)
      at Object.saveProject (tests/unit/storage.test.js:1295:5)

  console.log
    DEBUG: getSafeLocalStorage returning object

      at Proxy.apply (src/scripts/modules/base.js:92:26)
          at Array.forEach (<anonymous>)

  console.log
    DEBUG: getSafeLocalStorage returning object

      at Proxy.apply (src/scripts/modules/base.js:92:26)
          at Array.forEach (<anonymous>)

  console.warn
    MOCK SET: cameraPowerPlanner_prj_auto-backup-2024-06-01-01-54-Project Unique = {"__cineAutoBackupSnapshot":{"version":1,"snapshot

      61 |       return undefined;
      62 |     }
    > 63 |     return originalFn(...args);
         |            ^
      64 |   };
      65 | };
      66 |

      at console.<anonymous> (tests/setup/jest.setup.cjs:63:12)
      at console.apply [as warn] (src/scripts/modules/base.js:92:26)
      at Object.warn (tests/unit/storage.test.js:11:15)
      at setItem (src/scripts/storage.js:8463:17)
      at saveJSONToStorage (src/scripts/storage.js:12780:18)
      at persistProjectShard (src/scripts/storage.js:12828:5)
          at Array.forEach (<anonymous>)
      at forEach (src/scripts/storage.js:12827:25)
      at persistAllProjects (src/scripts/storage.js:13535:5)
      at Object.saveProject (tests/unit/storage.test.js:1295:5)

  console.log
    DEBUG: getSafeLocalStorage returning object

      at Proxy.apply (src/scripts/modules/base.js:92:26)
          at Array.forEach (<anonymous>)

  console.log
    DEBUG: getSafeLocalStorage returning object

      at Proxy.apply (src/scripts/modules/base.js:92:26)
          at Array.forEach (<anonymous>)

  console.warn
    MOCK SET: cameraPowerPlanner_prj_auto-backup-2024-06-01-01-55-Project Unique = {"__cineAutoBackupSnapshot":{"version":1,"snapshot

      61 |       return undefined;
      62 |     }
    > 63 |     return originalFn(...args);
         |            ^
      64 |   };
      65 | };
      66 |

      at console.<anonymous> (tests/setup/jest.setup.cjs:63:12)
      at console.apply [as warn] (src/scripts/modules/base.js:92:26)
      at Object.warn (tests/unit/storage.test.js:11:15)
      at setItem (src/scripts/storage.js:8463:17)
      at saveJSONToStorage (src/scripts/storage.js:12780:18)
      at persistProjectShard (src/scripts/storage.js:12828:5)
          at Array.forEach (<anonymous>)
      at forEach (src/scripts/storage.js:12827:25)
      at persistAllProjects (src/scripts/storage.js:13535:5)
      at Object.saveProject (tests/unit/storage.test.js:1295:5)

  console.log
    DEBUG: getSafeLocalStorage returning object

      at Proxy.apply (src/scripts/modules/base.js:92:26)
          at Array.forEach (<anonymous>)

  console.log
    DEBUG: getSafeLocalStorage returning object

      at Proxy.apply (src/scripts/modules/base.js:92:26)
          at Array.forEach (<anonymous>)

  console.warn
    MOCK SET: cameraPowerPlanner_prj_auto-backup-2024-06-01-01-56-Project Unique = {"__cineAutoBackupSnapshot":{"version":1,"snapshot

      61 |       return undefined;
      62 |     }
    > 63 |     return originalFn(...args);
         |            ^
      64 |   };
      65 | };
      66 |

      at console.<anonymous> (tests/setup/jest.setup.cjs:63:12)
      at console.apply [as warn] (src/scripts/modules/base.js:92:26)
      at Object.warn (tests/unit/storage.test.js:11:15)
      at setItem (src/scripts/storage.js:8463:17)
      at saveJSONToStorage (src/scripts/storage.js:12780:18)
      at persistProjectShard (src/scripts/storage.js:12828:5)
          at Array.forEach (<anonymous>)
      at forEach (src/scripts/storage.js:12827:25)
      at persistAllProjects (src/scripts/storage.js:13535:5)
      at Object.saveProject (tests/unit/storage.test.js:1295:5)

  console.log
    DEBUG: getSafeLocalStorage returning object

      at Proxy.apply (src/scripts/modules/base.js:92:26)
          at Array.forEach (<anonymous>)

  console.log
    DEBUG: getSafeLocalStorage returning object

      at Proxy.apply (src/scripts/modules/base.js:92:26)
          at Array.forEach (<anonymous>)

  console.warn
    MOCK SET: cameraPowerPlanner_prj_auto-backup-2024-06-01-01-57-Project Unique = {"__cineAutoBackupSnapshot":{"version":1,"snapshot

      61 |       return undefined;
      62 |     }
    > 63 |     return originalFn(...args);
         |            ^
      64 |   };
      65 | };
      66 |

      at console.<anonymous> (tests/setup/jest.setup.cjs:63:12)
      at console.apply [as warn] (src/scripts/modules/base.js:92:26)
      at Object.warn (tests/unit/storage.test.js:11:15)
      at setItem (src/scripts/storage.js:8463:17)
      at saveJSONToStorage (src/scripts/storage.js:12780:18)
      at persistProjectShard (src/scripts/storage.js:12828:5)
          at Array.forEach (<anonymous>)
      at forEach (src/scripts/storage.js:12827:25)
      at persistAllProjects (src/scripts/storage.js:13535:5)
      at Object.saveProject (tests/unit/storage.test.js:1295:5)

  console.log
    DEBUG: getSafeLocalStorage returning object

      at Proxy.apply (src/scripts/modules/base.js:92:26)
          at Array.forEach (<anonymous>)

  console.log
    DEBUG: getSafeLocalStorage returning object

      at Proxy.apply (src/scripts/modules/base.js:92:26)
          at Array.forEach (<anonymous>)

  console.warn
    MOCK SET: cameraPowerPlanner_prj_auto-backup-2024-06-01-01-58-Project Unique = {"__cineAutoBackupSnapshot":{"version":1,"snapshot

      61 |       return undefined;
      62 |     }
    > 63 |     return originalFn(...args);
         |            ^
      64 |   };
      65 | };
      66 |

      at console.<anonymous> (tests/setup/jest.setup.cjs:63:12)
      at console.apply [as warn] (src/scripts/modules/base.js:92:26)
      at Object.warn (tests/unit/storage.test.js:11:15)
      at setItem (src/scripts/storage.js:8463:17)
      at saveJSONToStorage (src/scripts/storage.js:12780:18)
      at persistProjectShard (src/scripts/storage.js:12828:5)
          at Array.forEach (<anonymous>)
      at forEach (src/scripts/storage.js:12827:25)
      at persistAllProjects (src/scripts/storage.js:13535:5)
      at Object.saveProject (tests/unit/storage.test.js:1295:5)

  console.log
    DEBUG: getSafeLocalStorage returning object

      at Proxy.apply (src/scripts/modules/base.js:92:26)
          at Array.forEach (<anonymous>)

  console.log
    DEBUG: getSafeLocalStorage returning object

      at Proxy.apply (src/scripts/modules/base.js:92:26)
          at Array.forEach (<anonymous>)

  console.warn
    MOCK SET: cameraPowerPlanner_prj_auto-backup-2024-06-01-01-59-Project Unique = {"__cineAutoBackupSnapshot":{"version":1,"snapshot

      61 |       return undefined;
      62 |     }
    > 63 |     return originalFn(...args);
         |            ^
      64 |   };
      65 | };
      66 |

      at console.<anonymous> (tests/setup/jest.setup.cjs:63:12)
      at console.apply [as warn] (src/scripts/modules/base.js:92:26)
      at Object.warn (tests/unit/storage.test.js:11:15)
      at setItem (src/scripts/storage.js:8463:17)
      at saveJSONToStorage (src/scripts/storage.js:12780:18)
      at persistProjectShard (src/scripts/storage.js:12828:5)
          at Array.forEach (<anonymous>)
      at forEach (src/scripts/storage.js:12827:25)
      at persistAllProjects (src/scripts/storage.js:13535:5)
      at Object.saveProject (tests/unit/storage.test.js:1295:5)

  console.log
    DEBUG: getSafeLocalStorage returning object

      at Proxy.apply (src/scripts/modules/base.js:92:26)
          at Array.forEach (<anonymous>)

  console.log
    DEBUG: getSafeLocalStorage returning object

      at Proxy.apply (src/scripts/modules/base.js:92:26)
          at Array.forEach (<anonymous>)

  console.warn
    MOCK SET: cameraPowerPlanner_prj_auto-backup-2024-06-01-02-00-Project Unique = {"__cineAutoBackupSnapshot":{"version":1,"snapshot

      61 |       return undefined;
      62 |     }
    > 63 |     return originalFn(...args);
         |            ^
      64 |   };
      65 | };
      66 |

      at console.<anonymous> (tests/setup/jest.setup.cjs:63:12)
      at console.apply [as warn] (src/scripts/modules/base.js:92:26)
      at Object.warn (tests/unit/storage.test.js:11:15)
      at setItem (src/scripts/storage.js:8463:17)
      at saveJSONToStorage (src/scripts/storage.js:12780:18)
      at persistProjectShard (src/scripts/storage.js:12828:5)
          at Array.forEach (<anonymous>)
      at forEach (src/scripts/storage.js:12827:25)
      at persistAllProjects (src/scripts/storage.js:13535:5)
      at Object.saveProject (tests/unit/storage.test.js:1295:5)

  console.log
    DEBUG: getSafeLocalStorage returning object

      at Proxy.apply (src/scripts/modules/base.js:92:26)
          at Array.forEach (<anonymous>)

  console.log
    DEBUG: getSafeLocalStorage returning object

      at Proxy.apply (src/scripts/modules/base.js:92:26)
          at Array.forEach (<anonymous>)

  console.warn
    MOCK SET: cameraPowerPlanner_prj_auto-backup-2024-06-01-02-01-Project Unique = {"__cineAutoBackupSnapshot":{"version":1,"snapshot

      61 |       return undefined;
      62 |     }
    > 63 |     return originalFn(...args);
         |            ^
      64 |   };
      65 | };
      66 |

      at console.<anonymous> (tests/setup/jest.setup.cjs:63:12)
      at console.apply [as warn] (src/scripts/modules/base.js:92:26)
      at Object.warn (tests/unit/storage.test.js:11:15)
      at setItem (src/scripts/storage.js:8463:17)
      at saveJSONToStorage (src/scripts/storage.js:12780:18)
      at persistProjectShard (src/scripts/storage.js:12828:5)
          at Array.forEach (<anonymous>)
      at forEach (src/scripts/storage.js:12827:25)
      at persistAllProjects (src/scripts/storage.js:13535:5)
      at Object.saveProject (tests/unit/storage.test.js:1295:5)

  console.log
    DEBUG: getSafeLocalStorage returning object

      at Proxy.apply (src/scripts/modules/base.js:92:26)
          at Array.forEach (<anonymous>)

  console.log
    DEBUG: getSafeLocalStorage returning object

      at Proxy.apply (src/scripts/modules/base.js:92:26)
          at Array.forEach (<anonymous>)

  console.warn
    MOCK SET: cameraPowerPlanner_prj_auto-backup-2024-06-01-02-02-Project Unique = {"__cineAutoBackupSnapshot":{"version":1,"snapshot

      61 |       return undefined;
      62 |     }
    > 63 |     return originalFn(...args);
         |            ^
      64 |   };
      65 | };
      66 |

      at console.<anonymous> (tests/setup/jest.setup.cjs:63:12)
      at console.apply [as warn] (src/scripts/modules/base.js:92:26)
      at Object.warn (tests/unit/storage.test.js:11:15)
      at setItem (src/scripts/storage.js:8463:17)
      at saveJSONToStorage (src/scripts/storage.js:12780:18)
      at persistProjectShard (src/scripts/storage.js:12828:5)
          at Array.forEach (<anonymous>)
      at forEach (src/scripts/storage.js:12827:25)
      at persistAllProjects (src/scripts/storage.js:13535:5)
      at Object.saveProject (tests/unit/storage.test.js:1295:5)

  console.log
    DEBUG: getSafeLocalStorage returning object

      at Proxy.apply (src/scripts/modules/base.js:92:26)
          at Array.forEach (<anonymous>)

  console.log
    DEBUG: getSafeLocalStorage returning object

      at Proxy.apply (src/scripts/modules/base.js:92:26)
          at Array.forEach (<anonymous>)

  console.warn
    MOCK SET: cameraPowerPlanner_prj_auto-backup-2024-06-01-02-03-Project Unique = {"__cineAutoBackupSnapshot":{"version":1,"snapshot

      61 |       return undefined;
      62 |     }
    > 63 |     return originalFn(...args);
         |            ^
      64 |   };
      65 | };
      66 |

      at console.<anonymous> (tests/setup/jest.setup.cjs:63:12)
      at console.apply [as warn] (src/scripts/modules/base.js:92:26)
      at Object.warn (tests/unit/storage.test.js:11:15)
      at setItem (src/scripts/storage.js:8463:17)
      at saveJSONToStorage (src/scripts/storage.js:12780:18)
      at persistProjectShard (src/scripts/storage.js:12828:5)
          at Array.forEach (<anonymous>)
      at forEach (src/scripts/storage.js:12827:25)
      at persistAllProjects (src/scripts/storage.js:13535:5)
      at Object.saveProject (tests/unit/storage.test.js:1295:5)

  console.log
    DEBUG: getSafeLocalStorage returning object

      at Proxy.apply (src/scripts/modules/base.js:92:26)
          at Array.forEach (<anonymous>)

  console.log
    DEBUG: getSafeLocalStorage returning object

      at Proxy.apply (src/scripts/modules/base.js:92:26)
          at Array.forEach (<anonymous>)

  console.warn
    MOCK SET: cameraPowerPlanner_prj_auto-backup-2024-06-01-02-04-Project Unique = {"__cineAutoBackupSnapshot":{"version":1,"snapshot

      61 |       return undefined;
      62 |     }
    > 63 |     return originalFn(...args);
         |            ^
      64 |   };
      65 | };
      66 |

      at console.<anonymous> (tests/setup/jest.setup.cjs:63:12)
      at console.apply [as warn] (src/scripts/modules/base.js:92:26)
      at Object.warn (tests/unit/storage.test.js:11:15)
      at setItem (src/scripts/storage.js:8463:17)
      at saveJSONToStorage (src/scripts/storage.js:12780:18)
      at persistProjectShard (src/scripts/storage.js:12828:5)
          at Array.forEach (<anonymous>)
      at forEach (src/scripts/storage.js:12827:25)
      at persistAllProjects (src/scripts/storage.js:13535:5)
      at Object.saveProject (tests/unit/storage.test.js:1295:5)

  console.log
    DEBUG: getSafeLocalStorage returning object

      at Proxy.apply (src/scripts/modules/base.js:92:26)
          at Array.forEach (<anonymous>)

  console.log
    DEBUG: getSafeLocalStorage returning object

      at Proxy.apply (src/scripts/modules/base.js:92:26)
          at Array.forEach (<anonymous>)

  console.warn
    MOCK SET: cameraPowerPlanner_prj_auto-backup-2024-06-01-02-05-Project Unique = {"__cineAutoBackupSnapshot":{"version":1,"snapshot

      61 |       return undefined;
      62 |     }
    > 63 |     return originalFn(...args);
         |            ^
      64 |   };
      65 | };
      66 |

      at console.<anonymous> (tests/setup/jest.setup.cjs:63:12)
      at console.apply [as warn] (src/scripts/modules/base.js:92:26)
      at Object.warn (tests/unit/storage.test.js:11:15)
      at setItem (src/scripts/storage.js:8463:17)
      at saveJSONToStorage (src/scripts/storage.js:12780:18)
      at persistProjectShard (src/scripts/storage.js:12828:5)
          at Array.forEach (<anonymous>)
      at forEach (src/scripts/storage.js:12827:25)
      at persistAllProjects (src/scripts/storage.js:13535:5)
      at Object.saveProject (tests/unit/storage.test.js:1295:5)

  console.log
    DEBUG: getSafeLocalStorage returning object

      at Proxy.apply (src/scripts/modules/base.js:92:26)
          at Array.forEach (<anonymous>)

  console.log
    DEBUG: getSafeLocalStorage returning object

      at Proxy.apply (src/scripts/modules/base.js:92:26)
          at Array.forEach (<anonymous>)

  console.warn
    MOCK SET: cameraPowerPlanner_prj_auto-backup-2024-06-01-02-06-Project Unique = {"__cineAutoBackupSnapshot":{"version":1,"snapshot

      61 |       return undefined;
      62 |     }
    > 63 |     return originalFn(...args);
         |            ^
      64 |   };
      65 | };
      66 |

      at console.<anonymous> (tests/setup/jest.setup.cjs:63:12)
      at console.apply [as warn] (src/scripts/modules/base.js:92:26)
      at Object.warn (tests/unit/storage.test.js:11:15)
      at setItem (src/scripts/storage.js:8463:17)
      at saveJSONToStorage (src/scripts/storage.js:12780:18)
      at persistProjectShard (src/scripts/storage.js:12828:5)
          at Array.forEach (<anonymous>)
      at forEach (src/scripts/storage.js:12827:25)
      at persistAllProjects (src/scripts/storage.js:13535:5)
      at Object.saveProject (tests/unit/storage.test.js:1295:5)

  console.log
    DEBUG: getSafeLocalStorage returning object

      at Proxy.apply (src/scripts/modules/base.js:92:26)
          at Array.forEach (<anonymous>)

  console.log
    DEBUG: getSafeLocalStorage returning object

      at Proxy.apply (src/scripts/modules/base.js:92:26)
          at Array.forEach (<anonymous>)

  console.warn
    MOCK SET: cameraPowerPlanner_prj_auto-backup-2024-06-01-02-07-Project Unique = {"__cineAutoBackupSnapshot":{"version":1,"snapshot

      61 |       return undefined;
      62 |     }
    > 63 |     return originalFn(...args);
         |            ^
      64 |   };
      65 | };
      66 |

      at console.<anonymous> (tests/setup/jest.setup.cjs:63:12)
      at console.apply [as warn] (src/scripts/modules/base.js:92:26)
      at Object.warn (tests/unit/storage.test.js:11:15)
      at setItem (src/scripts/storage.js:8463:17)
      at saveJSONToStorage (src/scripts/storage.js:12780:18)
      at persistProjectShard (src/scripts/storage.js:12828:5)
          at Array.forEach (<anonymous>)
      at forEach (src/scripts/storage.js:12827:25)
      at persistAllProjects (src/scripts/storage.js:13535:5)
      at Object.saveProject (tests/unit/storage.test.js:1295:5)

  console.log
    DEBUG: getSafeLocalStorage returning object

      at Proxy.apply (src/scripts/modules/base.js:92:26)
          at Array.forEach (<anonymous>)

  console.log
    DEBUG: getSafeLocalStorage returning object

      at Proxy.apply (src/scripts/modules/base.js:92:26)
          at Array.forEach (<anonymous>)

  console.warn
    MOCK SET: cameraPowerPlanner_prj_auto-backup-2024-06-01-02-08-Project Unique = {"__cineAutoBackupSnapshot":{"version":1,"snapshot

      61 |       return undefined;
      62 |     }
    > 63 |     return originalFn(...args);
         |            ^
      64 |   };
      65 | };
      66 |

      at console.<anonymous> (tests/setup/jest.setup.cjs:63:12)
      at console.apply [as warn] (src/scripts/modules/base.js:92:26)
      at Object.warn (tests/unit/storage.test.js:11:15)
      at setItem (src/scripts/storage.js:8463:17)
      at saveJSONToStorage (src/scripts/storage.js:12780:18)
      at persistProjectShard (src/scripts/storage.js:12828:5)
          at Array.forEach (<anonymous>)
      at forEach (src/scripts/storage.js:12827:25)
      at persistAllProjects (src/scripts/storage.js:13535:5)
      at Object.saveProject (tests/unit/storage.test.js:1295:5)

  console.log
    DEBUG: getSafeLocalStorage returning object

      at Proxy.apply (src/scripts/modules/base.js:92:26)
          at Array.forEach (<anonymous>)

  console.log
    DEBUG: getSafeLocalStorage returning object

      at Proxy.apply (src/scripts/modules/base.js:92:26)
          at Array.forEach (<anonymous>)

  console.warn
    MOCK SET: cameraPowerPlanner_prj_auto-backup-2024-06-01-02-09-Project Unique = {"__cineAutoBackupSnapshot":{"version":1,"snapshot

      61 |       return undefined;
      62 |     }
    > 63 |     return originalFn(...args);
         |            ^
      64 |   };
      65 | };
      66 |

      at console.<anonymous> (tests/setup/jest.setup.cjs:63:12)
      at console.apply [as warn] (src/scripts/modules/base.js:92:26)
      at Object.warn (tests/unit/storage.test.js:11:15)
      at setItem (src/scripts/storage.js:8463:17)
      at saveJSONToStorage (src/scripts/storage.js:12780:18)
      at persistProjectShard (src/scripts/storage.js:12828:5)
          at Array.forEach (<anonymous>)
      at forEach (src/scripts/storage.js:12827:25)
      at persistAllProjects (src/scripts/storage.js:13535:5)
      at Object.saveProject (tests/unit/storage.test.js:1295:5)

  console.log
    DEBUG: getSafeLocalStorage returning object

      at Proxy.apply (src/scripts/modules/base.js:92:26)
          at Array.forEach (<anonymous>)

  console.log
    DEBUG: getSafeLocalStorage returning object

      at Proxy.apply (src/scripts/modules/base.js:92:26)
          at Array.forEach (<anonymous>)

  console.warn
    MOCK SET: cameraPowerPlanner_project__legacyMigrationBackup = [{"createdAt":"2026-01-16T20:14:34.810Z","data":{"

      61 |       return undefined;
      62 |     }
    > 63 |     return originalFn(...args);
         |            ^
      64 |   };
      65 | };
      66 |

      at console.<anonymous> (tests/setup/jest.setup.cjs:63:12)
      at console.apply [as warn] (src/scripts/modules/base.js:92:26)
      at Object.warn (tests/unit/storage.test.js:11:15)
      at setItem (src/scripts/storage.js:5514:19)
      at tryStoreList (src/scripts/storage.js:5521:20)
      at createStorageMigrationBackup (src/scripts/storage.js:12735:7)
      at cleanupMonolithicProjectStorage (src/scripts/storage.js:12832:3)
      at persistAllProjects (src/scripts/storage.js:13535:5)
      at Object.saveProject (tests/unit/storage.test.js:1295:5)

  console.log
    DEBUG: getSafeLocalStorage returning object

      at Proxy.apply (src/scripts/modules/base.js:92:26)

  console.warn
    MOCK SET: cameraPowerPlanner_project_rev = 1

      61 |       return undefined;
      62 |     }
    > 63 |     return originalFn(...args);
         |            ^
      64 |   };
      65 | };
      66 |

      at console.<anonymous> (tests/setup/jest.setup.cjs:63:12)
      at console.apply [as warn] (src/scripts/modules/base.js:92:26)
      at Object.warn (tests/unit/storage.test.js:11:15)
      at setItem (src/scripts/storage.js:8463:17)
      at saveJSONToStorage (src/scripts/storage.js:1859:3)
      at bumpProjectStorageRevision (src/scripts/storage.js:12834:3)
      at persistAllProjects (src/scripts/storage.js:13535:5)
      at Object.saveProject (tests/unit/storage.test.js:1295:5)

  console.warn
    MOCK SET: cameraPowerPlanner_project_rev__backup = 1

      61 |       return undefined;
      62 |     }
    > 63 |     return originalFn(...args);
         |            ^
      64 |   };
      65 | };
      66 |

      at console.<anonymous> (tests/setup/jest.setup.cjs:63:12)
      at console.apply [as warn] (src/scripts/modules/base.js:92:26)
      at Object.warn (tests/unit/storage.test.js:11:15)
      at setItem (src/scripts/storage.js:8524:19)
      at tryStoreCandidate (src/scripts/storage.js:8540:13)
      at attemptBackupWrite (src/scripts/storage.js:8617:26)
      at saveJSONToStorage (src/scripts/storage.js:1859:3)
      at bumpProjectStorageRevision (src/scripts/storage.js:12834:3)
      at persistAllProjects (src/scripts/storage.js:13535:5)
      at Object.saveProject (tests/unit/storage.test.js:1295:5)

  console.log
    DEBUG: getSafeLocalStorage returning object

      at Proxy.apply (src/scripts/modules/base.js:92:26)

  console.log
    DEBUG: getSafeLocalStorage returning object

      at Proxy.apply (src/scripts/modules/base.js:92:26)

  console.warn
    MOCK SET: cameraPowerPlanner_project = null

      61 |       return undefined;
      62 |     }
    > 63 |     return originalFn(...args);
         |            ^
      64 |   };
      65 | };
      66 |

      at console.<anonymous> (tests/setup/jest.setup.cjs:63:12)
      at console.apply [as warn] (src/scripts/modules/base.js:92:26)
      at Object.warn (tests/unit/storage.test.js:11:15)
      at setItem (src/scripts/storage.js:7836:19)
      at attemptMigrationBackupRecovery (src/scripts/storage.js:7949:31)
      at loadJSONFromStorage (src/scripts/storage.js:12437:18)
      at readAllProjectsFromStorage (src/scripts/storage.js:13045:54)
      at Object.loadProject (tests/unit/storage.test.js:1297:20)

  console.warn
    Recovered cameraPowerPlanner_project from migration backup copy.

      61 |       return undefined;
      62 |     }
    > 63 |     return originalFn(...args);
         |            ^
      64 |   };
      65 | };
      66 |

      at console.<anonymous> (tests/setup/jest.setup.cjs:63:12)
      at console.apply [as warn] (src/scripts/modules/base.js:92:26)
      at warn (src/scripts/storage.js:7855:15)
      at attemptMigrationBackupRecovery (src/scripts/storage.js:7949:31)
      at loadJSONFromStorage (src/scripts/storage.js:12437:18)
      at readAllProjectsFromStorage (src/scripts/storage.js:13045:54)
      at Object.loadProject (tests/unit/storage.test.js:1297:20)

  console.log
    DEBUG: getSafeLocalStorage returning object

      at Proxy.apply (src/scripts/modules/base.js:92:26)

  console.log
    DEBUG: getSafeLocalStorage returning object

      at Proxy.apply (src/scripts/modules/base.js:92:26)

  console.log
    DEBUG: getSafeLocalStorage returning object

      at Proxy.apply (src/scripts/modules/base.js:92:26)

  console.log
    DEBUG: getSafeLocalStorage returning object

      at Proxy.apply (src/scripts/modules/base.js:92:26)

  console.log
    DEBUG: getSafeLocalStorage returning object

      at Proxy.apply (src/scripts/modules/base.js:92:26)

  console.log
    DEBUG: getSafeLocalStorage returning object

      at Proxy.apply (src/scripts/modules/base.js:92:26)

  console.log
    DEBUG: getSafeLocalStorage returning object

      at Proxy.apply (src/scripts/modules/base.js:92:26)

  console.log
    DEBUG: getSafeLocalStorage returning object

      at Proxy.apply (src/scripts/modules/base.js:92:26)

  console.log
    DEBUG: getSafeLocalStorage returning object

      at Proxy.apply (src/scripts/modules/base.js:92:26)

  console.log
    DEBUG: getSafeLocalStorage returning object

      at Proxy.apply (src/scripts/modules/base.js:92:26)

  console.log
    DEBUG: getSafeLocalStorage returning object

      at Proxy.apply (src/scripts/modules/base.js:92:26)

  console.log
    DEBUG: getSafeLocalStorage returning object

      at Proxy.apply (src/scripts/modules/base.js:92:26)

  console.warn
    MOCK SET: cameraPowerPlanner_prj_Overwrite Demo = {"gearList":"<ul>Initial</ul>","projectInfo":{"not

      61 |       return undefined;
      62 |     }
    > 63 |     return originalFn(...args);
         |            ^
      64 |   };
      65 | };
      66 |

      at console.<anonymous> (tests/setup/jest.setup.cjs:63:12)
      at console.apply [as warn] (src/scripts/modules/base.js:92:26)
      at Object.warn (tests/unit/storage.test.js:11:15)
      at setItem (src/scripts/storage.js:8463:17)
      at saveJSONToStorage (src/scripts/storage.js:12780:18)
      at persistProjectShard (src/scripts/storage.js:13513:20)
      at Object.saveProject (tests/unit/storage.test.js:1320:5)

  console.log
    DEBUG: getSafeLocalStorage returning object

      at Proxy.apply (src/scripts/modules/base.js:92:26)

  console.log
    DEBUG: getSafeLocalStorage returning object

      at Proxy.apply (src/scripts/modules/base.js:92:26)
          at Array.forEach (<anonymous>)

  console.log
    DEBUG: getSafeLocalStorage returning object

      at Proxy.apply (src/scripts/modules/base.js:92:26)
          at Array.forEach (<anonymous>)

  console.log
    DEBUG: getSafeLocalStorage returning object

      at Proxy.apply (src/scripts/modules/base.js:92:26)

  console.warn
    MOCK SET: cameraPowerPlanner_project_rev = 1

      61 |       return undefined;
      62 |     }
    > 63 |     return originalFn(...args);
         |            ^
      64 |   };
      65 | };
      66 |

      at console.<anonymous> (tests/setup/jest.setup.cjs:63:12)
      at console.apply [as warn] (src/scripts/modules/base.js:92:26)
      at Object.warn (tests/unit/storage.test.js:11:15)
      at setItem (src/scripts/storage.js:8463:17)
      at saveJSONToStorage (src/scripts/storage.js:1859:3)
      at bumpProjectStorageRevision (src/scripts/storage.js:12834:3)
      at persistAllProjects (src/scripts/storage.js:13535:5)
      at Object.saveProject (tests/unit/storage.test.js:1320:5)

  console.warn
    MOCK SET: cameraPowerPlanner_project_rev__backup = 1

      61 |       return undefined;
      62 |     }
    > 63 |     return originalFn(...args);
         |            ^
      64 |   };
      65 | };
      66 |

      at console.<anonymous> (tests/setup/jest.setup.cjs:63:12)
      at console.apply [as warn] (src/scripts/modules/base.js:92:26)
      at Object.warn (tests/unit/storage.test.js:11:15)
      at setItem (src/scripts/storage.js:8524:19)
      at tryStoreCandidate (src/scripts/storage.js:8540:13)
      at attemptBackupWrite (src/scripts/storage.js:8617:26)
      at saveJSONToStorage (src/scripts/storage.js:1859:3)
      at bumpProjectStorageRevision (src/scripts/storage.js:12834:3)
      at persistAllProjects (src/scripts/storage.js:13535:5)
      at Object.saveProject (tests/unit/storage.test.js:1320:5)

  console.log
    DEBUG: getSafeLocalStorage returning object

      at Proxy.apply (src/scripts/modules/base.js:92:26)

  console.log
    DEBUG: getSafeLocalStorage returning object

      at Proxy.apply (src/scripts/modules/base.js:92:26)

  console.log
    DEBUG: getSafeLocalStorage returning object

      at Proxy.apply (src/scripts/modules/base.js:92:26)

  console.log
    DEBUG: getSafeLocalStorage returning object

      at Proxy.apply (src/scripts/modules/base.js:92:26)

  console.log
    DEBUG: getSafeLocalStorage returning object

      at Proxy.apply (src/scripts/modules/base.js:92:26)

  console.log
    DEBUG: getSafeLocalStorage returning object

      at Proxy.apply (src/scripts/modules/base.js:92:26)

  console.log
    DEBUG: getSafeLocalStorage returning object

      at Proxy.apply (src/scripts/modules/base.js:92:26)

  console.log
    DEBUG: getSafeLocalStorage returning object

      at Proxy.apply (src/scripts/modules/base.js:92:26)

  console.warn
    MOCK SET: cameraPowerPlanner_prj_Overwrite Demo = {"gearList":"<ul>Updated</ul>","projectInfo":{"not

      61 |       return undefined;
      62 |     }
    > 63 |     return originalFn(...args);
         |            ^
      64 |   };
      65 | };
      66 |

      at console.<anonymous> (tests/setup/jest.setup.cjs:63:12)
      at console.apply [as warn] (src/scripts/modules/base.js:92:26)
      at Object.warn (tests/unit/storage.test.js:11:15)
      at setItem (src/scripts/storage.js:8463:17)
      at saveJSONToStorage (src/scripts/storage.js:12780:18)
      at persistProjectShard (src/scripts/storage.js:13513:20)
      at Object.saveProject (tests/unit/storage.test.js:1330:5)

  console.log
    DEBUG: getSafeLocalStorage returning object

      at Proxy.apply (src/scripts/modules/base.js:92:26)

  console.log
    DEBUG: getSafeLocalStorage returning object

      at Proxy.apply (src/scripts/modules/base.js:92:26)
          at Array.forEach (<anonymous>)

  console.log
    DEBUG: getSafeLocalStorage returning object

      at Proxy.apply (src/scripts/modules/base.js:92:26)
          at Array.forEach (<anonymous>)

  console.log
    DEBUG: getSafeLocalStorage returning object

      at Proxy.apply (src/scripts/modules/base.js:92:26)
          at Array.forEach (<anonymous>)

  console.log
    DEBUG: getSafeLocalStorage returning object

      at Proxy.apply (src/scripts/modules/base.js:92:26)
          at Array.forEach (<anonymous>)

  console.warn
    MOCK SET: cameraPowerPlanner_prj_auto-backup-2024-05-01-12-21-30-Overwrite Demo = {"__cineAutoBackupSnapshot":{"version":1,"snapshot

      61 |       return undefined;
      62 |     }
    > 63 |     return originalFn(...args);
         |            ^
      64 |   };
      65 | };
      66 |

      at console.<anonymous> (tests/setup/jest.setup.cjs:63:12)
      at console.apply [as warn] (src/scripts/modules/base.js:92:26)
      at Object.warn (tests/unit/storage.test.js:11:15)
      at setItem (src/scripts/storage.js:8463:17)
      at saveJSONToStorage (src/scripts/storage.js:12780:18)
      at persistProjectShard (src/scripts/storage.js:12828:5)
          at Array.forEach (<anonymous>)
      at forEach (src/scripts/storage.js:12827:25)
      at persistAllProjects (src/scripts/storage.js:13535:5)
      at Object.saveProject (tests/unit/storage.test.js:1330:5)

  console.log
    DEBUG: getSafeLocalStorage returning object

      at Proxy.apply (src/scripts/modules/base.js:92:26)

  console.warn
    MOCK SET: cameraPowerPlanner_project_rev = 2

      61 |       return undefined;
      62 |     }
    > 63 |     return originalFn(...args);
         |            ^
      64 |   };
      65 | };
      66 |

      at console.<anonymous> (tests/setup/jest.setup.cjs:63:12)
      at console.apply [as warn] (src/scripts/modules/base.js:92:26)
      at Object.warn (tests/unit/storage.test.js:11:15)
      at setItem (src/scripts/storage.js:8463:17)
      at saveJSONToStorage (src/scripts/storage.js:1859:3)
      at bumpProjectStorageRevision (src/scripts/storage.js:12834:3)
      at persistAllProjects (src/scripts/storage.js:13535:5)
      at Object.saveProject (tests/unit/storage.test.js:1330:5)

  console.warn
    MOCK SET: cameraPowerPlanner_project_rev__backup = 2

      61 |       return undefined;
      62 |     }
    > 63 |     return originalFn(...args);
         |            ^
      64 |   };
      65 | };
      66 |

      at console.<anonymous> (tests/setup/jest.setup.cjs:63:12)
      at console.apply [as warn] (src/scripts/modules/base.js:92:26)
      at Object.warn (tests/unit/storage.test.js:11:15)
      at setItem (src/scripts/storage.js:8524:19)
      at tryStoreCandidate (src/scripts/storage.js:8540:13)
      at attemptBackupWrite (src/scripts/storage.js:8617:26)
      at saveJSONToStorage (src/scripts/storage.js:1859:3)
      at bumpProjectStorageRevision (src/scripts/storage.js:12834:3)
      at persistAllProjects (src/scripts/storage.js:13535:5)
      at Object.saveProject (tests/unit/storage.test.js:1330:5)

  console.log
    DEBUG: getSafeLocalStorage returning object

      at Proxy.apply (src/scripts/modules/base.js:92:26)

  console.log
    DEBUG: getSafeLocalStorage returning object

      at Proxy.apply (src/scripts/modules/base.js:92:26)

  console.log
    DEBUG: getSafeLocalStorage returning object

      at Proxy.apply (src/scripts/modules/base.js:92:26)

  console.log
    DEBUG: getSafeLocalStorage returning object

      at Proxy.apply (src/scripts/modules/base.js:92:26)

  console.log
    DEBUG: getSafeLocalStorage returning object

      at Proxy.apply (src/scripts/modules/base.js:92:26)

  console.log
    DEBUG: getSafeLocalStorage returning object

      at Proxy.apply (src/scripts/modules/base.js:92:26)

  console.log
    DEBUG: getSafeLocalStorage returning object

      at Proxy.apply (src/scripts/modules/base.js:92:26)

  console.log
    DEBUG: getSafeLocalStorage returning object

      at Proxy.apply (src/scripts/modules/base.js:92:26)

  console.log
    DEBUG: getSafeLocalStorage returning object

      at Proxy.apply (src/scripts/modules/base.js:92:26)

  console.log
    DEBUG: getSafeLocalStorage returning object

      at Proxy.apply (src/scripts/modules/base.js:92:26)

  console.log
    DEBUG: getSafeLocalStorage returning object

      at Proxy.apply (src/scripts/modules/base.js:92:26)

  console.warn
    MOCK SET: cameraPowerPlanner_prj_Same Minute = {"gearList":"<ul>Initial</ul>","projectInfo":null,

      61 |       return undefined;
      62 |     }
    > 63 |     return originalFn(...args);
         |            ^
      64 |   };
      65 | };
      66 |

      at console.<anonymous> (tests/setup/jest.setup.cjs:63:12)
      at console.apply [as warn] (src/scripts/modules/base.js:92:26)
      at Object.warn (tests/unit/storage.test.js:11:15)
      at setItem (src/scripts/storage.js:8463:17)
      at saveJSONToStorage (src/scripts/storage.js:12780:18)
      at persistProjectShard (src/scripts/storage.js:13513:20)
      at Object.saveProject (tests/unit/storage.test.js:1367:5)

  console.log
    DEBUG: getSafeLocalStorage returning object

      at Proxy.apply (src/scripts/modules/base.js:92:26)

  console.log
    DEBUG: getSafeLocalStorage returning object

      at Proxy.apply (src/scripts/modules/base.js:92:26)
          at Array.forEach (<anonymous>)

  console.log
    DEBUG: getSafeLocalStorage returning object

      at Proxy.apply (src/scripts/modules/base.js:92:26)
          at Array.forEach (<anonymous>)

  console.log
    DEBUG: getSafeLocalStorage returning object

      at Proxy.apply (src/scripts/modules/base.js:92:26)

  console.warn
    MOCK SET: cameraPowerPlanner_project_rev = 1

      61 |       return undefined;
      62 |     }
    > 63 |     return originalFn(...args);
         |            ^
      64 |   };
      65 | };
      66 |

      at console.<anonymous> (tests/setup/jest.setup.cjs:63:12)
      at console.apply [as warn] (src/scripts/modules/base.js:92:26)
      at Object.warn (tests/unit/storage.test.js:11:15)
      at setItem (src/scripts/storage.js:8463:17)
      at saveJSONToStorage (src/scripts/storage.js:1859:3)
      at bumpProjectStorageRevision (src/scripts/storage.js:12834:3)
      at persistAllProjects (src/scripts/storage.js:13535:5)
      at Object.saveProject (tests/unit/storage.test.js:1367:5)

  console.warn
    MOCK SET: cameraPowerPlanner_project_rev__backup = 1

      61 |       return undefined;
      62 |     }
    > 63 |     return originalFn(...args);
         |            ^
      64 |   };
      65 | };
      66 |

      at console.<anonymous> (tests/setup/jest.setup.cjs:63:12)
      at console.apply [as warn] (src/scripts/modules/base.js:92:26)
      at Object.warn (tests/unit/storage.test.js:11:15)
      at setItem (src/scripts/storage.js:8524:19)
      at tryStoreCandidate (src/scripts/storage.js:8540:13)
      at attemptBackupWrite (src/scripts/storage.js:8617:26)
      at saveJSONToStorage (src/scripts/storage.js:1859:3)
      at bumpProjectStorageRevision (src/scripts/storage.js:12834:3)
      at persistAllProjects (src/scripts/storage.js:13535:5)
      at Object.saveProject (tests/unit/storage.test.js:1367:5)

  console.log
    DEBUG: getSafeLocalStorage returning object

      at Proxy.apply (src/scripts/modules/base.js:92:26)

  console.log
    DEBUG: getSafeLocalStorage returning object

      at Proxy.apply (src/scripts/modules/base.js:92:26)

  console.log
    DEBUG: getSafeLocalStorage returning object

      at Proxy.apply (src/scripts/modules/base.js:92:26)

  console.log
    DEBUG: getSafeLocalStorage returning object

      at Proxy.apply (src/scripts/modules/base.js:92:26)

  console.log
    DEBUG: getSafeLocalStorage returning object

      at Proxy.apply (src/scripts/modules/base.js:92:26)

  console.log
    DEBUG: getSafeLocalStorage returning object

      at Proxy.apply (src/scripts/modules/base.js:92:26)

  console.log
    DEBUG: getSafeLocalStorage returning object

      at Proxy.apply (src/scripts/modules/base.js:92:26)

  console.log
    DEBUG: getSafeLocalStorage returning object

      at Proxy.apply (src/scripts/modules/base.js:92:26)

  console.warn
    MOCK SET: cameraPowerPlanner_prj_Same Minute = {"gearList":"<ul>Update 1</ul>","projectInfo":null

      61 |       return undefined;
      62 |     }
    > 63 |     return originalFn(...args);
         |            ^
      64 |   };
      65 | };
      66 |

      at console.<anonymous> (tests/setup/jest.setup.cjs:63:12)
      at console.apply [as warn] (src/scripts/modules/base.js:92:26)
      at Object.warn (tests/unit/storage.test.js:11:15)
      at setItem (src/scripts/storage.js:8463:17)
      at saveJSONToStorage (src/scripts/storage.js:12780:18)
      at persistProjectShard (src/scripts/storage.js:13513:20)
      at Object.saveProject (tests/unit/storage.test.js:1368:5)

  console.log
    DEBUG: getSafeLocalStorage returning object

      at Proxy.apply (src/scripts/modules/base.js:92:26)

  console.log
    DEBUG: getSafeLocalStorage returning object

      at Proxy.apply (src/scripts/modules/base.js:92:26)
          at Array.forEach (<anonymous>)

  console.log
    DEBUG: getSafeLocalStorage returning object

      at Proxy.apply (src/scripts/modules/base.js:92:26)
          at Array.forEach (<anonymous>)

  console.log
    DEBUG: getSafeLocalStorage returning object

      at Proxy.apply (src/scripts/modules/base.js:92:26)
          at Array.forEach (<anonymous>)

  console.log
    DEBUG: getSafeLocalStorage returning object

      at Proxy.apply (src/scripts/modules/base.js:92:26)
          at Array.forEach (<anonymous>)

  console.warn
    MOCK SET: cameraPowerPlanner_prj_auto-backup-2024-06-10-14-34-05-Same Minute = {"__cineAutoBackupSnapshot":{"version":1,"snapshot

      61 |       return undefined;
      62 |     }
    > 63 |     return originalFn(...args);
         |            ^
      64 |   };
      65 | };
      66 |

      at console.<anonymous> (tests/setup/jest.setup.cjs:63:12)
      at console.apply [as warn] (src/scripts/modules/base.js:92:26)
      at Object.warn (tests/unit/storage.test.js:11:15)
      at setItem (src/scripts/storage.js:8463:17)
      at saveJSONToStorage (src/scripts/storage.js:12780:18)
      at persistProjectShard (src/scripts/storage.js:12828:5)
          at Array.forEach (<anonymous>)
      at forEach (src/scripts/storage.js:12827:25)
      at persistAllProjects (src/scripts/storage.js:13535:5)
      at Object.saveProject (tests/unit/storage.test.js:1368:5)

  console.log
    DEBUG: getSafeLocalStorage returning object

      at Proxy.apply (src/scripts/modules/base.js:92:26)

  console.warn
    MOCK SET: cameraPowerPlanner_project_rev = 2

      61 |       return undefined;
      62 |     }
    > 63 |     return originalFn(...args);
         |            ^
      64 |   };
      65 | };
      66 |

      at console.<anonymous> (tests/setup/jest.setup.cjs:63:12)
      at console.apply [as warn] (src/scripts/modules/base.js:92:26)
      at Object.warn (tests/unit/storage.test.js:11:15)
      at setItem (src/scripts/storage.js:8463:17)
      at saveJSONToStorage (src/scripts/storage.js:1859:3)
      at bumpProjectStorageRevision (src/scripts/storage.js:12834:3)
      at persistAllProjects (src/scripts/storage.js:13535:5)
      at Object.saveProject (tests/unit/storage.test.js:1368:5)

  console.warn
    MOCK SET: cameraPowerPlanner_project_rev__backup = 2

      61 |       return undefined;
      62 |     }
    > 63 |     return originalFn(...args);
         |            ^
      64 |   };
      65 | };
      66 |

      at console.<anonymous> (tests/setup/jest.setup.cjs:63:12)
      at console.apply [as warn] (src/scripts/modules/base.js:92:26)
      at Object.warn (tests/unit/storage.test.js:11:15)
      at setItem (src/scripts/storage.js:8524:19)
      at tryStoreCandidate (src/scripts/storage.js:8540:13)
      at attemptBackupWrite (src/scripts/storage.js:8617:26)
      at saveJSONToStorage (src/scripts/storage.js:1859:3)
      at bumpProjectStorageRevision (src/scripts/storage.js:12834:3)
      at persistAllProjects (src/scripts/storage.js:13535:5)
      at Object.saveProject (tests/unit/storage.test.js:1368:5)

  console.log
    DEBUG: getSafeLocalStorage returning object

      at Proxy.apply (src/scripts/modules/base.js:92:26)

  console.log
    DEBUG: getSafeLocalStorage returning object

      at Proxy.apply (src/scripts/modules/base.js:92:26)

  console.log
    DEBUG: getSafeLocalStorage returning object

      at Proxy.apply (src/scripts/modules/base.js:92:26)

  console.log
    DEBUG: getSafeLocalStorage returning object

      at Proxy.apply (src/scripts/modules/base.js:92:26)

  console.log
    DEBUG: getSafeLocalStorage returning object

      at Proxy.apply (src/scripts/modules/base.js:92:26)

  console.log
    DEBUG: getSafeLocalStorage returning object

      at Proxy.apply (src/scripts/modules/base.js:92:26)

  console.log
    DEBUG: getSafeLocalStorage returning object

      at Proxy.apply (src/scripts/modules/base.js:92:26)

  console.log
    DEBUG: getSafeLocalStorage returning object

      at Proxy.apply (src/scripts/modules/base.js:92:26)

  console.warn
    MOCK SET: cameraPowerPlanner_prj_Same Minute = {"gearList":"<ul>Update 2</ul>","projectInfo":null

      61 |       return undefined;
      62 |     }
    > 63 |     return originalFn(...args);
         |            ^
      64 |   };
      65 | };
      66 |

      at console.<anonymous> (tests/setup/jest.setup.cjs:63:12)
      at console.apply [as warn] (src/scripts/modules/base.js:92:26)
      at Object.warn (tests/unit/storage.test.js:11:15)
      at setItem (src/scripts/storage.js:8463:17)
      at saveJSONToStorage (src/scripts/storage.js:12780:18)
      at persistProjectShard (src/scripts/storage.js:13513:20)
      at Object.saveProject (tests/unit/storage.test.js:1369:5)

  console.log
    DEBUG: getSafeLocalStorage returning object

      at Proxy.apply (src/scripts/modules/base.js:92:26)

  console.log
    DEBUG: getSafeLocalStorage returning object

      at Proxy.apply (src/scripts/modules/base.js:92:26)
          at Array.forEach (<anonymous>)

  console.log
    DEBUG: getSafeLocalStorage returning object

      at Proxy.apply (src/scripts/modules/base.js:92:26)
          at Array.forEach (<anonymous>)

  console.log
    DEBUG: getSafeLocalStorage returning object

      at Proxy.apply (src/scripts/modules/base.js:92:26)
          at Array.forEach (<anonymous>)

  console.log
    DEBUG: getSafeLocalStorage returning object

      at Proxy.apply (src/scripts/modules/base.js:92:26)
          at Array.forEach (<anonymous>)

  console.log
    DEBUG: getSafeLocalStorage returning object

      at Proxy.apply (src/scripts/modules/base.js:92:26)
          at Array.forEach (<anonymous>)

  console.log
    DEBUG: getSafeLocalStorage returning object

      at Proxy.apply (src/scripts/modules/base.js:92:26)
          at Array.forEach (<anonymous>)

  console.warn
    MOCK SET: cameraPowerPlanner_prj_auto-backup-2024-06-10-14-34-05-Same Minute-2 = {"__cineAutoBackupSnapshot":{"version":1,"snapshot

      61 |       return undefined;
      62 |     }
    > 63 |     return originalFn(...args);
         |            ^
      64 |   };
      65 | };
      66 |

      at console.<anonymous> (tests/setup/jest.setup.cjs:63:12)
      at console.apply [as warn] (src/scripts/modules/base.js:92:26)
      at Object.warn (tests/unit/storage.test.js:11:15)
      at setItem (src/scripts/storage.js:8463:17)
      at saveJSONToStorage (src/scripts/storage.js:12780:18)
      at persistProjectShard (src/scripts/storage.js:12828:5)
          at Array.forEach (<anonymous>)
      at forEach (src/scripts/storage.js:12827:25)
      at persistAllProjects (src/scripts/storage.js:13535:5)
      at Object.saveProject (tests/unit/storage.test.js:1369:5)

  console.log
    DEBUG: getSafeLocalStorage returning object

      at Proxy.apply (src/scripts/modules/base.js:92:26)

  console.warn
    MOCK SET: cameraPowerPlanner_project_rev = 3

      61 |       return undefined;
      62 |     }
    > 63 |     return originalFn(...args);
         |            ^
      64 |   };
      65 | };
      66 |

      at console.<anonymous> (tests/setup/jest.setup.cjs:63:12)
      at console.apply [as warn] (src/scripts/modules/base.js:92:26)
      at Object.warn (tests/unit/storage.test.js:11:15)
      at setItem (src/scripts/storage.js:8463:17)
      at saveJSONToStorage (src/scripts/storage.js:1859:3)
      at bumpProjectStorageRevision (src/scripts/storage.js:12834:3)
      at persistAllProjects (src/scripts/storage.js:13535:5)
      at Object.saveProject (tests/unit/storage.test.js:1369:5)

  console.warn
    MOCK SET: cameraPowerPlanner_project_rev__backup = 3

      61 |       return undefined;
      62 |     }
    > 63 |     return originalFn(...args);
         |            ^
      64 |   };
      65 | };
      66 |

      at console.<anonymous> (tests/setup/jest.setup.cjs:63:12)
      at console.apply [as warn] (src/scripts/modules/base.js:92:26)
      at Object.warn (tests/unit/storage.test.js:11:15)
      at setItem (src/scripts/storage.js:8524:19)
      at tryStoreCandidate (src/scripts/storage.js:8540:13)
      at attemptBackupWrite (src/scripts/storage.js:8617:26)
      at saveJSONToStorage (src/scripts/storage.js:1859:3)
      at bumpProjectStorageRevision (src/scripts/storage.js:12834:3)
      at persistAllProjects (src/scripts/storage.js:13535:5)
      at Object.saveProject (tests/unit/storage.test.js:1369:5)

  console.log
    DEBUG: getSafeLocalStorage returning object

      at Proxy.apply (src/scripts/modules/base.js:92:26)

  console.log
    DEBUG: getSafeLocalStorage returning object

      at Proxy.apply (src/scripts/modules/base.js:92:26)

  console.log
    DEBUG: getSafeLocalStorage returning object

      at Proxy.apply (src/scripts/modules/base.js:92:26)

  console.log
    DEBUG: getSafeLocalStorage returning object

      at Proxy.apply (src/scripts/modules/base.js:92:26)

  console.log
    DEBUG: getSafeLocalStorage returning object

      at Proxy.apply (src/scripts/modules/base.js:92:26)

  console.log
    DEBUG: getSafeLocalStorage returning object

      at Proxy.apply (src/scripts/modules/base.js:92:26)

  console.log
    DEBUG: getSafeLocalStorage returning object

      at Proxy.apply (src/scripts/modules/base.js:92:26)

  console.log
    DEBUG: getSafeLocalStorage returning object

      at Proxy.apply (src/scripts/modules/base.js:92:26)

  console.log
    DEBUG: getSafeLocalStorage returning object

      at Proxy.apply (src/scripts/modules/base.js:92:26)

  console.log
    DEBUG: getSafeLocalStorage returning object

      at Proxy.apply (src/scripts/modules/base.js:92:26)

  console.log
    DEBUG: getSafeLocalStorage returning object

      at Proxy.apply (src/scripts/modules/base.js:92:26)

  console.warn
    MOCK SET: cameraPowerPlanner_prj_No Change = {"gearList":"<ul>Same</ul>","projectInfo":null,"ge

      61 |       return undefined;
      62 |     }
    > 63 |     return originalFn(...args);
         |            ^
      64 |   };
      65 | };
      66 |

      at console.<anonymous> (tests/setup/jest.setup.cjs:63:12)
      at console.apply [as warn] (src/scripts/modules/base.js:92:26)
      at Object.warn (tests/unit/storage.test.js:11:15)
      at setItem (src/scripts/storage.js:8463:17)
      at saveJSONToStorage (src/scripts/storage.js:12780:18)
      at persistProjectShard (src/scripts/storage.js:13513:20)
      at Object.saveProject (tests/unit/storage.test.js:1392:5)

  console.log
    DEBUG: getSafeLocalStorage returning object

      at Proxy.apply (src/scripts/modules/base.js:92:26)

  console.log
    DEBUG: getSafeLocalStorage returning object

      at Proxy.apply (src/scripts/modules/base.js:92:26)
          at Array.forEach (<anonymous>)

  console.log
    DEBUG: getSafeLocalStorage returning object

      at Proxy.apply (src/scripts/modules/base.js:92:26)
          at Array.forEach (<anonymous>)

  console.log
    DEBUG: getSafeLocalStorage returning object

      at Proxy.apply (src/scripts/modules/base.js:92:26)

  console.warn
    MOCK SET: cameraPowerPlanner_project_rev = 1

      61 |       return undefined;
      62 |     }
    > 63 |     return originalFn(...args);
         |            ^
      64 |   };
      65 | };
      66 |

      at console.<anonymous> (tests/setup/jest.setup.cjs:63:12)
      at console.apply [as warn] (src/scripts/modules/base.js:92:26)
      at Object.warn (tests/unit/storage.test.js:11:15)
      at setItem (src/scripts/storage.js:8463:17)
      at saveJSONToStorage (src/scripts/storage.js:1859:3)
      at bumpProjectStorageRevision (src/scripts/storage.js:12834:3)
      at persistAllProjects (src/scripts/storage.js:13535:5)
      at Object.saveProject (tests/unit/storage.test.js:1392:5)

  console.warn
    MOCK SET: cameraPowerPlanner_project_rev__backup = 1

      61 |       return undefined;
      62 |     }
    > 63 |     return originalFn(...args);
         |            ^
      64 |   };
      65 | };
      66 |

      at console.<anonymous> (tests/setup/jest.setup.cjs:63:12)
      at console.apply [as warn] (src/scripts/modules/base.js:92:26)
      at Object.warn (tests/unit/storage.test.js:11:15)
      at setItem (src/scripts/storage.js:8524:19)
      at tryStoreCandidate (src/scripts/storage.js:8540:13)
      at attemptBackupWrite (src/scripts/storage.js:8617:26)
      at saveJSONToStorage (src/scripts/storage.js:1859:3)
      at bumpProjectStorageRevision (src/scripts/storage.js:12834:3)
      at persistAllProjects (src/scripts/storage.js:13535:5)
      at Object.saveProject (tests/unit/storage.test.js:1392:5)

  console.log
    DEBUG: getSafeLocalStorage returning object

      at Proxy.apply (src/scripts/modules/base.js:92:26)

  console.log
    DEBUG: getSafeLocalStorage returning object

      at Proxy.apply (src/scripts/modules/base.js:92:26)

  console.log
    DEBUG: getSafeLocalStorage returning object

      at Proxy.apply (src/scripts/modules/base.js:92:26)

  console.log
    DEBUG: getSafeLocalStorage returning object

      at Proxy.apply (src/scripts/modules/base.js:92:26)

  console.log
    DEBUG: getSafeLocalStorage returning object

      at Proxy.apply (src/scripts/modules/base.js:92:26)

  console.log
    DEBUG: getSafeLocalStorage returning object

      at Proxy.apply (src/scripts/modules/base.js:92:26)

  console.log
    DEBUG: getSafeLocalStorage returning object

      at Proxy.apply (src/scripts/modules/base.js:92:26)

  console.log
    DEBUG: getSafeLocalStorage returning object

      at Proxy.apply (src/scripts/modules/base.js:92:26)

  console.log
    DEBUG: getSafeLocalStorage returning object

      at Proxy.apply (src/scripts/modules/base.js:92:26)

  console.log
    DEBUG: getSafeLocalStorage returning object

      at Proxy.apply (src/scripts/modules/base.js:92:26)
          at Array.forEach (<anonymous>)

  console.log
    DEBUG: getSafeLocalStorage returning object

      at Proxy.apply (src/scripts/modules/base.js:92:26)
          at Array.forEach (<anonymous>)

  console.log
    DEBUG: getSafeLocalStorage returning object

      at Proxy.apply (src/scripts/modules/base.js:92:26)

  console.warn
    MOCK SET: cameraPowerPlanner_project_rev = 2

      61 |       return undefined;
      62 |     }
    > 63 |     return originalFn(...args);
         |            ^
      64 |   };
      65 | };
      66 |

      at console.<anonymous> (tests/setup/jest.setup.cjs:63:12)
      at console.apply [as warn] (src/scripts/modules/base.js:92:26)
      at Object.warn (tests/unit/storage.test.js:11:15)
      at setItem (src/scripts/storage.js:8463:17)
      at saveJSONToStorage (src/scripts/storage.js:1859:3)
      at bumpProjectStorageRevision (src/scripts/storage.js:12834:3)
      at persistAllProjects (src/scripts/storage.js:13535:5)
      at Object.saveProject (tests/unit/storage.test.js:1395:5)

  console.warn
    MOCK SET: cameraPowerPlanner_project_rev__backup = 2

      61 |       return undefined;
      62 |     }
    > 63 |     return originalFn(...args);
         |            ^
      64 |   };
      65 | };
      66 |

      at console.<anonymous> (tests/setup/jest.setup.cjs:63:12)
      at console.apply [as warn] (src/scripts/modules/base.js:92:26)
      at Object.warn (tests/unit/storage.test.js:11:15)
      at setItem (src/scripts/storage.js:8524:19)
      at tryStoreCandidate (src/scripts/storage.js:8540:13)
      at attemptBackupWrite (src/scripts/storage.js:8617:26)
      at saveJSONToStorage (src/scripts/storage.js:1859:3)
      at bumpProjectStorageRevision (src/scripts/storage.js:12834:3)
      at persistAllProjects (src/scripts/storage.js:13535:5)
      at Object.saveProject (tests/unit/storage.test.js:1395:5)

  console.log
    DEBUG: getSafeLocalStorage returning object

      at Proxy.apply (src/scripts/modules/base.js:92:26)

  console.log
    DEBUG: getSafeLocalStorage returning object

      at Proxy.apply (src/scripts/modules/base.js:92:26)

  console.log
    DEBUG: getSafeLocalStorage returning object

      at Proxy.apply (src/scripts/modules/base.js:92:26)

  console.log
    DEBUG: getSafeLocalStorage returning object

      at Proxy.apply (src/scripts/modules/base.js:92:26)

  console.log
    DEBUG: getSafeLocalStorage returning object

      at Proxy.apply (src/scripts/modules/base.js:92:26)

  console.log
    DEBUG: getSafeLocalStorage returning object

      at Proxy.apply (src/scripts/modules/base.js:92:26)

  console.log
    DEBUG: getSafeLocalStorage returning object

      at Proxy.apply (src/scripts/modules/base.js:92:26)

  console.log
    DEBUG: getSafeLocalStorage returning object

      at Proxy.apply (src/scripts/modules/base.js:92:26)

  console.log
    DEBUG: getSafeLocalStorage returning object

      at Proxy.apply (src/scripts/modules/base.js:92:26)

  console.log
    DEBUG: getSafeLocalStorage returning object

      at Proxy.apply (src/scripts/modules/base.js:92:26)

  console.log
    DEBUG: getSafeLocalStorage returning object

      at Proxy.apply (src/scripts/modules/base.js:92:26)

  console.warn
    MOCK SET: cameraPowerPlanner_prj_auto-backup-2024-05-03-09-15-00-Reference = {"__cineAutoBackupSnapshot":{"version":1,"snapshot

      61 |       return undefined;
      62 |     }
    > 63 |     return originalFn(...args);
         |            ^
      64 |   };
      65 | };
      66 |

      at console.<anonymous> (tests/setup/jest.setup.cjs:63:12)
      at console.apply [as warn] (src/scripts/modules/base.js:92:26)
      at Object.warn (tests/unit/storage.test.js:11:15)
      at setItem (src/scripts/storage.js:8463:17)
      at saveJSONToStorage (src/scripts/storage.js:12780:18)
      at persistProjectShard (src/scripts/storage.js:13513:20)
      at Object.saveProject (tests/unit/storage.test.js:1408:5)

  console.log
    DEBUG: getSafeLocalStorage returning object

      at Proxy.apply (src/scripts/modules/base.js:92:26)

  console.log
    DEBUG: getSafeLocalStorage returning object

      at Proxy.apply (src/scripts/modules/base.js:92:26)
          at Array.forEach (<anonymous>)

  console.log
    DEBUG: getSafeLocalStorage returning object

      at Proxy.apply (src/scripts/modules/base.js:92:26)
          at Array.forEach (<anonymous>)

  console.log
    DEBUG: getSafeLocalStorage returning object

      at Proxy.apply (src/scripts/modules/base.js:92:26)

  console.warn
    MOCK SET: cameraPowerPlanner_project_rev = 1

      61 |       return undefined;
      62 |     }
    > 63 |     return originalFn(...args);
         |            ^
      64 |   };
      65 | };
      66 |

      at console.<anonymous> (tests/setup/jest.setup.cjs:63:12)
      at console.apply [as warn] (src/scripts/modules/base.js:92:26)
      at Object.warn (tests/unit/storage.test.js:11:15)
      at setItem (src/scripts/storage.js:8463:17)
      at saveJSONToStorage (src/scripts/storage.js:1859:3)
      at bumpProjectStorageRevision (src/scripts/storage.js:12834:3)
      at persistAllProjects (src/scripts/storage.js:13535:5)
      at Object.saveProject (tests/unit/storage.test.js:1408:5)

  console.warn
    MOCK SET: cameraPowerPlanner_project_rev__backup = 1

      61 |       return undefined;
      62 |     }
    > 63 |     return originalFn(...args);
         |            ^
      64 |   };
      65 | };
      66 |

      at console.<anonymous> (tests/setup/jest.setup.cjs:63:12)
      at console.apply [as warn] (src/scripts/modules/base.js:92:26)
      at Object.warn (tests/unit/storage.test.js:11:15)
      at setItem (src/scripts/storage.js:8524:19)
      at tryStoreCandidate (src/scripts/storage.js:8540:13)
      at attemptBackupWrite (src/scripts/storage.js:8617:26)
      at saveJSONToStorage (src/scripts/storage.js:1859:3)
      at bumpProjectStorageRevision (src/scripts/storage.js:12834:3)
      at persistAllProjects (src/scripts/storage.js:13535:5)
      at Object.saveProject (tests/unit/storage.test.js:1408:5)

  console.log
    DEBUG: getSafeLocalStorage returning object

      at Proxy.apply (src/scripts/modules/base.js:92:26)

  console.log
    DEBUG: getSafeLocalStorage returning object

      at Proxy.apply (src/scripts/modules/base.js:92:26)

  console.log
    DEBUG: getSafeLocalStorage returning object

      at Proxy.apply (src/scripts/modules/base.js:92:26)

  console.log
    DEBUG: getSafeLocalStorage returning object

      at Proxy.apply (src/scripts/modules/base.js:92:26)

  console.log
    DEBUG: getSafeLocalStorage returning object

      at Proxy.apply (src/scripts/modules/base.js:92:26)

  console.log
    DEBUG: getSafeLocalStorage returning object

      at Proxy.apply (src/scripts/modules/base.js:92:26)

  console.log
    DEBUG: getSafeLocalStorage returning object

      at Proxy.apply (src/scripts/modules/base.js:92:26)

  console.log
    DEBUG: getSafeLocalStorage returning object

      at Proxy.apply (src/scripts/modules/base.js:92:26)

  console.warn
    MOCK SET: cameraPowerPlanner_prj_auto-backup-2024-05-03-09-15-00-Reference = {"__cineAutoBackupSnapshot":{"version":1,"snapshot

      61 |       return undefined;
      62 |     }
    > 63 |     return originalFn(...args);
         |            ^
      64 |   };
      65 | };
      66 |

      at console.<anonymous> (tests/setup/jest.setup.cjs:63:12)
      at console.apply [as warn] (src/scripts/modules/base.js:92:26)
      at Object.warn (tests/unit/storage.test.js:11:15)
      at setItem (src/scripts/storage.js:8463:17)
      at saveJSONToStorage (src/scripts/storage.js:12780:18)
      at persistProjectShard (src/scripts/storage.js:13513:20)
      at Object.saveProject (tests/unit/storage.test.js:1411:5)

  console.log
    DEBUG: getSafeLocalStorage returning object

      at Proxy.apply (src/scripts/modules/base.js:92:26)

  console.log
    DEBUG: getSafeLocalStorage returning object

      at Proxy.apply (src/scripts/modules/base.js:92:26)
          at Array.forEach (<anonymous>)

  console.log
    DEBUG: getSafeLocalStorage returning object

      at Proxy.apply (src/scripts/modules/base.js:92:26)
          at Array.forEach (<anonymous>)

  console.log
    DEBUG: getSafeLocalStorage returning object

      at Proxy.apply (src/scripts/modules/base.js:92:26)

  console.warn
    MOCK SET: cameraPowerPlanner_project_rev = 2

      61 |       return undefined;
      62 |     }
    > 63 |     return originalFn(...args);
         |            ^
      64 |   };
      65 | };
      66 |

      at console.<anonymous> (tests/setup/jest.setup.cjs:63:12)
      at console.apply [as warn] (src/scripts/modules/base.js:92:26)
      at Object.warn (tests/unit/storage.test.js:11:15)
      at setItem (src/scripts/storage.js:8463:17)
      at saveJSONToStorage (src/scripts/storage.js:1859:3)
      at bumpProjectStorageRevision (src/scripts/storage.js:12834:3)
      at persistAllProjects (src/scripts/storage.js:13535:5)
      at Object.saveProject (tests/unit/storage.test.js:1411:5)

  console.warn
    MOCK SET: cameraPowerPlanner_project_rev__backup = 2

      61 |       return undefined;
      62 |     }
    > 63 |     return originalFn(...args);
         |            ^
      64 |   };
      65 | };
      66 |

      at console.<anonymous> (tests/setup/jest.setup.cjs:63:12)
      at console.apply [as warn] (src/scripts/modules/base.js:92:26)
      at Object.warn (tests/unit/storage.test.js:11:15)
      at setItem (src/scripts/storage.js:8524:19)
      at tryStoreCandidate (src/scripts/storage.js:8540:13)
      at attemptBackupWrite (src/scripts/storage.js:8617:26)
      at saveJSONToStorage (src/scripts/storage.js:1859:3)
      at bumpProjectStorageRevision (src/scripts/storage.js:12834:3)
      at persistAllProjects (src/scripts/storage.js:13535:5)
      at Object.saveProject (tests/unit/storage.test.js:1411:5)

  console.log
    DEBUG: getSafeLocalStorage returning object

      at Proxy.apply (src/scripts/modules/base.js:92:26)

  console.log
    DEBUG: getSafeLocalStorage returning object

      at Proxy.apply (src/scripts/modules/base.js:92:26)

  console.log
    DEBUG: getSafeLocalStorage returning object

      at Proxy.apply (src/scripts/modules/base.js:92:26)

  console.warn
    MOCK SET: cameraPowerPlanner_project = {"NewFormat":{"gearList":"<ul>New</ul>","projectIn

      61 |       return undefined;
      62 |     }
    > 63 |     return originalFn(...args);
         |            ^
      64 |   };
      65 | };
      66 |

      at console.<anonymous> (tests/setup/jest.setup.cjs:63:12)
      at console.apply [as warn] (src/scripts/modules/base.js:92:26)
      at Object.warn (tests/unit/storage.test.js:11:15)
      at Object.setItem (tests/unit/storage.test.js:1431:18)

  console.log
    DEBUG: getSafeLocalStorage returning object

      at Proxy.apply (src/scripts/modules/base.js:92:26)

  console.log
    DEBUG: getSafeLocalStorage returning object

      at Proxy.apply (src/scripts/modules/base.js:92:26)

  console.log
    DEBUG: getSafeLocalStorage returning object

      at Proxy.apply (src/scripts/modules/base.js:92:26)

  console.warn
    MOCK SET: cameraPowerPlanner_project__legacyMigrationBackup = {"createdAt":"2026-01-16T20:14:35.798Z","data":{"N

      61 |       return undefined;
      62 |     }
    > 63 |     return originalFn(...args);
         |            ^
      64 |   };
      65 | };
      66 |

      at console.<anonymous> (tests/setup/jest.setup.cjs:63:12)
      at console.apply [as warn] (src/scripts/modules/base.js:92:26)
      at Object.warn (tests/unit/storage.test.js:11:15)
      at setItem (src/scripts/storage.js:5565:15)
      at tryStoreSerialized (src/scripts/storage.js:5587:26)
      at createStorageMigrationBackup (src/scripts/storage.js:13060:7)
      at Object.loadProject (tests/unit/storage.test.js:1432:20)

  console.log
    DEBUG: getSafeLocalStorage returning object

      at Proxy.apply (src/scripts/modules/base.js:92:26)

  console.log
    DEBUG: getSafeLocalStorage returning object

      at Proxy.apply (src/scripts/modules/base.js:92:26)
          at Array.forEach (<anonymous>)

  console.log
    DEBUG: getSafeLocalStorage returning object

      at Proxy.apply (src/scripts/modules/base.js:92:26)
          at Array.forEach (<anonymous>)

  console.warn
    MOCK SET: cameraPowerPlanner_prj_NewFormat = {"gearList":"<ul>New</ul>","projectInfo":{"notes":

      61 |       return undefined;
      62 |     }
    > 63 |     return originalFn(...args);
         |            ^
      64 |   };
      65 | };
      66 |

      at console.<anonymous> (tests/setup/jest.setup.cjs:63:12)
      at console.apply [as warn] (src/scripts/modules/base.js:92:26)
      at Object.warn (tests/unit/storage.test.js:11:15)
      at setItem (src/scripts/storage.js:8463:17)
      at saveJSONToStorage (src/scripts/storage.js:12780:18)
      at persistProjectShard (src/scripts/storage.js:12828:5)
          at Array.forEach (<anonymous>)
      at forEach (src/scripts/storage.js:12827:25)
      at persistAllProjects (src/scripts/storage.js:13063:5)
      at Object.loadProject (tests/unit/storage.test.js:1432:20)

  console.log
    DEBUG: getSafeLocalStorage returning object

      at Proxy.apply (src/scripts/modules/base.js:92:26)
          at Array.forEach (<anonymous>)

  console.log
    DEBUG: getSafeLocalStorage returning object

      at Proxy.apply (src/scripts/modules/base.js:92:26)
          at Array.forEach (<anonymous>)

  console.warn
    MOCK SET: cameraPowerPlanner_prj_LegacyHtml-updated = {"gearList":{"projectHtml":"<section>project</sect

      61 |       return undefined;
      62 |     }
    > 63 |     return originalFn(...args);
         |            ^
      64 |   };
      65 | };
      66 |

      at console.<anonymous> (tests/setup/jest.setup.cjs:63:12)
      at console.apply [as warn] (src/scripts/modules/base.js:92:26)
      at Object.warn (tests/unit/storage.test.js:11:15)
      at setItem (src/scripts/storage.js:8463:17)
      at saveJSONToStorage (src/scripts/storage.js:12780:18)
      at persistProjectShard (src/scripts/storage.js:12828:5)
          at Array.forEach (<anonymous>)
      at forEach (src/scripts/storage.js:12827:25)
      at persistAllProjects (src/scripts/storage.js:13063:5)
      at Object.loadProject (tests/unit/storage.test.js:1432:20)

  console.log
    DEBUG: getSafeLocalStorage returning object

      at Proxy.apply (src/scripts/modules/base.js:92:26)
          at Array.forEach (<anonymous>)

  console.log
    DEBUG: getSafeLocalStorage returning object

      at Proxy.apply (src/scripts/modules/base.js:92:26)
          at Array.forEach (<anonymous>)

  console.warn
    MOCK SET: cameraPowerPlanner_prj_LegacyString-updated = {"gearList":"<p>standalone</p>","projectInfo":null

      61 |       return undefined;
      62 |     }
    > 63 |     return originalFn(...args);
         |            ^
      64 |   };
      65 | };
      66 |

      at console.<anonymous> (tests/setup/jest.setup.cjs:63:12)
      at console.apply [as warn] (src/scripts/modules/base.js:92:26)
      at Object.warn (tests/unit/storage.test.js:11:15)
      at setItem (src/scripts/storage.js:8463:17)
      at saveJSONToStorage (src/scripts/storage.js:12780:18)
      at persistProjectShard (src/scripts/storage.js:12828:5)
          at Array.forEach (<anonymous>)
      at forEach (src/scripts/storage.js:12827:25)
      at persistAllProjects (src/scripts/storage.js:13063:5)
      at Object.loadProject (tests/unit/storage.test.js:1432:20)

  console.warn
    MOCK SET: cameraPowerPlanner_project__legacyMigrationBackup = [{"createdAt":"2026-01-16T20:14:35.798Z","data":{"

      61 |       return undefined;
      62 |     }
    > 63 |     return originalFn(...args);
         |            ^
      64 |   };
      65 | };
      66 |

      at console.<anonymous> (tests/setup/jest.setup.cjs:63:12)
      at console.apply [as warn] (src/scripts/modules/base.js:92:26)
      at Object.warn (tests/unit/storage.test.js:11:15)
      at setItem (src/scripts/storage.js:5514:19)
      at tryStoreList (src/scripts/storage.js:5521:20)
      at createStorageMigrationBackup (src/scripts/storage.js:12735:7)
      at cleanupMonolithicProjectStorage (src/scripts/storage.js:12832:3)
      at persistAllProjects (src/scripts/storage.js:13063:5)
      at Object.loadProject (tests/unit/storage.test.js:1432:20)

  console.log
    DEBUG: getSafeLocalStorage returning object

      at Proxy.apply (src/scripts/modules/base.js:92:26)

  console.warn
    MOCK SET: cameraPowerPlanner_project_rev = 1

      61 |       return undefined;
      62 |     }
    > 63 |     return originalFn(...args);
         |            ^
      64 |   };
      65 | };
      66 |

      at console.<anonymous> (tests/setup/jest.setup.cjs:63:12)
      at console.apply [as warn] (src/scripts/modules/base.js:92:26)
      at Object.warn (tests/unit/storage.test.js:11:15)
      at setItem (src/scripts/storage.js:8463:17)
      at saveJSONToStorage (src/scripts/storage.js:1859:3)
      at bumpProjectStorageRevision (src/scripts/storage.js:12834:3)
      at persistAllProjects (src/scripts/storage.js:13063:5)
      at Object.loadProject (tests/unit/storage.test.js:1432:20)

  console.warn
    MOCK SET: cameraPowerPlanner_project_rev__backup = 1

      61 |       return undefined;
      62 |     }
    > 63 |     return originalFn(...args);
         |            ^
      64 |   };
      65 | };
      66 |

      at console.<anonymous> (tests/setup/jest.setup.cjs:63:12)
      at console.apply [as warn] (src/scripts/modules/base.js:92:26)
      at Object.warn (tests/unit/storage.test.js:11:15)
      at setItem (src/scripts/storage.js:8524:19)
      at tryStoreCandidate (src/scripts/storage.js:8540:13)
      at attemptBackupWrite (src/scripts/storage.js:8617:26)
      at saveJSONToStorage (src/scripts/storage.js:1859:3)
      at bumpProjectStorageRevision (src/scripts/storage.js:12834:3)
      at persistAllProjects (src/scripts/storage.js:13063:5)
      at Object.loadProject (tests/unit/storage.test.js:1432:20)

  console.warn
    MOCK SET: cameraPowerPlanner_project = {"Legacy":{"gearList":"<ul>Legacy</ul>","projectIn

      61 |       return undefined;
      62 |     }
    > 63 |     return originalFn(...args);
         |            ^
      64 |   };
      65 | };
      66 |

      at console.<anonymous> (tests/setup/jest.setup.cjs:63:12)
      at console.apply [as warn] (src/scripts/modules/base.js:92:26)
      at Object.warn (tests/unit/storage.test.js:11:15)
      at Object.setItem (tests/unit/storage.test.js:1450:18)

  console.log
    DEBUG: getSafeLocalStorage returning object

      at Proxy.apply (src/scripts/modules/base.js:92:26)

  console.log
    DEBUG: getSafeLocalStorage returning object

      at Proxy.apply (src/scripts/modules/base.js:92:26)

  console.log
    DEBUG: getSafeLocalStorage returning object

      at Proxy.apply (src/scripts/modules/base.js:92:26)

  console.warn
    MOCK SET: cameraPowerPlanner_project__legacyMigrationBackup = {"createdAt":"2026-01-16T20:14:35.808Z","data":{"L

      61 |       return undefined;
      62 |     }
    > 63 |     return originalFn(...args);
         |            ^
      64 |   };
      65 | };
      66 |

      at console.<anonymous> (tests/setup/jest.setup.cjs:63:12)
      at console.apply [as warn] (src/scripts/modules/base.js:92:26)
      at Object.warn (tests/unit/storage.test.js:11:15)
      at setItem (src/scripts/storage.js:5565:15)
      at tryStoreSerialized (src/scripts/storage.js:5587:26)
      at createStorageMigrationBackup (src/scripts/storage.js:13060:7)
      at Object.loadProject (tests/unit/storage.test.js:1452:21)

  console.log
    DEBUG: getSafeLocalStorage returning object

      at Proxy.apply (src/scripts/modules/base.js:92:26)

  console.log
    DEBUG: getSafeLocalStorage returning object

      at Proxy.apply (src/scripts/modules/base.js:92:26)
          at Array.forEach (<anonymous>)

  console.log
    DEBUG: getSafeLocalStorage returning object

      at Proxy.apply (src/scripts/modules/base.js:92:26)
          at Array.forEach (<anonymous>)

  console.warn
    MOCK SET: cameraPowerPlanner_prj_Legacy = {"gearList":"<ul>Legacy</ul>","projectInfo":{"lens

      61 |       return undefined;
      62 |     }
    > 63 |     return originalFn(...args);
         |            ^
      64 |   };
      65 | };
      66 |

      at console.<anonymous> (tests/setup/jest.setup.cjs:63:12)
      at console.apply [as warn] (src/scripts/modules/base.js:92:26)
      at Object.warn (tests/unit/storage.test.js:11:15)
      at setItem (src/scripts/storage.js:8463:17)
      at saveJSONToStorage (src/scripts/storage.js:12780:18)
      at persistProjectShard (src/scripts/storage.js:12828:5)
          at Array.forEach (<anonymous>)
      at forEach (src/scripts/storage.js:12827:25)
      at persistAllProjects (src/scripts/storage.js:13063:5)
      at Object.loadProject (tests/unit/storage.test.js:1452:21)

  console.warn
    MOCK SET: cameraPowerPlanner_project__legacyMigrationBackup = [{"createdAt":"2026-01-16T20:14:35.808Z","data":{"

      61 |       return undefined;
      62 |     }
    > 63 |     return originalFn(...args);
         |            ^
      64 |   };
      65 | };
      66 |

      at console.<anonymous> (tests/setup/jest.setup.cjs:63:12)
      at console.apply [as warn] (src/scripts/modules/base.js:92:26)
      at Object.warn (tests/unit/storage.test.js:11:15)
      at setItem (src/scripts/storage.js:5514:19)
      at tryStoreList (src/scripts/storage.js:5521:20)
      at createStorageMigrationBackup (src/scripts/storage.js:12735:7)
      at cleanupMonolithicProjectStorage (src/scripts/storage.js:12832:3)
      at persistAllProjects (src/scripts/storage.js:13063:5)
      at Object.loadProject (tests/unit/storage.test.js:1452:21)

  console.log
    DEBUG: getSafeLocalStorage returning object

      at Proxy.apply (src/scripts/modules/base.js:92:26)

  console.warn
    MOCK SET: cameraPowerPlanner_project_rev = 1

      61 |       return undefined;
      62 |     }
    > 63 |     return originalFn(...args);
         |            ^
      64 |   };
      65 | };
      66 |

      at console.<anonymous> (tests/setup/jest.setup.cjs:63:12)
      at console.apply [as warn] (src/scripts/modules/base.js:92:26)
      at Object.warn (tests/unit/storage.test.js:11:15)
      at setItem (src/scripts/storage.js:8463:17)
      at saveJSONToStorage (src/scripts/storage.js:1859:3)
      at bumpProjectStorageRevision (src/scripts/storage.js:12834:3)
      at persistAllProjects (src/scripts/storage.js:13063:5)
      at Object.loadProject (tests/unit/storage.test.js:1452:21)

  console.warn
    MOCK SET: cameraPowerPlanner_project_rev__backup = 1

      61 |       return undefined;
      62 |     }
    > 63 |     return originalFn(...args);
         |            ^
      64 |   };
      65 | };
      66 |

      at console.<anonymous> (tests/setup/jest.setup.cjs:63:12)
      at console.apply [as warn] (src/scripts/modules/base.js:92:26)
      at Object.warn (tests/unit/storage.test.js:11:15)
      at setItem (src/scripts/storage.js:8524:19)
      at tryStoreCandidate (src/scripts/storage.js:8540:13)
      at attemptBackupWrite (src/scripts/storage.js:8617:26)
      at saveJSONToStorage (src/scripts/storage.js:1859:3)
      at bumpProjectStorageRevision (src/scripts/storage.js:12834:3)
      at persistAllProjects (src/scripts/storage.js:13063:5)
      at Object.loadProject (tests/unit/storage.test.js:1452:21)

  console.warn
    MOCK SET: cameraPowerPlanner_project = {"Legacy":{"gearList":"<ul>Legacy</ul>","projectIn

      61 |       return undefined;
      62 |     }
    > 63 |     return originalFn(...args);
         |            ^
      64 |   };
      65 | };
      66 |

      at console.<anonymous> (tests/setup/jest.setup.cjs:63:12)
      at console.apply [as warn] (src/scripts/modules/base.js:92:26)
      at Object.warn (tests/unit/storage.test.js:11:15)
      at Object.setItem (tests/unit/storage.test.js:1480:18)

  console.log
    DEBUG: getSafeLocalStorage returning object

      at Proxy.apply (src/scripts/modules/base.js:92:26)

  console.log
    DEBUG: getSafeLocalStorage returning object

      at Proxy.apply (src/scripts/modules/base.js:92:26)

  console.log
    DEBUG: getSafeLocalStorage returning object

      at Proxy.apply (src/scripts/modules/base.js:92:26)

  console.warn
    MOCK SET: cameraPowerPlanner_project__legacyMigrationBackup = {"createdAt":"2026-01-16T20:14:35.815Z","data":{"L

      61 |       return undefined;
      62 |     }
    > 63 |     return originalFn(...args);
         |            ^
      64 |   };
      65 | };
      66 |

      at console.<anonymous> (tests/setup/jest.setup.cjs:63:12)
      at console.apply [as warn] (src/scripts/modules/base.js:92:26)
      at Object.warn (tests/unit/storage.test.js:11:15)
      at setItem (src/scripts/storage.js:5565:15)
      at tryStoreSerialized (src/scripts/storage.js:5587:26)
      at createStorageMigrationBackup (src/scripts/storage.js:13060:7)
      at Object.loadProject (tests/unit/storage.test.js:1482:21)

  console.log
    DEBUG: getSafeLocalStorage returning object

      at Proxy.apply (src/scripts/modules/base.js:92:26)

  console.log
    DEBUG: getSafeLocalStorage returning object

      at Proxy.apply (src/scripts/modules/base.js:92:26)
          at Array.forEach (<anonymous>)

  console.log
    DEBUG: getSafeLocalStorage returning object

      at Proxy.apply (src/scripts/modules/base.js:92:26)
          at Array.forEach (<anonymous>)

  console.warn
    MOCK SET: cameraPowerPlanner_prj_Legacy = {"gearList":"<ul>Legacy</ul>","projectInfo":{"lens

      61 |       return undefined;
      62 |     }
    > 63 |     return originalFn(...args);
         |            ^
      64 |   };
      65 | };
      66 |

      at console.<anonymous> (tests/setup/jest.setup.cjs:63:12)
      at console.apply [as warn] (src/scripts/modules/base.js:92:26)
      at Object.warn (tests/unit/storage.test.js:11:15)
      at setItem (src/scripts/storage.js:8463:17)
      at saveJSONToStorage (src/scripts/storage.js:12780:18)
      at persistProjectShard (src/scripts/storage.js:12828:5)
          at Array.forEach (<anonymous>)
      at forEach (src/scripts/storage.js:12827:25)
      at persistAllProjects (src/scripts/storage.js:13063:5)
      at Object.loadProject (tests/unit/storage.test.js:1482:21)

  console.warn
    MOCK SET: cameraPowerPlanner_project__legacyMigrationBackup = [{"createdAt":"2026-01-16T20:14:35.815Z","data":{"

      61 |       return undefined;
      62 |     }
    > 63 |     return originalFn(...args);
         |            ^
      64 |   };
      65 | };
      66 |

      at console.<anonymous> (tests/setup/jest.setup.cjs:63:12)
      at console.apply [as warn] (src/scripts/modules/base.js:92:26)
      at Object.warn (tests/unit/storage.test.js:11:15)
      at setItem (src/scripts/storage.js:5514:19)
      at tryStoreList (src/scripts/storage.js:5521:20)
      at createStorageMigrationBackup (src/scripts/storage.js:12735:7)
      at cleanupMonolithicProjectStorage (src/scripts/storage.js:12832:3)
      at persistAllProjects (src/scripts/storage.js:13063:5)
      at Object.loadProject (tests/unit/storage.test.js:1482:21)

  console.log
    DEBUG: getSafeLocalStorage returning object

      at Proxy.apply (src/scripts/modules/base.js:92:26)

  console.warn
    MOCK SET: cameraPowerPlanner_project_rev = 1

      61 |       return undefined;
      62 |     }
    > 63 |     return originalFn(...args);
         |            ^
      64 |   };
      65 | };
      66 |

      at console.<anonymous> (tests/setup/jest.setup.cjs:63:12)
      at console.apply [as warn] (src/scripts/modules/base.js:92:26)
      at Object.warn (tests/unit/storage.test.js:11:15)
      at setItem (src/scripts/storage.js:8463:17)
      at saveJSONToStorage (src/scripts/storage.js:1859:3)
      at bumpProjectStorageRevision (src/scripts/storage.js:12834:3)
      at persistAllProjects (src/scripts/storage.js:13063:5)
      at Object.loadProject (tests/unit/storage.test.js:1482:21)

  console.warn
    MOCK SET: cameraPowerPlanner_project_rev__backup = 1

      61 |       return undefined;
      62 |     }
    > 63 |     return originalFn(...args);
         |            ^
      64 |   };
      65 | };
      66 |

      at console.<anonymous> (tests/setup/jest.setup.cjs:63:12)
      at console.apply [as warn] (src/scripts/modules/base.js:92:26)
      at Object.warn (tests/unit/storage.test.js:11:15)
      at setItem (src/scripts/storage.js:8524:19)
      at tryStoreCandidate (src/scripts/storage.js:8540:13)
      at attemptBackupWrite (src/scripts/storage.js:8617:26)
      at saveJSONToStorage (src/scripts/storage.js:1859:3)
      at bumpProjectStorageRevision (src/scripts/storage.js:12834:3)
      at persistAllProjects (src/scripts/storage.js:13063:5)
      at Object.loadProject (tests/unit/storage.test.js:1482:21)

  console.warn
    MOCK SET: cameraPowerPlanner_project = {"Legacy":{"gearList":"<ul>Legacy</ul>","lenses":[

      61 |       return undefined;
      62 |     }
    > 63 |     return originalFn(...args);
         |            ^
      64 |   };
      65 | };
      66 |

      at console.<anonymous> (tests/setup/jest.setup.cjs:63:12)
      at console.apply [as warn] (src/scripts/modules/base.js:92:26)
      at Object.warn (tests/unit/storage.test.js:11:15)
      at Object.setItem (tests/unit/storage.test.js:1509:18)

  console.log
    DEBUG: getSafeLocalStorage returning object

      at Proxy.apply (src/scripts/modules/base.js:92:26)

  console.log
    DEBUG: getSafeLocalStorage returning object

      at Proxy.apply (src/scripts/modules/base.js:92:26)

  console.log
    DEBUG: getSafeLocalStorage returning object

      at Proxy.apply (src/scripts/modules/base.js:92:26)

  console.warn
    MOCK SET: cameraPowerPlanner_project__legacyMigrationBackup = {"createdAt":"2026-01-16T20:14:35.821Z","data":{"L

      61 |       return undefined;
      62 |     }
    > 63 |     return originalFn(...args);
         |            ^
      64 |   };
      65 | };
      66 |

      at console.<anonymous> (tests/setup/jest.setup.cjs:63:12)
      at console.apply [as warn] (src/scripts/modules/base.js:92:26)
      at Object.warn (tests/unit/storage.test.js:11:15)
      at setItem (src/scripts/storage.js:5565:15)
      at tryStoreSerialized (src/scripts/storage.js:5587:26)
      at createStorageMigrationBackup (src/scripts/storage.js:13060:7)
      at Object.loadProject (tests/unit/storage.test.js:1511:21)

  console.log
    DEBUG: getSafeLocalStorage returning object

      at Proxy.apply (src/scripts/modules/base.js:92:26)

  console.log
    DEBUG: getSafeLocalStorage returning object

      at Proxy.apply (src/scripts/modules/base.js:92:26)
          at Array.forEach (<anonymous>)

  console.log
    DEBUG: getSafeLocalStorage returning object

      at Proxy.apply (src/scripts/modules/base.js:92:26)
          at Array.forEach (<anonymous>)

  console.warn
    MOCK SET: cameraPowerPlanner_prj_Legacy-updated = {"gearList":"<ul>Legacy</ul>","projectInfo":{"lens

      61 |       return undefined;
      62 |     }
    > 63 |     return originalFn(...args);
         |            ^
      64 |   };
      65 | };
      66 |

      at console.<anonymous> (tests/setup/jest.setup.cjs:63:12)
      at console.apply [as warn] (src/scripts/modules/base.js:92:26)
      at Object.warn (tests/unit/storage.test.js:11:15)
      at setItem (src/scripts/storage.js:8463:17)
      at saveJSONToStorage (src/scripts/storage.js:12780:18)
      at persistProjectShard (src/scripts/storage.js:12828:5)
          at Array.forEach (<anonymous>)
      at forEach (src/scripts/storage.js:12827:25)
      at persistAllProjects (src/scripts/storage.js:13063:5)
      at Object.loadProject (tests/unit/storage.test.js:1511:21)

  console.warn
    MOCK SET: cameraPowerPlanner_project__legacyMigrationBackup = [{"createdAt":"2026-01-16T20:14:35.821Z","data":{"

      61 |       return undefined;
      62 |     }
    > 63 |     return originalFn(...args);
         |            ^
      64 |   };
      65 | };
      66 |

      at console.<anonymous> (tests/setup/jest.setup.cjs:63:12)
      at console.apply [as warn] (src/scripts/modules/base.js:92:26)
      at Object.warn (tests/unit/storage.test.js:11:15)
      at setItem (src/scripts/storage.js:5514:19)
      at tryStoreList (src/scripts/storage.js:5521:20)
      at createStorageMigrationBackup (src/scripts/storage.js:12735:7)
      at cleanupMonolithicProjectStorage (src/scripts/storage.js:12832:3)
      at persistAllProjects (src/scripts/storage.js:13063:5)
      at Object.loadProject (tests/unit/storage.test.js:1511:21)

  console.log
    DEBUG: getSafeLocalStorage returning object

      at Proxy.apply (src/scripts/modules/base.js:92:26)

  console.warn
    MOCK SET: cameraPowerPlanner_project_rev = 1

      61 |       return undefined;
      62 |     }
    > 63 |     return originalFn(...args);
         |            ^
      64 |   };
      65 | };
      66 |

      at console.<anonymous> (tests/setup/jest.setup.cjs:63:12)
      at console.apply [as warn] (src/scripts/modules/base.js:92:26)
      at Object.warn (tests/unit/storage.test.js:11:15)
      at setItem (src/scripts/storage.js:8463:17)
      at saveJSONToStorage (src/scripts/storage.js:1859:3)
      at bumpProjectStorageRevision (src/scripts/storage.js:12834:3)
      at persistAllProjects (src/scripts/storage.js:13063:5)
      at Object.loadProject (tests/unit/storage.test.js:1511:21)

  console.warn
    MOCK SET: cameraPowerPlanner_project_rev__backup = 1

      61 |       return undefined;
      62 |     }
    > 63 |     return originalFn(...args);
         |            ^
      64 |   };
      65 | };
      66 |

      at console.<anonymous> (tests/setup/jest.setup.cjs:63:12)
      at console.apply [as warn] (src/scripts/modules/base.js:92:26)
      at Object.warn (tests/unit/storage.test.js:11:15)
      at setItem (src/scripts/storage.js:8524:19)
      at tryStoreCandidate (src/scripts/storage.js:8540:13)
      at attemptBackupWrite (src/scripts/storage.js:8617:26)
      at saveJSONToStorage (src/scripts/storage.js:1859:3)
      at bumpProjectStorageRevision (src/scripts/storage.js:12834:3)
      at persistAllProjects (src/scripts/storage.js:13063:5)
      at Object.loadProject (tests/unit/storage.test.js:1511:21)

  console.warn
    MOCK SET: cameraPowerPlanner_project = {"Legacy":{"gearList":"<ul>Legacy</ul>","projectIn

      61 |       return undefined;
      62 |     }
    > 63 |     return originalFn(...args);
         |            ^
      64 |   };
      65 | };
      66 |

      at console.<anonymous> (tests/setup/jest.setup.cjs:63:12)
      at console.apply [as warn] (src/scripts/modules/base.js:92:26)
      at Object.warn (tests/unit/storage.test.js:11:15)
      at Object.setItem (tests/unit/storage.test.js:1536:18)

  console.log
    DEBUG: getSafeLocalStorage returning object

      at Proxy.apply (src/scripts/modules/base.js:92:26)

  console.log
    DEBUG: getSafeLocalStorage returning object

      at Proxy.apply (src/scripts/modules/base.js:92:26)

  console.log
    DEBUG: getSafeLocalStorage returning object

      at Proxy.apply (src/scripts/modules/base.js:92:26)

  console.warn
    MOCK SET: cameraPowerPlanner_project__legacyMigrationBackup = {"createdAt":"2026-01-16T20:14:35.827Z","data":{"L

      61 |       return undefined;
      62 |     }
    > 63 |     return originalFn(...args);
         |            ^
      64 |   };
      65 | };
      66 |

      at console.<anonymous> (tests/setup/jest.setup.cjs:63:12)
      at console.apply [as warn] (src/scripts/modules/base.js:92:26)
      at Object.warn (tests/unit/storage.test.js:11:15)
      at setItem (src/scripts/storage.js:5565:15)
      at tryStoreSerialized (src/scripts/storage.js:5587:26)
      at createStorageMigrationBackup (src/scripts/storage.js:13060:7)
      at Object.loadProject (tests/unit/storage.test.js:1538:21)

  console.log
    DEBUG: getSafeLocalStorage returning object

      at Proxy.apply (src/scripts/modules/base.js:92:26)

  console.log
    DEBUG: getSafeLocalStorage returning object

      at Proxy.apply (src/scripts/modules/base.js:92:26)
          at Array.forEach (<anonymous>)

  console.log
    DEBUG: getSafeLocalStorage returning object

      at Proxy.apply (src/scripts/modules/base.js:92:26)
          at Array.forEach (<anonymous>)

  console.warn
    MOCK SET: cameraPowerPlanner_prj_Legacy = {"gearList":"<ul>Legacy</ul>","projectInfo":{"lens

      61 |       return undefined;
      62 |     }
    > 63 |     return originalFn(...args);
         |            ^
      64 |   };
      65 | };
      66 |

      at console.<anonymous> (tests/setup/jest.setup.cjs:63:12)
      at console.apply [as warn] (src/scripts/modules/base.js:92:26)
      at Object.warn (tests/unit/storage.test.js:11:15)
      at setItem (src/scripts/storage.js:8463:17)
      at saveJSONToStorage (src/scripts/storage.js:12780:18)
      at persistProjectShard (src/scripts/storage.js:12828:5)
          at Array.forEach (<anonymous>)
      at forEach (src/scripts/storage.js:12827:25)
      at persistAllProjects (src/scripts/storage.js:13063:5)
      at Object.loadProject (tests/unit/storage.test.js:1538:21)

  console.warn
    MOCK SET: cameraPowerPlanner_project__legacyMigrationBackup = [{"createdAt":"2026-01-16T20:14:35.827Z","data":{"

      61 |       return undefined;
      62 |     }
    > 63 |     return originalFn(...args);
         |            ^
      64 |   };
      65 | };
      66 |

      at console.<anonymous> (tests/setup/jest.setup.cjs:63:12)
      at console.apply [as warn] (src/scripts/modules/base.js:92:26)
      at Object.warn (tests/unit/storage.test.js:11:15)
      at setItem (src/scripts/storage.js:5514:19)
      at tryStoreList (src/scripts/storage.js:5521:20)
      at createStorageMigrationBackup (src/scripts/storage.js:12735:7)
      at cleanupMonolithicProjectStorage (src/scripts/storage.js:12832:3)
      at persistAllProjects (src/scripts/storage.js:13063:5)
      at Object.loadProject (tests/unit/storage.test.js:1538:21)

  console.log
    DEBUG: getSafeLocalStorage returning object

      at Proxy.apply (src/scripts/modules/base.js:92:26)

  console.warn
    MOCK SET: cameraPowerPlanner_project_rev = 1

      61 |       return undefined;
      62 |     }
    > 63 |     return originalFn(...args);
         |            ^
      64 |   };
      65 | };
      66 |

      at console.<anonymous> (tests/setup/jest.setup.cjs:63:12)
      at console.apply [as warn] (src/scripts/modules/base.js:92:26)
      at Object.warn (tests/unit/storage.test.js:11:15)
      at setItem (src/scripts/storage.js:8463:17)
      at saveJSONToStorage (src/scripts/storage.js:1859:3)
      at bumpProjectStorageRevision (src/scripts/storage.js:12834:3)
      at persistAllProjects (src/scripts/storage.js:13063:5)
      at Object.loadProject (tests/unit/storage.test.js:1538:21)

  console.warn
    MOCK SET: cameraPowerPlanner_project_rev__backup = 1

      61 |       return undefined;
      62 |     }
    > 63 |     return originalFn(...args);
         |            ^
      64 |   };
      65 | };
      66 |

      at console.<anonymous> (tests/setup/jest.setup.cjs:63:12)
      at console.apply [as warn] (src/scripts/modules/base.js:92:26)
      at Object.warn (tests/unit/storage.test.js:11:15)
      at setItem (src/scripts/storage.js:8524:19)
      at tryStoreCandidate (src/scripts/storage.js:8540:13)
      at attemptBackupWrite (src/scripts/storage.js:8617:26)
      at saveJSONToStorage (src/scripts/storage.js:1859:3)
      at bumpProjectStorageRevision (src/scripts/storage.js:12834:3)
      at persistAllProjects (src/scripts/storage.js:13063:5)
      at Object.loadProject (tests/unit/storage.test.js:1538:21)

  console.warn
    MOCK SET: cameraPowerPlanner_project = {"Legacy":{"gearList":"<ul>Legacy</ul>","projectIn

      61 |       return undefined;
      62 |     }
    > 63 |     return originalFn(...args);
         |            ^
      64 |   };
      65 | };
      66 |

      at console.<anonymous> (tests/setup/jest.setup.cjs:63:12)
      at console.apply [as warn] (src/scripts/modules/base.js:92:26)
      at Object.warn (tests/unit/storage.test.js:11:15)
      at Object.setItem (tests/unit/storage.test.js:1563:18)

  console.log
    DEBUG: getSafeLocalStorage returning object

      at Proxy.apply (src/scripts/modules/base.js:92:26)

  console.log
    DEBUG: getSafeLocalStorage returning object

      at Proxy.apply (src/scripts/modules/base.js:92:26)

  console.log
    DEBUG: getSafeLocalStorage returning object

      at Proxy.apply (src/scripts/modules/base.js:92:26)

  console.warn
    MOCK SET: cameraPowerPlanner_project__legacyMigrationBackup = {"createdAt":"2026-01-16T20:14:35.834Z","data":{"L

      61 |       return undefined;
      62 |     }
    > 63 |     return originalFn(...args);
         |            ^
      64 |   };
      65 | };
      66 |

      at console.<anonymous> (tests/setup/jest.setup.cjs:63:12)
      at console.apply [as warn] (src/scripts/modules/base.js:92:26)
      at Object.warn (tests/unit/storage.test.js:11:15)
      at setItem (src/scripts/storage.js:5565:15)
      at tryStoreSerialized (src/scripts/storage.js:5587:26)
      at createStorageMigrationBackup (src/scripts/storage.js:13060:7)
      at Object.loadProject (tests/unit/storage.test.js:1565:21)

  console.log
    DEBUG: getSafeLocalStorage returning object

      at Proxy.apply (src/scripts/modules/base.js:92:26)

  console.log
    DEBUG: getSafeLocalStorage returning object

      at Proxy.apply (src/scripts/modules/base.js:92:26)
          at Array.forEach (<anonymous>)

  console.log
    DEBUG: getSafeLocalStorage returning object

      at Proxy.apply (src/scripts/modules/base.js:92:26)
          at Array.forEach (<anonymous>)

  console.warn
    MOCK SET: cameraPowerPlanner_prj_Legacy = {"gearList":"<ul>Legacy</ul>","projectInfo":{"lens

      61 |       return undefined;
      62 |     }
    > 63 |     return originalFn(...args);
         |            ^
      64 |   };
      65 | };
      66 |

      at console.<anonymous> (tests/setup/jest.setup.cjs:63:12)
      at console.apply [as warn] (src/scripts/modules/base.js:92:26)
      at Object.warn (tests/unit/storage.test.js:11:15)
      at setItem (src/scripts/storage.js:8463:17)
      at saveJSONToStorage (src/scripts/storage.js:12780:18)
      at persistProjectShard (src/scripts/storage.js:12828:5)
          at Array.forEach (<anonymous>)
      at forEach (src/scripts/storage.js:12827:25)
      at persistAllProjects (src/scripts/storage.js:13063:5)
      at Object.loadProject (tests/unit/storage.test.js:1565:21)

  console.warn
    MOCK SET: cameraPowerPlanner_project__legacyMigrationBackup = [{"createdAt":"2026-01-16T20:14:35.834Z","data":{"

      61 |       return undefined;
      62 |     }
    > 63 |     return originalFn(...args);
         |            ^
      64 |   };
      65 | };
      66 |

      at console.<anonymous> (tests/setup/jest.setup.cjs:63:12)
      at console.apply [as warn] (src/scripts/modules/base.js:92:26)
      at Object.warn (tests/unit/storage.test.js:11:15)
      at setItem (src/scripts/storage.js:5514:19)
      at tryStoreList (src/scripts/storage.js:5521:20)
      at createStorageMigrationBackup (src/scripts/storage.js:12735:7)
      at cleanupMonolithicProjectStorage (src/scripts/storage.js:12832:3)
      at persistAllProjects (src/scripts/storage.js:13063:5)
      at Object.loadProject (tests/unit/storage.test.js:1565:21)

  console.log
    DEBUG: getSafeLocalStorage returning object

      at Proxy.apply (src/scripts/modules/base.js:92:26)

  console.warn
    MOCK SET: cameraPowerPlanner_project_rev = 1

      61 |       return undefined;
      62 |     }
    > 63 |     return originalFn(...args);
         |            ^
      64 |   };
      65 | };
      66 |

      at console.<anonymous> (tests/setup/jest.setup.cjs:63:12)
      at console.apply [as warn] (src/scripts/modules/base.js:92:26)
      at Object.warn (tests/unit/storage.test.js:11:15)
      at setItem (src/scripts/storage.js:8463:17)
      at saveJSONToStorage (src/scripts/storage.js:1859:3)
      at bumpProjectStorageRevision (src/scripts/storage.js:12834:3)
      at persistAllProjects (src/scripts/storage.js:13063:5)
      at Object.loadProject (tests/unit/storage.test.js:1565:21)

  console.warn
    MOCK SET: cameraPowerPlanner_project_rev__backup = 1

      61 |       return undefined;
      62 |     }
    > 63 |     return originalFn(...args);
         |            ^
      64 |   };
      65 | };
      66 |

      at console.<anonymous> (tests/setup/jest.setup.cjs:63:12)
      at console.apply [as warn] (src/scripts/modules/base.js:92:26)
      at Object.warn (tests/unit/storage.test.js:11:15)
      at setItem (src/scripts/storage.js:8524:19)
      at tryStoreCandidate (src/scripts/storage.js:8540:13)
      at attemptBackupWrite (src/scripts/storage.js:8617:26)
      at saveJSONToStorage (src/scripts/storage.js:1859:3)
      at bumpProjectStorageRevision (src/scripts/storage.js:12834:3)
      at persistAllProjects (src/scripts/storage.js:13063:5)
      at Object.loadProject (tests/unit/storage.test.js:1565:21)

  console.warn
    MOCK SET: cameraPowerPlanner_project = {"Legacy":{"gearList":"<h2>Legacy Project</h2><h3>

      61 |       return undefined;
      62 |     }
    > 63 |     return originalFn(...args);
         |            ^
      64 |   };
      65 | };
      66 |

      at console.<anonymous> (tests/setup/jest.setup.cjs:63:12)
      at console.apply [as warn] (src/scripts/modules/base.js:92:26)
      at Object.warn (tests/unit/storage.test.js:11:15)
      at Object.setItem (tests/unit/storage.test.js:1614:18)

  console.log
    DEBUG: getSafeLocalStorage returning object

      at Proxy.apply (src/scripts/modules/base.js:92:26)

  console.log
    DEBUG: getSafeLocalStorage returning object

      at Proxy.apply (src/scripts/modules/base.js:92:26)

  console.log
    DEBUG: getSafeLocalStorage returning object

      at Proxy.apply (src/scripts/modules/base.js:92:26)

  console.warn
    MOCK SET: cameraPowerPlanner_project__legacyMigrationBackup = {"createdAt":"2026-01-16T20:14:35.842Z","data":{"L

      61 |       return undefined;
      62 |     }
    > 63 |     return originalFn(...args);
         |            ^
      64 |   };
      65 | };
      66 |

      at console.<anonymous> (tests/setup/jest.setup.cjs:63:12)
      at console.apply [as warn] (src/scripts/modules/base.js:92:26)
      at Object.warn (tests/unit/storage.test.js:11:15)
      at setItem (src/scripts/storage.js:5565:15)
      at tryStoreSerialized (src/scripts/storage.js:5587:26)
      at createStorageMigrationBackup (src/scripts/storage.js:13060:7)
      at Object.loadProject (tests/unit/storage.test.js:1616:21)

  console.log
    DEBUG: getSafeLocalStorage returning object

      at Proxy.apply (src/scripts/modules/base.js:92:26)

  console.log
    DEBUG: getSafeLocalStorage returning object

      at Proxy.apply (src/scripts/modules/base.js:92:26)
          at Array.forEach (<anonymous>)

  console.log
    DEBUG: getSafeLocalStorage returning object

      at Proxy.apply (src/scripts/modules/base.js:92:26)
          at Array.forEach (<anonymous>)

  console.warn
    MOCK SET: cameraPowerPlanner_prj_Legacy Project-updated = {"gearList":"<h2>Legacy Project</h2><h3>Project Re

      61 |       return undefined;
      62 |     }
    > 63 |     return originalFn(...args);
         |            ^
      64 |   };
      65 | };
      66 |

      at console.<anonymous> (tests/setup/jest.setup.cjs:63:12)
      at console.apply [as warn] (src/scripts/modules/base.js:92:26)
      at Object.warn (tests/unit/storage.test.js:11:15)
      at setItem (src/scripts/storage.js:8463:17)
      at saveJSONToStorage (src/scripts/storage.js:12780:18)
      at persistProjectShard (src/scripts/storage.js:12828:5)
          at Array.forEach (<anonymous>)
      at forEach (src/scripts/storage.js:12827:25)
      at persistAllProjects (src/scripts/storage.js:13063:5)
      at Object.loadProject (tests/unit/storage.test.js:1616:21)

  console.warn
    MOCK SET: cameraPowerPlanner_project__legacyMigrationBackup = [{"createdAt":"2026-01-16T20:14:35.842Z","data":{"

      61 |       return undefined;
      62 |     }
    > 63 |     return originalFn(...args);
         |            ^
      64 |   };
      65 | };
      66 |

      at console.<anonymous> (tests/setup/jest.setup.cjs:63:12)
      at console.apply [as warn] (src/scripts/modules/base.js:92:26)
      at Object.warn (tests/unit/storage.test.js:11:15)
      at setItem (src/scripts/storage.js:5514:19)
      at tryStoreList (src/scripts/storage.js:5521:20)
      at createStorageMigrationBackup (src/scripts/storage.js:12735:7)
      at cleanupMonolithicProjectStorage (src/scripts/storage.js:12832:3)
      at persistAllProjects (src/scripts/storage.js:13063:5)
      at Object.loadProject (tests/unit/storage.test.js:1616:21)

  console.log
    DEBUG: getSafeLocalStorage returning object

      at Proxy.apply (src/scripts/modules/base.js:92:26)

  console.warn
    MOCK SET: cameraPowerPlanner_project_rev = 1

      61 |       return undefined;
      62 |     }
    > 63 |     return originalFn(...args);
         |            ^
      64 |   };
      65 | };
      66 |

      at console.<anonymous> (tests/setup/jest.setup.cjs:63:12)
      at console.apply [as warn] (src/scripts/modules/base.js:92:26)
      at Object.warn (tests/unit/storage.test.js:11:15)
      at setItem (src/scripts/storage.js:8463:17)
      at saveJSONToStorage (src/scripts/storage.js:1859:3)
      at bumpProjectStorageRevision (src/scripts/storage.js:12834:3)
      at persistAllProjects (src/scripts/storage.js:13063:5)
      at Object.loadProject (tests/unit/storage.test.js:1616:21)

  console.warn
    MOCK SET: cameraPowerPlanner_project_rev__backup = 1

      61 |       return undefined;
      62 |     }
    > 63 |     return originalFn(...args);
         |            ^
      64 |   };
      65 | };
      66 |

      at console.<anonymous> (tests/setup/jest.setup.cjs:63:12)
      at console.apply [as warn] (src/scripts/modules/base.js:92:26)
      at Object.warn (tests/unit/storage.test.js:11:15)
      at setItem (src/scripts/storage.js:8524:19)
      at tryStoreCandidate (src/scripts/storage.js:8540:13)
      at attemptBackupWrite (src/scripts/storage.js:8617:26)
      at saveJSONToStorage (src/scripts/storage.js:1859:3)
      at bumpProjectStorageRevision (src/scripts/storage.js:12834:3)
      at persistAllProjects (src/scripts/storage.js:13063:5)
      at Object.loadProject (tests/unit/storage.test.js:1616:21)

  console.warn
    MOCK SET: cameraPowerPlanner_project = {"Combined":{"gearList":"<h2>Combined Project</h2>

      61 |       return undefined;
      62 |     }
    > 63 |     return originalFn(...args);
         |            ^
      64 |   };
      65 | };
      66 |

      at console.<anonymous> (tests/setup/jest.setup.cjs:63:12)
      at console.apply [as warn] (src/scripts/modules/base.js:92:26)
      at Object.warn (tests/unit/storage.test.js:11:15)
      at Object.setItem (tests/unit/storage.test.js:1638:18)

  console.log
    DEBUG: getSafeLocalStorage returning object

      at Proxy.apply (src/scripts/modules/base.js:92:26)

  console.log
    DEBUG: getSafeLocalStorage returning object

      at Proxy.apply (src/scripts/modules/base.js:92:26)

  console.log
    DEBUG: getSafeLocalStorage returning object

      at Proxy.apply (src/scripts/modules/base.js:92:26)

  console.warn
    MOCK SET: cameraPowerPlanner_project__legacyMigrationBackup = {"createdAt":"2026-01-16T20:14:35.848Z","data":{"C

      61 |       return undefined;
      62 |     }
    > 63 |     return originalFn(...args);
         |            ^
      64 |   };
      65 | };
      66 |

      at console.<anonymous> (tests/setup/jest.setup.cjs:63:12)
      at console.apply [as warn] (src/scripts/modules/base.js:92:26)
      at Object.warn (tests/unit/storage.test.js:11:15)
      at setItem (src/scripts/storage.js:5565:15)
      at tryStoreSerialized (src/scripts/storage.js:5587:26)
      at createStorageMigrationBackup (src/scripts/storage.js:13060:7)
      at Object.loadProject (tests/unit/storage.test.js:1640:21)

  console.log
    DEBUG: getSafeLocalStorage returning object

      at Proxy.apply (src/scripts/modules/base.js:92:26)

  console.log
    DEBUG: getSafeLocalStorage returning object

      at Proxy.apply (src/scripts/modules/base.js:92:26)
          at Array.forEach (<anonymous>)

  console.log
    DEBUG: getSafeLocalStorage returning object

      at Proxy.apply (src/scripts/modules/base.js:92:26)
          at Array.forEach (<anonymous>)

  console.warn
    MOCK SET: cameraPowerPlanner_prj_Combined Project-updated = {"gearList":"<h2>Combined Project</h2><div class=\

      61 |       return undefined;
      62 |     }
    > 63 |     return originalFn(...args);
         |            ^
      64 |   };
      65 | };
      66 |

      at console.<anonymous> (tests/setup/jest.setup.cjs:63:12)
      at console.apply [as warn] (src/scripts/modules/base.js:92:26)
      at Object.warn (tests/unit/storage.test.js:11:15)
      at setItem (src/scripts/storage.js:8463:17)
      at saveJSONToStorage (src/scripts/storage.js:12780:18)
      at persistProjectShard (src/scripts/storage.js:12828:5)
          at Array.forEach (<anonymous>)
      at forEach (src/scripts/storage.js:12827:25)
      at persistAllProjects (src/scripts/storage.js:13063:5)
      at Object.loadProject (tests/unit/storage.test.js:1640:21)

  console.warn
    MOCK SET: cameraPowerPlanner_project__legacyMigrationBackup = [{"createdAt":"2026-01-16T20:14:35.848Z","data":{"

      61 |       return undefined;
      62 |     }
    > 63 |     return originalFn(...args);
         |            ^
      64 |   };
      65 | };
      66 |

      at console.<anonymous> (tests/setup/jest.setup.cjs:63:12)
      at console.apply [as warn] (src/scripts/modules/base.js:92:26)
      at Object.warn (tests/unit/storage.test.js:11:15)
      at setItem (src/scripts/storage.js:5514:19)
      at tryStoreList (src/scripts/storage.js:5521:20)
      at createStorageMigrationBackup (src/scripts/storage.js:12735:7)
      at cleanupMonolithicProjectStorage (src/scripts/storage.js:12832:3)
      at persistAllProjects (src/scripts/storage.js:13063:5)
      at Object.loadProject (tests/unit/storage.test.js:1640:21)

  console.log
    DEBUG: getSafeLocalStorage returning object

      at Proxy.apply (src/scripts/modules/base.js:92:26)

  console.warn
    MOCK SET: cameraPowerPlanner_project_rev = 1

      61 |       return undefined;
      62 |     }
    > 63 |     return originalFn(...args);
         |            ^
      64 |   };
      65 | };
      66 |

      at console.<anonymous> (tests/setup/jest.setup.cjs:63:12)
      at console.apply [as warn] (src/scripts/modules/base.js:92:26)
      at Object.warn (tests/unit/storage.test.js:11:15)
      at setItem (src/scripts/storage.js:8463:17)
      at saveJSONToStorage (src/scripts/storage.js:1859:3)
      at bumpProjectStorageRevision (src/scripts/storage.js:12834:3)
      at persistAllProjects (src/scripts/storage.js:13063:5)
      at Object.loadProject (tests/unit/storage.test.js:1640:21)

  console.warn
    MOCK SET: cameraPowerPlanner_project_rev__backup = 1

      61 |       return undefined;
      62 |     }
    > 63 |     return originalFn(...args);
         |            ^
      64 |   };
      65 | };
      66 |

      at console.<anonymous> (tests/setup/jest.setup.cjs:63:12)
      at console.apply [as warn] (src/scripts/modules/base.js:92:26)
      at Object.warn (tests/unit/storage.test.js:11:15)
      at setItem (src/scripts/storage.js:8524:19)
      at tryStoreCandidate (src/scripts/storage.js:8540:13)
      at attemptBackupWrite (src/scripts/storage.js:8617:26)
      at saveJSONToStorage (src/scripts/storage.js:1859:3)
      at bumpProjectStorageRevision (src/scripts/storage.js:12834:3)
      at persistAllProjects (src/scripts/storage.js:13063:5)
      at Object.loadProject (tests/unit/storage.test.js:1640:21)

  console.warn
    MOCK SET: cameraPowerPlanner_project = {"Alt":{"gearList":"<h2>Projekt Archiv</h2><div cl

      61 |       return undefined;
      62 |     }
    > 63 |     return originalFn(...args);
         |            ^
      64 |   };
      65 | };
      66 |

      at console.<anonymous> (tests/setup/jest.setup.cjs:63:12)
      at console.apply [as warn] (src/scripts/modules/base.js:92:26)
      at Object.warn (tests/unit/storage.test.js:11:15)
      at Object.setItem (tests/unit/storage.test.js:1670:18)

  console.log
    DEBUG: getSafeLocalStorage returning object

      at Proxy.apply (src/scripts/modules/base.js:92:26)

  console.log
    DEBUG: getSafeLocalStorage returning object

      at Proxy.apply (src/scripts/modules/base.js:92:26)

  console.log
    DEBUG: getSafeLocalStorage returning object

      at Proxy.apply (src/scripts/modules/base.js:92:26)

  console.warn
    MOCK SET: cameraPowerPlanner_project__legacyMigrationBackup = {"createdAt":"2026-01-16T20:14:35.856Z","data":{"A

      61 |       return undefined;
      62 |     }
    > 63 |     return originalFn(...args);
         |            ^
      64 |   };
      65 | };
      66 |

      at console.<anonymous> (tests/setup/jest.setup.cjs:63:12)
      at console.apply [as warn] (src/scripts/modules/base.js:92:26)
      at Object.warn (tests/unit/storage.test.js:11:15)
      at setItem (src/scripts/storage.js:5565:15)
      at tryStoreSerialized (src/scripts/storage.js:5587:26)
      at createStorageMigrationBackup (src/scripts/storage.js:13060:7)
      at Object.loadProject (tests/unit/storage.test.js:1672:21)

  console.log
    DEBUG: getSafeLocalStorage returning object

      at Proxy.apply (src/scripts/modules/base.js:92:26)

  console.log
    DEBUG: getSafeLocalStorage returning object

      at Proxy.apply (src/scripts/modules/base.js:92:26)
          at Array.forEach (<anonymous>)

  console.log
    DEBUG: getSafeLocalStorage returning object

      at Proxy.apply (src/scripts/modules/base.js:92:26)
          at Array.forEach (<anonymous>)

  console.warn
    MOCK SET: cameraPowerPlanner_prj_Projekt Archiv-updated = {"gearList":"<h2>Projekt Archiv</h2><div class=\"r

      61 |       return undefined;
      62 |     }
    > 63 |     return originalFn(...args);
         |            ^
      64 |   };
      65 | };
      66 |

      at console.<anonymous> (tests/setup/jest.setup.cjs:63:12)
      at console.apply [as warn] (src/scripts/modules/base.js:92:26)
      at Object.warn (tests/unit/storage.test.js:11:15)
      at setItem (src/scripts/storage.js:8463:17)
      at saveJSONToStorage (src/scripts/storage.js:12780:18)
      at persistProjectShard (src/scripts/storage.js:12828:5)
          at Array.forEach (<anonymous>)
      at forEach (src/scripts/storage.js:12827:25)
      at persistAllProjects (src/scripts/storage.js:13063:5)
      at Object.loadProject (tests/unit/storage.test.js:1672:21)

  console.warn
    MOCK SET: cameraPowerPlanner_project__legacyMigrationBackup = [{"createdAt":"2026-01-16T20:14:35.856Z","data":{"

      61 |       return undefined;
      62 |     }
    > 63 |     return originalFn(...args);
         |            ^
      64 |   };
      65 | };
      66 |

      at console.<anonymous> (tests/setup/jest.setup.cjs:63:12)
      at console.apply [as warn] (src/scripts/modules/base.js:92:26)
      at Object.warn (tests/unit/storage.test.js:11:15)
      at setItem (src/scripts/storage.js:5514:19)
      at tryStoreList (src/scripts/storage.js:5521:20)
      at createStorageMigrationBackup (src/scripts/storage.js:12735:7)
      at cleanupMonolithicProjectStorage (src/scripts/storage.js:12832:3)
      at persistAllProjects (src/scripts/storage.js:13063:5)
      at Object.loadProject (tests/unit/storage.test.js:1672:21)

  console.log
    DEBUG: getSafeLocalStorage returning object

      at Proxy.apply (src/scripts/modules/base.js:92:26)

  console.warn
    MOCK SET: cameraPowerPlanner_project_rev = 1

      61 |       return undefined;
      62 |     }
    > 63 |     return originalFn(...args);
         |            ^
      64 |   };
      65 | };
      66 |

      at console.<anonymous> (tests/setup/jest.setup.cjs:63:12)
      at console.apply [as warn] (src/scripts/modules/base.js:92:26)
      at Object.warn (tests/unit/storage.test.js:11:15)
      at setItem (src/scripts/storage.js:8463:17)
      at saveJSONToStorage (src/scripts/storage.js:1859:3)
      at bumpProjectStorageRevision (src/scripts/storage.js:12834:3)
      at persistAllProjects (src/scripts/storage.js:13063:5)
      at Object.loadProject (tests/unit/storage.test.js:1672:21)

  console.warn
    MOCK SET: cameraPowerPlanner_project_rev__backup = 1

      61 |       return undefined;
      62 |     }
    > 63 |     return originalFn(...args);
         |            ^
      64 |   };
      65 | };
      66 |

      at console.<anonymous> (tests/setup/jest.setup.cjs:63:12)
      at console.apply [as warn] (src/scripts/modules/base.js:92:26)
      at Object.warn (tests/unit/storage.test.js:11:15)
      at setItem (src/scripts/storage.js:8524:19)
      at tryStoreCandidate (src/scripts/storage.js:8540:13)
      at attemptBackupWrite (src/scripts/storage.js:8617:26)
      at saveJSONToStorage (src/scripts/storage.js:1859:3)
      at bumpProjectStorageRevision (src/scripts/storage.js:12834:3)
      at persistAllProjects (src/scripts/storage.js:13063:5)
      at Object.loadProject (tests/unit/storage.test.js:1672:21)

  console.log
    DEBUG: getSafeLocalStorage returning object

      at Proxy.apply (src/scripts/modules/base.js:92:26)

  console.log
    DEBUG: getSafeLocalStorage returning object

      at Proxy.apply (src/scripts/modules/base.js:92:26)

  console.log
    DEBUG: getSafeLocalStorage returning object

      at Proxy.apply (src/scripts/modules/base.js:92:26)

  console.log
    DEBUG: getSafeLocalStorage returning object

      at Proxy.apply (src/scripts/modules/base.js:92:26)

  console.log
    DEBUG: getSafeLocalStorage returning object

      at Proxy.apply (src/scripts/modules/base.js:92:26)

  console.log
    DEBUG: getSafeLocalStorage returning object

      at Proxy.apply (src/scripts/modules/base.js:92:26)

  console.log
    DEBUG: getSafeLocalStorage returning object

      at Proxy.apply (src/scripts/modules/base.js:92:26)

  console.log
    DEBUG: getSafeLocalStorage returning object

      at Proxy.apply (src/scripts/modules/base.js:92:26)

  console.warn
    MOCK SET: cameraPowerPlanner_prj_Known = {"gearList":"<ul></ul>","projectInfo":null,"gearLi

      61 |       return undefined;
      62 |     }
    > 63 |     return originalFn(...args);
         |            ^
      64 |   };
      65 | };
      66 |

      at console.<anonymous> (tests/setup/jest.setup.cjs:63:12)
      at console.apply [as warn] (src/scripts/modules/base.js:92:26)
      at Object.warn (tests/unit/storage.test.js:11:15)
      at setItem (src/scripts/storage.js:8463:17)
      at saveJSONToStorage (src/scripts/storage.js:12780:18)
      at persistProjectShard (src/scripts/storage.js:13513:20)
      at Object.saveProject (tests/unit/storage.test.js:1682:5)

  console.log
    DEBUG: getSafeLocalStorage returning object

      at Proxy.apply (src/scripts/modules/base.js:92:26)

  console.log
    DEBUG: getSafeLocalStorage returning object

      at Proxy.apply (src/scripts/modules/base.js:92:26)
          at Array.forEach (<anonymous>)

  console.log
    DEBUG: getSafeLocalStorage returning object

      at Proxy.apply (src/scripts/modules/base.js:92:26)
          at Array.forEach (<anonymous>)

  console.log
    DEBUG: getSafeLocalStorage returning object

      at Proxy.apply (src/scripts/modules/base.js:92:26)

  console.warn
    MOCK SET: cameraPowerPlanner_project_rev = 1

      61 |       return undefined;
      62 |     }
    > 63 |     return originalFn(...args);
         |            ^
      64 |   };
      65 | };
      66 |

      at console.<anonymous> (tests/setup/jest.setup.cjs:63:12)
      at console.apply [as warn] (src/scripts/modules/base.js:92:26)
      at Object.warn (tests/unit/storage.test.js:11:15)
      at setItem (src/scripts/storage.js:8463:17)
      at saveJSONToStorage (src/scripts/storage.js:1859:3)
      at bumpProjectStorageRevision (src/scripts/storage.js:12834:3)
      at persistAllProjects (src/scripts/storage.js:13535:5)
      at Object.saveProject (tests/unit/storage.test.js:1682:5)

  console.warn
    MOCK SET: cameraPowerPlanner_project_rev__backup = 1

      61 |       return undefined;
      62 |     }
    > 63 |     return originalFn(...args);
         |            ^
      64 |   };
      65 | };
      66 |

      at console.<anonymous> (tests/setup/jest.setup.cjs:63:12)
      at console.apply [as warn] (src/scripts/modules/base.js:92:26)
      at Object.warn (tests/unit/storage.test.js:11:15)
      at setItem (src/scripts/storage.js:8524:19)
      at tryStoreCandidate (src/scripts/storage.js:8540:13)
      at attemptBackupWrite (src/scripts/storage.js:8617:26)
      at saveJSONToStorage (src/scripts/storage.js:1859:3)
      at bumpProjectStorageRevision (src/scripts/storage.js:12834:3)
      at persistAllProjects (src/scripts/storage.js:13535:5)
      at Object.saveProject (tests/unit/storage.test.js:1682:5)

  console.log
    DEBUG: getSafeLocalStorage returning object

      at Proxy.apply (src/scripts/modules/base.js:92:26)

  console.log
    DEBUG: getSafeLocalStorage returning object

      at Proxy.apply (src/scripts/modules/base.js:92:26)

  console.log
    DEBUG: getSafeLocalStorage returning object

      at Proxy.apply (src/scripts/modules/base.js:92:26)

  console.warn
    MOCK SET: cinePowerPlanner_project = "<p>Legacy</p>"

      61 |       return undefined;
      62 |     }
    > 63 |     return originalFn(...args);
         |            ^
      64 |   };
      65 | };
      66 |

      at console.<anonymous> (tests/setup/jest.setup.cjs:63:12)
      at console.apply [as warn] (src/scripts/modules/base.js:92:26)
      at Object.warn (tests/unit/storage.test.js:11:15)
      at Object.setItem (tests/unit/storage.test.js:1687:18)

  console.log
    DEBUG: getSafeLocalStorage returning object

      at Proxy.apply (src/scripts/modules/base.js:92:26)

  console.warn
    MOCK SET: cameraPowerPlanner_project = "<p>Legacy</p>"

      61 |       return undefined;
      62 |     }
    > 63 |     return originalFn(...args);
         |            ^
      64 |   };
      65 | };
      66 |

      at console.<anonymous> (tests/setup/jest.setup.cjs:63:12)
      at console.apply [as warn] (src/scripts/modules/base.js:92:26)
      at Object.warn (tests/unit/storage.test.js:11:15)
      at setItem (src/scripts/storage.js:7445:17)
      at migrateKeyBetweenStorages (src/scripts/storage.js:7465:9)
      at migrateKeyInStorages (src/scripts/storage.js:7508:27)
          at Array.forEach (<anonymous>)
      at forEach (src/scripts/storage.js:7507:12)
      at migrateLegacyStorageKeys (src/scripts/storage.js:7538:3)
      at applyLegacyStorageMigrations (src/scripts/storage.js:12410:5)
      at readAllProjectsFromStorage (src/scripts/storage.js:13045:54)
      at Object.loadProject (tests/unit/storage.test.js:1689:22)

  console.log
    DEBUG: getSafeLocalStorage returning object

      at Proxy.apply (src/scripts/modules/base.js:92:26)

  console.log
    DEBUG: getSafeLocalStorage returning object

      at Proxy.apply (src/scripts/modules/base.js:92:26)

  console.warn
    MOCK SET: cameraPowerPlanner_project__legacyMigrationBackup = {"createdAt":"2026-01-16T20:14:35.869Z","data":"<p

      61 |       return undefined;
      62 |     }
    > 63 |     return originalFn(...args);
         |            ^
      64 |   };
      65 | };
      66 |

      at console.<anonymous> (tests/setup/jest.setup.cjs:63:12)
      at console.apply [as warn] (src/scripts/modules/base.js:92:26)
      at Object.warn (tests/unit/storage.test.js:11:15)
      at setItem (src/scripts/storage.js:5565:15)
      at tryStoreSerialized (src/scripts/storage.js:5587:26)
      at createStorageMigrationBackup (src/scripts/storage.js:13060:7)
      at Object.loadProject (tests/unit/storage.test.js:1689:22)

  console.log
    DEBUG: getSafeLocalStorage returning object

      at Proxy.apply (src/scripts/modules/base.js:92:26)

  console.log
    DEBUG: getSafeLocalStorage returning object

      at Proxy.apply (src/scripts/modules/base.js:92:26)
          at Array.forEach (<anonymous>)

  console.log
    DEBUG: getSafeLocalStorage returning object

      at Proxy.apply (src/scripts/modules/base.js:92:26)
          at Array.forEach (<anonymous>)

  console.warn
    MOCK SET: cameraPowerPlanner_prj_Project-updated = {"gearList":"<p>Legacy</p>","projectInfo":null,"ge

      61 |       return undefined;
      62 |     }
    > 63 |     return originalFn(...args);
         |            ^
      64 |   };
      65 | };
      66 |

      at console.<anonymous> (tests/setup/jest.setup.cjs:63:12)
      at console.apply [as warn] (src/scripts/modules/base.js:92:26)
      at Object.warn (tests/unit/storage.test.js:11:15)
      at setItem (src/scripts/storage.js:8463:17)
      at saveJSONToStorage (src/scripts/storage.js:12780:18)
      at persistProjectShard (src/scripts/storage.js:12828:5)
          at Array.forEach (<anonymous>)
      at forEach (src/scripts/storage.js:12827:25)
      at persistAllProjects (src/scripts/storage.js:13063:5)
      at Object.loadProject (tests/unit/storage.test.js:1689:22)

  console.warn
    MOCK SET: cameraPowerPlanner_project__legacyMigrationBackup = [{"createdAt":"2026-01-16T20:14:35.869Z","data":"<

      61 |       return undefined;
      62 |     }
    > 63 |     return originalFn(...args);
         |            ^
      64 |   };
      65 | };
      66 |

      at console.<anonymous> (tests/setup/jest.setup.cjs:63:12)
      at console.apply [as warn] (src/scripts/modules/base.js:92:26)
      at Object.warn (tests/unit/storage.test.js:11:15)
      at setItem (src/scripts/storage.js:5514:19)
      at tryStoreList (src/scripts/storage.js:5521:20)
      at createStorageMigrationBackup (src/scripts/storage.js:12735:7)
      at cleanupMonolithicProjectStorage (src/scripts/storage.js:12832:3)
      at persistAllProjects (src/scripts/storage.js:13063:5)
      at Object.loadProject (tests/unit/storage.test.js:1689:22)

  console.log
    DEBUG: getSafeLocalStorage returning object

      at Proxy.apply (src/scripts/modules/base.js:92:26)

  console.warn
    MOCK SET: cameraPowerPlanner_project_rev = 1

      61 |       return undefined;
      62 |     }
    > 63 |     return originalFn(...args);
         |            ^
      64 |   };
      65 | };
      66 |

      at console.<anonymous> (tests/setup/jest.setup.cjs:63:12)
      at console.apply [as warn] (src/scripts/modules/base.js:92:26)
      at Object.warn (tests/unit/storage.test.js:11:15)
      at setItem (src/scripts/storage.js:8463:17)
      at saveJSONToStorage (src/scripts/storage.js:1859:3)
      at bumpProjectStorageRevision (src/scripts/storage.js:12834:3)
      at persistAllProjects (src/scripts/storage.js:13063:5)
      at Object.loadProject (tests/unit/storage.test.js:1689:22)

  console.warn
    MOCK SET: cameraPowerPlanner_project_rev__backup = 1

      61 |       return undefined;
      62 |     }
    > 63 |     return originalFn(...args);
         |            ^
      64 |   };
      65 | };
      66 |

      at console.<anonymous> (tests/setup/jest.setup.cjs:63:12)
      at console.apply [as warn] (src/scripts/modules/base.js:92:26)
      at Object.warn (tests/unit/storage.test.js:11:15)
      at setItem (src/scripts/storage.js:8524:19)
      at tryStoreCandidate (src/scripts/storage.js:8540:13)
      at attemptBackupWrite (src/scripts/storage.js:8617:26)
      at saveJSONToStorage (src/scripts/storage.js:1859:3)
      at bumpProjectStorageRevision (src/scripts/storage.js:12834:3)
      at persistAllProjects (src/scripts/storage.js:13063:5)
      at Object.loadProject (tests/unit/storage.test.js:1689:22)

  console.warn
    MOCK SET: cameraPowerPlanner_project = "<p>Legacy project</p>"

      61 |       return undefined;
      62 |     }
    > 63 |     return originalFn(...args);
         |            ^
      64 |   };
      65 | };
      66 |

      at console.<anonymous> (tests/setup/jest.setup.cjs:63:12)
      at console.apply [as warn] (src/scripts/modules/base.js:92:26)
      at Object.warn (tests/unit/storage.test.js:11:15)
      at Object.setItem (tests/unit/storage.test.js:1710:18)

  console.log
    DEBUG: getSafeLocalStorage returning object

      at Proxy.apply (src/scripts/modules/base.js:92:26)

  console.log
    DEBUG: getSafeLocalStorage returning object

      at Proxy.apply (src/scripts/modules/base.js:92:26)

  console.log
    DEBUG: getSafeLocalStorage returning object

      at Proxy.apply (src/scripts/modules/base.js:92:26)

  console.warn
    MOCK SET: cameraPowerPlanner_project__legacyMigrationBackup = {"createdAt":"2026-01-16T20:14:35.875Z","data":"<p

      61 |       return undefined;
      62 |     }
    > 63 |     return originalFn(...args);
         |            ^
      64 |   };
      65 | };
      66 |

      at console.<anonymous> (tests/setup/jest.setup.cjs:63:12)
      at console.apply [as warn] (src/scripts/modules/base.js:92:26)
      at Object.warn (tests/unit/storage.test.js:11:15)
      at setItem (src/scripts/storage.js:5565:15)
      at tryStoreSerialized (src/scripts/storage.js:5587:26)
      at createStorageMigrationBackup (src/scripts/storage.js:13060:7)
      at Object.loadProject (tests/unit/storage.test.js:1714:5)

  console.log
    DEBUG: getSafeLocalStorage returning object

      at Proxy.apply (src/scripts/modules/base.js:92:26)

  console.log
    DEBUG: getSafeLocalStorage returning object

      at Proxy.apply (src/scripts/modules/base.js:92:26)
          at Array.forEach (<anonymous>)

  console.log
    DEBUG: getSafeLocalStorage returning object

      at Proxy.apply (src/scripts/modules/base.js:92:26)
          at Array.forEach (<anonymous>)

  console.warn
    MOCK SET: cameraPowerPlanner_prj_Project-updated = {"gearList":"<p>Legacy project</p>","projectInfo":

      61 |       return undefined;
      62 |     }
    > 63 |     return originalFn(...args);
         |            ^
      64 |   };
      65 | };
      66 |

      at console.<anonymous> (tests/setup/jest.setup.cjs:63:12)
      at console.apply [as warn] (src/scripts/modules/base.js:92:26)
      at Object.warn (tests/unit/storage.test.js:11:15)
      at setItem (src/scripts/storage.js:8463:17)
      at saveJSONToStorage (src/scripts/storage.js:12780:18)
      at persistProjectShard (src/scripts/storage.js:12828:5)
          at Array.forEach (<anonymous>)
      at forEach (src/scripts/storage.js:12827:25)
      at persistAllProjects (src/scripts/storage.js:13063:5)
      at Object.loadProject (tests/unit/storage.test.js:1714:5)

  console.warn
    MOCK SET: cameraPowerPlanner_project__legacyMigrationBackup = [{"createdAt":"2026-01-16T20:14:35.875Z","data":"<

      61 |       return undefined;
      62 |     }
    > 63 |     return originalFn(...args);
         |            ^
      64 |   };
      65 | };
      66 |

      at console.<anonymous> (tests/setup/jest.setup.cjs:63:12)
      at console.apply [as warn] (src/scripts/modules/base.js:92:26)
      at Object.warn (tests/unit/storage.test.js:11:15)
      at setItem (src/scripts/storage.js:5514:19)
      at tryStoreList (src/scripts/storage.js:5521:20)
      at createStorageMigrationBackup (src/scripts/storage.js:12735:7)
      at cleanupMonolithicProjectStorage (src/scripts/storage.js:12832:3)
      at persistAllProjects (src/scripts/storage.js:13063:5)
      at Object.loadProject (tests/unit/storage.test.js:1714:5)

  console.log
    DEBUG: getSafeLocalStorage returning object

      at Proxy.apply (src/scripts/modules/base.js:92:26)

  console.warn
    MOCK SET: cameraPowerPlanner_project_rev = 1

      61 |       return undefined;
      62 |     }
    > 63 |     return originalFn(...args);
         |            ^
      64 |   };
      65 | };
      66 |

      at console.<anonymous> (tests/setup/jest.setup.cjs:63:12)
      at console.apply [as warn] (src/scripts/modules/base.js:92:26)
      at Object.warn (tests/unit/storage.test.js:11:15)
      at setItem (src/scripts/storage.js:8463:17)
      at saveJSONToStorage (src/scripts/storage.js:1859:3)
      at bumpProjectStorageRevision (src/scripts/storage.js:12834:3)
      at persistAllProjects (src/scripts/storage.js:13063:5)
      at Object.loadProject (tests/unit/storage.test.js:1714:5)

  console.warn
    MOCK SET: cameraPowerPlanner_project_rev__backup = 1

      61 |       return undefined;
      62 |     }
    > 63 |     return originalFn(...args);
         |            ^
      64 |   };
      65 | };
      66 |

      at console.<anonymous> (tests/setup/jest.setup.cjs:63:12)
      at console.apply [as warn] (src/scripts/modules/base.js:92:26)
      at Object.warn (tests/unit/storage.test.js:11:15)
      at setItem (src/scripts/storage.js:8524:19)
      at tryStoreCandidate (src/scripts/storage.js:8540:13)
      at attemptBackupWrite (src/scripts/storage.js:8617:26)
      at saveJSONToStorage (src/scripts/storage.js:1859:3)
      at bumpProjectStorageRevision (src/scripts/storage.js:12834:3)
      at persistAllProjects (src/scripts/storage.js:13063:5)
      at Object.loadProject (tests/unit/storage.test.js:1714:5)

  console.warn
    MOCK SET: cameraPowerPlanner_project = "<p>Legacy project</p>"

      61 |       return undefined;
      62 |     }
    > 63 |     return originalFn(...args);
         |            ^
      64 |   };
      65 | };
      66 |

      at console.<anonymous> (tests/setup/jest.setup.cjs:63:12)
      at console.apply [as warn] (src/scripts/modules/base.js:92:26)
      at Object.warn (tests/unit/storage.test.js:11:15)
      at Object.setItem (tests/unit/storage.test.js:1733:18)

  console.warn
    MOCK SET: cameraPowerPlanner_project__legacyMigrationBackup = {"createdAt":"2023-01-01T00:00:00.000Z","data":"ke

      61 |       return undefined;
      62 |     }
    > 63 |     return originalFn(...args);
         |            ^
      64 |   };
      65 | };
      66 |

      at console.<anonymous> (tests/setup/jest.setup.cjs:63:12)
      at console.apply [as warn] (src/scripts/modules/base.js:92:26)
      at Object.warn (tests/unit/storage.test.js:11:15)
      at Object.setItem (tests/unit/storage.test.js:1734:18)

  console.log
    DEBUG: getSafeLocalStorage returning object

      at Proxy.apply (src/scripts/modules/base.js:92:26)

  console.log
    DEBUG: getSafeLocalStorage returning object

      at Proxy.apply (src/scripts/modules/base.js:92:26)

  console.log
    DEBUG: getSafeLocalStorage returning object

      at Proxy.apply (src/scripts/modules/base.js:92:26)

  console.warn
    MOCK SET: cameraPowerPlanner_project__legacyMigrationBackup = [{"createdAt":"2023-01-01T00:00:00.000Z","data":"k

      61 |       return undefined;
      62 |     }
    > 63 |     return originalFn(...args);
         |            ^
      64 |   };
      65 | };
      66 |

      at console.<anonymous> (tests/setup/jest.setup.cjs:63:12)
      at console.apply [as warn] (src/scripts/modules/base.js:92:26)
      at Object.warn (tests/unit/storage.test.js:11:15)
      at setItem (src/scripts/storage.js:5514:19)
      at tryStoreList (src/scripts/storage.js:5521:20)
      at createStorageMigrationBackup (src/scripts/storage.js:13060:7)
      at Object.loadProject (tests/unit/storage.test.js:1739:22)

  console.log
    DEBUG: getSafeLocalStorage returning object

      at Proxy.apply (src/scripts/modules/base.js:92:26)

  console.log
    DEBUG: getSafeLocalStorage returning object

      at Proxy.apply (src/scripts/modules/base.js:92:26)
          at Array.forEach (<anonymous>)

  console.log
    DEBUG: getSafeLocalStorage returning object

      at Proxy.apply (src/scripts/modules/base.js:92:26)
          at Array.forEach (<anonymous>)

  console.warn
    MOCK SET: cameraPowerPlanner_prj_Project-updated = {"gearList":"<p>Legacy project</p>","projectInfo":

      61 |       return undefined;
      62 |     }
    > 63 |     return originalFn(...args);
         |            ^
      64 |   };
      65 | };
      66 |

      at console.<anonymous> (tests/setup/jest.setup.cjs:63:12)
      at console.apply [as warn] (src/scripts/modules/base.js:92:26)
      at Object.warn (tests/unit/storage.test.js:11:15)
      at setItem (src/scripts/storage.js:8463:17)
      at saveJSONToStorage (src/scripts/storage.js:12780:18)
      at persistProjectShard (src/scripts/storage.js:12828:5)
          at Array.forEach (<anonymous>)
      at forEach (src/scripts/storage.js:12827:25)
      at persistAllProjects (src/scripts/storage.js:13063:5)
      at Object.loadProject (tests/unit/storage.test.js:1739:22)

  console.warn
    MOCK SET: cameraPowerPlanner_project__legacyMigrationBackup = [{"createdAt":"2023-01-01T00:00:00.000Z","data":"k

      61 |       return undefined;
      62 |     }
    > 63 |     return originalFn(...args);
         |            ^
      64 |   };
      65 | };
      66 |

      at console.<anonymous> (tests/setup/jest.setup.cjs:63:12)
      at console.apply [as warn] (src/scripts/modules/base.js:92:26)
      at Object.warn (tests/unit/storage.test.js:11:15)
      at setItem (src/scripts/storage.js:5514:19)
      at tryStoreList (src/scripts/storage.js:5521:20)
      at createStorageMigrationBackup (src/scripts/storage.js:12735:7)
      at cleanupMonolithicProjectStorage (src/scripts/storage.js:12832:3)
      at persistAllProjects (src/scripts/storage.js:13063:5)
      at Object.loadProject (tests/unit/storage.test.js:1739:22)

  console.log
    DEBUG: getSafeLocalStorage returning object

      at Proxy.apply (src/scripts/modules/base.js:92:26)

  console.warn
    MOCK SET: cameraPowerPlanner_project_rev = 1

      61 |       return undefined;
      62 |     }
    > 63 |     return originalFn(...args);
         |            ^
      64 |   };
      65 | };
      66 |

      at console.<anonymous> (tests/setup/jest.setup.cjs:63:12)
      at console.apply [as warn] (src/scripts/modules/base.js:92:26)
      at Object.warn (tests/unit/storage.test.js:11:15)
      at setItem (src/scripts/storage.js:8463:17)
      at saveJSONToStorage (src/scripts/storage.js:1859:3)
      at bumpProjectStorageRevision (src/scripts/storage.js:12834:3)
      at persistAllProjects (src/scripts/storage.js:13063:5)
      at Object.loadProject (tests/unit/storage.test.js:1739:22)

  console.warn
    MOCK SET: cameraPowerPlanner_project_rev__backup = 1

      61 |       return undefined;
      62 |     }
    > 63 |     return originalFn(...args);
         |            ^
      64 |   };
      65 | };
      66 |

      at console.<anonymous> (tests/setup/jest.setup.cjs:63:12)
      at console.apply [as warn] (src/scripts/modules/base.js:92:26)
      at Object.warn (tests/unit/storage.test.js:11:15)
      at setItem (src/scripts/storage.js:8524:19)
      at tryStoreCandidate (src/scripts/storage.js:8540:13)
      at attemptBackupWrite (src/scripts/storage.js:8617:26)
      at saveJSONToStorage (src/scripts/storage.js:1859:3)
      at bumpProjectStorageRevision (src/scripts/storage.js:12834:3)
      at persistAllProjects (src/scripts/storage.js:13063:5)
      at Object.loadProject (tests/unit/storage.test.js:1739:22)

  console.log
    DEBUG: getSafeLocalStorage returning object

      at Proxy.apply (src/scripts/modules/base.js:92:26)

  console.log
    DEBUG: getSafeLocalStorage returning object

      at Proxy.apply (src/scripts/modules/base.js:92:26)

  console.log
    DEBUG: getSafeLocalStorage returning object

      at Proxy.apply (src/scripts/modules/base.js:92:26)

  console.log
    DEBUG: getSafeLocalStorage returning object

      at Proxy.apply (src/scripts/modules/base.js:92:26)

  console.log
    DEBUG: getSafeLocalStorage returning object

      at Proxy.apply (src/scripts/modules/base.js:92:26)

  console.log
    DEBUG: getSafeLocalStorage returning object

      at Proxy.apply (src/scripts/modules/base.js:92:26)

  console.log
    DEBUG: getSafeLocalStorage returning object

      at Proxy.apply (src/scripts/modules/base.js:92:26)

  console.log
    DEBUG: getSafeLocalStorage returning object

      at Proxy.apply (src/scripts/modules/base.js:92:26)

  console.warn
    MOCK SET: cameraPowerPlanner_prj_Keep = {"gearList":"<ul>Keep</ul>","projectInfo":null,"ge

      61 |       return undefined;
      62 |     }
    > 63 |     return originalFn(...args);
         |            ^
      64 |   };
      65 | };
      66 |

      at console.<anonymous> (tests/setup/jest.setup.cjs:63:12)
      at console.apply [as warn] (src/scripts/modules/base.js:92:26)
      at Object.warn (tests/unit/storage.test.js:11:15)
      at setItem (src/scripts/storage.js:8463:17)
      at saveJSONToStorage (src/scripts/storage.js:12780:18)
      at persistProjectShard (src/scripts/storage.js:13513:20)
      at Object.saveProject (tests/unit/storage.test.js:1754:5)

  console.log
    DEBUG: getSafeLocalStorage returning object

      at Proxy.apply (src/scripts/modules/base.js:92:26)

  console.log
    DEBUG: getSafeLocalStorage returning object

      at Proxy.apply (src/scripts/modules/base.js:92:26)
          at Array.forEach (<anonymous>)

  console.log
    DEBUG: getSafeLocalStorage returning object

      at Proxy.apply (src/scripts/modules/base.js:92:26)
          at Array.forEach (<anonymous>)

  console.log
    DEBUG: getSafeLocalStorage returning object

      at Proxy.apply (src/scripts/modules/base.js:92:26)

  console.warn
    MOCK SET: cameraPowerPlanner_project_rev = 1

      61 |       return undefined;
      62 |     }
    > 63 |     return originalFn(...args);
         |            ^
      64 |   };
      65 | };
      66 |

      at console.<anonymous> (tests/setup/jest.setup.cjs:63:12)
      at console.apply [as warn] (src/scripts/modules/base.js:92:26)
      at Object.warn (tests/unit/storage.test.js:11:15)
      at setItem (src/scripts/storage.js:8463:17)
      at saveJSONToStorage (src/scripts/storage.js:1859:3)
      at bumpProjectStorageRevision (src/scripts/storage.js:12834:3)
      at persistAllProjects (src/scripts/storage.js:13535:5)
      at Object.saveProject (tests/unit/storage.test.js:1754:5)

  console.warn
    MOCK SET: cameraPowerPlanner_project_rev__backup = 1

      61 |       return undefined;
      62 |     }
    > 63 |     return originalFn(...args);
         |            ^
      64 |   };
      65 | };
      66 |

      at console.<anonymous> (tests/setup/jest.setup.cjs:63:12)
      at console.apply [as warn] (src/scripts/modules/base.js:92:26)
      at Object.warn (tests/unit/storage.test.js:11:15)
      at setItem (src/scripts/storage.js:8524:19)
      at tryStoreCandidate (src/scripts/storage.js:8540:13)
      at attemptBackupWrite (src/scripts/storage.js:8617:26)
      at saveJSONToStorage (src/scripts/storage.js:1859:3)
      at bumpProjectStorageRevision (src/scripts/storage.js:12834:3)
      at persistAllProjects (src/scripts/storage.js:13535:5)
      at Object.saveProject (tests/unit/storage.test.js:1754:5)

  console.log
    DEBUG: getSafeLocalStorage returning object

      at Proxy.apply (src/scripts/modules/base.js:92:26)

  console.log
    DEBUG: getSafeLocalStorage returning object

      at Proxy.apply (src/scripts/modules/base.js:92:26)

  console.log
    DEBUG: getSafeLocalStorage returning object

      at Proxy.apply (src/scripts/modules/base.js:92:26)

  console.log
    DEBUG: getSafeLocalStorage returning object

      at Proxy.apply (src/scripts/modules/base.js:92:26)

  console.log
    DEBUG: getSafeLocalStorage returning object

      at Proxy.apply (src/scripts/modules/base.js:92:26)

  console.log
    DEBUG: getSafeLocalStorage returning object

      at Proxy.apply (src/scripts/modules/base.js:92:26)

  console.log
    DEBUG: getSafeLocalStorage returning object

      at Proxy.apply (src/scripts/modules/base.js:92:26)

  console.log
    DEBUG: getSafeLocalStorage returning object

      at Proxy.apply (src/scripts/modules/base.js:92:26)

  console.warn
    MOCK SET: cameraPowerPlanner_prj_Drop = {"gearList":"<ul>Drop</ul>","projectInfo":null,"ge

      61 |       return undefined;
      62 |     }
    > 63 |     return originalFn(...args);
         |            ^
      64 |   };
      65 | };
      66 |

      at console.<anonymous> (tests/setup/jest.setup.cjs:63:12)
      at console.apply [as warn] (src/scripts/modules/base.js:92:26)
      at Object.warn (tests/unit/storage.test.js:11:15)
      at setItem (src/scripts/storage.js:8463:17)
      at saveJSONToStorage (src/scripts/storage.js:12780:18)
      at persistProjectShard (src/scripts/storage.js:13513:20)
      at Object.saveProject (tests/unit/storage.test.js:1755:5)

  console.log
    DEBUG: getSafeLocalStorage returning object

      at Proxy.apply (src/scripts/modules/base.js:92:26)

  console.log
    DEBUG: getSafeLocalStorage returning object

      at Proxy.apply (src/scripts/modules/base.js:92:26)
          at Array.forEach (<anonymous>)

  console.log
    DEBUG: getSafeLocalStorage returning object

      at Proxy.apply (src/scripts/modules/base.js:92:26)
          at Array.forEach (<anonymous>)

  console.log
    DEBUG: getSafeLocalStorage returning object

      at Proxy.apply (src/scripts/modules/base.js:92:26)
          at Array.forEach (<anonymous>)

  console.log
    DEBUG: getSafeLocalStorage returning object

      at Proxy.apply (src/scripts/modules/base.js:92:26)
          at Array.forEach (<anonymous>)

  console.log
    DEBUG: getSafeLocalStorage returning object

      at Proxy.apply (src/scripts/modules/base.js:92:26)

  console.warn
    MOCK SET: cameraPowerPlanner_project_rev = 2

      61 |       return undefined;
      62 |     }
    > 63 |     return originalFn(...args);
         |            ^
      64 |   };
      65 | };
      66 |

      at console.<anonymous> (tests/setup/jest.setup.cjs:63:12)
      at console.apply [as warn] (src/scripts/modules/base.js:92:26)
      at Object.warn (tests/unit/storage.test.js:11:15)
      at setItem (src/scripts/storage.js:8463:17)
      at saveJSONToStorage (src/scripts/storage.js:1859:3)
      at bumpProjectStorageRevision (src/scripts/storage.js:12834:3)
      at persistAllProjects (src/scripts/storage.js:13535:5)
      at Object.saveProject (tests/unit/storage.test.js:1755:5)

  console.warn
    MOCK SET: cameraPowerPlanner_project_rev__backup = 2

      61 |       return undefined;
      62 |     }
    > 63 |     return originalFn(...args);
         |            ^
      64 |   };
      65 | };
      66 |

      at console.<anonymous> (tests/setup/jest.setup.cjs:63:12)
      at console.apply [as warn] (src/scripts/modules/base.js:92:26)
      at Object.warn (tests/unit/storage.test.js:11:15)
      at setItem (src/scripts/storage.js:8524:19)
      at tryStoreCandidate (src/scripts/storage.js:8540:13)
      at attemptBackupWrite (src/scripts/storage.js:8617:26)
      at saveJSONToStorage (src/scripts/storage.js:1859:3)
      at bumpProjectStorageRevision (src/scripts/storage.js:12834:3)
      at persistAllProjects (src/scripts/storage.js:13535:5)
      at Object.saveProject (tests/unit/storage.test.js:1755:5)

  console.log
    DEBUG: getSafeLocalStorage returning object

      at Proxy.apply (src/scripts/modules/base.js:92:26)

  console.log
    DEBUG: getSafeLocalStorage returning object

      at Proxy.apply (src/scripts/modules/base.js:92:26)

  console.log
    DEBUG: getSafeLocalStorage returning object

      at Proxy.apply (src/scripts/modules/base.js:92:26)

  console.log
    DEBUG: getSafeLocalStorage returning object

      at Proxy.apply (src/scripts/modules/base.js:92:26)

  console.log
    DEBUG: getSafeLocalStorage returning object

      at Proxy.apply (src/scripts/modules/base.js:92:26)

  console.log
    DEBUG: getSafeLocalStorage returning object

      at Proxy.apply (src/scripts/modules/base.js:92:26)

  console.log
    DEBUG: getSafeLocalStorage returning object

      at Proxy.apply (src/scripts/modules/base.js:92:26)

  console.log
    DEBUG: getSafeLocalStorage returning object

      at Proxy.apply (src/scripts/modules/base.js:92:26)

  console.log
    DEBUG: getSafeLocalStorage returning object

      at Proxy.apply (src/scripts/modules/base.js:92:26)

  console.log
    DEBUG: getSafeLocalStorage returning object

      at Proxy.apply (src/scripts/modules/base.js:92:26)

  console.log
    DEBUG: getSafeLocalStorage returning object

      at Proxy.apply (src/scripts/modules/base.js:92:26)

  console.log
    DEBUG: getSafeLocalStorage returning object

      at Proxy.apply (src/scripts/modules/base.js:92:26)

  console.log
    DEBUG: getSafeLocalStorage returning object

      at Proxy.apply (src/scripts/modules/base.js:92:26)

  console.log
    DEBUG: getSafeLocalStorage returning object

      at Proxy.apply (src/scripts/modules/base.js:92:26)

  console.log
    DEBUG: getSafeLocalStorage returning object

      at Proxy.apply (src/scripts/modules/base.js:92:26)

  console.warn
    MOCK SET: cameraPowerPlanner_prj_A = {"gearList":"<ul>A</ul>","projectInfo":null,"gearL

      61 |       return undefined;
      62 |     }
    > 63 |     return originalFn(...args);
         |            ^
      64 |   };
      65 | };
      66 |

      at console.<anonymous> (tests/setup/jest.setup.cjs:63:12)
      at console.apply [as warn] (src/scripts/modules/base.js:92:26)
      at Object.warn (tests/unit/storage.test.js:11:15)
      at setItem (src/scripts/storage.js:8463:17)
      at saveJSONToStorage (src/scripts/storage.js:12780:18)
      at persistProjectShard (src/scripts/storage.js:13513:20)
      at Object.saveProject (tests/unit/storage.test.js:1784:5)

  console.log
    DEBUG: getSafeLocalStorage returning object

      at Proxy.apply (src/scripts/modules/base.js:92:26)

  console.log
    DEBUG: getSafeLocalStorage returning object

      at Proxy.apply (src/scripts/modules/base.js:92:26)
          at Array.forEach (<anonymous>)

  console.log
    DEBUG: getSafeLocalStorage returning object

      at Proxy.apply (src/scripts/modules/base.js:92:26)
          at Array.forEach (<anonymous>)

  console.log
    DEBUG: getSafeLocalStorage returning object

      at Proxy.apply (src/scripts/modules/base.js:92:26)

  console.warn
    MOCK SET: cameraPowerPlanner_project_rev = 1

      61 |       return undefined;
      62 |     }
    > 63 |     return originalFn(...args);
         |            ^
      64 |   };
      65 | };
      66 |

      at console.<anonymous> (tests/setup/jest.setup.cjs:63:12)
      at console.apply [as warn] (src/scripts/modules/base.js:92:26)
      at Object.warn (tests/unit/storage.test.js:11:15)
      at setItem (src/scripts/storage.js:8463:17)
      at saveJSONToStorage (src/scripts/storage.js:1859:3)
      at bumpProjectStorageRevision (src/scripts/storage.js:12834:3)
      at persistAllProjects (src/scripts/storage.js:13535:5)
      at Object.saveProject (tests/unit/storage.test.js:1784:5)

  console.warn
    MOCK SET: cameraPowerPlanner_project_rev__backup = 1

      61 |       return undefined;
      62 |     }
    > 63 |     return originalFn(...args);
         |            ^
      64 |   };
      65 | };
      66 |

      at console.<anonymous> (tests/setup/jest.setup.cjs:63:12)
      at console.apply [as warn] (src/scripts/modules/base.js:92:26)
      at Object.warn (tests/unit/storage.test.js:11:15)
      at setItem (src/scripts/storage.js:8524:19)
      at tryStoreCandidate (src/scripts/storage.js:8540:13)
      at attemptBackupWrite (src/scripts/storage.js:8617:26)
      at saveJSONToStorage (src/scripts/storage.js:1859:3)
      at bumpProjectStorageRevision (src/scripts/storage.js:12834:3)
      at persistAllProjects (src/scripts/storage.js:13535:5)
      at Object.saveProject (tests/unit/storage.test.js:1784:5)

  console.log
    DEBUG: getSafeLocalStorage returning object

      at Proxy.apply (src/scripts/modules/base.js:92:26)

  console.log
    DEBUG: getSafeLocalStorage returning object

      at Proxy.apply (src/scripts/modules/base.js:92:26)

  console.log
    DEBUG: getSafeLocalStorage returning object

      at Proxy.apply (src/scripts/modules/base.js:92:26)

  console.log
    DEBUG: getSafeLocalStorage returning object

      at Proxy.apply (src/scripts/modules/base.js:92:26)

  console.log
    DEBUG: getSafeLocalStorage returning object

      at Proxy.apply (src/scripts/modules/base.js:92:26)

  console.log
    DEBUG: getSafeLocalStorage returning object

      at Proxy.apply (src/scripts/modules/base.js:92:26)

  console.log
    DEBUG: getSafeLocalStorage returning object

      at Proxy.apply (src/scripts/modules/base.js:92:26)

  console.log
    DEBUG: getSafeLocalStorage returning object

      at Proxy.apply (src/scripts/modules/base.js:92:26)

  console.warn
    MOCK SET: cameraPowerPlanner_prj_B = {"gearList":"<ul>B</ul>","projectInfo":null,"gearL

      61 |       return undefined;
      62 |     }
    > 63 |     return originalFn(...args);
         |            ^
      64 |   };
      65 | };
      66 |

      at console.<anonymous> (tests/setup/jest.setup.cjs:63:12)
      at console.apply [as warn] (src/scripts/modules/base.js:92:26)
      at Object.warn (tests/unit/storage.test.js:11:15)
      at setItem (src/scripts/storage.js:8463:17)
      at saveJSONToStorage (src/scripts/storage.js:12780:18)
      at persistProjectShard (src/scripts/storage.js:13513:20)
      at Object.saveProject (tests/unit/storage.test.js:1785:5)

  console.log
    DEBUG: getSafeLocalStorage returning object

      at Proxy.apply (src/scripts/modules/base.js:92:26)

  console.log
    DEBUG: getSafeLocalStorage returning object

      at Proxy.apply (src/scripts/modules/base.js:92:26)
          at Array.forEach (<anonymous>)

  console.log
    DEBUG: getSafeLocalStorage returning object

      at Proxy.apply (src/scripts/modules/base.js:92:26)
          at Array.forEach (<anonymous>)

  console.log
    DEBUG: getSafeLocalStorage returning object

      at Proxy.apply (src/scripts/modules/base.js:92:26)
          at Array.forEach (<anonymous>)

  console.log
    DEBUG: getSafeLocalStorage returning object

      at Proxy.apply (src/scripts/modules/base.js:92:26)
          at Array.forEach (<anonymous>)

  console.log
    DEBUG: getSafeLocalStorage returning object

      at Proxy.apply (src/scripts/modules/base.js:92:26)

  console.warn
    MOCK SET: cameraPowerPlanner_project_rev = 2

      61 |       return undefined;
      62 |     }
    > 63 |     return originalFn(...args);
         |            ^
      64 |   };
      65 | };
      66 |

      at console.<anonymous> (tests/setup/jest.setup.cjs:63:12)
      at console.apply [as warn] (src/scripts/modules/base.js:92:26)
      at Object.warn (tests/unit/storage.test.js:11:15)
      at setItem (src/scripts/storage.js:8463:17)
      at saveJSONToStorage (src/scripts/storage.js:1859:3)
      at bumpProjectStorageRevision (src/scripts/storage.js:12834:3)
      at persistAllProjects (src/scripts/storage.js:13535:5)
      at Object.saveProject (tests/unit/storage.test.js:1785:5)

  console.warn
    MOCK SET: cameraPowerPlanner_project_rev__backup = 2

      61 |       return undefined;
      62 |     }
    > 63 |     return originalFn(...args);
         |            ^
      64 |   };
      65 | };
      66 |

      at console.<anonymous> (tests/setup/jest.setup.cjs:63:12)
      at console.apply [as warn] (src/scripts/modules/base.js:92:26)
      at Object.warn (tests/unit/storage.test.js:11:15)
      at setItem (src/scripts/storage.js:8524:19)
      at tryStoreCandidate (src/scripts/storage.js:8540:13)
      at attemptBackupWrite (src/scripts/storage.js:8617:26)
      at saveJSONToStorage (src/scripts/storage.js:1859:3)
      at bumpProjectStorageRevision (src/scripts/storage.js:12834:3)
      at persistAllProjects (src/scripts/storage.js:13535:5)
      at Object.saveProject (tests/unit/storage.test.js:1785:5)

  console.log
    DEBUG: getSafeLocalStorage returning object

      at Proxy.apply (src/scripts/modules/base.js:92:26)

  console.warn
    [DataVault] OPFS is not supported in this browser.

      61 |       return undefined;
      62 |     }
    > 63 |     return originalFn(...args);
         |            ^
      64 |   };
      65 | };
      66 |

      at console.<anonymous> (tests/setup/jest.setup.cjs:63:12)
      at console.apply [as warn] (src/scripts/modules/base.js:92:26)
      at DataVault.warn (src/scripts/modules/storage/DataVault.js:16:25)
      at DataVault.init [as clear] (src/scripts/modules/storage/DataVault.js:120:43)
      at clear (src/scripts/storage.js:13590:19)
      at Object.deleteProject (tests/unit/storage.test.js:1786:5)

  console.log
    DEBUG: getSafeLocalStorage returning object

      at Proxy.apply (src/scripts/modules/base.js:92:26)

  console.log
    DEBUG: getSafeLocalStorage returning object

      at Proxy.apply (src/scripts/modules/base.js:92:26)

  console.log
    DEBUG: getSafeLocalStorage returning object

      at Proxy.apply (src/scripts/modules/base.js:92:26)

  console.log
    DEBUG: getSafeLocalStorage returning object

      at Proxy.apply (src/scripts/modules/base.js:92:26)

  console.warn
    MOCK SET: cine_user_uuid = 3721f50c-9e25-4c03-b48a-d6d7bf366116

      61 |       return undefined;
      62 |     }
    > 63 |     return originalFn(...args);
         |            ^
      64 |   };
      65 | };
      66 |

      at console.<anonymous> (tests/setup/jest.setup.cjs:63:12)
      at console.apply [as warn] (src/scripts/modules/base.js:92:26)
      at Object.warn (tests/unit/storage.test.js:11:15)
      at UserContext.setItem [as init] (src/scripts/modules/core/UserContext.js:44:26)
      at UserContext.init [as getUserId] (src/scripts/modules/core/UserContext.js:68:39)
      at UserContext.getUserId [as getScopedKey] (src/scripts/modules/core/UserContext.js:95:27)
      at StorageRepository.getScopedKey [as removeItem] (src/scripts/modules/storage/StorageRepository.js:75:39)
      at removeItem (src/scripts/storage.js:8798:19)
          at Array.forEach (<anonymous>)
      at forEach (src/scripts/storage.js:8795:25)
      at clearUiCacheStorageEntries (src/scripts/storage.js:13601:9)
      at Object.deleteProject (tests/unit/storage.test.js:1786:5)

  console.log
    [UserContext] Generated new User UUID: 3721f50c-9e25-4c03-b48a-d6d7bf366116

      at Proxy.apply (src/scripts/modules/base.js:92:26)
          at Array.forEach (<anonymous>)

  console.warn
    MOCK SET: cine_device_uuid = dcddbd8c-6ef6-44be-aba2-d189b054b7cb

      61 |       return undefined;
      62 |     }
    > 63 |     return originalFn(...args);
         |            ^
      64 |   };
      65 | };
      66 |

      at console.<anonymous> (tests/setup/jest.setup.cjs:63:12)
      at console.apply [as warn] (src/scripts/modules/base.js:92:26)
      at Object.warn (tests/unit/storage.test.js:11:15)
      at UserContext.setItem [as init] (src/scripts/modules/core/UserContext.js:55:26)
      at UserContext.init [as getUserId] (src/scripts/modules/core/UserContext.js:68:39)
      at UserContext.getUserId [as getScopedKey] (src/scripts/modules/core/UserContext.js:95:27)
      at StorageRepository.getScopedKey [as removeItem] (src/scripts/modules/storage/StorageRepository.js:75:39)
      at removeItem (src/scripts/storage.js:8798:19)
          at Array.forEach (<anonymous>)
      at forEach (src/scripts/storage.js:8795:25)
      at clearUiCacheStorageEntries (src/scripts/storage.js:13601:9)
      at Object.deleteProject (tests/unit/storage.test.js:1786:5)

  console.log
    [UserContext] Generated new Device UUID: dcddbd8c-6ef6-44be-aba2-d189b054b7cb

      at Proxy.apply (src/scripts/modules/base.js:92:26)
          at Array.forEach (<anonymous>)

  console.log
    [UserContext] Session UUID: 80587084-e304-473e-8971-d216a41808ad

      at Proxy.apply (src/scripts/modules/base.js:92:26)
          at Array.forEach (<anonymous>)

  console.log
    DEBUG: getSafeLocalStorage returning object

      at Proxy.apply (src/scripts/modules/base.js:92:26)

  console.log
    DEBUG: getSafeLocalStorage returning object

      at Proxy.apply (src/scripts/modules/base.js:92:26)

  console.warn
    MOCK SET: cameraPowerPlanner_project_rev = 3

      61 |       return undefined;
      62 |     }
    > 63 |     return originalFn(...args);
         |            ^
      64 |   };
      65 | };
      66 |

      at console.<anonymous> (tests/setup/jest.setup.cjs:63:12)
      at console.apply [as warn] (src/scripts/modules/base.js:92:26)
      at Object.warn (tests/unit/storage.test.js:11:15)
      at setItem (src/scripts/storage.js:8463:17)
      at saveJSONToStorage (src/scripts/storage.js:1859:3)
      at bumpProjectStorageRevision (src/scripts/storage.js:13614:7)
      at Object.deleteProject (tests/unit/storage.test.js:1786:5)

  console.warn
    MOCK SET: cameraPowerPlanner_project_rev__backup = 3

      61 |       return undefined;
      62 |     }
    > 63 |     return originalFn(...args);
         |            ^
      64 |   };
      65 | };
      66 |

      at console.<anonymous> (tests/setup/jest.setup.cjs:63:12)
      at console.apply [as warn] (src/scripts/modules/base.js:92:26)
      at Object.warn (tests/unit/storage.test.js:11:15)
      at setItem (src/scripts/storage.js:8524:19)
      at tryStoreCandidate (src/scripts/storage.js:8540:13)
      at attemptBackupWrite (src/scripts/storage.js:8617:26)
      at saveJSONToStorage (src/scripts/storage.js:1859:3)
      at bumpProjectStorageRevision (src/scripts/storage.js:13614:7)
      at Object.deleteProject (tests/unit/storage.test.js:1786:5)

  console.warn
    MOCK SET: cameraPowerPlanner_favorites = ["CamA"]

      61 |       return undefined;
      62 |     }
    > 63 |     return originalFn(...args);
         |            ^
      64 |   };
      65 | };
      66 |

      at console.<anonymous> (tests/setup/jest.setup.cjs:63:12)
      at console.apply [as warn] (src/scripts/modules/base.js:92:26)
      at Object.warn (tests/unit/storage.test.js:11:15)
      at Object.setItem (tests/unit/storage.test.js:1797:18)

  console.log
    DEBUG: getSafeLocalStorage returning object

      at Proxy.apply (src/scripts/modules/base.js:92:26)

  console.log
    DEBUG: getSafeLocalStorage returning object

      at Proxy.apply (src/scripts/modules/base.js:92:26)

  console.log
    DEBUG: getSafeLocalStorage returning object

      at Proxy.apply (src/scripts/modules/base.js:92:26)

  console.log
    DEBUG: getSafeLocalStorage returning object

      at Proxy.apply (src/scripts/modules/base.js:92:26)

  console.log
    DEBUG: getSafeLocalStorage returning object

      at Proxy.apply (src/scripts/modules/base.js:92:26)

  console.warn
    MOCK SET: cameraPowerPlanner_autoGearRules = [{"id":"rule-a","label":"Outdoor","scenarios":["Ou

      61 |       return undefined;
      62 |     }
    > 63 |     return originalFn(...args);
         |            ^
      64 |   };
      65 | };
      66 |

      at console.<anonymous> (tests/setup/jest.setup.cjs:63:12)
      at console.apply [as warn] (src/scripts/modules/base.js:92:26)
      at Object.warn (tests/unit/storage.test.js:11:15)
      at setItem (src/scripts/storage.js:8463:17)
      at saveJSONToStorage (src/scripts/storage.js:15084:3)
      at Object.saveAutoGearRules (tests/unit/storage.test.js:1814:5)

  console.warn
    MOCK SET: cameraPowerPlanner_autoGearRules__backup = [{"id":"rule-a","label":"Outdoor","scenarios":["Ou

      61 |       return undefined;
      62 |     }
    > 63 |     return originalFn(...args);
         |            ^
      64 |   };
      65 | };
      66 |

      at console.<anonymous> (tests/setup/jest.setup.cjs:63:12)
      at console.apply [as warn] (src/scripts/modules/base.js:92:26)
      at Object.warn (tests/unit/storage.test.js:11:15)
      at setItem (src/scripts/storage.js:8524:19)
      at tryStoreCandidate (src/scripts/storage.js:8540:13)
      at attemptBackupWrite (src/scripts/storage.js:8617:26)
      at saveJSONToStorage (src/scripts/storage.js:15084:3)
      at Object.saveAutoGearRules (tests/unit/storage.test.js:1814:5)

  console.log
    DEBUG: getSafeLocalStorage returning object

      at Proxy.apply (src/scripts/modules/base.js:92:26)

  console.log
    DEBUG: getSafeLocalStorage returning object

      at Proxy.apply (src/scripts/modules/base.js:92:26)

  console.warn
    MOCK SET: cameraPowerPlanner_autoGearRules = "oops"

      61 |       return undefined;
      62 |     }
    > 63 |     return originalFn(...args);
         |            ^
      64 |   };
      65 | };
      66 |

      at console.<anonymous> (tests/setup/jest.setup.cjs:63:12)
      at console.apply [as warn] (src/scripts/modules/base.js:92:26)
      at Object.warn (tests/unit/storage.test.js:11:15)
      at Object.setItem (tests/unit/storage.test.js:1820:18)

  console.log
    DEBUG: getSafeLocalStorage returning object

      at Proxy.apply (src/scripts/modules/base.js:92:26)

  console.log
    DEBUG: getSafeLocalStorage returning object

      at Proxy.apply (src/scripts/modules/base.js:92:26)

  console.warn
    MOCK SET: cinePowerPlanner_autoGearRules = [{"id":"legacy","label":"Legacy","scenarios":[],"a

      61 |       return undefined;
      62 |     }
    > 63 |     return originalFn(...args);
         |            ^
      64 |   };
      65 | };
      66 |

      at console.<anonymous> (tests/setup/jest.setup.cjs:63:12)
      at console.apply [as warn] (src/scripts/modules/base.js:92:26)
      at Object.warn (tests/unit/storage.test.js:11:15)
      at Object.setItem (tests/unit/storage.test.js:1826:18)

  console.log
    DEBUG: getSafeLocalStorage returning object

      at Proxy.apply (src/scripts/modules/base.js:92:26)

  console.warn
    MOCK SET: cameraPowerPlanner_autoGearRules = [{"id":"legacy","label":"Legacy","scenarios":[],"a

      61 |       return undefined;
      62 |     }
    > 63 |     return originalFn(...args);
         |            ^
      64 |   };
      65 | };
      66 |

      at console.<anonymous> (tests/setup/jest.setup.cjs:63:12)
      at console.apply [as warn] (src/scripts/modules/base.js:92:26)
      at Object.warn (tests/unit/storage.test.js:11:15)
      at setItem (src/scripts/storage.js:7445:17)
      at migrateKeyBetweenStorages (src/scripts/storage.js:7465:9)
      at migrateKeyInStorages (src/scripts/storage.js:7508:27)
          at Array.forEach (<anonymous>)
      at forEach (src/scripts/storage.js:7507:12)
      at migrateLegacyStorageKeys (src/scripts/storage.js:7538:3)
      at applyLegacyStorageMigrations (src/scripts/storage.js:15039:3)
      at Object.loadAutoGearRules (tests/unit/storage.test.js:1828:20)

  console.log
    DEBUG: getSafeLocalStorage returning object

      at Proxy.apply (src/scripts/modules/base.js:92:26)

  console.warn
    MOCK SET: cameraPowerPlanner_autoGearRules = [{"id":"missing-enabled","label":"Legacy active","

      61 |       return undefined;
      62 |     }
    > 63 |     return originalFn(...args);
         |            ^
      64 |   };
      65 | };
      66 |

      at console.<anonymous> (tests/setup/jest.setup.cjs:63:12)
      at console.apply [as warn] (src/scripts/modules/base.js:92:26)
      at Object.warn (tests/unit/storage.test.js:11:15)
      at Object.setItem (tests/unit/storage.test.js:1836:18)

  console.log
    DEBUG: getSafeLocalStorage returning object

      at Proxy.apply (src/scripts/modules/base.js:92:26)

  console.log
    DEBUG: getSafeLocalStorage returning object

      at Proxy.apply (src/scripts/modules/base.js:92:26)

  console.log
    DEBUG: getSafeLocalStorage returning object

      at Proxy.apply (src/scripts/modules/base.js:92:26)

  console.warn
    MOCK SET: cameraPowerPlanner_autoGearPresets = {"__cineStorageCompressed":true,"version":1,"algor

      61 |       return undefined;
      62 |     }
    > 63 |     return originalFn(...args);
         |            ^
      64 |   };
      65 | };
      66 |

      at console.<anonymous> (tests/setup/jest.setup.cjs:63:12)
      at console.apply [as warn] (src/scripts/modules/base.js:92:26)
      at Object.warn (tests/unit/storage.test.js:11:15)
      at Object.setItem (tests/unit/storage.test.js:1889:18)

  console.warn
    MOCK SET: cameraPowerPlanner_autoGearAutoPreset = preset-auto

      61 |       return undefined;
      62 |     }
    > 63 |     return originalFn(...args);
         |            ^
      64 |   };
      65 | };
      66 |

      at console.<anonymous> (tests/setup/jest.setup.cjs:63:12)
      at console.apply [as warn] (src/scripts/modules/base.js:92:26)
      at Object.warn (tests/unit/storage.test.js:11:15)
      at Object.setItem (tests/unit/storage.test.js:1890:18)

  console.warn
    Logging module registration deferred - queue unavailable.

      61 |       return undefined;
      62 |     }
    > 63 |     return originalFn(...args);
         |            ^
      64 |   };
      65 | };
      66 |

      at console.<anonymous> (tests/setup/jest.setup.cjs:63:12)
      at console.apply [as warn] (src/scripts/modules/base.js:92:26)
      at Proxy.apply (src/scripts/modules/base.js:92:26)
      at warn (src/scripts/modules/logging.js:488:17)
      at Object.registerOrQueueModule (src/scripts/modules/logging.js:3929:20)
      at Object.require (src/scripts/modules/logging-resolver.js:2:1)
      at Object.require (src/scripts/storage.js:17:1)
      at require (tests/unit/storage.test.js:1961:31)
      at Object.isolateModules (tests/unit/storage.test.js:1954:12)

  console.log
    DEBUG: storage.js execution started

      at Proxy.apply (src/scripts/modules/base.js:92:26)

  console.log
    DEBUG: storage.js: starting global export loop

      at Proxy.apply (src/scripts/modules/base.js:92:26)

  console.log
    DEBUG: storage.js execution finished

      at Proxy.apply (src/scripts/modules/base.js:92:26)

  console.log
    DEBUG: getSafeLocalStorage returning object

      at Proxy.apply (src/scripts/modules/base.js:92:26)

  console.log
    DEBUG: getSafeLocalStorage returning object

      at Proxy.apply (src/scripts/modules/base.js:92:26)

  console.log
    [StorageRepository] Initialized with default driver: IndexedDBAdapter

      at Proxy.apply (src/scripts/modules/base.js:92:26)

  console.warn
    MOCK SET: cine_user_uuid = 1123ccf5-f172-4bc2-a10c-7c69c70365d1

      61 |       return undefined;
      62 |     }
    > 63 |     return originalFn(...args);
         |            ^
      64 |   };
      65 | };
      66 |

      at console.<anonymous> (tests/setup/jest.setup.cjs:63:12)
      at console.apply [as warn] (src/scripts/modules/base.js:92:26)
      at Proxy.apply (src/scripts/modules/base.js:92:26)
      at Object.warn (tests/unit/storage.test.js:11:15)
      at UserContext.setItem [as init] (src/scripts/modules/core/UserContext.js:44:26)
      at ProjectLockService.init (src/scripts/modules/storage/ProjectLockService.js:81:21)
      at StorageRepository.init (src/scripts/modules/storage/StorageRepository.js:45:28)
      at StorageRepository.setItem (src/scripts/modules/storage/StorageRepository.js:68:32)

  console.log
    [UserContext] Generated new User UUID: 1123ccf5-f172-4bc2-a10c-7c69c70365d1

      at Proxy.apply (src/scripts/modules/base.js:92:26)

  console.warn
    MOCK SET: cine_device_uuid = 2ff01da8-2e61-4392-b93c-0325997f5dc0

      61 |       return undefined;
      62 |     }
    > 63 |     return originalFn(...args);
         |            ^
      64 |   };
      65 | };
      66 |

      at console.<anonymous> (tests/setup/jest.setup.cjs:63:12)
      at console.apply [as warn] (src/scripts/modules/base.js:92:26)
      at Proxy.apply (src/scripts/modules/base.js:92:26)
      at Object.warn (tests/unit/storage.test.js:11:15)
      at UserContext.setItem [as init] (src/scripts/modules/core/UserContext.js:55:26)
      at ProjectLockService.init (src/scripts/modules/storage/ProjectLockService.js:81:21)
      at StorageRepository.init (src/scripts/modules/storage/StorageRepository.js:45:28)
      at StorageRepository.setItem (src/scripts/modules/storage/StorageRepository.js:68:32)

  console.log
    [UserContext] Generated new Device UUID: 2ff01da8-2e61-4392-b93c-0325997f5dc0

      at Proxy.apply (src/scripts/modules/base.js:92:26)

  console.log
    [UserContext] Session UUID: f8afd879-b58c-4358-aea0-8f9a49750c2f

      at Proxy.apply (src/scripts/modules/base.js:92:26)

  console.log
    [ProjectLockService] BroadcastChannel initialized

      at Proxy.apply (src/scripts/modules/base.js:92:26)

  console.log
    [ProjectLockService] Initialized

      at Proxy.apply (src/scripts/modules/base.js:92:26)

  console.log
    [MigrationService] Starting storage migration...

      at Proxy.apply (src/scripts/modules/base.js:92:26)

  console.log
    [MigrationService] No local storage data found. safe to skip.

      at Proxy.apply (src/scripts/modules/base.js:92:26)

  console.warn
    Logging module registration deferred - queue unavailable.

      61 |       return undefined;
      62 |     }
    > 63 |     return originalFn(...args);
         |            ^
      64 |   };
      65 | };
      66 |

      at console.<anonymous> (tests/setup/jest.setup.cjs:63:12)
      at console.apply [as warn] (src/scripts/modules/base.js:92:26)
      at Proxy.apply (src/scripts/modules/base.js:92:26)
      at Proxy.apply (src/scripts/modules/base.js:92:26)
      at warn (src/scripts/modules/logging.js:488:17)
      at Object.registerOrQueueModule (src/scripts/modules/logging.js:3929:20)
      at Object.require (src/scripts/modules/logging-resolver.js:2:1)
      at Object.require (src/scripts/storage.js:17:1)
      at require (tests/unit/storage.test.js:2056:31)
      at Object.isolateModules (tests/unit/storage.test.js:2046:12)

  console.log
    DEBUG: storage.js execution started

      at Proxy.apply (src/scripts/modules/base.js:92:26)

  console.log
    DEBUG: storage.js: starting global export loop

      at Proxy.apply (src/scripts/modules/base.js:92:26)

  console.log
    DEBUG: storage.js execution finished

      at Proxy.apply (src/scripts/modules/base.js:92:26)

  console.log
    DEBUG: getSafeLocalStorage returning object

      at Proxy.apply (src/scripts/modules/base.js:92:26)

  console.log
    DEBUG: getSafeLocalStorage returning object

      at Proxy.apply (src/scripts/modules/base.js:92:26)

  console.log
    [StorageRepository] Initialized with default driver: IndexedDBAdapter

      at Proxy.apply (src/scripts/modules/base.js:92:26)

  console.warn
    MOCK SET: cine_user_uuid = c591554c-a9c8-4171-99f4-b20e1a5715ff

      61 |       return undefined;
      62 |     }
    > 63 |     return originalFn(...args);
         |            ^
      64 |   };
      65 | };
      66 |

      at console.<anonymous> (tests/setup/jest.setup.cjs:63:12)
      at console.apply [as warn] (src/scripts/modules/base.js:92:26)
      at Proxy.apply (src/scripts/modules/base.js:92:26)
      at Proxy.apply (src/scripts/modules/base.js:92:26)
      at Object.warn (tests/unit/storage.test.js:11:15)
      at UserContext.setItem [as init] (src/scripts/modules/core/UserContext.js:44:26)
      at ProjectLockService.init (src/scripts/modules/storage/ProjectLockService.js:81:21)
      at StorageRepository.init (src/scripts/modules/storage/StorageRepository.js:45:28)
      at StorageRepository.setItem (src/scripts/modules/storage/StorageRepository.js:68:32)

  console.log
    [UserContext] Generated new User UUID: c591554c-a9c8-4171-99f4-b20e1a5715ff

      at Proxy.apply (src/scripts/modules/base.js:92:26)

  console.warn
    MOCK SET: cine_device_uuid = 7ccec5c0-99a5-4ec2-a1ee-e32ef6fde2ee

      61 |       return undefined;
      62 |     }
    > 63 |     return originalFn(...args);
         |            ^
      64 |   };
      65 | };
      66 |

      at console.<anonymous> (tests/setup/jest.setup.cjs:63:12)
      at console.apply [as warn] (src/scripts/modules/base.js:92:26)
      at Proxy.apply (src/scripts/modules/base.js:92:26)
      at Proxy.apply (src/scripts/modules/base.js:92:26)
      at Object.warn (tests/unit/storage.test.js:11:15)
      at UserContext.setItem [as init] (src/scripts/modules/core/UserContext.js:55:26)
      at ProjectLockService.init (src/scripts/modules/storage/ProjectLockService.js:81:21)
      at StorageRepository.init (src/scripts/modules/storage/StorageRepository.js:45:28)
      at StorageRepository.setItem (src/scripts/modules/storage/StorageRepository.js:68:32)

  console.log
    [UserContext] Generated new Device UUID: 7ccec5c0-99a5-4ec2-a1ee-e32ef6fde2ee

      at Proxy.apply (src/scripts/modules/base.js:92:26)

  console.log
    [UserContext] Session UUID: f8e2db9a-8850-4cbd-ae8c-51ab059e8947

      at Proxy.apply (src/scripts/modules/base.js:92:26)

  console.log
    [ProjectLockService] BroadcastChannel initialized

      at Proxy.apply (src/scripts/modules/base.js:92:26)

  console.log
    [ProjectLockService] Initialized

      at Proxy.apply (src/scripts/modules/base.js:92:26)

  console.log
    [MigrationService] Starting storage migration...

      at Proxy.apply (src/scripts/modules/base.js:92:26)

  console.warn
    Logging module registration deferred - queue unavailable.

      61 |       return undefined;
      62 |     }
    > 63 |     return originalFn(...args);
         |            ^
      64 |   };
      65 | };
      66 |

      at console.<anonymous> (tests/setup/jest.setup.cjs:63:12)
      at console.apply [as warn] (src/scripts/modules/base.js:92:26)
      at Proxy.apply (src/scripts/modules/base.js:92:26)
      at Proxy.apply (src/scripts/modules/base.js:92:26)
      at Proxy.apply (src/scripts/modules/base.js:92:26)
      at warn (src/scripts/modules/logging.js:488:17)
      at Object.registerOrQueueModule (src/scripts/modules/logging.js:3929:20)
      at Object.require (src/scripts/modules/logging-resolver.js:2:1)
      at Object.require (src/scripts/storage.js:17:1)
      at require (tests/unit/storage.test.js:2149:31)
      at Object.isolateModules (tests/unit/storage.test.js:2139:12)

  console.log
    DEBUG: storage.js execution started

      at Proxy.apply (src/scripts/modules/base.js:92:26)

  console.log
    DEBUG: storage.js: starting global export loop

      at Proxy.apply (src/scripts/modules/base.js:92:26)

  console.log
    DEBUG: storage.js execution finished

      at Proxy.apply (src/scripts/modules/base.js:92:26)

  console.log
    DEBUG: getSafeLocalStorage returning object

      at Proxy.apply (src/scripts/modules/base.js:92:26)

  console.log
    DEBUG: getSafeLocalStorage returning object

      at Proxy.apply (src/scripts/modules/base.js:92:26)

  console.log
    [StorageRepository] Initialized with default driver: IndexedDBAdapter

      at Proxy.apply (src/scripts/modules/base.js:92:26)

  console.warn
    MOCK SET: cine_user_uuid = 05282e0e-2946-45db-ba4e-74b98da5b4d4

      61 |       return undefined;
      62 |     }
    > 63 |     return originalFn(...args);
         |            ^
      64 |   };
      65 | };
      66 |

      at console.<anonymous> (tests/setup/jest.setup.cjs:63:12)
      at console.apply [as warn] (src/scripts/modules/base.js:92:26)
      at Proxy.apply (src/scripts/modules/base.js:92:26)
      at Proxy.apply (src/scripts/modules/base.js:92:26)
      at Proxy.apply (src/scripts/modules/base.js:92:26)
      at Object.warn (tests/unit/storage.test.js:11:15)
      at UserContext.setItem [as init] (src/scripts/modules/core/UserContext.js:44:26)
      at ProjectLockService.init (src/scripts/modules/storage/ProjectLockService.js:81:21)
      at StorageRepository.init (src/scripts/modules/storage/StorageRepository.js:45:28)
      at StorageRepository.setItem (src/scripts/modules/storage/StorageRepository.js:68:32)

  console.log
    [UserContext] Generated new User UUID: 05282e0e-2946-45db-ba4e-74b98da5b4d4

      at Proxy.apply (src/scripts/modules/base.js:92:26)

  console.warn
    MOCK SET: cine_device_uuid = 5294e6ba-fc11-4987-9a91-dfa48f95537f

      61 |       return undefined;
      62 |     }
    > 63 |     return originalFn(...args);
         |            ^
      64 |   };
      65 | };
      66 |

      at console.<anonymous> (tests/setup/jest.setup.cjs:63:12)
      at console.apply [as warn] (src/scripts/modules/base.js:92:26)
      at Proxy.apply (src/scripts/modules/base.js:92:26)
      at Proxy.apply (src/scripts/modules/base.js:92:26)
      at Proxy.apply (src/scripts/modules/base.js:92:26)
      at Object.warn (tests/unit/storage.test.js:11:15)
      at UserContext.setItem [as init] (src/scripts/modules/core/UserContext.js:55:26)
      at ProjectLockService.init (src/scripts/modules/storage/ProjectLockService.js:81:21)
      at StorageRepository.init (src/scripts/modules/storage/StorageRepository.js:45:28)
      at StorageRepository.setItem (src/scripts/modules/storage/StorageRepository.js:68:32)

  console.log
    [UserContext] Generated new Device UUID: 5294e6ba-fc11-4987-9a91-dfa48f95537f

      at Proxy.apply (src/scripts/modules/base.js:92:26)

  console.log
    [UserContext] Session UUID: 699492f0-cf93-4f8c-8f72-607bbf5d2b26

      at Proxy.apply (src/scripts/modules/base.js:92:26)

  console.log
    [ProjectLockService] BroadcastChannel initialized

      at Proxy.apply (src/scripts/modules/base.js:92:26)

  console.log
    [ProjectLockService] Initialized

      at Proxy.apply (src/scripts/modules/base.js:92:26)

  console.log
    [MigrationService] Starting storage migration...

      at Proxy.apply (src/scripts/modules/base.js:92:26)

  console.warn
    MOCK SET: cameraPowerPlanner_autoGearBackupRetention = 12

      61 |       return undefined;
      62 |     }
    > 63 |     return originalFn(...args);
         |            ^
      64 |   };
      65 | };
      66 |

      at console.<anonymous> (tests/setup/jest.setup.cjs:63:12)
      at console.apply [as warn] (src/scripts/modules/base.js:92:26)
      at Proxy.apply (src/scripts/modules/base.js:92:26)
      at Proxy.apply (src/scripts/modules/base.js:92:26)
      at Proxy.apply (src/scripts/modules/base.js:92:26)
      at Object.warn (tests/unit/storage.test.js:11:15)
      at Object.setItem (tests/unit/storage.test.js:2199:18)

  console.log
    DEBUG: getSafeLocalStorage returning object

      at Proxy.apply (src/scripts/modules/base.js:92:26)

  console.warn
    MOCK SET: cameraPowerPlanner_autoGearBackupRetention__legacyMigrationBackup = {"createdAt":"2026-01-16T20:14:35.959Z","data":12}

      61 |       return undefined;
      62 |     }
    > 63 |     return originalFn(...args);
         |            ^
      64 |   };
      65 | };
      66 |

      at console.<anonymous> (tests/setup/jest.setup.cjs:63:12)
      at console.apply [as warn] (src/scripts/modules/base.js:92:26)
      at Proxy.apply (src/scripts/modules/base.js:92:26)
      at Proxy.apply (src/scripts/modules/base.js:92:26)
      at Proxy.apply (src/scripts/modules/base.js:92:26)
      at Object.warn (tests/unit/storage.test.js:11:15)
      at setItem (src/scripts/storage.js:5565:15)
      at tryStoreSerialized (src/scripts/storage.js:5587:26)
      at createStorageMigrationBackup (src/scripts/storage.js:5239:3)
      at ensurePreWriteMigrationBackup (src/scripts/storage.js:15819:3)
      at Object.saveAutoGearBackupRetention (tests/unit/storage.test.js:2202:5)

  console.log
    DEBUG: getSafeLocalStorage returning object

      at Proxy.apply (src/scripts/modules/base.js:92:26)

  console.warn
    MOCK SET: cameraPowerPlanner_autoGearBackupRetention = 18

      61 |       return undefined;
      62 |     }
    > 63 |     return originalFn(...args);
         |            ^
      64 |   };
      65 | };
      66 |

      at console.<anonymous> (tests/setup/jest.setup.cjs:63:12)
      at console.apply [as warn] (src/scripts/modules/base.js:92:26)
      at Proxy.apply (src/scripts/modules/base.js:92:26)
      at Proxy.apply (src/scripts/modules/base.js:92:26)
      at Proxy.apply (src/scripts/modules/base.js:92:26)
      at Object.warn (tests/unit/storage.test.js:11:15)
      at setItem (src/scripts/storage.js:8463:17)
      at saveJSONToStorage (src/scripts/storage.js:15820:3)
      at Object.saveAutoGearBackupRetention (tests/unit/storage.test.js:2202:5)

  console.warn
    MOCK SET: cameraPowerPlanner_autoGearBackupRetention__backup = 18

      61 |       return undefined;
      62 |     }
    > 63 |     return originalFn(...args);
         |            ^
      64 |   };
      65 | };
      66 |

      at console.<anonymous> (tests/setup/jest.setup.cjs:63:12)
      at console.apply [as warn] (src/scripts/modules/base.js:92:26)
      at Proxy.apply (src/scripts/modules/base.js:92:26)
      at Proxy.apply (src/scripts/modules/base.js:92:26)
      at Proxy.apply (src/scripts/modules/base.js:92:26)
      at Object.warn (tests/unit/storage.test.js:11:15)
      at setItem (src/scripts/storage.js:8524:19)
      at tryStoreCandidate (src/scripts/storage.js:8540:13)
      at attemptBackupWrite (src/scripts/storage.js:8617:26)
      at saveJSONToStorage (src/scripts/storage.js:15820:3)
      at Object.saveAutoGearBackupRetention (tests/unit/storage.test.js:2202:5)

  console.log
    DEBUG: getSafeLocalStorage returning object

      at Proxy.apply (src/scripts/modules/base.js:92:26)

  console.warn
    MOCK SET: cameraPowerPlanner_autoGearSeeded = 1

      61 |       return undefined;
      62 |     }
    > 63 |     return originalFn(...args);
         |            ^
      64 |   };
      65 | };
      66 |

      at console.<anonymous> (tests/setup/jest.setup.cjs:63:12)
      at console.apply [as warn] (src/scripts/modules/base.js:92:26)
      at Proxy.apply (src/scripts/modules/base.js:92:26)
      at Proxy.apply (src/scripts/modules/base.js:92:26)
      at Proxy.apply (src/scripts/modules/base.js:92:26)
      at Object.warn (tests/unit/storage.test.js:11:15)
      at setItem (src/scripts/storage.js:8827:15)
      at saveFlagToStorage (src/scripts/storage.js:15263:3)
      at Object.saveAutoGearSeedFlag (tests/unit/storage.test.js:2214:5)

  console.log
    DEBUG: getSafeLocalStorage returning object

      at Proxy.apply (src/scripts/modules/base.js:92:26)

  console.log
    DEBUG: getSafeLocalStorage returning object

      at Proxy.apply (src/scripts/modules/base.js:92:26)

  console.log
    DEBUG: getSafeLocalStorage returning object

      at Proxy.apply (src/scripts/modules/base.js:92:26)

  console.log
    DEBUG: getSafeLocalStorage returning object

      at Proxy.apply (src/scripts/modules/base.js:92:26)

  console.log
    DEBUG: getSafeLocalStorage returning object

      at Proxy.apply (src/scripts/modules/base.js:92:26)

  console.warn
    MOCK SET: cinePowerPlanner_autoGearAutoPreset = legacy-auto

      61 |       return undefined;
      62 |     }
    > 63 |     return originalFn(...args);
         |            ^
      64 |   };
      65 | };
      66 |

      at console.<anonymous> (tests/setup/jest.setup.cjs:63:12)
      at console.apply [as warn] (src/scripts/modules/base.js:92:26)
      at Proxy.apply (src/scripts/modules/base.js:92:26)
      at Proxy.apply (src/scripts/modules/base.js:92:26)
      at Proxy.apply (src/scripts/modules/base.js:92:26)
      at Object.warn (tests/unit/storage.test.js:11:15)
      at Object.setItem (tests/unit/storage.test.js:2232:18)

  console.log
    DEBUG: getSafeLocalStorage returning object

      at Proxy.apply (src/scripts/modules/base.js:92:26)

  console.log
    DEBUG: getSafeLocalStorage returning object

      at Proxy.apply (src/scripts/modules/base.js:92:26)

  console.log
    DEBUG: getSafeLocalStorage returning object

      at Proxy.apply (src/scripts/modules/base.js:92:26)

  console.log
    DEBUG: getSafeLocalStorage returning object

      at Proxy.apply (src/scripts/modules/base.js:92:26)

  console.warn
    MOCK SET: cameraPowerPlanner_autoGearPresets = [{"id":"manual-1","label":"Manual preset","rules":

      61 |       return undefined;
      62 |     }
    > 63 |     return originalFn(...args);
         |            ^
      64 |   };
      65 | };
      66 |

      at console.<anonymous> (tests/setup/jest.setup.cjs:63:12)
      at console.apply [as warn] (src/scripts/modules/base.js:92:26)
      at Proxy.apply (src/scripts/modules/base.js:92:26)
      at Proxy.apply (src/scripts/modules/base.js:92:26)
      at Proxy.apply (src/scripts/modules/base.js:92:26)
      at Object.warn (tests/unit/storage.test.js:11:15)
      at setItem (src/scripts/storage.js:8463:17)
      at saveJSONToStorage (src/scripts/storage.js:15374:3)
      at Object.saveAutoGearPresets (tests/unit/storage.test.js:2245:5)

  console.warn
    MOCK SET: cameraPowerPlanner_autoGearPresets__backup = [{"id":"manual-1","label":"Manual preset","rules":

      61 |       return undefined;
      62 |     }
    > 63 |     return originalFn(...args);
         |            ^
      64 |   };
      65 | };
      66 |

      at console.<anonymous> (tests/setup/jest.setup.cjs:63:12)
      at console.apply [as warn] (src/scripts/modules/base.js:92:26)
      at Proxy.apply (src/scripts/modules/base.js:92:26)
      at Proxy.apply (src/scripts/modules/base.js:92:26)
      at Proxy.apply (src/scripts/modules/base.js:92:26)
      at Object.warn (tests/unit/storage.test.js:11:15)
      at setItem (src/scripts/storage.js:8524:19)
      at tryStoreCandidate (src/scripts/storage.js:8540:13)
      at attemptBackupWrite (src/scripts/storage.js:8617:26)
      at saveJSONToStorage (src/scripts/storage.js:15374:3)
      at Object.saveAutoGearPresets (tests/unit/storage.test.js:2245:5)

  console.log
    DEBUG: getSafeLocalStorage returning object

      at Proxy.apply (src/scripts/modules/base.js:92:26)

  console.log
    DEBUG: getSafeLocalStorage returning object

      at Proxy.apply (src/scripts/modules/base.js:92:26)

  console.log
    DEBUG: getSafeLocalStorage returning object

      at Proxy.apply (src/scripts/modules/base.js:92:26)

  console.log
    DEBUG: getSafeLocalStorage returning object

      at Proxy.apply (src/scripts/modules/base.js:92:26)

  console.warn
    MOCK SET: cameraPowerPlanner_autoGearPresets = [{"id":"auto-old","label":"Autosaved rules","rules

      61 |       return undefined;
      62 |     }
    > 63 |     return originalFn(...args);
         |            ^
      64 |   };
      65 | };
      66 |

      at console.<anonymous> (tests/setup/jest.setup.cjs:63:12)
      at console.apply [as warn] (src/scripts/modules/base.js:92:26)
      at Proxy.apply (src/scripts/modules/base.js:92:26)
      at Proxy.apply (src/scripts/modules/base.js:92:26)
      at Proxy.apply (src/scripts/modules/base.js:92:26)
      at Object.warn (tests/unit/storage.test.js:11:15)
      at setItem (src/scripts/storage.js:8463:17)
      at saveJSONToStorage (src/scripts/storage.js:15374:3)
      at Object.saveAutoGearPresets (tests/unit/storage.test.js:2258:5)

  console.warn
    MOCK SET: cameraPowerPlanner_autoGearPresets__backup = [{"id":"auto-old","label":"Autosaved rules","rules

      61 |       return undefined;
      62 |     }
    > 63 |     return originalFn(...args);
         |            ^
      64 |   };
      65 | };
      66 |

      at console.<anonymous> (tests/setup/jest.setup.cjs:63:12)
      at console.apply [as warn] (src/scripts/modules/base.js:92:26)
      at Proxy.apply (src/scripts/modules/base.js:92:26)
      at Proxy.apply (src/scripts/modules/base.js:92:26)
      at Proxy.apply (src/scripts/modules/base.js:92:26)
      at Object.warn (tests/unit/storage.test.js:11:15)
      at setItem (src/scripts/storage.js:8524:19)
      at tryStoreCandidate (src/scripts/storage.js:8540:13)
      at attemptBackupWrite (src/scripts/storage.js:8617:26)
      at saveJSONToStorage (src/scripts/storage.js:15374:3)
      at Object.saveAutoGearPresets (tests/unit/storage.test.js:2258:5)

  console.log
    DEBUG: getSafeLocalStorage returning object

      at Proxy.apply (src/scripts/modules/base.js:92:26)

  console.warn
    MOCK SET: cameraPowerPlanner_autoGearPresets__legacyMigrationBackup = {"createdAt":"2026-01-16T20:14:35.978Z","data":[{"

      61 |       return undefined;
      62 |     }
    > 63 |     return originalFn(...args);
         |            ^
      64 |   };
      65 | };
      66 |

      at console.<anonymous> (tests/setup/jest.setup.cjs:63:12)
      at console.apply [as warn] (src/scripts/modules/base.js:92:26)
      at Proxy.apply (src/scripts/modules/base.js:92:26)
      at Proxy.apply (src/scripts/modules/base.js:92:26)
      at Proxy.apply (src/scripts/modules/base.js:92:26)
      at Object.warn (tests/unit/storage.test.js:11:15)
      at setItem (src/scripts/storage.js:5565:15)
      at tryStoreSerialized (src/scripts/storage.js:5587:26)
      at createStorageMigrationBackup (src/scripts/storage.js:5239:3)
      at ensurePreWriteMigrationBackup (src/scripts/storage.js:15350:3)
      at Object.saveAutoGearPresets (tests/unit/storage.test.js:2264:5)

  console.log
    DEBUG: getSafeLocalStorage returning object

      at Proxy.apply (src/scripts/modules/base.js:92:26)

  console.log
    DEBUG: getSafeLocalStorage returning object

      at Proxy.apply (src/scripts/modules/base.js:92:26)

  console.log
    DEBUG: getSafeLocalStorage returning object

      at Proxy.apply (src/scripts/modules/base.js:92:26)

  console.warn
    MOCK SET: cameraPowerPlanner_autoGearPresets = [{"id":"auto-new","label":"Autosaved rules","rules

      61 |       return undefined;
      62 |     }
    > 63 |     return originalFn(...args);
         |            ^
      64 |   };
      65 | };
      66 |

      at console.<anonymous> (tests/setup/jest.setup.cjs:63:12)
      at console.apply [as warn] (src/scripts/modules/base.js:92:26)
      at Proxy.apply (src/scripts/modules/base.js:92:26)
      at Proxy.apply (src/scripts/modules/base.js:92:26)
      at Proxy.apply (src/scripts/modules/base.js:92:26)
      at Object.warn (tests/unit/storage.test.js:11:15)
      at setItem (src/scripts/storage.js:8463:17)
      at saveJSONToStorage (src/scripts/storage.js:15374:3)
      at Object.saveAutoGearPresets (tests/unit/storage.test.js:2264:5)

  console.warn
    MOCK SET: cameraPowerPlanner_autoGearPresets__backup = [{"id":"auto-new","label":"Autosaved rules","rules

      61 |       return undefined;
      62 |     }
    > 63 |     return originalFn(...args);
         |            ^
      64 |   };
      65 | };
      66 |

      at console.<anonymous> (tests/setup/jest.setup.cjs:63:12)
      at console.apply [as warn] (src/scripts/modules/base.js:92:26)
      at Proxy.apply (src/scripts/modules/base.js:92:26)
      at Proxy.apply (src/scripts/modules/base.js:92:26)
      at Proxy.apply (src/scripts/modules/base.js:92:26)
      at Object.warn (tests/unit/storage.test.js:11:15)
      at setItem (src/scripts/storage.js:8524:19)
      at tryStoreCandidate (src/scripts/storage.js:8540:13)
      at attemptBackupWrite (src/scripts/storage.js:8617:26)
      at saveJSONToStorage (src/scripts/storage.js:15374:3)
      at Object.saveAutoGearPresets (tests/unit/storage.test.js:2264:5)

  console.warn
    MOCK SET: cinePowerPlanner_autoGearMonitorDefaults = {"focus":"monitor-a"}

      61 |       return undefined;
      62 |     }
    > 63 |     return originalFn(...args);
         |            ^
      64 |   };
      65 | };
      66 |

      at console.<anonymous> (tests/setup/jest.setup.cjs:63:12)
      at console.apply [as warn] (src/scripts/modules/base.js:92:26)
      at Proxy.apply (src/scripts/modules/base.js:92:26)
      at Proxy.apply (src/scripts/modules/base.js:92:26)
      at Proxy.apply (src/scripts/modules/base.js:92:26)
      at Object.warn (tests/unit/storage.test.js:11:15)
      at Object.setItem (tests/unit/storage.test.js:2279:18)

  console.log
    DEBUG: getSafeLocalStorage returning object

      at Proxy.apply (src/scripts/modules/base.js:92:26)

  console.warn
    MOCK SET: cameraPowerPlanner_autoGearMonitorDefaults = {"focus":"monitor-a"}

      61 |       return undefined;
      62 |     }
    > 63 |     return originalFn(...args);
         |            ^
      64 |   };
      65 | };
      66 |

      at console.<anonymous> (tests/setup/jest.setup.cjs:63:12)
      at console.apply [as warn] (src/scripts/modules/base.js:92:26)
      at Proxy.apply (src/scripts/modules/base.js:92:26)
      at Proxy.apply (src/scripts/modules/base.js:92:26)
      at Proxy.apply (src/scripts/modules/base.js:92:26)
      at Object.warn (tests/unit/storage.test.js:11:15)
      at setItem (src/scripts/storage.js:7445:17)
      at migrateKeyBetweenStorages (src/scripts/storage.js:7465:9)
      at migrateKeyInStorages (src/scripts/storage.js:7508:27)
          at Array.forEach (<anonymous>)
      at forEach (src/scripts/storage.js:7507:12)
      at migrateLegacyStorageKeys (src/scripts/storage.js:7538:3)
      at applyLegacyStorageMigrations (src/scripts/storage.js:15390:3)
      at Object.loadAutoGearMonitorDefaults (tests/unit/storage.test.js:2281:20)

  console.log
    DEBUG: getSafeLocalStorage returning object

      at Proxy.apply (src/scripts/modules/base.js:92:26)

  console.log
    DEBUG: getSafeLocalStorage returning object

      at Proxy.apply (src/scripts/modules/base.js:92:26)

  console.log
    DEBUG: getSafeLocalStorage returning object

      at Proxy.apply (src/scripts/modules/base.js:92:26)

  console.warn
    MOCK SET: cameraPowerPlanner_devices = {"cameras":{},"monitors":{},"video":{},"viewfinder

      61 |       return undefined;
      62 |     }
    > 63 |     return originalFn(...args);
         |            ^
      64 |   };
      65 | };
      66 |

      at console.<anonymous> (tests/setup/jest.setup.cjs:63:12)
      at console.apply [as warn] (src/scripts/modules/base.js:92:26)
      at Proxy.apply (src/scripts/modules/base.js:92:26)
      at Proxy.apply (src/scripts/modules/base.js:92:26)
      at Proxy.apply (src/scripts/modules/base.js:92:26)
      at Object.warn (tests/unit/storage.test.js:11:15)
      at setItem (src/scripts/storage.js:8463:17)
      at saveJSONToStorage (src/scripts/storage.js:9469:3)
      at Object.saveDeviceData (tests/unit/storage.test.js:2295:5)

  console.warn
    MOCK SET: cameraPowerPlanner_devices__backup = {"cameras":{},"monitors":{},"video":{},"viewfinder

      61 |       return undefined;
      62 |     }
    > 63 |     return originalFn(...args);
         |            ^
      64 |   };
      65 | };
      66 |

      at console.<anonymous> (tests/setup/jest.setup.cjs:63:12)
      at console.apply [as warn] (src/scripts/modules/base.js:92:26)
      at Proxy.apply (src/scripts/modules/base.js:92:26)
      at Proxy.apply (src/scripts/modules/base.js:92:26)
      at Proxy.apply (src/scripts/modules/base.js:92:26)
      at Object.warn (tests/unit/storage.test.js:11:15)
      at setItem (src/scripts/storage.js:8524:19)
      at tryStoreCandidate (src/scripts/storage.js:8540:13)
      at attemptBackupWrite (src/scripts/storage.js:8617:26)
      at saveJSONToStorage (src/scripts/storage.js:9469:3)
      at Object.saveDeviceData (tests/unit/storage.test.js:2295:5)

  console.log
    DEBUG: getSafeLocalStorage returning object

      at Proxy.apply (src/scripts/modules/base.js:92:26)

  console.log
    DEBUG: getSafeLocalStorage returning object

      at Proxy.apply (src/scripts/modules/base.js:92:26)

  console.warn
    MOCK SET: cameraPowerPlanner_setups = {"A":{"foo":1}}

      61 |       return undefined;
      62 |     }
    > 63 |     return originalFn(...args);
         |            ^
      64 |   };
      65 | };
      66 |

      at console.<anonymous> (tests/setup/jest.setup.cjs:63:12)
      at console.apply [as warn] (src/scripts/modules/base.js:92:26)
      at Proxy.apply (src/scripts/modules/base.js:92:26)
      at Proxy.apply (src/scripts/modules/base.js:92:26)
      at Proxy.apply (src/scripts/modules/base.js:92:26)
      at Object.warn (tests/unit/storage.test.js:11:15)
      at setItem (src/scripts/storage.js:8463:17)
      at saveJSONToStorage (src/scripts/storage.js:9582:3)
      at Object.saveSetups (tests/unit/storage.test.js:2296:5)

  console.warn
    MOCK SET: cameraPowerPlanner_setups__backup = {"A":{"foo":1}}

      61 |       return undefined;
      62 |     }
    > 63 |     return originalFn(...args);
         |            ^
      64 |   };
      65 | };
      66 |

      at console.<anonymous> (tests/setup/jest.setup.cjs:63:12)
      at console.apply [as warn] (src/scripts/modules/base.js:92:26)
      at Proxy.apply (src/scripts/modules/base.js:92:26)
      at Proxy.apply (src/scripts/modules/base.js:92:26)
      at Proxy.apply (src/scripts/modules/base.js:92:26)
      at Object.warn (tests/unit/storage.test.js:11:15)
      at setItem (src/scripts/storage.js:8524:19)
      at tryStoreCandidate (src/scripts/storage.js:8540:13)
      at attemptBackupWrite (src/scripts/storage.js:8617:26)
      at saveJSONToStorage (src/scripts/storage.js:9582:3)
      at Object.saveSetups (tests/unit/storage.test.js:2296:5)

  console.log
    DEBUG: getSafeLocalStorage returning object

      at Proxy.apply (src/scripts/modules/base.js:92:26)

  console.log
    DEBUG: getSafeLocalStorage returning object

      at Proxy.apply (src/scripts/modules/base.js:92:26)

  console.warn
    MOCK SET: cameraPowerPlanner_feedback = {"note":"hi"}

      61 |       return undefined;
      62 |     }
    > 63 |     return originalFn(...args);
         |            ^
      64 |   };
      65 | };
      66 |

      at console.<anonymous> (tests/setup/jest.setup.cjs:63:12)
      at console.apply [as warn] (src/scripts/modules/base.js:92:26)
      at Proxy.apply (src/scripts/modules/base.js:92:26)
      at Proxy.apply (src/scripts/modules/base.js:92:26)
      at Proxy.apply (src/scripts/modules/base.js:92:26)
      at Object.warn (tests/unit/storage.test.js:11:15)
      at setItem (src/scripts/storage.js:8463:17)
      at saveJSONToStorage (src/scripts/storage.js:14435:3)
      at Object.saveFeedback (tests/unit/storage.test.js:2297:5)

  console.warn
    MOCK SET: cameraPowerPlanner_feedback__backup = {"note":"hi"}

      61 |       return undefined;
      62 |     }
    > 63 |     return originalFn(...args);
         |            ^
      64 |   };
      65 | };
      66 |

      at console.<anonymous> (tests/setup/jest.setup.cjs:63:12)
      at console.apply [as warn] (src/scripts/modules/base.js:92:26)
      at Proxy.apply (src/scripts/modules/base.js:92:26)
      at Proxy.apply (src/scripts/modules/base.js:92:26)
      at Proxy.apply (src/scripts/modules/base.js:92:26)
      at Object.warn (tests/unit/storage.test.js:11:15)
      at setItem (src/scripts/storage.js:8524:19)
      at tryStoreCandidate (src/scripts/storage.js:8540:13)
      at attemptBackupWrite (src/scripts/storage.js:8617:26)
      at saveJSONToStorage (src/scripts/storage.js:14435:3)
      at Object.saveFeedback (tests/unit/storage.test.js:2297:5)

  console.log
    DEBUG: getSafeLocalStorage returning object

      at Proxy.apply (src/scripts/modules/base.js:92:26)

  console.log
    DEBUG: getSafeLocalStorage returning object

      at Proxy.apply (src/scripts/modules/base.js:92:26)

  console.log
    DEBUG: getSafeLocalStorage returning object

      at Proxy.apply (src/scripts/modules/base.js:92:26)

  console.log
    DEBUG: getSafeLocalStorage returning object

      at Proxy.apply (src/scripts/modules/base.js:92:26)

  console.log
    DEBUG: getSafeLocalStorage returning object

      at Proxy.apply (src/scripts/modules/base.js:92:26)

  console.log
    DEBUG: getSafeLocalStorage returning object

      at Proxy.apply (src/scripts/modules/base.js:92:26)

  console.log
    DEBUG: getSafeLocalStorage returning object

      at Proxy.apply (src/scripts/modules/base.js:92:26)

  console.log
    DEBUG: getSafeLocalStorage returning object

      at Proxy.apply (src/scripts/modules/base.js:92:26)

  console.warn
    MOCK SET: cameraPowerPlanner_prj_Proj = {"gearList":"<ul></ul>","projectInfo":null,"gearLi

      61 |       return undefined;
      62 |     }
    > 63 |     return originalFn(...args);
         |            ^
      64 |   };
      65 | };
      66 |

      at console.<anonymous> (tests/setup/jest.setup.cjs:63:12)
      at console.apply [as warn] (src/scripts/modules/base.js:92:26)
      at Proxy.apply (src/scripts/modules/base.js:92:26)
      at Proxy.apply (src/scripts/modules/base.js:92:26)
      at Proxy.apply (src/scripts/modules/base.js:92:26)
      at Object.warn (tests/unit/storage.test.js:11:15)
      at setItem (src/scripts/storage.js:8463:17)
      at saveJSONToStorage (src/scripts/storage.js:12780:18)
      at persistProjectShard (src/scripts/storage.js:13513:20)
      at Object.saveProject (tests/unit/storage.test.js:2298:5)

  console.log
    DEBUG: getSafeLocalStorage returning object

      at Proxy.apply (src/scripts/modules/base.js:92:26)

  console.log
    DEBUG: getSafeLocalStorage returning object

      at Proxy.apply (src/scripts/modules/base.js:92:26)
          at Array.forEach (<anonymous>)

  console.log
    DEBUG: getSafeLocalStorage returning object

      at Proxy.apply (src/scripts/modules/base.js:92:26)
          at Array.forEach (<anonymous>)

  console.log
    DEBUG: getSafeLocalStorage returning object

      at Proxy.apply (src/scripts/modules/base.js:92:26)

  console.warn
    MOCK SET: cameraPowerPlanner_project_rev = 1

      61 |       return undefined;
      62 |     }
    > 63 |     return originalFn(...args);
         |            ^
      64 |   };
      65 | };
      66 |

      at console.<anonymous> (tests/setup/jest.setup.cjs:63:12)
      at console.apply [as warn] (src/scripts/modules/base.js:92:26)
      at Proxy.apply (src/scripts/modules/base.js:92:26)
      at Proxy.apply (src/scripts/modules/base.js:92:26)
      at Proxy.apply (src/scripts/modules/base.js:92:26)
      at Object.warn (tests/unit/storage.test.js:11:15)
      at setItem (src/scripts/storage.js:8463:17)
      at saveJSONToStorage (src/scripts/storage.js:1859:3)
      at bumpProjectStorageRevision (src/scripts/storage.js:12834:3)
      at persistAllProjects (src/scripts/storage.js:13535:5)
      at Object.saveProject (tests/unit/storage.test.js:2298:5)

  console.warn
    MOCK SET: cameraPowerPlanner_project_rev__backup = 1

      61 |       return undefined;
      62 |     }
    > 63 |     return originalFn(...args);
         |            ^
      64 |   };
      65 | };
      66 |

      at console.<anonymous> (tests/setup/jest.setup.cjs:63:12)
      at console.apply [as warn] (src/scripts/modules/base.js:92:26)
      at Proxy.apply (src/scripts/modules/base.js:92:26)
      at Proxy.apply (src/scripts/modules/base.js:92:26)
      at Proxy.apply (src/scripts/modules/base.js:92:26)
      at Object.warn (tests/unit/storage.test.js:11:15)
      at setItem (src/scripts/storage.js:8524:19)
      at tryStoreCandidate (src/scripts/storage.js:8540:13)
      at attemptBackupWrite (src/scripts/storage.js:8617:26)
      at saveJSONToStorage (src/scripts/storage.js:1859:3)
      at bumpProjectStorageRevision (src/scripts/storage.js:12834:3)
      at persistAllProjects (src/scripts/storage.js:13535:5)
      at Object.saveProject (tests/unit/storage.test.js:2298:5)

  console.log
    DEBUG: getSafeLocalStorage returning object

      at Proxy.apply (src/scripts/modules/base.js:92:26)

  console.log
    DEBUG: getSafeLocalStorage returning object

      at Proxy.apply (src/scripts/modules/base.js:92:26)

  console.warn
    MOCK SET: cameraPowerPlanner_favorites = {"cat":["A"]}

      61 |       return undefined;
      62 |     }
    > 63 |     return originalFn(...args);
         |            ^
      64 |   };
      65 | };
      66 |

      at console.<anonymous> (tests/setup/jest.setup.cjs:63:12)
      at console.apply [as warn] (src/scripts/modules/base.js:92:26)
      at Proxy.apply (src/scripts/modules/base.js:92:26)
      at Proxy.apply (src/scripts/modules/base.js:92:26)
      at Proxy.apply (src/scripts/modules/base.js:92:26)
      at Object.warn (tests/unit/storage.test.js:11:15)
      at setItem (src/scripts/storage.js:8463:17)
      at saveJSONToStorage (src/scripts/storage.js:14019:3)
      at Object.saveFavorites (tests/unit/storage.test.js:2303:5)

  console.warn
    MOCK SET: cameraPowerPlanner_favorites__backup = {"cat":["A"]}

      61 |       return undefined;
      62 |     }
    > 63 |     return originalFn(...args);
         |            ^
      64 |   };
      65 | };
      66 |

      at console.<anonymous> (tests/setup/jest.setup.cjs:63:12)
      at console.apply [as warn] (src/scripts/modules/base.js:92:26)
      at Proxy.apply (src/scripts/modules/base.js:92:26)
      at Proxy.apply (src/scripts/modules/base.js:92:26)
      at Proxy.apply (src/scripts/modules/base.js:92:26)
      at Object.warn (tests/unit/storage.test.js:11:15)
      at setItem (src/scripts/storage.js:8524:19)
      at tryStoreCandidate (src/scripts/storage.js:8540:13)
      at attemptBackupWrite (src/scripts/storage.js:8617:26)
      at saveJSONToStorage (src/scripts/storage.js:14019:3)
      at Object.saveFavorites (tests/unit/storage.test.js:2303:5)

  console.log
    DEBUG: getSafeLocalStorage returning object

      at Proxy.apply (src/scripts/modules/base.js:92:26)

  console.log
    DEBUG: getSafeLocalStorage returning object

      at Proxy.apply (src/scripts/modules/base.js:92:26)

  console.warn
    MOCK SET: cameraPowerPlanner_session = {"camera":"CamA"}

      61 |       return undefined;
      62 |     }
    > 63 |     return originalFn(...args);
         |            ^
      64 |   };
      65 | };
      66 |

      at console.<anonymous> (tests/setup/jest.setup.cjs:63:12)
      at console.apply [as warn] (src/scripts/modules/base.js:92:26)
      at Proxy.apply (src/scripts/modules/base.js:92:26)
      at Proxy.apply (src/scripts/modules/base.js:92:26)
      at Proxy.apply (src/scripts/modules/base.js:92:26)
      at Object.warn (tests/unit/storage.test.js:11:15)
      at setItem (src/scripts/storage.js:8463:17)
      at saveJSONToStorage (src/scripts/storage.js:9314:3)
      at Object.saveSessionState (tests/unit/storage.test.js:2304:5)

  console.warn
    MOCK SET: cameraPowerPlanner_session__backup = {"camera":"CamA"}

      61 |       return undefined;
      62 |     }
    > 63 |     return originalFn(...args);
         |            ^
      64 |   };
      65 | };
      66 |

      at console.<anonymous> (tests/setup/jest.setup.cjs:63:12)
      at console.apply [as warn] (src/scripts/modules/base.js:92:26)
      at Proxy.apply (src/scripts/modules/base.js:92:26)
      at Proxy.apply (src/scripts/modules/base.js:92:26)
      at Proxy.apply (src/scripts/modules/base.js:92:26)
      at Object.warn (tests/unit/storage.test.js:11:15)
      at setItem (src/scripts/storage.js:8524:19)
      at tryStoreCandidate (src/scripts/storage.js:8540:13)
      at attemptBackupWrite (src/scripts/storage.js:8617:26)
      at saveJSONToStorage (src/scripts/storage.js:9314:3)
      at Object.saveSessionState (tests/unit/storage.test.js:2304:5)

  console.log
    DEBUG: getSafeLocalStorage returning object

      at Proxy.apply (src/scripts/modules/base.js:92:26)

  console.log
    DEBUG: getSafeLocalStorage returning object

      at Proxy.apply (src/scripts/modules/base.js:92:26)

  console.warn
    MOCK SET: cameraPowerPlanner_autoGearRules = [{"id":"rule","label":"Outdoor","scenarios":["Outd

      61 |       return undefined;
      62 |     }
    > 63 |     return originalFn(...args);
         |            ^
      64 |   };
      65 | };
      66 |

      at console.<anonymous> (tests/setup/jest.setup.cjs:63:12)
      at console.apply [as warn] (src/scripts/modules/base.js:92:26)
      at Proxy.apply (src/scripts/modules/base.js:92:26)
      at Proxy.apply (src/scripts/modules/base.js:92:26)
      at Proxy.apply (src/scripts/modules/base.js:92:26)
      at Object.warn (tests/unit/storage.test.js:11:15)
      at setItem (src/scripts/storage.js:8463:17)
      at saveJSONToStorage (src/scripts/storage.js:15084:3)
      at Object.saveAutoGearRules (tests/unit/storage.test.js:2305:5)

  console.warn
    MOCK SET: cameraPowerPlanner_autoGearRules__backup = [{"id":"rule","label":"Outdoor","scenarios":["Outd

      61 |       return undefined;
      62 |     }
    > 63 |     return originalFn(...args);
         |            ^
      64 |   };
      65 | };
      66 |

      at console.<anonymous> (tests/setup/jest.setup.cjs:63:12)
      at console.apply [as warn] (src/scripts/modules/base.js:92:26)
      at Proxy.apply (src/scripts/modules/base.js:92:26)
      at Proxy.apply (src/scripts/modules/base.js:92:26)
      at Proxy.apply (src/scripts/modules/base.js:92:26)
      at Object.warn (tests/unit/storage.test.js:11:15)
      at setItem (src/scripts/storage.js:8524:19)
      at tryStoreCandidate (src/scripts/storage.js:8540:13)
      at attemptBackupWrite (src/scripts/storage.js:8617:26)
      at saveJSONToStorage (src/scripts/storage.js:15084:3)
      at Object.saveAutoGearRules (tests/unit/storage.test.js:2305:5)

  console.log
    DEBUG: getSafeLocalStorage returning object

      at Proxy.apply (src/scripts/modules/base.js:92:26)

  console.log
    DEBUG: getSafeLocalStorage returning object

      at Proxy.apply (src/scripts/modules/base.js:92:26)

  console.warn
    MOCK SET: cameraPowerPlanner_autoGearSeeded = 1

      61 |       return undefined;
      62 |     }
    > 63 |     return originalFn(...args);
         |            ^
      64 |   };
      65 | };
      66 |

      at console.<anonymous> (tests/setup/jest.setup.cjs:63:12)
      at console.apply [as warn] (src/scripts/modules/base.js:92:26)
      at Proxy.apply (src/scripts/modules/base.js:92:26)
      at Proxy.apply (src/scripts/modules/base.js:92:26)
      at Proxy.apply (src/scripts/modules/base.js:92:26)
      at Object.warn (tests/unit/storage.test.js:11:15)
      at setItem (src/scripts/storage.js:8827:15)
      at saveFlagToStorage (src/scripts/storage.js:15263:3)
      at Object.saveAutoGearSeedFlag (tests/unit/storage.test.js:2309:5)

  console.log
    DEBUG: getSafeLocalStorage returning object

      at Proxy.apply (src/scripts/modules/base.js:92:26)

  console.log
    DEBUG: getSafeLocalStorage returning object

      at Proxy.apply (src/scripts/modules/base.js:92:26)

  console.log
    DEBUG: getSafeLocalStorage returning object

      at Proxy.apply (src/scripts/modules/base.js:92:26)

  console.log
    DEBUG: getSafeLocalStorage returning object

      at Proxy.apply (src/scripts/modules/base.js:92:26)

  console.warn
    MOCK SET: cameraPowerPlanner_autoGearPresets = [{"id":"preset-1","label":"Outdoor tweaks","rules"

      61 |       return undefined;
      62 |     }
    > 63 |     return originalFn(...args);
         |            ^
      64 |   };
      65 | };
      66 |

      at console.<anonymous> (tests/setup/jest.setup.cjs:63:12)
      at console.apply [as warn] (src/scripts/modules/base.js:92:26)
      at Proxy.apply (src/scripts/modules/base.js:92:26)
      at Proxy.apply (src/scripts/modules/base.js:92:26)
      at Proxy.apply (src/scripts/modules/base.js:92:26)
      at Object.warn (tests/unit/storage.test.js:11:15)
      at setItem (src/scripts/storage.js:8463:17)
      at saveJSONToStorage (src/scripts/storage.js:15374:3)
      at Object.saveAutoGearPresets (tests/unit/storage.test.js:2310:5)

  console.warn
    MOCK SET: cameraPowerPlanner_autoGearPresets__backup = [{"id":"preset-1","label":"Outdoor tweaks","rules"

      61 |       return undefined;
      62 |     }
    > 63 |     return originalFn(...args);
         |            ^
      64 |   };
      65 | };
      66 |

      at console.<anonymous> (tests/setup/jest.setup.cjs:63:12)
      at console.apply [as warn] (src/scripts/modules/base.js:92:26)
      at Proxy.apply (src/scripts/modules/base.js:92:26)
      at Proxy.apply (src/scripts/modules/base.js:92:26)
      at Proxy.apply (src/scripts/modules/base.js:92:26)
      at Object.warn (tests/unit/storage.test.js:11:15)
      at setItem (src/scripts/storage.js:8524:19)
      at tryStoreCandidate (src/scripts/storage.js:8540:13)
      at attemptBackupWrite (src/scripts/storage.js:8617:26)
      at saveJSONToStorage (src/scripts/storage.js:15374:3)
      at Object.saveAutoGearPresets (tests/unit/storage.test.js:2310:5)

  console.log
    DEBUG: getSafeLocalStorage returning object

      at Proxy.apply (src/scripts/modules/base.js:92:26)

  console.warn
    MOCK SET: cameraPowerPlanner_autoGearShowBackups = 1

      61 |       return undefined;
      62 |     }
    > 63 |     return originalFn(...args);
         |            ^
      64 |   };
      65 | };
      66 |

      at console.<anonymous> (tests/setup/jest.setup.cjs:63:12)
      at console.apply [as warn] (src/scripts/modules/base.js:92:26)
      at Proxy.apply (src/scripts/modules/base.js:92:26)
      at Proxy.apply (src/scripts/modules/base.js:92:26)
      at Proxy.apply (src/scripts/modules/base.js:92:26)
      at Object.warn (tests/unit/storage.test.js:11:15)
      at setItem (src/scripts/storage.js:8827:15)
      at saveFlagToStorage (src/scripts/storage.js:15643:3)
      at Object.saveAutoGearBackupVisibility (tests/unit/storage.test.js:2315:5)

  console.log
    DEBUG: getSafeLocalStorage returning object

      at Proxy.apply (src/scripts/modules/base.js:92:26)

  console.log
    DEBUG: getSafeLocalStorage returning object

      at Proxy.apply (src/scripts/modules/base.js:92:26)

  console.warn
    MOCK SET: cameraPowerPlanner_userProfile = {"name":"Casey Crew","role":"","avatar":"","phone"

      61 |       return undefined;
      62 |     }
    > 63 |     return originalFn(...args);
         |            ^
      64 |   };
      65 | };
      66 |

      at console.<anonymous> (tests/setup/jest.setup.cjs:63:12)
      at console.apply [as warn] (src/scripts/modules/base.js:92:26)
      at Proxy.apply (src/scripts/modules/base.js:92:26)
      at Proxy.apply (src/scripts/modules/base.js:92:26)
      at Proxy.apply (src/scripts/modules/base.js:92:26)
      at Object.warn (tests/unit/storage.test.js:11:15)
      at setItem (src/scripts/storage.js:8463:17)
      at saveJSONToStorage (src/scripts/storage.js:14388:3)
      at Object.saveUserProfile (tests/unit/storage.test.js:2316:5)

  console.warn
    MOCK SET: cameraPowerPlanner_userProfile__backup = {"name":"Casey Crew","role":"","avatar":"","phone"

      61 |       return undefined;
      62 |     }
    > 63 |     return originalFn(...args);
         |            ^
      64 |   };
      65 | };
      66 |

      at console.<anonymous> (tests/setup/jest.setup.cjs:63:12)
      at console.apply [as warn] (src/scripts/modules/base.js:92:26)
      at Proxy.apply (src/scripts/modules/base.js:92:26)
      at Proxy.apply (src/scripts/modules/base.js:92:26)
      at Proxy.apply (src/scripts/modules/base.js:92:26)
      at Object.warn (tests/unit/storage.test.js:11:15)
      at setItem (src/scripts/storage.js:8524:19)
      at tryStoreCandidate (src/scripts/storage.js:8540:13)
      at attemptBackupWrite (src/scripts/storage.js:8617:26)
      at saveJSONToStorage (src/scripts/storage.js:14388:3)
      at Object.saveUserProfile (tests/unit/storage.test.js:2316:5)

  console.warn
    MOCK SET: cameraPowerPlanner_schemaCache = {"cached":true}

      61 |       return undefined;
      62 |     }
    > 63 |     return originalFn(...args);
         |            ^
      64 |   };
      65 | };
      66 |

      at console.<anonymous> (tests/setup/jest.setup.cjs:63:12)
      at console.apply [as warn] (src/scripts/modules/base.js:92:26)
      at Proxy.apply (src/scripts/modules/base.js:92:26)
      at Proxy.apply (src/scripts/modules/base.js:92:26)
      at Proxy.apply (src/scripts/modules/base.js:92:26)
      at Object.warn (tests/unit/storage.test.js:11:15)
      at Object.setItem (tests/unit/storage.test.js:2320:18)

  console.warn
    MOCK SET: customLogo = data:image/svg+xml;base64,AAAA

      61 |       return undefined;
      62 |     }
    > 63 |     return originalFn(...args);
         |            ^
      64 |   };
      65 | };
      66 |

      at console.<anonymous> (tests/setup/jest.setup.cjs:63:12)
      at console.apply [as warn] (src/scripts/modules/base.js:92:26)
      at Proxy.apply (src/scripts/modules/base.js:92:26)
      at Proxy.apply (src/scripts/modules/base.js:92:26)
      at Proxy.apply (src/scripts/modules/base.js:92:26)
      at Object.warn (tests/unit/storage.test.js:11:15)
      at Object.setItem (tests/unit/storage.test.js:2321:18)

  console.warn
    MOCK SET: customLogo__backup = data:image/svg+xml;base64,AAAA

      61 |       return undefined;
      62 |     }
    > 63 |     return originalFn(...args);
         |            ^
      64 |   };
      65 | };
      66 |

      at console.<anonymous> (tests/setup/jest.setup.cjs:63:12)
      at console.apply [as warn] (src/scripts/modules/base.js:92:26)
      at Proxy.apply (src/scripts/modules/base.js:92:26)
      at Proxy.apply (src/scripts/modules/base.js:92:26)
      at Proxy.apply (src/scripts/modules/base.js:92:26)
      at Object.warn (tests/unit/storage.test.js:11:15)
      at Object.setItem (tests/unit/storage.test.js:2322:18)

  console.warn
    MOCK SET: cameraPowerPlanner_customFonts = [{"id":"font-1","name":"My Font","data":"data:font

      61 |       return undefined;
      62 |     }
    > 63 |     return originalFn(...args);
         |            ^
      64 |   };
      65 | };
      66 |

      at console.<anonymous> (tests/setup/jest.setup.cjs:63:12)
      at console.apply [as warn] (src/scripts/modules/base.js:92:26)
      at Proxy.apply (src/scripts/modules/base.js:92:26)
      at Proxy.apply (src/scripts/modules/base.js:92:26)
      at Proxy.apply (src/scripts/modules/base.js:92:26)
      at Object.warn (tests/unit/storage.test.js:11:15)
      at Object.setItem (tests/unit/storage.test.js:2323:18)

  console.warn
    MOCK SET: cameraPowerPlanner_customFonts__backup = [{"id":"font-1","name":"My Font","data":"data:font

      61 |       return undefined;
      62 |     }
    > 63 |     return originalFn(...args);
         |            ^
      64 |   };
      65 | };
      66 |

      at console.<anonymous> (tests/setup/jest.setup.cjs:63:12)
      at console.apply [as warn] (src/scripts/modules/base.js:92:26)
      at Proxy.apply (src/scripts/modules/base.js:92:26)
      at Proxy.apply (src/scripts/modules/base.js:92:26)
      at Proxy.apply (src/scripts/modules/base.js:92:26)
      at Object.warn (tests/unit/storage.test.js:11:15)
      at Object.setItem (tests/unit/storage.test.js:2327:18)

  console.warn
    MOCK SET: cameraPowerPlanner_temperatureUnit = fahrenheit

      61 |       return undefined;
      62 |     }
    > 63 |     return originalFn(...args);
         |            ^
      64 |   };
      65 | };
      66 |

      at console.<anonymous> (tests/setup/jest.setup.cjs:63:12)
      at console.apply [as warn] (src/scripts/modules/base.js:92:26)
      at Proxy.apply (src/scripts/modules/base.js:92:26)
      at Proxy.apply (src/scripts/modules/base.js:92:26)
      at Proxy.apply (src/scripts/modules/base.js:92:26)
      at Object.warn (tests/unit/storage.test.js:11:15)
      at Object.setItem (tests/unit/storage.test.js:2331:18)

  console.log
    DEBUG: getSafeLocalStorage returning object

      at Proxy.apply (src/scripts/modules/base.js:92:26)

  console.warn
    MOCK SET: cine_factory_reset_lock = true

      61 |       return undefined;
      62 |     }
    > 63 |     return originalFn(...args);
         |            ^
      64 |   };
      65 | };
      66 |

      at console.<anonymous> (tests/setup/jest.setup.cjs:63:12)
      at console.apply [as warn] (src/scripts/modules/base.js:92:26)
      at Proxy.apply (src/scripts/modules/base.js:92:26)
      at Proxy.apply (src/scripts/modules/base.js:92:26)
      at Proxy.apply (src/scripts/modules/base.js:92:26)
      at Object.warn (tests/unit/storage.test.js:11:15)
      at setItem (src/scripts/storage.js:15885:63)
      at Object.clearAllData (tests/unit/storage.test.js:2332:5)

  console.warn
    MOCK SET: cine_factory_reset_lock = true

      61 |       return undefined;
      62 |     }
    > 63 |     return originalFn(...args);
         |            ^
      64 |   };
      65 | };
      66 |

      at console.<anonymous> (tests/setup/jest.setup.cjs:63:12)
      at console.apply [as warn] (src/scripts/modules/base.js:92:26)
      at Proxy.apply (src/scripts/modules/base.js:92:26)
      at Proxy.apply (src/scripts/modules/base.js:92:26)
      at Proxy.apply (src/scripts/modules/base.js:92:26)
      at Object.warn (tests/unit/storage.test.js:11:15)
      at setItem (src/scripts/storage.js:15886:59)
      at Object.clearAllData (tests/unit/storage.test.js:2332:5)

  console.log
    DEBUG: getSafeLocalStorage returning object

      at Proxy.apply (src/scripts/modules/base.js:92:26)

  console.warn
    [DataVault] OPFS is not supported in this browser.

      61 |       return undefined;
      62 |     }
    > 63 |     return originalFn(...args);
         |            ^
      64 |   };
      65 | };
      66 |

      at console.<anonymous> (tests/setup/jest.setup.cjs:63:12)
      at console.apply [as warn] (src/scripts/modules/base.js:92:26)
      at Proxy.apply (src/scripts/modules/base.js:92:26)
      at Proxy.apply (src/scripts/modules/base.js:92:26)
      at Proxy.apply (src/scripts/modules/base.js:92:26)
      at DataVault.warn (src/scripts/modules/storage/DataVault.js:16:25)
      at DataVault.init [as clear] (src/scripts/modules/storage/DataVault.js:120:43)
      at clear (src/scripts/storage.js:13590:19)
      at deleteProject (src/scripts/storage.js:15895:9)
      at Object.clearAllData (tests/unit/storage.test.js:2332:5)

  console.log
    DEBUG: getSafeLocalStorage returning object

      at Proxy.apply (src/scripts/modules/base.js:92:26)

  console.log
    DEBUG: getSafeLocalStorage returning object

      at Proxy.apply (src/scripts/modules/base.js:92:26)

  console.log
    DEBUG: getSafeLocalStorage returning object

      at Proxy.apply (src/scripts/modules/base.js:92:26)

  console.log
    DEBUG: getSafeLocalStorage returning object

      at Proxy.apply (src/scripts/modules/base.js:92:26)

  console.warn
    MOCK SET: cine_user_uuid = 4991dd89-83f7-442d-bddf-a26e231b4eb0

      61 |       return undefined;
      62 |     }
    > 63 |     return originalFn(...args);
         |            ^
      64 |   };
      65 | };
      66 |

      at console.<anonymous> (tests/setup/jest.setup.cjs:63:12)
      at console.apply [as warn] (src/scripts/modules/base.js:92:26)
      at Proxy.apply (src/scripts/modules/base.js:92:26)
      at Proxy.apply (src/scripts/modules/base.js:92:26)
      at Proxy.apply (src/scripts/modules/base.js:92:26)
      at Object.warn (tests/unit/storage.test.js:11:15)
      at UserContext.setItem [as init] (src/scripts/modules/core/UserContext.js:44:26)
      at UserContext.init [as getUserId] (src/scripts/modules/core/UserContext.js:68:39)
      at UserContext.getUserId [as getScopedKey] (src/scripts/modules/core/UserContext.js:95:27)
      at StorageRepository.getScopedKey [as removeItem] (src/scripts/modules/storage/StorageRepository.js:75:39)
      at removeItem (src/scripts/storage.js:8798:19)
          at Array.forEach (<anonymous>)
      at forEach (src/scripts/storage.js:8795:25)
      at clearUiCacheStorageEntries (src/scripts/storage.js:13601:9)
      at deleteProject (src/scripts/storage.js:15895:9)
      at Object.clearAllData (tests/unit/storage.test.js:2332:5)

  console.log
    [UserContext] Generated new User UUID: 4991dd89-83f7-442d-bddf-a26e231b4eb0

      at Proxy.apply (src/scripts/modules/base.js:92:26)
          at Array.forEach (<anonymous>)

  console.warn
    MOCK SET: cine_device_uuid = 09beca47-987b-4a66-b110-16bf32ffea2c

      61 |       return undefined;
      62 |     }
    > 63 |     return originalFn(...args);
         |            ^
      64 |   };
      65 | };
      66 |

      at console.<anonymous> (tests/setup/jest.setup.cjs:63:12)
      at console.apply [as warn] (src/scripts/modules/base.js:92:26)
      at Proxy.apply (src/scripts/modules/base.js:92:26)
      at Proxy.apply (src/scripts/modules/base.js:92:26)
      at Proxy.apply (src/scripts/modules/base.js:92:26)
      at Object.warn (tests/unit/storage.test.js:11:15)
      at UserContext.setItem [as init] (src/scripts/modules/core/UserContext.js:55:26)
      at UserContext.init [as getUserId] (src/scripts/modules/core/UserContext.js:68:39)
      at UserContext.getUserId [as getScopedKey] (src/scripts/modules/core/UserContext.js:95:27)
      at StorageRepository.getScopedKey [as removeItem] (src/scripts/modules/storage/StorageRepository.js:75:39)
      at removeItem (src/scripts/storage.js:8798:19)
          at Array.forEach (<anonymous>)
      at forEach (src/scripts/storage.js:8795:25)
      at clearUiCacheStorageEntries (src/scripts/storage.js:13601:9)
      at deleteProject (src/scripts/storage.js:15895:9)
      at Object.clearAllData (tests/unit/storage.test.js:2332:5)

  console.log
    [UserContext] Generated new Device UUID: 09beca47-987b-4a66-b110-16bf32ffea2c

      at Proxy.apply (src/scripts/modules/base.js:92:26)
          at Array.forEach (<anonymous>)

  console.log
    [UserContext] Session UUID: 556c13f8-c246-4bdb-aaf4-f01ef428670b

      at Proxy.apply (src/scripts/modules/base.js:92:26)
          at Array.forEach (<anonymous>)

  console.log
    DEBUG: getSafeLocalStorage returning object

      at Proxy.apply (src/scripts/modules/base.js:92:26)

  console.debug
    [Storage] Returning default for cameraPowerPlanner_project_rev (No primary, no backups found)

      at Proxy.apply (src/scripts/modules/base.js:92:26)

  console.warn
    DEBUG: saveJSONToStorage RESET ACTIVE

      61 |       return undefined;
      62 |     }
    > 63 |     return originalFn(...args);
         |            ^
      64 |   };
      65 | };
      66 |

      at console.<anonymous> (tests/setup/jest.setup.cjs:63:12)
      at console.apply [as warn] (src/scripts/modules/base.js:92:26)
      at Proxy.apply (src/scripts/modules/base.js:92:26)
      at Proxy.apply (src/scripts/modules/base.js:92:26)
      at Proxy.apply (src/scripts/modules/base.js:92:26)
      at warn (src/scripts/storage.js:8000:13)
      at saveJSONToStorage (src/scripts/storage.js:1859:3)
      at bumpProjectStorageRevision (src/scripts/storage.js:13614:7)
      at deleteProject (src/scripts/storage.js:15895:9)
      at Object.clearAllData (tests/unit/storage.test.js:2332:5)

  console.log
    DEBUG: getSafeLocalStorage returning object

      at Proxy.apply (src/scripts/modules/base.js:92:26)

  console.log
    DEBUG: getSafeLocalStorage returning object

      at Proxy.apply (src/scripts/modules/base.js:92:26)

  console.debug
    [Storage] Returning default for cameraPowerPlanner_project (No primary, no backups found)

      at Proxy.apply (src/scripts/modules/base.js:92:26)

  console.log
    DEBUG: getSafeLocalStorage returning object

      at Proxy.apply (src/scripts/modules/base.js:92:26)

  console.warn
    MOCK SET: cinePowerPlanner_setups = {"Legacy":{"foo":"bar"}}

      61 |       return undefined;
      62 |     }
    > 63 |     return originalFn(...args);
         |            ^
      64 |   };
      65 | };
      66 |

      at console.<anonymous> (tests/setup/jest.setup.cjs:63:12)
      at console.apply [as warn] (src/scripts/modules/base.js:92:26)
      at Proxy.apply (src/scripts/modules/base.js:92:26)
      at Proxy.apply (src/scripts/modules/base.js:92:26)
      at Proxy.apply (src/scripts/modules/base.js:92:26)
      at Object.warn (tests/unit/storage.test.js:11:15)
      at Object.setItem (tests/unit/storage.test.js:2371:18)

  console.warn
    MOCK SET: cinePowerPlanner_setups__backup = {"Legacy":{"foo":"bar"}}

      61 |       return undefined;
      62 |     }
    > 63 |     return originalFn(...args);
         |            ^
      64 |   };
      65 | };
      66 |

      at console.<anonymous> (tests/setup/jest.setup.cjs:63:12)
      at console.apply [as warn] (src/scripts/modules/base.js:92:26)
      at Proxy.apply (src/scripts/modules/base.js:92:26)
      at Proxy.apply (src/scripts/modules/base.js:92:26)
      at Proxy.apply (src/scripts/modules/base.js:92:26)
      at Object.warn (tests/unit/storage.test.js:11:15)
      at Object.setItem (tests/unit/storage.test.js:2372:18)

  console.warn
    MOCK SET: cinePowerPlanner_session = {"camera":"Legacy Cam"}

      61 |       return undefined;
      62 |     }
    > 63 |     return originalFn(...args);
         |            ^
      64 |   };
      65 | };
      66 |

      at console.<anonymous> (tests/setup/jest.setup.cjs:63:12)
      at console.apply [as warn] (src/scripts/modules/base.js:92:26)
      at Proxy.apply (src/scripts/modules/base.js:92:26)
      at Proxy.apply (src/scripts/modules/base.js:92:26)
      at Proxy.apply (src/scripts/modules/base.js:92:26)
      at Object.warn (tests/unit/storage.test.js:11:15)
      at Object.setItem (tests/unit/storage.test.js:2373:20)

  console.log
    DEBUG: getSafeLocalStorage returning object

      at Proxy.apply (src/scripts/modules/base.js:92:26)

  console.warn
    MOCK SET: cine_factory_reset_lock = true

      61 |       return undefined;
      62 |     }
    > 63 |     return originalFn(...args);
         |            ^
      64 |   };
      65 | };
      66 |

      at console.<anonymous> (tests/setup/jest.setup.cjs:63:12)
      at console.apply [as warn] (src/scripts/modules/base.js:92:26)
      at Proxy.apply (src/scripts/modules/base.js:92:26)
      at Proxy.apply (src/scripts/modules/base.js:92:26)
      at Proxy.apply (src/scripts/modules/base.js:92:26)
      at Object.warn (tests/unit/storage.test.js:11:15)
      at setItem (src/scripts/storage.js:15885:63)
      at Object.clearAllData (tests/unit/storage.test.js:2375:5)

  console.warn
    MOCK SET: cine_factory_reset_lock = true

      61 |       return undefined;
      62 |     }
    > 63 |     return originalFn(...args);
         |            ^
      64 |   };
      65 | };
      66 |

      at console.<anonymous> (tests/setup/jest.setup.cjs:63:12)
      at console.apply [as warn] (src/scripts/modules/base.js:92:26)
      at Proxy.apply (src/scripts/modules/base.js:92:26)
      at Proxy.apply (src/scripts/modules/base.js:92:26)
      at Proxy.apply (src/scripts/modules/base.js:92:26)
      at Object.warn (tests/unit/storage.test.js:11:15)
      at setItem (src/scripts/storage.js:15886:59)
      at Object.clearAllData (tests/unit/storage.test.js:2375:5)

  console.log
    DEBUG: getSafeLocalStorage returning object

      at Proxy.apply (src/scripts/modules/base.js:92:26)

  console.warn
    [DataVault] OPFS is not supported in this browser.

      61 |       return undefined;
      62 |     }
    > 63 |     return originalFn(...args);
         |            ^
      64 |   };
      65 | };
      66 |

      at console.<anonymous> (tests/setup/jest.setup.cjs:63:12)
      at console.apply [as warn] (src/scripts/modules/base.js:92:26)
      at Proxy.apply (src/scripts/modules/base.js:92:26)
      at Proxy.apply (src/scripts/modules/base.js:92:26)
      at Proxy.apply (src/scripts/modules/base.js:92:26)
      at DataVault.warn (src/scripts/modules/storage/DataVault.js:16:25)
      at DataVault.init [as clear] (src/scripts/modules/storage/DataVault.js:120:43)
      at clear (src/scripts/storage.js:13590:19)
      at deleteProject (src/scripts/storage.js:15895:9)
      at Object.clearAllData (tests/unit/storage.test.js:2375:5)

  console.log
    DEBUG: getSafeLocalStorage returning object

      at Proxy.apply (src/scripts/modules/base.js:92:26)

  console.log
    DEBUG: getSafeLocalStorage returning object

      at Proxy.apply (src/scripts/modules/base.js:92:26)

  console.log
    DEBUG: getSafeLocalStorage returning object

      at Proxy.apply (src/scripts/modules/base.js:92:26)

  console.log
    DEBUG: getSafeLocalStorage returning object

      at Proxy.apply (src/scripts/modules/base.js:92:26)

  console.warn
    MOCK SET: cine_user_uuid = 187fdaf5-a9d0-42e6-bd8c-e733cb503199

      61 |       return undefined;
      62 |     }
    > 63 |     return originalFn(...args);
         |            ^
      64 |   };
      65 | };
      66 |

      at console.<anonymous> (tests/setup/jest.setup.cjs:63:12)
      at console.apply [as warn] (src/scripts/modules/base.js:92:26)
      at Proxy.apply (src/scripts/modules/base.js:92:26)
      at Proxy.apply (src/scripts/modules/base.js:92:26)
      at Proxy.apply (src/scripts/modules/base.js:92:26)
      at Object.warn (tests/unit/storage.test.js:11:15)
      at UserContext.setItem [as init] (src/scripts/modules/core/UserContext.js:44:26)
      at UserContext.init [as getUserId] (src/scripts/modules/core/UserContext.js:68:39)
      at UserContext.getUserId [as getScopedKey] (src/scripts/modules/core/UserContext.js:95:27)
      at StorageRepository.getScopedKey [as removeItem] (src/scripts/modules/storage/StorageRepository.js:75:39)
      at removeItem (src/scripts/storage.js:8798:19)
          at Array.forEach (<anonymous>)
      at forEach (src/scripts/storage.js:8795:25)
      at clearUiCacheStorageEntries (src/scripts/storage.js:13601:9)
      at deleteProject (src/scripts/storage.js:15895:9)
      at Object.clearAllData (tests/unit/storage.test.js:2375:5)

  console.log
    [UserContext] Generated new User UUID: 187fdaf5-a9d0-42e6-bd8c-e733cb503199

      at Proxy.apply (src/scripts/modules/base.js:92:26)
          at Array.forEach (<anonymous>)

  console.warn
    MOCK SET: cine_device_uuid = fa5c8b2b-413b-49a6-a825-026baf15c8e1

      61 |       return undefined;
      62 |     }
    > 63 |     return originalFn(...args);
         |            ^
      64 |   };
      65 | };
      66 |

      at console.<anonymous> (tests/setup/jest.setup.cjs:63:12)
      at console.apply [as warn] (src/scripts/modules/base.js:92:26)
      at Proxy.apply (src/scripts/modules/base.js:92:26)
      at Proxy.apply (src/scripts/modules/base.js:92:26)
      at Proxy.apply (src/scripts/modules/base.js:92:26)
      at Object.warn (tests/unit/storage.test.js:11:15)
      at UserContext.setItem [as init] (src/scripts/modules/core/UserContext.js:55:26)
      at UserContext.init [as getUserId] (src/scripts/modules/core/UserContext.js:68:39)
      at UserContext.getUserId [as getScopedKey] (src/scripts/modules/core/UserContext.js:95:27)
      at StorageRepository.getScopedKey [as removeItem] (src/scripts/modules/storage/StorageRepository.js:75:39)
      at removeItem (src/scripts/storage.js:8798:19)
          at Array.forEach (<anonymous>)
      at forEach (src/scripts/storage.js:8795:25)
      at clearUiCacheStorageEntries (src/scripts/storage.js:13601:9)
      at deleteProject (src/scripts/storage.js:15895:9)
      at Object.clearAllData (tests/unit/storage.test.js:2375:5)

  console.log
    [UserContext] Generated new Device UUID: fa5c8b2b-413b-49a6-a825-026baf15c8e1

      at Proxy.apply (src/scripts/modules/base.js:92:26)
          at Array.forEach (<anonymous>)

  console.log
    [UserContext] Session UUID: f77f72bd-cfb4-4e2d-b4cf-732fb2d88dca

      at Proxy.apply (src/scripts/modules/base.js:92:26)
          at Array.forEach (<anonymous>)

  console.log
    DEBUG: getSafeLocalStorage returning object

      at Proxy.apply (src/scripts/modules/base.js:92:26)

  console.debug
    [Storage] Returning default for cameraPowerPlanner_project_rev (No primary, no backups found)

      at Proxy.apply (src/scripts/modules/base.js:92:26)

  console.warn
    DEBUG: saveJSONToStorage RESET ACTIVE

      61 |       return undefined;
      62 |     }
    > 63 |     return originalFn(...args);
         |            ^
      64 |   };
      65 | };
      66 |

      at console.<anonymous> (tests/setup/jest.setup.cjs:63:12)
      at console.apply [as warn] (src/scripts/modules/base.js:92:26)
      at Proxy.apply (src/scripts/modules/base.js:92:26)
      at Proxy.apply (src/scripts/modules/base.js:92:26)
      at Proxy.apply (src/scripts/modules/base.js:92:26)
      at warn (src/scripts/storage.js:8000:13)
      at saveJSONToStorage (src/scripts/storage.js:1859:3)
      at bumpProjectStorageRevision (src/scripts/storage.js:13614:7)
      at deleteProject (src/scripts/storage.js:15895:9)
      at Object.clearAllData (tests/unit/storage.test.js:2375:5)

  console.warn
    MOCK SET: __cineLoggingHistory = [{"id":"event-1"}]

      61 |       return undefined;
      62 |     }
    > 63 |     return originalFn(...args);
         |            ^
      64 |   };
      65 | };
      66 |

      at console.<anonymous> (tests/setup/jest.setup.cjs:63:12)
      at console.apply [as warn] (src/scripts/modules/base.js:92:26)
      at Proxy.apply (src/scripts/modules/base.js:92:26)
      at Proxy.apply (src/scripts/modules/base.js:92:26)
      at Proxy.apply (src/scripts/modules/base.js:92:26)
      at Object.warn (tests/unit/storage.test.js:11:15)
      at Object.setItem (tests/unit/storage.test.js:2383:18)

  console.warn
    MOCK SET: __cineLoggingConfig = {"persistSession":true}

      61 |       return undefined;
      62 |     }
    > 63 |     return originalFn(...args);
         |            ^
      64 |   };
      65 | };
      66 |

      at console.<anonymous> (tests/setup/jest.setup.cjs:63:12)
      at console.apply [as warn] (src/scripts/modules/base.js:92:26)
      at Proxy.apply (src/scripts/modules/base.js:92:26)
      at Proxy.apply (src/scripts/modules/base.js:92:26)
      at Proxy.apply (src/scripts/modules/base.js:92:26)
      at Object.warn (tests/unit/storage.test.js:11:15)
      at Object.setItem (tests/unit/storage.test.js:2384:20)

  console.log
    DEBUG: getSafeLocalStorage returning object

      at Proxy.apply (src/scripts/modules/base.js:92:26)

  console.warn
    MOCK SET: cine_factory_reset_lock = true

      61 |       return undefined;
      62 |     }
    > 63 |     return originalFn(...args);
         |            ^
      64 |   };
      65 | };
      66 |

      at console.<anonymous> (tests/setup/jest.setup.cjs:63:12)
      at console.apply [as warn] (src/scripts/modules/base.js:92:26)
      at Proxy.apply (src/scripts/modules/base.js:92:26)
      at Proxy.apply (src/scripts/modules/base.js:92:26)
      at Proxy.apply (src/scripts/modules/base.js:92:26)
      at Object.warn (tests/unit/storage.test.js:11:15)
      at setItem (src/scripts/storage.js:15885:63)
      at Object.clearAllData (tests/unit/storage.test.js:2386:5)

  console.warn
    MOCK SET: cine_factory_reset_lock = true

      61 |       return undefined;
      62 |     }
    > 63 |     return originalFn(...args);
         |            ^
      64 |   };
      65 | };
      66 |

      at console.<anonymous> (tests/setup/jest.setup.cjs:63:12)
      at console.apply [as warn] (src/scripts/modules/base.js:92:26)
      at Proxy.apply (src/scripts/modules/base.js:92:26)
      at Proxy.apply (src/scripts/modules/base.js:92:26)
      at Proxy.apply (src/scripts/modules/base.js:92:26)
      at Object.warn (tests/unit/storage.test.js:11:15)
      at setItem (src/scripts/storage.js:15886:59)
      at Object.clearAllData (tests/unit/storage.test.js:2386:5)

  console.log
    DEBUG: getSafeLocalStorage returning object

      at Proxy.apply (src/scripts/modules/base.js:92:26)

  console.warn
    [DataVault] OPFS is not supported in this browser.

      61 |       return undefined;
      62 |     }
    > 63 |     return originalFn(...args);
         |            ^
      64 |   };
      65 | };
      66 |

      at console.<anonymous> (tests/setup/jest.setup.cjs:63:12)
      at console.apply [as warn] (src/scripts/modules/base.js:92:26)
      at Proxy.apply (src/scripts/modules/base.js:92:26)
      at Proxy.apply (src/scripts/modules/base.js:92:26)
      at Proxy.apply (src/scripts/modules/base.js:92:26)
      at DataVault.warn (src/scripts/modules/storage/DataVault.js:16:25)
      at DataVault.init [as clear] (src/scripts/modules/storage/DataVault.js:120:43)
      at clear (src/scripts/storage.js:13590:19)
      at deleteProject (src/scripts/storage.js:15895:9)
      at Object.clearAllData (tests/unit/storage.test.js:2386:5)

  console.log
    DEBUG: getSafeLocalStorage returning object

      at Proxy.apply (src/scripts/modules/base.js:92:26)

  console.log
    DEBUG: getSafeLocalStorage returning object

      at Proxy.apply (src/scripts/modules/base.js:92:26)

  console.log
    DEBUG: getSafeLocalStorage returning object

      at Proxy.apply (src/scripts/modules/base.js:92:26)

  console.log
    DEBUG: getSafeLocalStorage returning object

      at Proxy.apply (src/scripts/modules/base.js:92:26)

  console.warn
    MOCK SET: cine_user_uuid = 9c139bda-c63e-410b-8410-738a92ea035a

      61 |       return undefined;
      62 |     }
    > 63 |     return originalFn(...args);
         |            ^
      64 |   };
      65 | };
      66 |

      at console.<anonymous> (tests/setup/jest.setup.cjs:63:12)
      at console.apply [as warn] (src/scripts/modules/base.js:92:26)
      at Proxy.apply (src/scripts/modules/base.js:92:26)
      at Proxy.apply (src/scripts/modules/base.js:92:26)
      at Proxy.apply (src/scripts/modules/base.js:92:26)
      at Object.warn (tests/unit/storage.test.js:11:15)
      at UserContext.setItem [as init] (src/scripts/modules/core/UserContext.js:44:26)
      at UserContext.init [as getUserId] (src/scripts/modules/core/UserContext.js:68:39)
      at UserContext.getUserId [as getScopedKey] (src/scripts/modules/core/UserContext.js:95:27)
      at StorageRepository.getScopedKey [as removeItem] (src/scripts/modules/storage/StorageRepository.js:75:39)
      at removeItem (src/scripts/storage.js:8798:19)
          at Array.forEach (<anonymous>)
      at forEach (src/scripts/storage.js:8795:25)
      at clearUiCacheStorageEntries (src/scripts/storage.js:13601:9)
      at deleteProject (src/scripts/storage.js:15895:9)
      at Object.clearAllData (tests/unit/storage.test.js:2386:5)

  console.log
    [UserContext] Generated new User UUID: 9c139bda-c63e-410b-8410-738a92ea035a

      at Proxy.apply (src/scripts/modules/base.js:92:26)
          at Array.forEach (<anonymous>)

  console.warn
    MOCK SET: cine_device_uuid = f3506ac4-df21-4840-b4af-53be0123b100

      61 |       return undefined;
      62 |     }
    > 63 |     return originalFn(...args);
         |            ^
      64 |   };
      65 | };
      66 |

      at console.<anonymous> (tests/setup/jest.setup.cjs:63:12)
      at console.apply [as warn] (src/scripts/modules/base.js:92:26)
      at Proxy.apply (src/scripts/modules/base.js:92:26)
      at Proxy.apply (src/scripts/modules/base.js:92:26)
      at Proxy.apply (src/scripts/modules/base.js:92:26)
      at Object.warn (tests/unit/storage.test.js:11:15)
      at UserContext.setItem [as init] (src/scripts/modules/core/UserContext.js:55:26)
      at UserContext.init [as getUserId] (src/scripts/modules/core/UserContext.js:68:39)
      at UserContext.getUserId [as getScopedKey] (src/scripts/modules/core/UserContext.js:95:27)
      at StorageRepository.getScopedKey [as removeItem] (src/scripts/modules/storage/StorageRepository.js:75:39)
      at removeItem (src/scripts/storage.js:8798:19)
          at Array.forEach (<anonymous>)
      at forEach (src/scripts/storage.js:8795:25)
      at clearUiCacheStorageEntries (src/scripts/storage.js:13601:9)
      at deleteProject (src/scripts/storage.js:15895:9)
      at Object.clearAllData (tests/unit/storage.test.js:2386:5)

  console.log
    [UserContext] Generated new Device UUID: f3506ac4-df21-4840-b4af-53be0123b100

      at Proxy.apply (src/scripts/modules/base.js:92:26)
          at Array.forEach (<anonymous>)

  console.log
    [UserContext] Session UUID: 19230e86-2a09-43a4-b8c6-744b4043ad0d

      at Proxy.apply (src/scripts/modules/base.js:92:26)
          at Array.forEach (<anonymous>)

  console.log
    DEBUG: getSafeLocalStorage returning object

      at Proxy.apply (src/scripts/modules/base.js:92:26)

  console.debug
    [Storage] Returning default for cameraPowerPlanner_project_rev (No primary, no backups found)

      at Proxy.apply (src/scripts/modules/base.js:92:26)

  console.warn
    DEBUG: saveJSONToStorage RESET ACTIVE

      61 |       return undefined;
      62 |     }
    > 63 |     return originalFn(...args);
         |            ^
      64 |   };
      65 | };
      66 |

      at console.<anonymous> (tests/setup/jest.setup.cjs:63:12)
      at console.apply [as warn] (src/scripts/modules/base.js:92:26)
      at Proxy.apply (src/scripts/modules/base.js:92:26)
      at Proxy.apply (src/scripts/modules/base.js:92:26)
      at Proxy.apply (src/scripts/modules/base.js:92:26)
      at warn (src/scripts/storage.js:8000:13)
      at saveJSONToStorage (src/scripts/storage.js:1859:3)
      at bumpProjectStorageRevision (src/scripts/storage.js:13614:7)
      at deleteProject (src/scripts/storage.js:15895:9)
      at Object.clearAllData (tests/unit/storage.test.js:2386:5)

  console.log
    DEBUG: getSafeLocalStorage returning object

      at Proxy.apply (src/scripts/modules/base.js:92:26)

  console.log
    DEBUG: getSafeLocalStorage returning object

      at Proxy.apply (src/scripts/modules/base.js:92:26)

  console.warn
    MOCK SET: cameraPowerPlanner_devices = {"cameras":{},"monitors":{},"video":{},"viewfinder

      61 |       return undefined;
      62 |     }
    > 63 |     return originalFn(...args);
         |            ^
      64 |   };
      65 | };
      66 |

      at console.<anonymous> (tests/setup/jest.setup.cjs:63:12)
      at console.apply [as warn] (src/scripts/modules/base.js:92:26)
      at Proxy.apply (src/scripts/modules/base.js:92:26)
      at Proxy.apply (src/scripts/modules/base.js:92:26)
      at Proxy.apply (src/scripts/modules/base.js:92:26)
      at Object.warn (tests/unit/storage.test.js:11:15)
      at setItem (src/scripts/storage.js:8463:17)
      at saveJSONToStorage (src/scripts/storage.js:9469:3)
      at Object.saveDeviceData (tests/unit/storage.test.js:2401:5)

  console.warn
    MOCK SET: cameraPowerPlanner_devices__backup = {"cameras":{},"monitors":{},"video":{},"viewfinder

      61 |       return undefined;
      62 |     }
    > 63 |     return originalFn(...args);
         |            ^
      64 |   };
      65 | };
      66 |

      at console.<anonymous> (tests/setup/jest.setup.cjs:63:12)
      at console.apply [as warn] (src/scripts/modules/base.js:92:26)
      at Proxy.apply (src/scripts/modules/base.js:92:26)
      at Proxy.apply (src/scripts/modules/base.js:92:26)
      at Proxy.apply (src/scripts/modules/base.js:92:26)
      at Object.warn (tests/unit/storage.test.js:11:15)
      at setItem (src/scripts/storage.js:8524:19)
      at tryStoreCandidate (src/scripts/storage.js:8540:13)
      at attemptBackupWrite (src/scripts/storage.js:8617:26)
      at saveJSONToStorage (src/scripts/storage.js:9469:3)
      at Object.saveDeviceData (tests/unit/storage.test.js:2401:5)

  console.log
    DEBUG: getSafeLocalStorage returning object

      at Proxy.apply (src/scripts/modules/base.js:92:26)

  console.log
    DEBUG: getSafeLocalStorage returning object

      at Proxy.apply (src/scripts/modules/base.js:92:26)

  console.warn
    MOCK SET: cameraPowerPlanner_setups = {"A":{"foo":1}}

      61 |       return undefined;
      62 |     }
    > 63 |     return originalFn(...args);
         |            ^
      64 |   };
      65 | };
      66 |

      at console.<anonymous> (tests/setup/jest.setup.cjs:63:12)
      at console.apply [as warn] (src/scripts/modules/base.js:92:26)
      at Proxy.apply (src/scripts/modules/base.js:92:26)
      at Proxy.apply (src/scripts/modules/base.js:92:26)
      at Proxy.apply (src/scripts/modules/base.js:92:26)
      at Object.warn (tests/unit/storage.test.js:11:15)
      at setItem (src/scripts/storage.js:8463:17)
      at saveJSONToStorage (src/scripts/storage.js:9582:3)
      at Object.saveSetups (tests/unit/storage.test.js:2402:5)

  console.warn
    MOCK SET: cameraPowerPlanner_setups__backup = {"A":{"foo":1}}

      61 |       return undefined;
      62 |     }
    > 63 |     return originalFn(...args);
         |            ^
      64 |   };
      65 | };
      66 |

      at console.<anonymous> (tests/setup/jest.setup.cjs:63:12)
      at console.apply [as warn] (src/scripts/modules/base.js:92:26)
      at Proxy.apply (src/scripts/modules/base.js:92:26)
      at Proxy.apply (src/scripts/modules/base.js:92:26)
      at Proxy.apply (src/scripts/modules/base.js:92:26)
      at Object.warn (tests/unit/storage.test.js:11:15)
      at setItem (src/scripts/storage.js:8524:19)
      at tryStoreCandidate (src/scripts/storage.js:8540:13)
      at attemptBackupWrite (src/scripts/storage.js:8617:26)
      at saveJSONToStorage (src/scripts/storage.js:9582:3)
      at Object.saveSetups (tests/unit/storage.test.js:2402:5)

  console.log
    DEBUG: getSafeLocalStorage returning object

      at Proxy.apply (src/scripts/modules/base.js:92:26)

  console.log
    DEBUG: getSafeLocalStorage returning object

      at Proxy.apply (src/scripts/modules/base.js:92:26)

  console.warn
    MOCK SET: cameraPowerPlanner_session = {"camera":"CamA"}

      61 |       return undefined;
      62 |     }
    > 63 |     return originalFn(...args);
         |            ^
      64 |   };
      65 | };
      66 |

      at console.<anonymous> (tests/setup/jest.setup.cjs:63:12)
      at console.apply [as warn] (src/scripts/modules/base.js:92:26)
      at Proxy.apply (src/scripts/modules/base.js:92:26)
      at Proxy.apply (src/scripts/modules/base.js:92:26)
      at Proxy.apply (src/scripts/modules/base.js:92:26)
      at Object.warn (tests/unit/storage.test.js:11:15)
      at setItem (src/scripts/storage.js:8463:17)
      at saveJSONToStorage (src/scripts/storage.js:9314:3)
      at Object.saveSessionState (tests/unit/storage.test.js:2403:5)

  console.warn
    MOCK SET: cameraPowerPlanner_session__backup = {"camera":"CamA"}

      61 |       return undefined;
      62 |     }
    > 63 |     return originalFn(...args);
         |            ^
      64 |   };
      65 | };
      66 |

      at console.<anonymous> (tests/setup/jest.setup.cjs:63:12)
      at console.apply [as warn] (src/scripts/modules/base.js:92:26)
      at Proxy.apply (src/scripts/modules/base.js:92:26)
      at Proxy.apply (src/scripts/modules/base.js:92:26)
      at Proxy.apply (src/scripts/modules/base.js:92:26)
      at Object.warn (tests/unit/storage.test.js:11:15)
      at setItem (src/scripts/storage.js:8524:19)
      at tryStoreCandidate (src/scripts/storage.js:8540:13)
      at attemptBackupWrite (src/scripts/storage.js:8617:26)
      at saveJSONToStorage (src/scripts/storage.js:9314:3)
      at Object.saveSessionState (tests/unit/storage.test.js:2403:5)

  console.log
    DEBUG: getSafeLocalStorage returning object

      at Proxy.apply (src/scripts/modules/base.js:92:26)

  console.log
    DEBUG: getSafeLocalStorage returning object

      at Proxy.apply (src/scripts/modules/base.js:92:26)

  console.warn
    MOCK SET: cameraPowerPlanner_feedback = {"note":"hi"}

      61 |       return undefined;
      62 |     }
    > 63 |     return originalFn(...args);
         |            ^
      64 |   };
      65 | };
      66 |

      at console.<anonymous> (tests/setup/jest.setup.cjs:63:12)
      at console.apply [as warn] (src/scripts/modules/base.js:92:26)
      at Proxy.apply (src/scripts/modules/base.js:92:26)
      at Proxy.apply (src/scripts/modules/base.js:92:26)
      at Proxy.apply (src/scripts/modules/base.js:92:26)
      at Object.warn (tests/unit/storage.test.js:11:15)
      at setItem (src/scripts/storage.js:8463:17)
      at saveJSONToStorage (src/scripts/storage.js:14435:3)
      at Object.saveFeedback (tests/unit/storage.test.js:2404:5)

  console.warn
    MOCK SET: cameraPowerPlanner_feedback__backup = {"note":"hi"}

      61 |       return undefined;
      62 |     }
    > 63 |     return originalFn(...args);
         |            ^
      64 |   };
      65 | };
      66 |

      at console.<anonymous> (tests/setup/jest.setup.cjs:63:12)
      at console.apply [as warn] (src/scripts/modules/base.js:92:26)
      at Proxy.apply (src/scripts/modules/base.js:92:26)
      at Proxy.apply (src/scripts/modules/base.js:92:26)
      at Proxy.apply (src/scripts/modules/base.js:92:26)
      at Object.warn (tests/unit/storage.test.js:11:15)
      at setItem (src/scripts/storage.js:8524:19)
      at tryStoreCandidate (src/scripts/storage.js:8540:13)
      at attemptBackupWrite (src/scripts/storage.js:8617:26)
      at saveJSONToStorage (src/scripts/storage.js:14435:3)
      at Object.saveFeedback (tests/unit/storage.test.js:2404:5)

  console.log
    DEBUG: getSafeLocalStorage returning object

      at Proxy.apply (src/scripts/modules/base.js:92:26)

  console.log
    DEBUG: getSafeLocalStorage returning object

      at Proxy.apply (src/scripts/modules/base.js:92:26)

  console.log
    DEBUG: getSafeLocalStorage returning object

      at Proxy.apply (src/scripts/modules/base.js:92:26)

  console.log
    DEBUG: getSafeLocalStorage returning object

      at Proxy.apply (src/scripts/modules/base.js:92:26)

  console.log
    DEBUG: getSafeLocalStorage returning object

      at Proxy.apply (src/scripts/modules/base.js:92:26)

  console.log
    DEBUG: getSafeLocalStorage returning object

      at Proxy.apply (src/scripts/modules/base.js:92:26)

  console.log
    DEBUG: getSafeLocalStorage returning object

      at Proxy.apply (src/scripts/modules/base.js:92:26)

  console.log
    DEBUG: getSafeLocalStorage returning object

      at Proxy.apply (src/scripts/modules/base.js:92:26)

  console.warn
    MOCK SET: cameraPowerPlanner_prj_Proj = {"gearList":"<ul></ul>","projectInfo":null,"gearLi

      61 |       return undefined;
      62 |     }
    > 63 |     return originalFn(...args);
         |            ^
      64 |   };
      65 | };
      66 |

      at console.<anonymous> (tests/setup/jest.setup.cjs:63:12)
      at console.apply [as warn] (src/scripts/modules/base.js:92:26)
      at Proxy.apply (src/scripts/modules/base.js:92:26)
      at Proxy.apply (src/scripts/modules/base.js:92:26)
      at Proxy.apply (src/scripts/modules/base.js:92:26)
      at Object.warn (tests/unit/storage.test.js:11:15)
      at setItem (src/scripts/storage.js:8463:17)
      at saveJSONToStorage (src/scripts/storage.js:12780:18)
      at persistProjectShard (src/scripts/storage.js:13513:20)
      at Object.saveProject (tests/unit/storage.test.js:2405:5)

  console.log
    DEBUG: getSafeLocalStorage returning object

      at Proxy.apply (src/scripts/modules/base.js:92:26)

  console.log
    DEBUG: getSafeLocalStorage returning object

      at Proxy.apply (src/scripts/modules/base.js:92:26)
          at Array.forEach (<anonymous>)

  console.log
    DEBUG: getSafeLocalStorage returning object

      at Proxy.apply (src/scripts/modules/base.js:92:26)
          at Array.forEach (<anonymous>)

  console.log
    DEBUG: getSafeLocalStorage returning object

      at Proxy.apply (src/scripts/modules/base.js:92:26)

  console.warn
    MOCK SET: cameraPowerPlanner_project_rev = 1

      61 |       return undefined;
      62 |     }
    > 63 |     return originalFn(...args);
         |            ^
      64 |   };
      65 | };
      66 |

      at console.<anonymous> (tests/setup/jest.setup.cjs:63:12)
      at console.apply [as warn] (src/scripts/modules/base.js:92:26)
      at Proxy.apply (src/scripts/modules/base.js:92:26)
      at Proxy.apply (src/scripts/modules/base.js:92:26)
      at Proxy.apply (src/scripts/modules/base.js:92:26)
      at Object.warn (tests/unit/storage.test.js:11:15)
      at setItem (src/scripts/storage.js:8463:17)
      at saveJSONToStorage (src/scripts/storage.js:1859:3)
      at bumpProjectStorageRevision (src/scripts/storage.js:12834:3)
      at persistAllProjects (src/scripts/storage.js:13535:5)
      at Object.saveProject (tests/unit/storage.test.js:2405:5)

  console.warn
    MOCK SET: cameraPowerPlanner_project_rev__backup = 1

      61 |       return undefined;
      62 |     }
    > 63 |     return originalFn(...args);
         |            ^
      64 |   };
      65 | };
      66 |

      at console.<anonymous> (tests/setup/jest.setup.cjs:63:12)
      at console.apply [as warn] (src/scripts/modules/base.js:92:26)
      at Proxy.apply (src/scripts/modules/base.js:92:26)
      at Proxy.apply (src/scripts/modules/base.js:92:26)
      at Proxy.apply (src/scripts/modules/base.js:92:26)
      at Object.warn (tests/unit/storage.test.js:11:15)
      at setItem (src/scripts/storage.js:8524:19)
      at tryStoreCandidate (src/scripts/storage.js:8540:13)
      at attemptBackupWrite (src/scripts/storage.js:8617:26)
      at saveJSONToStorage (src/scripts/storage.js:1859:3)
      at bumpProjectStorageRevision (src/scripts/storage.js:12834:3)
      at persistAllProjects (src/scripts/storage.js:13535:5)
      at Object.saveProject (tests/unit/storage.test.js:2405:5)

  console.log
    DEBUG: getSafeLocalStorage returning object

      at Proxy.apply (src/scripts/modules/base.js:92:26)

  console.log
    DEBUG: getSafeLocalStorage returning object

      at Proxy.apply (src/scripts/modules/base.js:92:26)

  console.warn
    MOCK SET: cameraPowerPlanner_favorites = {"cat":["A"]}

      61 |       return undefined;
      62 |     }
    > 63 |     return originalFn(...args);
         |            ^
      64 |   };
      65 | };
      66 |

      at console.<anonymous> (tests/setup/jest.setup.cjs:63:12)
      at console.apply [as warn] (src/scripts/modules/base.js:92:26)
      at Proxy.apply (src/scripts/modules/base.js:92:26)
      at Proxy.apply (src/scripts/modules/base.js:92:26)
      at Proxy.apply (src/scripts/modules/base.js:92:26)
      at Object.warn (tests/unit/storage.test.js:11:15)
      at setItem (src/scripts/storage.js:8463:17)
      at saveJSONToStorage (src/scripts/storage.js:14019:3)
      at Object.saveFavorites (tests/unit/storage.test.js:2410:5)

  console.warn
    MOCK SET: cameraPowerPlanner_favorites__backup = {"cat":["A"]}

      61 |       return undefined;
      62 |     }
    > 63 |     return originalFn(...args);
         |            ^
      64 |   };
      65 | };
      66 |

      at console.<anonymous> (tests/setup/jest.setup.cjs:63:12)
      at console.apply [as warn] (src/scripts/modules/base.js:92:26)
      at Proxy.apply (src/scripts/modules/base.js:92:26)
      at Proxy.apply (src/scripts/modules/base.js:92:26)
      at Proxy.apply (src/scripts/modules/base.js:92:26)
      at Object.warn (tests/unit/storage.test.js:11:15)
      at setItem (src/scripts/storage.js:8524:19)
      at tryStoreCandidate (src/scripts/storage.js:8540:13)
      at attemptBackupWrite (src/scripts/storage.js:8617:26)
      at saveJSONToStorage (src/scripts/storage.js:14019:3)
      at Object.saveFavorites (tests/unit/storage.test.js:2410:5)

  console.warn
    MOCK SET: darkMode = true

      61 |       return undefined;
      62 |     }
    > 63 |     return originalFn(...args);
         |            ^
      64 |   };
      65 | };
      66 |

      at console.<anonymous> (tests/setup/jest.setup.cjs:63:12)
      at console.apply [as warn] (src/scripts/modules/base.js:92:26)
      at Proxy.apply (src/scripts/modules/base.js:92:26)
      at Proxy.apply (src/scripts/modules/base.js:92:26)
      at Proxy.apply (src/scripts/modules/base.js:92:26)
      at Object.warn (tests/unit/storage.test.js:11:15)
      at Object.setItem (tests/unit/storage.test.js:2411:18)

  console.warn
    MOCK SET: pinkMode = true

      61 |       return undefined;
      62 |     }
    > 63 |     return originalFn(...args);
         |            ^
      64 |   };
      65 | };
      66 |

      at console.<anonymous> (tests/setup/jest.setup.cjs:63:12)
      at console.apply [as warn] (src/scripts/modules/base.js:92:26)
      at Proxy.apply (src/scripts/modules/base.js:92:26)
      at Proxy.apply (src/scripts/modules/base.js:92:26)
      at Proxy.apply (src/scripts/modules/base.js:92:26)
      at Object.warn (tests/unit/storage.test.js:11:15)
      at Object.setItem (tests/unit/storage.test.js:2412:18)

  console.warn
    MOCK SET: highContrast = true

      61 |       return undefined;
      62 |     }
    > 63 |     return originalFn(...args);
         |            ^
      64 |   };
      65 | };
      66 |

      at console.<anonymous> (tests/setup/jest.setup.cjs:63:12)
      at console.apply [as warn] (src/scripts/modules/base.js:92:26)
      at Proxy.apply (src/scripts/modules/base.js:92:26)
      at Proxy.apply (src/scripts/modules/base.js:92:26)
      at Proxy.apply (src/scripts/modules/base.js:92:26)
      at Object.warn (tests/unit/storage.test.js:11:15)
      at Object.setItem (tests/unit/storage.test.js:2413:18)

  console.warn
    MOCK SET: reduceMotion = true

      61 |       return undefined;
      62 |     }
    > 63 |     return originalFn(...args);
         |            ^
      64 |   };
      65 | };
      66 |

      at console.<anonymous> (tests/setup/jest.setup.cjs:63:12)
      at console.apply [as warn] (src/scripts/modules/base.js:92:26)
      at Proxy.apply (src/scripts/modules/base.js:92:26)
      at Proxy.apply (src/scripts/modules/base.js:92:26)
      at Proxy.apply (src/scripts/modules/base.js:92:26)
      at Object.warn (tests/unit/storage.test.js:11:15)
      at Object.setItem (tests/unit/storage.test.js:2414:18)

  console.warn
    MOCK SET: relaxedSpacing = true

      61 |       return undefined;
      62 |     }
    > 63 |     return originalFn(...args);
         |            ^
      64 |   };
      65 | };
      66 |

      at console.<anonymous> (tests/setup/jest.setup.cjs:63:12)
      at console.apply [as warn] (src/scripts/modules/base.js:92:26)
      at Proxy.apply (src/scripts/modules/base.js:92:26)
      at Proxy.apply (src/scripts/modules/base.js:92:26)
      at Proxy.apply (src/scripts/modules/base.js:92:26)
      at Object.warn (tests/unit/storage.test.js:11:15)
      at Object.setItem (tests/unit/storage.test.js:2415:18)

  console.warn
    MOCK SET: showAutoBackups = true

      61 |       return undefined;
      62 |     }
    > 63 |     return originalFn(...args);
         |            ^
      64 |   };
      65 | };
      66 |

      at console.<anonymous> (tests/setup/jest.setup.cjs:63:12)
      at console.apply [as warn] (src/scripts/modules/base.js:92:26)
      at Proxy.apply (src/scripts/modules/base.js:92:26)
      at Proxy.apply (src/scripts/modules/base.js:92:26)
      at Proxy.apply (src/scripts/modules/base.js:92:26)
      at Object.warn (tests/unit/storage.test.js:11:15)
      at Object.setItem (tests/unit/storage.test.js:2416:18)

  console.warn
    MOCK SET: accentColor = #ff00ff

      61 |       return undefined;
      62 |     }
    > 63 |     return originalFn(...args);
         |            ^
      64 |   };
      65 | };
      66 |

      at console.<anonymous> (tests/setup/jest.setup.cjs:63:12)
      at console.apply [as warn] (src/scripts/modules/base.js:92:26)
      at Proxy.apply (src/scripts/modules/base.js:92:26)
      at Proxy.apply (src/scripts/modules/base.js:92:26)
      at Proxy.apply (src/scripts/modules/base.js:92:26)
      at Object.warn (tests/unit/storage.test.js:11:15)
      at Object.setItem (tests/unit/storage.test.js:2417:18)

  console.warn
    MOCK SET: fontSize = 18

      61 |       return undefined;
      62 |     }
    > 63 |     return originalFn(...args);
         |            ^
      64 |   };
      65 | };
      66 |

      at console.<anonymous> (tests/setup/jest.setup.cjs:63:12)
      at console.apply [as warn] (src/scripts/modules/base.js:92:26)
      at Proxy.apply (src/scripts/modules/base.js:92:26)
      at Proxy.apply (src/scripts/modules/base.js:92:26)
      at Proxy.apply (src/scripts/modules/base.js:92:26)
      at Object.warn (tests/unit/storage.test.js:11:15)
      at Object.setItem (tests/unit/storage.test.js:2418:18)

  console.warn
    MOCK SET: fontFamily = 'My Font', sans-serif

      61 |       return undefined;
      62 |     }
    > 63 |     return originalFn(...args);
         |            ^
      64 |   };
      65 | };
      66 |

      at console.<anonymous> (tests/setup/jest.setup.cjs:63:12)
      at console.apply [as warn] (src/scripts/modules/base.js:92:26)
      at Proxy.apply (src/scripts/modules/base.js:92:26)
      at Proxy.apply (src/scripts/modules/base.js:92:26)
      at Proxy.apply (src/scripts/modules/base.js:92:26)
      at Object.warn (tests/unit/storage.test.js:11:15)
      at Object.setItem (tests/unit/storage.test.js:2419:18)

  console.warn
    MOCK SET: language = de

      61 |       return undefined;
      62 |     }
    > 63 |     return originalFn(...args);
         |            ^
      64 |   };
      65 | };
      66 |

      at console.<anonymous> (tests/setup/jest.setup.cjs:63:12)
      at console.apply [as warn] (src/scripts/modules/base.js:92:26)
      at Proxy.apply (src/scripts/modules/base.js:92:26)
      at Proxy.apply (src/scripts/modules/base.js:92:26)
      at Proxy.apply (src/scripts/modules/base.js:92:26)
      at Object.warn (tests/unit/storage.test.js:11:15)
      at Object.setItem (tests/unit/storage.test.js:2420:18)

  console.warn
    MOCK SET: iosPwaHelpShown = true

      61 |       return undefined;
      62 |     }
    > 63 |     return originalFn(...args);
         |            ^
      64 |   };
      65 | };
      66 |

      at console.<anonymous> (tests/setup/jest.setup.cjs:63:12)
      at console.apply [as warn] (src/scripts/modules/base.js:92:26)
      at Proxy.apply (src/scripts/modules/base.js:92:26)
      at Proxy.apply (src/scripts/modules/base.js:92:26)
      at Proxy.apply (src/scripts/modules/base.js:92:26)
      at Object.warn (tests/unit/storage.test.js:11:15)
      at Object.setItem (tests/unit/storage.test.js:2421:18)

  console.warn
    MOCK SET: cameraPowerPlanner_temperatureUnit = fahrenheit

      61 |       return undefined;
      62 |     }
    > 63 |     return originalFn(...args);
         |            ^
      64 |   };
      65 | };
      66 |

      at console.<anonymous> (tests/setup/jest.setup.cjs:63:12)
      at console.apply [as warn] (src/scripts/modules/base.js:92:26)
      at Proxy.apply (src/scripts/modules/base.js:92:26)
      at Proxy.apply (src/scripts/modules/base.js:92:26)
      at Proxy.apply (src/scripts/modules/base.js:92:26)
      at Object.warn (tests/unit/storage.test.js:11:15)
      at Object.setItem (tests/unit/storage.test.js:2422:18)

  console.warn
    MOCK SET: cameraPowerPlanner_cameraColors = {"A":"#112233","B":"#445566","C":"#778899"}

      61 |       return undefined;
      62 |     }
    > 63 |     return originalFn(...args);
         |            ^
      64 |   };
      65 | };
      66 |

      at console.<anonymous> (tests/setup/jest.setup.cjs:63:12)
      at console.apply [as warn] (src/scripts/modules/base.js:92:26)
      at Proxy.apply (src/scripts/modules/base.js:92:26)
      at Proxy.apply (src/scripts/modules/base.js:92:26)
      at Proxy.apply (src/scripts/modules/base.js:92:26)
      at Object.warn (tests/unit/storage.test.js:11:15)
      at Object.setItem (tests/unit/storage.test.js:2428:18)

  console.warn
    MOCK SET: customLogo = data:image/svg+xml;base64,PHN2Zw==

      61 |       return undefined;
      62 |     }
    > 63 |     return originalFn(...args);
         |            ^
      64 |   };
      65 | };
      66 |

      at console.<anonymous> (tests/setup/jest.setup.cjs:63:12)
      at console.apply [as warn] (src/scripts/modules/base.js:92:26)
      at Proxy.apply (src/scripts/modules/base.js:92:26)
      at Proxy.apply (src/scripts/modules/base.js:92:26)
      at Proxy.apply (src/scripts/modules/base.js:92:26)
      at Object.warn (tests/unit/storage.test.js:11:15)
      at Object.setItem (tests/unit/storage.test.js:2429:18)

  console.warn
    MOCK SET: cameraPowerPlanner_customFonts = [{"id":"font-1","name":"My Font","data":"data:font

      61 |       return undefined;
      62 |     }
    > 63 |     return originalFn(...args);
         |            ^
      64 |   };
      65 | };
      66 |

      at console.<anonymous> (tests/setup/jest.setup.cjs:63:12)
      at console.apply [as warn] (src/scripts/modules/base.js:92:26)
      at Proxy.apply (src/scripts/modules/base.js:92:26)
      at Proxy.apply (src/scripts/modules/base.js:92:26)
      at Proxy.apply (src/scripts/modules/base.js:92:26)
      at Object.warn (tests/unit/storage.test.js:11:15)
      at Object.setItem (tests/unit/storage.test.js:2430:18)

  console.log
    DEBUG: getSafeLocalStorage returning object

      at Proxy.apply (src/scripts/modules/base.js:92:26)

  console.log
    DEBUG: getSafeLocalStorage returning object

      at Proxy.apply (src/scripts/modules/base.js:92:26)

  console.warn
    MOCK SET: cameraPowerPlanner_autoGearRules = [{"id":"rule-outdoor","label":"Outdoor","scenarios

      61 |       return undefined;
      62 |     }
    > 63 |     return originalFn(...args);
         |            ^
      64 |   };
      65 | };
      66 |

      at console.<anonymous> (tests/setup/jest.setup.cjs:63:12)
      at console.apply [as warn] (src/scripts/modules/base.js:92:26)
      at Proxy.apply (src/scripts/modules/base.js:92:26)
      at Proxy.apply (src/scripts/modules/base.js:92:26)
      at Proxy.apply (src/scripts/modules/base.js:92:26)
      at Object.warn (tests/unit/storage.test.js:11:15)
      at setItem (src/scripts/storage.js:8463:17)
      at saveJSONToStorage (src/scripts/storage.js:15084:3)
      at Object.saveAutoGearRules (tests/unit/storage.test.js:2437:5)

  console.warn
    MOCK SET: cameraPowerPlanner_autoGearRules__backup = [{"id":"rule-outdoor","label":"Outdoor","scenarios

      61 |       return undefined;
      62 |     }
    > 63 |     return originalFn(...args);
         |            ^
      64 |   };
      65 | };
      66 |

      at console.<anonymous> (tests/setup/jest.setup.cjs:63:12)
      at console.apply [as warn] (src/scripts/modules/base.js:92:26)
      at Proxy.apply (src/scripts/modules/base.js:92:26)
      at Proxy.apply (src/scripts/modules/base.js:92:26)
      at Proxy.apply (src/scripts/modules/base.js:92:26)
      at Object.warn (tests/unit/storage.test.js:11:15)
      at setItem (src/scripts/storage.js:8524:19)
      at tryStoreCandidate (src/scripts/storage.js:8540:13)
      at attemptBackupWrite (src/scripts/storage.js:8617:26)
      at saveJSONToStorage (src/scripts/storage.js:15084:3)
      at Object.saveAutoGearRules (tests/unit/storage.test.js:2437:5)

  console.log
    DEBUG: getSafeLocalStorage returning object

      at Proxy.apply (src/scripts/modules/base.js:92:26)

  console.log
    DEBUG: getSafeLocalStorage returning object

      at Proxy.apply (src/scripts/modules/base.js:92:26)

  console.warn
    MOCK SET: cameraPowerPlanner_autoGearSeeded = 1

      61 |       return undefined;
      62 |     }
    > 63 |     return originalFn(...args);
         |            ^
      64 |   };
      65 | };
      66 |

      at console.<anonymous> (tests/setup/jest.setup.cjs:63:12)
      at console.apply [as warn] (src/scripts/modules/base.js:92:26)
      at Proxy.apply (src/scripts/modules/base.js:92:26)
      at Proxy.apply (src/scripts/modules/base.js:92:26)
      at Proxy.apply (src/scripts/modules/base.js:92:26)
      at Object.warn (tests/unit/storage.test.js:11:15)
      at setItem (src/scripts/storage.js:8827:15)
      at saveFlagToStorage (src/scripts/storage.js:15263:3)
      at Object.saveAutoGearSeedFlag (tests/unit/storage.test.js:2447:5)

  console.log
    DEBUG: getSafeLocalStorage returning object

      at Proxy.apply (src/scripts/modules/base.js:92:26)

  console.log
    DEBUG: getSafeLocalStorage returning object

      at Proxy.apply (src/scripts/modules/base.js:92:26)

  console.warn
    MOCK SET: cameraPowerPlanner_autoGearPresets = [{"id":"preset-1","label":"Outdoor tweaks","rules"

      61 |       return undefined;
      62 |     }
    > 63 |     return originalFn(...args);
         |            ^
      64 |   };
      65 | };
      66 |

      at console.<anonymous> (tests/setup/jest.setup.cjs:63:12)
      at console.apply [as warn] (src/scripts/modules/base.js:92:26)
      at Proxy.apply (src/scripts/modules/base.js:92:26)
      at Proxy.apply (src/scripts/modules/base.js:92:26)
      at Proxy.apply (src/scripts/modules/base.js:92:26)
      at Object.warn (tests/unit/storage.test.js:11:15)
      at setItem (src/scripts/storage.js:8463:17)
      at saveJSONToStorage (src/scripts/storage.js:15374:3)
      at Object.saveAutoGearPresets (tests/unit/storage.test.js:2451:5)

  console.warn
    MOCK SET: cameraPowerPlanner_autoGearPresets__backup = [{"id":"preset-1","label":"Outdoor tweaks","rules"

      61 |       return undefined;
      62 |     }
    > 63 |     return originalFn(...args);
         |            ^
      64 |   };
      65 | };
      66 |

      at console.<anonymous> (tests/setup/jest.setup.cjs:63:12)
      at console.apply [as warn] (src/scripts/modules/base.js:92:26)
      at Proxy.apply (src/scripts/modules/base.js:92:26)
      at Proxy.apply (src/scripts/modules/base.js:92:26)
      at Proxy.apply (src/scripts/modules/base.js:92:26)
      at Object.warn (tests/unit/storage.test.js:11:15)
      at setItem (src/scripts/storage.js:8524:19)
      at tryStoreCandidate (src/scripts/storage.js:8540:13)
      at attemptBackupWrite (src/scripts/storage.js:8617:26)
      at saveJSONToStorage (src/scripts/storage.js:15374:3)
      at Object.saveAutoGearPresets (tests/unit/storage.test.js:2451:5)

  console.log
    DEBUG: getSafeLocalStorage returning object

      at Proxy.apply (src/scripts/modules/base.js:92:26)

  console.log
    DEBUG: getSafeLocalStorage returning object

      at Proxy.apply (src/scripts/modules/base.js:92:26)

  console.warn
    MOCK SET: cameraPowerPlanner_autoGearShowBackups = 1

      61 |       return undefined;
      62 |     }
    > 63 |     return originalFn(...args);
         |            ^
      64 |   };
      65 | };
      66 |

      at console.<anonymous> (tests/setup/jest.setup.cjs:63:12)
      at console.apply [as warn] (src/scripts/modules/base.js:92:26)
      at Proxy.apply (src/scripts/modules/base.js:92:26)
      at Proxy.apply (src/scripts/modules/base.js:92:26)
      at Proxy.apply (src/scripts/modules/base.js:92:26)
      at Object.warn (tests/unit/storage.test.js:11:15)
      at setItem (src/scripts/storage.js:8827:15)
      at saveFlagToStorage (src/scripts/storage.js:15643:3)
      at Object.saveAutoGearBackupVisibility (tests/unit/storage.test.js:2456:5)

  console.log
    DEBUG: getSafeLocalStorage returning object

      at Proxy.apply (src/scripts/modules/base.js:92:26)

  console.log
    DEBUG: getSafeLocalStorage returning object

      at Proxy.apply (src/scripts/modules/base.js:92:26)

  console.warn
    MOCK SET: cameraPowerPlanner_autoGearBackupRetention = 20

      61 |       return undefined;
      62 |     }
    > 63 |     return originalFn(...args);
         |            ^
      64 |   };
      65 | };
      66 |

      at console.<anonymous> (tests/setup/jest.setup.cjs:63:12)
      at console.apply [as warn] (src/scripts/modules/base.js:92:26)
      at Proxy.apply (src/scripts/modules/base.js:92:26)
      at Proxy.apply (src/scripts/modules/base.js:92:26)
      at Proxy.apply (src/scripts/modules/base.js:92:26)
      at Object.warn (tests/unit/storage.test.js:11:15)
      at setItem (src/scripts/storage.js:8463:17)
      at saveJSONToStorage (src/scripts/storage.js:15820:3)
      at Object.saveAutoGearBackupRetention (tests/unit/storage.test.js:2457:5)

  console.warn
    MOCK SET: cameraPowerPlanner_autoGearBackupRetention__backup = 20

      61 |       return undefined;
      62 |     }
    > 63 |     return originalFn(...args);
         |            ^
      64 |   };
      65 | };
      66 |

      at console.<anonymous> (tests/setup/jest.setup.cjs:63:12)
      at console.apply [as warn] (src/scripts/modules/base.js:92:26)
      at Proxy.apply (src/scripts/modules/base.js:92:26)
      at Proxy.apply (src/scripts/modules/base.js:92:26)
      at Proxy.apply (src/scripts/modules/base.js:92:26)
      at Object.warn (tests/unit/storage.test.js:11:15)
      at setItem (src/scripts/storage.js:8524:19)
      at tryStoreCandidate (src/scripts/storage.js:8540:13)
      at attemptBackupWrite (src/scripts/storage.js:8617:26)
      at saveJSONToStorage (src/scripts/storage.js:15820:3)
      at Object.saveAutoGearBackupRetention (tests/unit/storage.test.js:2457:5)

  console.log
    DEBUG: getSafeLocalStorage returning object

      at Proxy.apply (src/scripts/modules/base.js:92:26)

  console.log
    DEBUG: getSafeLocalStorage returning object

      at Proxy.apply (src/scripts/modules/base.js:92:26)

  console.log
    DEBUG: getSafeLocalStorage returning object

      at Proxy.apply (src/scripts/modules/base.js:92:26)

  console.log
    DEBUG: getSafeLocalStorage returning object

      at Proxy.apply (src/scripts/modules/base.js:92:26)

  console.log
    DEBUG: getSafeLocalStorage returning object

      at Proxy.apply (src/scripts/modules/base.js:92:26)

  console.log
    DEBUG: getSafeLocalStorage returning object

      at Proxy.apply (src/scripts/modules/base.js:92:26)

  console.log
    DEBUG: getSafeLocalStorage returning object

      at Proxy.apply (src/scripts/modules/base.js:92:26)

  console.log
    DEBUG: getSafeLocalStorage returning object

      at Proxy.apply (src/scripts/modules/base.js:92:26)

  console.log
    DEBUG: getSafeLocalStorage returning object

      at Proxy.apply (src/scripts/modules/base.js:92:26)

  console.log
    DEBUG: getSafeLocalStorage returning object

      at Proxy.apply (src/scripts/modules/base.js:92:26)

  console.log
    DEBUG: getSafeLocalStorage returning object

      at Proxy.apply (src/scripts/modules/base.js:92:26)

  console.log
    DEBUG: getSafeLocalStorage returning object

      at Proxy.apply (src/scripts/modules/base.js:92:26)

  console.log
    DEBUG: getSafeLocalStorage returning object

      at Proxy.apply (src/scripts/modules/base.js:92:26)

  console.log
    DEBUG: getSafeLocalStorage returning object

      at Proxy.apply (src/scripts/modules/base.js:92:26)

  console.log
    DEBUG: getSafeLocalStorage returning object

      at Proxy.apply (src/scripts/modules/base.js:92:26)

  console.log
    DEBUG: getSafeLocalStorage returning object

      at Proxy.apply (src/scripts/modules/base.js:92:26)

  console.log
    DEBUG: getSafeLocalStorage returning object

      at Proxy.apply (src/scripts/modules/base.js:92:26)

  console.log
    DEBUG: getSafeLocalStorage returning object

      at Proxy.apply (src/scripts/modules/base.js:92:26)

  console.log
    DEBUG: getSafeLocalStorage returning object

      at Proxy.apply (src/scripts/modules/base.js:92:26)

  console.log
    DEBUG: getSafeLocalStorage returning object

      at Proxy.apply (src/scripts/modules/base.js:92:26)

  console.log
    DEBUG: getSafeLocalStorage returning object

      at Proxy.apply (src/scripts/modules/base.js:92:26)

  console.log
    DEBUG: getSafeLocalStorage returning object

      at Proxy.apply (src/scripts/modules/base.js:92:26)

  console.log
    DEBUG: getSafeLocalStorage returning object

      at Proxy.apply (src/scripts/modules/base.js:92:26)

  console.log
    DEBUG: getSafeLocalStorage returning object

      at Proxy.apply (src/scripts/modules/base.js:92:26)

  console.log
    DEBUG: getSafeLocalStorage returning object

      at Proxy.apply (src/scripts/modules/base.js:92:26)

  console.log
    DEBUG: getSafeLocalStorage returning object

      at Proxy.apply (src/scripts/modules/base.js:92:26)

  console.log
    DEBUG: getSafeLocalStorage returning object

      at Proxy.apply (src/scripts/modules/base.js:92:26)

  console.log
    DEBUG: getSafeLocalStorage returning object

      at Proxy.apply (src/scripts/modules/base.js:92:26)

  console.log
    DEBUG: getSafeLocalStorage returning object

      at Proxy.apply (src/scripts/modules/base.js:92:26)

  console.log
    DEBUG: getSafeLocalStorage returning object

      at Proxy.apply (src/scripts/modules/base.js:92:26)

  console.log
    DEBUG: getSafeLocalStorage returning object

      at Proxy.apply (src/scripts/modules/base.js:92:26)

  console.log
    DEBUG: getSafeLocalStorage returning object

      at Proxy.apply (src/scripts/modules/base.js:92:26)

  console.log
    DEBUG: getSafeLocalStorage returning object

      at Proxy.apply (src/scripts/modules/base.js:92:26)

  console.log
    DEBUG: getSafeLocalStorage returning object

      at Proxy.apply (src/scripts/modules/base.js:92:26)

  console.log
    DEBUG: getSafeLocalStorage returning object

      at Proxy.apply (src/scripts/modules/base.js:92:26)

  console.log
    DEBUG: getSafeLocalStorage returning object

      at Proxy.apply (src/scripts/modules/base.js:92:26)

  console.log
    DEBUG: getSafeLocalStorage returning object

      at Proxy.apply (src/scripts/modules/base.js:92:26)

  console.log
    DEBUG: getSafeLocalStorage returning object

      at Proxy.apply (src/scripts/modules/base.js:92:26)

  console.log
    DEBUG: getSafeLocalStorage returning object

      at Proxy.apply (src/scripts/modules/base.js:92:26)

  console.log
    DEBUG: getSafeLocalStorage returning object

      at Proxy.apply (src/scripts/modules/base.js:92:26)

  console.log
    DEBUG: getSafeLocalStorage returning object

      at Proxy.apply (src/scripts/modules/base.js:92:26)

  console.log
    DEBUG: getSafeLocalStorage returning object

      at Proxy.apply (src/scripts/modules/base.js:92:26)

  console.log
    DEBUG: getSafeLocalStorage returning object

      at Proxy.apply (src/scripts/modules/base.js:92:26)

  console.log
    DEBUG: getSafeLocalStorage returning object

      at Proxy.apply (src/scripts/modules/base.js:92:26)

  console.log
    DEBUG: getSafeLocalStorage returning object

      at Proxy.apply (src/scripts/modules/base.js:92:26)

  console.log
    DEBUG: getSafeLocalStorage returning object

      at Proxy.apply (src/scripts/modules/base.js:92:26)

  console.log
    DEBUG: getSafeLocalStorage returning object

      at Proxy.apply (src/scripts/modules/base.js:92:26)

  console.log
    DEBUG: getSafeLocalStorage returning object

      at Proxy.apply (src/scripts/modules/base.js:92:26)

  console.warn
    MOCK SET: darkMode =  TRUE

      61 |       return undefined;
      62 |     }
    > 63 |     return originalFn(...args);
         |            ^
      64 |   };
      65 | };
      66 |

      at console.<anonymous> (tests/setup/jest.setup.cjs:63:12)
      at console.apply [as warn] (src/scripts/modules/base.js:92:26)
      at Proxy.apply (src/scripts/modules/base.js:92:26)
      at Proxy.apply (src/scripts/modules/base.js:92:26)
      at Proxy.apply (src/scripts/modules/base.js:92:26)
      at Object.warn (tests/unit/storage.test.js:11:15)
      at Object.setItem (tests/unit/storage.test.js:2506:18)

  console.warn
    MOCK SET: pinkMode = false

      61 |       return undefined;
      62 |     }
    > 63 |     return originalFn(...args);
         |            ^
      64 |   };
      65 | };
      66 |

      at console.<anonymous> (tests/setup/jest.setup.cjs:63:12)
      at console.apply [as warn] (src/scripts/modules/base.js:92:26)
      at Proxy.apply (src/scripts/modules/base.js:92:26)
      at Proxy.apply (src/scripts/modules/base.js:92:26)
      at Proxy.apply (src/scripts/modules/base.js:92:26)
      at Object.warn (tests/unit/storage.test.js:11:15)
      at Object.setItem (tests/unit/storage.test.js:2507:18)

  console.warn
    MOCK SET: highContrast = Yes

      61 |       return undefined;
      62 |     }
    > 63 |     return originalFn(...args);
         |            ^
      64 |   };
      65 | };
      66 |

      at console.<anonymous> (tests/setup/jest.setup.cjs:63:12)
      at console.apply [as warn] (src/scripts/modules/base.js:92:26)
      at Proxy.apply (src/scripts/modules/base.js:92:26)
      at Proxy.apply (src/scripts/modules/base.js:92:26)
      at Proxy.apply (src/scripts/modules/base.js:92:26)
      at Object.warn (tests/unit/storage.test.js:11:15)
      at Object.setItem (tests/unit/storage.test.js:2508:18)

  console.warn
    MOCK SET: reduceMotion =  OFF

      61 |       return undefined;
      62 |     }
    > 63 |     return originalFn(...args);
         |            ^
      64 |   };
      65 | };
      66 |

      at console.<anonymous> (tests/setup/jest.setup.cjs:63:12)
      at console.apply [as warn] (src/scripts/modules/base.js:92:26)
      at Proxy.apply (src/scripts/modules/base.js:92:26)
      at Proxy.apply (src/scripts/modules/base.js:92:26)
      at Proxy.apply (src/scripts/modules/base.js:92:26)
      at Object.warn (tests/unit/storage.test.js:11:15)
      at Object.setItem (tests/unit/storage.test.js:2509:18)

  console.log
    DEBUG: getSafeLocalStorage returning object

      at Proxy.apply (src/scripts/modules/base.js:92:26)

  console.log
    DEBUG: getSafeLocalStorage returning object

      at Proxy.apply (src/scripts/modules/base.js:92:26)

  console.log
    DEBUG: getSafeLocalStorage returning object

      at Proxy.apply (src/scripts/modules/base.js:92:26)

  console.log
    DEBUG: getSafeLocalStorage returning object

      at Proxy.apply (src/scripts/modules/base.js:92:26)

  console.log
    DEBUG: getSafeLocalStorage returning object

      at Proxy.apply (src/scripts/modules/base.js:92:26)

  console.log
    DEBUG: getSafeLocalStorage returning object

      at Proxy.apply (src/scripts/modules/base.js:92:26)

  console.log
    DEBUG: getSafeLocalStorage returning object

      at Proxy.apply (src/scripts/modules/base.js:92:26)

  console.log
    DEBUG: getSafeLocalStorage returning object

      at Proxy.apply (src/scripts/modules/base.js:92:26)

  console.log
    DEBUG: getSafeLocalStorage returning object

      at Proxy.apply (src/scripts/modules/base.js:92:26)

  console.log
    DEBUG: getSafeLocalStorage returning object

      at Proxy.apply (src/scripts/modules/base.js:92:26)

  console.log
    DEBUG: getSafeLocalStorage returning object

      at Proxy.apply (src/scripts/modules/base.js:92:26)

  console.log
    DEBUG: getSafeLocalStorage returning object

      at Proxy.apply (src/scripts/modules/base.js:92:26)

  console.log
    DEBUG: getSafeLocalStorage returning object

      at Proxy.apply (src/scripts/modules/base.js:92:26)

  console.log
    DEBUG: getSafeLocalStorage returning object

      at Proxy.apply (src/scripts/modules/base.js:92:26)

  console.log
    DEBUG: getSafeLocalStorage returning object

      at Proxy.apply (src/scripts/modules/base.js:92:26)

  console.log
    DEBUG: getSafeLocalStorage returning object

      at Proxy.apply (src/scripts/modules/base.js:92:26)

  console.log
    DEBUG: getSafeLocalStorage returning object

      at Proxy.apply (src/scripts/modules/base.js:92:26)

  console.log
    DEBUG: getSafeLocalStorage returning object

      at Proxy.apply (src/scripts/modules/base.js:92:26)

  console.log
    DEBUG: getSafeLocalStorage returning object

      at Proxy.apply (src/scripts/modules/base.js:92:26)

  console.log
    DEBUG: getSafeLocalStorage returning object

      at Proxy.apply (src/scripts/modules/base.js:92:26)

  console.log
    DEBUG: getSafeLocalStorage returning object

      at Proxy.apply (src/scripts/modules/base.js:92:26)

  console.log
    DEBUG: getSafeLocalStorage returning object

      at Proxy.apply (src/scripts/modules/base.js:92:26)

  console.log
    DEBUG: getSafeLocalStorage returning object

      at Proxy.apply (src/scripts/modules/base.js:92:26)

  console.log
    DEBUG: getSafeLocalStorage returning object

      at Proxy.apply (src/scripts/modules/base.js:92:26)

  console.log
    DEBUG: getSafeLocalStorage returning object

      at Proxy.apply (src/scripts/modules/base.js:92:26)

  console.log
    DEBUG: getSafeLocalStorage returning object

      at Proxy.apply (src/scripts/modules/base.js:92:26)

  console.log
    DEBUG: getSafeLocalStorage returning object

      at Proxy.apply (src/scripts/modules/base.js:92:26)

  console.log
    DEBUG: getSafeLocalStorage returning object

      at Proxy.apply (src/scripts/modules/base.js:92:26)

  console.log
    DEBUG: getSafeLocalStorage returning object

      at Proxy.apply (src/scripts/modules/base.js:92:26)

  console.log
    DEBUG: readLocalStorageValue fallback for relaxedSpacing

      at Proxy.apply (src/scripts/modules/base.js:92:26)

  console.log
    DEBUG: legacyStorage available: true

      at Proxy.apply (src/scripts/modules/base.js:92:26)

  console.log
    DEBUG: legacyValue for relaxedSpacing : null

      at Proxy.apply (src/scripts/modules/base.js:92:26)

  console.log
    DEBUG: getSafeLocalStorage returning object

      at Proxy.apply (src/scripts/modules/base.js:92:26)

  console.log
    DEBUG: readLocalStorageValue fallback for showAutoBackups

      at Proxy.apply (src/scripts/modules/base.js:92:26)

  console.log
    DEBUG: legacyStorage available: true

      at Proxy.apply (src/scripts/modules/base.js:92:26)

  console.log
    DEBUG: legacyValue for showAutoBackups : null

      at Proxy.apply (src/scripts/modules/base.js:92:26)

  console.log
    DEBUG: getSafeLocalStorage returning object

      at Proxy.apply (src/scripts/modules/base.js:92:26)

  console.log
    DEBUG: readLocalStorageValue fallback for accentColor

      at Proxy.apply (src/scripts/modules/base.js:92:26)

  console.log
    DEBUG: legacyStorage available: true

      at Proxy.apply (src/scripts/modules/base.js:92:26)

  console.log
    DEBUG: legacyValue for accentColor : null

      at Proxy.apply (src/scripts/modules/base.js:92:26)

  console.log
    DEBUG: getSafeLocalStorage returning object

      at Proxy.apply (src/scripts/modules/base.js:92:26)

  console.log
    DEBUG: readLocalStorageValue fallback for fontSize

      at Proxy.apply (src/scripts/modules/base.js:92:26)

  console.log
    DEBUG: legacyStorage available: true

      at Proxy.apply (src/scripts/modules/base.js:92:26)

  console.log
    DEBUG: legacyValue for fontSize : null

      at Proxy.apply (src/scripts/modules/base.js:92:26)

  console.log
    DEBUG: getSafeLocalStorage returning object

      at Proxy.apply (src/scripts/modules/base.js:92:26)

  console.log
    DEBUG: readLocalStorageValue fallback for fontFamily

      at Proxy.apply (src/scripts/modules/base.js:92:26)

  console.log
    DEBUG: legacyStorage available: true

      at Proxy.apply (src/scripts/modules/base.js:92:26)

  console.log
    DEBUG: legacyValue for fontFamily : null

      at Proxy.apply (src/scripts/modules/base.js:92:26)

  console.log
    DEBUG: getSafeLocalStorage returning object

      at Proxy.apply (src/scripts/modules/base.js:92:26)

  console.log
    DEBUG: readLocalStorageValue fallback for language

      at Proxy.apply (src/scripts/modules/base.js:92:26)

  console.log
    DEBUG: legacyStorage available: true

      at Proxy.apply (src/scripts/modules/base.js:92:26)

  console.log
    DEBUG: legacyValue for language : null

      at Proxy.apply (src/scripts/modules/base.js:92:26)

  console.log
    DEBUG: getSafeLocalStorage returning object

      at Proxy.apply (src/scripts/modules/base.js:92:26)

  console.log
    DEBUG: getSafeLocalStorage returning object

      at Proxy.apply (src/scripts/modules/base.js:92:26)

  console.log
    DEBUG: readLocalStorageValue fallback for iosPwaHelpShown

      at Proxy.apply (src/scripts/modules/base.js:92:26)

  console.log
    DEBUG: legacyStorage available: true

      at Proxy.apply (src/scripts/modules/base.js:92:26)

  console.log
    DEBUG: legacyValue for iosPwaHelpShown : null

      at Proxy.apply (src/scripts/modules/base.js:92:26)

  console.log
    DEBUG: getSafeLocalStorage returning object

      at Proxy.apply (src/scripts/modules/base.js:92:26)

  console.log
    DEBUG: getSafeLocalStorage returning object

      at Proxy.apply (src/scripts/modules/base.js:92:26)

  console.log
    DEBUG: getSafeLocalStorage returning object

      at Proxy.apply (src/scripts/modules/base.js:92:26)

  console.log
    DEBUG: getSafeLocalStorage returning object

      at Proxy.apply (src/scripts/modules/base.js:92:26)

  console.log
    DEBUG: getSafeLocalStorage returning object

      at Proxy.apply (src/scripts/modules/base.js:92:26)

  console.log
    DEBUG: getSafeLocalStorage returning object

      at Proxy.apply (src/scripts/modules/base.js:92:26)

  console.log
    DEBUG: getSafeLocalStorage returning object

      at Proxy.apply (src/scripts/modules/base.js:92:26)

  console.log
    DEBUG: getSafeLocalStorage returning object

      at Proxy.apply (src/scripts/modules/base.js:92:26)

  console.log
    DEBUG: getSafeLocalStorage returning object

      at Proxy.apply (src/scripts/modules/base.js:92:26)

  console.log
    DEBUG: getSafeLocalStorage returning object

      at Proxy.apply (src/scripts/modules/base.js:92:26)

  console.warn
    MOCK SET: cameraPowerPlanner_customFonts = [{"id":"font-keep","name":"Keep","data":"data:font

      61 |       return undefined;
      62 |     }
    > 63 |     return originalFn(...args);
         |            ^
      64 |   };
      65 | };
      66 |

      at console.<anonymous> (tests/setup/jest.setup.cjs:63:12)
      at console.apply [as warn] (src/scripts/modules/base.js:92:26)
      at Proxy.apply (src/scripts/modules/base.js:92:26)
      at Proxy.apply (src/scripts/modules/base.js:92:26)
      at Proxy.apply (src/scripts/modules/base.js:92:26)
      at Object.warn (tests/unit/storage.test.js:11:15)
      at Object.setItem (tests/unit/storage.test.js:2529:18)

  console.log
    DEBUG: getSafeLocalStorage returning object

      at Proxy.apply (src/scripts/modules/base.js:92:26)

  console.log
    DEBUG: getSafeLocalStorage returning object

      at Proxy.apply (src/scripts/modules/base.js:92:26)

  console.log
    DEBUG: getSafeLocalStorage returning object

      at Proxy.apply (src/scripts/modules/base.js:92:26)

  console.log
    DEBUG: getSafeLocalStorage returning object

      at Proxy.apply (src/scripts/modules/base.js:92:26)

  console.log
    DEBUG: getSafeLocalStorage returning object

      at Proxy.apply (src/scripts/modules/base.js:92:26)

  console.log
    DEBUG: getSafeLocalStorage returning object

      at Proxy.apply (src/scripts/modules/base.js:92:26)

  console.log
    DEBUG: getSafeLocalStorage returning object

      at Proxy.apply (src/scripts/modules/base.js:92:26)

  console.log
    DEBUG: getSafeLocalStorage returning object

      at Proxy.apply (src/scripts/modules/base.js:92:26)

  console.log
    DEBUG: getSafeLocalStorage returning object

      at Proxy.apply (src/scripts/modules/base.js:92:26)

  console.log
    DEBUG: getSafeLocalStorage returning object

      at Proxy.apply (src/scripts/modules/base.js:92:26)

  console.log
    DEBUG: getSafeLocalStorage returning object

      at Proxy.apply (src/scripts/modules/base.js:92:26)

  console.log
    DEBUG: getSafeLocalStorage returning object

      at Proxy.apply (src/scripts/modules/base.js:92:26)

  console.log
    DEBUG: getSafeLocalStorage returning object

      at Proxy.apply (src/scripts/modules/base.js:92:26)

  console.log
    DEBUG: getSafeLocalStorage returning object

      at Proxy.apply (src/scripts/modules/base.js:92:26)

  console.log
    DEBUG: getSafeLocalStorage returning object

      at Proxy.apply (src/scripts/modules/base.js:92:26)

  console.log
    DEBUG: getSafeLocalStorage returning object

      at Proxy.apply (src/scripts/modules/base.js:92:26)

  console.log
    DEBUG: getSafeLocalStorage returning object

      at Proxy.apply (src/scripts/modules/base.js:92:26)

  console.log
    DEBUG: getSafeLocalStorage returning object

      at Proxy.apply (src/scripts/modules/base.js:92:26)

  console.log
    DEBUG: getSafeLocalStorage returning object

      at Proxy.apply (src/scripts/modules/base.js:92:26)

  console.log
    DEBUG: getSafeLocalStorage returning object

      at Proxy.apply (src/scripts/modules/base.js:92:26)

  console.log
    DEBUG: getSafeLocalStorage returning object

      at Proxy.apply (src/scripts/modules/base.js:92:26)

  console.log
    DEBUG: getSafeLocalStorage returning object

      at Proxy.apply (src/scripts/modules/base.js:92:26)

  console.log
    DEBUG: getSafeLocalStorage returning object

      at Proxy.apply (src/scripts/modules/base.js:92:26)

  console.log
    DEBUG: getSafeLocalStorage returning object

      at Proxy.apply (src/scripts/modules/base.js:92:26)

  console.log
    DEBUG: getSafeLocalStorage returning object

      at Proxy.apply (src/scripts/modules/base.js:92:26)

  console.log
    DEBUG: readLocalStorageValue fallback for darkMode

      at Proxy.apply (src/scripts/modules/base.js:92:26)

  console.log
    DEBUG: legacyStorage available: true

      at Proxy.apply (src/scripts/modules/base.js:92:26)

  console.log
    DEBUG: legacyValue for darkMode : null

      at Proxy.apply (src/scripts/modules/base.js:92:26)

  console.log
    DEBUG: getSafeLocalStorage returning object

      at Proxy.apply (src/scripts/modules/base.js:92:26)

  console.log
    DEBUG: readLocalStorageValue fallback for pinkMode

      at Proxy.apply (src/scripts/modules/base.js:92:26)

  console.log
    DEBUG: legacyStorage available: true

      at Proxy.apply (src/scripts/modules/base.js:92:26)

  console.log
    DEBUG: legacyValue for pinkMode : null

      at Proxy.apply (src/scripts/modules/base.js:92:26)

  console.log
    DEBUG: getSafeLocalStorage returning object

      at Proxy.apply (src/scripts/modules/base.js:92:26)

  console.log
    DEBUG: readLocalStorageValue fallback for highContrast

      at Proxy.apply (src/scripts/modules/base.js:92:26)

  console.log
    DEBUG: legacyStorage available: true

      at Proxy.apply (src/scripts/modules/base.js:92:26)

  console.log
    DEBUG: legacyValue for highContrast : null

      at Proxy.apply (src/scripts/modules/base.js:92:26)

  console.log
    DEBUG: getSafeLocalStorage returning object

      at Proxy.apply (src/scripts/modules/base.js:92:26)

  console.log
    DEBUG: readLocalStorageValue fallback for reduceMotion

      at Proxy.apply (src/scripts/modules/base.js:92:26)

  console.log
    DEBUG: legacyStorage available: true

      at Proxy.apply (src/scripts/modules/base.js:92:26)

  console.log
    DEBUG: legacyValue for reduceMotion : null

      at Proxy.apply (src/scripts/modules/base.js:92:26)

  console.log
    DEBUG: getSafeLocalStorage returning object

      at Proxy.apply (src/scripts/modules/base.js:92:26)

  console.log
    DEBUG: readLocalStorageValue fallback for relaxedSpacing

      at Proxy.apply (src/scripts/modules/base.js:92:26)

  console.log
    DEBUG: legacyStorage available: true

      at Proxy.apply (src/scripts/modules/base.js:92:26)

  console.log
    DEBUG: legacyValue for relaxedSpacing : null

      at Proxy.apply (src/scripts/modules/base.js:92:26)

  console.log
    DEBUG: getSafeLocalStorage returning object

      at Proxy.apply (src/scripts/modules/base.js:92:26)

  console.log
    DEBUG: readLocalStorageValue fallback for showAutoBackups

      at Proxy.apply (src/scripts/modules/base.js:92:26)

  console.log
    DEBUG: legacyStorage available: true

      at Proxy.apply (src/scripts/modules/base.js:92:26)

  console.log
    DEBUG: legacyValue for showAutoBackups : null

      at Proxy.apply (src/scripts/modules/base.js:92:26)

  console.log
    DEBUG: getSafeLocalStorage returning object

      at Proxy.apply (src/scripts/modules/base.js:92:26)

  console.log
    DEBUG: readLocalStorageValue fallback for accentColor

      at Proxy.apply (src/scripts/modules/base.js:92:26)

  console.log
    DEBUG: legacyStorage available: true

      at Proxy.apply (src/scripts/modules/base.js:92:26)

  console.log
    DEBUG: legacyValue for accentColor : null

      at Proxy.apply (src/scripts/modules/base.js:92:26)

  console.log
    DEBUG: getSafeLocalStorage returning object

      at Proxy.apply (src/scripts/modules/base.js:92:26)

  console.log
    DEBUG: readLocalStorageValue fallback for fontSize

      at Proxy.apply (src/scripts/modules/base.js:92:26)

  console.log
    DEBUG: legacyStorage available: true

      at Proxy.apply (src/scripts/modules/base.js:92:26)

  console.log
    DEBUG: legacyValue for fontSize : null

      at Proxy.apply (src/scripts/modules/base.js:92:26)

  console.log
    DEBUG: getSafeLocalStorage returning object

      at Proxy.apply (src/scripts/modules/base.js:92:26)

  console.log
    DEBUG: readLocalStorageValue fallback for fontFamily

      at Proxy.apply (src/scripts/modules/base.js:92:26)

  console.log
    DEBUG: legacyStorage available: true

      at Proxy.apply (src/scripts/modules/base.js:92:26)

  console.log
    DEBUG: legacyValue for fontFamily : null

      at Proxy.apply (src/scripts/modules/base.js:92:26)

  console.log
    DEBUG: getSafeLocalStorage returning object

      at Proxy.apply (src/scripts/modules/base.js:92:26)

  console.log
    DEBUG: readLocalStorageValue fallback for language

      at Proxy.apply (src/scripts/modules/base.js:92:26)

  console.log
    DEBUG: legacyStorage available: true

      at Proxy.apply (src/scripts/modules/base.js:92:26)

  console.log
    DEBUG: legacyValue for language : null

      at Proxy.apply (src/scripts/modules/base.js:92:26)

  console.log
    DEBUG: getSafeLocalStorage returning object

      at Proxy.apply (src/scripts/modules/base.js:92:26)

  console.log
    DEBUG: getSafeLocalStorage returning object

      at Proxy.apply (src/scripts/modules/base.js:92:26)

  console.log
    DEBUG: readLocalStorageValue fallback for iosPwaHelpShown

      at Proxy.apply (src/scripts/modules/base.js:92:26)

  console.log
    DEBUG: legacyStorage available: true

      at Proxy.apply (src/scripts/modules/base.js:92:26)

  console.log
    DEBUG: legacyValue for iosPwaHelpShown : null

      at Proxy.apply (src/scripts/modules/base.js:92:26)

  console.log
    DEBUG: getSafeLocalStorage returning object

      at Proxy.apply (src/scripts/modules/base.js:92:26)

  console.log
    DEBUG: getSafeLocalStorage returning object

      at Proxy.apply (src/scripts/modules/base.js:92:26)

  console.log
    DEBUG: getSafeLocalStorage returning object

      at Proxy.apply (src/scripts/modules/base.js:92:26)

  console.log
    DEBUG: getSafeLocalStorage returning object

      at Proxy.apply (src/scripts/modules/base.js:92:26)

  console.log
    DEBUG: getSafeLocalStorage returning object

      at Proxy.apply (src/scripts/modules/base.js:92:26)

  console.log
    DEBUG: getSafeLocalStorage returning object

      at Proxy.apply (src/scripts/modules/base.js:92:26)

  console.log
    DEBUG: getSafeLocalStorage returning object

      at Proxy.apply (src/scripts/modules/base.js:92:26)

  console.log
    DEBUG: getSafeLocalStorage returning object

      at Proxy.apply (src/scripts/modules/base.js:92:26)

  console.log
    DEBUG: getSafeLocalStorage returning object

      at Proxy.apply (src/scripts/modules/base.js:92:26)

  console.log
    DEBUG: getSafeLocalStorage returning object

      at Proxy.apply (src/scripts/modules/base.js:92:26)

  console.warn
    MOCK SET: cameraPowerPlanner_customFonts__backup = [{"id":"font-backup","name":"Backup","data":"data:

      61 |       return undefined;
      62 |     }
    > 63 |     return originalFn(...args);
         |            ^
      64 |   };
      65 | };
      66 |

      at console.<anonymous> (tests/setup/jest.setup.cjs:63:12)
      at console.apply [as warn] (src/scripts/modules/base.js:92:26)
      at Proxy.apply (src/scripts/modules/base.js:92:26)
      at Proxy.apply (src/scripts/modules/base.js:92:26)
      at Proxy.apply (src/scripts/modules/base.js:92:26)
      at Object.warn (tests/unit/storage.test.js:11:15)
      at Object.setItem (tests/unit/storage.test.js:2543:18)

  console.log
    DEBUG: getSafeLocalStorage returning object

      at Proxy.apply (src/scripts/modules/base.js:92:26)

  console.log
    DEBUG: getSafeLocalStorage returning object

      at Proxy.apply (src/scripts/modules/base.js:92:26)

  console.log
    DEBUG: getSafeLocalStorage returning object

      at Proxy.apply (src/scripts/modules/base.js:92:26)

  console.log
    DEBUG: getSafeLocalStorage returning object

      at Proxy.apply (src/scripts/modules/base.js:92:26)

  console.log
    DEBUG: getSafeLocalStorage returning object

      at Proxy.apply (src/scripts/modules/base.js:92:26)

  console.log
    DEBUG: getSafeLocalStorage returning object

      at Proxy.apply (src/scripts/modules/base.js:92:26)

  console.log
    DEBUG: getSafeLocalStorage returning object

      at Proxy.apply (src/scripts/modules/base.js:92:26)

  console.log
    DEBUG: getSafeLocalStorage returning object

      at Proxy.apply (src/scripts/modules/base.js:92:26)

  console.log
    DEBUG: getSafeLocalStorage returning object

      at Proxy.apply (src/scripts/modules/base.js:92:26)

  console.log
    DEBUG: getSafeLocalStorage returning object

      at Proxy.apply (src/scripts/modules/base.js:92:26)

  console.log
    DEBUG: getSafeLocalStorage returning object

      at Proxy.apply (src/scripts/modules/base.js:92:26)

  console.log
    DEBUG: getSafeLocalStorage returning object

      at Proxy.apply (src/scripts/modules/base.js:92:26)

  console.log
    DEBUG: getSafeLocalStorage returning object

      at Proxy.apply (src/scripts/modules/base.js:92:26)

  console.log
    DEBUG: getSafeLocalStorage returning object

      at Proxy.apply (src/scripts/modules/base.js:92:26)

  console.log
    DEBUG: getSafeLocalStorage returning object

      at Proxy.apply (src/scripts/modules/base.js:92:26)

  console.log
    DEBUG: getSafeLocalStorage returning object

      at Proxy.apply (src/scripts/modules/base.js:92:26)

  console.log
    DEBUG: getSafeLocalStorage returning object

      at Proxy.apply (src/scripts/modules/base.js:92:26)

  console.log
    DEBUG: getSafeLocalStorage returning object

      at Proxy.apply (src/scripts/modules/base.js:92:26)

  console.log
    DEBUG: getSafeLocalStorage returning object

      at Proxy.apply (src/scripts/modules/base.js:92:26)

  console.log
    DEBUG: getSafeLocalStorage returning object

      at Proxy.apply (src/scripts/modules/base.js:92:26)

  console.log
    DEBUG: getSafeLocalStorage returning object

      at Proxy.apply (src/scripts/modules/base.js:92:26)

  console.log
    DEBUG: getSafeLocalStorage returning object

      at Proxy.apply (src/scripts/modules/base.js:92:26)

  console.log
    DEBUG: getSafeLocalStorage returning object

      at Proxy.apply (src/scripts/modules/base.js:92:26)

  console.log
    DEBUG: getSafeLocalStorage returning object

      at Proxy.apply (src/scripts/modules/base.js:92:26)

  console.log
    DEBUG: getSafeLocalStorage returning object

      at Proxy.apply (src/scripts/modules/base.js:92:26)

  console.log
    DEBUG: readLocalStorageValue fallback for darkMode

      at Proxy.apply (src/scripts/modules/base.js:92:26)

  console.log
    DEBUG: legacyStorage available: true

      at Proxy.apply (src/scripts/modules/base.js:92:26)

  console.log
    DEBUG: legacyValue for darkMode : null

      at Proxy.apply (src/scripts/modules/base.js:92:26)

  console.log
    DEBUG: getSafeLocalStorage returning object

      at Proxy.apply (src/scripts/modules/base.js:92:26)

  console.log
    DEBUG: readLocalStorageValue fallback for pinkMode

      at Proxy.apply (src/scripts/modules/base.js:92:26)

  console.log
    DEBUG: legacyStorage available: true

      at Proxy.apply (src/scripts/modules/base.js:92:26)

  console.log
    DEBUG: legacyValue for pinkMode : null

      at Proxy.apply (src/scripts/modules/base.js:92:26)

  console.log
    DEBUG: getSafeLocalStorage returning object

      at Proxy.apply (src/scripts/modules/base.js:92:26)

  console.log
    DEBUG: readLocalStorageValue fallback for highContrast

      at Proxy.apply (src/scripts/modules/base.js:92:26)

  console.log
    DEBUG: legacyStorage available: true

      at Proxy.apply (src/scripts/modules/base.js:92:26)

  console.log
    DEBUG: legacyValue for highContrast : null

      at Proxy.apply (src/scripts/modules/base.js:92:26)

  console.log
    DEBUG: getSafeLocalStorage returning object

      at Proxy.apply (src/scripts/modules/base.js:92:26)

  console.log
    DEBUG: readLocalStorageValue fallback for reduceMotion

      at Proxy.apply (src/scripts/modules/base.js:92:26)

  console.log
    DEBUG: legacyStorage available: true

      at Proxy.apply (src/scripts/modules/base.js:92:26)

  console.log
    DEBUG: legacyValue for reduceMotion : null

      at Proxy.apply (src/scripts/modules/base.js:92:26)

  console.log
    DEBUG: getSafeLocalStorage returning object

      at Proxy.apply (src/scripts/modules/base.js:92:26)

  console.log
    DEBUG: readLocalStorageValue fallback for relaxedSpacing

      at Proxy.apply (src/scripts/modules/base.js:92:26)

  console.log
    DEBUG: legacyStorage available: true

      at Proxy.apply (src/scripts/modules/base.js:92:26)

  console.log
    DEBUG: legacyValue for relaxedSpacing : null

      at Proxy.apply (src/scripts/modules/base.js:92:26)

  console.log
    DEBUG: getSafeLocalStorage returning object

      at Proxy.apply (src/scripts/modules/base.js:92:26)

  console.log
    DEBUG: readLocalStorageValue fallback for showAutoBackups

      at Proxy.apply (src/scripts/modules/base.js:92:26)

  console.log
    DEBUG: legacyStorage available: true

      at Proxy.apply (src/scripts/modules/base.js:92:26)

  console.log
    DEBUG: legacyValue for showAutoBackups : null

      at Proxy.apply (src/scripts/modules/base.js:92:26)

  console.log
    DEBUG: getSafeLocalStorage returning object

      at Proxy.apply (src/scripts/modules/base.js:92:26)

  console.log
    DEBUG: readLocalStorageValue fallback for accentColor

      at Proxy.apply (src/scripts/modules/base.js:92:26)

  console.log
    DEBUG: legacyStorage available: true

      at Proxy.apply (src/scripts/modules/base.js:92:26)

  console.log
    DEBUG: legacyValue for accentColor : null

      at Proxy.apply (src/scripts/modules/base.js:92:26)

  console.log
    DEBUG: getSafeLocalStorage returning object

      at Proxy.apply (src/scripts/modules/base.js:92:26)

  console.log
    DEBUG: readLocalStorageValue fallback for fontSize

      at Proxy.apply (src/scripts/modules/base.js:92:26)

  console.log
    DEBUG: legacyStorage available: true

      at Proxy.apply (src/scripts/modules/base.js:92:26)

  console.log
    DEBUG: legacyValue for fontSize : null

      at Proxy.apply (src/scripts/modules/base.js:92:26)

  console.log
    DEBUG: getSafeLocalStorage returning object

      at Proxy.apply (src/scripts/modules/base.js:92:26)

  console.log
    DEBUG: readLocalStorageValue fallback for fontFamily

      at Proxy.apply (src/scripts/modules/base.js:92:26)

  console.log
    DEBUG: legacyStorage available: true

      at Proxy.apply (src/scripts/modules/base.js:92:26)

  console.log
    DEBUG: legacyValue for fontFamily : null

      at Proxy.apply (src/scripts/modules/base.js:92:26)

  console.log
    DEBUG: getSafeLocalStorage returning object

      at Proxy.apply (src/scripts/modules/base.js:92:26)

  console.log
    DEBUG: readLocalStorageValue fallback for language

      at Proxy.apply (src/scripts/modules/base.js:92:26)

  console.log
    DEBUG: legacyStorage available: true

      at Proxy.apply (src/scripts/modules/base.js:92:26)

  console.log
    DEBUG: legacyValue for language : null

      at Proxy.apply (src/scripts/modules/base.js:92:26)

  console.log
    DEBUG: getSafeLocalStorage returning object

      at Proxy.apply (src/scripts/modules/base.js:92:26)

  console.log
    DEBUG: getSafeLocalStorage returning object

      at Proxy.apply (src/scripts/modules/base.js:92:26)

  console.log
    DEBUG: readLocalStorageValue fallback for iosPwaHelpShown

      at Proxy.apply (src/scripts/modules/base.js:92:26)

  console.log
    DEBUG: legacyStorage available: true

      at Proxy.apply (src/scripts/modules/base.js:92:26)

  console.log
    DEBUG: legacyValue for iosPwaHelpShown : null

      at Proxy.apply (src/scripts/modules/base.js:92:26)

  console.log
    DEBUG: getSafeLocalStorage returning object

      at Proxy.apply (src/scripts/modules/base.js:92:26)

  console.log
    DEBUG: getSafeLocalStorage returning object

      at Proxy.apply (src/scripts/modules/base.js:92:26)

  console.log
    DEBUG: getSafeLocalStorage returning object

      at Proxy.apply (src/scripts/modules/base.js:92:26)

  console.log
    DEBUG: getSafeLocalStorage returning object

      at Proxy.apply (src/scripts/modules/base.js:92:26)

  console.log
    DEBUG: getSafeLocalStorage returning object

      at Proxy.apply (src/scripts/modules/base.js:92:26)

  console.log
    DEBUG: getSafeLocalStorage returning object

      at Proxy.apply (src/scripts/modules/base.js:92:26)

  console.log
    DEBUG: getSafeLocalStorage returning object

      at Proxy.apply (src/scripts/modules/base.js:92:26)

  console.log
    DEBUG: getSafeLocalStorage returning object

      at Proxy.apply (src/scripts/modules/base.js:92:26)

  console.log
    DEBUG: getSafeLocalStorage returning object

      at Proxy.apply (src/scripts/modules/base.js:92:26)

  console.log
    DEBUG: getSafeLocalStorage returning object

      at Proxy.apply (src/scripts/modules/base.js:92:26)

  console.warn
    MOCK SET: customLogo__backup = data:image/svg+xml;base64,QkFDS1VQ

      61 |       return undefined;
      62 |     }
    > 63 |     return originalFn(...args);
         |            ^
      64 |   };
      65 | };
      66 |

      at console.<anonymous> (tests/setup/jest.setup.cjs:63:12)
      at console.apply [as warn] (src/scripts/modules/base.js:92:26)
      at Proxy.apply (src/scripts/modules/base.js:92:26)
      at Proxy.apply (src/scripts/modules/base.js:92:26)
      at Proxy.apply (src/scripts/modules/base.js:92:26)
      at Object.warn (tests/unit/storage.test.js:11:15)
      at Object.setItem (tests/unit/storage.test.js:2553:18)

  console.log
    DEBUG: getSafeLocalStorage returning object

      at Proxy.apply (src/scripts/modules/base.js:92:26)

  console.log
    DEBUG: getSafeLocalStorage returning object

      at Proxy.apply (src/scripts/modules/base.js:92:26)

  console.log
    DEBUG: getSafeLocalStorage returning object

      at Proxy.apply (src/scripts/modules/base.js:92:26)

  console.log
    DEBUG: getSafeLocalStorage returning object

      at Proxy.apply (src/scripts/modules/base.js:92:26)

  console.log
    DEBUG: getSafeLocalStorage returning object

      at Proxy.apply (src/scripts/modules/base.js:92:26)

  console.log
    DEBUG: getSafeLocalStorage returning object

      at Proxy.apply (src/scripts/modules/base.js:92:26)

  console.log
    DEBUG: getSafeLocalStorage returning object

      at Proxy.apply (src/scripts/modules/base.js:92:26)

  console.log
    DEBUG: getSafeLocalStorage returning object

      at Proxy.apply (src/scripts/modules/base.js:92:26)

  console.log
    DEBUG: getSafeLocalStorage returning object

      at Proxy.apply (src/scripts/modules/base.js:92:26)

  console.log
    DEBUG: getSafeLocalStorage returning object

      at Proxy.apply (src/scripts/modules/base.js:92:26)

  console.log
    DEBUG: getSafeLocalStorage returning object

      at Proxy.apply (src/scripts/modules/base.js:92:26)

  console.log
    DEBUG: getSafeLocalStorage returning object

      at Proxy.apply (src/scripts/modules/base.js:92:26)

  console.log
    DEBUG: getSafeLocalStorage returning object

      at Proxy.apply (src/scripts/modules/base.js:92:26)

  console.log
    DEBUG: getSafeLocalStorage returning object

      at Proxy.apply (src/scripts/modules/base.js:92:26)

  console.log
    DEBUG: getSafeLocalStorage returning object

      at Proxy.apply (src/scripts/modules/base.js:92:26)

  console.log
    DEBUG: getSafeLocalStorage returning object

      at Proxy.apply (src/scripts/modules/base.js:92:26)

  console.log
    DEBUG: getSafeLocalStorage returning object

      at Proxy.apply (src/scripts/modules/base.js:92:26)

  console.log
    DEBUG: getSafeLocalStorage returning object

      at Proxy.apply (src/scripts/modules/base.js:92:26)

  console.log
    DEBUG: getSafeLocalStorage returning object

      at Proxy.apply (src/scripts/modules/base.js:92:26)

  console.log
    DEBUG: getSafeLocalStorage returning object

      at Proxy.apply (src/scripts/modules/base.js:92:26)

  console.log
    DEBUG: getSafeLocalStorage returning object

      at Proxy.apply (src/scripts/modules/base.js:92:26)

  console.log
    DEBUG: getSafeLocalStorage returning object

      at Proxy.apply (src/scripts/modules/base.js:92:26)

  console.log
    DEBUG: getSafeLocalStorage returning object

      at Proxy.apply (src/scripts/modules/base.js:92:26)

  console.log
    DEBUG: getSafeLocalStorage returning object

      at Proxy.apply (src/scripts/modules/base.js:92:26)

  console.log
    DEBUG: getSafeLocalStorage returning object

      at Proxy.apply (src/scripts/modules/base.js:92:26)

  console.log
    DEBUG: readLocalStorageValue fallback for darkMode

      at Proxy.apply (src/scripts/modules/base.js:92:26)

  console.log
    DEBUG: legacyStorage available: true

      at Proxy.apply (src/scripts/modules/base.js:92:26)

  console.log
    DEBUG: legacyValue for darkMode : null

      at Proxy.apply (src/scripts/modules/base.js:92:26)

  console.log
    DEBUG: getSafeLocalStorage returning object

      at Proxy.apply (src/scripts/modules/base.js:92:26)

  console.log
    DEBUG: readLocalStorageValue fallback for pinkMode

      at Proxy.apply (src/scripts/modules/base.js:92:26)

  console.log
    DEBUG: legacyStorage available: true

      at Proxy.apply (src/scripts/modules/base.js:92:26)

  console.log
    DEBUG: legacyValue for pinkMode : null

      at Proxy.apply (src/scripts/modules/base.js:92:26)

  console.log
    DEBUG: getSafeLocalStorage returning object

      at Proxy.apply (src/scripts/modules/base.js:92:26)

  console.log
    DEBUG: readLocalStorageValue fallback for highContrast

      at Proxy.apply (src/scripts/modules/base.js:92:26)

  console.log
    DEBUG: legacyStorage available: true

      at Proxy.apply (src/scripts/modules/base.js:92:26)

  console.log
    DEBUG: legacyValue for highContrast : null

      at Proxy.apply (src/scripts/modules/base.js:92:26)

  console.log
    DEBUG: getSafeLocalStorage returning object

      at Proxy.apply (src/scripts/modules/base.js:92:26)

  console.log
    DEBUG: readLocalStorageValue fallback for reduceMotion

      at Proxy.apply (src/scripts/modules/base.js:92:26)

  console.log
    DEBUG: legacyStorage available: true

      at Proxy.apply (src/scripts/modules/base.js:92:26)

  console.log
    DEBUG: legacyValue for reduceMotion : null

      at Proxy.apply (src/scripts/modules/base.js:92:26)

  console.log
    DEBUG: getSafeLocalStorage returning object

      at Proxy.apply (src/scripts/modules/base.js:92:26)

  console.log
    DEBUG: readLocalStorageValue fallback for relaxedSpacing

      at Proxy.apply (src/scripts/modules/base.js:92:26)

  console.log
    DEBUG: legacyStorage available: true

      at Proxy.apply (src/scripts/modules/base.js:92:26)

  console.log
    DEBUG: legacyValue for relaxedSpacing : null

      at Proxy.apply (src/scripts/modules/base.js:92:26)

  console.log
    DEBUG: getSafeLocalStorage returning object

      at Proxy.apply (src/scripts/modules/base.js:92:26)

  console.log
    DEBUG: readLocalStorageValue fallback for showAutoBackups

      at Proxy.apply (src/scripts/modules/base.js:92:26)

  console.log
    DEBUG: legacyStorage available: true

      at Proxy.apply (src/scripts/modules/base.js:92:26)

  console.log
    DEBUG: legacyValue for showAutoBackups : null

      at Proxy.apply (src/scripts/modules/base.js:92:26)

  console.log
    DEBUG: getSafeLocalStorage returning object

      at Proxy.apply (src/scripts/modules/base.js:92:26)

  console.log
    DEBUG: readLocalStorageValue fallback for accentColor

      at Proxy.apply (src/scripts/modules/base.js:92:26)

  console.log
    DEBUG: legacyStorage available: true

      at Proxy.apply (src/scripts/modules/base.js:92:26)

  console.log
    DEBUG: legacyValue for accentColor : null

      at Proxy.apply (src/scripts/modules/base.js:92:26)

  console.log
    DEBUG: getSafeLocalStorage returning object

      at Proxy.apply (src/scripts/modules/base.js:92:26)

  console.log
    DEBUG: readLocalStorageValue fallback for fontSize

      at Proxy.apply (src/scripts/modules/base.js:92:26)

  console.log
    DEBUG: legacyStorage available: true

      at Proxy.apply (src/scripts/modules/base.js:92:26)

  console.log
    DEBUG: legacyValue for fontSize : null

      at Proxy.apply (src/scripts/modules/base.js:92:26)

  console.log
    DEBUG: getSafeLocalStorage returning object

      at Proxy.apply (src/scripts/modules/base.js:92:26)

  console.log
    DEBUG: readLocalStorageValue fallback for fontFamily

      at Proxy.apply (src/scripts/modules/base.js:92:26)

  console.log
    DEBUG: legacyStorage available: true

      at Proxy.apply (src/scripts/modules/base.js:92:26)

  console.log
    DEBUG: legacyValue for fontFamily : null

      at Proxy.apply (src/scripts/modules/base.js:92:26)

  console.log
    DEBUG: getSafeLocalStorage returning object

      at Proxy.apply (src/scripts/modules/base.js:92:26)

  console.log
    DEBUG: readLocalStorageValue fallback for language

      at Proxy.apply (src/scripts/modules/base.js:92:26)

  console.log
    DEBUG: legacyStorage available: true

      at Proxy.apply (src/scripts/modules/base.js:92:26)

  console.log
    DEBUG: legacyValue for language : null

      at Proxy.apply (src/scripts/modules/base.js:92:26)

  console.log
    DEBUG: getSafeLocalStorage returning object

      at Proxy.apply (src/scripts/modules/base.js:92:26)

  console.log
    DEBUG: getSafeLocalStorage returning object

      at Proxy.apply (src/scripts/modules/base.js:92:26)

  console.log
    DEBUG: readLocalStorageValue fallback for iosPwaHelpShown

      at Proxy.apply (src/scripts/modules/base.js:92:26)

  console.log
    DEBUG: legacyStorage available: true

      at Proxy.apply (src/scripts/modules/base.js:92:26)

  console.log
    DEBUG: legacyValue for iosPwaHelpShown : null

      at Proxy.apply (src/scripts/modules/base.js:92:26)

  console.log
    DEBUG: getSafeLocalStorage returning object

      at Proxy.apply (src/scripts/modules/base.js:92:26)

  console.log
    DEBUG: getSafeLocalStorage returning object

      at Proxy.apply (src/scripts/modules/base.js:92:26)

  console.log
    DEBUG: getSafeLocalStorage returning object

      at Proxy.apply (src/scripts/modules/base.js:92:26)

  console.log
    DEBUG: getSafeLocalStorage returning object

      at Proxy.apply (src/scripts/modules/base.js:92:26)

  console.log
    DEBUG: getSafeLocalStorage returning object

      at Proxy.apply (src/scripts/modules/base.js:92:26)

  console.log
    DEBUG: getSafeLocalStorage returning object

      at Proxy.apply (src/scripts/modules/base.js:92:26)

  console.log
    DEBUG: getSafeLocalStorage returning object

      at Proxy.apply (src/scripts/modules/base.js:92:26)

  console.log
    DEBUG: getSafeLocalStorage returning object

      at Proxy.apply (src/scripts/modules/base.js:92:26)

  console.log
    DEBUG: getSafeLocalStorage returning object

      at Proxy.apply (src/scripts/modules/base.js:92:26)

  console.log
    DEBUG: getSafeLocalStorage returning object

      at Proxy.apply (src/scripts/modules/base.js:92:26)

  console.warn
    MOCK SET: cameraPowerPlanner_schemaCache = {"version":1,"checksum":"abc123"}

      61 |       return undefined;
      62 |     }
    > 63 |     return originalFn(...args);
         |            ^
      64 |   };
      65 | };
      66 |

      at console.<anonymous> (tests/setup/jest.setup.cjs:63:12)
      at console.apply [as warn] (src/scripts/modules/base.js:92:26)
      at Proxy.apply (src/scripts/modules/base.js:92:26)
      at Proxy.apply (src/scripts/modules/base.js:92:26)
      at Proxy.apply (src/scripts/modules/base.js:92:26)
      at Object.warn (tests/unit/storage.test.js:11:15)
      at Object.setItem (tests/unit/storage.test.js:2562:18)

  console.log
    DEBUG: getSafeLocalStorage returning object

      at Proxy.apply (src/scripts/modules/base.js:92:26)

  console.log
    DEBUG: getSafeLocalStorage returning object

      at Proxy.apply (src/scripts/modules/base.js:92:26)

  console.log
    DEBUG: getSafeLocalStorage returning object

      at Proxy.apply (src/scripts/modules/base.js:92:26)

  console.log
    DEBUG: getSafeLocalStorage returning object

      at Proxy.apply (src/scripts/modules/base.js:92:26)

  console.log
    DEBUG: getSafeLocalStorage returning object

      at Proxy.apply (src/scripts/modules/base.js:92:26)

  console.log
    DEBUG: getSafeLocalStorage returning object

      at Proxy.apply (src/scripts/modules/base.js:92:26)

  console.log
    DEBUG: getSafeLocalStorage returning object

      at Proxy.apply (src/scripts/modules/base.js:92:26)

  console.log
    DEBUG: getSafeLocalStorage returning object

      at Proxy.apply (src/scripts/modules/base.js:92:26)

  console.log
    DEBUG: getSafeLocalStorage returning object

      at Proxy.apply (src/scripts/modules/base.js:92:26)

  console.log
    DEBUG: getSafeLocalStorage returning object

      at Proxy.apply (src/scripts/modules/base.js:92:26)

  console.log
    DEBUG: getSafeLocalStorage returning object

      at Proxy.apply (src/scripts/modules/base.js:92:26)

  console.log
    DEBUG: getSafeLocalStorage returning object

      at Proxy.apply (src/scripts/modules/base.js:92:26)

  console.log
    DEBUG: getSafeLocalStorage returning object

      at Proxy.apply (src/scripts/modules/base.js:92:26)

  console.log
    DEBUG: getSafeLocalStorage returning object

      at Proxy.apply (src/scripts/modules/base.js:92:26)

  console.log
    DEBUG: getSafeLocalStorage returning object

      at Proxy.apply (src/scripts/modules/base.js:92:26)

  console.log
    DEBUG: getSafeLocalStorage returning object

      at Proxy.apply (src/scripts/modules/base.js:92:26)

  console.log
    DEBUG: getSafeLocalStorage returning object

      at Proxy.apply (src/scripts/modules/base.js:92:26)

  console.log
    DEBUG: getSafeLocalStorage returning object

      at Proxy.apply (src/scripts/modules/base.js:92:26)

  console.log
    DEBUG: getSafeLocalStorage returning object

      at Proxy.apply (src/scripts/modules/base.js:92:26)

  console.log
    DEBUG: getSafeLocalStorage returning object

      at Proxy.apply (src/scripts/modules/base.js:92:26)

  console.log
    DEBUG: getSafeLocalStorage returning object

      at Proxy.apply (src/scripts/modules/base.js:92:26)

  console.log
    DEBUG: getSafeLocalStorage returning object

      at Proxy.apply (src/scripts/modules/base.js:92:26)

  console.log
    DEBUG: getSafeLocalStorage returning object

      at Proxy.apply (src/scripts/modules/base.js:92:26)

  console.log
    DEBUG: getSafeLocalStorage returning object

      at Proxy.apply (src/scripts/modules/base.js:92:26)

  console.log
    DEBUG: getSafeLocalStorage returning object

      at Proxy.apply (src/scripts/modules/base.js:92:26)

  console.log
    DEBUG: readLocalStorageValue fallback for darkMode

      at Proxy.apply (src/scripts/modules/base.js:92:26)

  console.log
    DEBUG: legacyStorage available: true

      at Proxy.apply (src/scripts/modules/base.js:92:26)

  console.log
    DEBUG: legacyValue for darkMode : null

      at Proxy.apply (src/scripts/modules/base.js:92:26)

  console.log
    DEBUG: getSafeLocalStorage returning object

      at Proxy.apply (src/scripts/modules/base.js:92:26)

  console.log
    DEBUG: readLocalStorageValue fallback for pinkMode

      at Proxy.apply (src/scripts/modules/base.js:92:26)

  console.log
    DEBUG: legacyStorage available: true

      at Proxy.apply (src/scripts/modules/base.js:92:26)

  console.log
    DEBUG: legacyValue for pinkMode : null

      at Proxy.apply (src/scripts/modules/base.js:92:26)

  console.log
    DEBUG: getSafeLocalStorage returning object

      at Proxy.apply (src/scripts/modules/base.js:92:26)

  console.log
    DEBUG: readLocalStorageValue fallback for highContrast

      at Proxy.apply (src/scripts/modules/base.js:92:26)

  console.log
    DEBUG: legacyStorage available: true

      at Proxy.apply (src/scripts/modules/base.js:92:26)

  console.log
    DEBUG: legacyValue for highContrast : null

      at Proxy.apply (src/scripts/modules/base.js:92:26)

  console.log
    DEBUG: getSafeLocalStorage returning object

      at Proxy.apply (src/scripts/modules/base.js:92:26)

  console.log
    DEBUG: readLocalStorageValue fallback for reduceMotion

      at Proxy.apply (src/scripts/modules/base.js:92:26)

  console.log
    DEBUG: legacyStorage available: true

      at Proxy.apply (src/scripts/modules/base.js:92:26)

  console.log
    DEBUG: legacyValue for reduceMotion : null

      at Proxy.apply (src/scripts/modules/base.js:92:26)

  console.log
    DEBUG: getSafeLocalStorage returning object

      at Proxy.apply (src/scripts/modules/base.js:92:26)

  console.log
    DEBUG: readLocalStorageValue fallback for relaxedSpacing

      at Proxy.apply (src/scripts/modules/base.js:92:26)

  console.log
    DEBUG: legacyStorage available: true

      at Proxy.apply (src/scripts/modules/base.js:92:26)

  console.log
    DEBUG: legacyValue for relaxedSpacing : null

      at Proxy.apply (src/scripts/modules/base.js:92:26)

  console.log
    DEBUG: getSafeLocalStorage returning object

      at Proxy.apply (src/scripts/modules/base.js:92:26)

  console.log
    DEBUG: readLocalStorageValue fallback for showAutoBackups

      at Proxy.apply (src/scripts/modules/base.js:92:26)

  console.log
    DEBUG: legacyStorage available: true

      at Proxy.apply (src/scripts/modules/base.js:92:26)

  console.log
    DEBUG: legacyValue for showAutoBackups : null

      at Proxy.apply (src/scripts/modules/base.js:92:26)

  console.log
    DEBUG: getSafeLocalStorage returning object

      at Proxy.apply (src/scripts/modules/base.js:92:26)

  console.log
    DEBUG: readLocalStorageValue fallback for accentColor

      at Proxy.apply (src/scripts/modules/base.js:92:26)

  console.log
    DEBUG: legacyStorage available: true

      at Proxy.apply (src/scripts/modules/base.js:92:26)

  console.log
    DEBUG: legacyValue for accentColor : null

      at Proxy.apply (src/scripts/modules/base.js:92:26)

  console.log
    DEBUG: getSafeLocalStorage returning object

      at Proxy.apply (src/scripts/modules/base.js:92:26)

  console.log
    DEBUG: readLocalStorageValue fallback for fontSize

      at Proxy.apply (src/scripts/modules/base.js:92:26)

  console.log
    DEBUG: legacyStorage available: true

      at Proxy.apply (src/scripts/modules/base.js:92:26)

  console.log
    DEBUG: legacyValue for fontSize : null

      at Proxy.apply (src/scripts/modules/base.js:92:26)

  console.log
    DEBUG: getSafeLocalStorage returning object

      at Proxy.apply (src/scripts/modules/base.js:92:26)

  console.log
    DEBUG: readLocalStorageValue fallback for fontFamily

      at Proxy.apply (src/scripts/modules/base.js:92:26)

  console.log
    DEBUG: legacyStorage available: true

      at Proxy.apply (src/scripts/modules/base.js:92:26)

  console.log
    DEBUG: legacyValue for fontFamily : null

      at Proxy.apply (src/scripts/modules/base.js:92:26)

  console.log
    DEBUG: getSafeLocalStorage returning object

      at Proxy.apply (src/scripts/modules/base.js:92:26)

  console.log
    DEBUG: readLocalStorageValue fallback for language

      at Proxy.apply (src/scripts/modules/base.js:92:26)

  console.log
    DEBUG: legacyStorage available: true

      at Proxy.apply (src/scripts/modules/base.js:92:26)

  console.log
    DEBUG: legacyValue for language : null

      at Proxy.apply (src/scripts/modules/base.js:92:26)

  console.log
    DEBUG: getSafeLocalStorage returning object

      at Proxy.apply (src/scripts/modules/base.js:92:26)

  console.log
    DEBUG: getSafeLocalStorage returning object

      at Proxy.apply (src/scripts/modules/base.js:92:26)

  console.log
    DEBUG: readLocalStorageValue fallback for iosPwaHelpShown

      at Proxy.apply (src/scripts/modules/base.js:92:26)

  console.log
    DEBUG: legacyStorage available: true

      at Proxy.apply (src/scripts/modules/base.js:92:26)

  console.log
    DEBUG: legacyValue for iosPwaHelpShown : null

      at Proxy.apply (src/scripts/modules/base.js:92:26)

  console.log
    DEBUG: getSafeLocalStorage returning object

      at Proxy.apply (src/scripts/modules/base.js:92:26)

  console.log
    DEBUG: getSafeLocalStorage returning object

      at Proxy.apply (src/scripts/modules/base.js:92:26)

  console.log
    DEBUG: getSafeLocalStorage returning object

      at Proxy.apply (src/scripts/modules/base.js:92:26)

  console.log
    DEBUG: getSafeLocalStorage returning object

      at Proxy.apply (src/scripts/modules/base.js:92:26)

  console.log
    DEBUG: getSafeLocalStorage returning object

      at Proxy.apply (src/scripts/modules/base.js:92:26)

  console.log
    DEBUG: getSafeLocalStorage returning object

      at Proxy.apply (src/scripts/modules/base.js:92:26)

  console.log
    DEBUG: getSafeLocalStorage returning object

      at Proxy.apply (src/scripts/modules/base.js:92:26)

  console.log
    DEBUG: getSafeLocalStorage returning object

      at Proxy.apply (src/scripts/modules/base.js:92:26)

  console.log
    DEBUG: getSafeLocalStorage returning object

      at Proxy.apply (src/scripts/modules/base.js:92:26)

  console.log
    DEBUG: getSafeLocalStorage returning object

      at Proxy.apply (src/scripts/modules/base.js:92:26)

  console.warn
    MOCK SET: cineRentalPrintSections = {"sections":{"project":false,"devices":true,"diagr

      61 |       return undefined;
      62 |     }
    > 63 |     return originalFn(...args);
         |            ^
      64 |   };
      65 | };
      66 |

      at console.<anonymous> (tests/setup/jest.setup.cjs:63:12)
      at console.apply [as warn] (src/scripts/modules/base.js:92:26)
      at Proxy.apply (src/scripts/modules/base.js:92:26)
      at Proxy.apply (src/scripts/modules/base.js:92:26)
      at Proxy.apply (src/scripts/modules/base.js:92:26)
      at Object.warn (tests/unit/storage.test.js:11:15)
      at Object.setItem (tests/unit/storage.test.js:2581:18)

  console.log
    DEBUG: getSafeLocalStorage returning object

      at Proxy.apply (src/scripts/modules/base.js:92:26)

  console.log
    DEBUG: getSafeLocalStorage returning object

      at Proxy.apply (src/scripts/modules/base.js:92:26)

  console.log
    DEBUG: getSafeLocalStorage returning object

      at Proxy.apply (src/scripts/modules/base.js:92:26)

  console.log
    DEBUG: getSafeLocalStorage returning object

      at Proxy.apply (src/scripts/modules/base.js:92:26)

  console.log
    DEBUG: getSafeLocalStorage returning object

      at Proxy.apply (src/scripts/modules/base.js:92:26)

  console.log
    DEBUG: getSafeLocalStorage returning object

      at Proxy.apply (src/scripts/modules/base.js:92:26)

  console.log
    DEBUG: getSafeLocalStorage returning object

      at Proxy.apply (src/scripts/modules/base.js:92:26)

  console.log
    DEBUG: getSafeLocalStorage returning object

      at Proxy.apply (src/scripts/modules/base.js:92:26)

  console.log
    DEBUG: getSafeLocalStorage returning object

      at Proxy.apply (src/scripts/modules/base.js:92:26)

  console.log
    DEBUG: getSafeLocalStorage returning object

      at Proxy.apply (src/scripts/modules/base.js:92:26)

  console.log
    DEBUG: getSafeLocalStorage returning object

      at Proxy.apply (src/scripts/modules/base.js:92:26)

  console.log
    DEBUG: getSafeLocalStorage returning object

      at Proxy.apply (src/scripts/modules/base.js:92:26)

  console.log
    DEBUG: getSafeLocalStorage returning object

      at Proxy.apply (src/scripts/modules/base.js:92:26)

  console.log
    DEBUG: getSafeLocalStorage returning object

      at Proxy.apply (src/scripts/modules/base.js:92:26)

  console.log
    DEBUG: getSafeLocalStorage returning object

      at Proxy.apply (src/scripts/modules/base.js:92:26)

  console.log
    DEBUG: getSafeLocalStorage returning object

      at Proxy.apply (src/scripts/modules/base.js:92:26)

  console.log
    DEBUG: getSafeLocalStorage returning object

      at Proxy.apply (src/scripts/modules/base.js:92:26)

  console.log
    DEBUG: getSafeLocalStorage returning object

      at Proxy.apply (src/scripts/modules/base.js:92:26)

  console.log
    DEBUG: getSafeLocalStorage returning object

      at Proxy.apply (src/scripts/modules/base.js:92:26)

  console.log
    DEBUG: getSafeLocalStorage returning object

      at Proxy.apply (src/scripts/modules/base.js:92:26)

  console.log
    DEBUG: getSafeLocalStorage returning object

      at Proxy.apply (src/scripts/modules/base.js:92:26)

  console.log
    DEBUG: getSafeLocalStorage returning object

      at Proxy.apply (src/scripts/modules/base.js:92:26)

  console.log
    DEBUG: getSafeLocalStorage returning object

      at Proxy.apply (src/scripts/modules/base.js:92:26)

  console.log
    DEBUG: getSafeLocalStorage returning object

      at Proxy.apply (src/scripts/modules/base.js:92:26)

  console.log
    DEBUG: getSafeLocalStorage returning object

      at Proxy.apply (src/scripts/modules/base.js:92:26)

  console.log
    DEBUG: readLocalStorageValue fallback for darkMode

      at Proxy.apply (src/scripts/modules/base.js:92:26)

  console.log
    DEBUG: legacyStorage available: true

      at Proxy.apply (src/scripts/modules/base.js:92:26)

  console.log
    DEBUG: legacyValue for darkMode : null

      at Proxy.apply (src/scripts/modules/base.js:92:26)

  console.log
    DEBUG: getSafeLocalStorage returning object

      at Proxy.apply (src/scripts/modules/base.js:92:26)

  console.log
    DEBUG: readLocalStorageValue fallback for pinkMode

      at Proxy.apply (src/scripts/modules/base.js:92:26)

  console.log
    DEBUG: legacyStorage available: true

      at Proxy.apply (src/scripts/modules/base.js:92:26)

  console.log
    DEBUG: legacyValue for pinkMode : null

      at Proxy.apply (src/scripts/modules/base.js:92:26)

  console.log
    DEBUG: getSafeLocalStorage returning object

      at Proxy.apply (src/scripts/modules/base.js:92:26)

  console.log
    DEBUG: readLocalStorageValue fallback for highContrast

      at Proxy.apply (src/scripts/modules/base.js:92:26)

  console.log
    DEBUG: legacyStorage available: true

      at Proxy.apply (src/scripts/modules/base.js:92:26)

  console.log
    DEBUG: legacyValue for highContrast : null

      at Proxy.apply (src/scripts/modules/base.js:92:26)

  console.log
    DEBUG: getSafeLocalStorage returning object

      at Proxy.apply (src/scripts/modules/base.js:92:26)

  console.log
    DEBUG: readLocalStorageValue fallback for reduceMotion

      at Proxy.apply (src/scripts/modules/base.js:92:26)

  console.log
    DEBUG: legacyStorage available: true

      at Proxy.apply (src/scripts/modules/base.js:92:26)

  console.log
    DEBUG: legacyValue for reduceMotion : null

      at Proxy.apply (src/scripts/modules/base.js:92:26)

  console.log
    DEBUG: getSafeLocalStorage returning object

      at Proxy.apply (src/scripts/modules/base.js:92:26)

  console.log
    DEBUG: readLocalStorageValue fallback for relaxedSpacing

      at Proxy.apply (src/scripts/modules/base.js:92:26)

  console.log
    DEBUG: legacyStorage available: true

      at Proxy.apply (src/scripts/modules/base.js:92:26)

  console.log
    DEBUG: legacyValue for relaxedSpacing : null

      at Proxy.apply (src/scripts/modules/base.js:92:26)

  console.log
    DEBUG: getSafeLocalStorage returning object

      at Proxy.apply (src/scripts/modules/base.js:92:26)

  console.log
    DEBUG: readLocalStorageValue fallback for showAutoBackups

      at Proxy.apply (src/scripts/modules/base.js:92:26)

  console.log
    DEBUG: legacyStorage available: true

      at Proxy.apply (src/scripts/modules/base.js:92:26)

  console.log
    DEBUG: legacyValue for showAutoBackups : null

      at Proxy.apply (src/scripts/modules/base.js:92:26)

  console.log
    DEBUG: getSafeLocalStorage returning object

      at Proxy.apply (src/scripts/modules/base.js:92:26)

  console.log
    DEBUG: readLocalStorageValue fallback for accentColor

      at Proxy.apply (src/scripts/modules/base.js:92:26)

  console.log
    DEBUG: legacyStorage available: true

      at Proxy.apply (src/scripts/modules/base.js:92:26)

  console.log
    DEBUG: legacyValue for accentColor : null

      at Proxy.apply (src/scripts/modules/base.js:92:26)

  console.log
    DEBUG: getSafeLocalStorage returning object

      at Proxy.apply (src/scripts/modules/base.js:92:26)

  console.log
    DEBUG: readLocalStorageValue fallback for fontSize

      at Proxy.apply (src/scripts/modules/base.js:92:26)

  console.log
    DEBUG: legacyStorage available: true

      at Proxy.apply (src/scripts/modules/base.js:92:26)

  console.log
    DEBUG: legacyValue for fontSize : null

      at Proxy.apply (src/scripts/modules/base.js:92:26)

  console.log
    DEBUG: getSafeLocalStorage returning object

      at Proxy.apply (src/scripts/modules/base.js:92:26)

  console.log
    DEBUG: readLocalStorageValue fallback for fontFamily

      at Proxy.apply (src/scripts/modules/base.js:92:26)

  console.log
    DEBUG: legacyStorage available: true

      at Proxy.apply (src/scripts/modules/base.js:92:26)

  console.log
    DEBUG: legacyValue for fontFamily : null

      at Proxy.apply (src/scripts/modules/base.js:92:26)

  console.log
    DEBUG: getSafeLocalStorage returning object

      at Proxy.apply (src/scripts/modules/base.js:92:26)

  console.log
    DEBUG: readLocalStorageValue fallback for language

      at Proxy.apply (src/scripts/modules/base.js:92:26)

  console.log
    DEBUG: legacyStorage available: true

      at Proxy.apply (src/scripts/modules/base.js:92:26)

  console.log
    DEBUG: legacyValue for language : null

      at Proxy.apply (src/scripts/modules/base.js:92:26)

  console.log
    DEBUG: getSafeLocalStorage returning object

      at Proxy.apply (src/scripts/modules/base.js:92:26)

  console.log
    DEBUG: getSafeLocalStorage returning object

      at Proxy.apply (src/scripts/modules/base.js:92:26)

  console.log
    DEBUG: readLocalStorageValue fallback for iosPwaHelpShown

      at Proxy.apply (src/scripts/modules/base.js:92:26)

  console.log
    DEBUG: legacyStorage available: true

      at Proxy.apply (src/scripts/modules/base.js:92:26)

  console.log
    DEBUG: legacyValue for iosPwaHelpShown : null

      at Proxy.apply (src/scripts/modules/base.js:92:26)

  console.log
    DEBUG: getSafeLocalStorage returning object

      at Proxy.apply (src/scripts/modules/base.js:92:26)

  console.log
    DEBUG: getSafeLocalStorage returning object

      at Proxy.apply (src/scripts/modules/base.js:92:26)

  console.log
    DEBUG: getSafeLocalStorage returning object

      at Proxy.apply (src/scripts/modules/base.js:92:26)

  console.log
    DEBUG: getSafeLocalStorage returning object

      at Proxy.apply (src/scripts/modules/base.js:92:26)

  console.log
    DEBUG: getSafeLocalStorage returning object

      at Proxy.apply (src/scripts/modules/base.js:92:26)

  console.log
    DEBUG: getSafeLocalStorage returning object

      at Proxy.apply (src/scripts/modules/base.js:92:26)

  console.log
    DEBUG: getSafeLocalStorage returning object

      at Proxy.apply (src/scripts/modules/base.js:92:26)

  console.log
    DEBUG: getSafeLocalStorage returning object

      at Proxy.apply (src/scripts/modules/base.js:92:26)

  console.log
    DEBUG: getSafeLocalStorage returning object

      at Proxy.apply (src/scripts/modules/base.js:92:26)

  console.log
    DEBUG: getSafeLocalStorage returning object

      at Proxy.apply (src/scripts/modules/base.js:92:26)

  console.error
    DEBUG: importAllData CALLED [ 'preferences' ]

      61 |       return undefined;
      62 |     }
    > 63 |     return originalFn(...args);
         |            ^
      64 |   };
      65 | };
      66 |

      at console.<anonymous> (tests/setup/jest.setup.cjs:63:12)
      at Proxy.apply (src/scripts/modules/base.js:92:26)
      at error (src/scripts/storage.js:17633:11)
      at Object.importAllData (tests/unit/storage.test.js:2594:7)

  console.log
    DEBUG: getSafeLocalStorage returning object

      at Proxy.apply (src/scripts/modules/base.js:92:26)

  console.error
    DEBUG: safeSetLocalStorage EXEC cineRentalPrintSections {"sections":{"project":false,"devices":true,"diagram":false},"layout":"rental"}

      61 |       return undefined;
      62 |     }
    > 63 |     return originalFn(...args);
         |            ^
      64 |   };
      65 | };
      66 |

      at console.<anonymous> (tests/setup/jest.setup.cjs:63:12)
      at Proxy.apply (src/scripts/modules/base.js:92:26)
      at error (src/scripts/storage.js:16657:11)
      at safeSetLocalStorage (src/scripts/storage.js:17794:17)
      at Object.importAllData (tests/unit/storage.test.js:2594:7)

  console.log
    DEBUG: isIndexedDB calculated: true

      at Proxy.apply (src/scripts/modules/base.js:92:26)

  console.warn
    Unable to persist storage key during import cineRentalPrintSections ReferenceError: AUTO_GEAR_SHOW_BACKUPS_STORAGE_KEY is not defined
        at AUTO_GEAR_SHOW_BACKUPS_STORAGE_KEY (/Users/lucazanner/Documents/GitHub/cine-power-planner/src/scripts/storage.js:16809:9)
        at safeSetLocalStorage (/Users/lucazanner/Documents/GitHub/cine-power-planner/src/scripts/storage.js:17794:17)
        at Object.importAllData (/Users/lucazanner/Documents/GitHub/cine-power-planner/tests/unit/storage.test.js:2594:7)
        at Promise.finally.completed (/Users/lucazanner/Documents/GitHub/cine-power-planner/node_modules/jest-circus/build/jestAdapterInit.js:1557:28)
        at new Promise (<anonymous>)
        at callAsyncCircusFn (/Users/lucazanner/Documents/GitHub/cine-power-planner/node_modules/jest-circus/build/jestAdapterInit.js:1497:10)
        at _callCircusTest (/Users/lucazanner/Documents/GitHub/cine-power-planner/node_modules/jest-circus/build/jestAdapterInit.js:1007:40)
        at _runTest (/Users/lucazanner/Documents/GitHub/cine-power-planner/node_modules/jest-circus/build/jestAdapterInit.js:947:3)
        at /Users/lucazanner/Documents/GitHub/cine-power-planner/node_modules/jest-circus/build/jestAdapterInit.js:849:7
        at _runTestsForDescribeBlock (/Users/lucazanner/Documents/GitHub/cine-power-planner/node_modules/jest-circus/build/jestAdapterInit.js:862:11)
        at _runTestsForDescribeBlock (/Users/lucazanner/Documents/GitHub/cine-power-planner/node_modules/jest-circus/build/jestAdapterInit.js:857:11)
        at run (/Users/lucazanner/Documents/GitHub/cine-power-planner/node_modules/jest-circus/build/jestAdapterInit.js:761:3)
        at runAndTransformResultsToJestFormat (/Users/lucazanner/Documents/GitHub/cine-power-planner/node_modules/jest-circus/build/jestAdapterInit.js:1918:21)
        at jestAdapter (/Users/lucazanner/Documents/GitHub/cine-power-planner/node_modules/jest-circus/build/runner.js:101:19)
        at runTestInternal (/Users/lucazanner/Documents/GitHub/cine-power-planner/node_modules/jest-runner/build/index.js:275:16)
        at runTest (/Users/lucazanner/Documents/GitHub/cine-power-planner/node_modules/jest-runner/build/index.js:343:7)

      61 |       return undefined;
      62 |     }
    > 63 |     return originalFn(...args);
         |            ^
      64 |   };
      65 | };
      66 |

      at console.<anonymous> (tests/setup/jest.setup.cjs:63:12)
      at console.apply [as warn] (src/scripts/modules/base.js:92:26)
      at Proxy.apply (src/scripts/modules/base.js:92:26)
      at Proxy.apply (src/scripts/modules/base.js:92:26)
      at Proxy.apply (src/scripts/modules/base.js:92:26)
      at warn (src/scripts/storage.js:16818:13)
      at safeSetLocalStorage (src/scripts/storage.js:17794:17)
      at Object.importAllData (tests/unit/storage.test.js:2594:7)

  console.warn
    MOCK SET: __storage_test__ = 1

      61 |       return undefined;
      62 |     }
    > 63 |     return originalFn(...args);
         |            ^
      64 |   };
      65 | };
      66 |

      at console.<anonymous> (tests/setup/jest.setup.cjs:63:12)
      at console.apply [as warn] (src/scripts/modules/base.js:92:26)
      at Proxy.apply (src/scripts/modules/base.js:92:26)
      at Proxy.apply (src/scripts/modules/base.js:92:26)
      at Proxy.apply (src/scripts/modules/base.js:92:26)
      at Object.warn (tests/unit/storage.test.js:11:15)
      at setItem (src/scripts/storage.js:5846:13)
      at verifyStorage (src/scripts/storage.js:6155:26)
      at downgradeSafeLocalStorageToMemory (src/scripts/storage.js:16819:5)
      at safeSetLocalStorage (src/scripts/storage.js:17794:17)
      at Object.importAllData (tests/unit/storage.test.js:2594:7)

  console.warn
    Downgraded planner storage to sessionStorage after write access errors. ReferenceError: AUTO_GEAR_SHOW_BACKUPS_STORAGE_KEY is not defined
        at AUTO_GEAR_SHOW_BACKUPS_STORAGE_KEY (/Users/lucazanner/Documents/GitHub/cine-power-planner/src/scripts/storage.js:16809:9)
        at safeSetLocalStorage (/Users/lucazanner/Documents/GitHub/cine-power-planner/src/scripts/storage.js:17794:17)
        at Object.importAllData (/Users/lucazanner/Documents/GitHub/cine-power-planner/tests/unit/storage.test.js:2594:7)
        at Promise.finally.completed (/Users/lucazanner/Documents/GitHub/cine-power-planner/node_modules/jest-circus/build/jestAdapterInit.js:1557:28)
        at new Promise (<anonymous>)
        at callAsyncCircusFn (/Users/lucazanner/Documents/GitHub/cine-power-planner/node_modules/jest-circus/build/jestAdapterInit.js:1497:10)
        at _callCircusTest (/Users/lucazanner/Documents/GitHub/cine-power-planner/node_modules/jest-circus/build/jestAdapterInit.js:1007:40)
        at _runTest (/Users/lucazanner/Documents/GitHub/cine-power-planner/node_modules/jest-circus/build/jestAdapterInit.js:947:3)
        at /Users/lucazanner/Documents/GitHub/cine-power-planner/node_modules/jest-circus/build/jestAdapterInit.js:849:7
        at _runTestsForDescribeBlock (/Users/lucazanner/Documents/GitHub/cine-power-planner/node_modules/jest-circus/build/jestAdapterInit.js:862:11)
        at _runTestsForDescribeBlock (/Users/lucazanner/Documents/GitHub/cine-power-planner/node_modules/jest-circus/build/jestAdapterInit.js:857:11)
        at run (/Users/lucazanner/Documents/GitHub/cine-power-planner/node_modules/jest-circus/build/jestAdapterInit.js:761:3)
        at runAndTransformResultsToJestFormat (/Users/lucazanner/Documents/GitHub/cine-power-planner/node_modules/jest-circus/build/jestAdapterInit.js:1918:21)
        at jestAdapter (/Users/lucazanner/Documents/GitHub/cine-power-planner/node_modules/jest-circus/build/runner.js:101:19)
        at runTestInternal (/Users/lucazanner/Documents/GitHub/cine-power-planner/node_modules/jest-runner/build/index.js:275:16)
        at runTest (/Users/lucazanner/Documents/GitHub/cine-power-planner/node_modules/jest-runner/build/index.js:343:7)

      61 |       return undefined;
      62 |     }
    > 63 |     return originalFn(...args);
         |            ^
      64 |   };
      65 | };
      66 |

      at console.<anonymous> (tests/setup/jest.setup.cjs:63:12)
      at console.apply [as warn] (src/scripts/modules/base.js:92:26)
      at Proxy.apply (src/scripts/modules/base.js:92:26)
      at Proxy.apply (src/scripts/modules/base.js:92:26)
      at Proxy.apply (src/scripts/modules/base.js:92:26)
      at warn (src/scripts/storage.js:6193:11)
      at downgradeSafeLocalStorageToMemory (src/scripts/storage.js:16819:5)
      at safeSetLocalStorage (src/scripts/storage.js:17794:17)
      at Object.importAllData (tests/unit/storage.test.js:2594:7)

  console.error
    DEBUG: importAllData CALLED [
      'devices',
      'setups',
      'session',
      'feedback',
      'project',
      'favorites',
      'autoGearRules',
      'autoGearBackups',
      'autoGearSeeded',
      'autoGearPresets',
      'autoGearActivePresetId',
      'autoGearAutoPresetId',
      'autoGearBackupRetention',
      'autoGearShowBackups',
      'preferences',
      'customLogo',
      'customFonts'
    ]

      61 |       return undefined;
      62 |     }
    > 63 |     return originalFn(...args);
         |            ^
      64 |   };
      65 | };
      66 |

      at console.<anonymous> (tests/setup/jest.setup.cjs:63:12)
      at Proxy.apply (src/scripts/modules/base.js:92:26)
      at error (src/scripts/storage.js:17633:11)
      at Object.importAllData (tests/unit/storage.test.js:2661:5)

  console.warn
    MOCK SET: __storage_test__ = 1

      61 |       return undefined;
      62 |     }
    > 63 |     return originalFn(...args);
         |            ^
      64 |   };
      65 | };
      66 |

      at console.<anonymous> (tests/setup/jest.setup.cjs:63:12)
      at console.apply [as warn] (src/scripts/modules/base.js:92:26)
      at Proxy.apply (src/scripts/modules/base.js:92:26)
      at Proxy.apply (src/scripts/modules/base.js:92:26)
      at Proxy.apply (src/scripts/modules/base.js:92:26)
      at Object.warn (tests/unit/storage.test.js:11:15)
      at setItem (src/scripts/storage.js:5846:13)
      at verifyStorage (src/scripts/storage.js:6228:18)
      at attemptLocalStorageUpgrade (src/scripts/storage.js:6286:5)
      at getSafeLocalStorage (src/scripts/storage.js:9450:23)
      at saveDeviceData (src/scripts/storage.js:17674:5)
      at Object.importAllData (tests/unit/storage.test.js:2661:5)

  console.log
    DEBUG: getSafeLocalStorage returning object

      at Proxy.apply (src/scripts/modules/base.js:92:26)

  console.log
    DEBUG: getSafeLocalStorage returning object

      at Proxy.apply (src/scripts/modules/base.js:92:26)

  console.warn
    MOCK SET: cameraPowerPlanner_devices = {"cameras":{},"monitors":{},"video":{},"viewfinder

      61 |       return undefined;
      62 |     }
    > 63 |     return originalFn(...args);
         |            ^
      64 |   };
      65 | };
      66 |

      at console.<anonymous> (tests/setup/jest.setup.cjs:63:12)
      at console.apply [as warn] (src/scripts/modules/base.js:92:26)
      at Proxy.apply (src/scripts/modules/base.js:92:26)
      at Proxy.apply (src/scripts/modules/base.js:92:26)
      at Proxy.apply (src/scripts/modules/base.js:92:26)
      at Object.warn (tests/unit/storage.test.js:11:15)
      at setItem (src/scripts/storage.js:8463:17)
      at saveJSONToStorage (src/scripts/storage.js:9469:3)
      at saveDeviceData (src/scripts/storage.js:17674:5)
      at Object.importAllData (tests/unit/storage.test.js:2661:5)

  console.warn
    MOCK SET: cameraPowerPlanner_devices__backup = {"cameras":{},"monitors":{},"video":{},"viewfinder

      61 |       return undefined;
      62 |     }
    > 63 |     return originalFn(...args);
         |            ^
      64 |   };
      65 | };
      66 |

      at console.<anonymous> (tests/setup/jest.setup.cjs:63:12)
      at console.apply [as warn] (src/scripts/modules/base.js:92:26)
      at Proxy.apply (src/scripts/modules/base.js:92:26)
      at Proxy.apply (src/scripts/modules/base.js:92:26)
      at Proxy.apply (src/scripts/modules/base.js:92:26)
      at Object.warn (tests/unit/storage.test.js:11:15)
      at setItem (src/scripts/storage.js:8524:19)
      at tryStoreCandidate (src/scripts/storage.js:8540:13)
      at attemptBackupWrite (src/scripts/storage.js:8617:26)
      at saveJSONToStorage (src/scripts/storage.js:9469:3)
      at saveDeviceData (src/scripts/storage.js:17674:5)
      at Object.importAllData (tests/unit/storage.test.js:2661:5)

  console.log
    DEBUG: getSafeLocalStorage returning object

      at Proxy.apply (src/scripts/modules/base.js:92:26)

  console.log
    DEBUG: getSafeLocalStorage returning object

      at Proxy.apply (src/scripts/modules/base.js:92:26)

  console.warn
    MOCK SET: cameraPowerPlanner_setups = {"A":{"foo":1}}

      61 |       return undefined;
      62 |     }
    > 63 |     return originalFn(...args);
         |            ^
      64 |   };
      65 | };
      66 |

      at console.<anonymous> (tests/setup/jest.setup.cjs:63:12)
      at console.apply [as warn] (src/scripts/modules/base.js:92:26)
      at Proxy.apply (src/scripts/modules/base.js:92:26)
      at Proxy.apply (src/scripts/modules/base.js:92:26)
      at Proxy.apply (src/scripts/modules/base.js:92:26)
      at Object.warn (tests/unit/storage.test.js:11:15)
      at setItem (src/scripts/storage.js:8463:17)
      at saveJSONToStorage (src/scripts/storage.js:9582:3)
      at saveSetups (src/scripts/storage.js:17677:5)
      at Object.importAllData (tests/unit/storage.test.js:2661:5)

  console.warn
    MOCK SET: cameraPowerPlanner_setups__backup = {"A":{"foo":1}}

      61 |       return undefined;
      62 |     }
    > 63 |     return originalFn(...args);
         |            ^
      64 |   };
      65 | };
      66 |

      at console.<anonymous> (tests/setup/jest.setup.cjs:63:12)
      at console.apply [as warn] (src/scripts/modules/base.js:92:26)
      at Proxy.apply (src/scripts/modules/base.js:92:26)
      at Proxy.apply (src/scripts/modules/base.js:92:26)
      at Proxy.apply (src/scripts/modules/base.js:92:26)
      at Object.warn (tests/unit/storage.test.js:11:15)
      at setItem (src/scripts/storage.js:8524:19)
      at tryStoreCandidate (src/scripts/storage.js:8540:13)
      at attemptBackupWrite (src/scripts/storage.js:8617:26)
      at saveJSONToStorage (src/scripts/storage.js:9582:3)
      at saveSetups (src/scripts/storage.js:17677:5)
      at Object.importAllData (tests/unit/storage.test.js:2661:5)

  console.log
    DEBUG: getSafeLocalStorage returning object

      at Proxy.apply (src/scripts/modules/base.js:92:26)

  console.log
    DEBUG: getSafeLocalStorage returning object

      at Proxy.apply (src/scripts/modules/base.js:92:26)

  console.warn
    MOCK SET: cameraPowerPlanner_session = {"camera":"CamA"}

      61 |       return undefined;
      62 |     }
    > 63 |     return originalFn(...args);
         |            ^
      64 |   };
      65 | };
      66 |

      at console.<anonymous> (tests/setup/jest.setup.cjs:63:12)
      at console.apply [as warn] (src/scripts/modules/base.js:92:26)
      at Proxy.apply (src/scripts/modules/base.js:92:26)
      at Proxy.apply (src/scripts/modules/base.js:92:26)
      at Proxy.apply (src/scripts/modules/base.js:92:26)
      at Object.warn (tests/unit/storage.test.js:11:15)
      at setItem (src/scripts/storage.js:8463:17)
      at saveJSONToStorage (src/scripts/storage.js:9314:3)
      at saveSessionState (src/scripts/storage.js:17680:5)
      at Object.importAllData (tests/unit/storage.test.js:2661:5)

  console.warn
    MOCK SET: cameraPowerPlanner_session__backup = {"camera":"CamA"}

      61 |       return undefined;
      62 |     }
    > 63 |     return originalFn(...args);
         |            ^
      64 |   };
      65 | };
      66 |

      at console.<anonymous> (tests/setup/jest.setup.cjs:63:12)
      at console.apply [as warn] (src/scripts/modules/base.js:92:26)
      at Proxy.apply (src/scripts/modules/base.js:92:26)
      at Proxy.apply (src/scripts/modules/base.js:92:26)
      at Proxy.apply (src/scripts/modules/base.js:92:26)
      at Object.warn (tests/unit/storage.test.js:11:15)
      at setItem (src/scripts/storage.js:8524:19)
      at tryStoreCandidate (src/scripts/storage.js:8540:13)
      at attemptBackupWrite (src/scripts/storage.js:8617:26)
      at saveJSONToStorage (src/scripts/storage.js:9314:3)
      at saveSessionState (src/scripts/storage.js:17680:5)
      at Object.importAllData (tests/unit/storage.test.js:2661:5)

  console.log
    DEBUG: getSafeLocalStorage returning object

      at Proxy.apply (src/scripts/modules/base.js:92:26)

  console.log
    DEBUG: getSafeLocalStorage returning object

      at Proxy.apply (src/scripts/modules/base.js:92:26)

  console.warn
    MOCK SET: cameraPowerPlanner_feedback = {"note":"hi"}

      61 |       return undefined;
      62 |     }
    > 63 |     return originalFn(...args);
         |            ^
      64 |   };
      65 | };
      66 |

      at console.<anonymous> (tests/setup/jest.setup.cjs:63:12)
      at console.apply [as warn] (src/scripts/modules/base.js:92:26)
      at Proxy.apply (src/scripts/modules/base.js:92:26)
      at Proxy.apply (src/scripts/modules/base.js:92:26)
      at Proxy.apply (src/scripts/modules/base.js:92:26)
      at Object.warn (tests/unit/storage.test.js:11:15)
      at setItem (src/scripts/storage.js:8463:17)
      at saveJSONToStorage (src/scripts/storage.js:14435:3)
      at saveFeedback (src/scripts/storage.js:17683:5)
      at Object.importAllData (tests/unit/storage.test.js:2661:5)

  console.warn
    MOCK SET: cameraPowerPlanner_feedback__backup = {"note":"hi"}

      61 |       return undefined;
      62 |     }
    > 63 |     return originalFn(...args);
         |            ^
      64 |   };
      65 | };
      66 |

      at console.<anonymous> (tests/setup/jest.setup.cjs:63:12)
      at console.apply [as warn] (src/scripts/modules/base.js:92:26)
      at Proxy.apply (src/scripts/modules/base.js:92:26)
      at Proxy.apply (src/scripts/modules/base.js:92:26)
      at Proxy.apply (src/scripts/modules/base.js:92:26)
      at Object.warn (tests/unit/storage.test.js:11:15)
      at setItem (src/scripts/storage.js:8524:19)
      at tryStoreCandidate (src/scripts/storage.js:8540:13)
      at attemptBackupWrite (src/scripts/storage.js:8617:26)
      at saveJSONToStorage (src/scripts/storage.js:14435:3)
      at saveFeedback (src/scripts/storage.js:17683:5)
      at Object.importAllData (tests/unit/storage.test.js:2661:5)

  console.log
    DEBUG: getSafeLocalStorage returning object

      at Proxy.apply (src/scripts/modules/base.js:92:26)

  console.log
    DEBUG: getSafeLocalStorage returning object

      at Proxy.apply (src/scripts/modules/base.js:92:26)

  console.warn
    MOCK SET: cameraPowerPlanner_favorites = {"cat":["B"]}

      61 |       return undefined;
      62 |     }
    > 63 |     return originalFn(...args);
         |            ^
      64 |   };
      65 | };
      66 |

      at console.<anonymous> (tests/setup/jest.setup.cjs:63:12)
      at console.apply [as warn] (src/scripts/modules/base.js:92:26)
      at Proxy.apply (src/scripts/modules/base.js:92:26)
      at Proxy.apply (src/scripts/modules/base.js:92:26)
      at Proxy.apply (src/scripts/modules/base.js:92:26)
      at Object.warn (tests/unit/storage.test.js:11:15)
      at setItem (src/scripts/storage.js:8463:17)
      at saveJSONToStorage (src/scripts/storage.js:14019:3)
      at saveFavorites (src/scripts/storage.js:17686:5)
      at Object.importAllData (tests/unit/storage.test.js:2661:5)

  console.warn
    MOCK SET: cameraPowerPlanner_favorites__backup = {"cat":["B"]}

      61 |       return undefined;
      62 |     }
    > 63 |     return originalFn(...args);
         |            ^
      64 |   };
      65 | };
      66 |

      at console.<anonymous> (tests/setup/jest.setup.cjs:63:12)
      at console.apply [as warn] (src/scripts/modules/base.js:92:26)
      at Proxy.apply (src/scripts/modules/base.js:92:26)
      at Proxy.apply (src/scripts/modules/base.js:92:26)
      at Proxy.apply (src/scripts/modules/base.js:92:26)
      at Object.warn (tests/unit/storage.test.js:11:15)
      at setItem (src/scripts/storage.js:8524:19)
      at tryStoreCandidate (src/scripts/storage.js:8540:13)
      at attemptBackupWrite (src/scripts/storage.js:8617:26)
      at saveJSONToStorage (src/scripts/storage.js:14019:3)
      at saveFavorites (src/scripts/storage.js:17686:5)
      at Object.importAllData (tests/unit/storage.test.js:2661:5)

  console.log
    DEBUG: getSafeLocalStorage returning object

      at Proxy.apply (src/scripts/modules/base.js:92:26)
          at Array.forEach (<anonymous>)

  console.error
    DEBUG: safeSetLocalStorage EXEC darkMode true

      61 |       return undefined;
      62 |     }
    > 63 |     return originalFn(...args);
         |            ^
      64 |   };
      65 | };
      66 |

      at console.<anonymous> (tests/setup/jest.setup.cjs:63:12)
      at Proxy.apply (src/scripts/modules/base.js:92:26)
      at error (src/scripts/storage.js:16657:11)
      at safeSetLocalStorage (src/scripts/storage.js:17729:9)
          at Array.forEach (<anonymous>)
      at forEach (src/scripts/storage.js:17727:18)
      at Object.importAllData (tests/unit/storage.test.js:2661:5)

  console.log
    DEBUG: isIndexedDB calculated: true

      at Proxy.apply (src/scripts/modules/base.js:92:26)
          at Array.forEach (<anonymous>)

  console.warn
    Unable to persist storage key during import darkMode ReferenceError: AUTO_GEAR_SHOW_BACKUPS_STORAGE_KEY is not defined
        at AUTO_GEAR_SHOW_BACKUPS_STORAGE_KEY (/Users/lucazanner/Documents/GitHub/cine-power-planner/src/scripts/storage.js:16809:9)
        at safeSetLocalStorage (/Users/lucazanner/Documents/GitHub/cine-power-planner/src/scripts/storage.js:17729:9)
        at Array.forEach (<anonymous>)
        at forEach (/Users/lucazanner/Documents/GitHub/cine-power-planner/src/scripts/storage.js:17727:18)
        at Object.importAllData (/Users/lucazanner/Documents/GitHub/cine-power-planner/tests/unit/storage.test.js:2661:5)
        at Promise.finally.completed (/Users/lucazanner/Documents/GitHub/cine-power-planner/node_modules/jest-circus/build/jestAdapterInit.js:1557:28)
        at new Promise (<anonymous>)
        at callAsyncCircusFn (/Users/lucazanner/Documents/GitHub/cine-power-planner/node_modules/jest-circus/build/jestAdapterInit.js:1497:10)
        at _callCircusTest (/Users/lucazanner/Documents/GitHub/cine-power-planner/node_modules/jest-circus/build/jestAdapterInit.js:1007:40)
        at _runTest (/Users/lucazanner/Documents/GitHub/cine-power-planner/node_modules/jest-circus/build/jestAdapterInit.js:947:3)
        at /Users/lucazanner/Documents/GitHub/cine-power-planner/node_modules/jest-circus/build/jestAdapterInit.js:849:7
        at _runTestsForDescribeBlock (/Users/lucazanner/Documents/GitHub/cine-power-planner/node_modules/jest-circus/build/jestAdapterInit.js:862:11)
        at _runTestsForDescribeBlock (/Users/lucazanner/Documents/GitHub/cine-power-planner/node_modules/jest-circus/build/jestAdapterInit.js:857:11)
        at run (/Users/lucazanner/Documents/GitHub/cine-power-planner/node_modules/jest-circus/build/jestAdapterInit.js:761:3)
        at runAndTransformResultsToJestFormat (/Users/lucazanner/Documents/GitHub/cine-power-planner/node_modules/jest-circus/build/jestAdapterInit.js:1918:21)
        at jestAdapter (/Users/lucazanner/Documents/GitHub/cine-power-planner/node_modules/jest-circus/build/runner.js:101:19)
        at runTestInternal (/Users/lucazanner/Documents/GitHub/cine-power-planner/node_modules/jest-runner/build/index.js:275:16)
        at runTest (/Users/lucazanner/Documents/GitHub/cine-power-planner/node_modules/jest-runner/build/index.js:343:7)

      61 |       return undefined;
      62 |     }
    > 63 |     return originalFn(...args);
         |            ^
      64 |   };
      65 | };
      66 |

      at console.<anonymous> (tests/setup/jest.setup.cjs:63:12)
      at console.apply [as warn] (src/scripts/modules/base.js:92:26)
      at Proxy.apply (src/scripts/modules/base.js:92:26)
      at Proxy.apply (src/scripts/modules/base.js:92:26)
      at Proxy.apply (src/scripts/modules/base.js:92:26)
      at warn (src/scripts/storage.js:16818:13)
      at safeSetLocalStorage (src/scripts/storage.js:17729:9)
          at Array.forEach (<anonymous>)
      at forEach (src/scripts/storage.js:17727:18)
      at Object.importAllData (tests/unit/storage.test.js:2661:5)

  console.warn
    MOCK SET: __storage_test__ = 1

      61 |       return undefined;
      62 |     }
    > 63 |     return originalFn(...args);
         |            ^
      64 |   };
      65 | };
      66 |

      at console.<anonymous> (tests/setup/jest.setup.cjs:63:12)
      at console.apply [as warn] (src/scripts/modules/base.js:92:26)
      at Proxy.apply (src/scripts/modules/base.js:92:26)
      at Proxy.apply (src/scripts/modules/base.js:92:26)
      at Proxy.apply (src/scripts/modules/base.js:92:26)
      at Object.warn (tests/unit/storage.test.js:11:15)
      at setItem (src/scripts/storage.js:5846:13)
      at verifyStorage (src/scripts/storage.js:6155:26)
      at downgradeSafeLocalStorageToMemory (src/scripts/storage.js:16819:5)
      at safeSetLocalStorage (src/scripts/storage.js:17729:9)
          at Array.forEach (<anonymous>)
      at forEach (src/scripts/storage.js:17727:18)
      at Object.importAllData (tests/unit/storage.test.js:2661:5)

  console.warn
    MOCK SET: cameraPowerPlanner_devices = {"cameras":{},"monitors":{},"video":{},"viewfinder

      61 |       return undefined;
      62 |     }
    > 63 |     return originalFn(...args);
         |            ^
      64 |   };
      65 | };
      66 |

      at console.<anonymous> (tests/setup/jest.setup.cjs:63:12)
      at console.apply [as warn] (src/scripts/modules/base.js:92:26)
      at Proxy.apply (src/scripts/modules/base.js:92:26)
      at Proxy.apply (src/scripts/modules/base.js:92:26)
      at Proxy.apply (src/scripts/modules/base.js:92:26)
      at Object.warn (tests/unit/storage.test.js:11:15)
      at setItem (src/scripts/storage.js:6179:25)
          at Array.forEach (<anonymous>)
      at forEach (src/scripts/storage.js:6172:25)
      at downgradeSafeLocalStorageToMemory (src/scripts/storage.js:16819:5)
      at safeSetLocalStorage (src/scripts/storage.js:17729:9)
          at Array.forEach (<anonymous>)
      at forEach (src/scripts/storage.js:17727:18)
      at Object.importAllData (tests/unit/storage.test.js:2661:5)

  console.warn
    MOCK SET: cameraPowerPlanner_devices__backup = {"cameras":{},"monitors":{},"video":{},"viewfinder

      61 |       return undefined;
      62 |     }
    > 63 |     return originalFn(...args);
         |            ^
      64 |   };
      65 | };
      66 |

      at console.<anonymous> (tests/setup/jest.setup.cjs:63:12)
      at console.apply [as warn] (src/scripts/modules/base.js:92:26)
      at Proxy.apply (src/scripts/modules/base.js:92:26)
      at Proxy.apply (src/scripts/modules/base.js:92:26)
      at Proxy.apply (src/scripts/modules/base.js:92:26)
      at Object.warn (tests/unit/storage.test.js:11:15)
      at setItem (src/scripts/storage.js:6179:25)
          at Array.forEach (<anonymous>)
      at forEach (src/scripts/storage.js:6172:25)
      at downgradeSafeLocalStorageToMemory (src/scripts/storage.js:16819:5)
      at safeSetLocalStorage (src/scripts/storage.js:17729:9)
          at Array.forEach (<anonymous>)
      at forEach (src/scripts/storage.js:17727:18)
      at Object.importAllData (tests/unit/storage.test.js:2661:5)

  console.warn
    MOCK SET: cameraPowerPlanner_setups = {"A":{"foo":1}}

      61 |       return undefined;
      62 |     }
    > 63 |     return originalFn(...args);
         |            ^
      64 |   };
      65 | };
      66 |

      at console.<anonymous> (tests/setup/jest.setup.cjs:63:12)
      at console.apply [as warn] (src/scripts/modules/base.js:92:26)
      at Proxy.apply (src/scripts/modules/base.js:92:26)
      at Proxy.apply (src/scripts/modules/base.js:92:26)
      at Proxy.apply (src/scripts/modules/base.js:92:26)
      at Object.warn (tests/unit/storage.test.js:11:15)
      at setItem (src/scripts/storage.js:6179:25)
          at Array.forEach (<anonymous>)
      at forEach (src/scripts/storage.js:6172:25)
      at downgradeSafeLocalStorageToMemory (src/scripts/storage.js:16819:5)
      at safeSetLocalStorage (src/scripts/storage.js:17729:9)
          at Array.forEach (<anonymous>)
      at forEach (src/scripts/storage.js:17727:18)
      at Object.importAllData (tests/unit/storage.test.js:2661:5)

  console.warn
    MOCK SET: cameraPowerPlanner_setups__backup = {"A":{"foo":1}}

      61 |       return undefined;
      62 |     }
    > 63 |     return originalFn(...args);
         |            ^
      64 |   };
      65 | };
      66 |

      at console.<anonymous> (tests/setup/jest.setup.cjs:63:12)
      at console.apply [as warn] (src/scripts/modules/base.js:92:26)
      at Proxy.apply (src/scripts/modules/base.js:92:26)
      at Proxy.apply (src/scripts/modules/base.js:92:26)
      at Proxy.apply (src/scripts/modules/base.js:92:26)
      at Object.warn (tests/unit/storage.test.js:11:15)
      at setItem (src/scripts/storage.js:6179:25)
          at Array.forEach (<anonymous>)
      at forEach (src/scripts/storage.js:6172:25)
      at downgradeSafeLocalStorageToMemory (src/scripts/storage.js:16819:5)
      at safeSetLocalStorage (src/scripts/storage.js:17729:9)
          at Array.forEach (<anonymous>)
      at forEach (src/scripts/storage.js:17727:18)
      at Object.importAllData (tests/unit/storage.test.js:2661:5)

  console.warn
    MOCK SET: cameraPowerPlanner_session = {"camera":"CamA"}

      61 |       return undefined;
      62 |     }
    > 63 |     return originalFn(...args);
         |            ^
      64 |   };
      65 | };
      66 |

      at console.<anonymous> (tests/setup/jest.setup.cjs:63:12)
      at console.apply [as warn] (src/scripts/modules/base.js:92:26)
      at Proxy.apply (src/scripts/modules/base.js:92:26)
      at Proxy.apply (src/scripts/modules/base.js:92:26)
      at Proxy.apply (src/scripts/modules/base.js:92:26)
      at Object.warn (tests/unit/storage.test.js:11:15)
      at setItem (src/scripts/storage.js:6179:25)
          at Array.forEach (<anonymous>)
      at forEach (src/scripts/storage.js:6172:25)
      at downgradeSafeLocalStorageToMemory (src/scripts/storage.js:16819:5)
      at safeSetLocalStorage (src/scripts/storage.js:17729:9)
          at Array.forEach (<anonymous>)
      at forEach (src/scripts/storage.js:17727:18)
      at Object.importAllData (tests/unit/storage.test.js:2661:5)

  console.warn
    MOCK SET: cameraPowerPlanner_session__backup = {"camera":"CamA"}

      61 |       return undefined;
      62 |     }
    > 63 |     return originalFn(...args);
         |            ^
      64 |   };
      65 | };
      66 |

      at console.<anonymous> (tests/setup/jest.setup.cjs:63:12)
      at console.apply [as warn] (src/scripts/modules/base.js:92:26)
      at Proxy.apply (src/scripts/modules/base.js:92:26)
      at Proxy.apply (src/scripts/modules/base.js:92:26)
      at Proxy.apply (src/scripts/modules/base.js:92:26)
      at Object.warn (tests/unit/storage.test.js:11:15)
      at setItem (src/scripts/storage.js:6179:25)
          at Array.forEach (<anonymous>)
      at forEach (src/scripts/storage.js:6172:25)
      at downgradeSafeLocalStorageToMemory (src/scripts/storage.js:16819:5)
      at safeSetLocalStorage (src/scripts/storage.js:17729:9)
          at Array.forEach (<anonymous>)
      at forEach (src/scripts/storage.js:17727:18)
      at Object.importAllData (tests/unit/storage.test.js:2661:5)

  console.warn
    MOCK SET: cameraPowerPlanner_feedback = {"note":"hi"}

      61 |       return undefined;
      62 |     }
    > 63 |     return originalFn(...args);
         |            ^
      64 |   };
      65 | };
      66 |

      at console.<anonymous> (tests/setup/jest.setup.cjs:63:12)
      at console.apply [as warn] (src/scripts/modules/base.js:92:26)
      at Proxy.apply (src/scripts/modules/base.js:92:26)
      at Proxy.apply (src/scripts/modules/base.js:92:26)
      at Proxy.apply (src/scripts/modules/base.js:92:26)
      at Object.warn (tests/unit/storage.test.js:11:15)
      at setItem (src/scripts/storage.js:6179:25)
          at Array.forEach (<anonymous>)
      at forEach (src/scripts/storage.js:6172:25)
      at downgradeSafeLocalStorageToMemory (src/scripts/storage.js:16819:5)
      at safeSetLocalStorage (src/scripts/storage.js:17729:9)
          at Array.forEach (<anonymous>)
      at forEach (src/scripts/storage.js:17727:18)
      at Object.importAllData (tests/unit/storage.test.js:2661:5)

  console.warn
    MOCK SET: cameraPowerPlanner_feedback__backup = {"note":"hi"}

      61 |       return undefined;
      62 |     }
    > 63 |     return originalFn(...args);
         |            ^
      64 |   };
      65 | };
      66 |

      at console.<anonymous> (tests/setup/jest.setup.cjs:63:12)
      at console.apply [as warn] (src/scripts/modules/base.js:92:26)
      at Proxy.apply (src/scripts/modules/base.js:92:26)
      at Proxy.apply (src/scripts/modules/base.js:92:26)
      at Proxy.apply (src/scripts/modules/base.js:92:26)
      at Object.warn (tests/unit/storage.test.js:11:15)
      at setItem (src/scripts/storage.js:6179:25)
          at Array.forEach (<anonymous>)
      at forEach (src/scripts/storage.js:6172:25)
      at downgradeSafeLocalStorageToMemory (src/scripts/storage.js:16819:5)
      at safeSetLocalStorage (src/scripts/storage.js:17729:9)
          at Array.forEach (<anonymous>)
      at forEach (src/scripts/storage.js:17727:18)
      at Object.importAllData (tests/unit/storage.test.js:2661:5)

  console.warn
    MOCK SET: cameraPowerPlanner_favorites = {"cat":["B"]}

      61 |       return undefined;
      62 |     }
    > 63 |     return originalFn(...args);
         |            ^
      64 |   };
      65 | };
      66 |

      at console.<anonymous> (tests/setup/jest.setup.cjs:63:12)
      at console.apply [as warn] (src/scripts/modules/base.js:92:26)
      at Proxy.apply (src/scripts/modules/base.js:92:26)
      at Proxy.apply (src/scripts/modules/base.js:92:26)
      at Proxy.apply (src/scripts/modules/base.js:92:26)
      at Object.warn (tests/unit/storage.test.js:11:15)
      at setItem (src/scripts/storage.js:6179:25)
          at Array.forEach (<anonymous>)
      at forEach (src/scripts/storage.js:6172:25)
      at downgradeSafeLocalStorageToMemory (src/scripts/storage.js:16819:5)
      at safeSetLocalStorage (src/scripts/storage.js:17729:9)
          at Array.forEach (<anonymous>)
      at forEach (src/scripts/storage.js:17727:18)
      at Object.importAllData (tests/unit/storage.test.js:2661:5)

  console.warn
    MOCK SET: cameraPowerPlanner_favorites__backup = {"cat":["B"]}

      61 |       return undefined;
      62 |     }
    > 63 |     return originalFn(...args);
         |            ^
      64 |   };
      65 | };
      66 |

      at console.<anonymous> (tests/setup/jest.setup.cjs:63:12)
      at console.apply [as warn] (src/scripts/modules/base.js:92:26)
      at Proxy.apply (src/scripts/modules/base.js:92:26)
      at Proxy.apply (src/scripts/modules/base.js:92:26)
      at Proxy.apply (src/scripts/modules/base.js:92:26)
      at Object.warn (tests/unit/storage.test.js:11:15)
      at setItem (src/scripts/storage.js:6179:25)
          at Array.forEach (<anonymous>)
      at forEach (src/scripts/storage.js:6172:25)
      at downgradeSafeLocalStorageToMemory (src/scripts/storage.js:16819:5)
      at safeSetLocalStorage (src/scripts/storage.js:17729:9)
          at Array.forEach (<anonymous>)
      at forEach (src/scripts/storage.js:17727:18)
      at Object.importAllData (tests/unit/storage.test.js:2661:5)

  console.warn
    Downgraded planner storage to sessionStorage after write access errors. ReferenceError: AUTO_GEAR_SHOW_BACKUPS_STORAGE_KEY is not defined
        at AUTO_GEAR_SHOW_BACKUPS_STORAGE_KEY (/Users/lucazanner/Documents/GitHub/cine-power-planner/src/scripts/storage.js:16809:9)
        at safeSetLocalStorage (/Users/lucazanner/Documents/GitHub/cine-power-planner/src/scripts/storage.js:17729:9)
        at Array.forEach (<anonymous>)
        at forEach (/Users/lucazanner/Documents/GitHub/cine-power-planner/src/scripts/storage.js:17727:18)
        at Object.importAllData (/Users/lucazanner/Documents/GitHub/cine-power-planner/tests/unit/storage.test.js:2661:5)
        at Promise.finally.completed (/Users/lucazanner/Documents/GitHub/cine-power-planner/node_modules/jest-circus/build/jestAdapterInit.js:1557:28)
        at new Promise (<anonymous>)
        at callAsyncCircusFn (/Users/lucazanner/Documents/GitHub/cine-power-planner/node_modules/jest-circus/build/jestAdapterInit.js:1497:10)
        at _callCircusTest (/Users/lucazanner/Documents/GitHub/cine-power-planner/node_modules/jest-circus/build/jestAdapterInit.js:1007:40)
        at _runTest (/Users/lucazanner/Documents/GitHub/cine-power-planner/node_modules/jest-circus/build/jestAdapterInit.js:947:3)
        at /Users/lucazanner/Documents/GitHub/cine-power-planner/node_modules/jest-circus/build/jestAdapterInit.js:849:7
        at _runTestsForDescribeBlock (/Users/lucazanner/Documents/GitHub/cine-power-planner/node_modules/jest-circus/build/jestAdapterInit.js:862:11)
        at _runTestsForDescribeBlock (/Users/lucazanner/Documents/GitHub/cine-power-planner/node_modules/jest-circus/build/jestAdapterInit.js:857:11)
        at run (/Users/lucazanner/Documents/GitHub/cine-power-planner/node_modules/jest-circus/build/jestAdapterInit.js:761:3)
        at runAndTransformResultsToJestFormat (/Users/lucazanner/Documents/GitHub/cine-power-planner/node_modules/jest-circus/build/jestAdapterInit.js:1918:21)
        at jestAdapter (/Users/lucazanner/Documents/GitHub/cine-power-planner/node_modules/jest-circus/build/runner.js:101:19)
        at runTestInternal (/Users/lucazanner/Documents/GitHub/cine-power-planner/node_modules/jest-runner/build/index.js:275:16)
        at runTest (/Users/lucazanner/Documents/GitHub/cine-power-planner/node_modules/jest-runner/build/index.js:343:7)

      61 |       return undefined;
      62 |     }
    > 63 |     return originalFn(...args);
         |            ^
      64 |   };
      65 | };
      66 |

      at console.<anonymous> (tests/setup/jest.setup.cjs:63:12)
      at console.apply [as warn] (src/scripts/modules/base.js:92:26)
      at Proxy.apply (src/scripts/modules/base.js:92:26)
      at Proxy.apply (src/scripts/modules/base.js:92:26)
      at Proxy.apply (src/scripts/modules/base.js:92:26)
      at warn (src/scripts/storage.js:6193:11)
      at downgradeSafeLocalStorageToMemory (src/scripts/storage.js:16819:5)
      at safeSetLocalStorage (src/scripts/storage.js:17729:9)
          at Array.forEach (<anonymous>)
      at forEach (src/scripts/storage.js:17727:18)
      at Object.importAllData (tests/unit/storage.test.js:2661:5)

  console.warn
    MOCK SET: __storage_test__ = 1

      61 |       return undefined;
      62 |     }
    > 63 |     return originalFn(...args);
         |            ^
      64 |   };
      65 | };
      66 |

      at console.<anonymous> (tests/setup/jest.setup.cjs:63:12)
      at console.apply [as warn] (src/scripts/modules/base.js:92:26)
      at Proxy.apply (src/scripts/modules/base.js:92:26)
      at Proxy.apply (src/scripts/modules/base.js:92:26)
      at Proxy.apply (src/scripts/modules/base.js:92:26)
      at Object.warn (tests/unit/storage.test.js:11:15)
      at setItem (src/scripts/storage.js:5846:13)
      at verifyStorage (src/scripts/storage.js:6228:18)
      at attemptLocalStorageUpgrade (src/scripts/storage.js:6286:5)
      at getSafeLocalStorage (src/scripts/storage.js:16652:19)
      at safeSetLocalStorage (src/scripts/storage.js:17729:9)
          at Array.forEach (<anonymous>)
      at forEach (src/scripts/storage.js:17727:18)
      at Object.importAllData (tests/unit/storage.test.js:2661:5)

  console.log
    DEBUG: getSafeLocalStorage returning object

      at Proxy.apply (src/scripts/modules/base.js:92:26)
          at Array.forEach (<anonymous>)

  console.error
    DEBUG: safeSetLocalStorage EXEC pinkMode false

      61 |       return undefined;
      62 |     }
    > 63 |     return originalFn(...args);
         |            ^
      64 |   };
      65 | };
      66 |

      at console.<anonymous> (tests/setup/jest.setup.cjs:63:12)
      at Proxy.apply (src/scripts/modules/base.js:92:26)
      at error (src/scripts/storage.js:16657:11)
      at safeSetLocalStorage (src/scripts/storage.js:17729:9)
          at Array.forEach (<anonymous>)
      at forEach (src/scripts/storage.js:17727:18)
      at Object.importAllData (tests/unit/storage.test.js:2661:5)

  console.log
    DEBUG: isIndexedDB calculated: true

      at Proxy.apply (src/scripts/modules/base.js:92:26)
          at Array.forEach (<anonymous>)

  console.warn
    Unable to persist storage key during import pinkMode ReferenceError: AUTO_GEAR_SHOW_BACKUPS_STORAGE_KEY is not defined
        at AUTO_GEAR_SHOW_BACKUPS_STORAGE_KEY (/Users/lucazanner/Documents/GitHub/cine-power-planner/src/scripts/storage.js:16809:9)
        at safeSetLocalStorage (/Users/lucazanner/Documents/GitHub/cine-power-planner/src/scripts/storage.js:17729:9)
        at Array.forEach (<anonymous>)
        at forEach (/Users/lucazanner/Documents/GitHub/cine-power-planner/src/scripts/storage.js:17727:18)
        at Object.importAllData (/Users/lucazanner/Documents/GitHub/cine-power-planner/tests/unit/storage.test.js:2661:5)
        at Promise.finally.completed (/Users/lucazanner/Documents/GitHub/cine-power-planner/node_modules/jest-circus/build/jestAdapterInit.js:1557:28)
        at new Promise (<anonymous>)
        at callAsyncCircusFn (/Users/lucazanner/Documents/GitHub/cine-power-planner/node_modules/jest-circus/build/jestAdapterInit.js:1497:10)
        at _callCircusTest (/Users/lucazanner/Documents/GitHub/cine-power-planner/node_modules/jest-circus/build/jestAdapterInit.js:1007:40)
        at _runTest (/Users/lucazanner/Documents/GitHub/cine-power-planner/node_modules/jest-circus/build/jestAdapterInit.js:947:3)
        at /Users/lucazanner/Documents/GitHub/cine-power-planner/node_modules/jest-circus/build/jestAdapterInit.js:849:7
        at _runTestsForDescribeBlock (/Users/lucazanner/Documents/GitHub/cine-power-planner/node_modules/jest-circus/build/jestAdapterInit.js:862:11)
        at _runTestsForDescribeBlock (/Users/lucazanner/Documents/GitHub/cine-power-planner/node_modules/jest-circus/build/jestAdapterInit.js:857:11)
        at run (/Users/lucazanner/Documents/GitHub/cine-power-planner/node_modules/jest-circus/build/jestAdapterInit.js:761:3)
        at runAndTransformResultsToJestFormat (/Users/lucazanner/Documents/GitHub/cine-power-planner/node_modules/jest-circus/build/jestAdapterInit.js:1918:21)
        at jestAdapter (/Users/lucazanner/Documents/GitHub/cine-power-planner/node_modules/jest-circus/build/runner.js:101:19)
        at runTestInternal (/Users/lucazanner/Documents/GitHub/cine-power-planner/node_modules/jest-runner/build/index.js:275:16)
        at runTest (/Users/lucazanner/Documents/GitHub/cine-power-planner/node_modules/jest-runner/build/index.js:343:7)

      61 |       return undefined;
      62 |     }
    > 63 |     return originalFn(...args);
         |            ^
      64 |   };
      65 | };
      66 |

      at console.<anonymous> (tests/setup/jest.setup.cjs:63:12)
      at console.apply [as warn] (src/scripts/modules/base.js:92:26)
      at Proxy.apply (src/scripts/modules/base.js:92:26)
      at Proxy.apply (src/scripts/modules/base.js:92:26)
      at Proxy.apply (src/scripts/modules/base.js:92:26)
      at warn (src/scripts/storage.js:16818:13)
      at safeSetLocalStorage (src/scripts/storage.js:17729:9)
          at Array.forEach (<anonymous>)
      at forEach (src/scripts/storage.js:17727:18)
      at Object.importAllData (tests/unit/storage.test.js:2661:5)

  console.warn
    MOCK SET: __storage_test__ = 1

      61 |       return undefined;
      62 |     }
    > 63 |     return originalFn(...args);
         |            ^
      64 |   };
      65 | };
      66 |

      at console.<anonymous> (tests/setup/jest.setup.cjs:63:12)
      at console.apply [as warn] (src/scripts/modules/base.js:92:26)
      at Proxy.apply (src/scripts/modules/base.js:92:26)
      at Proxy.apply (src/scripts/modules/base.js:92:26)
      at Proxy.apply (src/scripts/modules/base.js:92:26)
      at Object.warn (tests/unit/storage.test.js:11:15)
      at setItem (src/scripts/storage.js:5846:13)
      at verifyStorage (src/scripts/storage.js:6155:26)
      at downgradeSafeLocalStorageToMemory (src/scripts/storage.js:16819:5)
      at safeSetLocalStorage (src/scripts/storage.js:17729:9)
          at Array.forEach (<anonymous>)
      at forEach (src/scripts/storage.js:17727:18)
      at Object.importAllData (tests/unit/storage.test.js:2661:5)

  console.warn
    MOCK SET: cameraPowerPlanner_devices = {"cameras":{},"monitors":{},"video":{},"viewfinder

      61 |       return undefined;
      62 |     }
    > 63 |     return originalFn(...args);
         |            ^
      64 |   };
      65 | };
      66 |

      at console.<anonymous> (tests/setup/jest.setup.cjs:63:12)
      at console.apply [as warn] (src/scripts/modules/base.js:92:26)
      at Proxy.apply (src/scripts/modules/base.js:92:26)
      at Proxy.apply (src/scripts/modules/base.js:92:26)
      at Proxy.apply (src/scripts/modules/base.js:92:26)
      at Object.warn (tests/unit/storage.test.js:11:15)
      at setItem (src/scripts/storage.js:6179:25)
          at Array.forEach (<anonymous>)
      at forEach (src/scripts/storage.js:6172:25)
      at downgradeSafeLocalStorageToMemory (src/scripts/storage.js:16819:5)
      at safeSetLocalStorage (src/scripts/storage.js:17729:9)
          at Array.forEach (<anonymous>)
      at forEach (src/scripts/storage.js:17727:18)
      at Object.importAllData (tests/unit/storage.test.js:2661:5)

  console.warn
    MOCK SET: cameraPowerPlanner_devices__backup = {"cameras":{},"monitors":{},"video":{},"viewfinder

      61 |       return undefined;
      62 |     }
    > 63 |     return originalFn(...args);
         |            ^
      64 |   };
      65 | };
      66 |

      at console.<anonymous> (tests/setup/jest.setup.cjs:63:12)
      at console.apply [as warn] (src/scripts/modules/base.js:92:26)
      at Proxy.apply (src/scripts/modules/base.js:92:26)
      at Proxy.apply (src/scripts/modules/base.js:92:26)
      at Proxy.apply (src/scripts/modules/base.js:92:26)
      at Object.warn (tests/unit/storage.test.js:11:15)
      at setItem (src/scripts/storage.js:6179:25)
          at Array.forEach (<anonymous>)
      at forEach (src/scripts/storage.js:6172:25)
      at downgradeSafeLocalStorageToMemory (src/scripts/storage.js:16819:5)
      at safeSetLocalStorage (src/scripts/storage.js:17729:9)
          at Array.forEach (<anonymous>)
      at forEach (src/scripts/storage.js:17727:18)
      at Object.importAllData (tests/unit/storage.test.js:2661:5)

  console.warn
    MOCK SET: cameraPowerPlanner_setups = {"A":{"foo":1}}

      61 |       return undefined;
      62 |     }
    > 63 |     return originalFn(...args);
         |            ^
      64 |   };
      65 | };
      66 |

      at console.<anonymous> (tests/setup/jest.setup.cjs:63:12)
      at console.apply [as warn] (src/scripts/modules/base.js:92:26)
      at Proxy.apply (src/scripts/modules/base.js:92:26)
      at Proxy.apply (src/scripts/modules/base.js:92:26)
      at Proxy.apply (src/scripts/modules/base.js:92:26)
      at Object.warn (tests/unit/storage.test.js:11:15)
      at setItem (src/scripts/storage.js:6179:25)
          at Array.forEach (<anonymous>)
      at forEach (src/scripts/storage.js:6172:25)
      at downgradeSafeLocalStorageToMemory (src/scripts/storage.js:16819:5)
      at safeSetLocalStorage (src/scripts/storage.js:17729:9)
          at Array.forEach (<anonymous>)
      at forEach (src/scripts/storage.js:17727:18)
      at Object.importAllData (tests/unit/storage.test.js:2661:5)

  console.warn
    MOCK SET: cameraPowerPlanner_setups__backup = {"A":{"foo":1}}

      61 |       return undefined;
      62 |     }
    > 63 |     return originalFn(...args);
         |            ^
      64 |   };
      65 | };
      66 |

      at console.<anonymous> (tests/setup/jest.setup.cjs:63:12)
      at console.apply [as warn] (src/scripts/modules/base.js:92:26)
      at Proxy.apply (src/scripts/modules/base.js:92:26)
      at Proxy.apply (src/scripts/modules/base.js:92:26)
      at Proxy.apply (src/scripts/modules/base.js:92:26)
      at Object.warn (tests/unit/storage.test.js:11:15)
      at setItem (src/scripts/storage.js:6179:25)
          at Array.forEach (<anonymous>)
      at forEach (src/scripts/storage.js:6172:25)
      at downgradeSafeLocalStorageToMemory (src/scripts/storage.js:16819:5)
      at safeSetLocalStorage (src/scripts/storage.js:17729:9)
          at Array.forEach (<anonymous>)
      at forEach (src/scripts/storage.js:17727:18)
      at Object.importAllData (tests/unit/storage.test.js:2661:5)

  console.warn
    MOCK SET: cameraPowerPlanner_session = {"camera":"CamA"}

      61 |       return undefined;
      62 |     }
    > 63 |     return originalFn(...args);
         |            ^
      64 |   };
      65 | };
      66 |

      at console.<anonymous> (tests/setup/jest.setup.cjs:63:12)
      at console.apply [as warn] (src/scripts/modules/base.js:92:26)
      at Proxy.apply (src/scripts/modules/base.js:92:26)
      at Proxy.apply (src/scripts/modules/base.js:92:26)
      at Proxy.apply (src/scripts/modules/base.js:92:26)
      at Object.warn (tests/unit/storage.test.js:11:15)
      at setItem (src/scripts/storage.js:6179:25)
          at Array.forEach (<anonymous>)
      at forEach (src/scripts/storage.js:6172:25)
      at downgradeSafeLocalStorageToMemory (src/scripts/storage.js:16819:5)
      at safeSetLocalStorage (src/scripts/storage.js:17729:9)
          at Array.forEach (<anonymous>)
      at forEach (src/scripts/storage.js:17727:18)
      at Object.importAllData (tests/unit/storage.test.js:2661:5)

  console.warn
    MOCK SET: cameraPowerPlanner_session__backup = {"camera":"CamA"}

      61 |       return undefined;
      62 |     }
    > 63 |     return originalFn(...args);
         |            ^
      64 |   };
      65 | };
      66 |

      at console.<anonymous> (tests/setup/jest.setup.cjs:63:12)
      at console.apply [as warn] (src/scripts/modules/base.js:92:26)
      at Proxy.apply (src/scripts/modules/base.js:92:26)
      at Proxy.apply (src/scripts/modules/base.js:92:26)
      at Proxy.apply (src/scripts/modules/base.js:92:26)
      at Object.warn (tests/unit/storage.test.js:11:15)
      at setItem (src/scripts/storage.js:6179:25)
          at Array.forEach (<anonymous>)
      at forEach (src/scripts/storage.js:6172:25)
      at downgradeSafeLocalStorageToMemory (src/scripts/storage.js:16819:5)
      at safeSetLocalStorage (src/scripts/storage.js:17729:9)
          at Array.forEach (<anonymous>)
      at forEach (src/scripts/storage.js:17727:18)
      at Object.importAllData (tests/unit/storage.test.js:2661:5)

  console.warn
    MOCK SET: cameraPowerPlanner_feedback = {"note":"hi"}

      61 |       return undefined;
      62 |     }
    > 63 |     return originalFn(...args);
         |            ^
      64 |   };
      65 | };
      66 |

      at console.<anonymous> (tests/setup/jest.setup.cjs:63:12)
      at console.apply [as warn] (src/scripts/modules/base.js:92:26)
      at Proxy.apply (src/scripts/modules/base.js:92:26)
      at Proxy.apply (src/scripts/modules/base.js:92:26)
      at Proxy.apply (src/scripts/modules/base.js:92:26)
      at Object.warn (tests/unit/storage.test.js:11:15)
      at setItem (src/scripts/storage.js:6179:25)
          at Array.forEach (<anonymous>)
      at forEach (src/scripts/storage.js:6172:25)
      at downgradeSafeLocalStorageToMemory (src/scripts/storage.js:16819:5)
      at safeSetLocalStorage (src/scripts/storage.js:17729:9)
          at Array.forEach (<anonymous>)
      at forEach (src/scripts/storage.js:17727:18)
      at Object.importAllData (tests/unit/storage.test.js:2661:5)

  console.warn
    MOCK SET: cameraPowerPlanner_feedback__backup = {"note":"hi"}

      61 |       return undefined;
      62 |     }
    > 63 |     return originalFn(...args);
         |            ^
      64 |   };
      65 | };
      66 |

      at console.<anonymous> (tests/setup/jest.setup.cjs:63:12)
      at console.apply [as warn] (src/scripts/modules/base.js:92:26)
      at Proxy.apply (src/scripts/modules/base.js:92:26)
      at Proxy.apply (src/scripts/modules/base.js:92:26)
      at Proxy.apply (src/scripts/modules/base.js:92:26)
      at Object.warn (tests/unit/storage.test.js:11:15)
      at setItem (src/scripts/storage.js:6179:25)
          at Array.forEach (<anonymous>)
      at forEach (src/scripts/storage.js:6172:25)
      at downgradeSafeLocalStorageToMemory (src/scripts/storage.js:16819:5)
      at safeSetLocalStorage (src/scripts/storage.js:17729:9)
          at Array.forEach (<anonymous>)
      at forEach (src/scripts/storage.js:17727:18)
      at Object.importAllData (tests/unit/storage.test.js:2661:5)

  console.warn
    MOCK SET: cameraPowerPlanner_favorites = {"cat":["B"]}

      61 |       return undefined;
      62 |     }
    > 63 |     return originalFn(...args);
         |            ^
      64 |   };
      65 | };
      66 |

      at console.<anonymous> (tests/setup/jest.setup.cjs:63:12)
      at console.apply [as warn] (src/scripts/modules/base.js:92:26)
      at Proxy.apply (src/scripts/modules/base.js:92:26)
      at Proxy.apply (src/scripts/modules/base.js:92:26)
      at Proxy.apply (src/scripts/modules/base.js:92:26)
      at Object.warn (tests/unit/storage.test.js:11:15)
      at setItem (src/scripts/storage.js:6179:25)
          at Array.forEach (<anonymous>)
      at forEach (src/scripts/storage.js:6172:25)
      at downgradeSafeLocalStorageToMemory (src/scripts/storage.js:16819:5)
      at safeSetLocalStorage (src/scripts/storage.js:17729:9)
          at Array.forEach (<anonymous>)
      at forEach (src/scripts/storage.js:17727:18)
      at Object.importAllData (tests/unit/storage.test.js:2661:5)

  console.warn
    MOCK SET: cameraPowerPlanner_favorites__backup = {"cat":["B"]}

      61 |       return undefined;
      62 |     }
    > 63 |     return originalFn(...args);
         |            ^
      64 |   };
      65 | };
      66 |

      at console.<anonymous> (tests/setup/jest.setup.cjs:63:12)
      at console.apply [as warn] (src/scripts/modules/base.js:92:26)
      at Proxy.apply (src/scripts/modules/base.js:92:26)
      at Proxy.apply (src/scripts/modules/base.js:92:26)
      at Proxy.apply (src/scripts/modules/base.js:92:26)
      at Object.warn (tests/unit/storage.test.js:11:15)
      at setItem (src/scripts/storage.js:6179:25)
          at Array.forEach (<anonymous>)
      at forEach (src/scripts/storage.js:6172:25)
      at downgradeSafeLocalStorageToMemory (src/scripts/storage.js:16819:5)
      at safeSetLocalStorage (src/scripts/storage.js:17729:9)
          at Array.forEach (<anonymous>)
      at forEach (src/scripts/storage.js:17727:18)
      at Object.importAllData (tests/unit/storage.test.js:2661:5)

  console.warn
    Downgraded planner storage to sessionStorage after write access errors. ReferenceError: AUTO_GEAR_SHOW_BACKUPS_STORAGE_KEY is not defined
        at AUTO_GEAR_SHOW_BACKUPS_STORAGE_KEY (/Users/lucazanner/Documents/GitHub/cine-power-planner/src/scripts/storage.js:16809:9)
        at safeSetLocalStorage (/Users/lucazanner/Documents/GitHub/cine-power-planner/src/scripts/storage.js:17729:9)
        at Array.forEach (<anonymous>)
        at forEach (/Users/lucazanner/Documents/GitHub/cine-power-planner/src/scripts/storage.js:17727:18)
        at Object.importAllData (/Users/lucazanner/Documents/GitHub/cine-power-planner/tests/unit/storage.test.js:2661:5)
        at Promise.finally.completed (/Users/lucazanner/Documents/GitHub/cine-power-planner/node_modules/jest-circus/build/jestAdapterInit.js:1557:28)
        at new Promise (<anonymous>)
        at callAsyncCircusFn (/Users/lucazanner/Documents/GitHub/cine-power-planner/node_modules/jest-circus/build/jestAdapterInit.js:1497:10)
        at _callCircusTest (/Users/lucazanner/Documents/GitHub/cine-power-planner/node_modules/jest-circus/build/jestAdapterInit.js:1007:40)
        at _runTest (/Users/lucazanner/Documents/GitHub/cine-power-planner/node_modules/jest-circus/build/jestAdapterInit.js:947:3)
        at /Users/lucazanner/Documents/GitHub/cine-power-planner/node_modules/jest-circus/build/jestAdapterInit.js:849:7
        at _runTestsForDescribeBlock (/Users/lucazanner/Documents/GitHub/cine-power-planner/node_modules/jest-circus/build/jestAdapterInit.js:862:11)
        at _runTestsForDescribeBlock (/Users/lucazanner/Documents/GitHub/cine-power-planner/node_modules/jest-circus/build/jestAdapterInit.js:857:11)
        at run (/Users/lucazanner/Documents/GitHub/cine-power-planner/node_modules/jest-circus/build/jestAdapterInit.js:761:3)
        at runAndTransformResultsToJestFormat (/Users/lucazanner/Documents/GitHub/cine-power-planner/node_modules/jest-circus/build/jestAdapterInit.js:1918:21)
        at jestAdapter (/Users/lucazanner/Documents/GitHub/cine-power-planner/node_modules/jest-circus/build/runner.js:101:19)
        at runTestInternal (/Users/lucazanner/Documents/GitHub/cine-power-planner/node_modules/jest-runner/build/index.js:275:16)
        at runTest (/Users/lucazanner/Documents/GitHub/cine-power-planner/node_modules/jest-runner/build/index.js:343:7)

      61 |       return undefined;
      62 |     }
    > 63 |     return originalFn(...args);
         |            ^
      64 |   };
      65 | };
      66 |

      at console.<anonymous> (tests/setup/jest.setup.cjs:63:12)
      at console.apply [as warn] (src/scripts/modules/base.js:92:26)
      at Proxy.apply (src/scripts/modules/base.js:92:26)
      at Proxy.apply (src/scripts/modules/base.js:92:26)
      at Proxy.apply (src/scripts/modules/base.js:92:26)
      at warn (src/scripts/storage.js:6193:11)
      at downgradeSafeLocalStorageToMemory (src/scripts/storage.js:16819:5)
      at safeSetLocalStorage (src/scripts/storage.js:17729:9)
          at Array.forEach (<anonymous>)
      at forEach (src/scripts/storage.js:17727:18)
      at Object.importAllData (tests/unit/storage.test.js:2661:5)

  console.warn
    MOCK SET: __storage_test__ = 1

      61 |       return undefined;
      62 |     }
    > 63 |     return originalFn(...args);
         |            ^
      64 |   };
      65 | };
      66 |

      at console.<anonymous> (tests/setup/jest.setup.cjs:63:12)
      at console.apply [as warn] (src/scripts/modules/base.js:92:26)
      at Proxy.apply (src/scripts/modules/base.js:92:26)
      at Proxy.apply (src/scripts/modules/base.js:92:26)
      at Proxy.apply (src/scripts/modules/base.js:92:26)
      at Object.warn (tests/unit/storage.test.js:11:15)
      at setItem (src/scripts/storage.js:5846:13)
      at verifyStorage (src/scripts/storage.js:6228:18)
      at attemptLocalStorageUpgrade (src/scripts/storage.js:6286:5)
      at getSafeLocalStorage (src/scripts/storage.js:16652:19)
      at safeSetLocalStorage (src/scripts/storage.js:17729:9)
          at Array.forEach (<anonymous>)
      at forEach (src/scripts/storage.js:17727:18)
      at Object.importAllData (tests/unit/storage.test.js:2661:5)

  console.log
    DEBUG: getSafeLocalStorage returning object

      at Proxy.apply (src/scripts/modules/base.js:92:26)
          at Array.forEach (<anonymous>)

  console.error
    DEBUG: safeSetLocalStorage EXEC highContrast true

      61 |       return undefined;
      62 |     }
    > 63 |     return originalFn(...args);
         |            ^
      64 |   };
      65 | };
      66 |

      at console.<anonymous> (tests/setup/jest.setup.cjs:63:12)
      at Proxy.apply (src/scripts/modules/base.js:92:26)
      at error (src/scripts/storage.js:16657:11)
      at safeSetLocalStorage (src/scripts/storage.js:17729:9)
          at Array.forEach (<anonymous>)
      at forEach (src/scripts/storage.js:17727:18)
      at Object.importAllData (tests/unit/storage.test.js:2661:5)

  console.log
    DEBUG: isIndexedDB calculated: true

      at Proxy.apply (src/scripts/modules/base.js:92:26)
          at Array.forEach (<anonymous>)

  console.warn
    Unable to persist storage key during import highContrast ReferenceError: AUTO_GEAR_SHOW_BACKUPS_STORAGE_KEY is not defined
        at AUTO_GEAR_SHOW_BACKUPS_STORAGE_KEY (/Users/lucazanner/Documents/GitHub/cine-power-planner/src/scripts/storage.js:16809:9)
        at safeSetLocalStorage (/Users/lucazanner/Documents/GitHub/cine-power-planner/src/scripts/storage.js:17729:9)
        at Array.forEach (<anonymous>)
        at forEach (/Users/lucazanner/Documents/GitHub/cine-power-planner/src/scripts/storage.js:17727:18)
        at Object.importAllData (/Users/lucazanner/Documents/GitHub/cine-power-planner/tests/unit/storage.test.js:2661:5)
        at Promise.finally.completed (/Users/lucazanner/Documents/GitHub/cine-power-planner/node_modules/jest-circus/build/jestAdapterInit.js:1557:28)
        at new Promise (<anonymous>)
        at callAsyncCircusFn (/Users/lucazanner/Documents/GitHub/cine-power-planner/node_modules/jest-circus/build/jestAdapterInit.js:1497:10)
        at _callCircusTest (/Users/lucazanner/Documents/GitHub/cine-power-planner/node_modules/jest-circus/build/jestAdapterInit.js:1007:40)
        at _runTest (/Users/lucazanner/Documents/GitHub/cine-power-planner/node_modules/jest-circus/build/jestAdapterInit.js:947:3)
        at /Users/lucazanner/Documents/GitHub/cine-power-planner/node_modules/jest-circus/build/jestAdapterInit.js:849:7
        at _runTestsForDescribeBlock (/Users/lucazanner/Documents/GitHub/cine-power-planner/node_modules/jest-circus/build/jestAdapterInit.js:862:11)
        at _runTestsForDescribeBlock (/Users/lucazanner/Documents/GitHub/cine-power-planner/node_modules/jest-circus/build/jestAdapterInit.js:857:11)
        at run (/Users/lucazanner/Documents/GitHub/cine-power-planner/node_modules/jest-circus/build/jestAdapterInit.js:761:3)
        at runAndTransformResultsToJestFormat (/Users/lucazanner/Documents/GitHub/cine-power-planner/node_modules/jest-circus/build/jestAdapterInit.js:1918:21)
        at jestAdapter (/Users/lucazanner/Documents/GitHub/cine-power-planner/node_modules/jest-circus/build/runner.js:101:19)
        at runTestInternal (/Users/lucazanner/Documents/GitHub/cine-power-planner/node_modules/jest-runner/build/index.js:275:16)
        at runTest (/Users/lucazanner/Documents/GitHub/cine-power-planner/node_modules/jest-runner/build/index.js:343:7)

      61 |       return undefined;
      62 |     }
    > 63 |     return originalFn(...args);
         |            ^
      64 |   };
      65 | };
      66 |

      at console.<anonymous> (tests/setup/jest.setup.cjs:63:12)
      at console.apply [as warn] (src/scripts/modules/base.js:92:26)
      at Proxy.apply (src/scripts/modules/base.js:92:26)
      at Proxy.apply (src/scripts/modules/base.js:92:26)
      at Proxy.apply (src/scripts/modules/base.js:92:26)
      at warn (src/scripts/storage.js:16818:13)
      at safeSetLocalStorage (src/scripts/storage.js:17729:9)
          at Array.forEach (<anonymous>)
      at forEach (src/scripts/storage.js:17727:18)
      at Object.importAllData (tests/unit/storage.test.js:2661:5)

  console.warn
    MOCK SET: __storage_test__ = 1

      61 |       return undefined;
      62 |     }
    > 63 |     return originalFn(...args);
         |            ^
      64 |   };
      65 | };
      66 |

      at console.<anonymous> (tests/setup/jest.setup.cjs:63:12)
      at console.apply [as warn] (src/scripts/modules/base.js:92:26)
      at Proxy.apply (src/scripts/modules/base.js:92:26)
      at Proxy.apply (src/scripts/modules/base.js:92:26)
      at Proxy.apply (src/scripts/modules/base.js:92:26)
      at Object.warn (tests/unit/storage.test.js:11:15)
      at setItem (src/scripts/storage.js:5846:13)
      at verifyStorage (src/scripts/storage.js:6155:26)
      at downgradeSafeLocalStorageToMemory (src/scripts/storage.js:16819:5)
      at safeSetLocalStorage (src/scripts/storage.js:17729:9)
          at Array.forEach (<anonymous>)
      at forEach (src/scripts/storage.js:17727:18)
      at Object.importAllData (tests/unit/storage.test.js:2661:5)

  console.warn
    MOCK SET: cameraPowerPlanner_devices = {"cameras":{},"monitors":{},"video":{},"viewfinder

      61 |       return undefined;
      62 |     }
    > 63 |     return originalFn(...args);
         |            ^
      64 |   };
      65 | };
      66 |

      at console.<anonymous> (tests/setup/jest.setup.cjs:63:12)
      at console.apply [as warn] (src/scripts/modules/base.js:92:26)
      at Proxy.apply (src/scripts/modules/base.js:92:26)
      at Proxy.apply (src/scripts/modules/base.js:92:26)
      at Proxy.apply (src/scripts/modules/base.js:92:26)
      at Object.warn (tests/unit/storage.test.js:11:15)
      at setItem (src/scripts/storage.js:6179:25)
          at Array.forEach (<anonymous>)
      at forEach (src/scripts/storage.js:6172:25)
      at downgradeSafeLocalStorageToMemory (src/scripts/storage.js:16819:5)
      at safeSetLocalStorage (src/scripts/storage.js:17729:9)
          at Array.forEach (<anonymous>)
      at forEach (src/scripts/storage.js:17727:18)
      at Object.importAllData (tests/unit/storage.test.js:2661:5)

  console.warn
    MOCK SET: cameraPowerPlanner_devices__backup = {"cameras":{},"monitors":{},"video":{},"viewfinder

      61 |       return undefined;
      62 |     }
    > 63 |     return originalFn(...args);
         |            ^
      64 |   };
      65 | };
      66 |

      at console.<anonymous> (tests/setup/jest.setup.cjs:63:12)
      at console.apply [as warn] (src/scripts/modules/base.js:92:26)
      at Proxy.apply (src/scripts/modules/base.js:92:26)
      at Proxy.apply (src/scripts/modules/base.js:92:26)
      at Proxy.apply (src/scripts/modules/base.js:92:26)
      at Object.warn (tests/unit/storage.test.js:11:15)
      at setItem (src/scripts/storage.js:6179:25)
          at Array.forEach (<anonymous>)
      at forEach (src/scripts/storage.js:6172:25)
      at downgradeSafeLocalStorageToMemory (src/scripts/storage.js:16819:5)
      at safeSetLocalStorage (src/scripts/storage.js:17729:9)
          at Array.forEach (<anonymous>)
      at forEach (src/scripts/storage.js:17727:18)
      at Object.importAllData (tests/unit/storage.test.js:2661:5)

  console.warn
    MOCK SET: cameraPowerPlanner_setups = {"A":{"foo":1}}

      61 |       return undefined;
      62 |     }
    > 63 |     return originalFn(...args);
         |            ^
      64 |   };
      65 | };
      66 |

      at console.<anonymous> (tests/setup/jest.setup.cjs:63:12)
      at console.apply [as warn] (src/scripts/modules/base.js:92:26)
      at Proxy.apply (src/scripts/modules/base.js:92:26)
      at Proxy.apply (src/scripts/modules/base.js:92:26)
      at Proxy.apply (src/scripts/modules/base.js:92:26)
      at Object.warn (tests/unit/storage.test.js:11:15)
      at setItem (src/scripts/storage.js:6179:25)
          at Array.forEach (<anonymous>)
      at forEach (src/scripts/storage.js:6172:25)
      at downgradeSafeLocalStorageToMemory (src/scripts/storage.js:16819:5)
      at safeSetLocalStorage (src/scripts/storage.js:17729:9)
          at Array.forEach (<anonymous>)
      at forEach (src/scripts/storage.js:17727:18)
      at Object.importAllData (tests/unit/storage.test.js:2661:5)

  console.warn
    MOCK SET: cameraPowerPlanner_setups__backup = {"A":{"foo":1}}

      61 |       return undefined;
      62 |     }
    > 63 |     return originalFn(...args);
         |            ^
      64 |   };
      65 | };
      66 |

      at console.<anonymous> (tests/setup/jest.setup.cjs:63:12)
      at console.apply [as warn] (src/scripts/modules/base.js:92:26)
      at Proxy.apply (src/scripts/modules/base.js:92:26)
      at Proxy.apply (src/scripts/modules/base.js:92:26)
      at Proxy.apply (src/scripts/modules/base.js:92:26)
      at Object.warn (tests/unit/storage.test.js:11:15)
      at setItem (src/scripts/storage.js:6179:25)
          at Array.forEach (<anonymous>)
      at forEach (src/scripts/storage.js:6172:25)
      at downgradeSafeLocalStorageToMemory (src/scripts/storage.js:16819:5)
      at safeSetLocalStorage (src/scripts/storage.js:17729:9)
          at Array.forEach (<anonymous>)
      at forEach (src/scripts/storage.js:17727:18)
      at Object.importAllData (tests/unit/storage.test.js:2661:5)

  console.warn
    MOCK SET: cameraPowerPlanner_session = {"camera":"CamA"}

      61 |       return undefined;
      62 |     }
    > 63 |     return originalFn(...args);
         |            ^
      64 |   };
      65 | };
      66 |

      at console.<anonymous> (tests/setup/jest.setup.cjs:63:12)
      at console.apply [as warn] (src/scripts/modules/base.js:92:26)
      at Proxy.apply (src/scripts/modules/base.js:92:26)
      at Proxy.apply (src/scripts/modules/base.js:92:26)
      at Proxy.apply (src/scripts/modules/base.js:92:26)
      at Object.warn (tests/unit/storage.test.js:11:15)
      at setItem (src/scripts/storage.js:6179:25)
          at Array.forEach (<anonymous>)
      at forEach (src/scripts/storage.js:6172:25)
      at downgradeSafeLocalStorageToMemory (src/scripts/storage.js:16819:5)
      at safeSetLocalStorage (src/scripts/storage.js:17729:9)
          at Array.forEach (<anonymous>)
      at forEach (src/scripts/storage.js:17727:18)
      at Object.importAllData (tests/unit/storage.test.js:2661:5)

  console.warn
    MOCK SET: cameraPowerPlanner_session__backup = {"camera":"CamA"}

      61 |       return undefined;
      62 |     }
    > 63 |     return originalFn(...args);
         |            ^
      64 |   };
      65 | };
      66 |

      at console.<anonymous> (tests/setup/jest.setup.cjs:63:12)
      at console.apply [as warn] (src/scripts/modules/base.js:92:26)
      at Proxy.apply (src/scripts/modules/base.js:92:26)
      at Proxy.apply (src/scripts/modules/base.js:92:26)
      at Proxy.apply (src/scripts/modules/base.js:92:26)
      at Object.warn (tests/unit/storage.test.js:11:15)
      at setItem (src/scripts/storage.js:6179:25)
          at Array.forEach (<anonymous>)
      at forEach (src/scripts/storage.js:6172:25)
      at downgradeSafeLocalStorageToMemory (src/scripts/storage.js:16819:5)
      at safeSetLocalStorage (src/scripts/storage.js:17729:9)
          at Array.forEach (<anonymous>)
      at forEach (src/scripts/storage.js:17727:18)
      at Object.importAllData (tests/unit/storage.test.js:2661:5)

  console.warn
    MOCK SET: cameraPowerPlanner_feedback = {"note":"hi"}

      61 |       return undefined;
      62 |     }
    > 63 |     return originalFn(...args);
         |            ^
      64 |   };
      65 | };
      66 |

      at console.<anonymous> (tests/setup/jest.setup.cjs:63:12)
      at console.apply [as warn] (src/scripts/modules/base.js:92:26)
      at Proxy.apply (src/scripts/modules/base.js:92:26)
      at Proxy.apply (src/scripts/modules/base.js:92:26)
      at Proxy.apply (src/scripts/modules/base.js:92:26)
      at Object.warn (tests/unit/storage.test.js:11:15)
      at setItem (src/scripts/storage.js:6179:25)
          at Array.forEach (<anonymous>)
      at forEach (src/scripts/storage.js:6172:25)
      at downgradeSafeLocalStorageToMemory (src/scripts/storage.js:16819:5)
      at safeSetLocalStorage (src/scripts/storage.js:17729:9)
          at Array.forEach (<anonymous>)
      at forEach (src/scripts/storage.js:17727:18)
      at Object.importAllData (tests/unit/storage.test.js:2661:5)

  console.warn
    MOCK SET: cameraPowerPlanner_feedback__backup = {"note":"hi"}

      61 |       return undefined;
      62 |     }
    > 63 |     return originalFn(...args);
         |            ^
      64 |   };
      65 | };
      66 |

      at console.<anonymous> (tests/setup/jest.setup.cjs:63:12)
      at console.apply [as warn] (src/scripts/modules/base.js:92:26)
      at Proxy.apply (src/scripts/modules/base.js:92:26)
      at Proxy.apply (src/scripts/modules/base.js:92:26)
      at Proxy.apply (src/scripts/modules/base.js:92:26)
      at Object.warn (tests/unit/storage.test.js:11:15)
      at setItem (src/scripts/storage.js:6179:25)
          at Array.forEach (<anonymous>)
      at forEach (src/scripts/storage.js:6172:25)
      at downgradeSafeLocalStorageToMemory (src/scripts/storage.js:16819:5)
      at safeSetLocalStorage (src/scripts/storage.js:17729:9)
          at Array.forEach (<anonymous>)
      at forEach (src/scripts/storage.js:17727:18)
      at Object.importAllData (tests/unit/storage.test.js:2661:5)

  console.warn
    MOCK SET: cameraPowerPlanner_favorites = {"cat":["B"]}

      61 |       return undefined;
      62 |     }
    > 63 |     return originalFn(...args);
         |            ^
      64 |   };
      65 | };
      66 |

      at console.<anonymous> (tests/setup/jest.setup.cjs:63:12)
      at console.apply [as warn] (src/scripts/modules/base.js:92:26)
      at Proxy.apply (src/scripts/modules/base.js:92:26)
      at Proxy.apply (src/scripts/modules/base.js:92:26)
      at Proxy.apply (src/scripts/modules/base.js:92:26)
      at Object.warn (tests/unit/storage.test.js:11:15)
      at setItem (src/scripts/storage.js:6179:25)
          at Array.forEach (<anonymous>)
      at forEach (src/scripts/storage.js:6172:25)
      at downgradeSafeLocalStorageToMemory (src/scripts/storage.js:16819:5)
      at safeSetLocalStorage (src/scripts/storage.js:17729:9)
          at Array.forEach (<anonymous>)
      at forEach (src/scripts/storage.js:17727:18)
      at Object.importAllData (tests/unit/storage.test.js:2661:5)

  console.warn
    MOCK SET: cameraPowerPlanner_favorites__backup = {"cat":["B"]}

      61 |       return undefined;
      62 |     }
    > 63 |     return originalFn(...args);
         |            ^
      64 |   };
      65 | };
      66 |

      at console.<anonymous> (tests/setup/jest.setup.cjs:63:12)
      at console.apply [as warn] (src/scripts/modules/base.js:92:26)
      at Proxy.apply (src/scripts/modules/base.js:92:26)
      at Proxy.apply (src/scripts/modules/base.js:92:26)
      at Proxy.apply (src/scripts/modules/base.js:92:26)
      at Object.warn (tests/unit/storage.test.js:11:15)
      at setItem (src/scripts/storage.js:6179:25)
          at Array.forEach (<anonymous>)
      at forEach (src/scripts/storage.js:6172:25)
      at downgradeSafeLocalStorageToMemory (src/scripts/storage.js:16819:5)
      at safeSetLocalStorage (src/scripts/storage.js:17729:9)
          at Array.forEach (<anonymous>)
      at forEach (src/scripts/storage.js:17727:18)
      at Object.importAllData (tests/unit/storage.test.js:2661:5)

  console.warn
    Downgraded planner storage to sessionStorage after write access errors. ReferenceError: AUTO_GEAR_SHOW_BACKUPS_STORAGE_KEY is not defined
        at AUTO_GEAR_SHOW_BACKUPS_STORAGE_KEY (/Users/lucazanner/Documents/GitHub/cine-power-planner/src/scripts/storage.js:16809:9)
        at safeSetLocalStorage (/Users/lucazanner/Documents/GitHub/cine-power-planner/src/scripts/storage.js:17729:9)
        at Array.forEach (<anonymous>)
        at forEach (/Users/lucazanner/Documents/GitHub/cine-power-planner/src/scripts/storage.js:17727:18)
        at Object.importAllData (/Users/lucazanner/Documents/GitHub/cine-power-planner/tests/unit/storage.test.js:2661:5)
        at Promise.finally.completed (/Users/lucazanner/Documents/GitHub/cine-power-planner/node_modules/jest-circus/build/jestAdapterInit.js:1557:28)
        at new Promise (<anonymous>)
        at callAsyncCircusFn (/Users/lucazanner/Documents/GitHub/cine-power-planner/node_modules/jest-circus/build/jestAdapterInit.js:1497:10)
        at _callCircusTest (/Users/lucazanner/Documents/GitHub/cine-power-planner/node_modules/jest-circus/build/jestAdapterInit.js:1007:40)
        at _runTest (/Users/lucazanner/Documents/GitHub/cine-power-planner/node_modules/jest-circus/build/jestAdapterInit.js:947:3)
        at /Users/lucazanner/Documents/GitHub/cine-power-planner/node_modules/jest-circus/build/jestAdapterInit.js:849:7
        at _runTestsForDescribeBlock (/Users/lucazanner/Documents/GitHub/cine-power-planner/node_modules/jest-circus/build/jestAdapterInit.js:862:11)
        at _runTestsForDescribeBlock (/Users/lucazanner/Documents/GitHub/cine-power-planner/node_modules/jest-circus/build/jestAdapterInit.js:857:11)
        at run (/Users/lucazanner/Documents/GitHub/cine-power-planner/node_modules/jest-circus/build/jestAdapterInit.js:761:3)
        at runAndTransformResultsToJestFormat (/Users/lucazanner/Documents/GitHub/cine-power-planner/node_modules/jest-circus/build/jestAdapterInit.js:1918:21)
        at jestAdapter (/Users/lucazanner/Documents/GitHub/cine-power-planner/node_modules/jest-circus/build/runner.js:101:19)
        at runTestInternal (/Users/lucazanner/Documents/GitHub/cine-power-planner/node_modules/jest-runner/build/index.js:275:16)
        at runTest (/Users/lucazanner/Documents/GitHub/cine-power-planner/node_modules/jest-runner/build/index.js:343:7)

      61 |       return undefined;
      62 |     }
    > 63 |     return originalFn(...args);
         |            ^
      64 |   };
      65 | };
      66 |

      at console.<anonymous> (tests/setup/jest.setup.cjs:63:12)
      at console.apply [as warn] (src/scripts/modules/base.js:92:26)
      at Proxy.apply (src/scripts/modules/base.js:92:26)
      at Proxy.apply (src/scripts/modules/base.js:92:26)
      at Proxy.apply (src/scripts/modules/base.js:92:26)
      at warn (src/scripts/storage.js:6193:11)
      at downgradeSafeLocalStorageToMemory (src/scripts/storage.js:16819:5)
      at safeSetLocalStorage (src/scripts/storage.js:17729:9)
          at Array.forEach (<anonymous>)
      at forEach (src/scripts/storage.js:17727:18)
      at Object.importAllData (tests/unit/storage.test.js:2661:5)

  console.warn
    MOCK SET: __storage_test__ = 1

      61 |       return undefined;
      62 |     }
    > 63 |     return originalFn(...args);
         |            ^
      64 |   };
      65 | };
      66 |

      at console.<anonymous> (tests/setup/jest.setup.cjs:63:12)
      at console.apply [as warn] (src/scripts/modules/base.js:92:26)
      at Proxy.apply (src/scripts/modules/base.js:92:26)
      at Proxy.apply (src/scripts/modules/base.js:92:26)
      at Proxy.apply (src/scripts/modules/base.js:92:26)
      at Object.warn (tests/unit/storage.test.js:11:15)
      at setItem (src/scripts/storage.js:5846:13)
      at verifyStorage (src/scripts/storage.js:6228:18)
      at attemptLocalStorageUpgrade (src/scripts/storage.js:6286:5)
      at getSafeLocalStorage (src/scripts/storage.js:16652:19)
      at safeSetLocalStorage (src/scripts/storage.js:17729:9)
          at Array.forEach (<anonymous>)
      at forEach (src/scripts/storage.js:17727:18)
      at Object.importAllData (tests/unit/storage.test.js:2661:5)

  console.log
    DEBUG: getSafeLocalStorage returning object

      at Proxy.apply (src/scripts/modules/base.js:92:26)
          at Array.forEach (<anonymous>)

  console.error
    DEBUG: safeSetLocalStorage EXEC reduceMotion false

      61 |       return undefined;
      62 |     }
    > 63 |     return originalFn(...args);
         |            ^
      64 |   };
      65 | };
      66 |

      at console.<anonymous> (tests/setup/jest.setup.cjs:63:12)
      at Proxy.apply (src/scripts/modules/base.js:92:26)
      at error (src/scripts/storage.js:16657:11)
      at safeSetLocalStorage (src/scripts/storage.js:17729:9)
          at Array.forEach (<anonymous>)
      at forEach (src/scripts/storage.js:17727:18)
      at Object.importAllData (tests/unit/storage.test.js:2661:5)

  console.log
    DEBUG: isIndexedDB calculated: true

      at Proxy.apply (src/scripts/modules/base.js:92:26)
          at Array.forEach (<anonymous>)

  console.warn
    Unable to persist storage key during import reduceMotion ReferenceError: AUTO_GEAR_SHOW_BACKUPS_STORAGE_KEY is not defined
        at AUTO_GEAR_SHOW_BACKUPS_STORAGE_KEY (/Users/lucazanner/Documents/GitHub/cine-power-planner/src/scripts/storage.js:16809:9)
        at safeSetLocalStorage (/Users/lucazanner/Documents/GitHub/cine-power-planner/src/scripts/storage.js:17729:9)
        at Array.forEach (<anonymous>)
        at forEach (/Users/lucazanner/Documents/GitHub/cine-power-planner/src/scripts/storage.js:17727:18)
        at Object.importAllData (/Users/lucazanner/Documents/GitHub/cine-power-planner/tests/unit/storage.test.js:2661:5)
        at Promise.finally.completed (/Users/lucazanner/Documents/GitHub/cine-power-planner/node_modules/jest-circus/build/jestAdapterInit.js:1557:28)
        at new Promise (<anonymous>)
        at callAsyncCircusFn (/Users/lucazanner/Documents/GitHub/cine-power-planner/node_modules/jest-circus/build/jestAdapterInit.js:1497:10)
        at _callCircusTest (/Users/lucazanner/Documents/GitHub/cine-power-planner/node_modules/jest-circus/build/jestAdapterInit.js:1007:40)
        at _runTest (/Users/lucazanner/Documents/GitHub/cine-power-planner/node_modules/jest-circus/build/jestAdapterInit.js:947:3)
        at /Users/lucazanner/Documents/GitHub/cine-power-planner/node_modules/jest-circus/build/jestAdapterInit.js:849:7
        at _runTestsForDescribeBlock (/Users/lucazanner/Documents/GitHub/cine-power-planner/node_modules/jest-circus/build/jestAdapterInit.js:862:11)
        at _runTestsForDescribeBlock (/Users/lucazanner/Documents/GitHub/cine-power-planner/node_modules/jest-circus/build/jestAdapterInit.js:857:11)
        at run (/Users/lucazanner/Documents/GitHub/cine-power-planner/node_modules/jest-circus/build/jestAdapterInit.js:761:3)
        at runAndTransformResultsToJestFormat (/Users/lucazanner/Documents/GitHub/cine-power-planner/node_modules/jest-circus/build/jestAdapterInit.js:1918:21)
        at jestAdapter (/Users/lucazanner/Documents/GitHub/cine-power-planner/node_modules/jest-circus/build/runner.js:101:19)
        at runTestInternal (/Users/lucazanner/Documents/GitHub/cine-power-planner/node_modules/jest-runner/build/index.js:275:16)
        at runTest (/Users/lucazanner/Documents/GitHub/cine-power-planner/node_modules/jest-runner/build/index.js:343:7)

      61 |       return undefined;
      62 |     }
    > 63 |     return originalFn(...args);
         |            ^
      64 |   };
      65 | };
      66 |

      at console.<anonymous> (tests/setup/jest.setup.cjs:63:12)
      at console.apply [as warn] (src/scripts/modules/base.js:92:26)
      at Proxy.apply (src/scripts/modules/base.js:92:26)
      at Proxy.apply (src/scripts/modules/base.js:92:26)
      at Proxy.apply (src/scripts/modules/base.js:92:26)
      at warn (src/scripts/storage.js:16818:13)
      at safeSetLocalStorage (src/scripts/storage.js:17729:9)
          at Array.forEach (<anonymous>)
      at forEach (src/scripts/storage.js:17727:18)
      at Object.importAllData (tests/unit/storage.test.js:2661:5)

  console.warn
    MOCK SET: __storage_test__ = 1

      61 |       return undefined;
      62 |     }
    > 63 |     return originalFn(...args);
         |            ^
      64 |   };
      65 | };
      66 |

      at console.<anonymous> (tests/setup/jest.setup.cjs:63:12)
      at console.apply [as warn] (src/scripts/modules/base.js:92:26)
      at Proxy.apply (src/scripts/modules/base.js:92:26)
      at Proxy.apply (src/scripts/modules/base.js:92:26)
      at Proxy.apply (src/scripts/modules/base.js:92:26)
      at Object.warn (tests/unit/storage.test.js:11:15)
      at setItem (src/scripts/storage.js:5846:13)
      at verifyStorage (src/scripts/storage.js:6155:26)
      at downgradeSafeLocalStorageToMemory (src/scripts/storage.js:16819:5)
      at safeSetLocalStorage (src/scripts/storage.js:17729:9)
          at Array.forEach (<anonymous>)
      at forEach (src/scripts/storage.js:17727:18)
      at Object.importAllData (tests/unit/storage.test.js:2661:5)

  console.warn
    MOCK SET: cameraPowerPlanner_devices = {"cameras":{},"monitors":{},"video":{},"viewfinder

      61 |       return undefined;
      62 |     }
    > 63 |     return originalFn(...args);
         |            ^
      64 |   };
      65 | };
      66 |

      at console.<anonymous> (tests/setup/jest.setup.cjs:63:12)
      at console.apply [as warn] (src/scripts/modules/base.js:92:26)
      at Proxy.apply (src/scripts/modules/base.js:92:26)
      at Proxy.apply (src/scripts/modules/base.js:92:26)
      at Proxy.apply (src/scripts/modules/base.js:92:26)
      at Object.warn (tests/unit/storage.test.js:11:15)
      at setItem (src/scripts/storage.js:6179:25)
          at Array.forEach (<anonymous>)
      at forEach (src/scripts/storage.js:6172:25)
      at downgradeSafeLocalStorageToMemory (src/scripts/storage.js:16819:5)
      at safeSetLocalStorage (src/scripts/storage.js:17729:9)
          at Array.forEach (<anonymous>)
      at forEach (src/scripts/storage.js:17727:18)
      at Object.importAllData (tests/unit/storage.test.js:2661:5)

  console.warn
    MOCK SET: cameraPowerPlanner_devices__backup = {"cameras":{},"monitors":{},"video":{},"viewfinder

      61 |       return undefined;
      62 |     }
    > 63 |     return originalFn(...args);
         |            ^
      64 |   };
      65 | };
      66 |

      at console.<anonymous> (tests/setup/jest.setup.cjs:63:12)
      at console.apply [as warn] (src/scripts/modules/base.js:92:26)
      at Proxy.apply (src/scripts/modules/base.js:92:26)
      at Proxy.apply (src/scripts/modules/base.js:92:26)
      at Proxy.apply (src/scripts/modules/base.js:92:26)
      at Object.warn (tests/unit/storage.test.js:11:15)
      at setItem (src/scripts/storage.js:6179:25)
          at Array.forEach (<anonymous>)
      at forEach (src/scripts/storage.js:6172:25)
      at downgradeSafeLocalStorageToMemory (src/scripts/storage.js:16819:5)
      at safeSetLocalStorage (src/scripts/storage.js:17729:9)
          at Array.forEach (<anonymous>)
      at forEach (src/scripts/storage.js:17727:18)
      at Object.importAllData (tests/unit/storage.test.js:2661:5)

  console.warn
    MOCK SET: cameraPowerPlanner_setups = {"A":{"foo":1}}

      61 |       return undefined;
      62 |     }
    > 63 |     return originalFn(...args);
         |            ^
      64 |   };
      65 | };
      66 |

      at console.<anonymous> (tests/setup/jest.setup.cjs:63:12)
      at console.apply [as warn] (src/scripts/modules/base.js:92:26)
      at Proxy.apply (src/scripts/modules/base.js:92:26)
      at Proxy.apply (src/scripts/modules/base.js:92:26)
      at Proxy.apply (src/scripts/modules/base.js:92:26)
      at Object.warn (tests/unit/storage.test.js:11:15)
      at setItem (src/scripts/storage.js:6179:25)
          at Array.forEach (<anonymous>)
      at forEach (src/scripts/storage.js:6172:25)
      at downgradeSafeLocalStorageToMemory (src/scripts/storage.js:16819:5)
      at safeSetLocalStorage (src/scripts/storage.js:17729:9)
          at Array.forEach (<anonymous>)
      at forEach (src/scripts/storage.js:17727:18)
      at Object.importAllData (tests/unit/storage.test.js:2661:5)

  console.warn
    MOCK SET: cameraPowerPlanner_setups__backup = {"A":{"foo":1}}

      61 |       return undefined;
      62 |     }
    > 63 |     return originalFn(...args);
         |            ^
      64 |   };
      65 | };
      66 |

      at console.<anonymous> (tests/setup/jest.setup.cjs:63:12)
      at console.apply [as warn] (src/scripts/modules/base.js:92:26)
      at Proxy.apply (src/scripts/modules/base.js:92:26)
      at Proxy.apply (src/scripts/modules/base.js:92:26)
      at Proxy.apply (src/scripts/modules/base.js:92:26)
      at Object.warn (tests/unit/storage.test.js:11:15)
      at setItem (src/scripts/storage.js:6179:25)
          at Array.forEach (<anonymous>)
      at forEach (src/scripts/storage.js:6172:25)
      at downgradeSafeLocalStorageToMemory (src/scripts/storage.js:16819:5)
      at safeSetLocalStorage (src/scripts/storage.js:17729:9)
          at Array.forEach (<anonymous>)
      at forEach (src/scripts/storage.js:17727:18)
      at Object.importAllData (tests/unit/storage.test.js:2661:5)

  console.warn
    MOCK SET: cameraPowerPlanner_session = {"camera":"CamA"}

      61 |       return undefined;
      62 |     }
    > 63 |     return originalFn(...args);
         |            ^
      64 |   };
      65 | };
      66 |

      at console.<anonymous> (tests/setup/jest.setup.cjs:63:12)
      at console.apply [as warn] (src/scripts/modules/base.js:92:26)
      at Proxy.apply (src/scripts/modules/base.js:92:26)
      at Proxy.apply (src/scripts/modules/base.js:92:26)
      at Proxy.apply (src/scripts/modules/base.js:92:26)
      at Object.warn (tests/unit/storage.test.js:11:15)
      at setItem (src/scripts/storage.js:6179:25)
          at Array.forEach (<anonymous>)
      at forEach (src/scripts/storage.js:6172:25)
      at downgradeSafeLocalStorageToMemory (src/scripts/storage.js:16819:5)
      at safeSetLocalStorage (src/scripts/storage.js:17729:9)
          at Array.forEach (<anonymous>)
      at forEach (src/scripts/storage.js:17727:18)
      at Object.importAllData (tests/unit/storage.test.js:2661:5)

  console.warn
    MOCK SET: cameraPowerPlanner_session__backup = {"camera":"CamA"}

      61 |       return undefined;
      62 |     }
    > 63 |     return originalFn(...args);
         |            ^
      64 |   };
      65 | };
      66 |

      at console.<anonymous> (tests/setup/jest.setup.cjs:63:12)
      at console.apply [as warn] (src/scripts/modules/base.js:92:26)
      at Proxy.apply (src/scripts/modules/base.js:92:26)
      at Proxy.apply (src/scripts/modules/base.js:92:26)
      at Proxy.apply (src/scripts/modules/base.js:92:26)
      at Object.warn (tests/unit/storage.test.js:11:15)
      at setItem (src/scripts/storage.js:6179:25)
          at Array.forEach (<anonymous>)
      at forEach (src/scripts/storage.js:6172:25)
      at downgradeSafeLocalStorageToMemory (src/scripts/storage.js:16819:5)
      at safeSetLocalStorage (src/scripts/storage.js:17729:9)
          at Array.forEach (<anonymous>)
      at forEach (src/scripts/storage.js:17727:18)
      at Object.importAllData (tests/unit/storage.test.js:2661:5)

  console.warn
    MOCK SET: cameraPowerPlanner_feedback = {"note":"hi"}

      61 |       return undefined;
      62 |     }
    > 63 |     return originalFn(...args);
         |            ^
      64 |   };
      65 | };
      66 |

      at console.<anonymous> (tests/setup/jest.setup.cjs:63:12)
      at console.apply [as warn] (src/scripts/modules/base.js:92:26)
      at Proxy.apply (src/scripts/modules/base.js:92:26)
      at Proxy.apply (src/scripts/modules/base.js:92:26)
      at Proxy.apply (src/scripts/modules/base.js:92:26)
      at Object.warn (tests/unit/storage.test.js:11:15)
      at setItem (src/scripts/storage.js:6179:25)
          at Array.forEach (<anonymous>)
      at forEach (src/scripts/storage.js:6172:25)
      at downgradeSafeLocalStorageToMemory (src/scripts/storage.js:16819:5)
      at safeSetLocalStorage (src/scripts/storage.js:17729:9)
          at Array.forEach (<anonymous>)
      at forEach (src/scripts/storage.js:17727:18)
      at Object.importAllData (tests/unit/storage.test.js:2661:5)

  console.warn
    MOCK SET: cameraPowerPlanner_feedback__backup = {"note":"hi"}

      61 |       return undefined;
      62 |     }
    > 63 |     return originalFn(...args);
         |            ^
      64 |   };
      65 | };
      66 |

      at console.<anonymous> (tests/setup/jest.setup.cjs:63:12)
      at console.apply [as warn] (src/scripts/modules/base.js:92:26)
      at Proxy.apply (src/scripts/modules/base.js:92:26)
      at Proxy.apply (src/scripts/modules/base.js:92:26)
      at Proxy.apply (src/scripts/modules/base.js:92:26)
      at Object.warn (tests/unit/storage.test.js:11:15)
      at setItem (src/scripts/storage.js:6179:25)
          at Array.forEach (<anonymous>)
      at forEach (src/scripts/storage.js:6172:25)
      at downgradeSafeLocalStorageToMemory (src/scripts/storage.js:16819:5)
      at safeSetLocalStorage (src/scripts/storage.js:17729:9)
          at Array.forEach (<anonymous>)
      at forEach (src/scripts/storage.js:17727:18)
      at Object.importAllData (tests/unit/storage.test.js:2661:5)

  console.warn
    MOCK SET: cameraPowerPlanner_favorites = {"cat":["B"]}

      61 |       return undefined;
      62 |     }
    > 63 |     return originalFn(...args);
         |            ^
      64 |   };
      65 | };
      66 |

      at console.<anonymous> (tests/setup/jest.setup.cjs:63:12)
      at console.apply [as warn] (src/scripts/modules/base.js:92:26)
      at Proxy.apply (src/scripts/modules/base.js:92:26)
      at Proxy.apply (src/scripts/modules/base.js:92:26)
      at Proxy.apply (src/scripts/modules/base.js:92:26)
      at Object.warn (tests/unit/storage.test.js:11:15)
      at setItem (src/scripts/storage.js:6179:25)
          at Array.forEach (<anonymous>)
      at forEach (src/scripts/storage.js:6172:25)
      at downgradeSafeLocalStorageToMemory (src/scripts/storage.js:16819:5)
      at safeSetLocalStorage (src/scripts/storage.js:17729:9)
          at Array.forEach (<anonymous>)
      at forEach (src/scripts/storage.js:17727:18)
      at Object.importAllData (tests/unit/storage.test.js:2661:5)

  console.warn
    MOCK SET: cameraPowerPlanner_favorites__backup = {"cat":["B"]}

      61 |       return undefined;
      62 |     }
    > 63 |     return originalFn(...args);
         |            ^
      64 |   };
      65 | };
      66 |

      at console.<anonymous> (tests/setup/jest.setup.cjs:63:12)
      at console.apply [as warn] (src/scripts/modules/base.js:92:26)
      at Proxy.apply (src/scripts/modules/base.js:92:26)
      at Proxy.apply (src/scripts/modules/base.js:92:26)
      at Proxy.apply (src/scripts/modules/base.js:92:26)
      at Object.warn (tests/unit/storage.test.js:11:15)
      at setItem (src/scripts/storage.js:6179:25)
          at Array.forEach (<anonymous>)
      at forEach (src/scripts/storage.js:6172:25)
      at downgradeSafeLocalStorageToMemory (src/scripts/storage.js:16819:5)
      at safeSetLocalStorage (src/scripts/storage.js:17729:9)
          at Array.forEach (<anonymous>)
      at forEach (src/scripts/storage.js:17727:18)
      at Object.importAllData (tests/unit/storage.test.js:2661:5)

  console.warn
    Downgraded planner storage to sessionStorage after write access errors. ReferenceError: AUTO_GEAR_SHOW_BACKUPS_STORAGE_KEY is not defined
        at AUTO_GEAR_SHOW_BACKUPS_STORAGE_KEY (/Users/lucazanner/Documents/GitHub/cine-power-planner/src/scripts/storage.js:16809:9)
        at safeSetLocalStorage (/Users/lucazanner/Documents/GitHub/cine-power-planner/src/scripts/storage.js:17729:9)
        at Array.forEach (<anonymous>)
        at forEach (/Users/lucazanner/Documents/GitHub/cine-power-planner/src/scripts/storage.js:17727:18)
        at Object.importAllData (/Users/lucazanner/Documents/GitHub/cine-power-planner/tests/unit/storage.test.js:2661:5)
        at Promise.finally.completed (/Users/lucazanner/Documents/GitHub/cine-power-planner/node_modules/jest-circus/build/jestAdapterInit.js:1557:28)
        at new Promise (<anonymous>)
        at callAsyncCircusFn (/Users/lucazanner/Documents/GitHub/cine-power-planner/node_modules/jest-circus/build/jestAdapterInit.js:1497:10)
        at _callCircusTest (/Users/lucazanner/Documents/GitHub/cine-power-planner/node_modules/jest-circus/build/jestAdapterInit.js:1007:40)
        at _runTest (/Users/lucazanner/Documents/GitHub/cine-power-planner/node_modules/jest-circus/build/jestAdapterInit.js:947:3)
        at /Users/lucazanner/Documents/GitHub/cine-power-planner/node_modules/jest-circus/build/jestAdapterInit.js:849:7
        at _runTestsForDescribeBlock (/Users/lucazanner/Documents/GitHub/cine-power-planner/node_modules/jest-circus/build/jestAdapterInit.js:862:11)
        at _runTestsForDescribeBlock (/Users/lucazanner/Documents/GitHub/cine-power-planner/node_modules/jest-circus/build/jestAdapterInit.js:857:11)
        at run (/Users/lucazanner/Documents/GitHub/cine-power-planner/node_modules/jest-circus/build/jestAdapterInit.js:761:3)
        at runAndTransformResultsToJestFormat (/Users/lucazanner/Documents/GitHub/cine-power-planner/node_modules/jest-circus/build/jestAdapterInit.js:1918:21)
        at jestAdapter (/Users/lucazanner/Documents/GitHub/cine-power-planner/node_modules/jest-circus/build/runner.js:101:19)
        at runTestInternal (/Users/lucazanner/Documents/GitHub/cine-power-planner/node_modules/jest-runner/build/index.js:275:16)
        at runTest (/Users/lucazanner/Documents/GitHub/cine-power-planner/node_modules/jest-runner/build/index.js:343:7)

      61 |       return undefined;
      62 |     }
    > 63 |     return originalFn(...args);
         |            ^
      64 |   };
      65 | };
      66 |

      at console.<anonymous> (tests/setup/jest.setup.cjs:63:12)
      at console.apply [as warn] (src/scripts/modules/base.js:92:26)
      at Proxy.apply (src/scripts/modules/base.js:92:26)
      at Proxy.apply (src/scripts/modules/base.js:92:26)
      at Proxy.apply (src/scripts/modules/base.js:92:26)
      at warn (src/scripts/storage.js:6193:11)
      at downgradeSafeLocalStorageToMemory (src/scripts/storage.js:16819:5)
      at safeSetLocalStorage (src/scripts/storage.js:17729:9)
          at Array.forEach (<anonymous>)
      at forEach (src/scripts/storage.js:17727:18)
      at Object.importAllData (tests/unit/storage.test.js:2661:5)

  console.warn
    MOCK SET: __storage_test__ = 1

      61 |       return undefined;
      62 |     }
    > 63 |     return originalFn(...args);
         |            ^
      64 |   };
      65 | };
      66 |

      at console.<anonymous> (tests/setup/jest.setup.cjs:63:12)
      at console.apply [as warn] (src/scripts/modules/base.js:92:26)
      at Proxy.apply (src/scripts/modules/base.js:92:26)
      at Proxy.apply (src/scripts/modules/base.js:92:26)
      at Proxy.apply (src/scripts/modules/base.js:92:26)
      at Object.warn (tests/unit/storage.test.js:11:15)
      at setItem (src/scripts/storage.js:5846:13)
      at verifyStorage (src/scripts/storage.js:6228:18)
      at attemptLocalStorageUpgrade (src/scripts/storage.js:6286:5)
      at getSafeLocalStorage (src/scripts/storage.js:16652:19)
      at safeSetLocalStorage (src/scripts/storage.js:17729:9)
          at Array.forEach (<anonymous>)
      at forEach (src/scripts/storage.js:17727:18)
      at Object.importAllData (tests/unit/storage.test.js:2661:5)

  console.log
    DEBUG: getSafeLocalStorage returning object

      at Proxy.apply (src/scripts/modules/base.js:92:26)
          at Array.forEach (<anonymous>)

  console.error
    DEBUG: safeSetLocalStorage EXEC relaxedSpacing true

      61 |       return undefined;
      62 |     }
    > 63 |     return originalFn(...args);
         |            ^
      64 |   };
      65 | };
      66 |

      at console.<anonymous> (tests/setup/jest.setup.cjs:63:12)
      at Proxy.apply (src/scripts/modules/base.js:92:26)
      at error (src/scripts/storage.js:16657:11)
      at safeSetLocalStorage (src/scripts/storage.js:17729:9)
          at Array.forEach (<anonymous>)
      at forEach (src/scripts/storage.js:17727:18)
      at Object.importAllData (tests/unit/storage.test.js:2661:5)

  console.log
    DEBUG: isIndexedDB calculated: true

      at Proxy.apply (src/scripts/modules/base.js:92:26)
          at Array.forEach (<anonymous>)

  console.warn
    Unable to persist storage key during import relaxedSpacing ReferenceError: AUTO_GEAR_SHOW_BACKUPS_STORAGE_KEY is not defined
        at AUTO_GEAR_SHOW_BACKUPS_STORAGE_KEY (/Users/lucazanner/Documents/GitHub/cine-power-planner/src/scripts/storage.js:16809:9)
        at safeSetLocalStorage (/Users/lucazanner/Documents/GitHub/cine-power-planner/src/scripts/storage.js:17729:9)
        at Array.forEach (<anonymous>)
        at forEach (/Users/lucazanner/Documents/GitHub/cine-power-planner/src/scripts/storage.js:17727:18)
        at Object.importAllData (/Users/lucazanner/Documents/GitHub/cine-power-planner/tests/unit/storage.test.js:2661:5)
        at Promise.finally.completed (/Users/lucazanner/Documents/GitHub/cine-power-planner/node_modules/jest-circus/build/jestAdapterInit.js:1557:28)
        at new Promise (<anonymous>)
        at callAsyncCircusFn (/Users/lucazanner/Documents/GitHub/cine-power-planner/node_modules/jest-circus/build/jestAdapterInit.js:1497:10)
        at _callCircusTest (/Users/lucazanner/Documents/GitHub/cine-power-planner/node_modules/jest-circus/build/jestAdapterInit.js:1007:40)
        at _runTest (/Users/lucazanner/Documents/GitHub/cine-power-planner/node_modules/jest-circus/build/jestAdapterInit.js:947:3)
        at /Users/lucazanner/Documents/GitHub/cine-power-planner/node_modules/jest-circus/build/jestAdapterInit.js:849:7
        at _runTestsForDescribeBlock (/Users/lucazanner/Documents/GitHub/cine-power-planner/node_modules/jest-circus/build/jestAdapterInit.js:862:11)
        at _runTestsForDescribeBlock (/Users/lucazanner/Documents/GitHub/cine-power-planner/node_modules/jest-circus/build/jestAdapterInit.js:857:11)
        at run (/Users/lucazanner/Documents/GitHub/cine-power-planner/node_modules/jest-circus/build/jestAdapterInit.js:761:3)
        at runAndTransformResultsToJestFormat (/Users/lucazanner/Documents/GitHub/cine-power-planner/node_modules/jest-circus/build/jestAdapterInit.js:1918:21)
        at jestAdapter (/Users/lucazanner/Documents/GitHub/cine-power-planner/node_modules/jest-circus/build/runner.js:101:19)
        at runTestInternal (/Users/lucazanner/Documents/GitHub/cine-power-planner/node_modules/jest-runner/build/index.js:275:16)
        at runTest (/Users/lucazanner/Documents/GitHub/cine-power-planner/node_modules/jest-runner/build/index.js:343:7)

      61 |       return undefined;
      62 |     }
    > 63 |     return originalFn(...args);
         |            ^
      64 |   };
      65 | };
      66 |

      at console.<anonymous> (tests/setup/jest.setup.cjs:63:12)
      at console.apply [as warn] (src/scripts/modules/base.js:92:26)
      at Proxy.apply (src/scripts/modules/base.js:92:26)
      at Proxy.apply (src/scripts/modules/base.js:92:26)
      at Proxy.apply (src/scripts/modules/base.js:92:26)
      at warn (src/scripts/storage.js:16818:13)
      at safeSetLocalStorage (src/scripts/storage.js:17729:9)
          at Array.forEach (<anonymous>)
      at forEach (src/scripts/storage.js:17727:18)
      at Object.importAllData (tests/unit/storage.test.js:2661:5)

  console.warn
    MOCK SET: __storage_test__ = 1

      61 |       return undefined;
      62 |     }
    > 63 |     return originalFn(...args);
         |            ^
      64 |   };
      65 | };
      66 |

      at console.<anonymous> (tests/setup/jest.setup.cjs:63:12)
      at console.apply [as warn] (src/scripts/modules/base.js:92:26)
      at Proxy.apply (src/scripts/modules/base.js:92:26)
      at Proxy.apply (src/scripts/modules/base.js:92:26)
      at Proxy.apply (src/scripts/modules/base.js:92:26)
      at Object.warn (tests/unit/storage.test.js:11:15)
      at setItem (src/scripts/storage.js:5846:13)
      at verifyStorage (src/scripts/storage.js:6155:26)
      at downgradeSafeLocalStorageToMemory (src/scripts/storage.js:16819:5)
      at safeSetLocalStorage (src/scripts/storage.js:17729:9)
          at Array.forEach (<anonymous>)
      at forEach (src/scripts/storage.js:17727:18)
      at Object.importAllData (tests/unit/storage.test.js:2661:5)

  console.warn
    MOCK SET: cameraPowerPlanner_devices = {"cameras":{},"monitors":{},"video":{},"viewfinder

      61 |       return undefined;
      62 |     }
    > 63 |     return originalFn(...args);
         |            ^
      64 |   };
      65 | };
      66 |

      at console.<anonymous> (tests/setup/jest.setup.cjs:63:12)
      at console.apply [as warn] (src/scripts/modules/base.js:92:26)
      at Proxy.apply (src/scripts/modules/base.js:92:26)
      at Proxy.apply (src/scripts/modules/base.js:92:26)
      at Proxy.apply (src/scripts/modules/base.js:92:26)
      at Object.warn (tests/unit/storage.test.js:11:15)
      at setItem (src/scripts/storage.js:6179:25)
          at Array.forEach (<anonymous>)
      at forEach (src/scripts/storage.js:6172:25)
      at downgradeSafeLocalStorageToMemory (src/scripts/storage.js:16819:5)
      at safeSetLocalStorage (src/scripts/storage.js:17729:9)
          at Array.forEach (<anonymous>)
      at forEach (src/scripts/storage.js:17727:18)
      at Object.importAllData (tests/unit/storage.test.js:2661:5)

  console.warn
    MOCK SET: cameraPowerPlanner_devices__backup = {"cameras":{},"monitors":{},"video":{},"viewfinder

      61 |       return undefined;
      62 |     }
    > 63 |     return originalFn(...args);
         |            ^
      64 |   };
      65 | };
      66 |

      at console.<anonymous> (tests/setup/jest.setup.cjs:63:12)
      at console.apply [as warn] (src/scripts/modules/base.js:92:26)
      at Proxy.apply (src/scripts/modules/base.js:92:26)
      at Proxy.apply (src/scripts/modules/base.js:92:26)
      at Proxy.apply (src/scripts/modules/base.js:92:26)
      at Object.warn (tests/unit/storage.test.js:11:15)
      at setItem (src/scripts/storage.js:6179:25)
          at Array.forEach (<anonymous>)
      at forEach (src/scripts/storage.js:6172:25)
      at downgradeSafeLocalStorageToMemory (src/scripts/storage.js:16819:5)
      at safeSetLocalStorage (src/scripts/storage.js:17729:9)
          at Array.forEach (<anonymous>)
      at forEach (src/scripts/storage.js:17727:18)
      at Object.importAllData (tests/unit/storage.test.js:2661:5)

  console.warn
    MOCK SET: cameraPowerPlanner_setups = {"A":{"foo":1}}

      61 |       return undefined;
      62 |     }
    > 63 |     return originalFn(...args);
         |            ^
      64 |   };
      65 | };
      66 |

      at console.<anonymous> (tests/setup/jest.setup.cjs:63:12)
      at console.apply [as warn] (src/scripts/modules/base.js:92:26)
      at Proxy.apply (src/scripts/modules/base.js:92:26)
      at Proxy.apply (src/scripts/modules/base.js:92:26)
      at Proxy.apply (src/scripts/modules/base.js:92:26)
      at Object.warn (tests/unit/storage.test.js:11:15)
      at setItem (src/scripts/storage.js:6179:25)
          at Array.forEach (<anonymous>)
      at forEach (src/scripts/storage.js:6172:25)
      at downgradeSafeLocalStorageToMemory (src/scripts/storage.js:16819:5)
      at safeSetLocalStorage (src/scripts/storage.js:17729:9)
          at Array.forEach (<anonymous>)
      at forEach (src/scripts/storage.js:17727:18)
      at Object.importAllData (tests/unit/storage.test.js:2661:5)

  console.warn
    MOCK SET: cameraPowerPlanner_setups__backup = {"A":{"foo":1}}

      61 |       return undefined;
      62 |     }
    > 63 |     return originalFn(...args);
         |            ^
      64 |   };
      65 | };
      66 |

      at console.<anonymous> (tests/setup/jest.setup.cjs:63:12)
      at console.apply [as warn] (src/scripts/modules/base.js:92:26)
      at Proxy.apply (src/scripts/modules/base.js:92:26)
      at Proxy.apply (src/scripts/modules/base.js:92:26)
      at Proxy.apply (src/scripts/modules/base.js:92:26)
      at Object.warn (tests/unit/storage.test.js:11:15)
      at setItem (src/scripts/storage.js:6179:25)
          at Array.forEach (<anonymous>)
      at forEach (src/scripts/storage.js:6172:25)
      at downgradeSafeLocalStorageToMemory (src/scripts/storage.js:16819:5)
      at safeSetLocalStorage (src/scripts/storage.js:17729:9)
          at Array.forEach (<anonymous>)
      at forEach (src/scripts/storage.js:17727:18)
      at Object.importAllData (tests/unit/storage.test.js:2661:5)

  console.warn
    MOCK SET: cameraPowerPlanner_session = {"camera":"CamA"}

      61 |       return undefined;
      62 |     }
    > 63 |     return originalFn(...args);
         |            ^
      64 |   };
      65 | };
      66 |

      at console.<anonymous> (tests/setup/jest.setup.cjs:63:12)
      at console.apply [as warn] (src/scripts/modules/base.js:92:26)
      at Proxy.apply (src/scripts/modules/base.js:92:26)
      at Proxy.apply (src/scripts/modules/base.js:92:26)
      at Proxy.apply (src/scripts/modules/base.js:92:26)
      at Object.warn (tests/unit/storage.test.js:11:15)
      at setItem (src/scripts/storage.js:6179:25)
          at Array.forEach (<anonymous>)
      at forEach (src/scripts/storage.js:6172:25)
      at downgradeSafeLocalStorageToMemory (src/scripts/storage.js:16819:5)
      at safeSetLocalStorage (src/scripts/storage.js:17729:9)
          at Array.forEach (<anonymous>)
      at forEach (src/scripts/storage.js:17727:18)
      at Object.importAllData (tests/unit/storage.test.js:2661:5)

  console.warn
    MOCK SET: cameraPowerPlanner_session__backup = {"camera":"CamA"}

      61 |       return undefined;
      62 |     }
    > 63 |     return originalFn(...args);
         |            ^
      64 |   };
      65 | };
      66 |

      at console.<anonymous> (tests/setup/jest.setup.cjs:63:12)
      at console.apply [as warn] (src/scripts/modules/base.js:92:26)
      at Proxy.apply (src/scripts/modules/base.js:92:26)
      at Proxy.apply (src/scripts/modules/base.js:92:26)
      at Proxy.apply (src/scripts/modules/base.js:92:26)
      at Object.warn (tests/unit/storage.test.js:11:15)
      at setItem (src/scripts/storage.js:6179:25)
          at Array.forEach (<anonymous>)
      at forEach (src/scripts/storage.js:6172:25)
      at downgradeSafeLocalStorageToMemory (src/scripts/storage.js:16819:5)
      at safeSetLocalStorage (src/scripts/storage.js:17729:9)
          at Array.forEach (<anonymous>)
      at forEach (src/scripts/storage.js:17727:18)
      at Object.importAllData (tests/unit/storage.test.js:2661:5)

  console.warn
    MOCK SET: cameraPowerPlanner_feedback = {"note":"hi"}

      61 |       return undefined;
      62 |     }
    > 63 |     return originalFn(...args);
         |            ^
      64 |   };
      65 | };
      66 |

      at console.<anonymous> (tests/setup/jest.setup.cjs:63:12)
      at console.apply [as warn] (src/scripts/modules/base.js:92:26)
      at Proxy.apply (src/scripts/modules/base.js:92:26)
      at Proxy.apply (src/scripts/modules/base.js:92:26)
      at Proxy.apply (src/scripts/modules/base.js:92:26)
      at Object.warn (tests/unit/storage.test.js:11:15)
      at setItem (src/scripts/storage.js:6179:25)
          at Array.forEach (<anonymous>)
      at forEach (src/scripts/storage.js:6172:25)
      at downgradeSafeLocalStorageToMemory (src/scripts/storage.js:16819:5)
      at safeSetLocalStorage (src/scripts/storage.js:17729:9)
          at Array.forEach (<anonymous>)
      at forEach (src/scripts/storage.js:17727:18)
      at Object.importAllData (tests/unit/storage.test.js:2661:5)

  console.warn
    MOCK SET: cameraPowerPlanner_feedback__backup = {"note":"hi"}

      61 |       return undefined;
      62 |     }
    > 63 |     return originalFn(...args);
         |            ^
      64 |   };
      65 | };
      66 |

      at console.<anonymous> (tests/setup/jest.setup.cjs:63:12)
      at console.apply [as warn] (src/scripts/modules/base.js:92:26)
      at Proxy.apply (src/scripts/modules/base.js:92:26)
      at Proxy.apply (src/scripts/modules/base.js:92:26)
      at Proxy.apply (src/scripts/modules/base.js:92:26)
      at Object.warn (tests/unit/storage.test.js:11:15)
      at setItem (src/scripts/storage.js:6179:25)
          at Array.forEach (<anonymous>)
      at forEach (src/scripts/storage.js:6172:25)
      at downgradeSafeLocalStorageToMemory (src/scripts/storage.js:16819:5)
      at safeSetLocalStorage (src/scripts/storage.js:17729:9)
          at Array.forEach (<anonymous>)
      at forEach (src/scripts/storage.js:17727:18)
      at Object.importAllData (tests/unit/storage.test.js:2661:5)

  console.warn
    MOCK SET: cameraPowerPlanner_favorites = {"cat":["B"]}

      61 |       return undefined;
      62 |     }
    > 63 |     return originalFn(...args);
         |            ^
      64 |   };
      65 | };
      66 |

      at console.<anonymous> (tests/setup/jest.setup.cjs:63:12)
      at console.apply [as warn] (src/scripts/modules/base.js:92:26)
      at Proxy.apply (src/scripts/modules/base.js:92:26)
      at Proxy.apply (src/scripts/modules/base.js:92:26)
      at Proxy.apply (src/scripts/modules/base.js:92:26)
      at Object.warn (tests/unit/storage.test.js:11:15)
      at setItem (src/scripts/storage.js:6179:25)
          at Array.forEach (<anonymous>)
      at forEach (src/scripts/storage.js:6172:25)
      at downgradeSafeLocalStorageToMemory (src/scripts/storage.js:16819:5)
      at safeSetLocalStorage (src/scripts/storage.js:17729:9)
          at Array.forEach (<anonymous>)
      at forEach (src/scripts/storage.js:17727:18)
      at Object.importAllData (tests/unit/storage.test.js:2661:5)

  console.warn
    MOCK SET: cameraPowerPlanner_favorites__backup = {"cat":["B"]}

      61 |       return undefined;
      62 |     }
    > 63 |     return originalFn(...args);
         |            ^
      64 |   };
      65 | };
      66 |

      at console.<anonymous> (tests/setup/jest.setup.cjs:63:12)
      at console.apply [as warn] (src/scripts/modules/base.js:92:26)
      at Proxy.apply (src/scripts/modules/base.js:92:26)
      at Proxy.apply (src/scripts/modules/base.js:92:26)
      at Proxy.apply (src/scripts/modules/base.js:92:26)
      at Object.warn (tests/unit/storage.test.js:11:15)
      at setItem (src/scripts/storage.js:6179:25)
          at Array.forEach (<anonymous>)
      at forEach (src/scripts/storage.js:6172:25)
      at downgradeSafeLocalStorageToMemory (src/scripts/storage.js:16819:5)
      at safeSetLocalStorage (src/scripts/storage.js:17729:9)
          at Array.forEach (<anonymous>)
      at forEach (src/scripts/storage.js:17727:18)
      at Object.importAllData (tests/unit/storage.test.js:2661:5)

  console.warn
    Downgraded planner storage to sessionStorage after write access errors. ReferenceError: AUTO_GEAR_SHOW_BACKUPS_STORAGE_KEY is not defined
        at AUTO_GEAR_SHOW_BACKUPS_STORAGE_KEY (/Users/lucazanner/Documents/GitHub/cine-power-planner/src/scripts/storage.js:16809:9)
        at safeSetLocalStorage (/Users/lucazanner/Documents/GitHub/cine-power-planner/src/scripts/storage.js:17729:9)
        at Array.forEach (<anonymous>)
        at forEach (/Users/lucazanner/Documents/GitHub/cine-power-planner/src/scripts/storage.js:17727:18)
        at Object.importAllData (/Users/lucazanner/Documents/GitHub/cine-power-planner/tests/unit/storage.test.js:2661:5)
        at Promise.finally.completed (/Users/lucazanner/Documents/GitHub/cine-power-planner/node_modules/jest-circus/build/jestAdapterInit.js:1557:28)
        at new Promise (<anonymous>)
        at callAsyncCircusFn (/Users/lucazanner/Documents/GitHub/cine-power-planner/node_modules/jest-circus/build/jestAdapterInit.js:1497:10)
        at _callCircusTest (/Users/lucazanner/Documents/GitHub/cine-power-planner/node_modules/jest-circus/build/jestAdapterInit.js:1007:40)
        at _runTest (/Users/lucazanner/Documents/GitHub/cine-power-planner/node_modules/jest-circus/build/jestAdapterInit.js:947:3)
        at /Users/lucazanner/Documents/GitHub/cine-power-planner/node_modules/jest-circus/build/jestAdapterInit.js:849:7
        at _runTestsForDescribeBlock (/Users/lucazanner/Documents/GitHub/cine-power-planner/node_modules/jest-circus/build/jestAdapterInit.js:862:11)
        at _runTestsForDescribeBlock (/Users/lucazanner/Documents/GitHub/cine-power-planner/node_modules/jest-circus/build/jestAdapterInit.js:857:11)
        at run (/Users/lucazanner/Documents/GitHub/cine-power-planner/node_modules/jest-circus/build/jestAdapterInit.js:761:3)
        at runAndTransformResultsToJestFormat (/Users/lucazanner/Documents/GitHub/cine-power-planner/node_modules/jest-circus/build/jestAdapterInit.js:1918:21)
        at jestAdapter (/Users/lucazanner/Documents/GitHub/cine-power-planner/node_modules/jest-circus/build/runner.js:101:19)
        at runTestInternal (/Users/lucazanner/Documents/GitHub/cine-power-planner/node_modules/jest-runner/build/index.js:275:16)
        at runTest (/Users/lucazanner/Documents/GitHub/cine-power-planner/node_modules/jest-runner/build/index.js:343:7)

      61 |       return undefined;
      62 |     }
    > 63 |     return originalFn(...args);
         |            ^
      64 |   };
      65 | };
      66 |

      at console.<anonymous> (tests/setup/jest.setup.cjs:63:12)
      at console.apply [as warn] (src/scripts/modules/base.js:92:26)
      at Proxy.apply (src/scripts/modules/base.js:92:26)
      at Proxy.apply (src/scripts/modules/base.js:92:26)
      at Proxy.apply (src/scripts/modules/base.js:92:26)
      at warn (src/scripts/storage.js:6193:11)
      at downgradeSafeLocalStorageToMemory (src/scripts/storage.js:16819:5)
      at safeSetLocalStorage (src/scripts/storage.js:17729:9)
          at Array.forEach (<anonymous>)
      at forEach (src/scripts/storage.js:17727:18)
      at Object.importAllData (tests/unit/storage.test.js:2661:5)

  console.warn
    MOCK SET: __storage_test__ = 1

      61 |       return undefined;
      62 |     }
    > 63 |     return originalFn(...args);
         |            ^
      64 |   };
      65 | };
      66 |

      at console.<anonymous> (tests/setup/jest.setup.cjs:63:12)
      at console.apply [as warn] (src/scripts/modules/base.js:92:26)
      at Proxy.apply (src/scripts/modules/base.js:92:26)
      at Proxy.apply (src/scripts/modules/base.js:92:26)
      at Proxy.apply (src/scripts/modules/base.js:92:26)
      at Object.warn (tests/unit/storage.test.js:11:15)
      at setItem (src/scripts/storage.js:5846:13)
      at verifyStorage (src/scripts/storage.js:6228:18)
      at attemptLocalStorageUpgrade (src/scripts/storage.js:6286:5)
      at getSafeLocalStorage (src/scripts/storage.js:16652:19)
      at safeSetLocalStorage (src/scripts/storage.js:17729:9)
          at Array.forEach (<anonymous>)
      at forEach (src/scripts/storage.js:17727:18)
      at Object.importAllData (tests/unit/storage.test.js:2661:5)

  console.log
    DEBUG: getSafeLocalStorage returning object

      at Proxy.apply (src/scripts/modules/base.js:92:26)
          at Array.forEach (<anonymous>)

  console.error
    DEBUG: safeSetLocalStorage EXEC showAutoBackups true

      61 |       return undefined;
      62 |     }
    > 63 |     return originalFn(...args);
         |            ^
      64 |   };
      65 | };
      66 |

      at console.<anonymous> (tests/setup/jest.setup.cjs:63:12)
      at Proxy.apply (src/scripts/modules/base.js:92:26)
      at error (src/scripts/storage.js:16657:11)
      at safeSetLocalStorage (src/scripts/storage.js:17729:9)
          at Array.forEach (<anonymous>)
      at forEach (src/scripts/storage.js:17727:18)
      at Object.importAllData (tests/unit/storage.test.js:2661:5)

  console.log
    DEBUG: isIndexedDB calculated: true

      at Proxy.apply (src/scripts/modules/base.js:92:26)
          at Array.forEach (<anonymous>)

  console.warn
    Unable to persist storage key during import showAutoBackups ReferenceError: AUTO_GEAR_SHOW_BACKUPS_STORAGE_KEY is not defined
        at AUTO_GEAR_SHOW_BACKUPS_STORAGE_KEY (/Users/lucazanner/Documents/GitHub/cine-power-planner/src/scripts/storage.js:16809:9)
        at safeSetLocalStorage (/Users/lucazanner/Documents/GitHub/cine-power-planner/src/scripts/storage.js:17729:9)
        at Array.forEach (<anonymous>)
        at forEach (/Users/lucazanner/Documents/GitHub/cine-power-planner/src/scripts/storage.js:17727:18)
        at Object.importAllData (/Users/lucazanner/Documents/GitHub/cine-power-planner/tests/unit/storage.test.js:2661:5)
        at Promise.finally.completed (/Users/lucazanner/Documents/GitHub/cine-power-planner/node_modules/jest-circus/build/jestAdapterInit.js:1557:28)
        at new Promise (<anonymous>)
        at callAsyncCircusFn (/Users/lucazanner/Documents/GitHub/cine-power-planner/node_modules/jest-circus/build/jestAdapterInit.js:1497:10)
        at _callCircusTest (/Users/lucazanner/Documents/GitHub/cine-power-planner/node_modules/jest-circus/build/jestAdapterInit.js:1007:40)
        at _runTest (/Users/lucazanner/Documents/GitHub/cine-power-planner/node_modules/jest-circus/build/jestAdapterInit.js:947:3)
        at /Users/lucazanner/Documents/GitHub/cine-power-planner/node_modules/jest-circus/build/jestAdapterInit.js:849:7
        at _runTestsForDescribeBlock (/Users/lucazanner/Documents/GitHub/cine-power-planner/node_modules/jest-circus/build/jestAdapterInit.js:862:11)
        at _runTestsForDescribeBlock (/Users/lucazanner/Documents/GitHub/cine-power-planner/node_modules/jest-circus/build/jestAdapterInit.js:857:11)
        at run (/Users/lucazanner/Documents/GitHub/cine-power-planner/node_modules/jest-circus/build/jestAdapterInit.js:761:3)
        at runAndTransformResultsToJestFormat (/Users/lucazanner/Documents/GitHub/cine-power-planner/node_modules/jest-circus/build/jestAdapterInit.js:1918:21)
        at jestAdapter (/Users/lucazanner/Documents/GitHub/cine-power-planner/node_modules/jest-circus/build/runner.js:101:19)
        at runTestInternal (/Users/lucazanner/Documents/GitHub/cine-power-planner/node_modules/jest-runner/build/index.js:275:16)
        at runTest (/Users/lucazanner/Documents/GitHub/cine-power-planner/node_modules/jest-runner/build/index.js:343:7)

      61 |       return undefined;
      62 |     }
    > 63 |     return originalFn(...args);
         |            ^
      64 |   };
      65 | };
      66 |

      at console.<anonymous> (tests/setup/jest.setup.cjs:63:12)
      at console.apply [as warn] (src/scripts/modules/base.js:92:26)
      at Proxy.apply (src/scripts/modules/base.js:92:26)
      at Proxy.apply (src/scripts/modules/base.js:92:26)
      at Proxy.apply (src/scripts/modules/base.js:92:26)
      at warn (src/scripts/storage.js:16818:13)
      at safeSetLocalStorage (src/scripts/storage.js:17729:9)
          at Array.forEach (<anonymous>)
      at forEach (src/scripts/storage.js:17727:18)
      at Object.importAllData (tests/unit/storage.test.js:2661:5)

  console.warn
    MOCK SET: __storage_test__ = 1

      61 |       return undefined;
      62 |     }
    > 63 |     return originalFn(...args);
         |            ^
      64 |   };
      65 | };
      66 |

      at console.<anonymous> (tests/setup/jest.setup.cjs:63:12)
      at console.apply [as warn] (src/scripts/modules/base.js:92:26)
      at Proxy.apply (src/scripts/modules/base.js:92:26)
      at Proxy.apply (src/scripts/modules/base.js:92:26)
      at Proxy.apply (src/scripts/modules/base.js:92:26)
      at Object.warn (tests/unit/storage.test.js:11:15)
      at setItem (src/scripts/storage.js:5846:13)
      at verifyStorage (src/scripts/storage.js:6155:26)
      at downgradeSafeLocalStorageToMemory (src/scripts/storage.js:16819:5)
      at safeSetLocalStorage (src/scripts/storage.js:17729:9)
          at Array.forEach (<anonymous>)
      at forEach (src/scripts/storage.js:17727:18)
      at Object.importAllData (tests/unit/storage.test.js:2661:5)

  console.warn
    MOCK SET: cameraPowerPlanner_devices = {"cameras":{},"monitors":{},"video":{},"viewfinder

      61 |       return undefined;
      62 |     }
    > 63 |     return originalFn(...args);
         |            ^
      64 |   };
      65 | };
      66 |

      at console.<anonymous> (tests/setup/jest.setup.cjs:63:12)
      at console.apply [as warn] (src/scripts/modules/base.js:92:26)
      at Proxy.apply (src/scripts/modules/base.js:92:26)
      at Proxy.apply (src/scripts/modules/base.js:92:26)
      at Proxy.apply (src/scripts/modules/base.js:92:26)
      at Object.warn (tests/unit/storage.test.js:11:15)
      at setItem (src/scripts/storage.js:6179:25)
          at Array.forEach (<anonymous>)
      at forEach (src/scripts/storage.js:6172:25)
      at downgradeSafeLocalStorageToMemory (src/scripts/storage.js:16819:5)
      at safeSetLocalStorage (src/scripts/storage.js:17729:9)
          at Array.forEach (<anonymous>)
      at forEach (src/scripts/storage.js:17727:18)
      at Object.importAllData (tests/unit/storage.test.js:2661:5)

  console.warn
    MOCK SET: cameraPowerPlanner_devices__backup = {"cameras":{},"monitors":{},"video":{},"viewfinder

      61 |       return undefined;
      62 |     }
    > 63 |     return originalFn(...args);
         |            ^
      64 |   };
      65 | };
      66 |

      at console.<anonymous> (tests/setup/jest.setup.cjs:63:12)
      at console.apply [as warn] (src/scripts/modules/base.js:92:26)
      at Proxy.apply (src/scripts/modules/base.js:92:26)
      at Proxy.apply (src/scripts/modules/base.js:92:26)
      at Proxy.apply (src/scripts/modules/base.js:92:26)
      at Object.warn (tests/unit/storage.test.js:11:15)
      at setItem (src/scripts/storage.js:6179:25)
          at Array.forEach (<anonymous>)
      at forEach (src/scripts/storage.js:6172:25)
      at downgradeSafeLocalStorageToMemory (src/scripts/storage.js:16819:5)
      at safeSetLocalStorage (src/scripts/storage.js:17729:9)
          at Array.forEach (<anonymous>)
      at forEach (src/scripts/storage.js:17727:18)
      at Object.importAllData (tests/unit/storage.test.js:2661:5)

  console.warn
    MOCK SET: cameraPowerPlanner_setups = {"A":{"foo":1}}

      61 |       return undefined;
      62 |     }
    > 63 |     return originalFn(...args);
         |            ^
      64 |   };
      65 | };
      66 |

      at console.<anonymous> (tests/setup/jest.setup.cjs:63:12)
      at console.apply [as warn] (src/scripts/modules/base.js:92:26)
      at Proxy.apply (src/scripts/modules/base.js:92:26)
      at Proxy.apply (src/scripts/modules/base.js:92:26)
      at Proxy.apply (src/scripts/modules/base.js:92:26)
      at Object.warn (tests/unit/storage.test.js:11:15)
      at setItem (src/scripts/storage.js:6179:25)
          at Array.forEach (<anonymous>)
      at forEach (src/scripts/storage.js:6172:25)
      at downgradeSafeLocalStorageToMemory (src/scripts/storage.js:16819:5)
      at safeSetLocalStorage (src/scripts/storage.js:17729:9)
          at Array.forEach (<anonymous>)
      at forEach (src/scripts/storage.js:17727:18)
      at Object.importAllData (tests/unit/storage.test.js:2661:5)

  console.warn
    MOCK SET: cameraPowerPlanner_setups__backup = {"A":{"foo":1}}

      61 |       return undefined;
      62 |     }
    > 63 |     return originalFn(...args);
         |            ^
      64 |   };
      65 | };
      66 |

      at console.<anonymous> (tests/setup/jest.setup.cjs:63:12)
      at console.apply [as warn] (src/scripts/modules/base.js:92:26)
      at Proxy.apply (src/scripts/modules/base.js:92:26)
      at Proxy.apply (src/scripts/modules/base.js:92:26)
      at Proxy.apply (src/scripts/modules/base.js:92:26)
      at Object.warn (tests/unit/storage.test.js:11:15)
      at setItem (src/scripts/storage.js:6179:25)
          at Array.forEach (<anonymous>)
      at forEach (src/scripts/storage.js:6172:25)
      at downgradeSafeLocalStorageToMemory (src/scripts/storage.js:16819:5)
      at safeSetLocalStorage (src/scripts/storage.js:17729:9)
          at Array.forEach (<anonymous>)
      at forEach (src/scripts/storage.js:17727:18)
      at Object.importAllData (tests/unit/storage.test.js:2661:5)

  console.warn
    MOCK SET: cameraPowerPlanner_session = {"camera":"CamA"}

      61 |       return undefined;
      62 |     }
    > 63 |     return originalFn(...args);
         |            ^
      64 |   };
      65 | };
      66 |

      at console.<anonymous> (tests/setup/jest.setup.cjs:63:12)
      at console.apply [as warn] (src/scripts/modules/base.js:92:26)
      at Proxy.apply (src/scripts/modules/base.js:92:26)
      at Proxy.apply (src/scripts/modules/base.js:92:26)
      at Proxy.apply (src/scripts/modules/base.js:92:26)
      at Object.warn (tests/unit/storage.test.js:11:15)
      at setItem (src/scripts/storage.js:6179:25)
          at Array.forEach (<anonymous>)
      at forEach (src/scripts/storage.js:6172:25)
      at downgradeSafeLocalStorageToMemory (src/scripts/storage.js:16819:5)
      at safeSetLocalStorage (src/scripts/storage.js:17729:9)
          at Array.forEach (<anonymous>)
      at forEach (src/scripts/storage.js:17727:18)
      at Object.importAllData (tests/unit/storage.test.js:2661:5)

  console.warn
    MOCK SET: cameraPowerPlanner_session__backup = {"camera":"CamA"}

      61 |       return undefined;
      62 |     }
    > 63 |     return originalFn(...args);
         |            ^
      64 |   };
      65 | };
      66 |

      at console.<anonymous> (tests/setup/jest.setup.cjs:63:12)
      at console.apply [as warn] (src/scripts/modules/base.js:92:26)
      at Proxy.apply (src/scripts/modules/base.js:92:26)
      at Proxy.apply (src/scripts/modules/base.js:92:26)
      at Proxy.apply (src/scripts/modules/base.js:92:26)
      at Object.warn (tests/unit/storage.test.js:11:15)
      at setItem (src/scripts/storage.js:6179:25)
          at Array.forEach (<anonymous>)
      at forEach (src/scripts/storage.js:6172:25)
      at downgradeSafeLocalStorageToMemory (src/scripts/storage.js:16819:5)
      at safeSetLocalStorage (src/scripts/storage.js:17729:9)
          at Array.forEach (<anonymous>)
      at forEach (src/scripts/storage.js:17727:18)
      at Object.importAllData (tests/unit/storage.test.js:2661:5)

  console.warn
    MOCK SET: cameraPowerPlanner_feedback = {"note":"hi"}

      61 |       return undefined;
      62 |     }
    > 63 |     return originalFn(...args);
         |            ^
      64 |   };
      65 | };
      66 |

      at console.<anonymous> (tests/setup/jest.setup.cjs:63:12)
      at console.apply [as warn] (src/scripts/modules/base.js:92:26)
      at Proxy.apply (src/scripts/modules/base.js:92:26)
      at Proxy.apply (src/scripts/modules/base.js:92:26)
      at Proxy.apply (src/scripts/modules/base.js:92:26)
      at Object.warn (tests/unit/storage.test.js:11:15)
      at setItem (src/scripts/storage.js:6179:25)
          at Array.forEach (<anonymous>)
      at forEach (src/scripts/storage.js:6172:25)
      at downgradeSafeLocalStorageToMemory (src/scripts/storage.js:16819:5)
      at safeSetLocalStorage (src/scripts/storage.js:17729:9)
          at Array.forEach (<anonymous>)
      at forEach (src/scripts/storage.js:17727:18)
      at Object.importAllData (tests/unit/storage.test.js:2661:5)

  console.warn
    MOCK SET: cameraPowerPlanner_feedback__backup = {"note":"hi"}

      61 |       return undefined;
      62 |     }
    > 63 |     return originalFn(...args);
         |            ^
      64 |   };
      65 | };
      66 |

      at console.<anonymous> (tests/setup/jest.setup.cjs:63:12)
      at console.apply [as warn] (src/scripts/modules/base.js:92:26)
      at Proxy.apply (src/scripts/modules/base.js:92:26)
      at Proxy.apply (src/scripts/modules/base.js:92:26)
      at Proxy.apply (src/scripts/modules/base.js:92:26)
      at Object.warn (tests/unit/storage.test.js:11:15)
      at setItem (src/scripts/storage.js:6179:25)
          at Array.forEach (<anonymous>)
      at forEach (src/scripts/storage.js:6172:25)
      at downgradeSafeLocalStorageToMemory (src/scripts/storage.js:16819:5)
      at safeSetLocalStorage (src/scripts/storage.js:17729:9)
          at Array.forEach (<anonymous>)
      at forEach (src/scripts/storage.js:17727:18)
      at Object.importAllData (tests/unit/storage.test.js:2661:5)

  console.warn
    MOCK SET: cameraPowerPlanner_favorites = {"cat":["B"]}

      61 |       return undefined;
      62 |     }
    > 63 |     return originalFn(...args);
         |            ^
      64 |   };
      65 | };
      66 |

      at console.<anonymous> (tests/setup/jest.setup.cjs:63:12)
      at console.apply [as warn] (src/scripts/modules/base.js:92:26)
      at Proxy.apply (src/scripts/modules/base.js:92:26)
      at Proxy.apply (src/scripts/modules/base.js:92:26)
      at Proxy.apply (src/scripts/modules/base.js:92:26)
      at Object.warn (tests/unit/storage.test.js:11:15)
      at setItem (src/scripts/storage.js:6179:25)
          at Array.forEach (<anonymous>)
      at forEach (src/scripts/storage.js:6172:25)
      at downgradeSafeLocalStorageToMemory (src/scripts/storage.js:16819:5)
      at safeSetLocalStorage (src/scripts/storage.js:17729:9)
          at Array.forEach (<anonymous>)
      at forEach (src/scripts/storage.js:17727:18)
      at Object.importAllData (tests/unit/storage.test.js:2661:5)

  console.warn
    MOCK SET: cameraPowerPlanner_favorites__backup = {"cat":["B"]}

      61 |       return undefined;
      62 |     }
    > 63 |     return originalFn(...args);
         |            ^
      64 |   };
      65 | };
      66 |

      at console.<anonymous> (tests/setup/jest.setup.cjs:63:12)
      at console.apply [as warn] (src/scripts/modules/base.js:92:26)
      at Proxy.apply (src/scripts/modules/base.js:92:26)
      at Proxy.apply (src/scripts/modules/base.js:92:26)
      at Proxy.apply (src/scripts/modules/base.js:92:26)
      at Object.warn (tests/unit/storage.test.js:11:15)
      at setItem (src/scripts/storage.js:6179:25)
          at Array.forEach (<anonymous>)
      at forEach (src/scripts/storage.js:6172:25)
      at downgradeSafeLocalStorageToMemory (src/scripts/storage.js:16819:5)
      at safeSetLocalStorage (src/scripts/storage.js:17729:9)
          at Array.forEach (<anonymous>)
      at forEach (src/scripts/storage.js:17727:18)
      at Object.importAllData (tests/unit/storage.test.js:2661:5)

  console.warn
    Downgraded planner storage to sessionStorage after write access errors. ReferenceError: AUTO_GEAR_SHOW_BACKUPS_STORAGE_KEY is not defined
        at AUTO_GEAR_SHOW_BACKUPS_STORAGE_KEY (/Users/lucazanner/Documents/GitHub/cine-power-planner/src/scripts/storage.js:16809:9)
        at safeSetLocalStorage (/Users/lucazanner/Documents/GitHub/cine-power-planner/src/scripts/storage.js:17729:9)
        at Array.forEach (<anonymous>)
        at forEach (/Users/lucazanner/Documents/GitHub/cine-power-planner/src/scripts/storage.js:17727:18)
        at Object.importAllData (/Users/lucazanner/Documents/GitHub/cine-power-planner/tests/unit/storage.test.js:2661:5)
        at Promise.finally.completed (/Users/lucazanner/Documents/GitHub/cine-power-planner/node_modules/jest-circus/build/jestAdapterInit.js:1557:28)
        at new Promise (<anonymous>)
        at callAsyncCircusFn (/Users/lucazanner/Documents/GitHub/cine-power-planner/node_modules/jest-circus/build/jestAdapterInit.js:1497:10)
        at _callCircusTest (/Users/lucazanner/Documents/GitHub/cine-power-planner/node_modules/jest-circus/build/jestAdapterInit.js:1007:40)
        at _runTest (/Users/lucazanner/Documents/GitHub/cine-power-planner/node_modules/jest-circus/build/jestAdapterInit.js:947:3)
        at /Users/lucazanner/Documents/GitHub/cine-power-planner/node_modules/jest-circus/build/jestAdapterInit.js:849:7
        at _runTestsForDescribeBlock (/Users/lucazanner/Documents/GitHub/cine-power-planner/node_modules/jest-circus/build/jestAdapterInit.js:862:11)
        at _runTestsForDescribeBlock (/Users/lucazanner/Documents/GitHub/cine-power-planner/node_modules/jest-circus/build/jestAdapterInit.js:857:11)
        at run (/Users/lucazanner/Documents/GitHub/cine-power-planner/node_modules/jest-circus/build/jestAdapterInit.js:761:3)
        at runAndTransformResultsToJestFormat (/Users/lucazanner/Documents/GitHub/cine-power-planner/node_modules/jest-circus/build/jestAdapterInit.js:1918:21)
        at jestAdapter (/Users/lucazanner/Documents/GitHub/cine-power-planner/node_modules/jest-circus/build/runner.js:101:19)
        at runTestInternal (/Users/lucazanner/Documents/GitHub/cine-power-planner/node_modules/jest-runner/build/index.js:275:16)
        at runTest (/Users/lucazanner/Documents/GitHub/cine-power-planner/node_modules/jest-runner/build/index.js:343:7)

      61 |       return undefined;
      62 |     }
    > 63 |     return originalFn(...args);
         |            ^
      64 |   };
      65 | };
      66 |

      at console.<anonymous> (tests/setup/jest.setup.cjs:63:12)
      at console.apply [as warn] (src/scripts/modules/base.js:92:26)
      at Proxy.apply (src/scripts/modules/base.js:92:26)
      at Proxy.apply (src/scripts/modules/base.js:92:26)
      at Proxy.apply (src/scripts/modules/base.js:92:26)
      at warn (src/scripts/storage.js:6193:11)
      at downgradeSafeLocalStorageToMemory (src/scripts/storage.js:16819:5)
      at safeSetLocalStorage (src/scripts/storage.js:17729:9)
          at Array.forEach (<anonymous>)
      at forEach (src/scripts/storage.js:17727:18)
      at Object.importAllData (tests/unit/storage.test.js:2661:5)

  console.warn
    MOCK SET: __storage_test__ = 1

      61 |       return undefined;
      62 |     }
    > 63 |     return originalFn(...args);
         |            ^
      64 |   };
      65 | };
      66 |

      at console.<anonymous> (tests/setup/jest.setup.cjs:63:12)
      at console.apply [as warn] (src/scripts/modules/base.js:92:26)
      at Proxy.apply (src/scripts/modules/base.js:92:26)
      at Proxy.apply (src/scripts/modules/base.js:92:26)
      at Proxy.apply (src/scripts/modules/base.js:92:26)
      at Object.warn (tests/unit/storage.test.js:11:15)
      at setItem (src/scripts/storage.js:5846:13)
      at verifyStorage (src/scripts/storage.js:6228:18)
      at attemptLocalStorageUpgrade (src/scripts/storage.js:6286:5)
      at getSafeLocalStorage (src/scripts/storage.js:16652:19)
      at safeSetLocalStorage (src/scripts/storage.js:17729:9)
          at Array.forEach (<anonymous>)
      at forEach (src/scripts/storage.js:17727:18)
      at Object.importAllData (tests/unit/storage.test.js:2661:5)

  console.log
    DEBUG: getSafeLocalStorage returning object

      at Proxy.apply (src/scripts/modules/base.js:92:26)
          at Array.forEach (<anonymous>)

  console.error
    DEBUG: safeSetLocalStorage EXEC iosPwaHelpShown true

      61 |       return undefined;
      62 |     }
    > 63 |     return originalFn(...args);
         |            ^
      64 |   };
      65 | };
      66 |

      at console.<anonymous> (tests/setup/jest.setup.cjs:63:12)
      at Proxy.apply (src/scripts/modules/base.js:92:26)
      at error (src/scripts/storage.js:16657:11)
      at safeSetLocalStorage (src/scripts/storage.js:17729:9)
          at Array.forEach (<anonymous>)
      at forEach (src/scripts/storage.js:17727:18)
      at Object.importAllData (tests/unit/storage.test.js:2661:5)

  console.log
    DEBUG: isIndexedDB calculated: true

      at Proxy.apply (src/scripts/modules/base.js:92:26)
          at Array.forEach (<anonymous>)

  console.warn
    Unable to persist storage key during import iosPwaHelpShown ReferenceError: AUTO_GEAR_SHOW_BACKUPS_STORAGE_KEY is not defined
        at AUTO_GEAR_SHOW_BACKUPS_STORAGE_KEY (/Users/lucazanner/Documents/GitHub/cine-power-planner/src/scripts/storage.js:16809:9)
        at safeSetLocalStorage (/Users/lucazanner/Documents/GitHub/cine-power-planner/src/scripts/storage.js:17729:9)
        at Array.forEach (<anonymous>)
        at forEach (/Users/lucazanner/Documents/GitHub/cine-power-planner/src/scripts/storage.js:17727:18)
        at Object.importAllData (/Users/lucazanner/Documents/GitHub/cine-power-planner/tests/unit/storage.test.js:2661:5)
        at Promise.finally.completed (/Users/lucazanner/Documents/GitHub/cine-power-planner/node_modules/jest-circus/build/jestAdapterInit.js:1557:28)
        at new Promise (<anonymous>)
        at callAsyncCircusFn (/Users/lucazanner/Documents/GitHub/cine-power-planner/node_modules/jest-circus/build/jestAdapterInit.js:1497:10)
        at _callCircusTest (/Users/lucazanner/Documents/GitHub/cine-power-planner/node_modules/jest-circus/build/jestAdapterInit.js:1007:40)
        at _runTest (/Users/lucazanner/Documents/GitHub/cine-power-planner/node_modules/jest-circus/build/jestAdapterInit.js:947:3)
        at /Users/lucazanner/Documents/GitHub/cine-power-planner/node_modules/jest-circus/build/jestAdapterInit.js:849:7
        at _runTestsForDescribeBlock (/Users/lucazanner/Documents/GitHub/cine-power-planner/node_modules/jest-circus/build/jestAdapterInit.js:862:11)
        at _runTestsForDescribeBlock (/Users/lucazanner/Documents/GitHub/cine-power-planner/node_modules/jest-circus/build/jestAdapterInit.js:857:11)
        at run (/Users/lucazanner/Documents/GitHub/cine-power-planner/node_modules/jest-circus/build/jestAdapterInit.js:761:3)
        at runAndTransformResultsToJestFormat (/Users/lucazanner/Documents/GitHub/cine-power-planner/node_modules/jest-circus/build/jestAdapterInit.js:1918:21)
        at jestAdapter (/Users/lucazanner/Documents/GitHub/cine-power-planner/node_modules/jest-circus/build/runner.js:101:19)
        at runTestInternal (/Users/lucazanner/Documents/GitHub/cine-power-planner/node_modules/jest-runner/build/index.js:275:16)
        at runTest (/Users/lucazanner/Documents/GitHub/cine-power-planner/node_modules/jest-runner/build/index.js:343:7)

      61 |       return undefined;
      62 |     }
    > 63 |     return originalFn(...args);
         |            ^
      64 |   };
      65 | };
      66 |

      at console.<anonymous> (tests/setup/jest.setup.cjs:63:12)
      at console.apply [as warn] (src/scripts/modules/base.js:92:26)
      at Proxy.apply (src/scripts/modules/base.js:92:26)
      at Proxy.apply (src/scripts/modules/base.js:92:26)
      at Proxy.apply (src/scripts/modules/base.js:92:26)
      at warn (src/scripts/storage.js:16818:13)
      at safeSetLocalStorage (src/scripts/storage.js:17729:9)
          at Array.forEach (<anonymous>)
      at forEach (src/scripts/storage.js:17727:18)
      at Object.importAllData (tests/unit/storage.test.js:2661:5)

  console.warn
    MOCK SET: __storage_test__ = 1

      61 |       return undefined;
      62 |     }
    > 63 |     return originalFn(...args);
         |            ^
      64 |   };
      65 | };
      66 |

      at console.<anonymous> (tests/setup/jest.setup.cjs:63:12)
      at console.apply [as warn] (src/scripts/modules/base.js:92:26)
      at Proxy.apply (src/scripts/modules/base.js:92:26)
      at Proxy.apply (src/scripts/modules/base.js:92:26)
      at Proxy.apply (src/scripts/modules/base.js:92:26)
      at Object.warn (tests/unit/storage.test.js:11:15)
      at setItem (src/scripts/storage.js:5846:13)
      at verifyStorage (src/scripts/storage.js:6155:26)
      at downgradeSafeLocalStorageToMemory (src/scripts/storage.js:16819:5)
      at safeSetLocalStorage (src/scripts/storage.js:17729:9)
          at Array.forEach (<anonymous>)
      at forEach (src/scripts/storage.js:17727:18)
      at Object.importAllData (tests/unit/storage.test.js:2661:5)

  console.warn
    MOCK SET: cameraPowerPlanner_devices = {"cameras":{},"monitors":{},"video":{},"viewfinder

      61 |       return undefined;
      62 |     }
    > 63 |     return originalFn(...args);
         |            ^
      64 |   };
      65 | };
      66 |

      at console.<anonymous> (tests/setup/jest.setup.cjs:63:12)
      at console.apply [as warn] (src/scripts/modules/base.js:92:26)
      at Proxy.apply (src/scripts/modules/base.js:92:26)
      at Proxy.apply (src/scripts/modules/base.js:92:26)
      at Proxy.apply (src/scripts/modules/base.js:92:26)
      at Object.warn (tests/unit/storage.test.js:11:15)
      at setItem (src/scripts/storage.js:6179:25)
          at Array.forEach (<anonymous>)
      at forEach (src/scripts/storage.js:6172:25)
      at downgradeSafeLocalStorageToMemory (src/scripts/storage.js:16819:5)
      at safeSetLocalStorage (src/scripts/storage.js:17729:9)
          at Array.forEach (<anonymous>)
      at forEach (src/scripts/storage.js:17727:18)
      at Object.importAllData (tests/unit/storage.test.js:2661:5)

  console.warn
    MOCK SET: cameraPowerPlanner_devices__backup = {"cameras":{},"monitors":{},"video":{},"viewfinder

      61 |       return undefined;
      62 |     }
    > 63 |     return originalFn(...args);
         |            ^
      64 |   };
      65 | };
      66 |

      at console.<anonymous> (tests/setup/jest.setup.cjs:63:12)
      at console.apply [as warn] (src/scripts/modules/base.js:92:26)
      at Proxy.apply (src/scripts/modules/base.js:92:26)
      at Proxy.apply (src/scripts/modules/base.js:92:26)
      at Proxy.apply (src/scripts/modules/base.js:92:26)
      at Object.warn (tests/unit/storage.test.js:11:15)
      at setItem (src/scripts/storage.js:6179:25)
          at Array.forEach (<anonymous>)
      at forEach (src/scripts/storage.js:6172:25)
      at downgradeSafeLocalStorageToMemory (src/scripts/storage.js:16819:5)
      at safeSetLocalStorage (src/scripts/storage.js:17729:9)
          at Array.forEach (<anonymous>)
      at forEach (src/scripts/storage.js:17727:18)
      at Object.importAllData (tests/unit/storage.test.js:2661:5)

  console.warn
    MOCK SET: cameraPowerPlanner_setups = {"A":{"foo":1}}

      61 |       return undefined;
      62 |     }
    > 63 |     return originalFn(...args);
         |            ^
      64 |   };
      65 | };
      66 |

      at console.<anonymous> (tests/setup/jest.setup.cjs:63:12)
      at console.apply [as warn] (src/scripts/modules/base.js:92:26)
      at Proxy.apply (src/scripts/modules/base.js:92:26)
      at Proxy.apply (src/scripts/modules/base.js:92:26)
      at Proxy.apply (src/scripts/modules/base.js:92:26)
      at Object.warn (tests/unit/storage.test.js:11:15)
      at setItem (src/scripts/storage.js:6179:25)
          at Array.forEach (<anonymous>)
      at forEach (src/scripts/storage.js:6172:25)
      at downgradeSafeLocalStorageToMemory (src/scripts/storage.js:16819:5)
      at safeSetLocalStorage (src/scripts/storage.js:17729:9)
          at Array.forEach (<anonymous>)
      at forEach (src/scripts/storage.js:17727:18)
      at Object.importAllData (tests/unit/storage.test.js:2661:5)

  console.warn
    MOCK SET: cameraPowerPlanner_setups__backup = {"A":{"foo":1}}

      61 |       return undefined;
      62 |     }
    > 63 |     return originalFn(...args);
         |            ^
      64 |   };
      65 | };
      66 |

      at console.<anonymous> (tests/setup/jest.setup.cjs:63:12)
      at console.apply [as warn] (src/scripts/modules/base.js:92:26)
      at Proxy.apply (src/scripts/modules/base.js:92:26)
      at Proxy.apply (src/scripts/modules/base.js:92:26)
      at Proxy.apply (src/scripts/modules/base.js:92:26)
      at Object.warn (tests/unit/storage.test.js:11:15)
      at setItem (src/scripts/storage.js:6179:25)
          at Array.forEach (<anonymous>)
      at forEach (src/scripts/storage.js:6172:25)
      at downgradeSafeLocalStorageToMemory (src/scripts/storage.js:16819:5)
      at safeSetLocalStorage (src/scripts/storage.js:17729:9)
          at Array.forEach (<anonymous>)
      at forEach (src/scripts/storage.js:17727:18)
      at Object.importAllData (tests/unit/storage.test.js:2661:5)

  console.warn
    MOCK SET: cameraPowerPlanner_session = {"camera":"CamA"}

      61 |       return undefined;
      62 |     }
    > 63 |     return originalFn(...args);
         |            ^
      64 |   };
      65 | };
      66 |

      at console.<anonymous> (tests/setup/jest.setup.cjs:63:12)
      at console.apply [as warn] (src/scripts/modules/base.js:92:26)
      at Proxy.apply (src/scripts/modules/base.js:92:26)
      at Proxy.apply (src/scripts/modules/base.js:92:26)
      at Proxy.apply (src/scripts/modules/base.js:92:26)
      at Object.warn (tests/unit/storage.test.js:11:15)
      at setItem (src/scripts/storage.js:6179:25)
          at Array.forEach (<anonymous>)
      at forEach (src/scripts/storage.js:6172:25)
      at downgradeSafeLocalStorageToMemory (src/scripts/storage.js:16819:5)
      at safeSetLocalStorage (src/scripts/storage.js:17729:9)
          at Array.forEach (<anonymous>)
      at forEach (src/scripts/storage.js:17727:18)
      at Object.importAllData (tests/unit/storage.test.js:2661:5)

  console.warn
    MOCK SET: cameraPowerPlanner_session__backup = {"camera":"CamA"}

      61 |       return undefined;
      62 |     }
    > 63 |     return originalFn(...args);
         |            ^
      64 |   };
      65 | };
      66 |

      at console.<anonymous> (tests/setup/jest.setup.cjs:63:12)
      at console.apply [as warn] (src/scripts/modules/base.js:92:26)
      at Proxy.apply (src/scripts/modules/base.js:92:26)
      at Proxy.apply (src/scripts/modules/base.js:92:26)
      at Proxy.apply (src/scripts/modules/base.js:92:26)
      at Object.warn (tests/unit/storage.test.js:11:15)
      at setItem (src/scripts/storage.js:6179:25)
          at Array.forEach (<anonymous>)
      at forEach (src/scripts/storage.js:6172:25)
      at downgradeSafeLocalStorageToMemory (src/scripts/storage.js:16819:5)
      at safeSetLocalStorage (src/scripts/storage.js:17729:9)
          at Array.forEach (<anonymous>)
      at forEach (src/scripts/storage.js:17727:18)
      at Object.importAllData (tests/unit/storage.test.js:2661:5)

  console.warn
    MOCK SET: cameraPowerPlanner_feedback = {"note":"hi"}

      61 |       return undefined;
      62 |     }
    > 63 |     return originalFn(...args);
         |            ^
      64 |   };
      65 | };
      66 |

      at console.<anonymous> (tests/setup/jest.setup.cjs:63:12)
      at console.apply [as warn] (src/scripts/modules/base.js:92:26)
      at Proxy.apply (src/scripts/modules/base.js:92:26)
      at Proxy.apply (src/scripts/modules/base.js:92:26)
      at Proxy.apply (src/scripts/modules/base.js:92:26)
      at Object.warn (tests/unit/storage.test.js:11:15)
      at setItem (src/scripts/storage.js:6179:25)
          at Array.forEach (<anonymous>)
      at forEach (src/scripts/storage.js:6172:25)
      at downgradeSafeLocalStorageToMemory (src/scripts/storage.js:16819:5)
      at safeSetLocalStorage (src/scripts/storage.js:17729:9)
          at Array.forEach (<anonymous>)
      at forEach (src/scripts/storage.js:17727:18)
      at Object.importAllData (tests/unit/storage.test.js:2661:5)

  console.warn
    MOCK SET: cameraPowerPlanner_feedback__backup = {"note":"hi"}

      61 |       return undefined;
      62 |     }
    > 63 |     return originalFn(...args);
         |            ^
      64 |   };
      65 | };
      66 |

      at console.<anonymous> (tests/setup/jest.setup.cjs:63:12)
      at console.apply [as warn] (src/scripts/modules/base.js:92:26)
      at Proxy.apply (src/scripts/modules/base.js:92:26)
      at Proxy.apply (src/scripts/modules/base.js:92:26)
      at Proxy.apply (src/scripts/modules/base.js:92:26)
      at Object.warn (tests/unit/storage.test.js:11:15)
      at setItem (src/scripts/storage.js:6179:25)
          at Array.forEach (<anonymous>)
      at forEach (src/scripts/storage.js:6172:25)
      at downgradeSafeLocalStorageToMemory (src/scripts/storage.js:16819:5)
      at safeSetLocalStorage (src/scripts/storage.js:17729:9)
          at Array.forEach (<anonymous>)
      at forEach (src/scripts/storage.js:17727:18)
      at Object.importAllData (tests/unit/storage.test.js:2661:5)

  console.warn
    MOCK SET: cameraPowerPlanner_favorites = {"cat":["B"]}

      61 |       return undefined;
      62 |     }
    > 63 |     return originalFn(...args);
         |            ^
      64 |   };
      65 | };
      66 |

      at console.<anonymous> (tests/setup/jest.setup.cjs:63:12)
      at console.apply [as warn] (src/scripts/modules/base.js:92:26)
      at Proxy.apply (src/scripts/modules/base.js:92:26)
      at Proxy.apply (src/scripts/modules/base.js:92:26)
      at Proxy.apply (src/scripts/modules/base.js:92:26)
      at Object.warn (tests/unit/storage.test.js:11:15)
      at setItem (src/scripts/storage.js:6179:25)
          at Array.forEach (<anonymous>)
      at forEach (src/scripts/storage.js:6172:25)
      at downgradeSafeLocalStorageToMemory (src/scripts/storage.js:16819:5)
      at safeSetLocalStorage (src/scripts/storage.js:17729:9)
          at Array.forEach (<anonymous>)
      at forEach (src/scripts/storage.js:17727:18)
      at Object.importAllData (tests/unit/storage.test.js:2661:5)

  console.warn
    MOCK SET: cameraPowerPlanner_favorites__backup = {"cat":["B"]}

      61 |       return undefined;
      62 |     }
    > 63 |     return originalFn(...args);
         |            ^
      64 |   };
      65 | };
      66 |

      at console.<anonymous> (tests/setup/jest.setup.cjs:63:12)
      at console.apply [as warn] (src/scripts/modules/base.js:92:26)
      at Proxy.apply (src/scripts/modules/base.js:92:26)
      at Proxy.apply (src/scripts/modules/base.js:92:26)
      at Proxy.apply (src/scripts/modules/base.js:92:26)
      at Object.warn (tests/unit/storage.test.js:11:15)
      at setItem (src/scripts/storage.js:6179:25)
          at Array.forEach (<anonymous>)
      at forEach (src/scripts/storage.js:6172:25)
      at downgradeSafeLocalStorageToMemory (src/scripts/storage.js:16819:5)
      at safeSetLocalStorage (src/scripts/storage.js:17729:9)
          at Array.forEach (<anonymous>)
      at forEach (src/scripts/storage.js:17727:18)
      at Object.importAllData (tests/unit/storage.test.js:2661:5)

  console.warn
    Downgraded planner storage to sessionStorage after write access errors. ReferenceError: AUTO_GEAR_SHOW_BACKUPS_STORAGE_KEY is not defined
        at AUTO_GEAR_SHOW_BACKUPS_STORAGE_KEY (/Users/lucazanner/Documents/GitHub/cine-power-planner/src/scripts/storage.js:16809:9)
        at safeSetLocalStorage (/Users/lucazanner/Documents/GitHub/cine-power-planner/src/scripts/storage.js:17729:9)
        at Array.forEach (<anonymous>)
        at forEach (/Users/lucazanner/Documents/GitHub/cine-power-planner/src/scripts/storage.js:17727:18)
        at Object.importAllData (/Users/lucazanner/Documents/GitHub/cine-power-planner/tests/unit/storage.test.js:2661:5)
        at Promise.finally.completed (/Users/lucazanner/Documents/GitHub/cine-power-planner/node_modules/jest-circus/build/jestAdapterInit.js:1557:28)
        at new Promise (<anonymous>)
        at callAsyncCircusFn (/Users/lucazanner/Documents/GitHub/cine-power-planner/node_modules/jest-circus/build/jestAdapterInit.js:1497:10)
        at _callCircusTest (/Users/lucazanner/Documents/GitHub/cine-power-planner/node_modules/jest-circus/build/jestAdapterInit.js:1007:40)
        at _runTest (/Users/lucazanner/Documents/GitHub/cine-power-planner/node_modules/jest-circus/build/jestAdapterInit.js:947:3)
        at /Users/lucazanner/Documents/GitHub/cine-power-planner/node_modules/jest-circus/build/jestAdapterInit.js:849:7
        at _runTestsForDescribeBlock (/Users/lucazanner/Documents/GitHub/cine-power-planner/node_modules/jest-circus/build/jestAdapterInit.js:862:11)
        at _runTestsForDescribeBlock (/Users/lucazanner/Documents/GitHub/cine-power-planner/node_modules/jest-circus/build/jestAdapterInit.js:857:11)
        at run (/Users/lucazanner/Documents/GitHub/cine-power-planner/node_modules/jest-circus/build/jestAdapterInit.js:761:3)
        at runAndTransformResultsToJestFormat (/Users/lucazanner/Documents/GitHub/cine-power-planner/node_modules/jest-circus/build/jestAdapterInit.js:1918:21)
        at jestAdapter (/Users/lucazanner/Documents/GitHub/cine-power-planner/node_modules/jest-circus/build/runner.js:101:19)
        at runTestInternal (/Users/lucazanner/Documents/GitHub/cine-power-planner/node_modules/jest-runner/build/index.js:275:16)
        at runTest (/Users/lucazanner/Documents/GitHub/cine-power-planner/node_modules/jest-runner/build/index.js:343:7)

      61 |       return undefined;
      62 |     }
    > 63 |     return originalFn(...args);
         |            ^
      64 |   };
      65 | };
      66 |

      at console.<anonymous> (tests/setup/jest.setup.cjs:63:12)
      at console.apply [as warn] (src/scripts/modules/base.js:92:26)
      at Proxy.apply (src/scripts/modules/base.js:92:26)
      at Proxy.apply (src/scripts/modules/base.js:92:26)
      at Proxy.apply (src/scripts/modules/base.js:92:26)
      at warn (src/scripts/storage.js:6193:11)
      at downgradeSafeLocalStorageToMemory (src/scripts/storage.js:16819:5)
      at safeSetLocalStorage (src/scripts/storage.js:17729:9)
          at Array.forEach (<anonymous>)
      at forEach (src/scripts/storage.js:17727:18)
      at Object.importAllData (tests/unit/storage.test.js:2661:5)

  console.warn
    MOCK SET: __storage_test__ = 1

      61 |       return undefined;
      62 |     }
    > 63 |     return originalFn(...args);
         |            ^
      64 |   };
      65 | };
      66 |

      at console.<anonymous> (tests/setup/jest.setup.cjs:63:12)
      at console.apply [as warn] (src/scripts/modules/base.js:92:26)
      at Proxy.apply (src/scripts/modules/base.js:92:26)
      at Proxy.apply (src/scripts/modules/base.js:92:26)
      at Proxy.apply (src/scripts/modules/base.js:92:26)
      at Object.warn (tests/unit/storage.test.js:11:15)
      at setItem (src/scripts/storage.js:5846:13)
      at verifyStorage (src/scripts/storage.js:6228:18)
      at attemptLocalStorageUpgrade (src/scripts/storage.js:6286:5)
      at getSafeLocalStorage (src/scripts/storage.js:16652:19)
      at safeSetLocalStorage (src/scripts/storage.js:17737:11)
          at Array.forEach (<anonymous>)
      at forEach (src/scripts/storage.js:17733:17)
      at Object.importAllData (tests/unit/storage.test.js:2661:5)

  console.log
    DEBUG: getSafeLocalStorage returning object

      at Proxy.apply (src/scripts/modules/base.js:92:26)
          at Array.forEach (<anonymous>)

  console.error
    DEBUG: safeSetLocalStorage EXEC accentColor #00ff00

      61 |       return undefined;
      62 |     }
    > 63 |     return originalFn(...args);
         |            ^
      64 |   };
      65 | };
      66 |

      at console.<anonymous> (tests/setup/jest.setup.cjs:63:12)
      at Proxy.apply (src/scripts/modules/base.js:92:26)
      at error (src/scripts/storage.js:16657:11)
      at safeSetLocalStorage (src/scripts/storage.js:17737:11)
          at Array.forEach (<anonymous>)
      at forEach (src/scripts/storage.js:17733:17)
      at Object.importAllData (tests/unit/storage.test.js:2661:5)

  console.log
    DEBUG: isIndexedDB calculated: true

      at Proxy.apply (src/scripts/modules/base.js:92:26)
          at Array.forEach (<anonymous>)

  console.warn
    Unable to persist storage key during import accentColor ReferenceError: AUTO_GEAR_SHOW_BACKUPS_STORAGE_KEY is not defined
        at AUTO_GEAR_SHOW_BACKUPS_STORAGE_KEY (/Users/lucazanner/Documents/GitHub/cine-power-planner/src/scripts/storage.js:16809:9)
        at safeSetLocalStorage (/Users/lucazanner/Documents/GitHub/cine-power-planner/src/scripts/storage.js:17737:11)
        at Array.forEach (<anonymous>)
        at forEach (/Users/lucazanner/Documents/GitHub/cine-power-planner/src/scripts/storage.js:17733:17)
        at Object.importAllData (/Users/lucazanner/Documents/GitHub/cine-power-planner/tests/unit/storage.test.js:2661:5)
        at Promise.finally.completed (/Users/lucazanner/Documents/GitHub/cine-power-planner/node_modules/jest-circus/build/jestAdapterInit.js:1557:28)
        at new Promise (<anonymous>)
        at callAsyncCircusFn (/Users/lucazanner/Documents/GitHub/cine-power-planner/node_modules/jest-circus/build/jestAdapterInit.js:1497:10)
        at _callCircusTest (/Users/lucazanner/Documents/GitHub/cine-power-planner/node_modules/jest-circus/build/jestAdapterInit.js:1007:40)
        at _runTest (/Users/lucazanner/Documents/GitHub/cine-power-planner/node_modules/jest-circus/build/jestAdapterInit.js:947:3)
        at /Users/lucazanner/Documents/GitHub/cine-power-planner/node_modules/jest-circus/build/jestAdapterInit.js:849:7
        at _runTestsForDescribeBlock (/Users/lucazanner/Documents/GitHub/cine-power-planner/node_modules/jest-circus/build/jestAdapterInit.js:862:11)
        at _runTestsForDescribeBlock (/Users/lucazanner/Documents/GitHub/cine-power-planner/node_modules/jest-circus/build/jestAdapterInit.js:857:11)
        at run (/Users/lucazanner/Documents/GitHub/cine-power-planner/node_modules/jest-circus/build/jestAdapterInit.js:761:3)
        at runAndTransformResultsToJestFormat (/Users/lucazanner/Documents/GitHub/cine-power-planner/node_modules/jest-circus/build/jestAdapterInit.js:1918:21)
        at jestAdapter (/Users/lucazanner/Documents/GitHub/cine-power-planner/node_modules/jest-circus/build/runner.js:101:19)
        at runTestInternal (/Users/lucazanner/Documents/GitHub/cine-power-planner/node_modules/jest-runner/build/index.js:275:16)
        at runTest (/Users/lucazanner/Documents/GitHub/cine-power-planner/node_modules/jest-runner/build/index.js:343:7)

      61 |       return undefined;
      62 |     }
    > 63 |     return originalFn(...args);
         |            ^
      64 |   };
      65 | };
      66 |

      at console.<anonymous> (tests/setup/jest.setup.cjs:63:12)
      at console.apply [as warn] (src/scripts/modules/base.js:92:26)
      at Proxy.apply (src/scripts/modules/base.js:92:26)
      at Proxy.apply (src/scripts/modules/base.js:92:26)
      at Proxy.apply (src/scripts/modules/base.js:92:26)
      at warn (src/scripts/storage.js:16818:13)
      at safeSetLocalStorage (src/scripts/storage.js:17737:11)
          at Array.forEach (<anonymous>)
      at forEach (src/scripts/storage.js:17733:17)
      at Object.importAllData (tests/unit/storage.test.js:2661:5)

  console.warn
    MOCK SET: __storage_test__ = 1

      61 |       return undefined;
      62 |     }
    > 63 |     return originalFn(...args);
         |            ^
      64 |   };
      65 | };
      66 |

      at console.<anonymous> (tests/setup/jest.setup.cjs:63:12)
      at console.apply [as warn] (src/scripts/modules/base.js:92:26)
      at Proxy.apply (src/scripts/modules/base.js:92:26)
      at Proxy.apply (src/scripts/modules/base.js:92:26)
      at Proxy.apply (src/scripts/modules/base.js:92:26)
      at Object.warn (tests/unit/storage.test.js:11:15)
      at setItem (src/scripts/storage.js:5846:13)
      at verifyStorage (src/scripts/storage.js:6155:26)
      at downgradeSafeLocalStorageToMemory (src/scripts/storage.js:16819:5)
      at safeSetLocalStorage (src/scripts/storage.js:17737:11)
          at Array.forEach (<anonymous>)
      at forEach (src/scripts/storage.js:17733:17)
      at Object.importAllData (tests/unit/storage.test.js:2661:5)

  console.warn
    MOCK SET: cameraPowerPlanner_devices = {"cameras":{},"monitors":{},"video":{},"viewfinder

      61 |       return undefined;
      62 |     }
    > 63 |     return originalFn(...args);
         |            ^
      64 |   };
      65 | };
      66 |

      at console.<anonymous> (tests/setup/jest.setup.cjs:63:12)
      at console.apply [as warn] (src/scripts/modules/base.js:92:26)
      at Proxy.apply (src/scripts/modules/base.js:92:26)
      at Proxy.apply (src/scripts/modules/base.js:92:26)
      at Proxy.apply (src/scripts/modules/base.js:92:26)
      at Object.warn (tests/unit/storage.test.js:11:15)
      at setItem (src/scripts/storage.js:6179:25)
          at Array.forEach (<anonymous>)
      at forEach (src/scripts/storage.js:6172:25)
      at downgradeSafeLocalStorageToMemory (src/scripts/storage.js:16819:5)
      at safeSetLocalStorage (src/scripts/storage.js:17737:11)
          at Array.forEach (<anonymous>)
      at forEach (src/scripts/storage.js:17733:17)
      at Object.importAllData (tests/unit/storage.test.js:2661:5)

  console.warn
    MOCK SET: cameraPowerPlanner_devices__backup = {"cameras":{},"monitors":{},"video":{},"viewfinder

      61 |       return undefined;
      62 |     }
    > 63 |     return originalFn(...args);
         |            ^
      64 |   };
      65 | };
      66 |

      at console.<anonymous> (tests/setup/jest.setup.cjs:63:12)
      at console.apply [as warn] (src/scripts/modules/base.js:92:26)
      at Proxy.apply (src/scripts/modules/base.js:92:26)
      at Proxy.apply (src/scripts/modules/base.js:92:26)
      at Proxy.apply (src/scripts/modules/base.js:92:26)
      at Object.warn (tests/unit/storage.test.js:11:15)
      at setItem (src/scripts/storage.js:6179:25)
          at Array.forEach (<anonymous>)
      at forEach (src/scripts/storage.js:6172:25)
      at downgradeSafeLocalStorageToMemory (src/scripts/storage.js:16819:5)
      at safeSetLocalStorage (src/scripts/storage.js:17737:11)
          at Array.forEach (<anonymous>)
      at forEach (src/scripts/storage.js:17733:17)
      at Object.importAllData (tests/unit/storage.test.js:2661:5)

  console.warn
    MOCK SET: cameraPowerPlanner_setups = {"A":{"foo":1}}

      61 |       return undefined;
      62 |     }
    > 63 |     return originalFn(...args);
         |            ^
      64 |   };
      65 | };
      66 |

      at console.<anonymous> (tests/setup/jest.setup.cjs:63:12)
      at console.apply [as warn] (src/scripts/modules/base.js:92:26)
      at Proxy.apply (src/scripts/modules/base.js:92:26)
      at Proxy.apply (src/scripts/modules/base.js:92:26)
      at Proxy.apply (src/scripts/modules/base.js:92:26)
      at Object.warn (tests/unit/storage.test.js:11:15)
      at setItem (src/scripts/storage.js:6179:25)
          at Array.forEach (<anonymous>)
      at forEach (src/scripts/storage.js:6172:25)
      at downgradeSafeLocalStorageToMemory (src/scripts/storage.js:16819:5)
      at safeSetLocalStorage (src/scripts/storage.js:17737:11)
          at Array.forEach (<anonymous>)
      at forEach (src/scripts/storage.js:17733:17)
      at Object.importAllData (tests/unit/storage.test.js:2661:5)

  console.warn
    MOCK SET: cameraPowerPlanner_setups__backup = {"A":{"foo":1}}

      61 |       return undefined;
      62 |     }
    > 63 |     return originalFn(...args);
         |            ^
      64 |   };
      65 | };
      66 |

      at console.<anonymous> (tests/setup/jest.setup.cjs:63:12)
      at console.apply [as warn] (src/scripts/modules/base.js:92:26)
      at Proxy.apply (src/scripts/modules/base.js:92:26)
      at Proxy.apply (src/scripts/modules/base.js:92:26)
      at Proxy.apply (src/scripts/modules/base.js:92:26)
      at Object.warn (tests/unit/storage.test.js:11:15)
      at setItem (src/scripts/storage.js:6179:25)
          at Array.forEach (<anonymous>)
      at forEach (src/scripts/storage.js:6172:25)
      at downgradeSafeLocalStorageToMemory (src/scripts/storage.js:16819:5)
      at safeSetLocalStorage (src/scripts/storage.js:17737:11)
          at Array.forEach (<anonymous>)
      at forEach (src/scripts/storage.js:17733:17)
      at Object.importAllData (tests/unit/storage.test.js:2661:5)

  console.warn
    MOCK SET: cameraPowerPlanner_session = {"camera":"CamA"}

      61 |       return undefined;
      62 |     }
    > 63 |     return originalFn(...args);
         |            ^
      64 |   };
      65 | };
      66 |

      at console.<anonymous> (tests/setup/jest.setup.cjs:63:12)
      at console.apply [as warn] (src/scripts/modules/base.js:92:26)
      at Proxy.apply (src/scripts/modules/base.js:92:26)
      at Proxy.apply (src/scripts/modules/base.js:92:26)
      at Proxy.apply (src/scripts/modules/base.js:92:26)
      at Object.warn (tests/unit/storage.test.js:11:15)
      at setItem (src/scripts/storage.js:6179:25)
          at Array.forEach (<anonymous>)
      at forEach (src/scripts/storage.js:6172:25)
      at downgradeSafeLocalStorageToMemory (src/scripts/storage.js:16819:5)
      at safeSetLocalStorage (src/scripts/storage.js:17737:11)
          at Array.forEach (<anonymous>)
      at forEach (src/scripts/storage.js:17733:17)
      at Object.importAllData (tests/unit/storage.test.js:2661:5)

  console.warn
    MOCK SET: cameraPowerPlanner_session__backup = {"camera":"CamA"}

      61 |       return undefined;
      62 |     }
    > 63 |     return originalFn(...args);
         |            ^
      64 |   };
      65 | };
      66 |

      at console.<anonymous> (tests/setup/jest.setup.cjs:63:12)
      at console.apply [as warn] (src/scripts/modules/base.js:92:26)
      at Proxy.apply (src/scripts/modules/base.js:92:26)
      at Proxy.apply (src/scripts/modules/base.js:92:26)
      at Proxy.apply (src/scripts/modules/base.js:92:26)
      at Object.warn (tests/unit/storage.test.js:11:15)
      at setItem (src/scripts/storage.js:6179:25)
          at Array.forEach (<anonymous>)
      at forEach (src/scripts/storage.js:6172:25)
      at downgradeSafeLocalStorageToMemory (src/scripts/storage.js:16819:5)
      at safeSetLocalStorage (src/scripts/storage.js:17737:11)
          at Array.forEach (<anonymous>)
      at forEach (src/scripts/storage.js:17733:17)
      at Object.importAllData (tests/unit/storage.test.js:2661:5)

  console.warn
    MOCK SET: cameraPowerPlanner_feedback = {"note":"hi"}

      61 |       return undefined;
      62 |     }
    > 63 |     return originalFn(...args);
         |            ^
      64 |   };
      65 | };
      66 |

      at console.<anonymous> (tests/setup/jest.setup.cjs:63:12)
      at console.apply [as warn] (src/scripts/modules/base.js:92:26)
      at Proxy.apply (src/scripts/modules/base.js:92:26)
      at Proxy.apply (src/scripts/modules/base.js:92:26)
      at Proxy.apply (src/scripts/modules/base.js:92:26)
      at Object.warn (tests/unit/storage.test.js:11:15)
      at setItem (src/scripts/storage.js:6179:25)
          at Array.forEach (<anonymous>)
      at forEach (src/scripts/storage.js:6172:25)
      at downgradeSafeLocalStorageToMemory (src/scripts/storage.js:16819:5)
      at safeSetLocalStorage (src/scripts/storage.js:17737:11)
          at Array.forEach (<anonymous>)
      at forEach (src/scripts/storage.js:17733:17)
      at Object.importAllData (tests/unit/storage.test.js:2661:5)

  console.warn
    MOCK SET: cameraPowerPlanner_feedback__backup = {"note":"hi"}

      61 |       return undefined;
      62 |     }
    > 63 |     return originalFn(...args);
         |            ^
      64 |   };
      65 | };
      66 |

      at console.<anonymous> (tests/setup/jest.setup.cjs:63:12)
      at console.apply [as warn] (src/scripts/modules/base.js:92:26)
      at Proxy.apply (src/scripts/modules/base.js:92:26)
      at Proxy.apply (src/scripts/modules/base.js:92:26)
      at Proxy.apply (src/scripts/modules/base.js:92:26)
      at Object.warn (tests/unit/storage.test.js:11:15)
      at setItem (src/scripts/storage.js:6179:25)
          at Array.forEach (<anonymous>)
      at forEach (src/scripts/storage.js:6172:25)
      at downgradeSafeLocalStorageToMemory (src/scripts/storage.js:16819:5)
      at safeSetLocalStorage (src/scripts/storage.js:17737:11)
          at Array.forEach (<anonymous>)
      at forEach (src/scripts/storage.js:17733:17)
      at Object.importAllData (tests/unit/storage.test.js:2661:5)

  console.warn
    MOCK SET: cameraPowerPlanner_favorites = {"cat":["B"]}

      61 |       return undefined;
      62 |     }
    > 63 |     return originalFn(...args);
         |            ^
      64 |   };
      65 | };
      66 |

      at console.<anonymous> (tests/setup/jest.setup.cjs:63:12)
      at console.apply [as warn] (src/scripts/modules/base.js:92:26)
      at Proxy.apply (src/scripts/modules/base.js:92:26)
      at Proxy.apply (src/scripts/modules/base.js:92:26)
      at Proxy.apply (src/scripts/modules/base.js:92:26)
      at Object.warn (tests/unit/storage.test.js:11:15)
      at setItem (src/scripts/storage.js:6179:25)
          at Array.forEach (<anonymous>)
      at forEach (src/scripts/storage.js:6172:25)
      at downgradeSafeLocalStorageToMemory (src/scripts/storage.js:16819:5)
      at safeSetLocalStorage (src/scripts/storage.js:17737:11)
          at Array.forEach (<anonymous>)
      at forEach (src/scripts/storage.js:17733:17)
      at Object.importAllData (tests/unit/storage.test.js:2661:5)

  console.warn
    MOCK SET: cameraPowerPlanner_favorites__backup = {"cat":["B"]}

      61 |       return undefined;
      62 |     }
    > 63 |     return originalFn(...args);
         |            ^
      64 |   };
      65 | };
      66 |

      at console.<anonymous> (tests/setup/jest.setup.cjs:63:12)
      at console.apply [as warn] (src/scripts/modules/base.js:92:26)
      at Proxy.apply (src/scripts/modules/base.js:92:26)
      at Proxy.apply (src/scripts/modules/base.js:92:26)
      at Proxy.apply (src/scripts/modules/base.js:92:26)
      at Object.warn (tests/unit/storage.test.js:11:15)
      at setItem (src/scripts/storage.js:6179:25)
          at Array.forEach (<anonymous>)
      at forEach (src/scripts/storage.js:6172:25)
      at downgradeSafeLocalStorageToMemory (src/scripts/storage.js:16819:5)
      at safeSetLocalStorage (src/scripts/storage.js:17737:11)
          at Array.forEach (<anonymous>)
      at forEach (src/scripts/storage.js:17733:17)
      at Object.importAllData (tests/unit/storage.test.js:2661:5)

  console.warn
    Downgraded planner storage to sessionStorage after write access errors. ReferenceError: AUTO_GEAR_SHOW_BACKUPS_STORAGE_KEY is not defined
        at AUTO_GEAR_SHOW_BACKUPS_STORAGE_KEY (/Users/lucazanner/Documents/GitHub/cine-power-planner/src/scripts/storage.js:16809:9)
        at safeSetLocalStorage (/Users/lucazanner/Documents/GitHub/cine-power-planner/src/scripts/storage.js:17737:11)
        at Array.forEach (<anonymous>)
        at forEach (/Users/lucazanner/Documents/GitHub/cine-power-planner/src/scripts/storage.js:17733:17)
        at Object.importAllData (/Users/lucazanner/Documents/GitHub/cine-power-planner/tests/unit/storage.test.js:2661:5)
        at Promise.finally.completed (/Users/lucazanner/Documents/GitHub/cine-power-planner/node_modules/jest-circus/build/jestAdapterInit.js:1557:28)
        at new Promise (<anonymous>)
        at callAsyncCircusFn (/Users/lucazanner/Documents/GitHub/cine-power-planner/node_modules/jest-circus/build/jestAdapterInit.js:1497:10)
        at _callCircusTest (/Users/lucazanner/Documents/GitHub/cine-power-planner/node_modules/jest-circus/build/jestAdapterInit.js:1007:40)
        at _runTest (/Users/lucazanner/Documents/GitHub/cine-power-planner/node_modules/jest-circus/build/jestAdapterInit.js:947:3)
        at /Users/lucazanner/Documents/GitHub/cine-power-planner/node_modules/jest-circus/build/jestAdapterInit.js:849:7
        at _runTestsForDescribeBlock (/Users/lucazanner/Documents/GitHub/cine-power-planner/node_modules/jest-circus/build/jestAdapterInit.js:862:11)
        at _runTestsForDescribeBlock (/Users/lucazanner/Documents/GitHub/cine-power-planner/node_modules/jest-circus/build/jestAdapterInit.js:857:11)
        at run (/Users/lucazanner/Documents/GitHub/cine-power-planner/node_modules/jest-circus/build/jestAdapterInit.js:761:3)
        at runAndTransformResultsToJestFormat (/Users/lucazanner/Documents/GitHub/cine-power-planner/node_modules/jest-circus/build/jestAdapterInit.js:1918:21)
        at jestAdapter (/Users/lucazanner/Documents/GitHub/cine-power-planner/node_modules/jest-circus/build/runner.js:101:19)
        at runTestInternal (/Users/lucazanner/Documents/GitHub/cine-power-planner/node_modules/jest-runner/build/index.js:275:16)
        at runTest (/Users/lucazanner/Documents/GitHub/cine-power-planner/node_modules/jest-runner/build/index.js:343:7)

      61 |       return undefined;
      62 |     }
    > 63 |     return originalFn(...args);
         |            ^
      64 |   };
      65 | };
      66 |

      at console.<anonymous> (tests/setup/jest.setup.cjs:63:12)
      at console.apply [as warn] (src/scripts/modules/base.js:92:26)
      at Proxy.apply (src/scripts/modules/base.js:92:26)
      at Proxy.apply (src/scripts/modules/base.js:92:26)
      at Proxy.apply (src/scripts/modules/base.js:92:26)
      at warn (src/scripts/storage.js:6193:11)
      at downgradeSafeLocalStorageToMemory (src/scripts/storage.js:16819:5)
      at safeSetLocalStorage (src/scripts/storage.js:17737:11)
          at Array.forEach (<anonymous>)
      at forEach (src/scripts/storage.js:17733:17)
      at Object.importAllData (tests/unit/storage.test.js:2661:5)

  console.warn
    MOCK SET: __storage_test__ = 1

      61 |       return undefined;
      62 |     }
    > 63 |     return originalFn(...args);
         |            ^
      64 |   };
      65 | };
      66 |

      at console.<anonymous> (tests/setup/jest.setup.cjs:63:12)
      at console.apply [as warn] (src/scripts/modules/base.js:92:26)
      at Proxy.apply (src/scripts/modules/base.js:92:26)
      at Proxy.apply (src/scripts/modules/base.js:92:26)
      at Proxy.apply (src/scripts/modules/base.js:92:26)
      at Object.warn (tests/unit/storage.test.js:11:15)
      at setItem (src/scripts/storage.js:5846:13)
      at verifyStorage (src/scripts/storage.js:6228:18)
      at attemptLocalStorageUpgrade (src/scripts/storage.js:6286:5)
      at getSafeLocalStorage (src/scripts/storage.js:16652:19)
      at safeSetLocalStorage (src/scripts/storage.js:17737:11)
          at Array.forEach (<anonymous>)
      at forEach (src/scripts/storage.js:17733:17)
      at Object.importAllData (tests/unit/storage.test.js:2661:5)

  console.log
    DEBUG: getSafeLocalStorage returning object

      at Proxy.apply (src/scripts/modules/base.js:92:26)
          at Array.forEach (<anonymous>)

  console.error
    DEBUG: safeSetLocalStorage EXEC fontSize 20

      61 |       return undefined;
      62 |     }
    > 63 |     return originalFn(...args);
         |            ^
      64 |   };
      65 | };
      66 |

      at console.<anonymous> (tests/setup/jest.setup.cjs:63:12)
      at Proxy.apply (src/scripts/modules/base.js:92:26)
      at error (src/scripts/storage.js:16657:11)
      at safeSetLocalStorage (src/scripts/storage.js:17737:11)
          at Array.forEach (<anonymous>)
      at forEach (src/scripts/storage.js:17733:17)
      at Object.importAllData (tests/unit/storage.test.js:2661:5)

  console.log
    DEBUG: isIndexedDB calculated: true

      at Proxy.apply (src/scripts/modules/base.js:92:26)
          at Array.forEach (<anonymous>)

  console.warn
    Unable to persist storage key during import fontSize ReferenceError: AUTO_GEAR_SHOW_BACKUPS_STORAGE_KEY is not defined
        at AUTO_GEAR_SHOW_BACKUPS_STORAGE_KEY (/Users/lucazanner/Documents/GitHub/cine-power-planner/src/scripts/storage.js:16809:9)
        at safeSetLocalStorage (/Users/lucazanner/Documents/GitHub/cine-power-planner/src/scripts/storage.js:17737:11)
        at Array.forEach (<anonymous>)
        at forEach (/Users/lucazanner/Documents/GitHub/cine-power-planner/src/scripts/storage.js:17733:17)
        at Object.importAllData (/Users/lucazanner/Documents/GitHub/cine-power-planner/tests/unit/storage.test.js:2661:5)
        at Promise.finally.completed (/Users/lucazanner/Documents/GitHub/cine-power-planner/node_modules/jest-circus/build/jestAdapterInit.js:1557:28)
        at new Promise (<anonymous>)
        at callAsyncCircusFn (/Users/lucazanner/Documents/GitHub/cine-power-planner/node_modules/jest-circus/build/jestAdapterInit.js:1497:10)
        at _callCircusTest (/Users/lucazanner/Documents/GitHub/cine-power-planner/node_modules/jest-circus/build/jestAdapterInit.js:1007:40)
        at _runTest (/Users/lucazanner/Documents/GitHub/cine-power-planner/node_modules/jest-circus/build/jestAdapterInit.js:947:3)
        at /Users/lucazanner/Documents/GitHub/cine-power-planner/node_modules/jest-circus/build/jestAdapterInit.js:849:7
        at _runTestsForDescribeBlock (/Users/lucazanner/Documents/GitHub/cine-power-planner/node_modules/jest-circus/build/jestAdapterInit.js:862:11)
        at _runTestsForDescribeBlock (/Users/lucazanner/Documents/GitHub/cine-power-planner/node_modules/jest-circus/build/jestAdapterInit.js:857:11)
        at run (/Users/lucazanner/Documents/GitHub/cine-power-planner/node_modules/jest-circus/build/jestAdapterInit.js:761:3)
        at runAndTransformResultsToJestFormat (/Users/lucazanner/Documents/GitHub/cine-power-planner/node_modules/jest-circus/build/jestAdapterInit.js:1918:21)
        at jestAdapter (/Users/lucazanner/Documents/GitHub/cine-power-planner/node_modules/jest-circus/build/runner.js:101:19)
        at runTestInternal (/Users/lucazanner/Documents/GitHub/cine-power-planner/node_modules/jest-runner/build/index.js:275:16)
        at runTest (/Users/lucazanner/Documents/GitHub/cine-power-planner/node_modules/jest-runner/build/index.js:343:7)

      61 |       return undefined;
      62 |     }
    > 63 |     return originalFn(...args);
         |            ^
      64 |   };
      65 | };
      66 |

      at console.<anonymous> (tests/setup/jest.setup.cjs:63:12)
      at console.apply [as warn] (src/scripts/modules/base.js:92:26)
      at Proxy.apply (src/scripts/modules/base.js:92:26)
      at Proxy.apply (src/scripts/modules/base.js:92:26)
      at Proxy.apply (src/scripts/modules/base.js:92:26)
      at warn (src/scripts/storage.js:16818:13)
      at safeSetLocalStorage (src/scripts/storage.js:17737:11)
          at Array.forEach (<anonymous>)
      at forEach (src/scripts/storage.js:17733:17)
      at Object.importAllData (tests/unit/storage.test.js:2661:5)

  console.warn
    MOCK SET: __storage_test__ = 1

      61 |       return undefined;
      62 |     }
    > 63 |     return originalFn(...args);
         |            ^
      64 |   };
      65 | };
      66 |

      at console.<anonymous> (tests/setup/jest.setup.cjs:63:12)
      at console.apply [as warn] (src/scripts/modules/base.js:92:26)
      at Proxy.apply (src/scripts/modules/base.js:92:26)
      at Proxy.apply (src/scripts/modules/base.js:92:26)
      at Proxy.apply (src/scripts/modules/base.js:92:26)
      at Object.warn (tests/unit/storage.test.js:11:15)
      at setItem (src/scripts/storage.js:5846:13)
      at verifyStorage (src/scripts/storage.js:6155:26)
      at downgradeSafeLocalStorageToMemory (src/scripts/storage.js:16819:5)
      at safeSetLocalStorage (src/scripts/storage.js:17737:11)
          at Array.forEach (<anonymous>)
      at forEach (src/scripts/storage.js:17733:17)
      at Object.importAllData (tests/unit/storage.test.js:2661:5)

  console.warn
    MOCK SET: cameraPowerPlanner_devices = {"cameras":{},"monitors":{},"video":{},"viewfinder

      61 |       return undefined;
      62 |     }
    > 63 |     return originalFn(...args);
         |            ^
      64 |   };
      65 | };
      66 |

      at console.<anonymous> (tests/setup/jest.setup.cjs:63:12)
      at console.apply [as warn] (src/scripts/modules/base.js:92:26)
      at Proxy.apply (src/scripts/modules/base.js:92:26)
      at Proxy.apply (src/scripts/modules/base.js:92:26)
      at Proxy.apply (src/scripts/modules/base.js:92:26)
      at Object.warn (tests/unit/storage.test.js:11:15)
      at setItem (src/scripts/storage.js:6179:25)
          at Array.forEach (<anonymous>)
      at forEach (src/scripts/storage.js:6172:25)
      at downgradeSafeLocalStorageToMemory (src/scripts/storage.js:16819:5)
      at safeSetLocalStorage (src/scripts/storage.js:17737:11)
          at Array.forEach (<anonymous>)
      at forEach (src/scripts/storage.js:17733:17)
      at Object.importAllData (tests/unit/storage.test.js:2661:5)

  console.warn
    MOCK SET: cameraPowerPlanner_devices__backup = {"cameras":{},"monitors":{},"video":{},"viewfinder

      61 |       return undefined;
      62 |     }
    > 63 |     return originalFn(...args);
         |            ^
      64 |   };
      65 | };
      66 |

      at console.<anonymous> (tests/setup/jest.setup.cjs:63:12)
      at console.apply [as warn] (src/scripts/modules/base.js:92:26)
      at Proxy.apply (src/scripts/modules/base.js:92:26)
      at Proxy.apply (src/scripts/modules/base.js:92:26)
      at Proxy.apply (src/scripts/modules/base.js:92:26)
      at Object.warn (tests/unit/storage.test.js:11:15)
      at setItem (src/scripts/storage.js:6179:25)
          at Array.forEach (<anonymous>)
      at forEach (src/scripts/storage.js:6172:25)
      at downgradeSafeLocalStorageToMemory (src/scripts/storage.js:16819:5)
      at safeSetLocalStorage (src/scripts/storage.js:17737:11)
          at Array.forEach (<anonymous>)
      at forEach (src/scripts/storage.js:17733:17)
      at Object.importAllData (tests/unit/storage.test.js:2661:5)

  console.warn
    MOCK SET: cameraPowerPlanner_setups = {"A":{"foo":1}}

      61 |       return undefined;
      62 |     }
    > 63 |     return originalFn(...args);
         |            ^
      64 |   };
      65 | };
      66 |

      at console.<anonymous> (tests/setup/jest.setup.cjs:63:12)
      at console.apply [as warn] (src/scripts/modules/base.js:92:26)
      at Proxy.apply (src/scripts/modules/base.js:92:26)
      at Proxy.apply (src/scripts/modules/base.js:92:26)
      at Proxy.apply (src/scripts/modules/base.js:92:26)
      at Object.warn (tests/unit/storage.test.js:11:15)
      at setItem (src/scripts/storage.js:6179:25)
          at Array.forEach (<anonymous>)
      at forEach (src/scripts/storage.js:6172:25)
      at downgradeSafeLocalStorageToMemory (src/scripts/storage.js:16819:5)
      at safeSetLocalStorage (src/scripts/storage.js:17737:11)
          at Array.forEach (<anonymous>)
      at forEach (src/scripts/storage.js:17733:17)
      at Object.importAllData (tests/unit/storage.test.js:2661:5)

  console.warn
    MOCK SET: cameraPowerPlanner_setups__backup = {"A":{"foo":1}}

      61 |       return undefined;
      62 |     }
    > 63 |     return originalFn(...args);
         |            ^
      64 |   };
      65 | };
      66 |

      at console.<anonymous> (tests/setup/jest.setup.cjs:63:12)
      at console.apply [as warn] (src/scripts/modules/base.js:92:26)
      at Proxy.apply (src/scripts/modules/base.js:92:26)
      at Proxy.apply (src/scripts/modules/base.js:92:26)
      at Proxy.apply (src/scripts/modules/base.js:92:26)
      at Object.warn (tests/unit/storage.test.js:11:15)
      at setItem (src/scripts/storage.js:6179:25)
          at Array.forEach (<anonymous>)
      at forEach (src/scripts/storage.js:6172:25)
      at downgradeSafeLocalStorageToMemory (src/scripts/storage.js:16819:5)
      at safeSetLocalStorage (src/scripts/storage.js:17737:11)
          at Array.forEach (<anonymous>)
      at forEach (src/scripts/storage.js:17733:17)
      at Object.importAllData (tests/unit/storage.test.js:2661:5)

  console.warn
    MOCK SET: cameraPowerPlanner_session = {"camera":"CamA"}

      61 |       return undefined;
      62 |     }
    > 63 |     return originalFn(...args);
         |            ^
      64 |   };
      65 | };
      66 |

      at console.<anonymous> (tests/setup/jest.setup.cjs:63:12)
      at console.apply [as warn] (src/scripts/modules/base.js:92:26)
      at Proxy.apply (src/scripts/modules/base.js:92:26)
      at Proxy.apply (src/scripts/modules/base.js:92:26)
      at Proxy.apply (src/scripts/modules/base.js:92:26)
      at Object.warn (tests/unit/storage.test.js:11:15)
      at setItem (src/scripts/storage.js:6179:25)
          at Array.forEach (<anonymous>)
      at forEach (src/scripts/storage.js:6172:25)
      at downgradeSafeLocalStorageToMemory (src/scripts/storage.js:16819:5)
      at safeSetLocalStorage (src/scripts/storage.js:17737:11)
          at Array.forEach (<anonymous>)
      at forEach (src/scripts/storage.js:17733:17)
      at Object.importAllData (tests/unit/storage.test.js:2661:5)

  console.warn
    MOCK SET: cameraPowerPlanner_session__backup = {"camera":"CamA"}

      61 |       return undefined;
      62 |     }
    > 63 |     return originalFn(...args);
         |            ^
      64 |   };
      65 | };
      66 |

      at console.<anonymous> (tests/setup/jest.setup.cjs:63:12)
      at console.apply [as warn] (src/scripts/modules/base.js:92:26)
      at Proxy.apply (src/scripts/modules/base.js:92:26)
      at Proxy.apply (src/scripts/modules/base.js:92:26)
      at Proxy.apply (src/scripts/modules/base.js:92:26)
      at Object.warn (tests/unit/storage.test.js:11:15)
      at setItem (src/scripts/storage.js:6179:25)
          at Array.forEach (<anonymous>)
      at forEach (src/scripts/storage.js:6172:25)
      at downgradeSafeLocalStorageToMemory (src/scripts/storage.js:16819:5)
      at safeSetLocalStorage (src/scripts/storage.js:17737:11)
          at Array.forEach (<anonymous>)
      at forEach (src/scripts/storage.js:17733:17)
      at Object.importAllData (tests/unit/storage.test.js:2661:5)

  console.warn
    MOCK SET: cameraPowerPlanner_feedback = {"note":"hi"}

      61 |       return undefined;
      62 |     }
    > 63 |     return originalFn(...args);
         |            ^
      64 |   };
      65 | };
      66 |

      at console.<anonymous> (tests/setup/jest.setup.cjs:63:12)
      at console.apply [as warn] (src/scripts/modules/base.js:92:26)
      at Proxy.apply (src/scripts/modules/base.js:92:26)
      at Proxy.apply (src/scripts/modules/base.js:92:26)
      at Proxy.apply (src/scripts/modules/base.js:92:26)
      at Object.warn (tests/unit/storage.test.js:11:15)
      at setItem (src/scripts/storage.js:6179:25)
          at Array.forEach (<anonymous>)
      at forEach (src/scripts/storage.js:6172:25)
      at downgradeSafeLocalStorageToMemory (src/scripts/storage.js:16819:5)
      at safeSetLocalStorage (src/scripts/storage.js:17737:11)
          at Array.forEach (<anonymous>)
      at forEach (src/scripts/storage.js:17733:17)
      at Object.importAllData (tests/unit/storage.test.js:2661:5)

  console.warn
    MOCK SET: cameraPowerPlanner_feedback__backup = {"note":"hi"}

      61 |       return undefined;
      62 |     }
    > 63 |     return originalFn(...args);
         |            ^
      64 |   };
      65 | };
      66 |

      at console.<anonymous> (tests/setup/jest.setup.cjs:63:12)
      at console.apply [as warn] (src/scripts/modules/base.js:92:26)
      at Proxy.apply (src/scripts/modules/base.js:92:26)
      at Proxy.apply (src/scripts/modules/base.js:92:26)
      at Proxy.apply (src/scripts/modules/base.js:92:26)
      at Object.warn (tests/unit/storage.test.js:11:15)
      at setItem (src/scripts/storage.js:6179:25)
          at Array.forEach (<anonymous>)
      at forEach (src/scripts/storage.js:6172:25)
      at downgradeSafeLocalStorageToMemory (src/scripts/storage.js:16819:5)
      at safeSetLocalStorage (src/scripts/storage.js:17737:11)
          at Array.forEach (<anonymous>)
      at forEach (src/scripts/storage.js:17733:17)
      at Object.importAllData (tests/unit/storage.test.js:2661:5)

  console.warn
    MOCK SET: cameraPowerPlanner_favorites = {"cat":["B"]}

      61 |       return undefined;
      62 |     }
    > 63 |     return originalFn(...args);
         |            ^
      64 |   };
      65 | };
      66 |

      at console.<anonymous> (tests/setup/jest.setup.cjs:63:12)
      at console.apply [as warn] (src/scripts/modules/base.js:92:26)
      at Proxy.apply (src/scripts/modules/base.js:92:26)
      at Proxy.apply (src/scripts/modules/base.js:92:26)
      at Proxy.apply (src/scripts/modules/base.js:92:26)
      at Object.warn (tests/unit/storage.test.js:11:15)
      at setItem (src/scripts/storage.js:6179:25)
          at Array.forEach (<anonymous>)
      at forEach (src/scripts/storage.js:6172:25)
      at downgradeSafeLocalStorageToMemory (src/scripts/storage.js:16819:5)
      at safeSetLocalStorage (src/scripts/storage.js:17737:11)
          at Array.forEach (<anonymous>)
      at forEach (src/scripts/storage.js:17733:17)
      at Object.importAllData (tests/unit/storage.test.js:2661:5)

  console.warn
    MOCK SET: cameraPowerPlanner_favorites__backup = {"cat":["B"]}

      61 |       return undefined;
      62 |     }
    > 63 |     return originalFn(...args);
         |            ^
      64 |   };
      65 | };
      66 |

      at console.<anonymous> (tests/setup/jest.setup.cjs:63:12)
      at console.apply [as warn] (src/scripts/modules/base.js:92:26)
      at Proxy.apply (src/scripts/modules/base.js:92:26)
      at Proxy.apply (src/scripts/modules/base.js:92:26)
      at Proxy.apply (src/scripts/modules/base.js:92:26)
      at Object.warn (tests/unit/storage.test.js:11:15)
      at setItem (src/scripts/storage.js:6179:25)
          at Array.forEach (<anonymous>)
      at forEach (src/scripts/storage.js:6172:25)
      at downgradeSafeLocalStorageToMemory (src/scripts/storage.js:16819:5)
      at safeSetLocalStorage (src/scripts/storage.js:17737:11)
          at Array.forEach (<anonymous>)
      at forEach (src/scripts/storage.js:17733:17)
      at Object.importAllData (tests/unit/storage.test.js:2661:5)

  console.warn
    Downgraded planner storage to sessionStorage after write access errors. ReferenceError: AUTO_GEAR_SHOW_BACKUPS_STORAGE_KEY is not defined
        at AUTO_GEAR_SHOW_BACKUPS_STORAGE_KEY (/Users/lucazanner/Documents/GitHub/cine-power-planner/src/scripts/storage.js:16809:9)
        at safeSetLocalStorage (/Users/lucazanner/Documents/GitHub/cine-power-planner/src/scripts/storage.js:17737:11)
        at Array.forEach (<anonymous>)
        at forEach (/Users/lucazanner/Documents/GitHub/cine-power-planner/src/scripts/storage.js:17733:17)
        at Object.importAllData (/Users/lucazanner/Documents/GitHub/cine-power-planner/tests/unit/storage.test.js:2661:5)
        at Promise.finally.completed (/Users/lucazanner/Documents/GitHub/cine-power-planner/node_modules/jest-circus/build/jestAdapterInit.js:1557:28)
        at new Promise (<anonymous>)
        at callAsyncCircusFn (/Users/lucazanner/Documents/GitHub/cine-power-planner/node_modules/jest-circus/build/jestAdapterInit.js:1497:10)
        at _callCircusTest (/Users/lucazanner/Documents/GitHub/cine-power-planner/node_modules/jest-circus/build/jestAdapterInit.js:1007:40)
        at _runTest (/Users/lucazanner/Documents/GitHub/cine-power-planner/node_modules/jest-circus/build/jestAdapterInit.js:947:3)
        at /Users/lucazanner/Documents/GitHub/cine-power-planner/node_modules/jest-circus/build/jestAdapterInit.js:849:7
        at _runTestsForDescribeBlock (/Users/lucazanner/Documents/GitHub/cine-power-planner/node_modules/jest-circus/build/jestAdapterInit.js:862:11)
        at _runTestsForDescribeBlock (/Users/lucazanner/Documents/GitHub/cine-power-planner/node_modules/jest-circus/build/jestAdapterInit.js:857:11)
        at run (/Users/lucazanner/Documents/GitHub/cine-power-planner/node_modules/jest-circus/build/jestAdapterInit.js:761:3)
        at runAndTransformResultsToJestFormat (/Users/lucazanner/Documents/GitHub/cine-power-planner/node_modules/jest-circus/build/jestAdapterInit.js:1918:21)
        at jestAdapter (/Users/lucazanner/Documents/GitHub/cine-power-planner/node_modules/jest-circus/build/runner.js:101:19)
        at runTestInternal (/Users/lucazanner/Documents/GitHub/cine-power-planner/node_modules/jest-runner/build/index.js:275:16)
        at runTest (/Users/lucazanner/Documents/GitHub/cine-power-planner/node_modules/jest-runner/build/index.js:343:7)

      61 |       return undefined;
      62 |     }
    > 63 |     return originalFn(...args);
         |            ^
      64 |   };
      65 | };
      66 |

      at console.<anonymous> (tests/setup/jest.setup.cjs:63:12)
      at console.apply [as warn] (src/scripts/modules/base.js:92:26)
      at Proxy.apply (src/scripts/modules/base.js:92:26)
      at Proxy.apply (src/scripts/modules/base.js:92:26)
      at Proxy.apply (src/scripts/modules/base.js:92:26)
      at warn (src/scripts/storage.js:6193:11)
      at downgradeSafeLocalStorageToMemory (src/scripts/storage.js:16819:5)
      at safeSetLocalStorage (src/scripts/storage.js:17737:11)
          at Array.forEach (<anonymous>)
      at forEach (src/scripts/storage.js:17733:17)
      at Object.importAllData (tests/unit/storage.test.js:2661:5)

  console.warn
    MOCK SET: __storage_test__ = 1

      61 |       return undefined;
      62 |     }
    > 63 |     return originalFn(...args);
         |            ^
      64 |   };
      65 | };
      66 |

      at console.<anonymous> (tests/setup/jest.setup.cjs:63:12)
      at console.apply [as warn] (src/scripts/modules/base.js:92:26)
      at Proxy.apply (src/scripts/modules/base.js:92:26)
      at Proxy.apply (src/scripts/modules/base.js:92:26)
      at Proxy.apply (src/scripts/modules/base.js:92:26)
      at Object.warn (tests/unit/storage.test.js:11:15)
      at setItem (src/scripts/storage.js:5846:13)
      at verifyStorage (src/scripts/storage.js:6228:18)
      at attemptLocalStorageUpgrade (src/scripts/storage.js:6286:5)
      at getSafeLocalStorage (src/scripts/storage.js:16652:19)
      at safeSetLocalStorage (src/scripts/storage.js:17737:11)
          at Array.forEach (<anonymous>)
      at forEach (src/scripts/storage.js:17733:17)
      at Object.importAllData (tests/unit/storage.test.js:2661:5)

  console.log
    DEBUG: getSafeLocalStorage returning object

      at Proxy.apply (src/scripts/modules/base.js:92:26)
          at Array.forEach (<anonymous>)

  console.error
    DEBUG: safeSetLocalStorage EXEC fontFamily 'Other Font', serif

      61 |       return undefined;
      62 |     }
    > 63 |     return originalFn(...args);
         |            ^
      64 |   };
      65 | };
      66 |

      at console.<anonymous> (tests/setup/jest.setup.cjs:63:12)
      at Proxy.apply (src/scripts/modules/base.js:92:26)
      at error (src/scripts/storage.js:16657:11)
      at safeSetLocalStorage (src/scripts/storage.js:17737:11)
          at Array.forEach (<anonymous>)
      at forEach (src/scripts/storage.js:17733:17)
      at Object.importAllData (tests/unit/storage.test.js:2661:5)

  console.log
    DEBUG: isIndexedDB calculated: true

      at Proxy.apply (src/scripts/modules/base.js:92:26)
          at Array.forEach (<anonymous>)

  console.warn
    Unable to persist storage key during import fontFamily ReferenceError: AUTO_GEAR_SHOW_BACKUPS_STORAGE_KEY is not defined
        at AUTO_GEAR_SHOW_BACKUPS_STORAGE_KEY (/Users/lucazanner/Documents/GitHub/cine-power-planner/src/scripts/storage.js:16809:9)
        at safeSetLocalStorage (/Users/lucazanner/Documents/GitHub/cine-power-planner/src/scripts/storage.js:17737:11)
        at Array.forEach (<anonymous>)
        at forEach (/Users/lucazanner/Documents/GitHub/cine-power-planner/src/scripts/storage.js:17733:17)
        at Object.importAllData (/Users/lucazanner/Documents/GitHub/cine-power-planner/tests/unit/storage.test.js:2661:5)
        at Promise.finally.completed (/Users/lucazanner/Documents/GitHub/cine-power-planner/node_modules/jest-circus/build/jestAdapterInit.js:1557:28)
        at new Promise (<anonymous>)
        at callAsyncCircusFn (/Users/lucazanner/Documents/GitHub/cine-power-planner/node_modules/jest-circus/build/jestAdapterInit.js:1497:10)
        at _callCircusTest (/Users/lucazanner/Documents/GitHub/cine-power-planner/node_modules/jest-circus/build/jestAdapterInit.js:1007:40)
        at _runTest (/Users/lucazanner/Documents/GitHub/cine-power-planner/node_modules/jest-circus/build/jestAdapterInit.js:947:3)
        at /Users/lucazanner/Documents/GitHub/cine-power-planner/node_modules/jest-circus/build/jestAdapterInit.js:849:7
        at _runTestsForDescribeBlock (/Users/lucazanner/Documents/GitHub/cine-power-planner/node_modules/jest-circus/build/jestAdapterInit.js:862:11)
        at _runTestsForDescribeBlock (/Users/lucazanner/Documents/GitHub/cine-power-planner/node_modules/jest-circus/build/jestAdapterInit.js:857:11)
        at run (/Users/lucazanner/Documents/GitHub/cine-power-planner/node_modules/jest-circus/build/jestAdapterInit.js:761:3)
        at runAndTransformResultsToJestFormat (/Users/lucazanner/Documents/GitHub/cine-power-planner/node_modules/jest-circus/build/jestAdapterInit.js:1918:21)
        at jestAdapter (/Users/lucazanner/Documents/GitHub/cine-power-planner/node_modules/jest-circus/build/runner.js:101:19)
        at runTestInternal (/Users/lucazanner/Documents/GitHub/cine-power-planner/node_modules/jest-runner/build/index.js:275:16)
        at runTest (/Users/lucazanner/Documents/GitHub/cine-power-planner/node_modules/jest-runner/build/index.js:343:7)

      61 |       return undefined;
      62 |     }
    > 63 |     return originalFn(...args);
         |            ^
      64 |   };
      65 | };
      66 |

      at console.<anonymous> (tests/setup/jest.setup.cjs:63:12)
      at console.apply [as warn] (src/scripts/modules/base.js:92:26)
      at Proxy.apply (src/scripts/modules/base.js:92:26)
      at Proxy.apply (src/scripts/modules/base.js:92:26)
      at Proxy.apply (src/scripts/modules/base.js:92:26)
      at warn (src/scripts/storage.js:16818:13)
      at safeSetLocalStorage (src/scripts/storage.js:17737:11)
          at Array.forEach (<anonymous>)
      at forEach (src/scripts/storage.js:17733:17)
      at Object.importAllData (tests/unit/storage.test.js:2661:5)

  console.warn
    MOCK SET: __storage_test__ = 1

      61 |       return undefined;
      62 |     }
    > 63 |     return originalFn(...args);
         |            ^
      64 |   };
      65 | };
      66 |

      at console.<anonymous> (tests/setup/jest.setup.cjs:63:12)
      at console.apply [as warn] (src/scripts/modules/base.js:92:26)
      at Proxy.apply (src/scripts/modules/base.js:92:26)
      at Proxy.apply (src/scripts/modules/base.js:92:26)
      at Proxy.apply (src/scripts/modules/base.js:92:26)
      at Object.warn (tests/unit/storage.test.js:11:15)
      at setItem (src/scripts/storage.js:5846:13)
      at verifyStorage (src/scripts/storage.js:6155:26)
      at downgradeSafeLocalStorageToMemory (src/scripts/storage.js:16819:5)
      at safeSetLocalStorage (src/scripts/storage.js:17737:11)
          at Array.forEach (<anonymous>)
      at forEach (src/scripts/storage.js:17733:17)
      at Object.importAllData (tests/unit/storage.test.js:2661:5)

  console.warn
    MOCK SET: cameraPowerPlanner_devices = {"cameras":{},"monitors":{},"video":{},"viewfinder

      61 |       return undefined;
      62 |     }
    > 63 |     return originalFn(...args);
         |            ^
      64 |   };
      65 | };
      66 |

      at console.<anonymous> (tests/setup/jest.setup.cjs:63:12)
      at console.apply [as warn] (src/scripts/modules/base.js:92:26)
      at Proxy.apply (src/scripts/modules/base.js:92:26)
      at Proxy.apply (src/scripts/modules/base.js:92:26)
      at Proxy.apply (src/scripts/modules/base.js:92:26)
      at Object.warn (tests/unit/storage.test.js:11:15)
      at setItem (src/scripts/storage.js:6179:25)
          at Array.forEach (<anonymous>)
      at forEach (src/scripts/storage.js:6172:25)
      at downgradeSafeLocalStorageToMemory (src/scripts/storage.js:16819:5)
      at safeSetLocalStorage (src/scripts/storage.js:17737:11)
          at Array.forEach (<anonymous>)
      at forEach (src/scripts/storage.js:17733:17)
      at Object.importAllData (tests/unit/storage.test.js:2661:5)

  console.warn
    MOCK SET: cameraPowerPlanner_devices__backup = {"cameras":{},"monitors":{},"video":{},"viewfinder

      61 |       return undefined;
      62 |     }
    > 63 |     return originalFn(...args);
         |            ^
      64 |   };
      65 | };
      66 |

      at console.<anonymous> (tests/setup/jest.setup.cjs:63:12)
      at console.apply [as warn] (src/scripts/modules/base.js:92:26)
      at Proxy.apply (src/scripts/modules/base.js:92:26)
      at Proxy.apply (src/scripts/modules/base.js:92:26)
      at Proxy.apply (src/scripts/modules/base.js:92:26)
      at Object.warn (tests/unit/storage.test.js:11:15)
      at setItem (src/scripts/storage.js:6179:25)
          at Array.forEach (<anonymous>)
      at forEach (src/scripts/storage.js:6172:25)
      at downgradeSafeLocalStorageToMemory (src/scripts/storage.js:16819:5)
      at safeSetLocalStorage (src/scripts/storage.js:17737:11)
          at Array.forEach (<anonymous>)
      at forEach (src/scripts/storage.js:17733:17)
      at Object.importAllData (tests/unit/storage.test.js:2661:5)

  console.warn
    MOCK SET: cameraPowerPlanner_setups = {"A":{"foo":1}}

      61 |       return undefined;
      62 |     }
    > 63 |     return originalFn(...args);
         |            ^
      64 |   };
      65 | };
      66 |

      at console.<anonymous> (tests/setup/jest.setup.cjs:63:12)
      at console.apply [as warn] (src/scripts/modules/base.js:92:26)
      at Proxy.apply (src/scripts/modules/base.js:92:26)
      at Proxy.apply (src/scripts/modules/base.js:92:26)
      at Proxy.apply (src/scripts/modules/base.js:92:26)
      at Object.warn (tests/unit/storage.test.js:11:15)
      at setItem (src/scripts/storage.js:6179:25)
          at Array.forEach (<anonymous>)
      at forEach (src/scripts/storage.js:6172:25)
      at downgradeSafeLocalStorageToMemory (src/scripts/storage.js:16819:5)
      at safeSetLocalStorage (src/scripts/storage.js:17737:11)
          at Array.forEach (<anonymous>)
      at forEach (src/scripts/storage.js:17733:17)
      at Object.importAllData (tests/unit/storage.test.js:2661:5)

  console.warn
    MOCK SET: cameraPowerPlanner_setups__backup = {"A":{"foo":1}}

      61 |       return undefined;
      62 |     }
    > 63 |     return originalFn(...args);
         |            ^
      64 |   };
      65 | };
      66 |

      at console.<anonymous> (tests/setup/jest.setup.cjs:63:12)
      at console.apply [as warn] (src/scripts/modules/base.js:92:26)
      at Proxy.apply (src/scripts/modules/base.js:92:26)
      at Proxy.apply (src/scripts/modules/base.js:92:26)
      at Proxy.apply (src/scripts/modules/base.js:92:26)
      at Object.warn (tests/unit/storage.test.js:11:15)
      at setItem (src/scripts/storage.js:6179:25)
          at Array.forEach (<anonymous>)
      at forEach (src/scripts/storage.js:6172:25)
      at downgradeSafeLocalStorageToMemory (src/scripts/storage.js:16819:5)
      at safeSetLocalStorage (src/scripts/storage.js:17737:11)
          at Array.forEach (<anonymous>)
      at forEach (src/scripts/storage.js:17733:17)
      at Object.importAllData (tests/unit/storage.test.js:2661:5)

  console.warn
    MOCK SET: cameraPowerPlanner_session = {"camera":"CamA"}

      61 |       return undefined;
      62 |     }
    > 63 |     return originalFn(...args);
         |            ^
      64 |   };
      65 | };
      66 |

      at console.<anonymous> (tests/setup/jest.setup.cjs:63:12)
      at console.apply [as warn] (src/scripts/modules/base.js:92:26)
      at Proxy.apply (src/scripts/modules/base.js:92:26)
      at Proxy.apply (src/scripts/modules/base.js:92:26)
      at Proxy.apply (src/scripts/modules/base.js:92:26)
      at Object.warn (tests/unit/storage.test.js:11:15)
      at setItem (src/scripts/storage.js:6179:25)
          at Array.forEach (<anonymous>)
      at forEach (src/scripts/storage.js:6172:25)
      at downgradeSafeLocalStorageToMemory (src/scripts/storage.js:16819:5)
      at safeSetLocalStorage (src/scripts/storage.js:17737:11)
          at Array.forEach (<anonymous>)
      at forEach (src/scripts/storage.js:17733:17)
      at Object.importAllData (tests/unit/storage.test.js:2661:5)

  console.warn
    MOCK SET: cameraPowerPlanner_session__backup = {"camera":"CamA"}

      61 |       return undefined;
      62 |     }
    > 63 |     return originalFn(...args);
         |            ^
      64 |   };
      65 | };
      66 |

      at console.<anonymous> (tests/setup/jest.setup.cjs:63:12)
      at console.apply [as warn] (src/scripts/modules/base.js:92:26)
      at Proxy.apply (src/scripts/modules/base.js:92:26)
      at Proxy.apply (src/scripts/modules/base.js:92:26)
      at Proxy.apply (src/scripts/modules/base.js:92:26)
      at Object.warn (tests/unit/storage.test.js:11:15)
      at setItem (src/scripts/storage.js:6179:25)
          at Array.forEach (<anonymous>)
      at forEach (src/scripts/storage.js:6172:25)
      at downgradeSafeLocalStorageToMemory (src/scripts/storage.js:16819:5)
      at safeSetLocalStorage (src/scripts/storage.js:17737:11)
          at Array.forEach (<anonymous>)
      at forEach (src/scripts/storage.js:17733:17)
      at Object.importAllData (tests/unit/storage.test.js:2661:5)

  console.warn
    MOCK SET: cameraPowerPlanner_feedback = {"note":"hi"}

      61 |       return undefined;
      62 |     }
    > 63 |     return originalFn(...args);
         |            ^
      64 |   };
      65 | };
      66 |

      at console.<anonymous> (tests/setup/jest.setup.cjs:63:12)
      at console.apply [as warn] (src/scripts/modules/base.js:92:26)
      at Proxy.apply (src/scripts/modules/base.js:92:26)
      at Proxy.apply (src/scripts/modules/base.js:92:26)
      at Proxy.apply (src/scripts/modules/base.js:92:26)
      at Object.warn (tests/unit/storage.test.js:11:15)
      at setItem (src/scripts/storage.js:6179:25)
          at Array.forEach (<anonymous>)
      at forEach (src/scripts/storage.js:6172:25)
      at downgradeSafeLocalStorageToMemory (src/scripts/storage.js:16819:5)
      at safeSetLocalStorage (src/scripts/storage.js:17737:11)
          at Array.forEach (<anonymous>)
      at forEach (src/scripts/storage.js:17733:17)
      at Object.importAllData (tests/unit/storage.test.js:2661:5)

  console.warn
    MOCK SET: cameraPowerPlanner_feedback__backup = {"note":"hi"}

      61 |       return undefined;
      62 |     }
    > 63 |     return originalFn(...args);
         |            ^
      64 |   };
      65 | };
      66 |

      at console.<anonymous> (tests/setup/jest.setup.cjs:63:12)
      at console.apply [as warn] (src/scripts/modules/base.js:92:26)
      at Proxy.apply (src/scripts/modules/base.js:92:26)
      at Proxy.apply (src/scripts/modules/base.js:92:26)
      at Proxy.apply (src/scripts/modules/base.js:92:26)
      at Object.warn (tests/unit/storage.test.js:11:15)
      at setItem (src/scripts/storage.js:6179:25)
          at Array.forEach (<anonymous>)
      at forEach (src/scripts/storage.js:6172:25)
      at downgradeSafeLocalStorageToMemory (src/scripts/storage.js:16819:5)
      at safeSetLocalStorage (src/scripts/storage.js:17737:11)
          at Array.forEach (<anonymous>)
      at forEach (src/scripts/storage.js:17733:17)
      at Object.importAllData (tests/unit/storage.test.js:2661:5)

  console.warn
    MOCK SET: cameraPowerPlanner_favorites = {"cat":["B"]}

      61 |       return undefined;
      62 |     }
    > 63 |     return originalFn(...args);
         |            ^
      64 |   };
      65 | };
      66 |

      at console.<anonymous> (tests/setup/jest.setup.cjs:63:12)
      at console.apply [as warn] (src/scripts/modules/base.js:92:26)
      at Proxy.apply (src/scripts/modules/base.js:92:26)
      at Proxy.apply (src/scripts/modules/base.js:92:26)
      at Proxy.apply (src/scripts/modules/base.js:92:26)
      at Object.warn (tests/unit/storage.test.js:11:15)
      at setItem (src/scripts/storage.js:6179:25)
          at Array.forEach (<anonymous>)
      at forEach (src/scripts/storage.js:6172:25)
      at downgradeSafeLocalStorageToMemory (src/scripts/storage.js:16819:5)
      at safeSetLocalStorage (src/scripts/storage.js:17737:11)
          at Array.forEach (<anonymous>)
      at forEach (src/scripts/storage.js:17733:17)
      at Object.importAllData (tests/unit/storage.test.js:2661:5)

  console.warn
    MOCK SET: cameraPowerPlanner_favorites__backup = {"cat":["B"]}

      61 |       return undefined;
      62 |     }
    > 63 |     return originalFn(...args);
         |            ^
      64 |   };
      65 | };
      66 |

      at console.<anonymous> (tests/setup/jest.setup.cjs:63:12)
      at console.apply [as warn] (src/scripts/modules/base.js:92:26)
      at Proxy.apply (src/scripts/modules/base.js:92:26)
      at Proxy.apply (src/scripts/modules/base.js:92:26)
      at Proxy.apply (src/scripts/modules/base.js:92:26)
      at Object.warn (tests/unit/storage.test.js:11:15)
      at setItem (src/scripts/storage.js:6179:25)
          at Array.forEach (<anonymous>)
      at forEach (src/scripts/storage.js:6172:25)
      at downgradeSafeLocalStorageToMemory (src/scripts/storage.js:16819:5)
      at safeSetLocalStorage (src/scripts/storage.js:17737:11)
          at Array.forEach (<anonymous>)
      at forEach (src/scripts/storage.js:17733:17)
      at Object.importAllData (tests/unit/storage.test.js:2661:5)

  console.warn
    Downgraded planner storage to sessionStorage after write access errors. ReferenceError: AUTO_GEAR_SHOW_BACKUPS_STORAGE_KEY is not defined
        at AUTO_GEAR_SHOW_BACKUPS_STORAGE_KEY (/Users/lucazanner/Documents/GitHub/cine-power-planner/src/scripts/storage.js:16809:9)
        at safeSetLocalStorage (/Users/lucazanner/Documents/GitHub/cine-power-planner/src/scripts/storage.js:17737:11)
        at Array.forEach (<anonymous>)
        at forEach (/Users/lucazanner/Documents/GitHub/cine-power-planner/src/scripts/storage.js:17733:17)
        at Object.importAllData (/Users/lucazanner/Documents/GitHub/cine-power-planner/tests/unit/storage.test.js:2661:5)
        at Promise.finally.completed (/Users/lucazanner/Documents/GitHub/cine-power-planner/node_modules/jest-circus/build/jestAdapterInit.js:1557:28)
        at new Promise (<anonymous>)
        at callAsyncCircusFn (/Users/lucazanner/Documents/GitHub/cine-power-planner/node_modules/jest-circus/build/jestAdapterInit.js:1497:10)
        at _callCircusTest (/Users/lucazanner/Documents/GitHub/cine-power-planner/node_modules/jest-circus/build/jestAdapterInit.js:1007:40)
        at _runTest (/Users/lucazanner/Documents/GitHub/cine-power-planner/node_modules/jest-circus/build/jestAdapterInit.js:947:3)
        at /Users/lucazanner/Documents/GitHub/cine-power-planner/node_modules/jest-circus/build/jestAdapterInit.js:849:7
        at _runTestsForDescribeBlock (/Users/lucazanner/Documents/GitHub/cine-power-planner/node_modules/jest-circus/build/jestAdapterInit.js:862:11)
        at _runTestsForDescribeBlock (/Users/lucazanner/Documents/GitHub/cine-power-planner/node_modules/jest-circus/build/jestAdapterInit.js:857:11)
        at run (/Users/lucazanner/Documents/GitHub/cine-power-planner/node_modules/jest-circus/build/jestAdapterInit.js:761:3)
        at runAndTransformResultsToJestFormat (/Users/lucazanner/Documents/GitHub/cine-power-planner/node_modules/jest-circus/build/jestAdapterInit.js:1918:21)
        at jestAdapter (/Users/lucazanner/Documents/GitHub/cine-power-planner/node_modules/jest-circus/build/runner.js:101:19)
        at runTestInternal (/Users/lucazanner/Documents/GitHub/cine-power-planner/node_modules/jest-runner/build/index.js:275:16)
        at runTest (/Users/lucazanner/Documents/GitHub/cine-power-planner/node_modules/jest-runner/build/index.js:343:7)

      61 |       return undefined;
      62 |     }
    > 63 |     return originalFn(...args);
         |            ^
      64 |   };
      65 | };
      66 |

      at console.<anonymous> (tests/setup/jest.setup.cjs:63:12)
      at console.apply [as warn] (src/scripts/modules/base.js:92:26)
      at Proxy.apply (src/scripts/modules/base.js:92:26)
      at Proxy.apply (src/scripts/modules/base.js:92:26)
      at Proxy.apply (src/scripts/modules/base.js:92:26)
      at warn (src/scripts/storage.js:6193:11)
      at downgradeSafeLocalStorageToMemory (src/scripts/storage.js:16819:5)
      at safeSetLocalStorage (src/scripts/storage.js:17737:11)
          at Array.forEach (<anonymous>)
      at forEach (src/scripts/storage.js:17733:17)
      at Object.importAllData (tests/unit/storage.test.js:2661:5)

  console.warn
    MOCK SET: __storage_test__ = 1

      61 |       return undefined;
      62 |     }
    > 63 |     return originalFn(...args);
         |            ^
      64 |   };
      65 | };
      66 |

      at console.<anonymous> (tests/setup/jest.setup.cjs:63:12)
      at console.apply [as warn] (src/scripts/modules/base.js:92:26)
      at Proxy.apply (src/scripts/modules/base.js:92:26)
      at Proxy.apply (src/scripts/modules/base.js:92:26)
      at Proxy.apply (src/scripts/modules/base.js:92:26)
      at Object.warn (tests/unit/storage.test.js:11:15)
      at setItem (src/scripts/storage.js:5846:13)
      at verifyStorage (src/scripts/storage.js:6228:18)
      at attemptLocalStorageUpgrade (src/scripts/storage.js:6286:5)
      at getSafeLocalStorage (src/scripts/storage.js:16652:19)
      at safeSetLocalStorage (src/scripts/storage.js:17737:11)
          at Array.forEach (<anonymous>)
      at forEach (src/scripts/storage.js:17733:17)
      at Object.importAllData (tests/unit/storage.test.js:2661:5)

  console.log
    DEBUG: getSafeLocalStorage returning object

      at Proxy.apply (src/scripts/modules/base.js:92:26)
          at Array.forEach (<anonymous>)

  console.error
    DEBUG: safeSetLocalStorage EXEC language fr

      61 |       return undefined;
      62 |     }
    > 63 |     return originalFn(...args);
         |            ^
      64 |   };
      65 | };
      66 |

      at console.<anonymous> (tests/setup/jest.setup.cjs:63:12)
      at Proxy.apply (src/scripts/modules/base.js:92:26)
      at error (src/scripts/storage.js:16657:11)
      at safeSetLocalStorage (src/scripts/storage.js:17737:11)
          at Array.forEach (<anonymous>)
      at forEach (src/scripts/storage.js:17733:17)
      at Object.importAllData (tests/unit/storage.test.js:2661:5)

  console.log
    DEBUG: isIndexedDB calculated: true

      at Proxy.apply (src/scripts/modules/base.js:92:26)
          at Array.forEach (<anonymous>)

  console.warn
    Unable to persist storage key during import language ReferenceError: AUTO_GEAR_SHOW_BACKUPS_STORAGE_KEY is not defined
        at AUTO_GEAR_SHOW_BACKUPS_STORAGE_KEY (/Users/lucazanner/Documents/GitHub/cine-power-planner/src/scripts/storage.js:16809:9)
        at safeSetLocalStorage (/Users/lucazanner/Documents/GitHub/cine-power-planner/src/scripts/storage.js:17737:11)
        at Array.forEach (<anonymous>)
        at forEach (/Users/lucazanner/Documents/GitHub/cine-power-planner/src/scripts/storage.js:17733:17)
        at Object.importAllData (/Users/lucazanner/Documents/GitHub/cine-power-planner/tests/unit/storage.test.js:2661:5)
        at Promise.finally.completed (/Users/lucazanner/Documents/GitHub/cine-power-planner/node_modules/jest-circus/build/jestAdapterInit.js:1557:28)
        at new Promise (<anonymous>)
        at callAsyncCircusFn (/Users/lucazanner/Documents/GitHub/cine-power-planner/node_modules/jest-circus/build/jestAdapterInit.js:1497:10)
        at _callCircusTest (/Users/lucazanner/Documents/GitHub/cine-power-planner/node_modules/jest-circus/build/jestAdapterInit.js:1007:40)
        at _runTest (/Users/lucazanner/Documents/GitHub/cine-power-planner/node_modules/jest-circus/build/jestAdapterInit.js:947:3)
        at /Users/lucazanner/Documents/GitHub/cine-power-planner/node_modules/jest-circus/build/jestAdapterInit.js:849:7
        at _runTestsForDescribeBlock (/Users/lucazanner/Documents/GitHub/cine-power-planner/node_modules/jest-circus/build/jestAdapterInit.js:862:11)
        at _runTestsForDescribeBlock (/Users/lucazanner/Documents/GitHub/cine-power-planner/node_modules/jest-circus/build/jestAdapterInit.js:857:11)
        at run (/Users/lucazanner/Documents/GitHub/cine-power-planner/node_modules/jest-circus/build/jestAdapterInit.js:761:3)
        at runAndTransformResultsToJestFormat (/Users/lucazanner/Documents/GitHub/cine-power-planner/node_modules/jest-circus/build/jestAdapterInit.js:1918:21)
        at jestAdapter (/Users/lucazanner/Documents/GitHub/cine-power-planner/node_modules/jest-circus/build/runner.js:101:19)
        at runTestInternal (/Users/lucazanner/Documents/GitHub/cine-power-planner/node_modules/jest-runner/build/index.js:275:16)
        at runTest (/Users/lucazanner/Documents/GitHub/cine-power-planner/node_modules/jest-runner/build/index.js:343:7)

      61 |       return undefined;
      62 |     }
    > 63 |     return originalFn(...args);
         |            ^
      64 |   };
      65 | };
      66 |

      at console.<anonymous> (tests/setup/jest.setup.cjs:63:12)
      at console.apply [as warn] (src/scripts/modules/base.js:92:26)
      at Proxy.apply (src/scripts/modules/base.js:92:26)
      at Proxy.apply (src/scripts/modules/base.js:92:26)
      at Proxy.apply (src/scripts/modules/base.js:92:26)
      at warn (src/scripts/storage.js:16818:13)
      at safeSetLocalStorage (src/scripts/storage.js:17737:11)
          at Array.forEach (<anonymous>)
      at forEach (src/scripts/storage.js:17733:17)
      at Object.importAllData (tests/unit/storage.test.js:2661:5)

  console.warn
    MOCK SET: __storage_test__ = 1

      61 |       return undefined;
      62 |     }
    > 63 |     return originalFn(...args);
         |            ^
      64 |   };
      65 | };
      66 |

      at console.<anonymous> (tests/setup/jest.setup.cjs:63:12)
      at console.apply [as warn] (src/scripts/modules/base.js:92:26)
      at Proxy.apply (src/scripts/modules/base.js:92:26)
      at Proxy.apply (src/scripts/modules/base.js:92:26)
      at Proxy.apply (src/scripts/modules/base.js:92:26)
      at Object.warn (tests/unit/storage.test.js:11:15)
      at setItem (src/scripts/storage.js:5846:13)
      at verifyStorage (src/scripts/storage.js:6155:26)
      at downgradeSafeLocalStorageToMemory (src/scripts/storage.js:16819:5)
      at safeSetLocalStorage (src/scripts/storage.js:17737:11)
          at Array.forEach (<anonymous>)
      at forEach (src/scripts/storage.js:17733:17)
      at Object.importAllData (tests/unit/storage.test.js:2661:5)

  console.warn
    MOCK SET: cameraPowerPlanner_devices = {"cameras":{},"monitors":{},"video":{},"viewfinder

      61 |       return undefined;
      62 |     }
    > 63 |     return originalFn(...args);
         |            ^
      64 |   };
      65 | };
      66 |

      at console.<anonymous> (tests/setup/jest.setup.cjs:63:12)
      at console.apply [as warn] (src/scripts/modules/base.js:92:26)
      at Proxy.apply (src/scripts/modules/base.js:92:26)
      at Proxy.apply (src/scripts/modules/base.js:92:26)
      at Proxy.apply (src/scripts/modules/base.js:92:26)
      at Object.warn (tests/unit/storage.test.js:11:15)
      at setItem (src/scripts/storage.js:6179:25)
          at Array.forEach (<anonymous>)
      at forEach (src/scripts/storage.js:6172:25)
      at downgradeSafeLocalStorageToMemory (src/scripts/storage.js:16819:5)
      at safeSetLocalStorage (src/scripts/storage.js:17737:11)
          at Array.forEach (<anonymous>)
      at forEach (src/scripts/storage.js:17733:17)
      at Object.importAllData (tests/unit/storage.test.js:2661:5)

  console.warn
    MOCK SET: cameraPowerPlanner_devices__backup = {"cameras":{},"monitors":{},"video":{},"viewfinder

      61 |       return undefined;
      62 |     }
    > 63 |     return originalFn(...args);
         |            ^
      64 |   };
      65 | };
      66 |

      at console.<anonymous> (tests/setup/jest.setup.cjs:63:12)
      at console.apply [as warn] (src/scripts/modules/base.js:92:26)
      at Proxy.apply (src/scripts/modules/base.js:92:26)
      at Proxy.apply (src/scripts/modules/base.js:92:26)
      at Proxy.apply (src/scripts/modules/base.js:92:26)
      at Object.warn (tests/unit/storage.test.js:11:15)
      at setItem (src/scripts/storage.js:6179:25)
          at Array.forEach (<anonymous>)
      at forEach (src/scripts/storage.js:6172:25)
      at downgradeSafeLocalStorageToMemory (src/scripts/storage.js:16819:5)
      at safeSetLocalStorage (src/scripts/storage.js:17737:11)
          at Array.forEach (<anonymous>)
      at forEach (src/scripts/storage.js:17733:17)
      at Object.importAllData (tests/unit/storage.test.js:2661:5)

  console.warn
    MOCK SET: cameraPowerPlanner_setups = {"A":{"foo":1}}

      61 |       return undefined;
      62 |     }
    > 63 |     return originalFn(...args);
         |            ^
      64 |   };
      65 | };
      66 |

      at console.<anonymous> (tests/setup/jest.setup.cjs:63:12)
      at console.apply [as warn] (src/scripts/modules/base.js:92:26)
      at Proxy.apply (src/scripts/modules/base.js:92:26)
      at Proxy.apply (src/scripts/modules/base.js:92:26)
      at Proxy.apply (src/scripts/modules/base.js:92:26)
      at Object.warn (tests/unit/storage.test.js:11:15)
      at setItem (src/scripts/storage.js:6179:25)
          at Array.forEach (<anonymous>)
      at forEach (src/scripts/storage.js:6172:25)
      at downgradeSafeLocalStorageToMemory (src/scripts/storage.js:16819:5)
      at safeSetLocalStorage (src/scripts/storage.js:17737:11)
          at Array.forEach (<anonymous>)
      at forEach (src/scripts/storage.js:17733:17)
      at Object.importAllData (tests/unit/storage.test.js:2661:5)

  console.warn
    MOCK SET: cameraPowerPlanner_setups__backup = {"A":{"foo":1}}

      61 |       return undefined;
      62 |     }
    > 63 |     return originalFn(...args);
         |            ^
      64 |   };
      65 | };
      66 |

      at console.<anonymous> (tests/setup/jest.setup.cjs:63:12)
      at console.apply [as warn] (src/scripts/modules/base.js:92:26)
      at Proxy.apply (src/scripts/modules/base.js:92:26)
      at Proxy.apply (src/scripts/modules/base.js:92:26)
      at Proxy.apply (src/scripts/modules/base.js:92:26)
      at Object.warn (tests/unit/storage.test.js:11:15)
      at setItem (src/scripts/storage.js:6179:25)
          at Array.forEach (<anonymous>)
      at forEach (src/scripts/storage.js:6172:25)
      at downgradeSafeLocalStorageToMemory (src/scripts/storage.js:16819:5)
      at safeSetLocalStorage (src/scripts/storage.js:17737:11)
          at Array.forEach (<anonymous>)
      at forEach (src/scripts/storage.js:17733:17)
      at Object.importAllData (tests/unit/storage.test.js:2661:5)

  console.warn
    MOCK SET: cameraPowerPlanner_session = {"camera":"CamA"}

      61 |       return undefined;
      62 |     }
    > 63 |     return originalFn(...args);
         |            ^
      64 |   };
      65 | };
      66 |

      at console.<anonymous> (tests/setup/jest.setup.cjs:63:12)
      at console.apply [as warn] (src/scripts/modules/base.js:92:26)
      at Proxy.apply (src/scripts/modules/base.js:92:26)
      at Proxy.apply (src/scripts/modules/base.js:92:26)
      at Proxy.apply (src/scripts/modules/base.js:92:26)
      at Object.warn (tests/unit/storage.test.js:11:15)
      at setItem (src/scripts/storage.js:6179:25)
          at Array.forEach (<anonymous>)
      at forEach (src/scripts/storage.js:6172:25)
      at downgradeSafeLocalStorageToMemory (src/scripts/storage.js:16819:5)
      at safeSetLocalStorage (src/scripts/storage.js:17737:11)
          at Array.forEach (<anonymous>)
      at forEach (src/scripts/storage.js:17733:17)
      at Object.importAllData (tests/unit/storage.test.js:2661:5)

  console.warn
    MOCK SET: cameraPowerPlanner_session__backup = {"camera":"CamA"}

      61 |       return undefined;
      62 |     }
    > 63 |     return originalFn(...args);
         |            ^
      64 |   };
      65 | };
      66 |

      at console.<anonymous> (tests/setup/jest.setup.cjs:63:12)
      at console.apply [as warn] (src/scripts/modules/base.js:92:26)
      at Proxy.apply (src/scripts/modules/base.js:92:26)
      at Proxy.apply (src/scripts/modules/base.js:92:26)
      at Proxy.apply (src/scripts/modules/base.js:92:26)
      at Object.warn (tests/unit/storage.test.js:11:15)
      at setItem (src/scripts/storage.js:6179:25)
          at Array.forEach (<anonymous>)
      at forEach (src/scripts/storage.js:6172:25)
      at downgradeSafeLocalStorageToMemory (src/scripts/storage.js:16819:5)
      at safeSetLocalStorage (src/scripts/storage.js:17737:11)
          at Array.forEach (<anonymous>)
      at forEach (src/scripts/storage.js:17733:17)
      at Object.importAllData (tests/unit/storage.test.js:2661:5)

  console.warn
    MOCK SET: cameraPowerPlanner_feedback = {"note":"hi"}

      61 |       return undefined;
      62 |     }
    > 63 |     return originalFn(...args);
         |            ^
      64 |   };
      65 | };
      66 |

      at console.<anonymous> (tests/setup/jest.setup.cjs:63:12)
      at console.apply [as warn] (src/scripts/modules/base.js:92:26)
      at Proxy.apply (src/scripts/modules/base.js:92:26)
      at Proxy.apply (src/scripts/modules/base.js:92:26)
      at Proxy.apply (src/scripts/modules/base.js:92:26)
      at Object.warn (tests/unit/storage.test.js:11:15)
      at setItem (src/scripts/storage.js:6179:25)
          at Array.forEach (<anonymous>)
      at forEach (src/scripts/storage.js:6172:25)
      at downgradeSafeLocalStorageToMemory (src/scripts/storage.js:16819:5)
      at safeSetLocalStorage (src/scripts/storage.js:17737:11)
          at Array.forEach (<anonymous>)
      at forEach (src/scripts/storage.js:17733:17)
      at Object.importAllData (tests/unit/storage.test.js:2661:5)

  console.warn
    MOCK SET: cameraPowerPlanner_feedback__backup = {"note":"hi"}

      61 |       return undefined;
      62 |     }
    > 63 |     return originalFn(...args);
         |            ^
      64 |   };
      65 | };
      66 |

      at console.<anonymous> (tests/setup/jest.setup.cjs:63:12)
      at console.apply [as warn] (src/scripts/modules/base.js:92:26)
      at Proxy.apply (src/scripts/modules/base.js:92:26)
      at Proxy.apply (src/scripts/modules/base.js:92:26)
      at Proxy.apply (src/scripts/modules/base.js:92:26)
      at Object.warn (tests/unit/storage.test.js:11:15)
      at setItem (src/scripts/storage.js:6179:25)
          at Array.forEach (<anonymous>)
      at forEach (src/scripts/storage.js:6172:25)
      at downgradeSafeLocalStorageToMemory (src/scripts/storage.js:16819:5)
      at safeSetLocalStorage (src/scripts/storage.js:17737:11)
          at Array.forEach (<anonymous>)
      at forEach (src/scripts/storage.js:17733:17)
      at Object.importAllData (tests/unit/storage.test.js:2661:5)

  console.warn
    MOCK SET: cameraPowerPlanner_favorites = {"cat":["B"]}

      61 |       return undefined;
      62 |     }
    > 63 |     return originalFn(...args);
         |            ^
      64 |   };
      65 | };
      66 |

      at console.<anonymous> (tests/setup/jest.setup.cjs:63:12)
      at console.apply [as warn] (src/scripts/modules/base.js:92:26)
      at Proxy.apply (src/scripts/modules/base.js:92:26)
      at Proxy.apply (src/scripts/modules/base.js:92:26)
      at Proxy.apply (src/scripts/modules/base.js:92:26)
      at Object.warn (tests/unit/storage.test.js:11:15)
      at setItem (src/scripts/storage.js:6179:25)
          at Array.forEach (<anonymous>)
      at forEach (src/scripts/storage.js:6172:25)
      at downgradeSafeLocalStorageToMemory (src/scripts/storage.js:16819:5)
      at safeSetLocalStorage (src/scripts/storage.js:17737:11)
          at Array.forEach (<anonymous>)
      at forEach (src/scripts/storage.js:17733:17)
      at Object.importAllData (tests/unit/storage.test.js:2661:5)

  console.warn
    MOCK SET: cameraPowerPlanner_favorites__backup = {"cat":["B"]}

      61 |       return undefined;
      62 |     }
    > 63 |     return originalFn(...args);
         |            ^
      64 |   };
      65 | };
      66 |

      at console.<anonymous> (tests/setup/jest.setup.cjs:63:12)
      at console.apply [as warn] (src/scripts/modules/base.js:92:26)
      at Proxy.apply (src/scripts/modules/base.js:92:26)
      at Proxy.apply (src/scripts/modules/base.js:92:26)
      at Proxy.apply (src/scripts/modules/base.js:92:26)
      at Object.warn (tests/unit/storage.test.js:11:15)
      at setItem (src/scripts/storage.js:6179:25)
          at Array.forEach (<anonymous>)
      at forEach (src/scripts/storage.js:6172:25)
      at downgradeSafeLocalStorageToMemory (src/scripts/storage.js:16819:5)
      at safeSetLocalStorage (src/scripts/storage.js:17737:11)
          at Array.forEach (<anonymous>)
      at forEach (src/scripts/storage.js:17733:17)
      at Object.importAllData (tests/unit/storage.test.js:2661:5)

  console.warn
    Downgraded planner storage to sessionStorage after write access errors. ReferenceError: AUTO_GEAR_SHOW_BACKUPS_STORAGE_KEY is not defined
        at AUTO_GEAR_SHOW_BACKUPS_STORAGE_KEY (/Users/lucazanner/Documents/GitHub/cine-power-planner/src/scripts/storage.js:16809:9)
        at safeSetLocalStorage (/Users/lucazanner/Documents/GitHub/cine-power-planner/src/scripts/storage.js:17737:11)
        at Array.forEach (<anonymous>)
        at forEach (/Users/lucazanner/Documents/GitHub/cine-power-planner/src/scripts/storage.js:17733:17)
        at Object.importAllData (/Users/lucazanner/Documents/GitHub/cine-power-planner/tests/unit/storage.test.js:2661:5)
        at Promise.finally.completed (/Users/lucazanner/Documents/GitHub/cine-power-planner/node_modules/jest-circus/build/jestAdapterInit.js:1557:28)
        at new Promise (<anonymous>)
        at callAsyncCircusFn (/Users/lucazanner/Documents/GitHub/cine-power-planner/node_modules/jest-circus/build/jestAdapterInit.js:1497:10)
        at _callCircusTest (/Users/lucazanner/Documents/GitHub/cine-power-planner/node_modules/jest-circus/build/jestAdapterInit.js:1007:40)
        at _runTest (/Users/lucazanner/Documents/GitHub/cine-power-planner/node_modules/jest-circus/build/jestAdapterInit.js:947:3)
        at /Users/lucazanner/Documents/GitHub/cine-power-planner/node_modules/jest-circus/build/jestAdapterInit.js:849:7
        at _runTestsForDescribeBlock (/Users/lucazanner/Documents/GitHub/cine-power-planner/node_modules/jest-circus/build/jestAdapterInit.js:862:11)
        at _runTestsForDescribeBlock (/Users/lucazanner/Documents/GitHub/cine-power-planner/node_modules/jest-circus/build/jestAdapterInit.js:857:11)
        at run (/Users/lucazanner/Documents/GitHub/cine-power-planner/node_modules/jest-circus/build/jestAdapterInit.js:761:3)
        at runAndTransformResultsToJestFormat (/Users/lucazanner/Documents/GitHub/cine-power-planner/node_modules/jest-circus/build/jestAdapterInit.js:1918:21)
        at jestAdapter (/Users/lucazanner/Documents/GitHub/cine-power-planner/node_modules/jest-circus/build/runner.js:101:19)
        at runTestInternal (/Users/lucazanner/Documents/GitHub/cine-power-planner/node_modules/jest-runner/build/index.js:275:16)
        at runTest (/Users/lucazanner/Documents/GitHub/cine-power-planner/node_modules/jest-runner/build/index.js:343:7)

      61 |       return undefined;
      62 |     }
    > 63 |     return originalFn(...args);
         |            ^
      64 |   };
      65 | };
      66 |

      at console.<anonymous> (tests/setup/jest.setup.cjs:63:12)
      at console.apply [as warn] (src/scripts/modules/base.js:92:26)
      at Proxy.apply (src/scripts/modules/base.js:92:26)
      at Proxy.apply (src/scripts/modules/base.js:92:26)
      at Proxy.apply (src/scripts/modules/base.js:92:26)
      at warn (src/scripts/storage.js:6193:11)
      at downgradeSafeLocalStorageToMemory (src/scripts/storage.js:16819:5)
      at safeSetLocalStorage (src/scripts/storage.js:17737:11)
          at Array.forEach (<anonymous>)
      at forEach (src/scripts/storage.js:17733:17)
      at Object.importAllData (tests/unit/storage.test.js:2661:5)

  console.warn
    MOCK SET: __storage_test__ = 1

      61 |       return undefined;
      62 |     }
    > 63 |     return originalFn(...args);
         |            ^
      64 |   };
      65 | };
      66 |

      at console.<anonymous> (tests/setup/jest.setup.cjs:63:12)
      at console.apply [as warn] (src/scripts/modules/base.js:92:26)
      at Proxy.apply (src/scripts/modules/base.js:92:26)
      at Proxy.apply (src/scripts/modules/base.js:92:26)
      at Proxy.apply (src/scripts/modules/base.js:92:26)
      at Object.warn (tests/unit/storage.test.js:11:15)
      at setItem (src/scripts/storage.js:5846:13)
      at verifyStorage (src/scripts/storage.js:6228:18)
      at attemptLocalStorageUpgrade (src/scripts/storage.js:6286:5)
      at getSafeLocalStorage (src/scripts/storage.js:16652:19)
      at safeSetLocalStorage (src/scripts/storage.js:17747:11)
      at Object.importAllData (tests/unit/storage.test.js:2661:5)

  console.log
    DEBUG: getSafeLocalStorage returning object

      at Proxy.apply (src/scripts/modules/base.js:92:26)

  console.error
    DEBUG: safeSetLocalStorage EXEC cameraPowerPlanner_temperatureUnit fahrenheit

      61 |       return undefined;
      62 |     }
    > 63 |     return originalFn(...args);
         |            ^
      64 |   };
      65 | };
      66 |

      at console.<anonymous> (tests/setup/jest.setup.cjs:63:12)
      at Proxy.apply (src/scripts/modules/base.js:92:26)
      at error (src/scripts/storage.js:16657:11)
      at safeSetLocalStorage (src/scripts/storage.js:17747:11)
      at Object.importAllData (tests/unit/storage.test.js:2661:5)

  console.log
    DEBUG: isIndexedDB calculated: true

      at Proxy.apply (src/scripts/modules/base.js:92:26)

  console.warn
    Unable to persist storage key during import cameraPowerPlanner_temperatureUnit ReferenceError: AUTO_GEAR_SHOW_BACKUPS_STORAGE_KEY is not defined
        at AUTO_GEAR_SHOW_BACKUPS_STORAGE_KEY (/Users/lucazanner/Documents/GitHub/cine-power-planner/src/scripts/storage.js:16809:9)
        at safeSetLocalStorage (/Users/lucazanner/Documents/GitHub/cine-power-planner/src/scripts/storage.js:17747:11)
        at Object.importAllData (/Users/lucazanner/Documents/GitHub/cine-power-planner/tests/unit/storage.test.js:2661:5)
        at Promise.finally.completed (/Users/lucazanner/Documents/GitHub/cine-power-planner/node_modules/jest-circus/build/jestAdapterInit.js:1557:28)
        at new Promise (<anonymous>)
        at callAsyncCircusFn (/Users/lucazanner/Documents/GitHub/cine-power-planner/node_modules/jest-circus/build/jestAdapterInit.js:1497:10)
        at _callCircusTest (/Users/lucazanner/Documents/GitHub/cine-power-planner/node_modules/jest-circus/build/jestAdapterInit.js:1007:40)
        at _runTest (/Users/lucazanner/Documents/GitHub/cine-power-planner/node_modules/jest-circus/build/jestAdapterInit.js:947:3)
        at /Users/lucazanner/Documents/GitHub/cine-power-planner/node_modules/jest-circus/build/jestAdapterInit.js:849:7
        at _runTestsForDescribeBlock (/Users/lucazanner/Documents/GitHub/cine-power-planner/node_modules/jest-circus/build/jestAdapterInit.js:862:11)
        at _runTestsForDescribeBlock (/Users/lucazanner/Documents/GitHub/cine-power-planner/node_modules/jest-circus/build/jestAdapterInit.js:857:11)
        at run (/Users/lucazanner/Documents/GitHub/cine-power-planner/node_modules/jest-circus/build/jestAdapterInit.js:761:3)
        at runAndTransformResultsToJestFormat (/Users/lucazanner/Documents/GitHub/cine-power-planner/node_modules/jest-circus/build/jestAdapterInit.js:1918:21)
        at jestAdapter (/Users/lucazanner/Documents/GitHub/cine-power-planner/node_modules/jest-circus/build/runner.js:101:19)
        at runTestInternal (/Users/lucazanner/Documents/GitHub/cine-power-planner/node_modules/jest-runner/build/index.js:275:16)
        at runTest (/Users/lucazanner/Documents/GitHub/cine-power-planner/node_modules/jest-runner/build/index.js:343:7)

      61 |       return undefined;
      62 |     }
    > 63 |     return originalFn(...args);
         |            ^
      64 |   };
      65 | };
      66 |

      at console.<anonymous> (tests/setup/jest.setup.cjs:63:12)
      at console.apply [as warn] (src/scripts/modules/base.js:92:26)
      at Proxy.apply (src/scripts/modules/base.js:92:26)
      at Proxy.apply (src/scripts/modules/base.js:92:26)
      at Proxy.apply (src/scripts/modules/base.js:92:26)
      at warn (src/scripts/storage.js:16818:13)
      at safeSetLocalStorage (src/scripts/storage.js:17747:11)
      at Object.importAllData (tests/unit/storage.test.js:2661:5)

  console.warn
    MOCK SET: __storage_test__ = 1

      61 |       return undefined;
      62 |     }
    > 63 |     return originalFn(...args);
         |            ^
      64 |   };
      65 | };
      66 |

      at console.<anonymous> (tests/setup/jest.setup.cjs:63:12)
      at console.apply [as warn] (src/scripts/modules/base.js:92:26)
      at Proxy.apply (src/scripts/modules/base.js:92:26)
      at Proxy.apply (src/scripts/modules/base.js:92:26)
      at Proxy.apply (src/scripts/modules/base.js:92:26)
      at Object.warn (tests/unit/storage.test.js:11:15)
      at setItem (src/scripts/storage.js:5846:13)
      at verifyStorage (src/scripts/storage.js:6155:26)
      at downgradeSafeLocalStorageToMemory (src/scripts/storage.js:16819:5)
      at safeSetLocalStorage (src/scripts/storage.js:17747:11)
      at Object.importAllData (tests/unit/storage.test.js:2661:5)

  console.warn
    MOCK SET: cameraPowerPlanner_devices = {"cameras":{},"monitors":{},"video":{},"viewfinder

      61 |       return undefined;
      62 |     }
    > 63 |     return originalFn(...args);
         |            ^
      64 |   };
      65 | };
      66 |

      at console.<anonymous> (tests/setup/jest.setup.cjs:63:12)
      at console.apply [as warn] (src/scripts/modules/base.js:92:26)
      at Proxy.apply (src/scripts/modules/base.js:92:26)
      at Proxy.apply (src/scripts/modules/base.js:92:26)
      at Proxy.apply (src/scripts/modules/base.js:92:26)
      at Object.warn (tests/unit/storage.test.js:11:15)
      at setItem (src/scripts/storage.js:6179:25)
          at Array.forEach (<anonymous>)
      at forEach (src/scripts/storage.js:6172:25)
      at downgradeSafeLocalStorageToMemory (src/scripts/storage.js:16819:5)
      at safeSetLocalStorage (src/scripts/storage.js:17747:11)
      at Object.importAllData (tests/unit/storage.test.js:2661:5)

  console.warn
    MOCK SET: cameraPowerPlanner_devices__backup = {"cameras":{},"monitors":{},"video":{},"viewfinder

      61 |       return undefined;
      62 |     }
    > 63 |     return originalFn(...args);
         |            ^
      64 |   };
      65 | };
      66 |

      at console.<anonymous> (tests/setup/jest.setup.cjs:63:12)
      at console.apply [as warn] (src/scripts/modules/base.js:92:26)
      at Proxy.apply (src/scripts/modules/base.js:92:26)
      at Proxy.apply (src/scripts/modules/base.js:92:26)
      at Proxy.apply (src/scripts/modules/base.js:92:26)
      at Object.warn (tests/unit/storage.test.js:11:15)
      at setItem (src/scripts/storage.js:6179:25)
          at Array.forEach (<anonymous>)
      at forEach (src/scripts/storage.js:6172:25)
      at downgradeSafeLocalStorageToMemory (src/scripts/storage.js:16819:5)
      at safeSetLocalStorage (src/scripts/storage.js:17747:11)
      at Object.importAllData (tests/unit/storage.test.js:2661:5)

  console.warn
    MOCK SET: cameraPowerPlanner_setups = {"A":{"foo":1}}

      61 |       return undefined;
      62 |     }
    > 63 |     return originalFn(...args);
         |            ^
      64 |   };
      65 | };
      66 |

      at console.<anonymous> (tests/setup/jest.setup.cjs:63:12)
      at console.apply [as warn] (src/scripts/modules/base.js:92:26)
      at Proxy.apply (src/scripts/modules/base.js:92:26)
      at Proxy.apply (src/scripts/modules/base.js:92:26)
      at Proxy.apply (src/scripts/modules/base.js:92:26)
      at Object.warn (tests/unit/storage.test.js:11:15)
      at setItem (src/scripts/storage.js:6179:25)
          at Array.forEach (<anonymous>)
      at forEach (src/scripts/storage.js:6172:25)
      at downgradeSafeLocalStorageToMemory (src/scripts/storage.js:16819:5)
      at safeSetLocalStorage (src/scripts/storage.js:17747:11)
      at Object.importAllData (tests/unit/storage.test.js:2661:5)

  console.warn
    MOCK SET: cameraPowerPlanner_setups__backup = {"A":{"foo":1}}

      61 |       return undefined;
      62 |     }
    > 63 |     return originalFn(...args);
         |            ^
      64 |   };
      65 | };
      66 |

      at console.<anonymous> (tests/setup/jest.setup.cjs:63:12)
      at console.apply [as warn] (src/scripts/modules/base.js:92:26)
      at Proxy.apply (src/scripts/modules/base.js:92:26)
      at Proxy.apply (src/scripts/modules/base.js:92:26)
      at Proxy.apply (src/scripts/modules/base.js:92:26)
      at Object.warn (tests/unit/storage.test.js:11:15)
      at setItem (src/scripts/storage.js:6179:25)
          at Array.forEach (<anonymous>)
      at forEach (src/scripts/storage.js:6172:25)
      at downgradeSafeLocalStorageToMemory (src/scripts/storage.js:16819:5)
      at safeSetLocalStorage (src/scripts/storage.js:17747:11)
      at Object.importAllData (tests/unit/storage.test.js:2661:5)

  console.warn
    MOCK SET: cameraPowerPlanner_session = {"camera":"CamA"}

      61 |       return undefined;
      62 |     }
    > 63 |     return originalFn(...args);
         |            ^
      64 |   };
      65 | };
      66 |

      at console.<anonymous> (tests/setup/jest.setup.cjs:63:12)
      at console.apply [as warn] (src/scripts/modules/base.js:92:26)
      at Proxy.apply (src/scripts/modules/base.js:92:26)
      at Proxy.apply (src/scripts/modules/base.js:92:26)
      at Proxy.apply (src/scripts/modules/base.js:92:26)
      at Object.warn (tests/unit/storage.test.js:11:15)
      at setItem (src/scripts/storage.js:6179:25)
          at Array.forEach (<anonymous>)
      at forEach (src/scripts/storage.js:6172:25)
      at downgradeSafeLocalStorageToMemory (src/scripts/storage.js:16819:5)
      at safeSetLocalStorage (src/scripts/storage.js:17747:11)
      at Object.importAllData (tests/unit/storage.test.js:2661:5)

  console.warn
    MOCK SET: cameraPowerPlanner_session__backup = {"camera":"CamA"}

      61 |       return undefined;
      62 |     }
    > 63 |     return originalFn(...args);
         |            ^
      64 |   };
      65 | };
      66 |

      at console.<anonymous> (tests/setup/jest.setup.cjs:63:12)
      at console.apply [as warn] (src/scripts/modules/base.js:92:26)
      at Proxy.apply (src/scripts/modules/base.js:92:26)
      at Proxy.apply (src/scripts/modules/base.js:92:26)
      at Proxy.apply (src/scripts/modules/base.js:92:26)
      at Object.warn (tests/unit/storage.test.js:11:15)
      at setItem (src/scripts/storage.js:6179:25)
          at Array.forEach (<anonymous>)
      at forEach (src/scripts/storage.js:6172:25)
      at downgradeSafeLocalStorageToMemory (src/scripts/storage.js:16819:5)
      at safeSetLocalStorage (src/scripts/storage.js:17747:11)
      at Object.importAllData (tests/unit/storage.test.js:2661:5)

  console.warn
    MOCK SET: cameraPowerPlanner_feedback = {"note":"hi"}

      61 |       return undefined;
      62 |     }
    > 63 |     return originalFn(...args);
         |            ^
      64 |   };
      65 | };
      66 |

      at console.<anonymous> (tests/setup/jest.setup.cjs:63:12)
      at console.apply [as warn] (src/scripts/modules/base.js:92:26)
      at Proxy.apply (src/scripts/modules/base.js:92:26)
      at Proxy.apply (src/scripts/modules/base.js:92:26)
      at Proxy.apply (src/scripts/modules/base.js:92:26)
      at Object.warn (tests/unit/storage.test.js:11:15)
      at setItem (src/scripts/storage.js:6179:25)
          at Array.forEach (<anonymous>)
      at forEach (src/scripts/storage.js:6172:25)
      at downgradeSafeLocalStorageToMemory (src/scripts/storage.js:16819:5)
      at safeSetLocalStorage (src/scripts/storage.js:17747:11)
      at Object.importAllData (tests/unit/storage.test.js:2661:5)

  console.warn
    MOCK SET: cameraPowerPlanner_feedback__backup = {"note":"hi"}

      61 |       return undefined;
      62 |     }
    > 63 |     return originalFn(...args);
         |            ^
      64 |   };
      65 | };
      66 |

      at console.<anonymous> (tests/setup/jest.setup.cjs:63:12)
      at console.apply [as warn] (src/scripts/modules/base.js:92:26)
      at Proxy.apply (src/scripts/modules/base.js:92:26)
      at Proxy.apply (src/scripts/modules/base.js:92:26)
      at Proxy.apply (src/scripts/modules/base.js:92:26)
      at Object.warn (tests/unit/storage.test.js:11:15)
      at setItem (src/scripts/storage.js:6179:25)
          at Array.forEach (<anonymous>)
      at forEach (src/scripts/storage.js:6172:25)
      at downgradeSafeLocalStorageToMemory (src/scripts/storage.js:16819:5)
      at safeSetLocalStorage (src/scripts/storage.js:17747:11)
      at Object.importAllData (tests/unit/storage.test.js:2661:5)

  console.warn
    MOCK SET: cameraPowerPlanner_favorites = {"cat":["B"]}

      61 |       return undefined;
      62 |     }
    > 63 |     return originalFn(...args);
         |            ^
      64 |   };
      65 | };
      66 |

      at console.<anonymous> (tests/setup/jest.setup.cjs:63:12)
      at console.apply [as warn] (src/scripts/modules/base.js:92:26)
      at Proxy.apply (src/scripts/modules/base.js:92:26)
      at Proxy.apply (src/scripts/modules/base.js:92:26)
      at Proxy.apply (src/scripts/modules/base.js:92:26)
      at Object.warn (tests/unit/storage.test.js:11:15)
      at setItem (src/scripts/storage.js:6179:25)
          at Array.forEach (<anonymous>)
      at forEach (src/scripts/storage.js:6172:25)
      at downgradeSafeLocalStorageToMemory (src/scripts/storage.js:16819:5)
      at safeSetLocalStorage (src/scripts/storage.js:17747:11)
      at Object.importAllData (tests/unit/storage.test.js:2661:5)

  console.warn
    MOCK SET: cameraPowerPlanner_favorites__backup = {"cat":["B"]}

      61 |       return undefined;
      62 |     }
    > 63 |     return originalFn(...args);
         |            ^
      64 |   };
      65 | };
      66 |

      at console.<anonymous> (tests/setup/jest.setup.cjs:63:12)
      at console.apply [as warn] (src/scripts/modules/base.js:92:26)
      at Proxy.apply (src/scripts/modules/base.js:92:26)
      at Proxy.apply (src/scripts/modules/base.js:92:26)
      at Proxy.apply (src/scripts/modules/base.js:92:26)
      at Object.warn (tests/unit/storage.test.js:11:15)
      at setItem (src/scripts/storage.js:6179:25)
          at Array.forEach (<anonymous>)
      at forEach (src/scripts/storage.js:6172:25)
      at downgradeSafeLocalStorageToMemory (src/scripts/storage.js:16819:5)
      at safeSetLocalStorage (src/scripts/storage.js:17747:11)
      at Object.importAllData (tests/unit/storage.test.js:2661:5)

  console.warn
    Downgraded planner storage to sessionStorage after write access errors. ReferenceError: AUTO_GEAR_SHOW_BACKUPS_STORAGE_KEY is not defined
        at AUTO_GEAR_SHOW_BACKUPS_STORAGE_KEY (/Users/lucazanner/Documents/GitHub/cine-power-planner/src/scripts/storage.js:16809:9)
        at safeSetLocalStorage (/Users/lucazanner/Documents/GitHub/cine-power-planner/src/scripts/storage.js:17747:11)
        at Object.importAllData (/Users/lucazanner/Documents/GitHub/cine-power-planner/tests/unit/storage.test.js:2661:5)
        at Promise.finally.completed (/Users/lucazanner/Documents/GitHub/cine-power-planner/node_modules/jest-circus/build/jestAdapterInit.js:1557:28)
        at new Promise (<anonymous>)
        at callAsyncCircusFn (/Users/lucazanner/Documents/GitHub/cine-power-planner/node_modules/jest-circus/build/jestAdapterInit.js:1497:10)
        at _callCircusTest (/Users/lucazanner/Documents/GitHub/cine-power-planner/node_modules/jest-circus/build/jestAdapterInit.js:1007:40)
        at _runTest (/Users/lucazanner/Documents/GitHub/cine-power-planner/node_modules/jest-circus/build/jestAdapterInit.js:947:3)
        at /Users/lucazanner/Documents/GitHub/cine-power-planner/node_modules/jest-circus/build/jestAdapterInit.js:849:7
        at _runTestsForDescribeBlock (/Users/lucazanner/Documents/GitHub/cine-power-planner/node_modules/jest-circus/build/jestAdapterInit.js:862:11)
        at _runTestsForDescribeBlock (/Users/lucazanner/Documents/GitHub/cine-power-planner/node_modules/jest-circus/build/jestAdapterInit.js:857:11)
        at run (/Users/lucazanner/Documents/GitHub/cine-power-planner/node_modules/jest-circus/build/jestAdapterInit.js:761:3)
        at runAndTransformResultsToJestFormat (/Users/lucazanner/Documents/GitHub/cine-power-planner/node_modules/jest-circus/build/jestAdapterInit.js:1918:21)
        at jestAdapter (/Users/lucazanner/Documents/GitHub/cine-power-planner/node_modules/jest-circus/build/runner.js:101:19)
        at runTestInternal (/Users/lucazanner/Documents/GitHub/cine-power-planner/node_modules/jest-runner/build/index.js:275:16)
        at runTest (/Users/lucazanner/Documents/GitHub/cine-power-planner/node_modules/jest-runner/build/index.js:343:7)

      61 |       return undefined;
      62 |     }
    > 63 |     return originalFn(...args);
         |            ^
      64 |   };
      65 | };
      66 |

      at console.<anonymous> (tests/setup/jest.setup.cjs:63:12)
      at console.apply [as warn] (src/scripts/modules/base.js:92:26)
      at Proxy.apply (src/scripts/modules/base.js:92:26)
      at Proxy.apply (src/scripts/modules/base.js:92:26)
      at Proxy.apply (src/scripts/modules/base.js:92:26)
      at warn (src/scripts/storage.js:6193:11)
      at downgradeSafeLocalStorageToMemory (src/scripts/storage.js:16819:5)
      at safeSetLocalStorage (src/scripts/storage.js:17747:11)
      at Object.importAllData (tests/unit/storage.test.js:2661:5)

  console.warn
    MOCK SET: __storage_test__ = 1

      61 |       return undefined;
      62 |     }
    > 63 |     return originalFn(...args);
         |            ^
      64 |   };
      65 | };
      66 |

      at console.<anonymous> (tests/setup/jest.setup.cjs:63:12)
      at console.apply [as warn] (src/scripts/modules/base.js:92:26)
      at Proxy.apply (src/scripts/modules/base.js:92:26)
      at Proxy.apply (src/scripts/modules/base.js:92:26)
      at Proxy.apply (src/scripts/modules/base.js:92:26)
      at Object.warn (tests/unit/storage.test.js:11:15)
      at setItem (src/scripts/storage.js:5846:13)
      at verifyStorage (src/scripts/storage.js:6228:18)
      at attemptLocalStorageUpgrade (src/scripts/storage.js:6286:5)
      at getSafeLocalStorage (src/scripts/storage.js:16652:19)
      at safeSetLocalStorage (src/scripts/storage.js:17925:7)
      at Object.importAllData (tests/unit/storage.test.js:2661:5)

  console.log
    DEBUG: getSafeLocalStorage returning object

      at Proxy.apply (src/scripts/modules/base.js:92:26)

  console.error
    DEBUG: safeSetLocalStorage EXEC customLogo data:image/svg+xml;base64,PE1PQ0s+

      61 |       return undefined;
      62 |     }
    > 63 |     return originalFn(...args);
         |            ^
      64 |   };
      65 | };
      66 |

      at console.<anonymous> (tests/setup/jest.setup.cjs:63:12)
      at Proxy.apply (src/scripts/modules/base.js:92:26)
      at error (src/scripts/storage.js:16657:11)
      at safeSetLocalStorage (src/scripts/storage.js:17925:7)
      at Object.importAllData (tests/unit/storage.test.js:2661:5)

  console.log
    DEBUG: isIndexedDB calculated: true

      at Proxy.apply (src/scripts/modules/base.js:92:26)

  console.warn
    Unable to persist storage key during import customLogo ReferenceError: AUTO_GEAR_SHOW_BACKUPS_STORAGE_KEY is not defined
        at AUTO_GEAR_SHOW_BACKUPS_STORAGE_KEY (/Users/lucazanner/Documents/GitHub/cine-power-planner/src/scripts/storage.js:16809:9)
        at safeSetLocalStorage (/Users/lucazanner/Documents/GitHub/cine-power-planner/src/scripts/storage.js:17925:7)
        at Object.importAllData (/Users/lucazanner/Documents/GitHub/cine-power-planner/tests/unit/storage.test.js:2661:5)
        at Promise.finally.completed (/Users/lucazanner/Documents/GitHub/cine-power-planner/node_modules/jest-circus/build/jestAdapterInit.js:1557:28)
        at new Promise (<anonymous>)
        at callAsyncCircusFn (/Users/lucazanner/Documents/GitHub/cine-power-planner/node_modules/jest-circus/build/jestAdapterInit.js:1497:10)
        at _callCircusTest (/Users/lucazanner/Documents/GitHub/cine-power-planner/node_modules/jest-circus/build/jestAdapterInit.js:1007:40)
        at _runTest (/Users/lucazanner/Documents/GitHub/cine-power-planner/node_modules/jest-circus/build/jestAdapterInit.js:947:3)
        at /Users/lucazanner/Documents/GitHub/cine-power-planner/node_modules/jest-circus/build/jestAdapterInit.js:849:7
        at _runTestsForDescribeBlock (/Users/lucazanner/Documents/GitHub/cine-power-planner/node_modules/jest-circus/build/jestAdapterInit.js:862:11)
        at _runTestsForDescribeBlock (/Users/lucazanner/Documents/GitHub/cine-power-planner/node_modules/jest-circus/build/jestAdapterInit.js:857:11)
        at run (/Users/lucazanner/Documents/GitHub/cine-power-planner/node_modules/jest-circus/build/jestAdapterInit.js:761:3)
        at runAndTransformResultsToJestFormat (/Users/lucazanner/Documents/GitHub/cine-power-planner/node_modules/jest-circus/build/jestAdapterInit.js:1918:21)
        at jestAdapter (/Users/lucazanner/Documents/GitHub/cine-power-planner/node_modules/jest-circus/build/runner.js:101:19)
        at runTestInternal (/Users/lucazanner/Documents/GitHub/cine-power-planner/node_modules/jest-runner/build/index.js:275:16)
        at runTest (/Users/lucazanner/Documents/GitHub/cine-power-planner/node_modules/jest-runner/build/index.js:343:7)

      61 |       return undefined;
      62 |     }
    > 63 |     return originalFn(...args);
         |            ^
      64 |   };
      65 | };
      66 |

      at console.<anonymous> (tests/setup/jest.setup.cjs:63:12)
      at console.apply [as warn] (src/scripts/modules/base.js:92:26)
      at Proxy.apply (src/scripts/modules/base.js:92:26)
      at Proxy.apply (src/scripts/modules/base.js:92:26)
      at Proxy.apply (src/scripts/modules/base.js:92:26)
      at warn (src/scripts/storage.js:16818:13)
      at safeSetLocalStorage (src/scripts/storage.js:17925:7)
      at Object.importAllData (tests/unit/storage.test.js:2661:5)

  console.warn
    MOCK SET: __storage_test__ = 1

      61 |       return undefined;
      62 |     }
    > 63 |     return originalFn(...args);
         |            ^
      64 |   };
      65 | };
      66 |

      at console.<anonymous> (tests/setup/jest.setup.cjs:63:12)
      at console.apply [as warn] (src/scripts/modules/base.js:92:26)
      at Proxy.apply (src/scripts/modules/base.js:92:26)
      at Proxy.apply (src/scripts/modules/base.js:92:26)
      at Proxy.apply (src/scripts/modules/base.js:92:26)
      at Object.warn (tests/unit/storage.test.js:11:15)
      at setItem (src/scripts/storage.js:5846:13)
      at verifyStorage (src/scripts/storage.js:6155:26)
      at downgradeSafeLocalStorageToMemory (src/scripts/storage.js:16819:5)
      at safeSetLocalStorage (src/scripts/storage.js:17925:7)
      at Object.importAllData (tests/unit/storage.test.js:2661:5)

  console.warn
    MOCK SET: cameraPowerPlanner_devices = {"cameras":{},"monitors":{},"video":{},"viewfinder

      61 |       return undefined;
      62 |     }
    > 63 |     return originalFn(...args);
         |            ^
      64 |   };
      65 | };
      66 |

      at console.<anonymous> (tests/setup/jest.setup.cjs:63:12)
      at console.apply [as warn] (src/scripts/modules/base.js:92:26)
      at Proxy.apply (src/scripts/modules/base.js:92:26)
      at Proxy.apply (src/scripts/modules/base.js:92:26)
      at Proxy.apply (src/scripts/modules/base.js:92:26)
      at Object.warn (tests/unit/storage.test.js:11:15)
      at setItem (src/scripts/storage.js:6179:25)
          at Array.forEach (<anonymous>)
      at forEach (src/scripts/storage.js:6172:25)
      at downgradeSafeLocalStorageToMemory (src/scripts/storage.js:16819:5)
      at safeSetLocalStorage (src/scripts/storage.js:17925:7)
      at Object.importAllData (tests/unit/storage.test.js:2661:5)

  console.warn
    MOCK SET: cameraPowerPlanner_devices__backup = {"cameras":{},"monitors":{},"video":{},"viewfinder

      61 |       return undefined;
      62 |     }
    > 63 |     return originalFn(...args);
         |            ^
      64 |   };
      65 | };
      66 |

      at console.<anonymous> (tests/setup/jest.setup.cjs:63:12)
      at console.apply [as warn] (src/scripts/modules/base.js:92:26)
      at Proxy.apply (src/scripts/modules/base.js:92:26)
      at Proxy.apply (src/scripts/modules/base.js:92:26)
      at Proxy.apply (src/scripts/modules/base.js:92:26)
      at Object.warn (tests/unit/storage.test.js:11:15)
      at setItem (src/scripts/storage.js:6179:25)
          at Array.forEach (<anonymous>)
      at forEach (src/scripts/storage.js:6172:25)
      at downgradeSafeLocalStorageToMemory (src/scripts/storage.js:16819:5)
      at safeSetLocalStorage (src/scripts/storage.js:17925:7)
      at Object.importAllData (tests/unit/storage.test.js:2661:5)

  console.warn
    MOCK SET: cameraPowerPlanner_setups = {"A":{"foo":1}}

      61 |       return undefined;
      62 |     }
    > 63 |     return originalFn(...args);
         |            ^
      64 |   };
      65 | };
      66 |

      at console.<anonymous> (tests/setup/jest.setup.cjs:63:12)
      at console.apply [as warn] (src/scripts/modules/base.js:92:26)
      at Proxy.apply (src/scripts/modules/base.js:92:26)
      at Proxy.apply (src/scripts/modules/base.js:92:26)
      at Proxy.apply (src/scripts/modules/base.js:92:26)
      at Object.warn (tests/unit/storage.test.js:11:15)
      at setItem (src/scripts/storage.js:6179:25)
          at Array.forEach (<anonymous>)
      at forEach (src/scripts/storage.js:6172:25)
      at downgradeSafeLocalStorageToMemory (src/scripts/storage.js:16819:5)
      at safeSetLocalStorage (src/scripts/storage.js:17925:7)
      at Object.importAllData (tests/unit/storage.test.js:2661:5)

  console.warn
    MOCK SET: cameraPowerPlanner_setups__backup = {"A":{"foo":1}}

      61 |       return undefined;
      62 |     }
    > 63 |     return originalFn(...args);
         |            ^
      64 |   };
      65 | };
      66 |

      at console.<anonymous> (tests/setup/jest.setup.cjs:63:12)
      at console.apply [as warn] (src/scripts/modules/base.js:92:26)
      at Proxy.apply (src/scripts/modules/base.js:92:26)
      at Proxy.apply (src/scripts/modules/base.js:92:26)
      at Proxy.apply (src/scripts/modules/base.js:92:26)
      at Object.warn (tests/unit/storage.test.js:11:15)
      at setItem (src/scripts/storage.js:6179:25)
          at Array.forEach (<anonymous>)
      at forEach (src/scripts/storage.js:6172:25)
      at downgradeSafeLocalStorageToMemory (src/scripts/storage.js:16819:5)
      at safeSetLocalStorage (src/scripts/storage.js:17925:7)
      at Object.importAllData (tests/unit/storage.test.js:2661:5)

  console.warn
    MOCK SET: cameraPowerPlanner_session = {"camera":"CamA"}

      61 |       return undefined;
      62 |     }
    > 63 |     return originalFn(...args);
         |            ^
      64 |   };
      65 | };
      66 |

      at console.<anonymous> (tests/setup/jest.setup.cjs:63:12)
      at console.apply [as warn] (src/scripts/modules/base.js:92:26)
      at Proxy.apply (src/scripts/modules/base.js:92:26)
      at Proxy.apply (src/scripts/modules/base.js:92:26)
      at Proxy.apply (src/scripts/modules/base.js:92:26)
      at Object.warn (tests/unit/storage.test.js:11:15)
      at setItem (src/scripts/storage.js:6179:25)
          at Array.forEach (<anonymous>)
      at forEach (src/scripts/storage.js:6172:25)
      at downgradeSafeLocalStorageToMemory (src/scripts/storage.js:16819:5)
      at safeSetLocalStorage (src/scripts/storage.js:17925:7)
      at Object.importAllData (tests/unit/storage.test.js:2661:5)

  console.warn
    MOCK SET: cameraPowerPlanner_session__backup = {"camera":"CamA"}

      61 |       return undefined;
      62 |     }
    > 63 |     return originalFn(...args);
         |            ^
      64 |   };
      65 | };
      66 |

      at console.<anonymous> (tests/setup/jest.setup.cjs:63:12)
      at console.apply [as warn] (src/scripts/modules/base.js:92:26)
      at Proxy.apply (src/scripts/modules/base.js:92:26)
      at Proxy.apply (src/scripts/modules/base.js:92:26)
      at Proxy.apply (src/scripts/modules/base.js:92:26)
      at Object.warn (tests/unit/storage.test.js:11:15)
      at setItem (src/scripts/storage.js:6179:25)
          at Array.forEach (<anonymous>)
      at forEach (src/scripts/storage.js:6172:25)
      at downgradeSafeLocalStorageToMemory (src/scripts/storage.js:16819:5)
      at safeSetLocalStorage (src/scripts/storage.js:17925:7)
      at Object.importAllData (tests/unit/storage.test.js:2661:5)

  console.warn
    MOCK SET: cameraPowerPlanner_feedback = {"note":"hi"}

      61 |       return undefined;
      62 |     }
    > 63 |     return originalFn(...args);
         |            ^
      64 |   };
      65 | };
      66 |

      at console.<anonymous> (tests/setup/jest.setup.cjs:63:12)
      at console.apply [as warn] (src/scripts/modules/base.js:92:26)
      at Proxy.apply (src/scripts/modules/base.js:92:26)
      at Proxy.apply (src/scripts/modules/base.js:92:26)
      at Proxy.apply (src/scripts/modules/base.js:92:26)
      at Object.warn (tests/unit/storage.test.js:11:15)
      at setItem (src/scripts/storage.js:6179:25)
          at Array.forEach (<anonymous>)
      at forEach (src/scripts/storage.js:6172:25)
      at downgradeSafeLocalStorageToMemory (src/scripts/storage.js:16819:5)
      at safeSetLocalStorage (src/scripts/storage.js:17925:7)
      at Object.importAllData (tests/unit/storage.test.js:2661:5)

  console.warn
    MOCK SET: cameraPowerPlanner_feedback__backup = {"note":"hi"}

      61 |       return undefined;
      62 |     }
    > 63 |     return originalFn(...args);
         |            ^
      64 |   };
      65 | };
      66 |

      at console.<anonymous> (tests/setup/jest.setup.cjs:63:12)
      at console.apply [as warn] (src/scripts/modules/base.js:92:26)
      at Proxy.apply (src/scripts/modules/base.js:92:26)
      at Proxy.apply (src/scripts/modules/base.js:92:26)
      at Proxy.apply (src/scripts/modules/base.js:92:26)
      at Object.warn (tests/unit/storage.test.js:11:15)
      at setItem (src/scripts/storage.js:6179:25)
          at Array.forEach (<anonymous>)
      at forEach (src/scripts/storage.js:6172:25)
      at downgradeSafeLocalStorageToMemory (src/scripts/storage.js:16819:5)
      at safeSetLocalStorage (src/scripts/storage.js:17925:7)
      at Object.importAllData (tests/unit/storage.test.js:2661:5)

  console.warn
    MOCK SET: cameraPowerPlanner_favorites = {"cat":["B"]}

      61 |       return undefined;
      62 |     }
    > 63 |     return originalFn(...args);
         |            ^
      64 |   };
      65 | };
      66 |

      at console.<anonymous> (tests/setup/jest.setup.cjs:63:12)
      at console.apply [as warn] (src/scripts/modules/base.js:92:26)
      at Proxy.apply (src/scripts/modules/base.js:92:26)
      at Proxy.apply (src/scripts/modules/base.js:92:26)
      at Proxy.apply (src/scripts/modules/base.js:92:26)
      at Object.warn (tests/unit/storage.test.js:11:15)
      at setItem (src/scripts/storage.js:6179:25)
          at Array.forEach (<anonymous>)
      at forEach (src/scripts/storage.js:6172:25)
      at downgradeSafeLocalStorageToMemory (src/scripts/storage.js:16819:5)
      at safeSetLocalStorage (src/scripts/storage.js:17925:7)
      at Object.importAllData (tests/unit/storage.test.js:2661:5)

  console.warn
    MOCK SET: cameraPowerPlanner_favorites__backup = {"cat":["B"]}

      61 |       return undefined;
      62 |     }
    > 63 |     return originalFn(...args);
         |            ^
      64 |   };
      65 | };
      66 |

      at console.<anonymous> (tests/setup/jest.setup.cjs:63:12)
      at console.apply [as warn] (src/scripts/modules/base.js:92:26)
      at Proxy.apply (src/scripts/modules/base.js:92:26)
      at Proxy.apply (src/scripts/modules/base.js:92:26)
      at Proxy.apply (src/scripts/modules/base.js:92:26)
      at Object.warn (tests/unit/storage.test.js:11:15)
      at setItem (src/scripts/storage.js:6179:25)
          at Array.forEach (<anonymous>)
      at forEach (src/scripts/storage.js:6172:25)
      at downgradeSafeLocalStorageToMemory (src/scripts/storage.js:16819:5)
      at safeSetLocalStorage (src/scripts/storage.js:17925:7)
      at Object.importAllData (tests/unit/storage.test.js:2661:5)

  console.warn
    Downgraded planner storage to sessionStorage after write access errors. ReferenceError: AUTO_GEAR_SHOW_BACKUPS_STORAGE_KEY is not defined
        at AUTO_GEAR_SHOW_BACKUPS_STORAGE_KEY (/Users/lucazanner/Documents/GitHub/cine-power-planner/src/scripts/storage.js:16809:9)
        at safeSetLocalStorage (/Users/lucazanner/Documents/GitHub/cine-power-planner/src/scripts/storage.js:17925:7)
        at Object.importAllData (/Users/lucazanner/Documents/GitHub/cine-power-planner/tests/unit/storage.test.js:2661:5)
        at Promise.finally.completed (/Users/lucazanner/Documents/GitHub/cine-power-planner/node_modules/jest-circus/build/jestAdapterInit.js:1557:28)
        at new Promise (<anonymous>)
        at callAsyncCircusFn (/Users/lucazanner/Documents/GitHub/cine-power-planner/node_modules/jest-circus/build/jestAdapterInit.js:1497:10)
        at _callCircusTest (/Users/lucazanner/Documents/GitHub/cine-power-planner/node_modules/jest-circus/build/jestAdapterInit.js:1007:40)
        at _runTest (/Users/lucazanner/Documents/GitHub/cine-power-planner/node_modules/jest-circus/build/jestAdapterInit.js:947:3)
        at /Users/lucazanner/Documents/GitHub/cine-power-planner/node_modules/jest-circus/build/jestAdapterInit.js:849:7
        at _runTestsForDescribeBlock (/Users/lucazanner/Documents/GitHub/cine-power-planner/node_modules/jest-circus/build/jestAdapterInit.js:862:11)
        at _runTestsForDescribeBlock (/Users/lucazanner/Documents/GitHub/cine-power-planner/node_modules/jest-circus/build/jestAdapterInit.js:857:11)
        at run (/Users/lucazanner/Documents/GitHub/cine-power-planner/node_modules/jest-circus/build/jestAdapterInit.js:761:3)
        at runAndTransformResultsToJestFormat (/Users/lucazanner/Documents/GitHub/cine-power-planner/node_modules/jest-circus/build/jestAdapterInit.js:1918:21)
        at jestAdapter (/Users/lucazanner/Documents/GitHub/cine-power-planner/node_modules/jest-circus/build/runner.js:101:19)
        at runTestInternal (/Users/lucazanner/Documents/GitHub/cine-power-planner/node_modules/jest-runner/build/index.js:275:16)
        at runTest (/Users/lucazanner/Documents/GitHub/cine-power-planner/node_modules/jest-runner/build/index.js:343:7)

      61 |       return undefined;
      62 |     }
    > 63 |     return originalFn(...args);
         |            ^
      64 |   };
      65 | };
      66 |

      at console.<anonymous> (tests/setup/jest.setup.cjs:63:12)
      at console.apply [as warn] (src/scripts/modules/base.js:92:26)
      at Proxy.apply (src/scripts/modules/base.js:92:26)
      at Proxy.apply (src/scripts/modules/base.js:92:26)
      at Proxy.apply (src/scripts/modules/base.js:92:26)
      at warn (src/scripts/storage.js:6193:11)
      at downgradeSafeLocalStorageToMemory (src/scripts/storage.js:16819:5)
      at safeSetLocalStorage (src/scripts/storage.js:17925:7)
      at Object.importAllData (tests/unit/storage.test.js:2661:5)

  console.warn
    MOCK SET: __storage_test__ = 1

      61 |       return undefined;
      62 |     }
    > 63 |     return originalFn(...args);
         |            ^
      64 |   };
      65 | };
      66 |

      at console.<anonymous> (tests/setup/jest.setup.cjs:63:12)
      at console.apply [as warn] (src/scripts/modules/base.js:92:26)
      at Proxy.apply (src/scripts/modules/base.js:92:26)
      at Proxy.apply (src/scripts/modules/base.js:92:26)
      at Proxy.apply (src/scripts/modules/base.js:92:26)
      at Object.warn (tests/unit/storage.test.js:11:15)
      at setItem (src/scripts/storage.js:5846:13)
      at verifyStorage (src/scripts/storage.js:6228:18)
      at attemptLocalStorageUpgrade (src/scripts/storage.js:6286:5)
      at getSafeLocalStorage (src/scripts/storage.js:16652:19)
      at safeSetLocalStorage (src/scripts/storage.js:17934:9)
      at Object.importAllData (tests/unit/storage.test.js:2661:5)

  console.log
    DEBUG: getSafeLocalStorage returning object

      at Proxy.apply (src/scripts/modules/base.js:92:26)

  console.error
    DEBUG: safeSetLocalStorage EXEC cameraPowerPlanner_customFonts [{"id":"font-restore","name":"Restore Font","data":"data:font/woff;base64,BBBB"}]

      61 |       return undefined;
      62 |     }
    > 63 |     return originalFn(...args);
         |            ^
      64 |   };
      65 | };
      66 |

      at console.<anonymous> (tests/setup/jest.setup.cjs:63:12)
      at Proxy.apply (src/scripts/modules/base.js:92:26)
      at error (src/scripts/storage.js:16657:11)
      at safeSetLocalStorage (src/scripts/storage.js:17934:9)
      at Object.importAllData (tests/unit/storage.test.js:2661:5)

  console.log
    DEBUG: isIndexedDB calculated: true

      at Proxy.apply (src/scripts/modules/base.js:92:26)

  console.warn
    Unable to persist storage key during import cameraPowerPlanner_customFonts ReferenceError: AUTO_GEAR_SHOW_BACKUPS_STORAGE_KEY is not defined
        at AUTO_GEAR_SHOW_BACKUPS_STORAGE_KEY (/Users/lucazanner/Documents/GitHub/cine-power-planner/src/scripts/storage.js:16809:9)
        at safeSetLocalStorage (/Users/lucazanner/Documents/GitHub/cine-power-planner/src/scripts/storage.js:17934:9)
        at Object.importAllData (/Users/lucazanner/Documents/GitHub/cine-power-planner/tests/unit/storage.test.js:2661:5)
        at Promise.finally.completed (/Users/lucazanner/Documents/GitHub/cine-power-planner/node_modules/jest-circus/build/jestAdapterInit.js:1557:28)
        at new Promise (<anonymous>)
        at callAsyncCircusFn (/Users/lucazanner/Documents/GitHub/cine-power-planner/node_modules/jest-circus/build/jestAdapterInit.js:1497:10)
        at _callCircusTest (/Users/lucazanner/Documents/GitHub/cine-power-planner/node_modules/jest-circus/build/jestAdapterInit.js:1007:40)
        at _runTest (/Users/lucazanner/Documents/GitHub/cine-power-planner/node_modules/jest-circus/build/jestAdapterInit.js:947:3)
        at /Users/lucazanner/Documents/GitHub/cine-power-planner/node_modules/jest-circus/build/jestAdapterInit.js:849:7
        at _runTestsForDescribeBlock (/Users/lucazanner/Documents/GitHub/cine-power-planner/node_modules/jest-circus/build/jestAdapterInit.js:862:11)
        at _runTestsForDescribeBlock (/Users/lucazanner/Documents/GitHub/cine-power-planner/node_modules/jest-circus/build/jestAdapterInit.js:857:11)
        at run (/Users/lucazanner/Documents/GitHub/cine-power-planner/node_modules/jest-circus/build/jestAdapterInit.js:761:3)
        at runAndTransformResultsToJestFormat (/Users/lucazanner/Documents/GitHub/cine-power-planner/node_modules/jest-circus/build/jestAdapterInit.js:1918:21)
        at jestAdapter (/Users/lucazanner/Documents/GitHub/cine-power-planner/node_modules/jest-circus/build/runner.js:101:19)
        at runTestInternal (/Users/lucazanner/Documents/GitHub/cine-power-planner/node_modules/jest-runner/build/index.js:275:16)
        at runTest (/Users/lucazanner/Documents/GitHub/cine-power-planner/node_modules/jest-runner/build/index.js:343:7)

      61 |       return undefined;
      62 |     }
    > 63 |     return originalFn(...args);
         |            ^
      64 |   };
      65 | };
      66 |

      at console.<anonymous> (tests/setup/jest.setup.cjs:63:12)
      at console.apply [as warn] (src/scripts/modules/base.js:92:26)
      at Proxy.apply (src/scripts/modules/base.js:92:26)
      at Proxy.apply (src/scripts/modules/base.js:92:26)
      at Proxy.apply (src/scripts/modules/base.js:92:26)
      at warn (src/scripts/storage.js:16818:13)
      at safeSetLocalStorage (src/scripts/storage.js:17934:9)
      at Object.importAllData (tests/unit/storage.test.js:2661:5)

  console.warn
    MOCK SET: __storage_test__ = 1

      61 |       return undefined;
      62 |     }
    > 63 |     return originalFn(...args);
         |            ^
      64 |   };
      65 | };
      66 |

      at console.<anonymous> (tests/setup/jest.setup.cjs:63:12)
      at console.apply [as warn] (src/scripts/modules/base.js:92:26)
      at Proxy.apply (src/scripts/modules/base.js:92:26)
      at Proxy.apply (src/scripts/modules/base.js:92:26)
      at Proxy.apply (src/scripts/modules/base.js:92:26)
      at Object.warn (tests/unit/storage.test.js:11:15)
      at setItem (src/scripts/storage.js:5846:13)
      at verifyStorage (src/scripts/storage.js:6155:26)
      at downgradeSafeLocalStorageToMemory (src/scripts/storage.js:16819:5)
      at safeSetLocalStorage (src/scripts/storage.js:17934:9)
      at Object.importAllData (tests/unit/storage.test.js:2661:5)

  console.warn
    MOCK SET: cameraPowerPlanner_devices = {"cameras":{},"monitors":{},"video":{},"viewfinder

      61 |       return undefined;
      62 |     }
    > 63 |     return originalFn(...args);
         |            ^
      64 |   };
      65 | };
      66 |

      at console.<anonymous> (tests/setup/jest.setup.cjs:63:12)
      at console.apply [as warn] (src/scripts/modules/base.js:92:26)
      at Proxy.apply (src/scripts/modules/base.js:92:26)
      at Proxy.apply (src/scripts/modules/base.js:92:26)
      at Proxy.apply (src/scripts/modules/base.js:92:26)
      at Object.warn (tests/unit/storage.test.js:11:15)
      at setItem (src/scripts/storage.js:6179:25)
          at Array.forEach (<anonymous>)
      at forEach (src/scripts/storage.js:6172:25)
      at downgradeSafeLocalStorageToMemory (src/scripts/storage.js:16819:5)
      at safeSetLocalStorage (src/scripts/storage.js:17934:9)
      at Object.importAllData (tests/unit/storage.test.js:2661:5)

  console.warn
    MOCK SET: cameraPowerPlanner_devices__backup = {"cameras":{},"monitors":{},"video":{},"viewfinder

      61 |       return undefined;
      62 |     }
    > 63 |     return originalFn(...args);
         |            ^
      64 |   };
      65 | };
      66 |

      at console.<anonymous> (tests/setup/jest.setup.cjs:63:12)
      at console.apply [as warn] (src/scripts/modules/base.js:92:26)
      at Proxy.apply (src/scripts/modules/base.js:92:26)
      at Proxy.apply (src/scripts/modules/base.js:92:26)
      at Proxy.apply (src/scripts/modules/base.js:92:26)
      at Object.warn (tests/unit/storage.test.js:11:15)
      at setItem (src/scripts/storage.js:6179:25)
          at Array.forEach (<anonymous>)
      at forEach (src/scripts/storage.js:6172:25)
      at downgradeSafeLocalStorageToMemory (src/scripts/storage.js:16819:5)
      at safeSetLocalStorage (src/scripts/storage.js:17934:9)
      at Object.importAllData (tests/unit/storage.test.js:2661:5)

  console.warn
    MOCK SET: cameraPowerPlanner_setups = {"A":{"foo":1}}

      61 |       return undefined;
      62 |     }
    > 63 |     return originalFn(...args);
         |            ^
      64 |   };
      65 | };
      66 |

      at console.<anonymous> (tests/setup/jest.setup.cjs:63:12)
      at console.apply [as warn] (src/scripts/modules/base.js:92:26)
      at Proxy.apply (src/scripts/modules/base.js:92:26)
      at Proxy.apply (src/scripts/modules/base.js:92:26)
      at Proxy.apply (src/scripts/modules/base.js:92:26)
      at Object.warn (tests/unit/storage.test.js:11:15)
      at setItem (src/scripts/storage.js:6179:25)
          at Array.forEach (<anonymous>)
      at forEach (src/scripts/storage.js:6172:25)
      at downgradeSafeLocalStorageToMemory (src/scripts/storage.js:16819:5)
      at safeSetLocalStorage (src/scripts/storage.js:17934:9)
      at Object.importAllData (tests/unit/storage.test.js:2661:5)

  console.warn
    MOCK SET: cameraPowerPlanner_setups__backup = {"A":{"foo":1}}

      61 |       return undefined;
      62 |     }
    > 63 |     return originalFn(...args);
         |            ^
      64 |   };
      65 | };
      66 |

      at console.<anonymous> (tests/setup/jest.setup.cjs:63:12)
      at console.apply [as warn] (src/scripts/modules/base.js:92:26)
      at Proxy.apply (src/scripts/modules/base.js:92:26)
      at Proxy.apply (src/scripts/modules/base.js:92:26)
      at Proxy.apply (src/scripts/modules/base.js:92:26)
      at Object.warn (tests/unit/storage.test.js:11:15)
      at setItem (src/scripts/storage.js:6179:25)
          at Array.forEach (<anonymous>)
      at forEach (src/scripts/storage.js:6172:25)
      at downgradeSafeLocalStorageToMemory (src/scripts/storage.js:16819:5)
      at safeSetLocalStorage (src/scripts/storage.js:17934:9)
      at Object.importAllData (tests/unit/storage.test.js:2661:5)

  console.warn
    MOCK SET: cameraPowerPlanner_session = {"camera":"CamA"}

      61 |       return undefined;
      62 |     }
    > 63 |     return originalFn(...args);
         |            ^
      64 |   };
      65 | };
      66 |

      at console.<anonymous> (tests/setup/jest.setup.cjs:63:12)
      at console.apply [as warn] (src/scripts/modules/base.js:92:26)
      at Proxy.apply (src/scripts/modules/base.js:92:26)
      at Proxy.apply (src/scripts/modules/base.js:92:26)
      at Proxy.apply (src/scripts/modules/base.js:92:26)
      at Object.warn (tests/unit/storage.test.js:11:15)
      at setItem (src/scripts/storage.js:6179:25)
          at Array.forEach (<anonymous>)
      at forEach (src/scripts/storage.js:6172:25)
      at downgradeSafeLocalStorageToMemory (src/scripts/storage.js:16819:5)
      at safeSetLocalStorage (src/scripts/storage.js:17934:9)
      at Object.importAllData (tests/unit/storage.test.js:2661:5)

  console.warn
    MOCK SET: cameraPowerPlanner_session__backup = {"camera":"CamA"}

      61 |       return undefined;
      62 |     }
    > 63 |     return originalFn(...args);
         |            ^
      64 |   };
      65 | };
      66 |

      at console.<anonymous> (tests/setup/jest.setup.cjs:63:12)
      at console.apply [as warn] (src/scripts/modules/base.js:92:26)
      at Proxy.apply (src/scripts/modules/base.js:92:26)
      at Proxy.apply (src/scripts/modules/base.js:92:26)
      at Proxy.apply (src/scripts/modules/base.js:92:26)
      at Object.warn (tests/unit/storage.test.js:11:15)
      at setItem (src/scripts/storage.js:6179:25)
          at Array.forEach (<anonymous>)
      at forEach (src/scripts/storage.js:6172:25)
      at downgradeSafeLocalStorageToMemory (src/scripts/storage.js:16819:5)
      at safeSetLocalStorage (src/scripts/storage.js:17934:9)
      at Object.importAllData (tests/unit/storage.test.js:2661:5)

  console.warn
    MOCK SET: cameraPowerPlanner_feedback = {"note":"hi"}

      61 |       return undefined;
      62 |     }
    > 63 |     return originalFn(...args);
         |            ^
      64 |   };
      65 | };
      66 |

      at console.<anonymous> (tests/setup/jest.setup.cjs:63:12)
      at console.apply [as warn] (src/scripts/modules/base.js:92:26)
      at Proxy.apply (src/scripts/modules/base.js:92:26)
      at Proxy.apply (src/scripts/modules/base.js:92:26)
      at Proxy.apply (src/scripts/modules/base.js:92:26)
      at Object.warn (tests/unit/storage.test.js:11:15)
      at setItem (src/scripts/storage.js:6179:25)
          at Array.forEach (<anonymous>)
      at forEach (src/scripts/storage.js:6172:25)
      at downgradeSafeLocalStorageToMemory (src/scripts/storage.js:16819:5)
      at safeSetLocalStorage (src/scripts/storage.js:17934:9)
      at Object.importAllData (tests/unit/storage.test.js:2661:5)

  console.warn
    MOCK SET: cameraPowerPlanner_feedback__backup = {"note":"hi"}

      61 |       return undefined;
      62 |     }
    > 63 |     return originalFn(...args);
         |            ^
      64 |   };
      65 | };
      66 |

      at console.<anonymous> (tests/setup/jest.setup.cjs:63:12)
      at console.apply [as warn] (src/scripts/modules/base.js:92:26)
      at Proxy.apply (src/scripts/modules/base.js:92:26)
      at Proxy.apply (src/scripts/modules/base.js:92:26)
      at Proxy.apply (src/scripts/modules/base.js:92:26)
      at Object.warn (tests/unit/storage.test.js:11:15)
      at setItem (src/scripts/storage.js:6179:25)
          at Array.forEach (<anonymous>)
      at forEach (src/scripts/storage.js:6172:25)
      at downgradeSafeLocalStorageToMemory (src/scripts/storage.js:16819:5)
      at safeSetLocalStorage (src/scripts/storage.js:17934:9)
      at Object.importAllData (tests/unit/storage.test.js:2661:5)

  console.warn
    MOCK SET: cameraPowerPlanner_favorites = {"cat":["B"]}

      61 |       return undefined;
      62 |     }
    > 63 |     return originalFn(...args);
         |            ^
      64 |   };
      65 | };
      66 |

      at console.<anonymous> (tests/setup/jest.setup.cjs:63:12)
      at console.apply [as warn] (src/scripts/modules/base.js:92:26)
      at Proxy.apply (src/scripts/modules/base.js:92:26)
      at Proxy.apply (src/scripts/modules/base.js:92:26)
      at Proxy.apply (src/scripts/modules/base.js:92:26)
      at Object.warn (tests/unit/storage.test.js:11:15)
      at setItem (src/scripts/storage.js:6179:25)
          at Array.forEach (<anonymous>)
      at forEach (src/scripts/storage.js:6172:25)
      at downgradeSafeLocalStorageToMemory (src/scripts/storage.js:16819:5)
      at safeSetLocalStorage (src/scripts/storage.js:17934:9)
      at Object.importAllData (tests/unit/storage.test.js:2661:5)

  console.warn
    MOCK SET: cameraPowerPlanner_favorites__backup = {"cat":["B"]}

      61 |       return undefined;
      62 |     }
    > 63 |     return originalFn(...args);
         |            ^
      64 |   };
      65 | };
      66 |

      at console.<anonymous> (tests/setup/jest.setup.cjs:63:12)
      at console.apply [as warn] (src/scripts/modules/base.js:92:26)
      at Proxy.apply (src/scripts/modules/base.js:92:26)
      at Proxy.apply (src/scripts/modules/base.js:92:26)
      at Proxy.apply (src/scripts/modules/base.js:92:26)
      at Object.warn (tests/unit/storage.test.js:11:15)
      at setItem (src/scripts/storage.js:6179:25)
          at Array.forEach (<anonymous>)
      at forEach (src/scripts/storage.js:6172:25)
      at downgradeSafeLocalStorageToMemory (src/scripts/storage.js:16819:5)
      at safeSetLocalStorage (src/scripts/storage.js:17934:9)
      at Object.importAllData (tests/unit/storage.test.js:2661:5)

  console.warn
    Downgraded planner storage to sessionStorage after write access errors. ReferenceError: AUTO_GEAR_SHOW_BACKUPS_STORAGE_KEY is not defined
        at AUTO_GEAR_SHOW_BACKUPS_STORAGE_KEY (/Users/lucazanner/Documents/GitHub/cine-power-planner/src/scripts/storage.js:16809:9)
        at safeSetLocalStorage (/Users/lucazanner/Documents/GitHub/cine-power-planner/src/scripts/storage.js:17934:9)
        at Object.importAllData (/Users/lucazanner/Documents/GitHub/cine-power-planner/tests/unit/storage.test.js:2661:5)
        at Promise.finally.completed (/Users/lucazanner/Documents/GitHub/cine-power-planner/node_modules/jest-circus/build/jestAdapterInit.js:1557:28)
        at new Promise (<anonymous>)
        at callAsyncCircusFn (/Users/lucazanner/Documents/GitHub/cine-power-planner/node_modules/jest-circus/build/jestAdapterInit.js:1497:10)
        at _callCircusTest (/Users/lucazanner/Documents/GitHub/cine-power-planner/node_modules/jest-circus/build/jestAdapterInit.js:1007:40)
        at _runTest (/Users/lucazanner/Documents/GitHub/cine-power-planner/node_modules/jest-circus/build/jestAdapterInit.js:947:3)
        at /Users/lucazanner/Documents/GitHub/cine-power-planner/node_modules/jest-circus/build/jestAdapterInit.js:849:7
        at _runTestsForDescribeBlock (/Users/lucazanner/Documents/GitHub/cine-power-planner/node_modules/jest-circus/build/jestAdapterInit.js:862:11)
        at _runTestsForDescribeBlock (/Users/lucazanner/Documents/GitHub/cine-power-planner/node_modules/jest-circus/build/jestAdapterInit.js:857:11)
        at run (/Users/lucazanner/Documents/GitHub/cine-power-planner/node_modules/jest-circus/build/jestAdapterInit.js:761:3)
        at runAndTransformResultsToJestFormat (/Users/lucazanner/Documents/GitHub/cine-power-planner/node_modules/jest-circus/build/jestAdapterInit.js:1918:21)
        at jestAdapter (/Users/lucazanner/Documents/GitHub/cine-power-planner/node_modules/jest-circus/build/runner.js:101:19)
        at runTestInternal (/Users/lucazanner/Documents/GitHub/cine-power-planner/node_modules/jest-runner/build/index.js:275:16)
        at runTest (/Users/lucazanner/Documents/GitHub/cine-power-planner/node_modules/jest-runner/build/index.js:343:7)

      61 |       return undefined;
      62 |     }
    > 63 |     return originalFn(...args);
         |            ^
      64 |   };
      65 | };
      66 |

      at console.<anonymous> (tests/setup/jest.setup.cjs:63:12)
      at console.apply [as warn] (src/scripts/modules/base.js:92:26)
      at Proxy.apply (src/scripts/modules/base.js:92:26)
      at Proxy.apply (src/scripts/modules/base.js:92:26)
      at Proxy.apply (src/scripts/modules/base.js:92:26)
      at warn (src/scripts/storage.js:6193:11)
      at downgradeSafeLocalStorageToMemory (src/scripts/storage.js:16819:5)
      at safeSetLocalStorage (src/scripts/storage.js:17934:9)
      at Object.importAllData (tests/unit/storage.test.js:2661:5)

  console.warn
    MOCK SET: __storage_test__ = 1

      61 |       return undefined;
      62 |     }
    > 63 |     return originalFn(...args);
         |            ^
      64 |   };
      65 | };
      66 |

      at console.<anonymous> (tests/setup/jest.setup.cjs:63:12)
      at console.apply [as warn] (src/scripts/modules/base.js:92:26)
      at Proxy.apply (src/scripts/modules/base.js:92:26)
      at Proxy.apply (src/scripts/modules/base.js:92:26)
      at Proxy.apply (src/scripts/modules/base.js:92:26)
      at Object.warn (tests/unit/storage.test.js:11:15)
      at setItem (src/scripts/storage.js:5846:13)
      at verifyStorage (src/scripts/storage.js:6228:18)
      at attemptLocalStorageUpgrade (src/scripts/storage.js:6286:5)
      at getSafeLocalStorage (src/scripts/storage.js:15082:23)
      at fallbackFn (src/scripts/storage.js:17668:7)
      at persistAutoGearValue (src/scripts/storage.js:17969:5)
      at Object.importAllData (tests/unit/storage.test.js:2661:5)

  console.log
    DEBUG: getSafeLocalStorage returning object

      at Proxy.apply (src/scripts/modules/base.js:92:26)

  console.log
    DEBUG: getSafeLocalStorage returning object

      at Proxy.apply (src/scripts/modules/base.js:92:26)

  console.warn
    MOCK SET: cameraPowerPlanner_autoGearRules = [{"id":"rule-indoor","label":"Indoor","scenarios":

      61 |       return undefined;
      62 |     }
    > 63 |     return originalFn(...args);
         |            ^
      64 |   };
      65 | };
      66 |

      at console.<anonymous> (tests/setup/jest.setup.cjs:63:12)
      at console.apply [as warn] (src/scripts/modules/base.js:92:26)
      at Proxy.apply (src/scripts/modules/base.js:92:26)
      at Proxy.apply (src/scripts/modules/base.js:92:26)
      at Proxy.apply (src/scripts/modules/base.js:92:26)
      at Object.warn (tests/unit/storage.test.js:11:15)
      at setItem (src/scripts/storage.js:8463:17)
      at saveJSONToStorage (src/scripts/storage.js:15084:3)
      at fallbackFn (src/scripts/storage.js:17668:7)
      at persistAutoGearValue (src/scripts/storage.js:17969:5)
      at Object.importAllData (tests/unit/storage.test.js:2661:5)

  console.warn
    MOCK SET: cameraPowerPlanner_autoGearRules__backup = [{"id":"rule-indoor","label":"Indoor","scenarios":

      61 |       return undefined;
      62 |     }
    > 63 |     return originalFn(...args);
         |            ^
      64 |   };
      65 | };
      66 |

      at console.<anonymous> (tests/setup/jest.setup.cjs:63:12)
      at console.apply [as warn] (src/scripts/modules/base.js:92:26)
      at Proxy.apply (src/scripts/modules/base.js:92:26)
      at Proxy.apply (src/scripts/modules/base.js:92:26)
      at Proxy.apply (src/scripts/modules/base.js:92:26)
      at Object.warn (tests/unit/storage.test.js:11:15)
      at setItem (src/scripts/storage.js:8524:19)
      at tryStoreCandidate (src/scripts/storage.js:8540:13)
      at attemptBackupWrite (src/scripts/storage.js:8617:26)
      at saveJSONToStorage (src/scripts/storage.js:15084:3)
      at fallbackFn (src/scripts/storage.js:17668:7)
      at persistAutoGearValue (src/scripts/storage.js:17969:5)
      at Object.importAllData (tests/unit/storage.test.js:2661:5)

  console.log
    DEBUG: getSafeLocalStorage returning object

      at Proxy.apply (src/scripts/modules/base.js:92:26)

  console.log
    DEBUG: getSafeLocalStorage returning object

      at Proxy.apply (src/scripts/modules/base.js:92:26)

  console.warn
    MOCK SET: cameraPowerPlanner_autoGearSeeded = 1

      61 |       return undefined;
      62 |     }
    > 63 |     return originalFn(...args);
         |            ^
      64 |   };
      65 | };
      66 |

      at console.<anonymous> (tests/setup/jest.setup.cjs:63:12)
      at console.apply [as warn] (src/scripts/modules/base.js:92:26)
      at Proxy.apply (src/scripts/modules/base.js:92:26)
      at Proxy.apply (src/scripts/modules/base.js:92:26)
      at Proxy.apply (src/scripts/modules/base.js:92:26)
      at Object.warn (tests/unit/storage.test.js:11:15)
      at setItem (src/scripts/storage.js:8827:15)
      at saveFlagToStorage (src/scripts/storage.js:15263:3)
      at saveAutoGearSeedFlag (src/scripts/storage.js:17980:7)
      at Object.importAllData (tests/unit/storage.test.js:2661:5)

  console.log
    DEBUG: getSafeLocalStorage returning object

      at Proxy.apply (src/scripts/modules/base.js:92:26)

  console.log
    DEBUG: getSafeLocalStorage returning object

      at Proxy.apply (src/scripts/modules/base.js:92:26)

  console.warn
    MOCK SET: cameraPowerPlanner_autoGearPresets = [{"id":"preset-restore","label":"Restore tweaks","

      61 |       return undefined;
      62 |     }
    > 63 |     return originalFn(...args);
         |            ^
      64 |   };
      65 | };
      66 |

      at console.<anonymous> (tests/setup/jest.setup.cjs:63:12)
      at console.apply [as warn] (src/scripts/modules/base.js:92:26)
      at Proxy.apply (src/scripts/modules/base.js:92:26)
      at Proxy.apply (src/scripts/modules/base.js:92:26)
      at Proxy.apply (src/scripts/modules/base.js:92:26)
      at Object.warn (tests/unit/storage.test.js:11:15)
      at setItem (src/scripts/storage.js:8463:17)
      at saveJSONToStorage (src/scripts/storage.js:15374:3)
      at fallbackFn (src/scripts/storage.js:17668:7)
      at persistAutoGearValue (src/scripts/storage.js:17985:5)
      at Object.importAllData (tests/unit/storage.test.js:2661:5)

  console.warn
    MOCK SET: cameraPowerPlanner_autoGearPresets__backup = [{"id":"preset-restore","label":"Restore tweaks","

      61 |       return undefined;
      62 |     }
    > 63 |     return originalFn(...args);
         |            ^
      64 |   };
      65 | };
      66 |

      at console.<anonymous> (tests/setup/jest.setup.cjs:63:12)
      at console.apply [as warn] (src/scripts/modules/base.js:92:26)
      at Proxy.apply (src/scripts/modules/base.js:92:26)
      at Proxy.apply (src/scripts/modules/base.js:92:26)
      at Proxy.apply (src/scripts/modules/base.js:92:26)
      at Object.warn (tests/unit/storage.test.js:11:15)
      at setItem (src/scripts/storage.js:8524:19)
      at tryStoreCandidate (src/scripts/storage.js:8540:13)
      at attemptBackupWrite (src/scripts/storage.js:8617:26)
      at saveJSONToStorage (src/scripts/storage.js:15374:3)
      at fallbackFn (src/scripts/storage.js:17668:7)
      at persistAutoGearValue (src/scripts/storage.js:17985:5)
      at Object.importAllData (tests/unit/storage.test.js:2661:5)

  console.log
    DEBUG: getSafeLocalStorage returning object

      at Proxy.apply (src/scripts/modules/base.js:92:26)

  console.warn
    MOCK SET: cameraPowerPlanner_autoGearShowBackups = 1

      61 |       return undefined;
      62 |     }
    > 63 |     return originalFn(...args);
         |            ^
      64 |   };
      65 | };
      66 |

      at console.<anonymous> (tests/setup/jest.setup.cjs:63:12)
      at console.apply [as warn] (src/scripts/modules/base.js:92:26)
      at Proxy.apply (src/scripts/modules/base.js:92:26)
      at Proxy.apply (src/scripts/modules/base.js:92:26)
      at Proxy.apply (src/scripts/modules/base.js:92:26)
      at Object.warn (tests/unit/storage.test.js:11:15)
      at setItem (src/scripts/storage.js:8827:15)
      at saveFlagToStorage (src/scripts/storage.js:15643:3)
      at fallbackFn (src/scripts/storage.js:17668:7)
      at persistAutoGearValue (src/scripts/storage.js:18002:5)
      at Object.importAllData (tests/unit/storage.test.js:2661:5)

  console.log
    DEBUG: getSafeLocalStorage returning object

      at Proxy.apply (src/scripts/modules/base.js:92:26)

  console.log
    DEBUG: getSafeLocalStorage returning object

      at Proxy.apply (src/scripts/modules/base.js:92:26)

  console.warn
    MOCK SET: cameraPowerPlanner_autoGearBackupRetention = 18

      61 |       return undefined;
      62 |     }
    > 63 |     return originalFn(...args);
         |            ^
      64 |   };
      65 | };
      66 |

      at console.<anonymous> (tests/setup/jest.setup.cjs:63:12)
      at console.apply [as warn] (src/scripts/modules/base.js:92:26)
      at Proxy.apply (src/scripts/modules/base.js:92:26)
      at Proxy.apply (src/scripts/modules/base.js:92:26)
      at Proxy.apply (src/scripts/modules/base.js:92:26)
      at Object.warn (tests/unit/storage.test.js:11:15)
      at setItem (src/scripts/storage.js:8463:17)
      at saveJSONToStorage (src/scripts/storage.js:15820:3)
      at fallbackFn (src/scripts/storage.js:17668:7)
      at persistAutoGearValue (src/scripts/storage.js:18007:7)
      at Object.importAllData (tests/unit/storage.test.js:2661:5)

  console.warn
    MOCK SET: cameraPowerPlanner_autoGearBackupRetention__backup = 18

      61 |       return undefined;
      62 |     }
    > 63 |     return originalFn(...args);
         |            ^
      64 |   };
      65 | };
      66 |

      at console.<anonymous> (tests/setup/jest.setup.cjs:63:12)
      at console.apply [as warn] (src/scripts/modules/base.js:92:26)
      at Proxy.apply (src/scripts/modules/base.js:92:26)
      at Proxy.apply (src/scripts/modules/base.js:92:26)
      at Proxy.apply (src/scripts/modules/base.js:92:26)
      at Object.warn (tests/unit/storage.test.js:11:15)
      at setItem (src/scripts/storage.js:8524:19)
      at tryStoreCandidate (src/scripts/storage.js:8540:13)
      at attemptBackupWrite (src/scripts/storage.js:8617:26)
      at saveJSONToStorage (src/scripts/storage.js:15820:3)
      at fallbackFn (src/scripts/storage.js:17668:7)
      at persistAutoGearValue (src/scripts/storage.js:18007:7)
      at Object.importAllData (tests/unit/storage.test.js:2661:5)

  console.log
    DEBUG: getSafeLocalStorage returning object

      at Proxy.apply (src/scripts/modules/base.js:92:26)

  console.log
    DEBUG: getSafeLocalStorage returning object

      at Proxy.apply (src/scripts/modules/base.js:92:26)

  console.log
    DEBUG: getSafeLocalStorage returning object

      at Proxy.apply (src/scripts/modules/base.js:92:26)

  console.log
    DEBUG: getSafeLocalStorage returning object

      at Proxy.apply (src/scripts/modules/base.js:92:26)
          at Array.forEach (<anonymous>)

  console.log
    DEBUG: getSafeLocalStorage returning object

      at Proxy.apply (src/scripts/modules/base.js:92:26)
          at Array.forEach (<anonymous>)

  console.log
    DEBUG: getSafeLocalStorage returning object

      at Proxy.apply (src/scripts/modules/base.js:92:26)
          at Array.forEach (<anonymous>)

  console.log
    DEBUG: getSafeLocalStorage returning object

      at Proxy.apply (src/scripts/modules/base.js:92:26)
          at Array.forEach (<anonymous>)

  console.log
    DEBUG: getSafeLocalStorage returning object

      at Proxy.apply (src/scripts/modules/base.js:92:26)
          at Array.forEach (<anonymous>)

  console.log
    DEBUG: getSafeLocalStorage returning object

      at Proxy.apply (src/scripts/modules/base.js:92:26)
          at Array.forEach (<anonymous>)

  console.log
    DEBUG: getSafeLocalStorage returning object

      at Proxy.apply (src/scripts/modules/base.js:92:26)
          at Array.forEach (<anonymous>)

  console.log
    DEBUG: getSafeLocalStorage returning object

      at Proxy.apply (src/scripts/modules/base.js:92:26)
          at Array.forEach (<anonymous>)

  console.warn
    MOCK SET: cameraPowerPlanner_prj_Proj = {"gearList":"<ol></ol>","projectInfo":null,"gearLi

      61 |       return undefined;
      62 |     }
    > 63 |     return originalFn(...args);
         |            ^
      64 |   };
      65 | };
      66 |

      at console.<anonymous> (tests/setup/jest.setup.cjs:63:12)
      at console.apply [as warn] (src/scripts/modules/base.js:92:26)
      at Proxy.apply (src/scripts/modules/base.js:92:26)
      at Proxy.apply (src/scripts/modules/base.js:92:26)
      at Proxy.apply (src/scripts/modules/base.js:92:26)
      at Object.warn (tests/unit/storage.test.js:11:15)
      at setItem (src/scripts/storage.js:8463:17)
      at saveJSONToStorage (src/scripts/storage.js:12780:18)
      at persistProjectShard (src/scripts/storage.js:13513:20)
      at saveProject (src/scripts/storage.js:13783:5)
      at importer (src/scripts/storage.js:18039:7)
      at importProject (src/scripts/storage.js:13890:7)
          at Array.forEach (<anonymous>)
      at forEach (src/scripts/storage.js:13888:32)
      at importProjectCollection (src/scripts/storage.js:18045:20)
      at importTrackedCollection (src/scripts/storage.js:18053:5)
      at Object.importAllData (tests/unit/storage.test.js:2661:5)

  console.log
    DEBUG: getSafeLocalStorage returning object

      at Proxy.apply (src/scripts/modules/base.js:92:26)
          at Array.forEach (<anonymous>)

  console.log
    DEBUG: getSafeLocalStorage returning object

      at Proxy.apply (src/scripts/modules/base.js:92:26)
          at Array.forEach (<anonymous>)
          at Array.forEach (<anonymous>)

  console.log
    DEBUG: getSafeLocalStorage returning object

      at Proxy.apply (src/scripts/modules/base.js:92:26)
          at Array.forEach (<anonymous>)
          at Array.forEach (<anonymous>)

  console.log
    DEBUG: getSafeLocalStorage returning object

      at Proxy.apply (src/scripts/modules/base.js:92:26)
          at Array.forEach (<anonymous>)

  console.warn
    MOCK SET: cameraPowerPlanner_project_rev = 1

      61 |       return undefined;
      62 |     }
    > 63 |     return originalFn(...args);
         |            ^
      64 |   };
      65 | };
      66 |

      at console.<anonymous> (tests/setup/jest.setup.cjs:63:12)
      at console.apply [as warn] (src/scripts/modules/base.js:92:26)
      at Proxy.apply (src/scripts/modules/base.js:92:26)
      at Proxy.apply (src/scripts/modules/base.js:92:26)
      at Proxy.apply (src/scripts/modules/base.js:92:26)
      at Object.warn (tests/unit/storage.test.js:11:15)
      at setItem (src/scripts/storage.js:8463:17)
      at saveJSONToStorage (src/scripts/storage.js:1859:3)
      at bumpProjectStorageRevision (src/scripts/storage.js:12834:3)
      at persistAllProjects (src/scripts/storage.js:13535:5)
      at saveProject (src/scripts/storage.js:13783:5)
      at importer (src/scripts/storage.js:18039:7)
      at importProject (src/scripts/storage.js:13890:7)
          at Array.forEach (<anonymous>)
      at forEach (src/scripts/storage.js:13888:32)
      at importProjectCollection (src/scripts/storage.js:18045:20)
      at importTrackedCollection (src/scripts/storage.js:18053:5)
      at Object.importAllData (tests/unit/storage.test.js:2661:5)

  console.warn
    MOCK SET: cameraPowerPlanner_project_rev__backup = 1

      61 |       return undefined;
      62 |     }
    > 63 |     return originalFn(...args);
         |            ^
      64 |   };
      65 | };
      66 |

      at console.<anonymous> (tests/setup/jest.setup.cjs:63:12)
      at console.apply [as warn] (src/scripts/modules/base.js:92:26)
      at Proxy.apply (src/scripts/modules/base.js:92:26)
      at Proxy.apply (src/scripts/modules/base.js:92:26)
      at Proxy.apply (src/scripts/modules/base.js:92:26)
      at Object.warn (tests/unit/storage.test.js:11:15)
      at setItem (src/scripts/storage.js:8524:19)
      at tryStoreCandidate (src/scripts/storage.js:8540:13)
      at attemptBackupWrite (src/scripts/storage.js:8617:26)
      at saveJSONToStorage (src/scripts/storage.js:1859:3)
      at bumpProjectStorageRevision (src/scripts/storage.js:12834:3)
      at persistAllProjects (src/scripts/storage.js:13535:5)
      at saveProject (src/scripts/storage.js:13783:5)
      at importer (src/scripts/storage.js:18039:7)
      at importProject (src/scripts/storage.js:13890:7)
          at Array.forEach (<anonymous>)
      at forEach (src/scripts/storage.js:13888:32)
      at importProjectCollection (src/scripts/storage.js:18045:20)
      at importTrackedCollection (src/scripts/storage.js:18053:5)
      at Object.importAllData (tests/unit/storage.test.js:2661:5)

  console.log
    DEBUG: getSafeLocalStorage returning object

      at Proxy.apply (src/scripts/modules/base.js:92:26)

  console.log
    DEBUG: getSafeLocalStorage returning object

      at Proxy.apply (src/scripts/modules/base.js:92:26)

  console.log
    DEBUG: getSafeLocalStorage returning object

      at Proxy.apply (src/scripts/modules/base.js:92:26)

  console.log
    DEBUG: getSafeLocalStorage returning object

      at Proxy.apply (src/scripts/modules/base.js:92:26)

  console.log
    DEBUG: getSafeLocalStorage returning object

      at Proxy.apply (src/scripts/modules/base.js:92:26)

  console.log
    DEBUG: getSafeLocalStorage returning object

      at Proxy.apply (src/scripts/modules/base.js:92:26)

  console.log
    DEBUG: getSafeLocalStorage returning object

      at Proxy.apply (src/scripts/modules/base.js:92:26)

  console.log
    DEBUG: getSafeLocalStorage returning object

      at Proxy.apply (src/scripts/modules/base.js:92:26)

  console.log
    DEBUG: getSafeLocalStorage returning object

      at Proxy.apply (src/scripts/modules/base.js:92:26)

  console.log
    DEBUG: getSafeLocalStorage returning object

      at Proxy.apply (src/scripts/modules/base.js:92:26)

  console.log
    DEBUG: getSafeLocalStorage returning object

      at Proxy.apply (src/scripts/modules/base.js:92:26)

  console.log
    DEBUG: getSafeLocalStorage returning object

      at Proxy.apply (src/scripts/modules/base.js:92:26)

  console.log
    DEBUG: getSafeLocalStorage returning object

      at Proxy.apply (src/scripts/modules/base.js:92:26)

  console.log
    DEBUG: getSafeLocalStorage returning object

      at Proxy.apply (src/scripts/modules/base.js:92:26)

  console.log
    DEBUG: getSafeLocalStorage returning object

      at Proxy.apply (src/scripts/modules/base.js:92:26)

  console.log
    DEBUG: getSafeLocalStorage returning object

      at Proxy.apply (src/scripts/modules/base.js:92:26)

  console.log
    DEBUG: getSafeLocalStorage returning object

      at Proxy.apply (src/scripts/modules/base.js:92:26)

  console.log
    DEBUG: getSafeLocalStorage returning object

      at Proxy.apply (src/scripts/modules/base.js:92:26)

  console.log
    DEBUG: getSafeLocalStorage returning object

      at Proxy.apply (src/scripts/modules/base.js:92:26)

  console.log
    DEBUG: getSafeLocalStorage returning object

      at Proxy.apply (src/scripts/modules/base.js:92:26)

  console.log
    DEBUG: getSafeLocalStorage returning object

      at Proxy.apply (src/scripts/modules/base.js:92:26)

  console.log
    DEBUG: getSafeLocalStorage returning object

      at Proxy.apply (src/scripts/modules/base.js:92:26)

  console.log
    DEBUG: getSafeLocalStorage returning object

      at Proxy.apply (src/scripts/modules/base.js:92:26)

  console.log
    DEBUG: getSafeLocalStorage returning object

      at Proxy.apply (src/scripts/modules/base.js:92:26)

  console.log
    DEBUG: getSafeLocalStorage returning object

      at Proxy.apply (src/scripts/modules/base.js:92:26)

  console.log
    DEBUG: getSafeLocalStorage returning object

      at Proxy.apply (src/scripts/modules/base.js:92:26)

  console.log
    DEBUG: getSafeLocalStorage returning object

      at Proxy.apply (src/scripts/modules/base.js:92:26)

  console.log
    DEBUG: getSafeLocalStorage returning object

      at Proxy.apply (src/scripts/modules/base.js:92:26)

  console.log
    DEBUG: getSafeLocalStorage returning object

      at Proxy.apply (src/scripts/modules/base.js:92:26)

  console.log
    DEBUG: getSafeLocalStorage returning object

      at Proxy.apply (src/scripts/modules/base.js:92:26)

  console.log
    DEBUG: getSafeLocalStorage returning object

      at Proxy.apply (src/scripts/modules/base.js:92:26)

  console.log
    DEBUG: getSafeLocalStorage returning object

      at Proxy.apply (src/scripts/modules/base.js:92:26)

  console.log
    DEBUG: getSafeLocalStorage returning object

      at Proxy.apply (src/scripts/modules/base.js:92:26)

  console.log
    DEBUG: getSafeLocalStorage returning object

      at Proxy.apply (src/scripts/modules/base.js:92:26)

  console.log
    DEBUG: getSafeLocalStorage returning object

      at Proxy.apply (src/scripts/modules/base.js:92:26)

  console.log
    DEBUG: getSafeLocalStorage returning object

      at Proxy.apply (src/scripts/modules/base.js:92:26)

  console.log
    DEBUG: readLocalStorageValue fallback for darkMode

      at Proxy.apply (src/scripts/modules/base.js:92:26)

  console.log
    DEBUG: legacyStorage available: true

      at Proxy.apply (src/scripts/modules/base.js:92:26)

  console.log
    DEBUG: legacyValue for darkMode : null

      at Proxy.apply (src/scripts/modules/base.js:92:26)

  console.log
    DEBUG: getSafeLocalStorage returning object

      at Proxy.apply (src/scripts/modules/base.js:92:26)

  console.log
    DEBUG: readLocalStorageValue fallback for pinkMode

      at Proxy.apply (src/scripts/modules/base.js:92:26)

  console.log
    DEBUG: legacyStorage available: true

      at Proxy.apply (src/scripts/modules/base.js:92:26)

  console.log
    DEBUG: legacyValue for pinkMode : null

      at Proxy.apply (src/scripts/modules/base.js:92:26)

  console.log
    DEBUG: getSafeLocalStorage returning object

      at Proxy.apply (src/scripts/modules/base.js:92:26)

  console.log
    DEBUG: readLocalStorageValue fallback for highContrast

      at Proxy.apply (src/scripts/modules/base.js:92:26)

  console.log
    DEBUG: legacyStorage available: true

      at Proxy.apply (src/scripts/modules/base.js:92:26)

  console.log
    DEBUG: legacyValue for highContrast : null

      at Proxy.apply (src/scripts/modules/base.js:92:26)

  console.log
    DEBUG: getSafeLocalStorage returning object

      at Proxy.apply (src/scripts/modules/base.js:92:26)

  console.log
    DEBUG: readLocalStorageValue fallback for reduceMotion

      at Proxy.apply (src/scripts/modules/base.js:92:26)

  console.log
    DEBUG: legacyStorage available: true

      at Proxy.apply (src/scripts/modules/base.js:92:26)

  console.log
    DEBUG: legacyValue for reduceMotion : null

      at Proxy.apply (src/scripts/modules/base.js:92:26)

  console.log
    DEBUG: getSafeLocalStorage returning object

      at Proxy.apply (src/scripts/modules/base.js:92:26)

  console.log
    DEBUG: readLocalStorageValue fallback for relaxedSpacing

      at Proxy.apply (src/scripts/modules/base.js:92:26)

  console.log
    DEBUG: legacyStorage available: true

      at Proxy.apply (src/scripts/modules/base.js:92:26)

  console.log
    DEBUG: legacyValue for relaxedSpacing : null

      at Proxy.apply (src/scripts/modules/base.js:92:26)

  console.log
    DEBUG: getSafeLocalStorage returning object

      at Proxy.apply (src/scripts/modules/base.js:92:26)

  console.log
    DEBUG: readLocalStorageValue fallback for showAutoBackups

      at Proxy.apply (src/scripts/modules/base.js:92:26)

  console.log
    DEBUG: legacyStorage available: true

      at Proxy.apply (src/scripts/modules/base.js:92:26)

  console.log
    DEBUG: legacyValue for showAutoBackups : null

      at Proxy.apply (src/scripts/modules/base.js:92:26)

  console.log
    DEBUG: getSafeLocalStorage returning object

      at Proxy.apply (src/scripts/modules/base.js:92:26)

  console.log
    DEBUG: readLocalStorageValue fallback for accentColor

      at Proxy.apply (src/scripts/modules/base.js:92:26)

  console.log
    DEBUG: legacyStorage available: true

      at Proxy.apply (src/scripts/modules/base.js:92:26)

  console.log
    DEBUG: legacyValue for accentColor : null

      at Proxy.apply (src/scripts/modules/base.js:92:26)

  console.log
    DEBUG: getSafeLocalStorage returning object

      at Proxy.apply (src/scripts/modules/base.js:92:26)

  console.log
    DEBUG: readLocalStorageValue fallback for fontSize

      at Proxy.apply (src/scripts/modules/base.js:92:26)

  console.log
    DEBUG: legacyStorage available: true

      at Proxy.apply (src/scripts/modules/base.js:92:26)

  console.log
    DEBUG: legacyValue for fontSize : null

      at Proxy.apply (src/scripts/modules/base.js:92:26)

  console.log
    DEBUG: getSafeLocalStorage returning object

      at Proxy.apply (src/scripts/modules/base.js:92:26)

  console.log
    DEBUG: readLocalStorageValue fallback for fontFamily

      at Proxy.apply (src/scripts/modules/base.js:92:26)

  console.log
    DEBUG: legacyStorage available: true

      at Proxy.apply (src/scripts/modules/base.js:92:26)

  console.log
    DEBUG: legacyValue for fontFamily : null

      at Proxy.apply (src/scripts/modules/base.js:92:26)

  console.log
    DEBUG: getSafeLocalStorage returning object

      at Proxy.apply (src/scripts/modules/base.js:92:26)

  console.log
    DEBUG: readLocalStorageValue fallback for language

      at Proxy.apply (src/scripts/modules/base.js:92:26)

  console.log
    DEBUG: legacyStorage available: true

      at Proxy.apply (src/scripts/modules/base.js:92:26)

  console.log
    DEBUG: legacyValue for language : null

      at Proxy.apply (src/scripts/modules/base.js:92:26)

  console.log
    DEBUG: getSafeLocalStorage returning object

      at Proxy.apply (src/scripts/modules/base.js:92:26)

  console.log
    DEBUG: getSafeLocalStorage returning object

      at Proxy.apply (src/scripts/modules/base.js:92:26)

  console.log
    DEBUG: readLocalStorageValue fallback for iosPwaHelpShown

      at Proxy.apply (src/scripts/modules/base.js:92:26)

  console.log
    DEBUG: legacyStorage available: true

      at Proxy.apply (src/scripts/modules/base.js:92:26)

  console.log
    DEBUG: legacyValue for iosPwaHelpShown : null

      at Proxy.apply (src/scripts/modules/base.js:92:26)

  console.log
    DEBUG: getSafeLocalStorage returning object

      at Proxy.apply (src/scripts/modules/base.js:92:26)

  console.log
    DEBUG: getSafeLocalStorage returning object

      at Proxy.apply (src/scripts/modules/base.js:92:26)

  console.log
    DEBUG: getSafeLocalStorage returning object

      at Proxy.apply (src/scripts/modules/base.js:92:26)

  console.log
    DEBUG: getSafeLocalStorage returning object

      at Proxy.apply (src/scripts/modules/base.js:92:26)

  console.log
    DEBUG: getSafeLocalStorage returning object

      at Proxy.apply (src/scripts/modules/base.js:92:26)

  console.log
    DEBUG: getSafeLocalStorage returning object

      at Proxy.apply (src/scripts/modules/base.js:92:26)

  console.log
    DEBUG: getSafeLocalStorage returning object

      at Proxy.apply (src/scripts/modules/base.js:92:26)

  console.log
    DEBUG: getSafeLocalStorage returning object

      at Proxy.apply (src/scripts/modules/base.js:92:26)

  console.log
    DEBUG: getSafeLocalStorage returning object

      at Proxy.apply (src/scripts/modules/base.js:92:26)

  console.log
    DEBUG: getSafeLocalStorage returning object

      at Proxy.apply (src/scripts/modules/base.js:92:26)

  console.log
    DEBUG: getSafeLocalStorage returning object

      at Proxy.apply (src/scripts/modules/base.js:92:26)

  console.log
    DEBUG: getSafeLocalStorage returning object

      at Proxy.apply (src/scripts/modules/base.js:92:26)

  console.log
    DEBUG: getSafeLocalStorage returning object

      at Proxy.apply (src/scripts/modules/base.js:92:26)

  console.log
    DEBUG: getSafeLocalStorage returning object

      at Proxy.apply (src/scripts/modules/base.js:92:26)

  console.log
    DEBUG: getSafeLocalStorage returning object

      at Proxy.apply (src/scripts/modules/base.js:92:26)

  console.log
    DEBUG: getSafeLocalStorage returning object

      at Proxy.apply (src/scripts/modules/base.js:92:26)

  console.log
    DEBUG: getSafeLocalStorage returning object

      at Proxy.apply (src/scripts/modules/base.js:92:26)

  console.warn
    MOCK SET: cameraPowerPlanner_autoGearRules = [{"id":"rule-enabled","label":"Enabled","add":[],"

      61 |       return undefined;
      62 |     }
    > 63 |     return originalFn(...args);
         |            ^
      64 |   };
      65 | };
      66 |

      at console.<anonymous> (tests/setup/jest.setup.cjs:63:12)
      at console.apply [as warn] (src/scripts/modules/base.js:92:26)
      at Proxy.apply (src/scripts/modules/base.js:92:26)
      at Proxy.apply (src/scripts/modules/base.js:92:26)
      at Proxy.apply (src/scripts/modules/base.js:92:26)
      at Object.warn (tests/unit/storage.test.js:11:15)
      at setItem (src/scripts/storage.js:8463:17)
      at saveJSONToStorage (src/scripts/storage.js:15084:3)
      at Object.saveAutoGearRules (tests/unit/storage.test.js:2701:5)

  console.warn
    MOCK SET: cameraPowerPlanner_autoGearRules__backup = [{"id":"rule-enabled","label":"Enabled","add":[],"

      61 |       return undefined;
      62 |     }
    > 63 |     return originalFn(...args);
         |            ^
      64 |   };
      65 | };
      66 |

      at console.<anonymous> (tests/setup/jest.setup.cjs:63:12)
      at console.apply [as warn] (src/scripts/modules/base.js:92:26)
      at Proxy.apply (src/scripts/modules/base.js:92:26)
      at Proxy.apply (src/scripts/modules/base.js:92:26)
      at Proxy.apply (src/scripts/modules/base.js:92:26)
      at Object.warn (tests/unit/storage.test.js:11:15)
      at setItem (src/scripts/storage.js:8524:19)
      at tryStoreCandidate (src/scripts/storage.js:8540:13)
      at attemptBackupWrite (src/scripts/storage.js:8617:26)
      at saveJSONToStorage (src/scripts/storage.js:15084:3)
      at Object.saveAutoGearRules (tests/unit/storage.test.js:2701:5)

  console.log
    DEBUG: getSafeLocalStorage returning object

      at Proxy.apply (src/scripts/modules/base.js:92:26)

  console.log
    DEBUG: getSafeLocalStorage returning object

      at Proxy.apply (src/scripts/modules/base.js:92:26)

  console.log
    DEBUG: getSafeLocalStorage returning object

      at Proxy.apply (src/scripts/modules/base.js:92:26)

  console.log
    DEBUG: getSafeLocalStorage returning object

      at Proxy.apply (src/scripts/modules/base.js:92:26)

  console.log
    DEBUG: getSafeLocalStorage returning object

      at Proxy.apply (src/scripts/modules/base.js:92:26)

  console.log
    DEBUG: getSafeLocalStorage returning object

      at Proxy.apply (src/scripts/modules/base.js:92:26)

  console.log
    DEBUG: getSafeLocalStorage returning object

      at Proxy.apply (src/scripts/modules/base.js:92:26)

  console.log
    DEBUG: getSafeLocalStorage returning object

      at Proxy.apply (src/scripts/modules/base.js:92:26)

  console.log
    DEBUG: getSafeLocalStorage returning object

      at Proxy.apply (src/scripts/modules/base.js:92:26)

  console.log
    DEBUG: getSafeLocalStorage returning object

      at Proxy.apply (src/scripts/modules/base.js:92:26)

  console.log
    DEBUG: getSafeLocalStorage returning object

      at Proxy.apply (src/scripts/modules/base.js:92:26)

  console.log
    DEBUG: getSafeLocalStorage returning object

      at Proxy.apply (src/scripts/modules/base.js:92:26)

  console.log
    DEBUG: getSafeLocalStorage returning object

      at Proxy.apply (src/scripts/modules/base.js:92:26)

  console.log
    DEBUG: getSafeLocalStorage returning object

      at Proxy.apply (src/scripts/modules/base.js:92:26)

  console.log
    DEBUG: getSafeLocalStorage returning object

      at Proxy.apply (src/scripts/modules/base.js:92:26)

  console.log
    DEBUG: getSafeLocalStorage returning object

      at Proxy.apply (src/scripts/modules/base.js:92:26)

  console.log
    DEBUG: getSafeLocalStorage returning object

      at Proxy.apply (src/scripts/modules/base.js:92:26)

  console.log
    DEBUG: getSafeLocalStorage returning object

      at Proxy.apply (src/scripts/modules/base.js:92:26)

  console.log
    DEBUG: getSafeLocalStorage returning object

      at Proxy.apply (src/scripts/modules/base.js:92:26)

  console.log
    DEBUG: getSafeLocalStorage returning object

      at Proxy.apply (src/scripts/modules/base.js:92:26)

  console.log
    DEBUG: getSafeLocalStorage returning object

      at Proxy.apply (src/scripts/modules/base.js:92:26)

  console.log
    DEBUG: getSafeLocalStorage returning object

      at Proxy.apply (src/scripts/modules/base.js:92:26)

  console.log
    DEBUG: getSafeLocalStorage returning object

      at Proxy.apply (src/scripts/modules/base.js:92:26)

  console.log
    DEBUG: getSafeLocalStorage returning object

      at Proxy.apply (src/scripts/modules/base.js:92:26)

  console.log
    DEBUG: getSafeLocalStorage returning object

      at Proxy.apply (src/scripts/modules/base.js:92:26)

  console.log
    DEBUG: readLocalStorageValue fallback for darkMode

      at Proxy.apply (src/scripts/modules/base.js:92:26)

  console.log
    DEBUG: legacyStorage available: true

      at Proxy.apply (src/scripts/modules/base.js:92:26)

  console.log
    DEBUG: legacyValue for darkMode : null

      at Proxy.apply (src/scripts/modules/base.js:92:26)

  console.log
    DEBUG: getSafeLocalStorage returning object

      at Proxy.apply (src/scripts/modules/base.js:92:26)

  console.log
    DEBUG: readLocalStorageValue fallback for pinkMode

      at Proxy.apply (src/scripts/modules/base.js:92:26)

  console.log
    DEBUG: legacyStorage available: true

      at Proxy.apply (src/scripts/modules/base.js:92:26)

  console.log
    DEBUG: legacyValue for pinkMode : null

      at Proxy.apply (src/scripts/modules/base.js:92:26)

  console.log
    DEBUG: getSafeLocalStorage returning object

      at Proxy.apply (src/scripts/modules/base.js:92:26)

  console.log
    DEBUG: readLocalStorageValue fallback for highContrast

      at Proxy.apply (src/scripts/modules/base.js:92:26)

  console.log
    DEBUG: legacyStorage available: true

      at Proxy.apply (src/scripts/modules/base.js:92:26)

  console.log
    DEBUG: legacyValue for highContrast : null

      at Proxy.apply (src/scripts/modules/base.js:92:26)

  console.log
    DEBUG: getSafeLocalStorage returning object

      at Proxy.apply (src/scripts/modules/base.js:92:26)

  console.log
    DEBUG: readLocalStorageValue fallback for reduceMotion

      at Proxy.apply (src/scripts/modules/base.js:92:26)

  console.log
    DEBUG: legacyStorage available: true

      at Proxy.apply (src/scripts/modules/base.js:92:26)

  console.log
    DEBUG: legacyValue for reduceMotion : null

      at Proxy.apply (src/scripts/modules/base.js:92:26)

  console.log
    DEBUG: getSafeLocalStorage returning object

      at Proxy.apply (src/scripts/modules/base.js:92:26)

  console.log
    DEBUG: readLocalStorageValue fallback for relaxedSpacing

      at Proxy.apply (src/scripts/modules/base.js:92:26)

  console.log
    DEBUG: legacyStorage available: true

      at Proxy.apply (src/scripts/modules/base.js:92:26)

  console.log
    DEBUG: legacyValue for relaxedSpacing : null

      at Proxy.apply (src/scripts/modules/base.js:92:26)

  console.log
    DEBUG: getSafeLocalStorage returning object

      at Proxy.apply (src/scripts/modules/base.js:92:26)

  console.log
    DEBUG: readLocalStorageValue fallback for showAutoBackups

      at Proxy.apply (src/scripts/modules/base.js:92:26)

  console.log
    DEBUG: legacyStorage available: true

      at Proxy.apply (src/scripts/modules/base.js:92:26)

  console.log
    DEBUG: legacyValue for showAutoBackups : null

      at Proxy.apply (src/scripts/modules/base.js:92:26)

  console.log
    DEBUG: getSafeLocalStorage returning object

      at Proxy.apply (src/scripts/modules/base.js:92:26)

  console.log
    DEBUG: readLocalStorageValue fallback for accentColor

      at Proxy.apply (src/scripts/modules/base.js:92:26)

  console.log
    DEBUG: legacyStorage available: true

      at Proxy.apply (src/scripts/modules/base.js:92:26)

  console.log
    DEBUG: legacyValue for accentColor : null

      at Proxy.apply (src/scripts/modules/base.js:92:26)

  console.log
    DEBUG: getSafeLocalStorage returning object

      at Proxy.apply (src/scripts/modules/base.js:92:26)

  console.log
    DEBUG: readLocalStorageValue fallback for fontSize

      at Proxy.apply (src/scripts/modules/base.js:92:26)

  console.log
    DEBUG: legacyStorage available: true

      at Proxy.apply (src/scripts/modules/base.js:92:26)

  console.log
    DEBUG: legacyValue for fontSize : null

      at Proxy.apply (src/scripts/modules/base.js:92:26)

  console.log
    DEBUG: getSafeLocalStorage returning object

      at Proxy.apply (src/scripts/modules/base.js:92:26)

  console.log
    DEBUG: readLocalStorageValue fallback for fontFamily

      at Proxy.apply (src/scripts/modules/base.js:92:26)

  console.log
    DEBUG: legacyStorage available: true

      at Proxy.apply (src/scripts/modules/base.js:92:26)

  console.log
    DEBUG: legacyValue for fontFamily : null

      at Proxy.apply (src/scripts/modules/base.js:92:26)

  console.log
    DEBUG: getSafeLocalStorage returning object

      at Proxy.apply (src/scripts/modules/base.js:92:26)

  console.log
    DEBUG: readLocalStorageValue fallback for language

      at Proxy.apply (src/scripts/modules/base.js:92:26)

  console.log
    DEBUG: legacyStorage available: true

      at Proxy.apply (src/scripts/modules/base.js:92:26)

  console.log
    DEBUG: legacyValue for language : null

      at Proxy.apply (src/scripts/modules/base.js:92:26)

  console.log
    DEBUG: getSafeLocalStorage returning object

      at Proxy.apply (src/scripts/modules/base.js:92:26)

  console.log
    DEBUG: getSafeLocalStorage returning object

      at Proxy.apply (src/scripts/modules/base.js:92:26)

  console.log
    DEBUG: readLocalStorageValue fallback for iosPwaHelpShown

      at Proxy.apply (src/scripts/modules/base.js:92:26)

  console.log
    DEBUG: legacyStorage available: true

      at Proxy.apply (src/scripts/modules/base.js:92:26)

  console.log
    DEBUG: legacyValue for iosPwaHelpShown : null

      at Proxy.apply (src/scripts/modules/base.js:92:26)

  console.log
    DEBUG: getSafeLocalStorage returning object

      at Proxy.apply (src/scripts/modules/base.js:92:26)

  console.log
    DEBUG: getSafeLocalStorage returning object

      at Proxy.apply (src/scripts/modules/base.js:92:26)

  console.log
    DEBUG: getSafeLocalStorage returning object

      at Proxy.apply (src/scripts/modules/base.js:92:26)

  console.log
    DEBUG: getSafeLocalStorage returning object

      at Proxy.apply (src/scripts/modules/base.js:92:26)

  console.log
    DEBUG: getSafeLocalStorage returning object

      at Proxy.apply (src/scripts/modules/base.js:92:26)

  console.log
    DEBUG: getSafeLocalStorage returning object

      at Proxy.apply (src/scripts/modules/base.js:92:26)

  console.warn
    MOCK SET: cameraPowerPlanner_autoGearRules = [{"id":"rule-local","label":"Local","add":[],"remo

      61 |       return undefined;
      62 |     }
    > 63 |     return originalFn(...args);
         |            ^
      64 |   };
      65 | };
      66 |

      at console.<anonymous> (tests/setup/jest.setup.cjs:63:12)
      at console.apply [as warn] (src/scripts/modules/base.js:92:26)
      at Proxy.apply (src/scripts/modules/base.js:92:26)
      at Proxy.apply (src/scripts/modules/base.js:92:26)
      at Proxy.apply (src/scripts/modules/base.js:92:26)
      at Object.warn (tests/unit/storage.test.js:11:15)
      at Object.setItem (tests/unit/storage.test.js:2721:18)

  console.warn
    MOCK SET: cameraPowerPlanner_autoGearBackups = [{"id":"backup-local","label":"Local","createdAt":

      61 |       return undefined;
      62 |     }
    > 63 |     return originalFn(...args);
         |            ^
      64 |   };
      65 | };
      66 |

      at console.<anonymous> (tests/setup/jest.setup.cjs:63:12)
      at console.apply [as warn] (src/scripts/modules/base.js:92:26)
      at Proxy.apply (src/scripts/modules/base.js:92:26)
      at Proxy.apply (src/scripts/modules/base.js:92:26)
      at Proxy.apply (src/scripts/modules/base.js:92:26)
      at Object.warn (tests/unit/storage.test.js:11:15)
      at Object.setItem (tests/unit/storage.test.js:2722:18)

  console.warn
    MOCK SET: cameraPowerPlanner_autoGearPresets = [{"id":"preset-local","label":"Local","rules":[]}]

      61 |       return undefined;
      62 |     }
    > 63 |     return originalFn(...args);
         |            ^
      64 |   };
      65 | };
      66 |

      at console.<anonymous> (tests/setup/jest.setup.cjs:63:12)
      at console.apply [as warn] (src/scripts/modules/base.js:92:26)
      at Proxy.apply (src/scripts/modules/base.js:92:26)
      at Proxy.apply (src/scripts/modules/base.js:92:26)
      at Proxy.apply (src/scripts/modules/base.js:92:26)
      at Object.warn (tests/unit/storage.test.js:11:15)
      at Object.setItem (tests/unit/storage.test.js:2723:18)

  console.warn
    MOCK SET: cameraPowerPlanner_autoGearMonitorDefaults = {"waveform":"Luma"}

      61 |       return undefined;
      62 |     }
    > 63 |     return originalFn(...args);
         |            ^
      64 |   };
      65 | };
      66 |

      at console.<anonymous> (tests/setup/jest.setup.cjs:63:12)
      at console.apply [as warn] (src/scripts/modules/base.js:92:26)
      at Proxy.apply (src/scripts/modules/base.js:92:26)
      at Proxy.apply (src/scripts/modules/base.js:92:26)
      at Proxy.apply (src/scripts/modules/base.js:92:26)
      at Object.warn (tests/unit/storage.test.js:11:15)
      at Object.setItem (tests/unit/storage.test.js:2724:18)

  console.warn
    MOCK SET: cameraPowerPlanner_autoGearActivePreset = preset-local

      61 |       return undefined;
      62 |     }
    > 63 |     return originalFn(...args);
         |            ^
      64 |   };
      65 | };
      66 |

      at console.<anonymous> (tests/setup/jest.setup.cjs:63:12)
      at console.apply [as warn] (src/scripts/modules/base.js:92:26)
      at Proxy.apply (src/scripts/modules/base.js:92:26)
      at Proxy.apply (src/scripts/modules/base.js:92:26)
      at Proxy.apply (src/scripts/modules/base.js:92:26)
      at Object.warn (tests/unit/storage.test.js:11:15)
      at Object.setItem (tests/unit/storage.test.js:2725:18)

  console.warn
    MOCK SET: cameraPowerPlanner_autoGearAutoPreset = preset-local

      61 |       return undefined;
      62 |     }
    > 63 |     return originalFn(...args);
         |            ^
      64 |   };
      65 | };
      66 |

      at console.<anonymous> (tests/setup/jest.setup.cjs:63:12)
      at console.apply [as warn] (src/scripts/modules/base.js:92:26)
      at Proxy.apply (src/scripts/modules/base.js:92:26)
      at Proxy.apply (src/scripts/modules/base.js:92:26)
      at Proxy.apply (src/scripts/modules/base.js:92:26)
      at Object.warn (tests/unit/storage.test.js:11:15)
      at Object.setItem (tests/unit/storage.test.js:2726:18)

  console.warn
    MOCK SET: cameraPowerPlanner_autoGearBackupRetention = 3

      61 |       return undefined;
      62 |     }
    > 63 |     return originalFn(...args);
         |            ^
      64 |   };
      65 | };
      66 |

      at console.<anonymous> (tests/setup/jest.setup.cjs:63:12)
      at console.apply [as warn] (src/scripts/modules/base.js:92:26)
      at Proxy.apply (src/scripts/modules/base.js:92:26)
      at Proxy.apply (src/scripts/modules/base.js:92:26)
      at Proxy.apply (src/scripts/modules/base.js:92:26)
      at Object.warn (tests/unit/storage.test.js:11:15)
      at Object.setItem (tests/unit/storage.test.js:2727:18)

  console.warn
    MOCK SET: cameraPowerPlanner_autoGearShowBackups = false

      61 |       return undefined;
      62 |     }
    > 63 |     return originalFn(...args);
         |            ^
      64 |   };
      65 | };
      66 |

      at console.<anonymous> (tests/setup/jest.setup.cjs:63:12)
      at console.apply [as warn] (src/scripts/modules/base.js:92:26)
      at Proxy.apply (src/scripts/modules/base.js:92:26)
      at Proxy.apply (src/scripts/modules/base.js:92:26)
      at Proxy.apply (src/scripts/modules/base.js:92:26)
      at Object.warn (tests/unit/storage.test.js:11:15)
      at Object.setItem (tests/unit/storage.test.js:2728:18)

  console.log
    DEBUG: getSafeLocalStorage returning object

      at Proxy.apply (src/scripts/modules/base.js:92:26)

  console.log
    DEBUG: getSafeLocalStorage returning object

      at Proxy.apply (src/scripts/modules/base.js:92:26)

  console.log
    DEBUG: getSafeLocalStorage returning object

      at Proxy.apply (src/scripts/modules/base.js:92:26)

  console.log
    DEBUG: getSafeLocalStorage returning object

      at Proxy.apply (src/scripts/modules/base.js:92:26)

  console.log
    DEBUG: getSafeLocalStorage returning object

      at Proxy.apply (src/scripts/modules/base.js:92:26)

  console.log
    DEBUG: getSafeLocalStorage returning object

      at Proxy.apply (src/scripts/modules/base.js:92:26)

  console.log
    DEBUG: getSafeLocalStorage returning object

      at Proxy.apply (src/scripts/modules/base.js:92:26)

  console.log
    DEBUG: getSafeLocalStorage returning object

      at Proxy.apply (src/scripts/modules/base.js:92:26)

  console.log
    DEBUG: getSafeLocalStorage returning object

      at Proxy.apply (src/scripts/modules/base.js:92:26)

  console.log
    DEBUG: getSafeLocalStorage returning object

      at Proxy.apply (src/scripts/modules/base.js:92:26)

  console.log
    DEBUG: getSafeLocalStorage returning object

      at Proxy.apply (src/scripts/modules/base.js:92:26)

  console.log
    DEBUG: getSafeLocalStorage returning object

      at Proxy.apply (src/scripts/modules/base.js:92:26)

  console.log
    DEBUG: getSafeLocalStorage returning object

      at Proxy.apply (src/scripts/modules/base.js:92:26)

  console.log
    DEBUG: getSafeLocalStorage returning object

      at Proxy.apply (src/scripts/modules/base.js:92:26)

  console.log
    DEBUG: getSafeLocalStorage returning object

      at Proxy.apply (src/scripts/modules/base.js:92:26)

  console.log
    DEBUG: getSafeLocalStorage returning object

      at Proxy.apply (src/scripts/modules/base.js:92:26)

  console.log
    DEBUG: getSafeLocalStorage returning object

      at Proxy.apply (src/scripts/modules/base.js:92:26)

  console.log
    DEBUG: getSafeLocalStorage returning object

      at Proxy.apply (src/scripts/modules/base.js:92:26)

  console.log
    DEBUG: getSafeLocalStorage returning object

      at Proxy.apply (src/scripts/modules/base.js:92:26)

  console.log
    DEBUG: getSafeLocalStorage returning object

      at Proxy.apply (src/scripts/modules/base.js:92:26)

  console.log
    DEBUG: readLocalStorageValue fallback for darkMode

      at Proxy.apply (src/scripts/modules/base.js:92:26)

  console.log
    DEBUG: legacyStorage available: true

      at Proxy.apply (src/scripts/modules/base.js:92:26)

  console.log
    DEBUG: legacyValue for darkMode : null

      at Proxy.apply (src/scripts/modules/base.js:92:26)

  console.log
    DEBUG: getSafeLocalStorage returning object

      at Proxy.apply (src/scripts/modules/base.js:92:26)

  console.log
    DEBUG: readLocalStorageValue fallback for pinkMode

      at Proxy.apply (src/scripts/modules/base.js:92:26)

  console.log
    DEBUG: legacyStorage available: true

      at Proxy.apply (src/scripts/modules/base.js:92:26)

  console.log
    DEBUG: legacyValue for pinkMode : null

      at Proxy.apply (src/scripts/modules/base.js:92:26)

  console.log
    DEBUG: getSafeLocalStorage returning object

      at Proxy.apply (src/scripts/modules/base.js:92:26)

  console.log
    DEBUG: readLocalStorageValue fallback for highContrast

      at Proxy.apply (src/scripts/modules/base.js:92:26)

  console.log
    DEBUG: legacyStorage available: true

      at Proxy.apply (src/scripts/modules/base.js:92:26)

  console.log
    DEBUG: legacyValue for highContrast : null

      at Proxy.apply (src/scripts/modules/base.js:92:26)

  console.log
    DEBUG: getSafeLocalStorage returning object

      at Proxy.apply (src/scripts/modules/base.js:92:26)

  console.log
    DEBUG: readLocalStorageValue fallback for reduceMotion

      at Proxy.apply (src/scripts/modules/base.js:92:26)

  console.log
    DEBUG: legacyStorage available: true

      at Proxy.apply (src/scripts/modules/base.js:92:26)

  console.log
    DEBUG: legacyValue for reduceMotion : null

      at Proxy.apply (src/scripts/modules/base.js:92:26)

  console.log
    DEBUG: getSafeLocalStorage returning object

      at Proxy.apply (src/scripts/modules/base.js:92:26)

  console.log
    DEBUG: readLocalStorageValue fallback for relaxedSpacing

      at Proxy.apply (src/scripts/modules/base.js:92:26)

  console.log
    DEBUG: legacyStorage available: true

      at Proxy.apply (src/scripts/modules/base.js:92:26)

  console.log
    DEBUG: legacyValue for relaxedSpacing : null

      at Proxy.apply (src/scripts/modules/base.js:92:26)

  console.log
    DEBUG: getSafeLocalStorage returning object

      at Proxy.apply (src/scripts/modules/base.js:92:26)

  console.log
    DEBUG: readLocalStorageValue fallback for showAutoBackups

      at Proxy.apply (src/scripts/modules/base.js:92:26)

  console.log
    DEBUG: legacyStorage available: true

      at Proxy.apply (src/scripts/modules/base.js:92:26)

  console.log
    DEBUG: legacyValue for showAutoBackups : null

      at Proxy.apply (src/scripts/modules/base.js:92:26)

  console.log
    DEBUG: getSafeLocalStorage returning object

      at Proxy.apply (src/scripts/modules/base.js:92:26)

  console.log
    DEBUG: readLocalStorageValue fallback for accentColor

      at Proxy.apply (src/scripts/modules/base.js:92:26)

  console.log
    DEBUG: legacyStorage available: true

      at Proxy.apply (src/scripts/modules/base.js:92:26)

  console.log
    DEBUG: legacyValue for accentColor : null

      at Proxy.apply (src/scripts/modules/base.js:92:26)

  console.log
    DEBUG: getSafeLocalStorage returning object

      at Proxy.apply (src/scripts/modules/base.js:92:26)

  console.log
    DEBUG: readLocalStorageValue fallback for fontSize

      at Proxy.apply (src/scripts/modules/base.js:92:26)

  console.log
    DEBUG: legacyStorage available: true

      at Proxy.apply (src/scripts/modules/base.js:92:26)

  console.log
    DEBUG: legacyValue for fontSize : null

      at Proxy.apply (src/scripts/modules/base.js:92:26)

  console.log
    DEBUG: getSafeLocalStorage returning object

      at Proxy.apply (src/scripts/modules/base.js:92:26)

  console.log
    DEBUG: readLocalStorageValue fallback for fontFamily

      at Proxy.apply (src/scripts/modules/base.js:92:26)

  console.log
    DEBUG: legacyStorage available: true

      at Proxy.apply (src/scripts/modules/base.js:92:26)

  console.log
    DEBUG: legacyValue for fontFamily : null

      at Proxy.apply (src/scripts/modules/base.js:92:26)

  console.log
    DEBUG: getSafeLocalStorage returning object

      at Proxy.apply (src/scripts/modules/base.js:92:26)

  console.log
    DEBUG: readLocalStorageValue fallback for language

      at Proxy.apply (src/scripts/modules/base.js:92:26)

  console.log
    DEBUG: legacyStorage available: true

      at Proxy.apply (src/scripts/modules/base.js:92:26)

  console.log
    DEBUG: legacyValue for language : null

      at Proxy.apply (src/scripts/modules/base.js:92:26)

  console.log
    DEBUG: getSafeLocalStorage returning object

      at Proxy.apply (src/scripts/modules/base.js:92:26)

  console.log
    DEBUG: getSafeLocalStorage returning object

      at Proxy.apply (src/scripts/modules/base.js:92:26)

  console.log
    DEBUG: readLocalStorageValue fallback for iosPwaHelpShown

      at Proxy.apply (src/scripts/modules/base.js:92:26)

  console.log
    DEBUG: legacyStorage available: true

      at Proxy.apply (src/scripts/modules/base.js:92:26)

  console.log
    DEBUG: legacyValue for iosPwaHelpShown : null

      at Proxy.apply (src/scripts/modules/base.js:92:26)

  console.log
    DEBUG: getSafeLocalStorage returning object

      at Proxy.apply (src/scripts/modules/base.js:92:26)

  console.log
    DEBUG: getSafeLocalStorage returning object

      at Proxy.apply (src/scripts/modules/base.js:92:26)

  console.log
    DEBUG: getSafeLocalStorage returning object

      at Proxy.apply (src/scripts/modules/base.js:92:26)

  console.log
    DEBUG: getSafeLocalStorage returning object

      at Proxy.apply (src/scripts/modules/base.js:92:26)

  console.log
    DEBUG: getSafeLocalStorage returning object

      at Proxy.apply (src/scripts/modules/base.js:92:26)

  console.log
    DEBUG: getSafeLocalStorage returning object

      at Proxy.apply (src/scripts/modules/base.js:92:26)

  console.error
    DEBUG: importAllData CALLED [
      'autoGearRules',
      'autoGearBackups',
      'autoGearPresets',
      'autoGearMonitorDefaults',
      'autoGearActivePresetId',
      'autoGearAutoPresetId',
      'autoGearBackupRetention',
      'autoGearShowBackups'
    ]

      61 |       return undefined;
      62 |     }
    > 63 |     return originalFn(...args);
         |            ^
      64 |   };
      65 | };
      66 |

      at console.<anonymous> (tests/setup/jest.setup.cjs:63:12)
      at Proxy.apply (src/scripts/modules/base.js:92:26)
      at error (src/scripts/storage.js:17633:11)
      at Object.importAllData (tests/unit/storage.test.js:2760:5)

  console.log
    DEBUG: getSafeLocalStorage returning object

      at Proxy.apply (src/scripts/modules/base.js:92:26)

  console.log
    DEBUG: getSafeLocalStorage returning object

      at Proxy.apply (src/scripts/modules/base.js:92:26)

  console.log
    DEBUG: getSafeLocalStorage returning object

      at Proxy.apply (src/scripts/modules/base.js:92:26)

  console.log
    DEBUG: getSafeLocalStorage returning object

      at Proxy.apply (src/scripts/modules/base.js:92:26)

  console.log
    DEBUG: getSafeLocalStorage returning object

      at Proxy.apply (src/scripts/modules/base.js:92:26)

  console.log
    DEBUG: getSafeLocalStorage returning object

      at Proxy.apply (src/scripts/modules/base.js:92:26)

  console.log
    DEBUG: getSafeLocalStorage returning object

      at Proxy.apply (src/scripts/modules/base.js:92:26)

  console.log
    DEBUG: getSafeLocalStorage returning object

      at Proxy.apply (src/scripts/modules/base.js:92:26)

  console.log
    DEBUG: getSafeLocalStorage returning object

      at Proxy.apply (src/scripts/modules/base.js:92:26)

  console.log
    DEBUG: getSafeLocalStorage returning object

      at Proxy.apply (src/scripts/modules/base.js:92:26)

  console.log
    DEBUG: getSafeLocalStorage returning object

      at Proxy.apply (src/scripts/modules/base.js:92:26)

  console.log
    DEBUG: getSafeLocalStorage returning object

      at Proxy.apply (src/scripts/modules/base.js:92:26)

  console.log
    DEBUG: getSafeLocalStorage returning object

      at Proxy.apply (src/scripts/modules/base.js:92:26)

  console.log
    DEBUG: getSafeLocalStorage returning object

      at Proxy.apply (src/scripts/modules/base.js:92:26)

  console.log
    DEBUG: getSafeLocalStorage returning object

      at Proxy.apply (src/scripts/modules/base.js:92:26)

  console.log
    DEBUG: getSafeLocalStorage returning object

      at Proxy.apply (src/scripts/modules/base.js:92:26)

  console.log
    DEBUG: getSafeLocalStorage returning object

      at Proxy.apply (src/scripts/modules/base.js:92:26)

  console.log
    DEBUG: getSafeLocalStorage returning object

      at Proxy.apply (src/scripts/modules/base.js:92:26)

  console.log
    DEBUG: getSafeLocalStorage returning object

      at Proxy.apply (src/scripts/modules/base.js:92:26)

  console.log
    DEBUG: getSafeLocalStorage returning object

      at Proxy.apply (src/scripts/modules/base.js:92:26)

  console.log
    DEBUG: readLocalStorageValue fallback for darkMode

      at Proxy.apply (src/scripts/modules/base.js:92:26)

  console.log
    DEBUG: legacyStorage available: true

      at Proxy.apply (src/scripts/modules/base.js:92:26)

  console.log
    DEBUG: legacyValue for darkMode : null

      at Proxy.apply (src/scripts/modules/base.js:92:26)

  console.log
    DEBUG: getSafeLocalStorage returning object

      at Proxy.apply (src/scripts/modules/base.js:92:26)

  console.log
    DEBUG: readLocalStorageValue fallback for pinkMode

      at Proxy.apply (src/scripts/modules/base.js:92:26)

  console.log
    DEBUG: legacyStorage available: true

      at Proxy.apply (src/scripts/modules/base.js:92:26)

  console.log
    DEBUG: legacyValue for pinkMode : null

      at Proxy.apply (src/scripts/modules/base.js:92:26)

  console.log
    DEBUG: getSafeLocalStorage returning object

      at Proxy.apply (src/scripts/modules/base.js:92:26)

  console.log
    DEBUG: readLocalStorageValue fallback for highContrast

      at Proxy.apply (src/scripts/modules/base.js:92:26)

  console.log
    DEBUG: legacyStorage available: true

      at Proxy.apply (src/scripts/modules/base.js:92:26)

  console.log
    DEBUG: legacyValue for highContrast : null

      at Proxy.apply (src/scripts/modules/base.js:92:26)

  console.log
    DEBUG: getSafeLocalStorage returning object

      at Proxy.apply (src/scripts/modules/base.js:92:26)

  console.log
    DEBUG: readLocalStorageValue fallback for reduceMotion

      at Proxy.apply (src/scripts/modules/base.js:92:26)

  console.log
    DEBUG: legacyStorage available: true

      at Proxy.apply (src/scripts/modules/base.js:92:26)

  console.log
    DEBUG: legacyValue for reduceMotion : null

      at Proxy.apply (src/scripts/modules/base.js:92:26)

  console.log
    DEBUG: getSafeLocalStorage returning object

      at Proxy.apply (src/scripts/modules/base.js:92:26)

  console.log
    DEBUG: readLocalStorageValue fallback for relaxedSpacing

      at Proxy.apply (src/scripts/modules/base.js:92:26)

  console.log
    DEBUG: legacyStorage available: true

      at Proxy.apply (src/scripts/modules/base.js:92:26)

  console.log
    DEBUG: legacyValue for relaxedSpacing : null

      at Proxy.apply (src/scripts/modules/base.js:92:26)

  console.log
    DEBUG: getSafeLocalStorage returning object

      at Proxy.apply (src/scripts/modules/base.js:92:26)

  console.log
    DEBUG: readLocalStorageValue fallback for showAutoBackups

      at Proxy.apply (src/scripts/modules/base.js:92:26)

  console.log
    DEBUG: legacyStorage available: true

      at Proxy.apply (src/scripts/modules/base.js:92:26)

  console.log
    DEBUG: legacyValue for showAutoBackups : null

      at Proxy.apply (src/scripts/modules/base.js:92:26)

  console.log
    DEBUG: getSafeLocalStorage returning object

      at Proxy.apply (src/scripts/modules/base.js:92:26)

  console.log
    DEBUG: readLocalStorageValue fallback for accentColor

      at Proxy.apply (src/scripts/modules/base.js:92:26)

  console.log
    DEBUG: legacyStorage available: true

      at Proxy.apply (src/scripts/modules/base.js:92:26)

  console.log
    DEBUG: legacyValue for accentColor : null

      at Proxy.apply (src/scripts/modules/base.js:92:26)

  console.log
    DEBUG: getSafeLocalStorage returning object

      at Proxy.apply (src/scripts/modules/base.js:92:26)

  console.log
    DEBUG: readLocalStorageValue fallback for fontSize

      at Proxy.apply (src/scripts/modules/base.js:92:26)

  console.log
    DEBUG: legacyStorage available: true

      at Proxy.apply (src/scripts/modules/base.js:92:26)

  console.log
    DEBUG: legacyValue for fontSize : null

      at Proxy.apply (src/scripts/modules/base.js:92:26)

  console.log
    DEBUG: getSafeLocalStorage returning object

      at Proxy.apply (src/scripts/modules/base.js:92:26)

  console.log
    DEBUG: readLocalStorageValue fallback for fontFamily

      at Proxy.apply (src/scripts/modules/base.js:92:26)

  console.log
    DEBUG: legacyStorage available: true

      at Proxy.apply (src/scripts/modules/base.js:92:26)

  console.log
    DEBUG: legacyValue for fontFamily : null

      at Proxy.apply (src/scripts/modules/base.js:92:26)

  console.log
    DEBUG: getSafeLocalStorage returning object

      at Proxy.apply (src/scripts/modules/base.js:92:26)

  console.log
    DEBUG: readLocalStorageValue fallback for language

      at Proxy.apply (src/scripts/modules/base.js:92:26)

  console.log
    DEBUG: legacyStorage available: true

      at Proxy.apply (src/scripts/modules/base.js:92:26)

  console.log
    DEBUG: legacyValue for language : null

      at Proxy.apply (src/scripts/modules/base.js:92:26)

  console.log
    DEBUG: getSafeLocalStorage returning object

      at Proxy.apply (src/scripts/modules/base.js:92:26)

  console.log
    DEBUG: getSafeLocalStorage returning object

      at Proxy.apply (src/scripts/modules/base.js:92:26)

  console.log
    DEBUG: readLocalStorageValue fallback for iosPwaHelpShown

      at Proxy.apply (src/scripts/modules/base.js:92:26)

  console.log
    DEBUG: legacyStorage available: true

      at Proxy.apply (src/scripts/modules/base.js:92:26)

  console.log
    DEBUG: legacyValue for iosPwaHelpShown : null

      at Proxy.apply (src/scripts/modules/base.js:92:26)

  console.log
    DEBUG: getSafeLocalStorage returning object

      at Proxy.apply (src/scripts/modules/base.js:92:26)

  console.log
    DEBUG: getSafeLocalStorage returning object

      at Proxy.apply (src/scripts/modules/base.js:92:26)

  console.log
    DEBUG: getSafeLocalStorage returning object

      at Proxy.apply (src/scripts/modules/base.js:92:26)

  console.log
    DEBUG: getSafeLocalStorage returning object

      at Proxy.apply (src/scripts/modules/base.js:92:26)

  console.log
    DEBUG: getSafeLocalStorage returning object

      at Proxy.apply (src/scripts/modules/base.js:92:26)

  console.log
    DEBUG: getSafeLocalStorage returning object

      at Proxy.apply (src/scripts/modules/base.js:92:26)

  console.error
    DEBUG: importAllData CALLED [ 'preferences' ]

      61 |       return undefined;
      62 |     }
    > 63 |     return originalFn(...args);
         |            ^
      64 |   };
      65 | };
      66 |

      at console.<anonymous> (tests/setup/jest.setup.cjs:63:12)
      at Proxy.apply (src/scripts/modules/base.js:92:26)
      at error (src/scripts/storage.js:17633:11)
      at Object.importAllData (tests/unit/storage.test.js:2787:5)

  console.log
    DEBUG: getSafeLocalStorage returning object

      at Proxy.apply (src/scripts/modules/base.js:92:26)

  console.error
    DEBUG: safeSetLocalStorage EXEC cameraPowerPlanner_temperatureUnit fahrenheit

      61 |       return undefined;
      62 |     }
    > 63 |     return originalFn(...args);
         |            ^
      64 |   };
      65 | };
      66 |

      at console.<anonymous> (tests/setup/jest.setup.cjs:63:12)
      at Proxy.apply (src/scripts/modules/base.js:92:26)
      at error (src/scripts/storage.js:16657:11)
      at safeSetLocalStorage (src/scripts/storage.js:17747:11)
      at Object.importAllData (tests/unit/storage.test.js:2787:5)

  console.log
    DEBUG: isIndexedDB calculated: true

      at Proxy.apply (src/scripts/modules/base.js:92:26)

  console.warn
    Unable to persist storage key during import cameraPowerPlanner_temperatureUnit ReferenceError: AUTO_GEAR_SHOW_BACKUPS_STORAGE_KEY is not defined
        at AUTO_GEAR_SHOW_BACKUPS_STORAGE_KEY (/Users/lucazanner/Documents/GitHub/cine-power-planner/src/scripts/storage.js:16809:9)
        at safeSetLocalStorage (/Users/lucazanner/Documents/GitHub/cine-power-planner/src/scripts/storage.js:17747:11)
        at Object.importAllData (/Users/lucazanner/Documents/GitHub/cine-power-planner/tests/unit/storage.test.js:2787:5)
        at Promise.finally.completed (/Users/lucazanner/Documents/GitHub/cine-power-planner/node_modules/jest-circus/build/jestAdapterInit.js:1557:28)
        at new Promise (<anonymous>)
        at callAsyncCircusFn (/Users/lucazanner/Documents/GitHub/cine-power-planner/node_modules/jest-circus/build/jestAdapterInit.js:1497:10)
        at _callCircusTest (/Users/lucazanner/Documents/GitHub/cine-power-planner/node_modules/jest-circus/build/jestAdapterInit.js:1007:40)
        at _runTest (/Users/lucazanner/Documents/GitHub/cine-power-planner/node_modules/jest-circus/build/jestAdapterInit.js:947:3)
        at /Users/lucazanner/Documents/GitHub/cine-power-planner/node_modules/jest-circus/build/jestAdapterInit.js:849:7
        at _runTestsForDescribeBlock (/Users/lucazanner/Documents/GitHub/cine-power-planner/node_modules/jest-circus/build/jestAdapterInit.js:862:11)
        at _runTestsForDescribeBlock (/Users/lucazanner/Documents/GitHub/cine-power-planner/node_modules/jest-circus/build/jestAdapterInit.js:857:11)
        at run (/Users/lucazanner/Documents/GitHub/cine-power-planner/node_modules/jest-circus/build/jestAdapterInit.js:761:3)
        at runAndTransformResultsToJestFormat (/Users/lucazanner/Documents/GitHub/cine-power-planner/node_modules/jest-circus/build/jestAdapterInit.js:1918:21)
        at jestAdapter (/Users/lucazanner/Documents/GitHub/cine-power-planner/node_modules/jest-circus/build/runner.js:101:19)
        at runTestInternal (/Users/lucazanner/Documents/GitHub/cine-power-planner/node_modules/jest-runner/build/index.js:275:16)
        at runTest (/Users/lucazanner/Documents/GitHub/cine-power-planner/node_modules/jest-runner/build/index.js:343:7)

      61 |       return undefined;
      62 |     }
    > 63 |     return originalFn(...args);
         |            ^
      64 |   };
      65 | };
      66 |

      at console.<anonymous> (tests/setup/jest.setup.cjs:63:12)
      at console.apply [as warn] (src/scripts/modules/base.js:92:26)
      at Proxy.apply (src/scripts/modules/base.js:92:26)
      at Proxy.apply (src/scripts/modules/base.js:92:26)
      at Proxy.apply (src/scripts/modules/base.js:92:26)
      at warn (src/scripts/storage.js:16818:13)
      at safeSetLocalStorage (src/scripts/storage.js:17747:11)
      at Object.importAllData (tests/unit/storage.test.js:2787:5)

  console.warn
    MOCK SET: __storage_test__ = 1

      61 |       return undefined;
      62 |     }
    > 63 |     return originalFn(...args);
         |            ^
      64 |   };
      65 | };
      66 |

      at console.<anonymous> (tests/setup/jest.setup.cjs:63:12)
      at console.apply [as warn] (src/scripts/modules/base.js:92:26)
      at Proxy.apply (src/scripts/modules/base.js:92:26)
      at Proxy.apply (src/scripts/modules/base.js:92:26)
      at Proxy.apply (src/scripts/modules/base.js:92:26)
      at Object.warn (tests/unit/storage.test.js:11:15)
      at setItem (src/scripts/storage.js:5846:13)
      at verifyStorage (src/scripts/storage.js:6155:26)
      at downgradeSafeLocalStorageToMemory (src/scripts/storage.js:16819:5)
      at safeSetLocalStorage (src/scripts/storage.js:17747:11)
      at Object.importAllData (tests/unit/storage.test.js:2787:5)

  console.warn
    Downgraded planner storage to sessionStorage after write access errors. ReferenceError: AUTO_GEAR_SHOW_BACKUPS_STORAGE_KEY is not defined
        at AUTO_GEAR_SHOW_BACKUPS_STORAGE_KEY (/Users/lucazanner/Documents/GitHub/cine-power-planner/src/scripts/storage.js:16809:9)
        at safeSetLocalStorage (/Users/lucazanner/Documents/GitHub/cine-power-planner/src/scripts/storage.js:17747:11)
        at Object.importAllData (/Users/lucazanner/Documents/GitHub/cine-power-planner/tests/unit/storage.test.js:2787:5)
        at Promise.finally.completed (/Users/lucazanner/Documents/GitHub/cine-power-planner/node_modules/jest-circus/build/jestAdapterInit.js:1557:28)
        at new Promise (<anonymous>)
        at callAsyncCircusFn (/Users/lucazanner/Documents/GitHub/cine-power-planner/node_modules/jest-circus/build/jestAdapterInit.js:1497:10)
        at _callCircusTest (/Users/lucazanner/Documents/GitHub/cine-power-planner/node_modules/jest-circus/build/jestAdapterInit.js:1007:40)
        at _runTest (/Users/lucazanner/Documents/GitHub/cine-power-planner/node_modules/jest-circus/build/jestAdapterInit.js:947:3)
        at /Users/lucazanner/Documents/GitHub/cine-power-planner/node_modules/jest-circus/build/jestAdapterInit.js:849:7
        at _runTestsForDescribeBlock (/Users/lucazanner/Documents/GitHub/cine-power-planner/node_modules/jest-circus/build/jestAdapterInit.js:862:11)
        at _runTestsForDescribeBlock (/Users/lucazanner/Documents/GitHub/cine-power-planner/node_modules/jest-circus/build/jestAdapterInit.js:857:11)
        at run (/Users/lucazanner/Documents/GitHub/cine-power-planner/node_modules/jest-circus/build/jestAdapterInit.js:761:3)
        at runAndTransformResultsToJestFormat (/Users/lucazanner/Documents/GitHub/cine-power-planner/node_modules/jest-circus/build/jestAdapterInit.js:1918:21)
        at jestAdapter (/Users/lucazanner/Documents/GitHub/cine-power-planner/node_modules/jest-circus/build/runner.js:101:19)
        at runTestInternal (/Users/lucazanner/Documents/GitHub/cine-power-planner/node_modules/jest-runner/build/index.js:275:16)
        at runTest (/Users/lucazanner/Documents/GitHub/cine-power-planner/node_modules/jest-runner/build/index.js:343:7)

      61 |       return undefined;
      62 |     }
    > 63 |     return originalFn(...args);
         |            ^
      64 |   };
      65 | };
      66 |

      at console.<anonymous> (tests/setup/jest.setup.cjs:63:12)
      at console.apply [as warn] (src/scripts/modules/base.js:92:26)
      at Proxy.apply (src/scripts/modules/base.js:92:26)
      at Proxy.apply (src/scripts/modules/base.js:92:26)
      at Proxy.apply (src/scripts/modules/base.js:92:26)
      at warn (src/scripts/storage.js:6193:11)
      at downgradeSafeLocalStorageToMemory (src/scripts/storage.js:16819:5)
      at safeSetLocalStorage (src/scripts/storage.js:17747:11)
      at Object.importAllData (tests/unit/storage.test.js:2787:5)

  console.error
    DEBUG: importAllData CALLED [
      'cameraPowerPlanner_devices',
      'cameraPowerPlanner_setups__backup',
      'cinePowerPlanner_session',
      'cameraPowerPlanner_feedback',
      'cameraPowerPlanner_favorites',
      'cameraPowerPlanner_project__legacyMigrationBackup',
      'cinePowerPlanner_autoGearRules',
      'cameraPowerPlanner_autoGearBackups',
      'cameraPowerPlanner_autoGearSeeded__backup',
      'cameraPowerPlanner_autoGearPresets',
      'cameraPowerPlanner_autoGearActivePreset__backup',
      'cinePowerPlanner_autoGearAutoPreset',
      'cameraPowerPlanner_autoGearShowBackups',
      'cameraPowerPlanner_schemaCache',
      'customLogo__backup',
      'cinePowerPlanner_customFonts',
      'darkMode__backup',
      'highContrast',
      'language',
      'iosPwaHelpShown',
      'cameraPowerPlanner_temperatureUnit'
    ]

      61 |       return undefined;
      62 |     }
    > 63 |     return originalFn(...args);
         |            ^
      64 |   };
      65 | };
      66 |

      at console.<anonymous> (tests/setup/jest.setup.cjs:63:12)
      at Proxy.apply (src/scripts/modules/base.js:92:26)
      at error (src/scripts/storage.js:17633:11)
      at Object.importAllData (tests/unit/storage.test.js:2835:5)

  console.log
    DEBUG: readSnapshotEntry checking migration candidate cameraPowerPlanner_project__legacyMigrationBackup true

      at Proxy.apply (src/scripts/modules/base.js:92:26)

  console.log
    DEBUG: readSnapshotEntry FOUND migration backup cameraPowerPlanner_project__legacyMigrationBackup

      at Proxy.apply (src/scripts/modules/base.js:92:26)

  console.log
    DEBUG: readSnapshotEntry checking migration candidate cameraPowerPlanner_contacts__legacyMigrationBackup false

      at Proxy.apply (src/scripts/modules/base.js:92:26)

  console.log
    DEBUG: readSnapshotEntry checking migration candidate cinePowerPlanner_contacts__legacyMigrationBackup false

      at Proxy.apply (src/scripts/modules/base.js:92:26)

  console.log
    DEBUG: readSnapshotEntry checking migration candidate cameraPowerPlanner_ownGear__legacyMigrationBackup false

      at Proxy.apply (src/scripts/modules/base.js:92:26)

  console.log
    DEBUG: readSnapshotEntry checking migration candidate cinePowerPlanner_ownGear__legacyMigrationBackup false

      at Proxy.apply (src/scripts/modules/base.js:92:26)

  console.log
    DEBUG: readSnapshotEntry checking migration candidate cameraPowerPlanner_userProfile__legacyMigrationBackup false

      at Proxy.apply (src/scripts/modules/base.js:92:26)

  console.log
    DEBUG: readSnapshotEntry checking migration candidate cinePowerPlanner_userProfile__legacyMigrationBackup false

      at Proxy.apply (src/scripts/modules/base.js:92:26)

  console.log
    DEBUG: readSnapshotEntry checking migration candidate cameraPowerPlanner_documentationTracker__legacyMigrationBackup false

      at Proxy.apply (src/scripts/modules/base.js:92:26)

  console.log
    DEBUG: readSnapshotEntry checking migration candidate cinePowerPlanner_documentationTracker__legacyMigrationBackup false

      at Proxy.apply (src/scripts/modules/base.js:92:26)

  console.log
    DEBUG: readSnapshotEntry checking migration candidate cameraPowerPlanner_autoGearMonitorDefaults__legacyMigrationBackup false

      at Proxy.apply (src/scripts/modules/base.js:92:26)

  console.log
    DEBUG: readSnapshotEntry checking migration candidate cinePowerPlanner_autoGearMonitorDefaults__legacyMigrationBackup false

      at Proxy.apply (src/scripts/modules/base.js:92:26)

  console.log
    DEBUG: readSnapshotEntry checking migration candidate cameraPowerPlanner_autoGearBackupRetention__legacyMigrationBackup false

      at Proxy.apply (src/scripts/modules/base.js:92:26)

  console.log
    DEBUG: readSnapshotEntry checking migration candidate cinePowerPlanner_autoGearBackupRetention__legacyMigrationBackup false

      at Proxy.apply (src/scripts/modules/base.js:92:26)

  console.log
    DEBUG: readSnapshotEntry checking migration candidate pinkMode__legacyMigrationBackup false

      at Proxy.apply (src/scripts/modules/base.js:92:26)
          at Array.forEach (<anonymous>)

  console.log
    DEBUG: readSnapshotEntry checking migration candidate reduceMotion__legacyMigrationBackup false

      at Proxy.apply (src/scripts/modules/base.js:92:26)
          at Array.forEach (<anonymous>)

  console.log
    DEBUG: readSnapshotEntry checking migration candidate relaxedSpacing__legacyMigrationBackup false

      at Proxy.apply (src/scripts/modules/base.js:92:26)
          at Array.forEach (<anonymous>)

  console.log
    DEBUG: readSnapshotEntry checking migration candidate showAutoBackups__legacyMigrationBackup false

      at Proxy.apply (src/scripts/modules/base.js:92:26)
          at Array.forEach (<anonymous>)

  console.log
    DEBUG: readSnapshotEntry checking migration candidate accentColor__legacyMigrationBackup false

      at Proxy.apply (src/scripts/modules/base.js:92:26)
          at Array.forEach (<anonymous>)

  console.log
    DEBUG: readSnapshotEntry checking migration candidate fontSize__legacyMigrationBackup false

      at Proxy.apply (src/scripts/modules/base.js:92:26)
          at Array.forEach (<anonymous>)

  console.log
    DEBUG: readSnapshotEntry checking migration candidate fontFamily__legacyMigrationBackup false

      at Proxy.apply (src/scripts/modules/base.js:92:26)
          at Array.forEach (<anonymous>)

  console.log
    DEBUG: readSnapshotEntry checking migration candidate cameraPowerPlanner_cameraColors__legacyMigrationBackup false

      at Proxy.apply (src/scripts/modules/base.js:92:26)
          at Array.forEach (<anonymous>)

  console.log
    DEBUG: readSnapshotEntry checking migration candidate cinePowerPlanner_cameraColors__legacyMigrationBackup false

      at Proxy.apply (src/scripts/modules/base.js:92:26)
          at Array.forEach (<anonymous>)

  console.log
    DEBUG: readSnapshotEntry checking migration candidate cineRentalPrintSections__legacyMigrationBackup false

      at Proxy.apply (src/scripts/modules/base.js:92:26)
          at Array.forEach (<anonymous>)

  console.log
    DEBUG: readSnapshotEntry checking migration candidate cameraPowerPlanner_focusScale__legacyMigrationBackup false

      at Proxy.apply (src/scripts/modules/base.js:92:26)

  console.log
    DEBUG: readSnapshotEntry checking migration candidate cinePowerPlanner_focusScale__legacyMigrationBackup false

      at Proxy.apply (src/scripts/modules/base.js:92:26)

  console.log
    DEBUG: readSnapshotEntry checking migration candidate cameraPowerPlanner_cameraColors__legacyMigrationBackup false

      at Proxy.apply (src/scripts/modules/base.js:92:26)

  console.log
    DEBUG: readSnapshotEntry checking migration candidate cinePowerPlanner_cameraColors__legacyMigrationBackup false

      at Proxy.apply (src/scripts/modules/base.js:92:26)

  console.log
    DEBUG: readSnapshotEntry checking migration candidate cameraPowerPlanner_mountVoltages__legacyMigrationBackup false

      at Proxy.apply (src/scripts/modules/base.js:92:26)

  console.log
    DEBUG: readSnapshotEntry checking migration candidate cinePowerPlanner_mountVoltages__legacyMigrationBackup false

      at Proxy.apply (src/scripts/modules/base.js:92:26)

  console.error
    DEBUG: importAllData CALLED [
      'devices',
      'setups',
      'session',
      'feedback',
      'project',
      'favorites',
      'autoGearRules',
      'autoGearBackups',
      'autoGearPresets',
      'schemaCache',
      'customFonts',
      'customLogo',
      'autoGearSeeded',
      'autoGearActivePresetId',
      'autoGearAutoPresetId',
      'autoGearShowBackups',
      'preferences'
    ]

      61 |       return undefined;
      62 |     }
    > 63 |     return originalFn(...args);
         |            ^
      64 |   };
      65 | };
      66 |

      at console.<anonymous> (tests/setup/jest.setup.cjs:63:12)
      at Proxy.apply (src/scripts/modules/base.js:92:26)
      at error (src/scripts/storage.js:17633:11)
      at importAllData (src/scripts/storage.js:17648:7)
      at Object.importAllData (tests/unit/storage.test.js:2835:5)

  console.warn
    MOCK SET: __storage_test__ = 1

      61 |       return undefined;
      62 |     }
    > 63 |     return originalFn(...args);
         |            ^
      64 |   };
      65 | };
      66 |

      at console.<anonymous> (tests/setup/jest.setup.cjs:63:12)
      at console.apply [as warn] (src/scripts/modules/base.js:92:26)
      at Proxy.apply (src/scripts/modules/base.js:92:26)
      at Proxy.apply (src/scripts/modules/base.js:92:26)
      at Proxy.apply (src/scripts/modules/base.js:92:26)
      at Object.warn (tests/unit/storage.test.js:11:15)
      at setItem (src/scripts/storage.js:5846:13)
      at verifyStorage (src/scripts/storage.js:6228:18)
      at attemptLocalStorageUpgrade (src/scripts/storage.js:6286:5)
      at getSafeLocalStorage (src/scripts/storage.js:9450:23)
      at saveDeviceData (src/scripts/storage.js:17674:5)
      at importAllData (src/scripts/storage.js:17648:7)
      at Object.importAllData (tests/unit/storage.test.js:2835:5)

  console.log
    DEBUG: getSafeLocalStorage returning object

      at Proxy.apply (src/scripts/modules/base.js:92:26)

  console.log
    DEBUG: getSafeLocalStorage returning object

      at Proxy.apply (src/scripts/modules/base.js:92:26)

  console.warn
    MOCK SET: cameraPowerPlanner_devices = {"cameras":{},"monitors":{},"video":{},"viewfinder

      61 |       return undefined;
      62 |     }
    > 63 |     return originalFn(...args);
         |            ^
      64 |   };
      65 | };
      66 |

      at console.<anonymous> (tests/setup/jest.setup.cjs:63:12)
      at console.apply [as warn] (src/scripts/modules/base.js:92:26)
      at Proxy.apply (src/scripts/modules/base.js:92:26)
      at Proxy.apply (src/scripts/modules/base.js:92:26)
      at Proxy.apply (src/scripts/modules/base.js:92:26)
      at Object.warn (tests/unit/storage.test.js:11:15)
      at setItem (src/scripts/storage.js:8463:17)
      at saveJSONToStorage (src/scripts/storage.js:9469:3)
      at saveDeviceData (src/scripts/storage.js:17674:5)
      at importAllData (src/scripts/storage.js:17648:7)
      at Object.importAllData (tests/unit/storage.test.js:2835:5)

  console.warn
    MOCK SET: cameraPowerPlanner_devices__backup = {"cameras":{},"monitors":{},"video":{},"viewfinder

      61 |       return undefined;
      62 |     }
    > 63 |     return originalFn(...args);
         |            ^
      64 |   };
      65 | };
      66 |

      at console.<anonymous> (tests/setup/jest.setup.cjs:63:12)
      at console.apply [as warn] (src/scripts/modules/base.js:92:26)
      at Proxy.apply (src/scripts/modules/base.js:92:26)
      at Proxy.apply (src/scripts/modules/base.js:92:26)
      at Proxy.apply (src/scripts/modules/base.js:92:26)
      at Object.warn (tests/unit/storage.test.js:11:15)
      at setItem (src/scripts/storage.js:8524:19)
      at tryStoreCandidate (src/scripts/storage.js:8540:13)
      at attemptBackupWrite (src/scripts/storage.js:8617:26)
      at saveJSONToStorage (src/scripts/storage.js:9469:3)
      at saveDeviceData (src/scripts/storage.js:17674:5)
      at importAllData (src/scripts/storage.js:17648:7)
      at Object.importAllData (tests/unit/storage.test.js:2835:5)

  console.log
    DEBUG: getSafeLocalStorage returning object

      at Proxy.apply (src/scripts/modules/base.js:92:26)

  console.log
    DEBUG: getSafeLocalStorage returning object

      at Proxy.apply (src/scripts/modules/base.js:92:26)

  console.warn
    MOCK SET: cameraPowerPlanner_setups = {"SnapshotSetup":{"foo":"bar"}}

      61 |       return undefined;
      62 |     }
    > 63 |     return originalFn(...args);
         |            ^
      64 |   };
      65 | };
      66 |

      at console.<anonymous> (tests/setup/jest.setup.cjs:63:12)
      at console.apply [as warn] (src/scripts/modules/base.js:92:26)
      at Proxy.apply (src/scripts/modules/base.js:92:26)
      at Proxy.apply (src/scripts/modules/base.js:92:26)
      at Proxy.apply (src/scripts/modules/base.js:92:26)
      at Object.warn (tests/unit/storage.test.js:11:15)
      at setItem (src/scripts/storage.js:8463:17)
      at saveJSONToStorage (src/scripts/storage.js:9582:3)
      at saveSetups (src/scripts/storage.js:17677:5)
      at importAllData (src/scripts/storage.js:17648:7)
      at Object.importAllData (tests/unit/storage.test.js:2835:5)

  console.warn
    MOCK SET: cameraPowerPlanner_setups__backup = {"SnapshotSetup":{"foo":"bar"}}

      61 |       return undefined;
      62 |     }
    > 63 |     return originalFn(...args);
         |            ^
      64 |   };
      65 | };
      66 |

      at console.<anonymous> (tests/setup/jest.setup.cjs:63:12)
      at console.apply [as warn] (src/scripts/modules/base.js:92:26)
      at Proxy.apply (src/scripts/modules/base.js:92:26)
      at Proxy.apply (src/scripts/modules/base.js:92:26)
      at Proxy.apply (src/scripts/modules/base.js:92:26)
      at Object.warn (tests/unit/storage.test.js:11:15)
      at setItem (src/scripts/storage.js:8524:19)
      at tryStoreCandidate (src/scripts/storage.js:8540:13)
      at attemptBackupWrite (src/scripts/storage.js:8617:26)
      at saveJSONToStorage (src/scripts/storage.js:9582:3)
      at saveSetups (src/scripts/storage.js:17677:5)
      at importAllData (src/scripts/storage.js:17648:7)
      at Object.importAllData (tests/unit/storage.test.js:2835:5)

  console.log
    DEBUG: getSafeLocalStorage returning object

      at Proxy.apply (src/scripts/modules/base.js:92:26)

  console.log
    DEBUG: getSafeLocalStorage returning object

      at Proxy.apply (src/scripts/modules/base.js:92:26)

  console.warn
    MOCK SET: cameraPowerPlanner_session = {"setupName":"  Snapshot Setup  ","motor":["Lens"]

      61 |       return undefined;
      62 |     }
    > 63 |     return originalFn(...args);
         |            ^
      64 |   };
      65 | };
      66 |

      at console.<anonymous> (tests/setup/jest.setup.cjs:63:12)
      at console.apply [as warn] (src/scripts/modules/base.js:92:26)
      at Proxy.apply (src/scripts/modules/base.js:92:26)
      at Proxy.apply (src/scripts/modules/base.js:92:26)
      at Proxy.apply (src/scripts/modules/base.js:92:26)
      at Object.warn (tests/unit/storage.test.js:11:15)
      at setItem (src/scripts/storage.js:8463:17)
      at saveJSONToStorage (src/scripts/storage.js:9314:3)
      at saveSessionState (src/scripts/storage.js:17680:5)
      at importAllData (src/scripts/storage.js:17648:7)
      at Object.importAllData (tests/unit/storage.test.js:2835:5)

  console.warn
    MOCK SET: cameraPowerPlanner_session__backup = {"setupName":"  Snapshot Setup  ","motor":["Lens"]

      61 |       return undefined;
      62 |     }
    > 63 |     return originalFn(...args);
         |            ^
      64 |   };
      65 | };
      66 |

      at console.<anonymous> (tests/setup/jest.setup.cjs:63:12)
      at console.apply [as warn] (src/scripts/modules/base.js:92:26)
      at Proxy.apply (src/scripts/modules/base.js:92:26)
      at Proxy.apply (src/scripts/modules/base.js:92:26)
      at Proxy.apply (src/scripts/modules/base.js:92:26)
      at Object.warn (tests/unit/storage.test.js:11:15)
      at setItem (src/scripts/storage.js:8524:19)
      at tryStoreCandidate (src/scripts/storage.js:8540:13)
      at attemptBackupWrite (src/scripts/storage.js:8617:26)
      at saveJSONToStorage (src/scripts/storage.js:9314:3)
      at saveSessionState (src/scripts/storage.js:17680:5)
      at importAllData (src/scripts/storage.js:17648:7)
      at Object.importAllData (tests/unit/storage.test.js:2835:5)

  console.log
    DEBUG: getSafeLocalStorage returning object

      at Proxy.apply (src/scripts/modules/base.js:92:26)

  console.log
    DEBUG: getSafeLocalStorage returning object

      at Proxy.apply (src/scripts/modules/base.js:92:26)

  console.warn
    MOCK SET: cameraPowerPlanner_feedback = {"message":"snapshot"}

      61 |       return undefined;
      62 |     }
    > 63 |     return originalFn(...args);
         |            ^
      64 |   };
      65 | };
      66 |

      at console.<anonymous> (tests/setup/jest.setup.cjs:63:12)
      at console.apply [as warn] (src/scripts/modules/base.js:92:26)
      at Proxy.apply (src/scripts/modules/base.js:92:26)
      at Proxy.apply (src/scripts/modules/base.js:92:26)
      at Proxy.apply (src/scripts/modules/base.js:92:26)
      at Object.warn (tests/unit/storage.test.js:11:15)
      at setItem (src/scripts/storage.js:8463:17)
      at saveJSONToStorage (src/scripts/storage.js:14435:3)
      at saveFeedback (src/scripts/storage.js:17683:5)
      at importAllData (src/scripts/storage.js:17648:7)
      at Object.importAllData (tests/unit/storage.test.js:2835:5)

  console.warn
    MOCK SET: cameraPowerPlanner_feedback__backup = {"message":"snapshot"}

      61 |       return undefined;
      62 |     }
    > 63 |     return originalFn(...args);
         |            ^
      64 |   };
      65 | };
      66 |

      at console.<anonymous> (tests/setup/jest.setup.cjs:63:12)
      at console.apply [as warn] (src/scripts/modules/base.js:92:26)
      at Proxy.apply (src/scripts/modules/base.js:92:26)
      at Proxy.apply (src/scripts/modules/base.js:92:26)
      at Proxy.apply (src/scripts/modules/base.js:92:26)
      at Object.warn (tests/unit/storage.test.js:11:15)
      at setItem (src/scripts/storage.js:8524:19)
      at tryStoreCandidate (src/scripts/storage.js:8540:13)
      at attemptBackupWrite (src/scripts/storage.js:8617:26)
      at saveJSONToStorage (src/scripts/storage.js:14435:3)
      at saveFeedback (src/scripts/storage.js:17683:5)
      at importAllData (src/scripts/storage.js:17648:7)
      at Object.importAllData (tests/unit/storage.test.js:2835:5)

  console.log
    DEBUG: getSafeLocalStorage returning object

      at Proxy.apply (src/scripts/modules/base.js:92:26)

  console.log
    DEBUG: getSafeLocalStorage returning object

      at Proxy.apply (src/scripts/modules/base.js:92:26)

  console.warn
    MOCK SET: cameraPowerPlanner_favorites = {"camera":["Mini"]}

      61 |       return undefined;
      62 |     }
    > 63 |     return originalFn(...args);
         |            ^
      64 |   };
      65 | };
      66 |

      at console.<anonymous> (tests/setup/jest.setup.cjs:63:12)
      at console.apply [as warn] (src/scripts/modules/base.js:92:26)
      at Proxy.apply (src/scripts/modules/base.js:92:26)
      at Proxy.apply (src/scripts/modules/base.js:92:26)
      at Proxy.apply (src/scripts/modules/base.js:92:26)
      at Object.warn (tests/unit/storage.test.js:11:15)
      at setItem (src/scripts/storage.js:8463:17)
      at saveJSONToStorage (src/scripts/storage.js:14019:3)
      at saveFavorites (src/scripts/storage.js:17686:5)
      at importAllData (src/scripts/storage.js:17648:7)
      at Object.importAllData (tests/unit/storage.test.js:2835:5)

  console.warn
    MOCK SET: cameraPowerPlanner_favorites__backup = {"camera":["Mini"]}

      61 |       return undefined;
      62 |     }
    > 63 |     return originalFn(...args);
         |            ^
      64 |   };
      65 | };
      66 |

      at console.<anonymous> (tests/setup/jest.setup.cjs:63:12)
      at console.apply [as warn] (src/scripts/modules/base.js:92:26)
      at Proxy.apply (src/scripts/modules/base.js:92:26)
      at Proxy.apply (src/scripts/modules/base.js:92:26)
      at Proxy.apply (src/scripts/modules/base.js:92:26)
      at Object.warn (tests/unit/storage.test.js:11:15)
      at setItem (src/scripts/storage.js:8524:19)
      at tryStoreCandidate (src/scripts/storage.js:8540:13)
      at attemptBackupWrite (src/scripts/storage.js:8617:26)
      at saveJSONToStorage (src/scripts/storage.js:14019:3)
      at saveFavorites (src/scripts/storage.js:17686:5)
      at importAllData (src/scripts/storage.js:17648:7)
      at Object.importAllData (tests/unit/storage.test.js:2835:5)

  console.log
    DEBUG: getSafeLocalStorage returning object

      at Proxy.apply (src/scripts/modules/base.js:92:26)
          at Array.forEach (<anonymous>)

  console.error
    DEBUG: safeSetLocalStorage EXEC darkMode true

      61 |       return undefined;
      62 |     }
    > 63 |     return originalFn(...args);
         |            ^
      64 |   };
      65 | };
      66 |

      at console.<anonymous> (tests/setup/jest.setup.cjs:63:12)
      at Proxy.apply (src/scripts/modules/base.js:92:26)
      at error (src/scripts/storage.js:16657:11)
      at safeSetLocalStorage (src/scripts/storage.js:17729:9)
          at Array.forEach (<anonymous>)
      at forEach (src/scripts/storage.js:17727:18)
      at importAllData (src/scripts/storage.js:17648:7)
      at Object.importAllData (tests/unit/storage.test.js:2835:5)

  console.log
    DEBUG: isIndexedDB calculated: true

      at Proxy.apply (src/scripts/modules/base.js:92:26)
          at Array.forEach (<anonymous>)

  console.warn
    Unable to persist storage key during import darkMode ReferenceError: AUTO_GEAR_SHOW_BACKUPS_STORAGE_KEY is not defined
        at AUTO_GEAR_SHOW_BACKUPS_STORAGE_KEY (/Users/lucazanner/Documents/GitHub/cine-power-planner/src/scripts/storage.js:16809:9)
        at safeSetLocalStorage (/Users/lucazanner/Documents/GitHub/cine-power-planner/src/scripts/storage.js:17729:9)
        at Array.forEach (<anonymous>)
        at forEach (/Users/lucazanner/Documents/GitHub/cine-power-planner/src/scripts/storage.js:17727:18)
        at importAllData (/Users/lucazanner/Documents/GitHub/cine-power-planner/src/scripts/storage.js:17648:7)
        at Object.importAllData (/Users/lucazanner/Documents/GitHub/cine-power-planner/tests/unit/storage.test.js:2835:5)
        at Promise.finally.completed (/Users/lucazanner/Documents/GitHub/cine-power-planner/node_modules/jest-circus/build/jestAdapterInit.js:1557:28)
        at new Promise (<anonymous>)
        at callAsyncCircusFn (/Users/lucazanner/Documents/GitHub/cine-power-planner/node_modules/jest-circus/build/jestAdapterInit.js:1497:10)
        at _callCircusTest (/Users/lucazanner/Documents/GitHub/cine-power-planner/node_modules/jest-circus/build/jestAdapterInit.js:1007:40)
        at _runTest (/Users/lucazanner/Documents/GitHub/cine-power-planner/node_modules/jest-circus/build/jestAdapterInit.js:947:3)
        at /Users/lucazanner/Documents/GitHub/cine-power-planner/node_modules/jest-circus/build/jestAdapterInit.js:849:7
        at _runTestsForDescribeBlock (/Users/lucazanner/Documents/GitHub/cine-power-planner/node_modules/jest-circus/build/jestAdapterInit.js:862:11)
        at _runTestsForDescribeBlock (/Users/lucazanner/Documents/GitHub/cine-power-planner/node_modules/jest-circus/build/jestAdapterInit.js:857:11)
        at run (/Users/lucazanner/Documents/GitHub/cine-power-planner/node_modules/jest-circus/build/jestAdapterInit.js:761:3)
        at runAndTransformResultsToJestFormat (/Users/lucazanner/Documents/GitHub/cine-power-planner/node_modules/jest-circus/build/jestAdapterInit.js:1918:21)
        at jestAdapter (/Users/lucazanner/Documents/GitHub/cine-power-planner/node_modules/jest-circus/build/runner.js:101:19)
        at runTestInternal (/Users/lucazanner/Documents/GitHub/cine-power-planner/node_modules/jest-runner/build/index.js:275:16)
        at runTest (/Users/lucazanner/Documents/GitHub/cine-power-planner/node_modules/jest-runner/build/index.js:343:7)

      61 |       return undefined;
      62 |     }
    > 63 |     return originalFn(...args);
         |            ^
      64 |   };
      65 | };
      66 |

      at console.<anonymous> (tests/setup/jest.setup.cjs:63:12)
      at console.apply [as warn] (src/scripts/modules/base.js:92:26)
      at Proxy.apply (src/scripts/modules/base.js:92:26)
      at Proxy.apply (src/scripts/modules/base.js:92:26)
      at Proxy.apply (src/scripts/modules/base.js:92:26)
      at warn (src/scripts/storage.js:16818:13)
      at safeSetLocalStorage (src/scripts/storage.js:17729:9)
          at Array.forEach (<anonymous>)
      at forEach (src/scripts/storage.js:17727:18)
      at importAllData (src/scripts/storage.js:17648:7)
      at Object.importAllData (tests/unit/storage.test.js:2835:5)

  console.warn
    MOCK SET: __storage_test__ = 1

      61 |       return undefined;
      62 |     }
    > 63 |     return originalFn(...args);
         |            ^
      64 |   };
      65 | };
      66 |

      at console.<anonymous> (tests/setup/jest.setup.cjs:63:12)
      at console.apply [as warn] (src/scripts/modules/base.js:92:26)
      at Proxy.apply (src/scripts/modules/base.js:92:26)
      at Proxy.apply (src/scripts/modules/base.js:92:26)
      at Proxy.apply (src/scripts/modules/base.js:92:26)
      at Object.warn (tests/unit/storage.test.js:11:15)
      at setItem (src/scripts/storage.js:5846:13)
      at verifyStorage (src/scripts/storage.js:6155:26)
      at downgradeSafeLocalStorageToMemory (src/scripts/storage.js:16819:5)
      at safeSetLocalStorage (src/scripts/storage.js:17729:9)
          at Array.forEach (<anonymous>)
      at forEach (src/scripts/storage.js:17727:18)
      at importAllData (src/scripts/storage.js:17648:7)
      at Object.importAllData (tests/unit/storage.test.js:2835:5)

  console.warn
    MOCK SET: cameraPowerPlanner_devices = {"cameras":{},"monitors":{},"video":{},"viewfinder

      61 |       return undefined;
      62 |     }
    > 63 |     return originalFn(...args);
         |            ^
      64 |   };
      65 | };
      66 |

      at console.<anonymous> (tests/setup/jest.setup.cjs:63:12)
      at console.apply [as warn] (src/scripts/modules/base.js:92:26)
      at Proxy.apply (src/scripts/modules/base.js:92:26)
      at Proxy.apply (src/scripts/modules/base.js:92:26)
      at Proxy.apply (src/scripts/modules/base.js:92:26)
      at Object.warn (tests/unit/storage.test.js:11:15)
      at setItem (src/scripts/storage.js:6179:25)
          at Array.forEach (<anonymous>)
      at forEach (src/scripts/storage.js:6172:25)
      at downgradeSafeLocalStorageToMemory (src/scripts/storage.js:16819:5)
      at safeSetLocalStorage (src/scripts/storage.js:17729:9)
          at Array.forEach (<anonymous>)
      at forEach (src/scripts/storage.js:17727:18)
      at importAllData (src/scripts/storage.js:17648:7)
      at Object.importAllData (tests/unit/storage.test.js:2835:5)

  console.warn
    MOCK SET: cameraPowerPlanner_devices__backup = {"cameras":{},"monitors":{},"video":{},"viewfinder

      61 |       return undefined;
      62 |     }
    > 63 |     return originalFn(...args);
         |            ^
      64 |   };
      65 | };
      66 |

      at console.<anonymous> (tests/setup/jest.setup.cjs:63:12)
      at console.apply [as warn] (src/scripts/modules/base.js:92:26)
      at Proxy.apply (src/scripts/modules/base.js:92:26)
      at Proxy.apply (src/scripts/modules/base.js:92:26)
      at Proxy.apply (src/scripts/modules/base.js:92:26)
      at Object.warn (tests/unit/storage.test.js:11:15)
      at setItem (src/scripts/storage.js:6179:25)
          at Array.forEach (<anonymous>)
      at forEach (src/scripts/storage.js:6172:25)
      at downgradeSafeLocalStorageToMemory (src/scripts/storage.js:16819:5)
      at safeSetLocalStorage (src/scripts/storage.js:17729:9)
          at Array.forEach (<anonymous>)
      at forEach (src/scripts/storage.js:17727:18)
      at importAllData (src/scripts/storage.js:17648:7)
      at Object.importAllData (tests/unit/storage.test.js:2835:5)

  console.warn
    MOCK SET: cameraPowerPlanner_setups = {"SnapshotSetup":{"foo":"bar"}}

      61 |       return undefined;
      62 |     }
    > 63 |     return originalFn(...args);
         |            ^
      64 |   };
      65 | };
      66 |

      at console.<anonymous> (tests/setup/jest.setup.cjs:63:12)
      at console.apply [as warn] (src/scripts/modules/base.js:92:26)
      at Proxy.apply (src/scripts/modules/base.js:92:26)
      at Proxy.apply (src/scripts/modules/base.js:92:26)
      at Proxy.apply (src/scripts/modules/base.js:92:26)
      at Object.warn (tests/unit/storage.test.js:11:15)
      at setItem (src/scripts/storage.js:6179:25)
          at Array.forEach (<anonymous>)
      at forEach (src/scripts/storage.js:6172:25)
      at downgradeSafeLocalStorageToMemory (src/scripts/storage.js:16819:5)
      at safeSetLocalStorage (src/scripts/storage.js:17729:9)
          at Array.forEach (<anonymous>)
      at forEach (src/scripts/storage.js:17727:18)
      at importAllData (src/scripts/storage.js:17648:7)
      at Object.importAllData (tests/unit/storage.test.js:2835:5)

  console.warn
    MOCK SET: cameraPowerPlanner_setups__backup = {"SnapshotSetup":{"foo":"bar"}}

      61 |       return undefined;
      62 |     }
    > 63 |     return originalFn(...args);
         |            ^
      64 |   };
      65 | };
      66 |

      at console.<anonymous> (tests/setup/jest.setup.cjs:63:12)
      at console.apply [as warn] (src/scripts/modules/base.js:92:26)
      at Proxy.apply (src/scripts/modules/base.js:92:26)
      at Proxy.apply (src/scripts/modules/base.js:92:26)
      at Proxy.apply (src/scripts/modules/base.js:92:26)
      at Object.warn (tests/unit/storage.test.js:11:15)
      at setItem (src/scripts/storage.js:6179:25)
          at Array.forEach (<anonymous>)
      at forEach (src/scripts/storage.js:6172:25)
      at downgradeSafeLocalStorageToMemory (src/scripts/storage.js:16819:5)
      at safeSetLocalStorage (src/scripts/storage.js:17729:9)
          at Array.forEach (<anonymous>)
      at forEach (src/scripts/storage.js:17727:18)
      at importAllData (src/scripts/storage.js:17648:7)
      at Object.importAllData (tests/unit/storage.test.js:2835:5)

  console.warn
    MOCK SET: cameraPowerPlanner_session = {"setupName":"  Snapshot Setup  ","motor":["Lens"]

      61 |       return undefined;
      62 |     }
    > 63 |     return originalFn(...args);
         |            ^
      64 |   };
      65 | };
      66 |

      at console.<anonymous> (tests/setup/jest.setup.cjs:63:12)
      at console.apply [as warn] (src/scripts/modules/base.js:92:26)
      at Proxy.apply (src/scripts/modules/base.js:92:26)
      at Proxy.apply (src/scripts/modules/base.js:92:26)
      at Proxy.apply (src/scripts/modules/base.js:92:26)
      at Object.warn (tests/unit/storage.test.js:11:15)
      at setItem (src/scripts/storage.js:6179:25)
          at Array.forEach (<anonymous>)
      at forEach (src/scripts/storage.js:6172:25)
      at downgradeSafeLocalStorageToMemory (src/scripts/storage.js:16819:5)
      at safeSetLocalStorage (src/scripts/storage.js:17729:9)
          at Array.forEach (<anonymous>)
      at forEach (src/scripts/storage.js:17727:18)
      at importAllData (src/scripts/storage.js:17648:7)
      at Object.importAllData (tests/unit/storage.test.js:2835:5)

  console.warn
    MOCK SET: cameraPowerPlanner_session__backup = {"setupName":"  Snapshot Setup  ","motor":["Lens"]

      61 |       return undefined;
      62 |     }
    > 63 |     return originalFn(...args);
         |            ^
      64 |   };
      65 | };
      66 |

      at console.<anonymous> (tests/setup/jest.setup.cjs:63:12)
      at console.apply [as warn] (src/scripts/modules/base.js:92:26)
      at Proxy.apply (src/scripts/modules/base.js:92:26)
      at Proxy.apply (src/scripts/modules/base.js:92:26)
      at Proxy.apply (src/scripts/modules/base.js:92:26)
      at Object.warn (tests/unit/storage.test.js:11:15)
      at setItem (src/scripts/storage.js:6179:25)
          at Array.forEach (<anonymous>)
      at forEach (src/scripts/storage.js:6172:25)
      at downgradeSafeLocalStorageToMemory (src/scripts/storage.js:16819:5)
      at safeSetLocalStorage (src/scripts/storage.js:17729:9)
          at Array.forEach (<anonymous>)
      at forEach (src/scripts/storage.js:17727:18)
      at importAllData (src/scripts/storage.js:17648:7)
      at Object.importAllData (tests/unit/storage.test.js:2835:5)

  console.warn
    MOCK SET: cameraPowerPlanner_feedback = {"message":"snapshot"}

      61 |       return undefined;
      62 |     }
    > 63 |     return originalFn(...args);
         |            ^
      64 |   };
      65 | };
      66 |

      at console.<anonymous> (tests/setup/jest.setup.cjs:63:12)
      at console.apply [as warn] (src/scripts/modules/base.js:92:26)
      at Proxy.apply (src/scripts/modules/base.js:92:26)
      at Proxy.apply (src/scripts/modules/base.js:92:26)
      at Proxy.apply (src/scripts/modules/base.js:92:26)
      at Object.warn (tests/unit/storage.test.js:11:15)
      at setItem (src/scripts/storage.js:6179:25)
          at Array.forEach (<anonymous>)
      at forEach (src/scripts/storage.js:6172:25)
      at downgradeSafeLocalStorageToMemory (src/scripts/storage.js:16819:5)
      at safeSetLocalStorage (src/scripts/storage.js:17729:9)
          at Array.forEach (<anonymous>)
      at forEach (src/scripts/storage.js:17727:18)
      at importAllData (src/scripts/storage.js:17648:7)
      at Object.importAllData (tests/unit/storage.test.js:2835:5)

  console.warn
    MOCK SET: cameraPowerPlanner_feedback__backup = {"message":"snapshot"}

      61 |       return undefined;
      62 |     }
    > 63 |     return originalFn(...args);
         |            ^
      64 |   };
      65 | };
      66 |

      at console.<anonymous> (tests/setup/jest.setup.cjs:63:12)
      at console.apply [as warn] (src/scripts/modules/base.js:92:26)
      at Proxy.apply (src/scripts/modules/base.js:92:26)
      at Proxy.apply (src/scripts/modules/base.js:92:26)
      at Proxy.apply (src/scripts/modules/base.js:92:26)
      at Object.warn (tests/unit/storage.test.js:11:15)
      at setItem (src/scripts/storage.js:6179:25)
          at Array.forEach (<anonymous>)
      at forEach (src/scripts/storage.js:6172:25)
      at downgradeSafeLocalStorageToMemory (src/scripts/storage.js:16819:5)
      at safeSetLocalStorage (src/scripts/storage.js:17729:9)
          at Array.forEach (<anonymous>)
      at forEach (src/scripts/storage.js:17727:18)
      at importAllData (src/scripts/storage.js:17648:7)
      at Object.importAllData (tests/unit/storage.test.js:2835:5)

  console.warn
    MOCK SET: cameraPowerPlanner_favorites = {"camera":["Mini"]}

      61 |       return undefined;
      62 |     }
    > 63 |     return originalFn(...args);
         |            ^
      64 |   };
      65 | };
      66 |

      at console.<anonymous> (tests/setup/jest.setup.cjs:63:12)
      at console.apply [as warn] (src/scripts/modules/base.js:92:26)
      at Proxy.apply (src/scripts/modules/base.js:92:26)
      at Proxy.apply (src/scripts/modules/base.js:92:26)
      at Proxy.apply (src/scripts/modules/base.js:92:26)
      at Object.warn (tests/unit/storage.test.js:11:15)
      at setItem (src/scripts/storage.js:6179:25)
          at Array.forEach (<anonymous>)
      at forEach (src/scripts/storage.js:6172:25)
      at downgradeSafeLocalStorageToMemory (src/scripts/storage.js:16819:5)
      at safeSetLocalStorage (src/scripts/storage.js:17729:9)
          at Array.forEach (<anonymous>)
      at forEach (src/scripts/storage.js:17727:18)
      at importAllData (src/scripts/storage.js:17648:7)
      at Object.importAllData (tests/unit/storage.test.js:2835:5)

  console.warn
    MOCK SET: cameraPowerPlanner_favorites__backup = {"camera":["Mini"]}

      61 |       return undefined;
      62 |     }
    > 63 |     return originalFn(...args);
         |            ^
      64 |   };
      65 | };
      66 |

      at console.<anonymous> (tests/setup/jest.setup.cjs:63:12)
      at console.apply [as warn] (src/scripts/modules/base.js:92:26)
      at Proxy.apply (src/scripts/modules/base.js:92:26)
      at Proxy.apply (src/scripts/modules/base.js:92:26)
      at Proxy.apply (src/scripts/modules/base.js:92:26)
      at Object.warn (tests/unit/storage.test.js:11:15)
      at setItem (src/scripts/storage.js:6179:25)
          at Array.forEach (<anonymous>)
      at forEach (src/scripts/storage.js:6172:25)
      at downgradeSafeLocalStorageToMemory (src/scripts/storage.js:16819:5)
      at safeSetLocalStorage (src/scripts/storage.js:17729:9)
          at Array.forEach (<anonymous>)
      at forEach (src/scripts/storage.js:17727:18)
      at importAllData (src/scripts/storage.js:17648:7)
      at Object.importAllData (tests/unit/storage.test.js:2835:5)

  console.warn
    Downgraded planner storage to sessionStorage after write access errors. ReferenceError: AUTO_GEAR_SHOW_BACKUPS_STORAGE_KEY is not defined
        at AUTO_GEAR_SHOW_BACKUPS_STORAGE_KEY (/Users/lucazanner/Documents/GitHub/cine-power-planner/src/scripts/storage.js:16809:9)
        at safeSetLocalStorage (/Users/lucazanner/Documents/GitHub/cine-power-planner/src/scripts/storage.js:17729:9)
        at Array.forEach (<anonymous>)
        at forEach (/Users/lucazanner/Documents/GitHub/cine-power-planner/src/scripts/storage.js:17727:18)
        at importAllData (/Users/lucazanner/Documents/GitHub/cine-power-planner/src/scripts/storage.js:17648:7)
        at Object.importAllData (/Users/lucazanner/Documents/GitHub/cine-power-planner/tests/unit/storage.test.js:2835:5)
        at Promise.finally.completed (/Users/lucazanner/Documents/GitHub/cine-power-planner/node_modules/jest-circus/build/jestAdapterInit.js:1557:28)
        at new Promise (<anonymous>)
        at callAsyncCircusFn (/Users/lucazanner/Documents/GitHub/cine-power-planner/node_modules/jest-circus/build/jestAdapterInit.js:1497:10)
        at _callCircusTest (/Users/lucazanner/Documents/GitHub/cine-power-planner/node_modules/jest-circus/build/jestAdapterInit.js:1007:40)
        at _runTest (/Users/lucazanner/Documents/GitHub/cine-power-planner/node_modules/jest-circus/build/jestAdapterInit.js:947:3)
        at /Users/lucazanner/Documents/GitHub/cine-power-planner/node_modules/jest-circus/build/jestAdapterInit.js:849:7
        at _runTestsForDescribeBlock (/Users/lucazanner/Documents/GitHub/cine-power-planner/node_modules/jest-circus/build/jestAdapterInit.js:862:11)
        at _runTestsForDescribeBlock (/Users/lucazanner/Documents/GitHub/cine-power-planner/node_modules/jest-circus/build/jestAdapterInit.js:857:11)
        at run (/Users/lucazanner/Documents/GitHub/cine-power-planner/node_modules/jest-circus/build/jestAdapterInit.js:761:3)
        at runAndTransformResultsToJestFormat (/Users/lucazanner/Documents/GitHub/cine-power-planner/node_modules/jest-circus/build/jestAdapterInit.js:1918:21)
        at jestAdapter (/Users/lucazanner/Documents/GitHub/cine-power-planner/node_modules/jest-circus/build/runner.js:101:19)
        at runTestInternal (/Users/lucazanner/Documents/GitHub/cine-power-planner/node_modules/jest-runner/build/index.js:275:16)
        at runTest (/Users/lucazanner/Documents/GitHub/cine-power-planner/node_modules/jest-runner/build/index.js:343:7)

      61 |       return undefined;
      62 |     }
    > 63 |     return originalFn(...args);
         |            ^
      64 |   };
      65 | };
      66 |

      at console.<anonymous> (tests/setup/jest.setup.cjs:63:12)
      at console.apply [as warn] (src/scripts/modules/base.js:92:26)
      at Proxy.apply (src/scripts/modules/base.js:92:26)
      at Proxy.apply (src/scripts/modules/base.js:92:26)
      at Proxy.apply (src/scripts/modules/base.js:92:26)
      at warn (src/scripts/storage.js:6193:11)
      at downgradeSafeLocalStorageToMemory (src/scripts/storage.js:16819:5)
      at safeSetLocalStorage (src/scripts/storage.js:17729:9)
          at Array.forEach (<anonymous>)
      at forEach (src/scripts/storage.js:17727:18)
      at importAllData (src/scripts/storage.js:17648:7)
      at Object.importAllData (tests/unit/storage.test.js:2835:5)

  console.warn
    MOCK SET: __storage_test__ = 1

      61 |       return undefined;
      62 |     }
    > 63 |     return originalFn(...args);
         |            ^
      64 |   };
      65 | };
      66 |

      at console.<anonymous> (tests/setup/jest.setup.cjs:63:12)
      at console.apply [as warn] (src/scripts/modules/base.js:92:26)
      at Proxy.apply (src/scripts/modules/base.js:92:26)
      at Proxy.apply (src/scripts/modules/base.js:92:26)
      at Proxy.apply (src/scripts/modules/base.js:92:26)
      at Object.warn (tests/unit/storage.test.js:11:15)
      at setItem (src/scripts/storage.js:5846:13)
      at verifyStorage (src/scripts/storage.js:6228:18)
      at attemptLocalStorageUpgrade (src/scripts/storage.js:6286:5)
      at getSafeLocalStorage (src/scripts/storage.js:16652:19)
      at safeSetLocalStorage (src/scripts/storage.js:17729:9)
          at Array.forEach (<anonymous>)
      at forEach (src/scripts/storage.js:17727:18)
      at importAllData (src/scripts/storage.js:17648:7)
      at Object.importAllData (tests/unit/storage.test.js:2835:5)

  console.log
    DEBUG: getSafeLocalStorage returning object

      at Proxy.apply (src/scripts/modules/base.js:92:26)
          at Array.forEach (<anonymous>)

  console.error
    DEBUG: safeSetLocalStorage EXEC highContrast false

      61 |       return undefined;
      62 |     }
    > 63 |     return originalFn(...args);
         |            ^
      64 |   };
      65 | };
      66 |

      at console.<anonymous> (tests/setup/jest.setup.cjs:63:12)
      at Proxy.apply (src/scripts/modules/base.js:92:26)
      at error (src/scripts/storage.js:16657:11)
      at safeSetLocalStorage (src/scripts/storage.js:17729:9)
          at Array.forEach (<anonymous>)
      at forEach (src/scripts/storage.js:17727:18)
      at importAllData (src/scripts/storage.js:17648:7)
      at Object.importAllData (tests/unit/storage.test.js:2835:5)

  console.log
    DEBUG: isIndexedDB calculated: true

      at Proxy.apply (src/scripts/modules/base.js:92:26)
          at Array.forEach (<anonymous>)

  console.warn
    Unable to persist storage key during import highContrast ReferenceError: AUTO_GEAR_SHOW_BACKUPS_STORAGE_KEY is not defined
        at AUTO_GEAR_SHOW_BACKUPS_STORAGE_KEY (/Users/lucazanner/Documents/GitHub/cine-power-planner/src/scripts/storage.js:16809:9)
        at safeSetLocalStorage (/Users/lucazanner/Documents/GitHub/cine-power-planner/src/scripts/storage.js:17729:9)
        at Array.forEach (<anonymous>)
        at forEach (/Users/lucazanner/Documents/GitHub/cine-power-planner/src/scripts/storage.js:17727:18)
        at importAllData (/Users/lucazanner/Documents/GitHub/cine-power-planner/src/scripts/storage.js:17648:7)
        at Object.importAllData (/Users/lucazanner/Documents/GitHub/cine-power-planner/tests/unit/storage.test.js:2835:5)
        at Promise.finally.completed (/Users/lucazanner/Documents/GitHub/cine-power-planner/node_modules/jest-circus/build/jestAdapterInit.js:1557:28)
        at new Promise (<anonymous>)
        at callAsyncCircusFn (/Users/lucazanner/Documents/GitHub/cine-power-planner/node_modules/jest-circus/build/jestAdapterInit.js:1497:10)
        at _callCircusTest (/Users/lucazanner/Documents/GitHub/cine-power-planner/node_modules/jest-circus/build/jestAdapterInit.js:1007:40)
        at _runTest (/Users/lucazanner/Documents/GitHub/cine-power-planner/node_modules/jest-circus/build/jestAdapterInit.js:947:3)
        at /Users/lucazanner/Documents/GitHub/cine-power-planner/node_modules/jest-circus/build/jestAdapterInit.js:849:7
        at _runTestsForDescribeBlock (/Users/lucazanner/Documents/GitHub/cine-power-planner/node_modules/jest-circus/build/jestAdapterInit.js:862:11)
        at _runTestsForDescribeBlock (/Users/lucazanner/Documents/GitHub/cine-power-planner/node_modules/jest-circus/build/jestAdapterInit.js:857:11)
        at run (/Users/lucazanner/Documents/GitHub/cine-power-planner/node_modules/jest-circus/build/jestAdapterInit.js:761:3)
        at runAndTransformResultsToJestFormat (/Users/lucazanner/Documents/GitHub/cine-power-planner/node_modules/jest-circus/build/jestAdapterInit.js:1918:21)
        at jestAdapter (/Users/lucazanner/Documents/GitHub/cine-power-planner/node_modules/jest-circus/build/runner.js:101:19)
        at runTestInternal (/Users/lucazanner/Documents/GitHub/cine-power-planner/node_modules/jest-runner/build/index.js:275:16)
        at runTest (/Users/lucazanner/Documents/GitHub/cine-power-planner/node_modules/jest-runner/build/index.js:343:7)

      61 |       return undefined;
      62 |     }
    > 63 |     return originalFn(...args);
         |            ^
      64 |   };
      65 | };
      66 |

      at console.<anonymous> (tests/setup/jest.setup.cjs:63:12)
      at console.apply [as warn] (src/scripts/modules/base.js:92:26)
      at Proxy.apply (src/scripts/modules/base.js:92:26)
      at Proxy.apply (src/scripts/modules/base.js:92:26)
      at Proxy.apply (src/scripts/modules/base.js:92:26)
      at warn (src/scripts/storage.js:16818:13)
      at safeSetLocalStorage (src/scripts/storage.js:17729:9)
          at Array.forEach (<anonymous>)
      at forEach (src/scripts/storage.js:17727:18)
      at importAllData (src/scripts/storage.js:17648:7)
      at Object.importAllData (tests/unit/storage.test.js:2835:5)

  console.warn
    MOCK SET: __storage_test__ = 1

      61 |       return undefined;
      62 |     }
    > 63 |     return originalFn(...args);
         |            ^
      64 |   };
      65 | };
      66 |

      at console.<anonymous> (tests/setup/jest.setup.cjs:63:12)
      at console.apply [as warn] (src/scripts/modules/base.js:92:26)
      at Proxy.apply (src/scripts/modules/base.js:92:26)
      at Proxy.apply (src/scripts/modules/base.js:92:26)
      at Proxy.apply (src/scripts/modules/base.js:92:26)
      at Object.warn (tests/unit/storage.test.js:11:15)
      at setItem (src/scripts/storage.js:5846:13)
      at verifyStorage (src/scripts/storage.js:6155:26)
      at downgradeSafeLocalStorageToMemory (src/scripts/storage.js:16819:5)
      at safeSetLocalStorage (src/scripts/storage.js:17729:9)
          at Array.forEach (<anonymous>)
      at forEach (src/scripts/storage.js:17727:18)
      at importAllData (src/scripts/storage.js:17648:7)
      at Object.importAllData (tests/unit/storage.test.js:2835:5)

  console.warn
    MOCK SET: cameraPowerPlanner_devices = {"cameras":{},"monitors":{},"video":{},"viewfinder

      61 |       return undefined;
      62 |     }
    > 63 |     return originalFn(...args);
         |            ^
      64 |   };
      65 | };
      66 |

      at console.<anonymous> (tests/setup/jest.setup.cjs:63:12)
      at console.apply [as warn] (src/scripts/modules/base.js:92:26)
      at Proxy.apply (src/scripts/modules/base.js:92:26)
      at Proxy.apply (src/scripts/modules/base.js:92:26)
      at Proxy.apply (src/scripts/modules/base.js:92:26)
      at Object.warn (tests/unit/storage.test.js:11:15)
      at setItem (src/scripts/storage.js:6179:25)
          at Array.forEach (<anonymous>)
      at forEach (src/scripts/storage.js:6172:25)
      at downgradeSafeLocalStorageToMemory (src/scripts/storage.js:16819:5)
      at safeSetLocalStorage (src/scripts/storage.js:17729:9)
          at Array.forEach (<anonymous>)
      at forEach (src/scripts/storage.js:17727:18)
      at importAllData (src/scripts/storage.js:17648:7)
      at Object.importAllData (tests/unit/storage.test.js:2835:5)

  console.warn
    MOCK SET: cameraPowerPlanner_devices__backup = {"cameras":{},"monitors":{},"video":{},"viewfinder

      61 |       return undefined;
      62 |     }
    > 63 |     return originalFn(...args);
         |            ^
      64 |   };
      65 | };
      66 |

      at console.<anonymous> (tests/setup/jest.setup.cjs:63:12)
      at console.apply [as warn] (src/scripts/modules/base.js:92:26)
      at Proxy.apply (src/scripts/modules/base.js:92:26)
      at Proxy.apply (src/scripts/modules/base.js:92:26)
      at Proxy.apply (src/scripts/modules/base.js:92:26)
      at Object.warn (tests/unit/storage.test.js:11:15)
      at setItem (src/scripts/storage.js:6179:25)
          at Array.forEach (<anonymous>)
      at forEach (src/scripts/storage.js:6172:25)
      at downgradeSafeLocalStorageToMemory (src/scripts/storage.js:16819:5)
      at safeSetLocalStorage (src/scripts/storage.js:17729:9)
          at Array.forEach (<anonymous>)
      at forEach (src/scripts/storage.js:17727:18)
      at importAllData (src/scripts/storage.js:17648:7)
      at Object.importAllData (tests/unit/storage.test.js:2835:5)

  console.warn
    MOCK SET: cameraPowerPlanner_setups = {"SnapshotSetup":{"foo":"bar"}}

      61 |       return undefined;
      62 |     }
    > 63 |     return originalFn(...args);
         |            ^
      64 |   };
      65 | };
      66 |

      at console.<anonymous> (tests/setup/jest.setup.cjs:63:12)
      at console.apply [as warn] (src/scripts/modules/base.js:92:26)
      at Proxy.apply (src/scripts/modules/base.js:92:26)
      at Proxy.apply (src/scripts/modules/base.js:92:26)
      at Proxy.apply (src/scripts/modules/base.js:92:26)
      at Object.warn (tests/unit/storage.test.js:11:15)
      at setItem (src/scripts/storage.js:6179:25)
          at Array.forEach (<anonymous>)
      at forEach (src/scripts/storage.js:6172:25)
      at downgradeSafeLocalStorageToMemory (src/scripts/storage.js:16819:5)
      at safeSetLocalStorage (src/scripts/storage.js:17729:9)
          at Array.forEach (<anonymous>)
      at forEach (src/scripts/storage.js:17727:18)
      at importAllData (src/scripts/storage.js:17648:7)
      at Object.importAllData (tests/unit/storage.test.js:2835:5)

  console.warn
    MOCK SET: cameraPowerPlanner_setups__backup = {"SnapshotSetup":{"foo":"bar"}}

      61 |       return undefined;
      62 |     }
    > 63 |     return originalFn(...args);
         |            ^
      64 |   };
      65 | };
      66 |

      at console.<anonymous> (tests/setup/jest.setup.cjs:63:12)
      at console.apply [as warn] (src/scripts/modules/base.js:92:26)
      at Proxy.apply (src/scripts/modules/base.js:92:26)
      at Proxy.apply (src/scripts/modules/base.js:92:26)
      at Proxy.apply (src/scripts/modules/base.js:92:26)
      at Object.warn (tests/unit/storage.test.js:11:15)
      at setItem (src/scripts/storage.js:6179:25)
          at Array.forEach (<anonymous>)
      at forEach (src/scripts/storage.js:6172:25)
      at downgradeSafeLocalStorageToMemory (src/scripts/storage.js:16819:5)
      at safeSetLocalStorage (src/scripts/storage.js:17729:9)
          at Array.forEach (<anonymous>)
      at forEach (src/scripts/storage.js:17727:18)
      at importAllData (src/scripts/storage.js:17648:7)
      at Object.importAllData (tests/unit/storage.test.js:2835:5)

  console.warn
    MOCK SET: cameraPowerPlanner_session = {"setupName":"  Snapshot Setup  ","motor":["Lens"]

      61 |       return undefined;
      62 |     }
    > 63 |     return originalFn(...args);
         |            ^
      64 |   };
      65 | };
      66 |

      at console.<anonymous> (tests/setup/jest.setup.cjs:63:12)
      at console.apply [as warn] (src/scripts/modules/base.js:92:26)
      at Proxy.apply (src/scripts/modules/base.js:92:26)
      at Proxy.apply (src/scripts/modules/base.js:92:26)
      at Proxy.apply (src/scripts/modules/base.js:92:26)
      at Object.warn (tests/unit/storage.test.js:11:15)
      at setItem (src/scripts/storage.js:6179:25)
          at Array.forEach (<anonymous>)
      at forEach (src/scripts/storage.js:6172:25)
      at downgradeSafeLocalStorageToMemory (src/scripts/storage.js:16819:5)
      at safeSetLocalStorage (src/scripts/storage.js:17729:9)
          at Array.forEach (<anonymous>)
      at forEach (src/scripts/storage.js:17727:18)
      at importAllData (src/scripts/storage.js:17648:7)
      at Object.importAllData (tests/unit/storage.test.js:2835:5)

  console.warn
    MOCK SET: cameraPowerPlanner_session__backup = {"setupName":"  Snapshot Setup  ","motor":["Lens"]

      61 |       return undefined;
      62 |     }
    > 63 |     return originalFn(...args);
         |            ^
      64 |   };
      65 | };
      66 |

      at console.<anonymous> (tests/setup/jest.setup.cjs:63:12)
      at console.apply [as warn] (src/scripts/modules/base.js:92:26)
      at Proxy.apply (src/scripts/modules/base.js:92:26)
      at Proxy.apply (src/scripts/modules/base.js:92:26)
      at Proxy.apply (src/scripts/modules/base.js:92:26)
      at Object.warn (tests/unit/storage.test.js:11:15)
      at setItem (src/scripts/storage.js:6179:25)
          at Array.forEach (<anonymous>)
      at forEach (src/scripts/storage.js:6172:25)
      at downgradeSafeLocalStorageToMemory (src/scripts/storage.js:16819:5)
      at safeSetLocalStorage (src/scripts/storage.js:17729:9)
          at Array.forEach (<anonymous>)
      at forEach (src/scripts/storage.js:17727:18)
      at importAllData (src/scripts/storage.js:17648:7)
      at Object.importAllData (tests/unit/storage.test.js:2835:5)

  console.warn
    MOCK SET: cameraPowerPlanner_feedback = {"message":"snapshot"}

      61 |       return undefined;
      62 |     }
    > 63 |     return originalFn(...args);
         |            ^
      64 |   };
      65 | };
      66 |

      at console.<anonymous> (tests/setup/jest.setup.cjs:63:12)
      at console.apply [as warn] (src/scripts/modules/base.js:92:26)
      at Proxy.apply (src/scripts/modules/base.js:92:26)
      at Proxy.apply (src/scripts/modules/base.js:92:26)
      at Proxy.apply (src/scripts/modules/base.js:92:26)
      at Object.warn (tests/unit/storage.test.js:11:15)
      at setItem (src/scripts/storage.js:6179:25)
          at Array.forEach (<anonymous>)
      at forEach (src/scripts/storage.js:6172:25)
      at downgradeSafeLocalStorageToMemory (src/scripts/storage.js:16819:5)
      at safeSetLocalStorage (src/scripts/storage.js:17729:9)
          at Array.forEach (<anonymous>)
      at forEach (src/scripts/storage.js:17727:18)
      at importAllData (src/scripts/storage.js:17648:7)
      at Object.importAllData (tests/unit/storage.test.js:2835:5)

  console.warn
    MOCK SET: cameraPowerPlanner_feedback__backup = {"message":"snapshot"}

      61 |       return undefined;
      62 |     }
    > 63 |     return originalFn(...args);
         |            ^
      64 |   };
      65 | };
      66 |

      at console.<anonymous> (tests/setup/jest.setup.cjs:63:12)
      at console.apply [as warn] (src/scripts/modules/base.js:92:26)
      at Proxy.apply (src/scripts/modules/base.js:92:26)
      at Proxy.apply (src/scripts/modules/base.js:92:26)
      at Proxy.apply (src/scripts/modules/base.js:92:26)
      at Object.warn (tests/unit/storage.test.js:11:15)
      at setItem (src/scripts/storage.js:6179:25)
          at Array.forEach (<anonymous>)
      at forEach (src/scripts/storage.js:6172:25)
      at downgradeSafeLocalStorageToMemory (src/scripts/storage.js:16819:5)
      at safeSetLocalStorage (src/scripts/storage.js:17729:9)
          at Array.forEach (<anonymous>)
      at forEach (src/scripts/storage.js:17727:18)
      at importAllData (src/scripts/storage.js:17648:7)
      at Object.importAllData (tests/unit/storage.test.js:2835:5)

  console.warn
    MOCK SET: cameraPowerPlanner_favorites = {"camera":["Mini"]}

      61 |       return undefined;
      62 |     }
    > 63 |     return originalFn(...args);
         |            ^
      64 |   };
      65 | };
      66 |

      at console.<anonymous> (tests/setup/jest.setup.cjs:63:12)
      at console.apply [as warn] (src/scripts/modules/base.js:92:26)
      at Proxy.apply (src/scripts/modules/base.js:92:26)
      at Proxy.apply (src/scripts/modules/base.js:92:26)
      at Proxy.apply (src/scripts/modules/base.js:92:26)
      at Object.warn (tests/unit/storage.test.js:11:15)
      at setItem (src/scripts/storage.js:6179:25)
          at Array.forEach (<anonymous>)
      at forEach (src/scripts/storage.js:6172:25)
      at downgradeSafeLocalStorageToMemory (src/scripts/storage.js:16819:5)
      at safeSetLocalStorage (src/scripts/storage.js:17729:9)
          at Array.forEach (<anonymous>)
      at forEach (src/scripts/storage.js:17727:18)
      at importAllData (src/scripts/storage.js:17648:7)
      at Object.importAllData (tests/unit/storage.test.js:2835:5)

  console.warn
    MOCK SET: cameraPowerPlanner_favorites__backup = {"camera":["Mini"]}

      61 |       return undefined;
      62 |     }
    > 63 |     return originalFn(...args);
         |            ^
      64 |   };
      65 | };
      66 |

      at console.<anonymous> (tests/setup/jest.setup.cjs:63:12)
      at console.apply [as warn] (src/scripts/modules/base.js:92:26)
      at Proxy.apply (src/scripts/modules/base.js:92:26)
      at Proxy.apply (src/scripts/modules/base.js:92:26)
      at Proxy.apply (src/scripts/modules/base.js:92:26)
      at Object.warn (tests/unit/storage.test.js:11:15)
      at setItem (src/scripts/storage.js:6179:25)
          at Array.forEach (<anonymous>)
      at forEach (src/scripts/storage.js:6172:25)
      at downgradeSafeLocalStorageToMemory (src/scripts/storage.js:16819:5)
      at safeSetLocalStorage (src/scripts/storage.js:17729:9)
          at Array.forEach (<anonymous>)
      at forEach (src/scripts/storage.js:17727:18)
      at importAllData (src/scripts/storage.js:17648:7)
      at Object.importAllData (tests/unit/storage.test.js:2835:5)

  console.warn
    Downgraded planner storage to sessionStorage after write access errors. ReferenceError: AUTO_GEAR_SHOW_BACKUPS_STORAGE_KEY is not defined
        at AUTO_GEAR_SHOW_BACKUPS_STORAGE_KEY (/Users/lucazanner/Documents/GitHub/cine-power-planner/src/scripts/storage.js:16809:9)
        at safeSetLocalStorage (/Users/lucazanner/Documents/GitHub/cine-power-planner/src/scripts/storage.js:17729:9)
        at Array.forEach (<anonymous>)
        at forEach (/Users/lucazanner/Documents/GitHub/cine-power-planner/src/scripts/storage.js:17727:18)
        at importAllData (/Users/lucazanner/Documents/GitHub/cine-power-planner/src/scripts/storage.js:17648:7)
        at Object.importAllData (/Users/lucazanner/Documents/GitHub/cine-power-planner/tests/unit/storage.test.js:2835:5)
        at Promise.finally.completed (/Users/lucazanner/Documents/GitHub/cine-power-planner/node_modules/jest-circus/build/jestAdapterInit.js:1557:28)
        at new Promise (<anonymous>)
        at callAsyncCircusFn (/Users/lucazanner/Documents/GitHub/cine-power-planner/node_modules/jest-circus/build/jestAdapterInit.js:1497:10)
        at _callCircusTest (/Users/lucazanner/Documents/GitHub/cine-power-planner/node_modules/jest-circus/build/jestAdapterInit.js:1007:40)
        at _runTest (/Users/lucazanner/Documents/GitHub/cine-power-planner/node_modules/jest-circus/build/jestAdapterInit.js:947:3)
        at /Users/lucazanner/Documents/GitHub/cine-power-planner/node_modules/jest-circus/build/jestAdapterInit.js:849:7
        at _runTestsForDescribeBlock (/Users/lucazanner/Documents/GitHub/cine-power-planner/node_modules/jest-circus/build/jestAdapterInit.js:862:11)
        at _runTestsForDescribeBlock (/Users/lucazanner/Documents/GitHub/cine-power-planner/node_modules/jest-circus/build/jestAdapterInit.js:857:11)
        at run (/Users/lucazanner/Documents/GitHub/cine-power-planner/node_modules/jest-circus/build/jestAdapterInit.js:761:3)
        at runAndTransformResultsToJestFormat (/Users/lucazanner/Documents/GitHub/cine-power-planner/node_modules/jest-circus/build/jestAdapterInit.js:1918:21)
        at jestAdapter (/Users/lucazanner/Documents/GitHub/cine-power-planner/node_modules/jest-circus/build/runner.js:101:19)
        at runTestInternal (/Users/lucazanner/Documents/GitHub/cine-power-planner/node_modules/jest-runner/build/index.js:275:16)
        at runTest (/Users/lucazanner/Documents/GitHub/cine-power-planner/node_modules/jest-runner/build/index.js:343:7)

      61 |       return undefined;
      62 |     }
    > 63 |     return originalFn(...args);
         |            ^
      64 |   };
      65 | };
      66 |

      at console.<anonymous> (tests/setup/jest.setup.cjs:63:12)
      at console.apply [as warn] (src/scripts/modules/base.js:92:26)
      at Proxy.apply (src/scripts/modules/base.js:92:26)
      at Proxy.apply (src/scripts/modules/base.js:92:26)
      at Proxy.apply (src/scripts/modules/base.js:92:26)
      at warn (src/scripts/storage.js:6193:11)
      at downgradeSafeLocalStorageToMemory (src/scripts/storage.js:16819:5)
      at safeSetLocalStorage (src/scripts/storage.js:17729:9)
          at Array.forEach (<anonymous>)
      at forEach (src/scripts/storage.js:17727:18)
      at importAllData (src/scripts/storage.js:17648:7)
      at Object.importAllData (tests/unit/storage.test.js:2835:5)

  console.warn
    MOCK SET: __storage_test__ = 1

      61 |       return undefined;
      62 |     }
    > 63 |     return originalFn(...args);
         |            ^
      64 |   };
      65 | };
      66 |

      at console.<anonymous> (tests/setup/jest.setup.cjs:63:12)
      at console.apply [as warn] (src/scripts/modules/base.js:92:26)
      at Proxy.apply (src/scripts/modules/base.js:92:26)
      at Proxy.apply (src/scripts/modules/base.js:92:26)
      at Proxy.apply (src/scripts/modules/base.js:92:26)
      at Object.warn (tests/unit/storage.test.js:11:15)
      at setItem (src/scripts/storage.js:5846:13)
      at verifyStorage (src/scripts/storage.js:6228:18)
      at attemptLocalStorageUpgrade (src/scripts/storage.js:6286:5)
      at getSafeLocalStorage (src/scripts/storage.js:16652:19)
      at safeSetLocalStorage (src/scripts/storage.js:17729:9)
          at Array.forEach (<anonymous>)
      at forEach (src/scripts/storage.js:17727:18)
      at importAllData (src/scripts/storage.js:17648:7)
      at Object.importAllData (tests/unit/storage.test.js:2835:5)

  console.log
    DEBUG: getSafeLocalStorage returning object

      at Proxy.apply (src/scripts/modules/base.js:92:26)
          at Array.forEach (<anonymous>)

  console.error
    DEBUG: safeSetLocalStorage EXEC iosPwaHelpShown true

      61 |       return undefined;
      62 |     }
    > 63 |     return originalFn(...args);
         |            ^
      64 |   };
      65 | };
      66 |

      at console.<anonymous> (tests/setup/jest.setup.cjs:63:12)
      at Proxy.apply (src/scripts/modules/base.js:92:26)
      at error (src/scripts/storage.js:16657:11)
      at safeSetLocalStorage (src/scripts/storage.js:17729:9)
          at Array.forEach (<anonymous>)
      at forEach (src/scripts/storage.js:17727:18)
      at importAllData (src/scripts/storage.js:17648:7)
      at Object.importAllData (tests/unit/storage.test.js:2835:5)

  console.log
    DEBUG: isIndexedDB calculated: true

      at Proxy.apply (src/scripts/modules/base.js:92:26)
          at Array.forEach (<anonymous>)

  console.warn
    Unable to persist storage key during import iosPwaHelpShown ReferenceError: AUTO_GEAR_SHOW_BACKUPS_STORAGE_KEY is not defined
        at AUTO_GEAR_SHOW_BACKUPS_STORAGE_KEY (/Users/lucazanner/Documents/GitHub/cine-power-planner/src/scripts/storage.js:16809:9)
        at safeSetLocalStorage (/Users/lucazanner/Documents/GitHub/cine-power-planner/src/scripts/storage.js:17729:9)
        at Array.forEach (<anonymous>)
        at forEach (/Users/lucazanner/Documents/GitHub/cine-power-planner/src/scripts/storage.js:17727:18)
        at importAllData (/Users/lucazanner/Documents/GitHub/cine-power-planner/src/scripts/storage.js:17648:7)
        at Object.importAllData (/Users/lucazanner/Documents/GitHub/cine-power-planner/tests/unit/storage.test.js:2835:5)
        at Promise.finally.completed (/Users/lucazanner/Documents/GitHub/cine-power-planner/node_modules/jest-circus/build/jestAdapterInit.js:1557:28)
        at new Promise (<anonymous>)
        at callAsyncCircusFn (/Users/lucazanner/Documents/GitHub/cine-power-planner/node_modules/jest-circus/build/jestAdapterInit.js:1497:10)
        at _callCircusTest (/Users/lucazanner/Documents/GitHub/cine-power-planner/node_modules/jest-circus/build/jestAdapterInit.js:1007:40)
        at _runTest (/Users/lucazanner/Documents/GitHub/cine-power-planner/node_modules/jest-circus/build/jestAdapterInit.js:947:3)
        at /Users/lucazanner/Documents/GitHub/cine-power-planner/node_modules/jest-circus/build/jestAdapterInit.js:849:7
        at _runTestsForDescribeBlock (/Users/lucazanner/Documents/GitHub/cine-power-planner/node_modules/jest-circus/build/jestAdapterInit.js:862:11)
        at _runTestsForDescribeBlock (/Users/lucazanner/Documents/GitHub/cine-power-planner/node_modules/jest-circus/build/jestAdapterInit.js:857:11)
        at run (/Users/lucazanner/Documents/GitHub/cine-power-planner/node_modules/jest-circus/build/jestAdapterInit.js:761:3)
        at runAndTransformResultsToJestFormat (/Users/lucazanner/Documents/GitHub/cine-power-planner/node_modules/jest-circus/build/jestAdapterInit.js:1918:21)
        at jestAdapter (/Users/lucazanner/Documents/GitHub/cine-power-planner/node_modules/jest-circus/build/runner.js:101:19)
        at runTestInternal (/Users/lucazanner/Documents/GitHub/cine-power-planner/node_modules/jest-runner/build/index.js:275:16)
        at runTest (/Users/lucazanner/Documents/GitHub/cine-power-planner/node_modules/jest-runner/build/index.js:343:7)

      61 |       return undefined;
      62 |     }
    > 63 |     return originalFn(...args);
         |            ^
      64 |   };
      65 | };
      66 |

      at console.<anonymous> (tests/setup/jest.setup.cjs:63:12)
      at console.apply [as warn] (src/scripts/modules/base.js:92:26)
      at Proxy.apply (src/scripts/modules/base.js:92:26)
      at Proxy.apply (src/scripts/modules/base.js:92:26)
      at Proxy.apply (src/scripts/modules/base.js:92:26)
      at warn (src/scripts/storage.js:16818:13)
      at safeSetLocalStorage (src/scripts/storage.js:17729:9)
          at Array.forEach (<anonymous>)
      at forEach (src/scripts/storage.js:17727:18)
      at importAllData (src/scripts/storage.js:17648:7)
      at Object.importAllData (tests/unit/storage.test.js:2835:5)

  console.warn
    MOCK SET: __storage_test__ = 1

      61 |       return undefined;
      62 |     }
    > 63 |     return originalFn(...args);
         |            ^
      64 |   };
      65 | };
      66 |

      at console.<anonymous> (tests/setup/jest.setup.cjs:63:12)
      at console.apply [as warn] (src/scripts/modules/base.js:92:26)
      at Proxy.apply (src/scripts/modules/base.js:92:26)
      at Proxy.apply (src/scripts/modules/base.js:92:26)
      at Proxy.apply (src/scripts/modules/base.js:92:26)
      at Object.warn (tests/unit/storage.test.js:11:15)
      at setItem (src/scripts/storage.js:5846:13)
      at verifyStorage (src/scripts/storage.js:6155:26)
      at downgradeSafeLocalStorageToMemory (src/scripts/storage.js:16819:5)
      at safeSetLocalStorage (src/scripts/storage.js:17729:9)
          at Array.forEach (<anonymous>)
      at forEach (src/scripts/storage.js:17727:18)
      at importAllData (src/scripts/storage.js:17648:7)
      at Object.importAllData (tests/unit/storage.test.js:2835:5)

  console.warn
    MOCK SET: cameraPowerPlanner_devices = {"cameras":{},"monitors":{},"video":{},"viewfinder

      61 |       return undefined;
      62 |     }
    > 63 |     return originalFn(...args);
         |            ^
      64 |   };
      65 | };
      66 |

      at console.<anonymous> (tests/setup/jest.setup.cjs:63:12)
      at console.apply [as warn] (src/scripts/modules/base.js:92:26)
      at Proxy.apply (src/scripts/modules/base.js:92:26)
      at Proxy.apply (src/scripts/modules/base.js:92:26)
      at Proxy.apply (src/scripts/modules/base.js:92:26)
      at Object.warn (tests/unit/storage.test.js:11:15)
      at setItem (src/scripts/storage.js:6179:25)
          at Array.forEach (<anonymous>)
      at forEach (src/scripts/storage.js:6172:25)
      at downgradeSafeLocalStorageToMemory (src/scripts/storage.js:16819:5)
      at safeSetLocalStorage (src/scripts/storage.js:17729:9)
          at Array.forEach (<anonymous>)
      at forEach (src/scripts/storage.js:17727:18)
      at importAllData (src/scripts/storage.js:17648:7)
      at Object.importAllData (tests/unit/storage.test.js:2835:5)

  console.warn
    MOCK SET: cameraPowerPlanner_devices__backup = {"cameras":{},"monitors":{},"video":{},"viewfinder

      61 |       return undefined;
      62 |     }
    > 63 |     return originalFn(...args);
         |            ^
      64 |   };
      65 | };
      66 |

      at console.<anonymous> (tests/setup/jest.setup.cjs:63:12)
      at console.apply [as warn] (src/scripts/modules/base.js:92:26)
      at Proxy.apply (src/scripts/modules/base.js:92:26)
      at Proxy.apply (src/scripts/modules/base.js:92:26)
      at Proxy.apply (src/scripts/modules/base.js:92:26)
      at Object.warn (tests/unit/storage.test.js:11:15)
      at setItem (src/scripts/storage.js:6179:25)
          at Array.forEach (<anonymous>)
      at forEach (src/scripts/storage.js:6172:25)
      at downgradeSafeLocalStorageToMemory (src/scripts/storage.js:16819:5)
      at safeSetLocalStorage (src/scripts/storage.js:17729:9)
          at Array.forEach (<anonymous>)
      at forEach (src/scripts/storage.js:17727:18)
      at importAllData (src/scripts/storage.js:17648:7)
      at Object.importAllData (tests/unit/storage.test.js:2835:5)

  console.warn
    MOCK SET: cameraPowerPlanner_setups = {"SnapshotSetup":{"foo":"bar"}}

      61 |       return undefined;
      62 |     }
    > 63 |     return originalFn(...args);
         |            ^
      64 |   };
      65 | };
      66 |

      at console.<anonymous> (tests/setup/jest.setup.cjs:63:12)
      at console.apply [as warn] (src/scripts/modules/base.js:92:26)
      at Proxy.apply (src/scripts/modules/base.js:92:26)
      at Proxy.apply (src/scripts/modules/base.js:92:26)
      at Proxy.apply (src/scripts/modules/base.js:92:26)
      at Object.warn (tests/unit/storage.test.js:11:15)
      at setItem (src/scripts/storage.js:6179:25)
          at Array.forEach (<anonymous>)
      at forEach (src/scripts/storage.js:6172:25)
      at downgradeSafeLocalStorageToMemory (src/scripts/storage.js:16819:5)
      at safeSetLocalStorage (src/scripts/storage.js:17729:9)
          at Array.forEach (<anonymous>)
      at forEach (src/scripts/storage.js:17727:18)
      at importAllData (src/scripts/storage.js:17648:7)
      at Object.importAllData (tests/unit/storage.test.js:2835:5)

  console.warn
    MOCK SET: cameraPowerPlanner_setups__backup = {"SnapshotSetup":{"foo":"bar"}}

      61 |       return undefined;
      62 |     }
    > 63 |     return originalFn(...args);
         |            ^
      64 |   };
      65 | };
      66 |

      at console.<anonymous> (tests/setup/jest.setup.cjs:63:12)
      at console.apply [as warn] (src/scripts/modules/base.js:92:26)
      at Proxy.apply (src/scripts/modules/base.js:92:26)
      at Proxy.apply (src/scripts/modules/base.js:92:26)
      at Proxy.apply (src/scripts/modules/base.js:92:26)
      at Object.warn (tests/unit/storage.test.js:11:15)
      at setItem (src/scripts/storage.js:6179:25)
          at Array.forEach (<anonymous>)
      at forEach (src/scripts/storage.js:6172:25)
      at downgradeSafeLocalStorageToMemory (src/scripts/storage.js:16819:5)
      at safeSetLocalStorage (src/scripts/storage.js:17729:9)
          at Array.forEach (<anonymous>)
      at forEach (src/scripts/storage.js:17727:18)
      at importAllData (src/scripts/storage.js:17648:7)
      at Object.importAllData (tests/unit/storage.test.js:2835:5)

  console.warn
    MOCK SET: cameraPowerPlanner_session = {"setupName":"  Snapshot Setup  ","motor":["Lens"]

      61 |       return undefined;
      62 |     }
    > 63 |     return originalFn(...args);
         |            ^
      64 |   };
      65 | };
      66 |

      at console.<anonymous> (tests/setup/jest.setup.cjs:63:12)
      at console.apply [as warn] (src/scripts/modules/base.js:92:26)
      at Proxy.apply (src/scripts/modules/base.js:92:26)
      at Proxy.apply (src/scripts/modules/base.js:92:26)
      at Proxy.apply (src/scripts/modules/base.js:92:26)
      at Object.warn (tests/unit/storage.test.js:11:15)
      at setItem (src/scripts/storage.js:6179:25)
          at Array.forEach (<anonymous>)
      at forEach (src/scripts/storage.js:6172:25)
      at downgradeSafeLocalStorageToMemory (src/scripts/storage.js:16819:5)
      at safeSetLocalStorage (src/scripts/storage.js:17729:9)
          at Array.forEach (<anonymous>)
      at forEach (src/scripts/storage.js:17727:18)
      at importAllData (src/scripts/storage.js:17648:7)
      at Object.importAllData (tests/unit/storage.test.js:2835:5)

  console.warn
    MOCK SET: cameraPowerPlanner_session__backup = {"setupName":"  Snapshot Setup  ","motor":["Lens"]

      61 |       return undefined;
      62 |     }
    > 63 |     return originalFn(...args);
         |            ^
      64 |   };
      65 | };
      66 |

      at console.<anonymous> (tests/setup/jest.setup.cjs:63:12)
      at console.apply [as warn] (src/scripts/modules/base.js:92:26)
      at Proxy.apply (src/scripts/modules/base.js:92:26)
      at Proxy.apply (src/scripts/modules/base.js:92:26)
      at Proxy.apply (src/scripts/modules/base.js:92:26)
      at Object.warn (tests/unit/storage.test.js:11:15)
      at setItem (src/scripts/storage.js:6179:25)
          at Array.forEach (<anonymous>)
      at forEach (src/scripts/storage.js:6172:25)
      at downgradeSafeLocalStorageToMemory (src/scripts/storage.js:16819:5)
      at safeSetLocalStorage (src/scripts/storage.js:17729:9)
          at Array.forEach (<anonymous>)
      at forEach (src/scripts/storage.js:17727:18)
      at importAllData (src/scripts/storage.js:17648:7)
      at Object.importAllData (tests/unit/storage.test.js:2835:5)

  console.warn
    MOCK SET: cameraPowerPlanner_feedback = {"message":"snapshot"}

      61 |       return undefined;
      62 |     }
    > 63 |     return originalFn(...args);
         |            ^
      64 |   };
      65 | };
      66 |

      at console.<anonymous> (tests/setup/jest.setup.cjs:63:12)
      at console.apply [as warn] (src/scripts/modules/base.js:92:26)
      at Proxy.apply (src/scripts/modules/base.js:92:26)
      at Proxy.apply (src/scripts/modules/base.js:92:26)
      at Proxy.apply (src/scripts/modules/base.js:92:26)
      at Object.warn (tests/unit/storage.test.js:11:15)
      at setItem (src/scripts/storage.js:6179:25)
          at Array.forEach (<anonymous>)
      at forEach (src/scripts/storage.js:6172:25)
      at downgradeSafeLocalStorageToMemory (src/scripts/storage.js:16819:5)
      at safeSetLocalStorage (src/scripts/storage.js:17729:9)
          at Array.forEach (<anonymous>)
      at forEach (src/scripts/storage.js:17727:18)
      at importAllData (src/scripts/storage.js:17648:7)
      at Object.importAllData (tests/unit/storage.test.js:2835:5)

  console.warn
    MOCK SET: cameraPowerPlanner_feedback__backup = {"message":"snapshot"}

      61 |       return undefined;
      62 |     }
    > 63 |     return originalFn(...args);
         |            ^
      64 |   };
      65 | };
      66 |

      at console.<anonymous> (tests/setup/jest.setup.cjs:63:12)
      at console.apply [as warn] (src/scripts/modules/base.js:92:26)
      at Proxy.apply (src/scripts/modules/base.js:92:26)
      at Proxy.apply (src/scripts/modules/base.js:92:26)
      at Proxy.apply (src/scripts/modules/base.js:92:26)
      at Object.warn (tests/unit/storage.test.js:11:15)
      at setItem (src/scripts/storage.js:6179:25)
          at Array.forEach (<anonymous>)
      at forEach (src/scripts/storage.js:6172:25)
      at downgradeSafeLocalStorageToMemory (src/scripts/storage.js:16819:5)
      at safeSetLocalStorage (src/scripts/storage.js:17729:9)
          at Array.forEach (<anonymous>)
      at forEach (src/scripts/storage.js:17727:18)
      at importAllData (src/scripts/storage.js:17648:7)
      at Object.importAllData (tests/unit/storage.test.js:2835:5)

  console.warn
    MOCK SET: cameraPowerPlanner_favorites = {"camera":["Mini"]}

      61 |       return undefined;
      62 |     }
    > 63 |     return originalFn(...args);
         |            ^
      64 |   };
      65 | };
      66 |

      at console.<anonymous> (tests/setup/jest.setup.cjs:63:12)
      at console.apply [as warn] (src/scripts/modules/base.js:92:26)
      at Proxy.apply (src/scripts/modules/base.js:92:26)
      at Proxy.apply (src/scripts/modules/base.js:92:26)
      at Proxy.apply (src/scripts/modules/base.js:92:26)
      at Object.warn (tests/unit/storage.test.js:11:15)
      at setItem (src/scripts/storage.js:6179:25)
          at Array.forEach (<anonymous>)
      at forEach (src/scripts/storage.js:6172:25)
      at downgradeSafeLocalStorageToMemory (src/scripts/storage.js:16819:5)
      at safeSetLocalStorage (src/scripts/storage.js:17729:9)
          at Array.forEach (<anonymous>)
      at forEach (src/scripts/storage.js:17727:18)
      at importAllData (src/scripts/storage.js:17648:7)
      at Object.importAllData (tests/unit/storage.test.js:2835:5)

  console.warn
    MOCK SET: cameraPowerPlanner_favorites__backup = {"camera":["Mini"]}

      61 |       return undefined;
      62 |     }
    > 63 |     return originalFn(...args);
         |            ^
      64 |   };
      65 | };
      66 |

      at console.<anonymous> (tests/setup/jest.setup.cjs:63:12)
      at console.apply [as warn] (src/scripts/modules/base.js:92:26)
      at Proxy.apply (src/scripts/modules/base.js:92:26)
      at Proxy.apply (src/scripts/modules/base.js:92:26)
      at Proxy.apply (src/scripts/modules/base.js:92:26)
      at Object.warn (tests/unit/storage.test.js:11:15)
      at setItem (src/scripts/storage.js:6179:25)
          at Array.forEach (<anonymous>)
      at forEach (src/scripts/storage.js:6172:25)
      at downgradeSafeLocalStorageToMemory (src/scripts/storage.js:16819:5)
      at safeSetLocalStorage (src/scripts/storage.js:17729:9)
          at Array.forEach (<anonymous>)
      at forEach (src/scripts/storage.js:17727:18)
      at importAllData (src/scripts/storage.js:17648:7)
      at Object.importAllData (tests/unit/storage.test.js:2835:5)

  console.warn
    Downgraded planner storage to sessionStorage after write access errors. ReferenceError: AUTO_GEAR_SHOW_BACKUPS_STORAGE_KEY is not defined
        at AUTO_GEAR_SHOW_BACKUPS_STORAGE_KEY (/Users/lucazanner/Documents/GitHub/cine-power-planner/src/scripts/storage.js:16809:9)
        at safeSetLocalStorage (/Users/lucazanner/Documents/GitHub/cine-power-planner/src/scripts/storage.js:17729:9)
        at Array.forEach (<anonymous>)
        at forEach (/Users/lucazanner/Documents/GitHub/cine-power-planner/src/scripts/storage.js:17727:18)
        at importAllData (/Users/lucazanner/Documents/GitHub/cine-power-planner/src/scripts/storage.js:17648:7)
        at Object.importAllData (/Users/lucazanner/Documents/GitHub/cine-power-planner/tests/unit/storage.test.js:2835:5)
        at Promise.finally.completed (/Users/lucazanner/Documents/GitHub/cine-power-planner/node_modules/jest-circus/build/jestAdapterInit.js:1557:28)
        at new Promise (<anonymous>)
        at callAsyncCircusFn (/Users/lucazanner/Documents/GitHub/cine-power-planner/node_modules/jest-circus/build/jestAdapterInit.js:1497:10)
        at _callCircusTest (/Users/lucazanner/Documents/GitHub/cine-power-planner/node_modules/jest-circus/build/jestAdapterInit.js:1007:40)
        at _runTest (/Users/lucazanner/Documents/GitHub/cine-power-planner/node_modules/jest-circus/build/jestAdapterInit.js:947:3)
        at /Users/lucazanner/Documents/GitHub/cine-power-planner/node_modules/jest-circus/build/jestAdapterInit.js:849:7
        at _runTestsForDescribeBlock (/Users/lucazanner/Documents/GitHub/cine-power-planner/node_modules/jest-circus/build/jestAdapterInit.js:862:11)
        at _runTestsForDescribeBlock (/Users/lucazanner/Documents/GitHub/cine-power-planner/node_modules/jest-circus/build/jestAdapterInit.js:857:11)
        at run (/Users/lucazanner/Documents/GitHub/cine-power-planner/node_modules/jest-circus/build/jestAdapterInit.js:761:3)
        at runAndTransformResultsToJestFormat (/Users/lucazanner/Documents/GitHub/cine-power-planner/node_modules/jest-circus/build/jestAdapterInit.js:1918:21)
        at jestAdapter (/Users/lucazanner/Documents/GitHub/cine-power-planner/node_modules/jest-circus/build/runner.js:101:19)
        at runTestInternal (/Users/lucazanner/Documents/GitHub/cine-power-planner/node_modules/jest-runner/build/index.js:275:16)
        at runTest (/Users/lucazanner/Documents/GitHub/cine-power-planner/node_modules/jest-runner/build/index.js:343:7)

      61 |       return undefined;
      62 |     }
    > 63 |     return originalFn(...args);
         |            ^
      64 |   };
      65 | };
      66 |

      at console.<anonymous> (tests/setup/jest.setup.cjs:63:12)
      at console.apply [as warn] (src/scripts/modules/base.js:92:26)
      at Proxy.apply (src/scripts/modules/base.js:92:26)
      at Proxy.apply (src/scripts/modules/base.js:92:26)
      at Proxy.apply (src/scripts/modules/base.js:92:26)
      at warn (src/scripts/storage.js:6193:11)
      at downgradeSafeLocalStorageToMemory (src/scripts/storage.js:16819:5)
      at safeSetLocalStorage (src/scripts/storage.js:17729:9)
          at Array.forEach (<anonymous>)
      at forEach (src/scripts/storage.js:17727:18)
      at importAllData (src/scripts/storage.js:17648:7)
      at Object.importAllData (tests/unit/storage.test.js:2835:5)

  console.warn
    MOCK SET: __storage_test__ = 1

      61 |       return undefined;
      62 |     }
    > 63 |     return originalFn(...args);
         |            ^
      64 |   };
      65 | };
      66 |

      at console.<anonymous> (tests/setup/jest.setup.cjs:63:12)
      at console.apply [as warn] (src/scripts/modules/base.js:92:26)
      at Proxy.apply (src/scripts/modules/base.js:92:26)
      at Proxy.apply (src/scripts/modules/base.js:92:26)
      at Proxy.apply (src/scripts/modules/base.js:92:26)
      at Object.warn (tests/unit/storage.test.js:11:15)
      at setItem (src/scripts/storage.js:5846:13)
      at verifyStorage (src/scripts/storage.js:6228:18)
      at attemptLocalStorageUpgrade (src/scripts/storage.js:6286:5)
      at getSafeLocalStorage (src/scripts/storage.js:16652:19)
      at safeSetLocalStorage (src/scripts/storage.js:17737:11)
          at Array.forEach (<anonymous>)
      at forEach (src/scripts/storage.js:17733:17)
      at importAllData (src/scripts/storage.js:17648:7)
      at Object.importAllData (tests/unit/storage.test.js:2835:5)

  console.log
    DEBUG: getSafeLocalStorage returning object

      at Proxy.apply (src/scripts/modules/base.js:92:26)
          at Array.forEach (<anonymous>)

  console.error
    DEBUG: safeSetLocalStorage EXEC language es

      61 |       return undefined;
      62 |     }
    > 63 |     return originalFn(...args);
         |            ^
      64 |   };
      65 | };
      66 |

      at console.<anonymous> (tests/setup/jest.setup.cjs:63:12)
      at Proxy.apply (src/scripts/modules/base.js:92:26)
      at error (src/scripts/storage.js:16657:11)
      at safeSetLocalStorage (src/scripts/storage.js:17737:11)
          at Array.forEach (<anonymous>)
      at forEach (src/scripts/storage.js:17733:17)
      at importAllData (src/scripts/storage.js:17648:7)
      at Object.importAllData (tests/unit/storage.test.js:2835:5)

  console.log
    DEBUG: isIndexedDB calculated: true

      at Proxy.apply (src/scripts/modules/base.js:92:26)
          at Array.forEach (<anonymous>)

  console.warn
    Unable to persist storage key during import language ReferenceError: AUTO_GEAR_SHOW_BACKUPS_STORAGE_KEY is not defined
        at AUTO_GEAR_SHOW_BACKUPS_STORAGE_KEY (/Users/lucazanner/Documents/GitHub/cine-power-planner/src/scripts/storage.js:16809:9)
        at safeSetLocalStorage (/Users/lucazanner/Documents/GitHub/cine-power-planner/src/scripts/storage.js:17737:11)
        at Array.forEach (<anonymous>)
        at forEach (/Users/lucazanner/Documents/GitHub/cine-power-planner/src/scripts/storage.js:17733:17)
        at importAllData (/Users/lucazanner/Documents/GitHub/cine-power-planner/src/scripts/storage.js:17648:7)
        at Object.importAllData (/Users/lucazanner/Documents/GitHub/cine-power-planner/tests/unit/storage.test.js:2835:5)
        at Promise.finally.completed (/Users/lucazanner/Documents/GitHub/cine-power-planner/node_modules/jest-circus/build/jestAdapterInit.js:1557:28)
        at new Promise (<anonymous>)
        at callAsyncCircusFn (/Users/lucazanner/Documents/GitHub/cine-power-planner/node_modules/jest-circus/build/jestAdapterInit.js:1497:10)
        at _callCircusTest (/Users/lucazanner/Documents/GitHub/cine-power-planner/node_modules/jest-circus/build/jestAdapterInit.js:1007:40)
        at _runTest (/Users/lucazanner/Documents/GitHub/cine-power-planner/node_modules/jest-circus/build/jestAdapterInit.js:947:3)
        at /Users/lucazanner/Documents/GitHub/cine-power-planner/node_modules/jest-circus/build/jestAdapterInit.js:849:7
        at _runTestsForDescribeBlock (/Users/lucazanner/Documents/GitHub/cine-power-planner/node_modules/jest-circus/build/jestAdapterInit.js:862:11)
        at _runTestsForDescribeBlock (/Users/lucazanner/Documents/GitHub/cine-power-planner/node_modules/jest-circus/build/jestAdapterInit.js:857:11)
        at run (/Users/lucazanner/Documents/GitHub/cine-power-planner/node_modules/jest-circus/build/jestAdapterInit.js:761:3)
        at runAndTransformResultsToJestFormat (/Users/lucazanner/Documents/GitHub/cine-power-planner/node_modules/jest-circus/build/jestAdapterInit.js:1918:21)
        at jestAdapter (/Users/lucazanner/Documents/GitHub/cine-power-planner/node_modules/jest-circus/build/runner.js:101:19)
        at runTestInternal (/Users/lucazanner/Documents/GitHub/cine-power-planner/node_modules/jest-runner/build/index.js:275:16)
        at runTest (/Users/lucazanner/Documents/GitHub/cine-power-planner/node_modules/jest-runner/build/index.js:343:7)

      61 |       return undefined;
      62 |     }
    > 63 |     return originalFn(...args);
         |            ^
      64 |   };
      65 | };
      66 |

      at console.<anonymous> (tests/setup/jest.setup.cjs:63:12)
      at console.apply [as warn] (src/scripts/modules/base.js:92:26)
      at Proxy.apply (src/scripts/modules/base.js:92:26)
      at Proxy.apply (src/scripts/modules/base.js:92:26)
      at Proxy.apply (src/scripts/modules/base.js:92:26)
      at warn (src/scripts/storage.js:16818:13)
      at safeSetLocalStorage (src/scripts/storage.js:17737:11)
          at Array.forEach (<anonymous>)
      at forEach (src/scripts/storage.js:17733:17)
      at importAllData (src/scripts/storage.js:17648:7)
      at Object.importAllData (tests/unit/storage.test.js:2835:5)

  console.warn
    MOCK SET: __storage_test__ = 1

      61 |       return undefined;
      62 |     }
    > 63 |     return originalFn(...args);
         |            ^
      64 |   };
      65 | };
      66 |

      at console.<anonymous> (tests/setup/jest.setup.cjs:63:12)
      at console.apply [as warn] (src/scripts/modules/base.js:92:26)
      at Proxy.apply (src/scripts/modules/base.js:92:26)
      at Proxy.apply (src/scripts/modules/base.js:92:26)
      at Proxy.apply (src/scripts/modules/base.js:92:26)
      at Object.warn (tests/unit/storage.test.js:11:15)
      at setItem (src/scripts/storage.js:5846:13)
      at verifyStorage (src/scripts/storage.js:6155:26)
      at downgradeSafeLocalStorageToMemory (src/scripts/storage.js:16819:5)
      at safeSetLocalStorage (src/scripts/storage.js:17737:11)
          at Array.forEach (<anonymous>)
      at forEach (src/scripts/storage.js:17733:17)
      at importAllData (src/scripts/storage.js:17648:7)
      at Object.importAllData (tests/unit/storage.test.js:2835:5)

  console.warn
    MOCK SET: cameraPowerPlanner_devices = {"cameras":{},"monitors":{},"video":{},"viewfinder

      61 |       return undefined;
      62 |     }
    > 63 |     return originalFn(...args);
         |            ^
      64 |   };
      65 | };
      66 |

      at console.<anonymous> (tests/setup/jest.setup.cjs:63:12)
      at console.apply [as warn] (src/scripts/modules/base.js:92:26)
      at Proxy.apply (src/scripts/modules/base.js:92:26)
      at Proxy.apply (src/scripts/modules/base.js:92:26)
      at Proxy.apply (src/scripts/modules/base.js:92:26)
      at Object.warn (tests/unit/storage.test.js:11:15)
      at setItem (src/scripts/storage.js:6179:25)
          at Array.forEach (<anonymous>)
      at forEach (src/scripts/storage.js:6172:25)
      at downgradeSafeLocalStorageToMemory (src/scripts/storage.js:16819:5)
      at safeSetLocalStorage (src/scripts/storage.js:17737:11)
          at Array.forEach (<anonymous>)
      at forEach (src/scripts/storage.js:17733:17)
      at importAllData (src/scripts/storage.js:17648:7)
      at Object.importAllData (tests/unit/storage.test.js:2835:5)

  console.warn
    MOCK SET: cameraPowerPlanner_devices__backup = {"cameras":{},"monitors":{},"video":{},"viewfinder

      61 |       return undefined;
      62 |     }
    > 63 |     return originalFn(...args);
         |            ^
      64 |   };
      65 | };
      66 |

      at console.<anonymous> (tests/setup/jest.setup.cjs:63:12)
      at console.apply [as warn] (src/scripts/modules/base.js:92:26)
      at Proxy.apply (src/scripts/modules/base.js:92:26)
      at Proxy.apply (src/scripts/modules/base.js:92:26)
      at Proxy.apply (src/scripts/modules/base.js:92:26)
      at Object.warn (tests/unit/storage.test.js:11:15)
      at setItem (src/scripts/storage.js:6179:25)
          at Array.forEach (<anonymous>)
      at forEach (src/scripts/storage.js:6172:25)
      at downgradeSafeLocalStorageToMemory (src/scripts/storage.js:16819:5)
      at safeSetLocalStorage (src/scripts/storage.js:17737:11)
          at Array.forEach (<anonymous>)
      at forEach (src/scripts/storage.js:17733:17)
      at importAllData (src/scripts/storage.js:17648:7)
      at Object.importAllData (tests/unit/storage.test.js:2835:5)

  console.warn
    MOCK SET: cameraPowerPlanner_setups = {"SnapshotSetup":{"foo":"bar"}}

      61 |       return undefined;
      62 |     }
    > 63 |     return originalFn(...args);
         |            ^
      64 |   };
      65 | };
      66 |

      at console.<anonymous> (tests/setup/jest.setup.cjs:63:12)
      at console.apply [as warn] (src/scripts/modules/base.js:92:26)
      at Proxy.apply (src/scripts/modules/base.js:92:26)
      at Proxy.apply (src/scripts/modules/base.js:92:26)
      at Proxy.apply (src/scripts/modules/base.js:92:26)
      at Object.warn (tests/unit/storage.test.js:11:15)
      at setItem (src/scripts/storage.js:6179:25)
          at Array.forEach (<anonymous>)
      at forEach (src/scripts/storage.js:6172:25)
      at downgradeSafeLocalStorageToMemory (src/scripts/storage.js:16819:5)
      at safeSetLocalStorage (src/scripts/storage.js:17737:11)
          at Array.forEach (<anonymous>)
      at forEach (src/scripts/storage.js:17733:17)
      at importAllData (src/scripts/storage.js:17648:7)
      at Object.importAllData (tests/unit/storage.test.js:2835:5)

  console.warn
    MOCK SET: cameraPowerPlanner_setups__backup = {"SnapshotSetup":{"foo":"bar"}}

      61 |       return undefined;
      62 |     }
    > 63 |     return originalFn(...args);
         |            ^
      64 |   };
      65 | };
      66 |

      at console.<anonymous> (tests/setup/jest.setup.cjs:63:12)
      at console.apply [as warn] (src/scripts/modules/base.js:92:26)
      at Proxy.apply (src/scripts/modules/base.js:92:26)
      at Proxy.apply (src/scripts/modules/base.js:92:26)
      at Proxy.apply (src/scripts/modules/base.js:92:26)
      at Object.warn (tests/unit/storage.test.js:11:15)
      at setItem (src/scripts/storage.js:6179:25)
          at Array.forEach (<anonymous>)
      at forEach (src/scripts/storage.js:6172:25)
      at downgradeSafeLocalStorageToMemory (src/scripts/storage.js:16819:5)
      at safeSetLocalStorage (src/scripts/storage.js:17737:11)
          at Array.forEach (<anonymous>)
      at forEach (src/scripts/storage.js:17733:17)
      at importAllData (src/scripts/storage.js:17648:7)
      at Object.importAllData (tests/unit/storage.test.js:2835:5)

  console.warn
    MOCK SET: cameraPowerPlanner_session = {"setupName":"  Snapshot Setup  ","motor":["Lens"]

      61 |       return undefined;
      62 |     }
    > 63 |     return originalFn(...args);
         |            ^
      64 |   };
      65 | };
      66 |

      at console.<anonymous> (tests/setup/jest.setup.cjs:63:12)
      at console.apply [as warn] (src/scripts/modules/base.js:92:26)
      at Proxy.apply (src/scripts/modules/base.js:92:26)
      at Proxy.apply (src/scripts/modules/base.js:92:26)
      at Proxy.apply (src/scripts/modules/base.js:92:26)
      at Object.warn (tests/unit/storage.test.js:11:15)
      at setItem (src/scripts/storage.js:6179:25)
          at Array.forEach (<anonymous>)
      at forEach (src/scripts/storage.js:6172:25)
      at downgradeSafeLocalStorageToMemory (src/scripts/storage.js:16819:5)
      at safeSetLocalStorage (src/scripts/storage.js:17737:11)
          at Array.forEach (<anonymous>)
      at forEach (src/scripts/storage.js:17733:17)
      at importAllData (src/scripts/storage.js:17648:7)
      at Object.importAllData (tests/unit/storage.test.js:2835:5)

  console.warn
    MOCK SET: cameraPowerPlanner_session__backup = {"setupName":"  Snapshot Setup  ","motor":["Lens"]

      61 |       return undefined;
      62 |     }
    > 63 |     return originalFn(...args);
         |            ^
      64 |   };
      65 | };
      66 |

      at console.<anonymous> (tests/setup/jest.setup.cjs:63:12)
      at console.apply [as warn] (src/scripts/modules/base.js:92:26)
      at Proxy.apply (src/scripts/modules/base.js:92:26)
      at Proxy.apply (src/scripts/modules/base.js:92:26)
      at Proxy.apply (src/scripts/modules/base.js:92:26)
      at Object.warn (tests/unit/storage.test.js:11:15)
      at setItem (src/scripts/storage.js:6179:25)
          at Array.forEach (<anonymous>)
      at forEach (src/scripts/storage.js:6172:25)
      at downgradeSafeLocalStorageToMemory (src/scripts/storage.js:16819:5)
      at safeSetLocalStorage (src/scripts/storage.js:17737:11)
          at Array.forEach (<anonymous>)
      at forEach (src/scripts/storage.js:17733:17)
      at importAllData (src/scripts/storage.js:17648:7)
      at Object.importAllData (tests/unit/storage.test.js:2835:5)

  console.warn
    MOCK SET: cameraPowerPlanner_feedback = {"message":"snapshot"}

      61 |       return undefined;
      62 |     }
    > 63 |     return originalFn(...args);
         |            ^
      64 |   };
      65 | };
      66 |

      at console.<anonymous> (tests/setup/jest.setup.cjs:63:12)
      at console.apply [as warn] (src/scripts/modules/base.js:92:26)
      at Proxy.apply (src/scripts/modules/base.js:92:26)
      at Proxy.apply (src/scripts/modules/base.js:92:26)
      at Proxy.apply (src/scripts/modules/base.js:92:26)
      at Object.warn (tests/unit/storage.test.js:11:15)
      at setItem (src/scripts/storage.js:6179:25)
          at Array.forEach (<anonymous>)
      at forEach (src/scripts/storage.js:6172:25)
      at downgradeSafeLocalStorageToMemory (src/scripts/storage.js:16819:5)
      at safeSetLocalStorage (src/scripts/storage.js:17737:11)
          at Array.forEach (<anonymous>)
      at forEach (src/scripts/storage.js:17733:17)
      at importAllData (src/scripts/storage.js:17648:7)
      at Object.importAllData (tests/unit/storage.test.js:2835:5)

  console.warn
    MOCK SET: cameraPowerPlanner_feedback__backup = {"message":"snapshot"}

      61 |       return undefined;
      62 |     }
    > 63 |     return originalFn(...args);
         |            ^
      64 |   };
      65 | };
      66 |

      at console.<anonymous> (tests/setup/jest.setup.cjs:63:12)
      at console.apply [as warn] (src/scripts/modules/base.js:92:26)
      at Proxy.apply (src/scripts/modules/base.js:92:26)
      at Proxy.apply (src/scripts/modules/base.js:92:26)
      at Proxy.apply (src/scripts/modules/base.js:92:26)
      at Object.warn (tests/unit/storage.test.js:11:15)
      at setItem (src/scripts/storage.js:6179:25)
          at Array.forEach (<anonymous>)
      at forEach (src/scripts/storage.js:6172:25)
      at downgradeSafeLocalStorageToMemory (src/scripts/storage.js:16819:5)
      at safeSetLocalStorage (src/scripts/storage.js:17737:11)
          at Array.forEach (<anonymous>)
      at forEach (src/scripts/storage.js:17733:17)
      at importAllData (src/scripts/storage.js:17648:7)
      at Object.importAllData (tests/unit/storage.test.js:2835:5)

  console.warn
    MOCK SET: cameraPowerPlanner_favorites = {"camera":["Mini"]}

      61 |       return undefined;
      62 |     }
    > 63 |     return originalFn(...args);
         |            ^
      64 |   };
      65 | };
      66 |

      at console.<anonymous> (tests/setup/jest.setup.cjs:63:12)
      at console.apply [as warn] (src/scripts/modules/base.js:92:26)
      at Proxy.apply (src/scripts/modules/base.js:92:26)
      at Proxy.apply (src/scripts/modules/base.js:92:26)
      at Proxy.apply (src/scripts/modules/base.js:92:26)
      at Object.warn (tests/unit/storage.test.js:11:15)
      at setItem (src/scripts/storage.js:6179:25)
          at Array.forEach (<anonymous>)
      at forEach (src/scripts/storage.js:6172:25)
      at downgradeSafeLocalStorageToMemory (src/scripts/storage.js:16819:5)
      at safeSetLocalStorage (src/scripts/storage.js:17737:11)
          at Array.forEach (<anonymous>)
      at forEach (src/scripts/storage.js:17733:17)
      at importAllData (src/scripts/storage.js:17648:7)
      at Object.importAllData (tests/unit/storage.test.js:2835:5)

  console.warn
    MOCK SET: cameraPowerPlanner_favorites__backup = {"camera":["Mini"]}

      61 |       return undefined;
      62 |     }
    > 63 |     return originalFn(...args);
         |            ^
      64 |   };
      65 | };
      66 |

      at console.<anonymous> (tests/setup/jest.setup.cjs:63:12)
      at console.apply [as warn] (src/scripts/modules/base.js:92:26)
      at Proxy.apply (src/scripts/modules/base.js:92:26)
      at Proxy.apply (src/scripts/modules/base.js:92:26)
      at Proxy.apply (src/scripts/modules/base.js:92:26)
      at Object.warn (tests/unit/storage.test.js:11:15)
      at setItem (src/scripts/storage.js:6179:25)
          at Array.forEach (<anonymous>)
      at forEach (src/scripts/storage.js:6172:25)
      at downgradeSafeLocalStorageToMemory (src/scripts/storage.js:16819:5)
      at safeSetLocalStorage (src/scripts/storage.js:17737:11)
          at Array.forEach (<anonymous>)
      at forEach (src/scripts/storage.js:17733:17)
      at importAllData (src/scripts/storage.js:17648:7)
      at Object.importAllData (tests/unit/storage.test.js:2835:5)

  console.warn
    Downgraded planner storage to sessionStorage after write access errors. ReferenceError: AUTO_GEAR_SHOW_BACKUPS_STORAGE_KEY is not defined
        at AUTO_GEAR_SHOW_BACKUPS_STORAGE_KEY (/Users/lucazanner/Documents/GitHub/cine-power-planner/src/scripts/storage.js:16809:9)
        at safeSetLocalStorage (/Users/lucazanner/Documents/GitHub/cine-power-planner/src/scripts/storage.js:17737:11)
        at Array.forEach (<anonymous>)
        at forEach (/Users/lucazanner/Documents/GitHub/cine-power-planner/src/scripts/storage.js:17733:17)
        at importAllData (/Users/lucazanner/Documents/GitHub/cine-power-planner/src/scripts/storage.js:17648:7)
        at Object.importAllData (/Users/lucazanner/Documents/GitHub/cine-power-planner/tests/unit/storage.test.js:2835:5)
        at Promise.finally.completed (/Users/lucazanner/Documents/GitHub/cine-power-planner/node_modules/jest-circus/build/jestAdapterInit.js:1557:28)
        at new Promise (<anonymous>)
        at callAsyncCircusFn (/Users/lucazanner/Documents/GitHub/cine-power-planner/node_modules/jest-circus/build/jestAdapterInit.js:1497:10)
        at _callCircusTest (/Users/lucazanner/Documents/GitHub/cine-power-planner/node_modules/jest-circus/build/jestAdapterInit.js:1007:40)
        at _runTest (/Users/lucazanner/Documents/GitHub/cine-power-planner/node_modules/jest-circus/build/jestAdapterInit.js:947:3)
        at /Users/lucazanner/Documents/GitHub/cine-power-planner/node_modules/jest-circus/build/jestAdapterInit.js:849:7
        at _runTestsForDescribeBlock (/Users/lucazanner/Documents/GitHub/cine-power-planner/node_modules/jest-circus/build/jestAdapterInit.js:862:11)
        at _runTestsForDescribeBlock (/Users/lucazanner/Documents/GitHub/cine-power-planner/node_modules/jest-circus/build/jestAdapterInit.js:857:11)
        at run (/Users/lucazanner/Documents/GitHub/cine-power-planner/node_modules/jest-circus/build/jestAdapterInit.js:761:3)
        at runAndTransformResultsToJestFormat (/Users/lucazanner/Documents/GitHub/cine-power-planner/node_modules/jest-circus/build/jestAdapterInit.js:1918:21)
        at jestAdapter (/Users/lucazanner/Documents/GitHub/cine-power-planner/node_modules/jest-circus/build/runner.js:101:19)
        at runTestInternal (/Users/lucazanner/Documents/GitHub/cine-power-planner/node_modules/jest-runner/build/index.js:275:16)
        at runTest (/Users/lucazanner/Documents/GitHub/cine-power-planner/node_modules/jest-runner/build/index.js:343:7)

      61 |       return undefined;
      62 |     }
    > 63 |     return originalFn(...args);
         |            ^
      64 |   };
      65 | };
      66 |

      at console.<anonymous> (tests/setup/jest.setup.cjs:63:12)
      at console.apply [as warn] (src/scripts/modules/base.js:92:26)
      at Proxy.apply (src/scripts/modules/base.js:92:26)
      at Proxy.apply (src/scripts/modules/base.js:92:26)
      at Proxy.apply (src/scripts/modules/base.js:92:26)
      at warn (src/scripts/storage.js:6193:11)
      at downgradeSafeLocalStorageToMemory (src/scripts/storage.js:16819:5)
      at safeSetLocalStorage (src/scripts/storage.js:17737:11)
          at Array.forEach (<anonymous>)
      at forEach (src/scripts/storage.js:17733:17)
      at importAllData (src/scripts/storage.js:17648:7)
      at Object.importAllData (tests/unit/storage.test.js:2835:5)

  console.warn
    MOCK SET: __storage_test__ = 1

      61 |       return undefined;
      62 |     }
    > 63 |     return originalFn(...args);
         |            ^
      64 |   };
      65 | };
      66 |

      at console.<anonymous> (tests/setup/jest.setup.cjs:63:12)
      at console.apply [as warn] (src/scripts/modules/base.js:92:26)
      at Proxy.apply (src/scripts/modules/base.js:92:26)
      at Proxy.apply (src/scripts/modules/base.js:92:26)
      at Proxy.apply (src/scripts/modules/base.js:92:26)
      at Object.warn (tests/unit/storage.test.js:11:15)
      at setItem (src/scripts/storage.js:5846:13)
      at verifyStorage (src/scripts/storage.js:6228:18)
      at attemptLocalStorageUpgrade (src/scripts/storage.js:6286:5)
      at getSafeLocalStorage (src/scripts/storage.js:16652:19)
      at safeSetLocalStorage (src/scripts/storage.js:17747:11)
      at importAllData (src/scripts/storage.js:17648:7)
      at Object.importAllData (tests/unit/storage.test.js:2835:5)

  console.log
    DEBUG: getSafeLocalStorage returning object

      at Proxy.apply (src/scripts/modules/base.js:92:26)

  console.error
    DEBUG: safeSetLocalStorage EXEC cameraPowerPlanner_temperatureUnit fahrenheit

      61 |       return undefined;
      62 |     }
    > 63 |     return originalFn(...args);
         |            ^
      64 |   };
      65 | };
      66 |

      at console.<anonymous> (tests/setup/jest.setup.cjs:63:12)
      at Proxy.apply (src/scripts/modules/base.js:92:26)
      at error (src/scripts/storage.js:16657:11)
      at safeSetLocalStorage (src/scripts/storage.js:17747:11)
      at importAllData (src/scripts/storage.js:17648:7)
      at Object.importAllData (tests/unit/storage.test.js:2835:5)

  console.log
    DEBUG: isIndexedDB calculated: true

      at Proxy.apply (src/scripts/modules/base.js:92:26)

  console.warn
    Unable to persist storage key during import cameraPowerPlanner_temperatureUnit ReferenceError: AUTO_GEAR_SHOW_BACKUPS_STORAGE_KEY is not defined
        at AUTO_GEAR_SHOW_BACKUPS_STORAGE_KEY (/Users/lucazanner/Documents/GitHub/cine-power-planner/src/scripts/storage.js:16809:9)
        at safeSetLocalStorage (/Users/lucazanner/Documents/GitHub/cine-power-planner/src/scripts/storage.js:17747:11)
        at importAllData (/Users/lucazanner/Documents/GitHub/cine-power-planner/src/scripts/storage.js:17648:7)
        at Object.importAllData (/Users/lucazanner/Documents/GitHub/cine-power-planner/tests/unit/storage.test.js:2835:5)
        at Promise.finally.completed (/Users/lucazanner/Documents/GitHub/cine-power-planner/node_modules/jest-circus/build/jestAdapterInit.js:1557:28)
        at new Promise (<anonymous>)
        at callAsyncCircusFn (/Users/lucazanner/Documents/GitHub/cine-power-planner/node_modules/jest-circus/build/jestAdapterInit.js:1497:10)
        at _callCircusTest (/Users/lucazanner/Documents/GitHub/cine-power-planner/node_modules/jest-circus/build/jestAdapterInit.js:1007:40)
        at _runTest (/Users/lucazanner/Documents/GitHub/cine-power-planner/node_modules/jest-circus/build/jestAdapterInit.js:947:3)
        at /Users/lucazanner/Documents/GitHub/cine-power-planner/node_modules/jest-circus/build/jestAdapterInit.js:849:7
        at _runTestsForDescribeBlock (/Users/lucazanner/Documents/GitHub/cine-power-planner/node_modules/jest-circus/build/jestAdapterInit.js:862:11)
        at _runTestsForDescribeBlock (/Users/lucazanner/Documents/GitHub/cine-power-planner/node_modules/jest-circus/build/jestAdapterInit.js:857:11)
        at run (/Users/lucazanner/Documents/GitHub/cine-power-planner/node_modules/jest-circus/build/jestAdapterInit.js:761:3)
        at runAndTransformResultsToJestFormat (/Users/lucazanner/Documents/GitHub/cine-power-planner/node_modules/jest-circus/build/jestAdapterInit.js:1918:21)
        at jestAdapter (/Users/lucazanner/Documents/GitHub/cine-power-planner/node_modules/jest-circus/build/runner.js:101:19)
        at runTestInternal (/Users/lucazanner/Documents/GitHub/cine-power-planner/node_modules/jest-runner/build/index.js:275:16)
        at runTest (/Users/lucazanner/Documents/GitHub/cine-power-planner/node_modules/jest-runner/build/index.js:343:7)

      61 |       return undefined;
      62 |     }
    > 63 |     return originalFn(...args);
         |            ^
      64 |   };
      65 | };
      66 |

      at console.<anonymous> (tests/setup/jest.setup.cjs:63:12)
      at console.apply [as warn] (src/scripts/modules/base.js:92:26)
      at Proxy.apply (src/scripts/modules/base.js:92:26)
      at Proxy.apply (src/scripts/modules/base.js:92:26)
      at Proxy.apply (src/scripts/modules/base.js:92:26)
      at warn (src/scripts/storage.js:16818:13)
      at safeSetLocalStorage (src/scripts/storage.js:17747:11)
      at importAllData (src/scripts/storage.js:17648:7)
      at Object.importAllData (tests/unit/storage.test.js:2835:5)

  console.warn
    MOCK SET: __storage_test__ = 1

      61 |       return undefined;
      62 |     }
    > 63 |     return originalFn(...args);
         |            ^
      64 |   };
      65 | };
      66 |

      at console.<anonymous> (tests/setup/jest.setup.cjs:63:12)
      at console.apply [as warn] (src/scripts/modules/base.js:92:26)
      at Proxy.apply (src/scripts/modules/base.js:92:26)
      at Proxy.apply (src/scripts/modules/base.js:92:26)
      at Proxy.apply (src/scripts/modules/base.js:92:26)
      at Object.warn (tests/unit/storage.test.js:11:15)
      at setItem (src/scripts/storage.js:5846:13)
      at verifyStorage (src/scripts/storage.js:6155:26)
      at downgradeSafeLocalStorageToMemory (src/scripts/storage.js:16819:5)
      at safeSetLocalStorage (src/scripts/storage.js:17747:11)
      at importAllData (src/scripts/storage.js:17648:7)
      at Object.importAllData (tests/unit/storage.test.js:2835:5)

  console.warn
    MOCK SET: cameraPowerPlanner_devices = {"cameras":{},"monitors":{},"video":{},"viewfinder

      61 |       return undefined;
      62 |     }
    > 63 |     return originalFn(...args);
         |            ^
      64 |   };
      65 | };
      66 |

      at console.<anonymous> (tests/setup/jest.setup.cjs:63:12)
      at console.apply [as warn] (src/scripts/modules/base.js:92:26)
      at Proxy.apply (src/scripts/modules/base.js:92:26)
      at Proxy.apply (src/scripts/modules/base.js:92:26)
      at Proxy.apply (src/scripts/modules/base.js:92:26)
      at Object.warn (tests/unit/storage.test.js:11:15)
      at setItem (src/scripts/storage.js:6179:25)
          at Array.forEach (<anonymous>)
      at forEach (src/scripts/storage.js:6172:25)
      at downgradeSafeLocalStorageToMemory (src/scripts/storage.js:16819:5)
      at safeSetLocalStorage (src/scripts/storage.js:17747:11)
      at importAllData (src/scripts/storage.js:17648:7)
      at Object.importAllData (tests/unit/storage.test.js:2835:5)

  console.warn
    MOCK SET: cameraPowerPlanner_devices__backup = {"cameras":{},"monitors":{},"video":{},"viewfinder

      61 |       return undefined;
      62 |     }
    > 63 |     return originalFn(...args);
         |            ^
      64 |   };
      65 | };
      66 |

      at console.<anonymous> (tests/setup/jest.setup.cjs:63:12)
      at console.apply [as warn] (src/scripts/modules/base.js:92:26)
      at Proxy.apply (src/scripts/modules/base.js:92:26)
      at Proxy.apply (src/scripts/modules/base.js:92:26)
      at Proxy.apply (src/scripts/modules/base.js:92:26)
      at Object.warn (tests/unit/storage.test.js:11:15)
      at setItem (src/scripts/storage.js:6179:25)
          at Array.forEach (<anonymous>)
      at forEach (src/scripts/storage.js:6172:25)
      at downgradeSafeLocalStorageToMemory (src/scripts/storage.js:16819:5)
      at safeSetLocalStorage (src/scripts/storage.js:17747:11)
      at importAllData (src/scripts/storage.js:17648:7)
      at Object.importAllData (tests/unit/storage.test.js:2835:5)

  console.warn
    MOCK SET: cameraPowerPlanner_setups = {"SnapshotSetup":{"foo":"bar"}}

      61 |       return undefined;
      62 |     }
    > 63 |     return originalFn(...args);
         |            ^
      64 |   };
      65 | };
      66 |

      at console.<anonymous> (tests/setup/jest.setup.cjs:63:12)
      at console.apply [as warn] (src/scripts/modules/base.js:92:26)
      at Proxy.apply (src/scripts/modules/base.js:92:26)
      at Proxy.apply (src/scripts/modules/base.js:92:26)
      at Proxy.apply (src/scripts/modules/base.js:92:26)
      at Object.warn (tests/unit/storage.test.js:11:15)
      at setItem (src/scripts/storage.js:6179:25)
          at Array.forEach (<anonymous>)
      at forEach (src/scripts/storage.js:6172:25)
      at downgradeSafeLocalStorageToMemory (src/scripts/storage.js:16819:5)
      at safeSetLocalStorage (src/scripts/storage.js:17747:11)
      at importAllData (src/scripts/storage.js:17648:7)
      at Object.importAllData (tests/unit/storage.test.js:2835:5)

  console.warn
    MOCK SET: cameraPowerPlanner_setups__backup = {"SnapshotSetup":{"foo":"bar"}}

      61 |       return undefined;
      62 |     }
    > 63 |     return originalFn(...args);
         |            ^
      64 |   };
      65 | };
      66 |

      at console.<anonymous> (tests/setup/jest.setup.cjs:63:12)
      at console.apply [as warn] (src/scripts/modules/base.js:92:26)
      at Proxy.apply (src/scripts/modules/base.js:92:26)
      at Proxy.apply (src/scripts/modules/base.js:92:26)
      at Proxy.apply (src/scripts/modules/base.js:92:26)
      at Object.warn (tests/unit/storage.test.js:11:15)
      at setItem (src/scripts/storage.js:6179:25)
          at Array.forEach (<anonymous>)
      at forEach (src/scripts/storage.js:6172:25)
      at downgradeSafeLocalStorageToMemory (src/scripts/storage.js:16819:5)
      at safeSetLocalStorage (src/scripts/storage.js:17747:11)
      at importAllData (src/scripts/storage.js:17648:7)
      at Object.importAllData (tests/unit/storage.test.js:2835:5)

  console.warn
    MOCK SET: cameraPowerPlanner_session = {"setupName":"  Snapshot Setup  ","motor":["Lens"]

      61 |       return undefined;
      62 |     }
    > 63 |     return originalFn(...args);
         |            ^
      64 |   };
      65 | };
      66 |

      at console.<anonymous> (tests/setup/jest.setup.cjs:63:12)
      at console.apply [as warn] (src/scripts/modules/base.js:92:26)
      at Proxy.apply (src/scripts/modules/base.js:92:26)
      at Proxy.apply (src/scripts/modules/base.js:92:26)
      at Proxy.apply (src/scripts/modules/base.js:92:26)
      at Object.warn (tests/unit/storage.test.js:11:15)
      at setItem (src/scripts/storage.js:6179:25)
          at Array.forEach (<anonymous>)
      at forEach (src/scripts/storage.js:6172:25)
      at downgradeSafeLocalStorageToMemory (src/scripts/storage.js:16819:5)
      at safeSetLocalStorage (src/scripts/storage.js:17747:11)
      at importAllData (src/scripts/storage.js:17648:7)
      at Object.importAllData (tests/unit/storage.test.js:2835:5)

  console.warn
    MOCK SET: cameraPowerPlanner_session__backup = {"setupName":"  Snapshot Setup  ","motor":["Lens"]

      61 |       return undefined;
      62 |     }
    > 63 |     return originalFn(...args);
         |            ^
      64 |   };
      65 | };
      66 |

      at console.<anonymous> (tests/setup/jest.setup.cjs:63:12)
      at console.apply [as warn] (src/scripts/modules/base.js:92:26)
      at Proxy.apply (src/scripts/modules/base.js:92:26)
      at Proxy.apply (src/scripts/modules/base.js:92:26)
      at Proxy.apply (src/scripts/modules/base.js:92:26)
      at Object.warn (tests/unit/storage.test.js:11:15)
      at setItem (src/scripts/storage.js:6179:25)
          at Array.forEach (<anonymous>)
      at forEach (src/scripts/storage.js:6172:25)
      at downgradeSafeLocalStorageToMemory (src/scripts/storage.js:16819:5)
      at safeSetLocalStorage (src/scripts/storage.js:17747:11)
      at importAllData (src/scripts/storage.js:17648:7)
      at Object.importAllData (tests/unit/storage.test.js:2835:5)

  console.warn
    MOCK SET: cameraPowerPlanner_feedback = {"message":"snapshot"}

      61 |       return undefined;
      62 |     }
    > 63 |     return originalFn(...args);
         |            ^
      64 |   };
      65 | };
      66 |

      at console.<anonymous> (tests/setup/jest.setup.cjs:63:12)
      at console.apply [as warn] (src/scripts/modules/base.js:92:26)
      at Proxy.apply (src/scripts/modules/base.js:92:26)
      at Proxy.apply (src/scripts/modules/base.js:92:26)
      at Proxy.apply (src/scripts/modules/base.js:92:26)
      at Object.warn (tests/unit/storage.test.js:11:15)
      at setItem (src/scripts/storage.js:6179:25)
          at Array.forEach (<anonymous>)
      at forEach (src/scripts/storage.js:6172:25)
      at downgradeSafeLocalStorageToMemory (src/scripts/storage.js:16819:5)
      at safeSetLocalStorage (src/scripts/storage.js:17747:11)
      at importAllData (src/scripts/storage.js:17648:7)
      at Object.importAllData (tests/unit/storage.test.js:2835:5)

  console.warn
    MOCK SET: cameraPowerPlanner_feedback__backup = {"message":"snapshot"}

      61 |       return undefined;
      62 |     }
    > 63 |     return originalFn(...args);
         |            ^
      64 |   };
      65 | };
      66 |

      at console.<anonymous> (tests/setup/jest.setup.cjs:63:12)
      at console.apply [as warn] (src/scripts/modules/base.js:92:26)
      at Proxy.apply (src/scripts/modules/base.js:92:26)
      at Proxy.apply (src/scripts/modules/base.js:92:26)
      at Proxy.apply (src/scripts/modules/base.js:92:26)
      at Object.warn (tests/unit/storage.test.js:11:15)
      at setItem (src/scripts/storage.js:6179:25)
          at Array.forEach (<anonymous>)
      at forEach (src/scripts/storage.js:6172:25)
      at downgradeSafeLocalStorageToMemory (src/scripts/storage.js:16819:5)
      at safeSetLocalStorage (src/scripts/storage.js:17747:11)
      at importAllData (src/scripts/storage.js:17648:7)
      at Object.importAllData (tests/unit/storage.test.js:2835:5)

  console.warn
    MOCK SET: cameraPowerPlanner_favorites = {"camera":["Mini"]}

      61 |       return undefined;
      62 |     }
    > 63 |     return originalFn(...args);
         |            ^
      64 |   };
      65 | };
      66 |

      at console.<anonymous> (tests/setup/jest.setup.cjs:63:12)
      at console.apply [as warn] (src/scripts/modules/base.js:92:26)
      at Proxy.apply (src/scripts/modules/base.js:92:26)
      at Proxy.apply (src/scripts/modules/base.js:92:26)
      at Proxy.apply (src/scripts/modules/base.js:92:26)
      at Object.warn (tests/unit/storage.test.js:11:15)
      at setItem (src/scripts/storage.js:6179:25)
          at Array.forEach (<anonymous>)
      at forEach (src/scripts/storage.js:6172:25)
      at downgradeSafeLocalStorageToMemory (src/scripts/storage.js:16819:5)
      at safeSetLocalStorage (src/scripts/storage.js:17747:11)
      at importAllData (src/scripts/storage.js:17648:7)
      at Object.importAllData (tests/unit/storage.test.js:2835:5)

  console.warn
    MOCK SET: cameraPowerPlanner_favorites__backup = {"camera":["Mini"]}

      61 |       return undefined;
      62 |     }
    > 63 |     return originalFn(...args);
         |            ^
      64 |   };
      65 | };
      66 |

      at console.<anonymous> (tests/setup/jest.setup.cjs:63:12)
      at console.apply [as warn] (src/scripts/modules/base.js:92:26)
      at Proxy.apply (src/scripts/modules/base.js:92:26)
      at Proxy.apply (src/scripts/modules/base.js:92:26)
      at Proxy.apply (src/scripts/modules/base.js:92:26)
      at Object.warn (tests/unit/storage.test.js:11:15)
      at setItem (src/scripts/storage.js:6179:25)
          at Array.forEach (<anonymous>)
      at forEach (src/scripts/storage.js:6172:25)
      at downgradeSafeLocalStorageToMemory (src/scripts/storage.js:16819:5)
      at safeSetLocalStorage (src/scripts/storage.js:17747:11)
      at importAllData (src/scripts/storage.js:17648:7)
      at Object.importAllData (tests/unit/storage.test.js:2835:5)

  console.warn
    Downgraded planner storage to sessionStorage after write access errors. ReferenceError: AUTO_GEAR_SHOW_BACKUPS_STORAGE_KEY is not defined
        at AUTO_GEAR_SHOW_BACKUPS_STORAGE_KEY (/Users/lucazanner/Documents/GitHub/cine-power-planner/src/scripts/storage.js:16809:9)
        at safeSetLocalStorage (/Users/lucazanner/Documents/GitHub/cine-power-planner/src/scripts/storage.js:17747:11)
        at importAllData (/Users/lucazanner/Documents/GitHub/cine-power-planner/src/scripts/storage.js:17648:7)
        at Object.importAllData (/Users/lucazanner/Documents/GitHub/cine-power-planner/tests/unit/storage.test.js:2835:5)
        at Promise.finally.completed (/Users/lucazanner/Documents/GitHub/cine-power-planner/node_modules/jest-circus/build/jestAdapterInit.js:1557:28)
        at new Promise (<anonymous>)
        at callAsyncCircusFn (/Users/lucazanner/Documents/GitHub/cine-power-planner/node_modules/jest-circus/build/jestAdapterInit.js:1497:10)
        at _callCircusTest (/Users/lucazanner/Documents/GitHub/cine-power-planner/node_modules/jest-circus/build/jestAdapterInit.js:1007:40)
        at _runTest (/Users/lucazanner/Documents/GitHub/cine-power-planner/node_modules/jest-circus/build/jestAdapterInit.js:947:3)
        at /Users/lucazanner/Documents/GitHub/cine-power-planner/node_modules/jest-circus/build/jestAdapterInit.js:849:7
        at _runTestsForDescribeBlock (/Users/lucazanner/Documents/GitHub/cine-power-planner/node_modules/jest-circus/build/jestAdapterInit.js:862:11)
        at _runTestsForDescribeBlock (/Users/lucazanner/Documents/GitHub/cine-power-planner/node_modules/jest-circus/build/jestAdapterInit.js:857:11)
        at run (/Users/lucazanner/Documents/GitHub/cine-power-planner/node_modules/jest-circus/build/jestAdapterInit.js:761:3)
        at runAndTransformResultsToJestFormat (/Users/lucazanner/Documents/GitHub/cine-power-planner/node_modules/jest-circus/build/jestAdapterInit.js:1918:21)
        at jestAdapter (/Users/lucazanner/Documents/GitHub/cine-power-planner/node_modules/jest-circus/build/runner.js:101:19)
        at runTestInternal (/Users/lucazanner/Documents/GitHub/cine-power-planner/node_modules/jest-runner/build/index.js:275:16)
        at runTest (/Users/lucazanner/Documents/GitHub/cine-power-planner/node_modules/jest-runner/build/index.js:343:7)

      61 |       return undefined;
      62 |     }
    > 63 |     return originalFn(...args);
         |            ^
      64 |   };
      65 | };
      66 |

      at console.<anonymous> (tests/setup/jest.setup.cjs:63:12)
      at console.apply [as warn] (src/scripts/modules/base.js:92:26)
      at Proxy.apply (src/scripts/modules/base.js:92:26)
      at Proxy.apply (src/scripts/modules/base.js:92:26)
      at Proxy.apply (src/scripts/modules/base.js:92:26)
      at warn (src/scripts/storage.js:6193:11)
      at downgradeSafeLocalStorageToMemory (src/scripts/storage.js:16819:5)
      at safeSetLocalStorage (src/scripts/storage.js:17747:11)
      at importAllData (src/scripts/storage.js:17648:7)
      at Object.importAllData (tests/unit/storage.test.js:2835:5)

  console.warn
    MOCK SET: __storage_test__ = 1

      61 |       return undefined;
      62 |     }
    > 63 |     return originalFn(...args);
         |            ^
      64 |   };
      65 | };
      66 |

      at console.<anonymous> (tests/setup/jest.setup.cjs:63:12)
      at console.apply [as warn] (src/scripts/modules/base.js:92:26)
      at Proxy.apply (src/scripts/modules/base.js:92:26)
      at Proxy.apply (src/scripts/modules/base.js:92:26)
      at Proxy.apply (src/scripts/modules/base.js:92:26)
      at Object.warn (tests/unit/storage.test.js:11:15)
      at setItem (src/scripts/storage.js:5846:13)
      at verifyStorage (src/scripts/storage.js:6228:18)
      at attemptLocalStorageUpgrade (src/scripts/storage.js:6286:5)
      at getSafeLocalStorage (src/scripts/storage.js:16652:19)
      at safeSetLocalStorage (src/scripts/storage.js:17925:7)
      at importAllData (src/scripts/storage.js:17648:7)
      at Object.importAllData (tests/unit/storage.test.js:2835:5)

  console.log
    DEBUG: getSafeLocalStorage returning object

      at Proxy.apply (src/scripts/modules/base.js:92:26)

  console.error
    DEBUG: safeSetLocalStorage EXEC customLogo data:image/png;base64,snapshot

      61 |       return undefined;
      62 |     }
    > 63 |     return originalFn(...args);
         |            ^
      64 |   };
      65 | };
      66 |

      at console.<anonymous> (tests/setup/jest.setup.cjs:63:12)
      at Proxy.apply (src/scripts/modules/base.js:92:26)
      at error (src/scripts/storage.js:16657:11)
      at safeSetLocalStorage (src/scripts/storage.js:17925:7)
      at importAllData (src/scripts/storage.js:17648:7)
      at Object.importAllData (tests/unit/storage.test.js:2835:5)

  console.log
    DEBUG: isIndexedDB calculated: true

      at Proxy.apply (src/scripts/modules/base.js:92:26)

  console.warn
    Unable to persist storage key during import customLogo ReferenceError: AUTO_GEAR_SHOW_BACKUPS_STORAGE_KEY is not defined
        at AUTO_GEAR_SHOW_BACKUPS_STORAGE_KEY (/Users/lucazanner/Documents/GitHub/cine-power-planner/src/scripts/storage.js:16809:9)
        at safeSetLocalStorage (/Users/lucazanner/Documents/GitHub/cine-power-planner/src/scripts/storage.js:17925:7)
        at importAllData (/Users/lucazanner/Documents/GitHub/cine-power-planner/src/scripts/storage.js:17648:7)
        at Object.importAllData (/Users/lucazanner/Documents/GitHub/cine-power-planner/tests/unit/storage.test.js:2835:5)
        at Promise.finally.completed (/Users/lucazanner/Documents/GitHub/cine-power-planner/node_modules/jest-circus/build/jestAdapterInit.js:1557:28)
        at new Promise (<anonymous>)
        at callAsyncCircusFn (/Users/lucazanner/Documents/GitHub/cine-power-planner/node_modules/jest-circus/build/jestAdapterInit.js:1497:10)
        at _callCircusTest (/Users/lucazanner/Documents/GitHub/cine-power-planner/node_modules/jest-circus/build/jestAdapterInit.js:1007:40)
        at _runTest (/Users/lucazanner/Documents/GitHub/cine-power-planner/node_modules/jest-circus/build/jestAdapterInit.js:947:3)
        at /Users/lucazanner/Documents/GitHub/cine-power-planner/node_modules/jest-circus/build/jestAdapterInit.js:849:7
        at _runTestsForDescribeBlock (/Users/lucazanner/Documents/GitHub/cine-power-planner/node_modules/jest-circus/build/jestAdapterInit.js:862:11)
        at _runTestsForDescribeBlock (/Users/lucazanner/Documents/GitHub/cine-power-planner/node_modules/jest-circus/build/jestAdapterInit.js:857:11)
        at run (/Users/lucazanner/Documents/GitHub/cine-power-planner/node_modules/jest-circus/build/jestAdapterInit.js:761:3)
        at runAndTransformResultsToJestFormat (/Users/lucazanner/Documents/GitHub/cine-power-planner/node_modules/jest-circus/build/jestAdapterInit.js:1918:21)
        at jestAdapter (/Users/lucazanner/Documents/GitHub/cine-power-planner/node_modules/jest-circus/build/runner.js:101:19)
        at runTestInternal (/Users/lucazanner/Documents/GitHub/cine-power-planner/node_modules/jest-runner/build/index.js:275:16)
        at runTest (/Users/lucazanner/Documents/GitHub/cine-power-planner/node_modules/jest-runner/build/index.js:343:7)

      61 |       return undefined;
      62 |     }
    > 63 |     return originalFn(...args);
         |            ^
      64 |   };
      65 | };
      66 |

      at console.<anonymous> (tests/setup/jest.setup.cjs:63:12)
      at console.apply [as warn] (src/scripts/modules/base.js:92:26)
      at Proxy.apply (src/scripts/modules/base.js:92:26)
      at Proxy.apply (src/scripts/modules/base.js:92:26)
      at Proxy.apply (src/scripts/modules/base.js:92:26)
      at warn (src/scripts/storage.js:16818:13)
      at safeSetLocalStorage (src/scripts/storage.js:17925:7)
      at importAllData (src/scripts/storage.js:17648:7)
      at Object.importAllData (tests/unit/storage.test.js:2835:5)

  console.warn
    MOCK SET: __storage_test__ = 1

      61 |       return undefined;
      62 |     }
    > 63 |     return originalFn(...args);
         |            ^
      64 |   };
      65 | };
      66 |

      at console.<anonymous> (tests/setup/jest.setup.cjs:63:12)
      at console.apply [as warn] (src/scripts/modules/base.js:92:26)
      at Proxy.apply (src/scripts/modules/base.js:92:26)
      at Proxy.apply (src/scripts/modules/base.js:92:26)
      at Proxy.apply (src/scripts/modules/base.js:92:26)
      at Object.warn (tests/unit/storage.test.js:11:15)
      at setItem (src/scripts/storage.js:5846:13)
      at verifyStorage (src/scripts/storage.js:6155:26)
      at downgradeSafeLocalStorageToMemory (src/scripts/storage.js:16819:5)
      at safeSetLocalStorage (src/scripts/storage.js:17925:7)
      at importAllData (src/scripts/storage.js:17648:7)
      at Object.importAllData (tests/unit/storage.test.js:2835:5)

  console.warn
    MOCK SET: cameraPowerPlanner_devices = {"cameras":{},"monitors":{},"video":{},"viewfinder

      61 |       return undefined;
      62 |     }
    > 63 |     return originalFn(...args);
         |            ^
      64 |   };
      65 | };
      66 |

      at console.<anonymous> (tests/setup/jest.setup.cjs:63:12)
      at console.apply [as warn] (src/scripts/modules/base.js:92:26)
      at Proxy.apply (src/scripts/modules/base.js:92:26)
      at Proxy.apply (src/scripts/modules/base.js:92:26)
      at Proxy.apply (src/scripts/modules/base.js:92:26)
      at Object.warn (tests/unit/storage.test.js:11:15)
      at setItem (src/scripts/storage.js:6179:25)
          at Array.forEach (<anonymous>)
      at forEach (src/scripts/storage.js:6172:25)
      at downgradeSafeLocalStorageToMemory (src/scripts/storage.js:16819:5)
      at safeSetLocalStorage (src/scripts/storage.js:17925:7)
      at importAllData (src/scripts/storage.js:17648:7)
      at Object.importAllData (tests/unit/storage.test.js:2835:5)

  console.warn
    MOCK SET: cameraPowerPlanner_devices__backup = {"cameras":{},"monitors":{},"video":{},"viewfinder

      61 |       return undefined;
      62 |     }
    > 63 |     return originalFn(...args);
         |            ^
      64 |   };
      65 | };
      66 |

      at console.<anonymous> (tests/setup/jest.setup.cjs:63:12)
      at console.apply [as warn] (src/scripts/modules/base.js:92:26)
      at Proxy.apply (src/scripts/modules/base.js:92:26)
      at Proxy.apply (src/scripts/modules/base.js:92:26)
      at Proxy.apply (src/scripts/modules/base.js:92:26)
      at Object.warn (tests/unit/storage.test.js:11:15)
      at setItem (src/scripts/storage.js:6179:25)
          at Array.forEach (<anonymous>)
      at forEach (src/scripts/storage.js:6172:25)
      at downgradeSafeLocalStorageToMemory (src/scripts/storage.js:16819:5)
      at safeSetLocalStorage (src/scripts/storage.js:17925:7)
      at importAllData (src/scripts/storage.js:17648:7)
      at Object.importAllData (tests/unit/storage.test.js:2835:5)

  console.warn
    MOCK SET: cameraPowerPlanner_setups = {"SnapshotSetup":{"foo":"bar"}}

      61 |       return undefined;
      62 |     }
    > 63 |     return originalFn(...args);
         |            ^
      64 |   };
      65 | };
      66 |

      at console.<anonymous> (tests/setup/jest.setup.cjs:63:12)
      at console.apply [as warn] (src/scripts/modules/base.js:92:26)
      at Proxy.apply (src/scripts/modules/base.js:92:26)
      at Proxy.apply (src/scripts/modules/base.js:92:26)
      at Proxy.apply (src/scripts/modules/base.js:92:26)
      at Object.warn (tests/unit/storage.test.js:11:15)
      at setItem (src/scripts/storage.js:6179:25)
          at Array.forEach (<anonymous>)
      at forEach (src/scripts/storage.js:6172:25)
      at downgradeSafeLocalStorageToMemory (src/scripts/storage.js:16819:5)
      at safeSetLocalStorage (src/scripts/storage.js:17925:7)
      at importAllData (src/scripts/storage.js:17648:7)
      at Object.importAllData (tests/unit/storage.test.js:2835:5)

  console.warn
    MOCK SET: cameraPowerPlanner_setups__backup = {"SnapshotSetup":{"foo":"bar"}}

      61 |       return undefined;
      62 |     }
    > 63 |     return originalFn(...args);
         |            ^
      64 |   };
      65 | };
      66 |

      at console.<anonymous> (tests/setup/jest.setup.cjs:63:12)
      at console.apply [as warn] (src/scripts/modules/base.js:92:26)
      at Proxy.apply (src/scripts/modules/base.js:92:26)
      at Proxy.apply (src/scripts/modules/base.js:92:26)
      at Proxy.apply (src/scripts/modules/base.js:92:26)
      at Object.warn (tests/unit/storage.test.js:11:15)
      at setItem (src/scripts/storage.js:6179:25)
          at Array.forEach (<anonymous>)
      at forEach (src/scripts/storage.js:6172:25)
      at downgradeSafeLocalStorageToMemory (src/scripts/storage.js:16819:5)
      at safeSetLocalStorage (src/scripts/storage.js:17925:7)
      at importAllData (src/scripts/storage.js:17648:7)
      at Object.importAllData (tests/unit/storage.test.js:2835:5)

  console.warn
    MOCK SET: cameraPowerPlanner_session = {"setupName":"  Snapshot Setup  ","motor":["Lens"]

      61 |       return undefined;
      62 |     }
    > 63 |     return originalFn(...args);
         |            ^
      64 |   };
      65 | };
      66 |

      at console.<anonymous> (tests/setup/jest.setup.cjs:63:12)
      at console.apply [as warn] (src/scripts/modules/base.js:92:26)
      at Proxy.apply (src/scripts/modules/base.js:92:26)
      at Proxy.apply (src/scripts/modules/base.js:92:26)
      at Proxy.apply (src/scripts/modules/base.js:92:26)
      at Object.warn (tests/unit/storage.test.js:11:15)
      at setItem (src/scripts/storage.js:6179:25)
          at Array.forEach (<anonymous>)
      at forEach (src/scripts/storage.js:6172:25)
      at downgradeSafeLocalStorageToMemory (src/scripts/storage.js:16819:5)
      at safeSetLocalStorage (src/scripts/storage.js:17925:7)
      at importAllData (src/scripts/storage.js:17648:7)
      at Object.importAllData (tests/unit/storage.test.js:2835:5)

  console.warn
    MOCK SET: cameraPowerPlanner_session__backup = {"setupName":"  Snapshot Setup  ","motor":["Lens"]

      61 |       return undefined;
      62 |     }
    > 63 |     return originalFn(...args);
         |            ^
      64 |   };
      65 | };
      66 |

      at console.<anonymous> (tests/setup/jest.setup.cjs:63:12)
      at console.apply [as warn] (src/scripts/modules/base.js:92:26)
      at Proxy.apply (src/scripts/modules/base.js:92:26)
      at Proxy.apply (src/scripts/modules/base.js:92:26)
      at Proxy.apply (src/scripts/modules/base.js:92:26)
      at Object.warn (tests/unit/storage.test.js:11:15)
      at setItem (src/scripts/storage.js:6179:25)
          at Array.forEach (<anonymous>)
      at forEach (src/scripts/storage.js:6172:25)
      at downgradeSafeLocalStorageToMemory (src/scripts/storage.js:16819:5)
      at safeSetLocalStorage (src/scripts/storage.js:17925:7)
      at importAllData (src/scripts/storage.js:17648:7)
      at Object.importAllData (tests/unit/storage.test.js:2835:5)

  console.warn
    MOCK SET: cameraPowerPlanner_feedback = {"message":"snapshot"}

      61 |       return undefined;
      62 |     }
    > 63 |     return originalFn(...args);
         |            ^
      64 |   };
      65 | };
      66 |

      at console.<anonymous> (tests/setup/jest.setup.cjs:63:12)
      at console.apply [as warn] (src/scripts/modules/base.js:92:26)
      at Proxy.apply (src/scripts/modules/base.js:92:26)
      at Proxy.apply (src/scripts/modules/base.js:92:26)
      at Proxy.apply (src/scripts/modules/base.js:92:26)
      at Object.warn (tests/unit/storage.test.js:11:15)
      at setItem (src/scripts/storage.js:6179:25)
          at Array.forEach (<anonymous>)
      at forEach (src/scripts/storage.js:6172:25)
      at downgradeSafeLocalStorageToMemory (src/scripts/storage.js:16819:5)
      at safeSetLocalStorage (src/scripts/storage.js:17925:7)
      at importAllData (src/scripts/storage.js:17648:7)
      at Object.importAllData (tests/unit/storage.test.js:2835:5)

  console.warn
    MOCK SET: cameraPowerPlanner_feedback__backup = {"message":"snapshot"}

      61 |       return undefined;
      62 |     }
    > 63 |     return originalFn(...args);
         |            ^
      64 |   };
      65 | };
      66 |

      at console.<anonymous> (tests/setup/jest.setup.cjs:63:12)
      at console.apply [as warn] (src/scripts/modules/base.js:92:26)
      at Proxy.apply (src/scripts/modules/base.js:92:26)
      at Proxy.apply (src/scripts/modules/base.js:92:26)
      at Proxy.apply (src/scripts/modules/base.js:92:26)
      at Object.warn (tests/unit/storage.test.js:11:15)
      at setItem (src/scripts/storage.js:6179:25)
          at Array.forEach (<anonymous>)
      at forEach (src/scripts/storage.js:6172:25)
      at downgradeSafeLocalStorageToMemory (src/scripts/storage.js:16819:5)
      at safeSetLocalStorage (src/scripts/storage.js:17925:7)
      at importAllData (src/scripts/storage.js:17648:7)
      at Object.importAllData (tests/unit/storage.test.js:2835:5)

  console.warn
    MOCK SET: cameraPowerPlanner_favorites = {"camera":["Mini"]}

      61 |       return undefined;
      62 |     }
    > 63 |     return originalFn(...args);
         |            ^
      64 |   };
      65 | };
      66 |

      at console.<anonymous> (tests/setup/jest.setup.cjs:63:12)
      at console.apply [as warn] (src/scripts/modules/base.js:92:26)
      at Proxy.apply (src/scripts/modules/base.js:92:26)
      at Proxy.apply (src/scripts/modules/base.js:92:26)
      at Proxy.apply (src/scripts/modules/base.js:92:26)
      at Object.warn (tests/unit/storage.test.js:11:15)
      at setItem (src/scripts/storage.js:6179:25)
          at Array.forEach (<anonymous>)
      at forEach (src/scripts/storage.js:6172:25)
      at downgradeSafeLocalStorageToMemory (src/scripts/storage.js:16819:5)
      at safeSetLocalStorage (src/scripts/storage.js:17925:7)
      at importAllData (src/scripts/storage.js:17648:7)
      at Object.importAllData (tests/unit/storage.test.js:2835:5)

  console.warn
    MOCK SET: cameraPowerPlanner_favorites__backup = {"camera":["Mini"]}

      61 |       return undefined;
      62 |     }
    > 63 |     return originalFn(...args);
         |            ^
      64 |   };
      65 | };
      66 |

      at console.<anonymous> (tests/setup/jest.setup.cjs:63:12)
      at console.apply [as warn] (src/scripts/modules/base.js:92:26)
      at Proxy.apply (src/scripts/modules/base.js:92:26)
      at Proxy.apply (src/scripts/modules/base.js:92:26)
      at Proxy.apply (src/scripts/modules/base.js:92:26)
      at Object.warn (tests/unit/storage.test.js:11:15)
      at setItem (src/scripts/storage.js:6179:25)
          at Array.forEach (<anonymous>)
      at forEach (src/scripts/storage.js:6172:25)
      at downgradeSafeLocalStorageToMemory (src/scripts/storage.js:16819:5)
      at safeSetLocalStorage (src/scripts/storage.js:17925:7)
      at importAllData (src/scripts/storage.js:17648:7)
      at Object.importAllData (tests/unit/storage.test.js:2835:5)

  console.warn
    Downgraded planner storage to sessionStorage after write access errors. ReferenceError: AUTO_GEAR_SHOW_BACKUPS_STORAGE_KEY is not defined
        at AUTO_GEAR_SHOW_BACKUPS_STORAGE_KEY (/Users/lucazanner/Documents/GitHub/cine-power-planner/src/scripts/storage.js:16809:9)
        at safeSetLocalStorage (/Users/lucazanner/Documents/GitHub/cine-power-planner/src/scripts/storage.js:17925:7)
        at importAllData (/Users/lucazanner/Documents/GitHub/cine-power-planner/src/scripts/storage.js:17648:7)
        at Object.importAllData (/Users/lucazanner/Documents/GitHub/cine-power-planner/tests/unit/storage.test.js:2835:5)
        at Promise.finally.completed (/Users/lucazanner/Documents/GitHub/cine-power-planner/node_modules/jest-circus/build/jestAdapterInit.js:1557:28)
        at new Promise (<anonymous>)
        at callAsyncCircusFn (/Users/lucazanner/Documents/GitHub/cine-power-planner/node_modules/jest-circus/build/jestAdapterInit.js:1497:10)
        at _callCircusTest (/Users/lucazanner/Documents/GitHub/cine-power-planner/node_modules/jest-circus/build/jestAdapterInit.js:1007:40)
        at _runTest (/Users/lucazanner/Documents/GitHub/cine-power-planner/node_modules/jest-circus/build/jestAdapterInit.js:947:3)
        at /Users/lucazanner/Documents/GitHub/cine-power-planner/node_modules/jest-circus/build/jestAdapterInit.js:849:7
        at _runTestsForDescribeBlock (/Users/lucazanner/Documents/GitHub/cine-power-planner/node_modules/jest-circus/build/jestAdapterInit.js:862:11)
        at _runTestsForDescribeBlock (/Users/lucazanner/Documents/GitHub/cine-power-planner/node_modules/jest-circus/build/jestAdapterInit.js:857:11)
        at run (/Users/lucazanner/Documents/GitHub/cine-power-planner/node_modules/jest-circus/build/jestAdapterInit.js:761:3)
        at runAndTransformResultsToJestFormat (/Users/lucazanner/Documents/GitHub/cine-power-planner/node_modules/jest-circus/build/jestAdapterInit.js:1918:21)
        at jestAdapter (/Users/lucazanner/Documents/GitHub/cine-power-planner/node_modules/jest-circus/build/runner.js:101:19)
        at runTestInternal (/Users/lucazanner/Documents/GitHub/cine-power-planner/node_modules/jest-runner/build/index.js:275:16)
        at runTest (/Users/lucazanner/Documents/GitHub/cine-power-planner/node_modules/jest-runner/build/index.js:343:7)

      61 |       return undefined;
      62 |     }
    > 63 |     return originalFn(...args);
         |            ^
      64 |   };
      65 | };
      66 |

      at console.<anonymous> (tests/setup/jest.setup.cjs:63:12)
      at console.apply [as warn] (src/scripts/modules/base.js:92:26)
      at Proxy.apply (src/scripts/modules/base.js:92:26)
      at Proxy.apply (src/scripts/modules/base.js:92:26)
      at Proxy.apply (src/scripts/modules/base.js:92:26)
      at warn (src/scripts/storage.js:6193:11)
      at downgradeSafeLocalStorageToMemory (src/scripts/storage.js:16819:5)
      at safeSetLocalStorage (src/scripts/storage.js:17925:7)
      at importAllData (src/scripts/storage.js:17648:7)
      at Object.importAllData (tests/unit/storage.test.js:2835:5)

  console.warn
    MOCK SET: __storage_test__ = 1

      61 |       return undefined;
      62 |     }
    > 63 |     return originalFn(...args);
         |            ^
      64 |   };
      65 | };
      66 |

      at console.<anonymous> (tests/setup/jest.setup.cjs:63:12)
      at console.apply [as warn] (src/scripts/modules/base.js:92:26)
      at Proxy.apply (src/scripts/modules/base.js:92:26)
      at Proxy.apply (src/scripts/modules/base.js:92:26)
      at Proxy.apply (src/scripts/modules/base.js:92:26)
      at Object.warn (tests/unit/storage.test.js:11:15)
      at setItem (src/scripts/storage.js:5846:13)
      at verifyStorage (src/scripts/storage.js:6228:18)
      at attemptLocalStorageUpgrade (src/scripts/storage.js:6286:5)
      at getSafeLocalStorage (src/scripts/storage.js:16652:19)
      at safeSetLocalStorage (src/scripts/storage.js:17934:9)
      at importAllData (src/scripts/storage.js:17648:7)
      at Object.importAllData (tests/unit/storage.test.js:2835:5)

  console.log
    DEBUG: getSafeLocalStorage returning object

      at Proxy.apply (src/scripts/modules/base.js:92:26)

  console.error
    DEBUG: safeSetLocalStorage EXEC cameraPowerPlanner_customFonts [{"id":"snap-font","name":"Snapshot Font","data":"data:font/woff;base64,AAAA"}]

      61 |       return undefined;
      62 |     }
    > 63 |     return originalFn(...args);
         |            ^
      64 |   };
      65 | };
      66 |

      at console.<anonymous> (tests/setup/jest.setup.cjs:63:12)
      at Proxy.apply (src/scripts/modules/base.js:92:26)
      at error (src/scripts/storage.js:16657:11)
      at safeSetLocalStorage (src/scripts/storage.js:17934:9)
      at importAllData (src/scripts/storage.js:17648:7)
      at Object.importAllData (tests/unit/storage.test.js:2835:5)

  console.log
    DEBUG: isIndexedDB calculated: true

      at Proxy.apply (src/scripts/modules/base.js:92:26)

  console.warn
    Unable to persist storage key during import cameraPowerPlanner_customFonts ReferenceError: AUTO_GEAR_SHOW_BACKUPS_STORAGE_KEY is not defined
        at AUTO_GEAR_SHOW_BACKUPS_STORAGE_KEY (/Users/lucazanner/Documents/GitHub/cine-power-planner/src/scripts/storage.js:16809:9)
        at safeSetLocalStorage (/Users/lucazanner/Documents/GitHub/cine-power-planner/src/scripts/storage.js:17934:9)
        at importAllData (/Users/lucazanner/Documents/GitHub/cine-power-planner/src/scripts/storage.js:17648:7)
        at Object.importAllData (/Users/lucazanner/Documents/GitHub/cine-power-planner/tests/unit/storage.test.js:2835:5)
        at Promise.finally.completed (/Users/lucazanner/Documents/GitHub/cine-power-planner/node_modules/jest-circus/build/jestAdapterInit.js:1557:28)
        at new Promise (<anonymous>)
        at callAsyncCircusFn (/Users/lucazanner/Documents/GitHub/cine-power-planner/node_modules/jest-circus/build/jestAdapterInit.js:1497:10)
        at _callCircusTest (/Users/lucazanner/Documents/GitHub/cine-power-planner/node_modules/jest-circus/build/jestAdapterInit.js:1007:40)
        at _runTest (/Users/lucazanner/Documents/GitHub/cine-power-planner/node_modules/jest-circus/build/jestAdapterInit.js:947:3)
        at /Users/lucazanner/Documents/GitHub/cine-power-planner/node_modules/jest-circus/build/jestAdapterInit.js:849:7
        at _runTestsForDescribeBlock (/Users/lucazanner/Documents/GitHub/cine-power-planner/node_modules/jest-circus/build/jestAdapterInit.js:862:11)
        at _runTestsForDescribeBlock (/Users/lucazanner/Documents/GitHub/cine-power-planner/node_modules/jest-circus/build/jestAdapterInit.js:857:11)
        at run (/Users/lucazanner/Documents/GitHub/cine-power-planner/node_modules/jest-circus/build/jestAdapterInit.js:761:3)
        at runAndTransformResultsToJestFormat (/Users/lucazanner/Documents/GitHub/cine-power-planner/node_modules/jest-circus/build/jestAdapterInit.js:1918:21)
        at jestAdapter (/Users/lucazanner/Documents/GitHub/cine-power-planner/node_modules/jest-circus/build/runner.js:101:19)
        at runTestInternal (/Users/lucazanner/Documents/GitHub/cine-power-planner/node_modules/jest-runner/build/index.js:275:16)
        at runTest (/Users/lucazanner/Documents/GitHub/cine-power-planner/node_modules/jest-runner/build/index.js:343:7)

      61 |       return undefined;
      62 |     }
    > 63 |     return originalFn(...args);
         |            ^
      64 |   };
      65 | };
      66 |

      at console.<anonymous> (tests/setup/jest.setup.cjs:63:12)
      at console.apply [as warn] (src/scripts/modules/base.js:92:26)
      at Proxy.apply (src/scripts/modules/base.js:92:26)
      at Proxy.apply (src/scripts/modules/base.js:92:26)
      at Proxy.apply (src/scripts/modules/base.js:92:26)
      at warn (src/scripts/storage.js:16818:13)
      at safeSetLocalStorage (src/scripts/storage.js:17934:9)
      at importAllData (src/scripts/storage.js:17648:7)
      at Object.importAllData (tests/unit/storage.test.js:2835:5)

  console.warn
    MOCK SET: __storage_test__ = 1

      61 |       return undefined;
      62 |     }
    > 63 |     return originalFn(...args);
         |            ^
      64 |   };
      65 | };
      66 |

      at console.<anonymous> (tests/setup/jest.setup.cjs:63:12)
      at console.apply [as warn] (src/scripts/modules/base.js:92:26)
      at Proxy.apply (src/scripts/modules/base.js:92:26)
      at Proxy.apply (src/scripts/modules/base.js:92:26)
      at Proxy.apply (src/scripts/modules/base.js:92:26)
      at Object.warn (tests/unit/storage.test.js:11:15)
      at setItem (src/scripts/storage.js:5846:13)
      at verifyStorage (src/scripts/storage.js:6155:26)
      at downgradeSafeLocalStorageToMemory (src/scripts/storage.js:16819:5)
      at safeSetLocalStorage (src/scripts/storage.js:17934:9)
      at importAllData (src/scripts/storage.js:17648:7)
      at Object.importAllData (tests/unit/storage.test.js:2835:5)

  console.warn
    MOCK SET: cameraPowerPlanner_devices = {"cameras":{},"monitors":{},"video":{},"viewfinder

      61 |       return undefined;
      62 |     }
    > 63 |     return originalFn(...args);
         |            ^
      64 |   };
      65 | };
      66 |

      at console.<anonymous> (tests/setup/jest.setup.cjs:63:12)
      at console.apply [as warn] (src/scripts/modules/base.js:92:26)
      at Proxy.apply (src/scripts/modules/base.js:92:26)
      at Proxy.apply (src/scripts/modules/base.js:92:26)
      at Proxy.apply (src/scripts/modules/base.js:92:26)
      at Object.warn (tests/unit/storage.test.js:11:15)
      at setItem (src/scripts/storage.js:6179:25)
          at Array.forEach (<anonymous>)
      at forEach (src/scripts/storage.js:6172:25)
      at downgradeSafeLocalStorageToMemory (src/scripts/storage.js:16819:5)
      at safeSetLocalStorage (src/scripts/storage.js:17934:9)
      at importAllData (src/scripts/storage.js:17648:7)
      at Object.importAllData (tests/unit/storage.test.js:2835:5)

  console.warn
    MOCK SET: cameraPowerPlanner_devices__backup = {"cameras":{},"monitors":{},"video":{},"viewfinder

      61 |       return undefined;
      62 |     }
    > 63 |     return originalFn(...args);
         |            ^
      64 |   };
      65 | };
      66 |

      at console.<anonymous> (tests/setup/jest.setup.cjs:63:12)
      at console.apply [as warn] (src/scripts/modules/base.js:92:26)
      at Proxy.apply (src/scripts/modules/base.js:92:26)
      at Proxy.apply (src/scripts/modules/base.js:92:26)
      at Proxy.apply (src/scripts/modules/base.js:92:26)
      at Object.warn (tests/unit/storage.test.js:11:15)
      at setItem (src/scripts/storage.js:6179:25)
          at Array.forEach (<anonymous>)
      at forEach (src/scripts/storage.js:6172:25)
      at downgradeSafeLocalStorageToMemory (src/scripts/storage.js:16819:5)
      at safeSetLocalStorage (src/scripts/storage.js:17934:9)
      at importAllData (src/scripts/storage.js:17648:7)
      at Object.importAllData (tests/unit/storage.test.js:2835:5)

  console.warn
    MOCK SET: cameraPowerPlanner_setups = {"SnapshotSetup":{"foo":"bar"}}

      61 |       return undefined;
      62 |     }
    > 63 |     return originalFn(...args);
         |            ^
      64 |   };
      65 | };
      66 |

      at console.<anonymous> (tests/setup/jest.setup.cjs:63:12)
      at console.apply [as warn] (src/scripts/modules/base.js:92:26)
      at Proxy.apply (src/scripts/modules/base.js:92:26)
      at Proxy.apply (src/scripts/modules/base.js:92:26)
      at Proxy.apply (src/scripts/modules/base.js:92:26)
      at Object.warn (tests/unit/storage.test.js:11:15)
      at setItem (src/scripts/storage.js:6179:25)
          at Array.forEach (<anonymous>)
      at forEach (src/scripts/storage.js:6172:25)
      at downgradeSafeLocalStorageToMemory (src/scripts/storage.js:16819:5)
      at safeSetLocalStorage (src/scripts/storage.js:17934:9)
      at importAllData (src/scripts/storage.js:17648:7)
      at Object.importAllData (tests/unit/storage.test.js:2835:5)

  console.warn
    MOCK SET: cameraPowerPlanner_setups__backup = {"SnapshotSetup":{"foo":"bar"}}

      61 |       return undefined;
      62 |     }
    > 63 |     return originalFn(...args);
         |            ^
      64 |   };
      65 | };
      66 |

      at console.<anonymous> (tests/setup/jest.setup.cjs:63:12)
      at console.apply [as warn] (src/scripts/modules/base.js:92:26)
      at Proxy.apply (src/scripts/modules/base.js:92:26)
      at Proxy.apply (src/scripts/modules/base.js:92:26)
      at Proxy.apply (src/scripts/modules/base.js:92:26)
      at Object.warn (tests/unit/storage.test.js:11:15)
      at setItem (src/scripts/storage.js:6179:25)
          at Array.forEach (<anonymous>)
      at forEach (src/scripts/storage.js:6172:25)
      at downgradeSafeLocalStorageToMemory (src/scripts/storage.js:16819:5)
      at safeSetLocalStorage (src/scripts/storage.js:17934:9)
      at importAllData (src/scripts/storage.js:17648:7)
      at Object.importAllData (tests/unit/storage.test.js:2835:5)

  console.warn
    MOCK SET: cameraPowerPlanner_session = {"setupName":"  Snapshot Setup  ","motor":["Lens"]

      61 |       return undefined;
      62 |     }
    > 63 |     return originalFn(...args);
         |            ^
      64 |   };
      65 | };
      66 |

      at console.<anonymous> (tests/setup/jest.setup.cjs:63:12)
      at console.apply [as warn] (src/scripts/modules/base.js:92:26)
      at Proxy.apply (src/scripts/modules/base.js:92:26)
      at Proxy.apply (src/scripts/modules/base.js:92:26)
      at Proxy.apply (src/scripts/modules/base.js:92:26)
      at Object.warn (tests/unit/storage.test.js:11:15)
      at setItem (src/scripts/storage.js:6179:25)
          at Array.forEach (<anonymous>)
      at forEach (src/scripts/storage.js:6172:25)
      at downgradeSafeLocalStorageToMemory (src/scripts/storage.js:16819:5)
      at safeSetLocalStorage (src/scripts/storage.js:17934:9)
      at importAllData (src/scripts/storage.js:17648:7)
      at Object.importAllData (tests/unit/storage.test.js:2835:5)

  console.warn
    MOCK SET: cameraPowerPlanner_session__backup = {"setupName":"  Snapshot Setup  ","motor":["Lens"]

      61 |       return undefined;
      62 |     }
    > 63 |     return originalFn(...args);
         |            ^
      64 |   };
      65 | };
      66 |

      at console.<anonymous> (tests/setup/jest.setup.cjs:63:12)
      at console.apply [as warn] (src/scripts/modules/base.js:92:26)
      at Proxy.apply (src/scripts/modules/base.js:92:26)
      at Proxy.apply (src/scripts/modules/base.js:92:26)
      at Proxy.apply (src/scripts/modules/base.js:92:26)
      at Object.warn (tests/unit/storage.test.js:11:15)
      at setItem (src/scripts/storage.js:6179:25)
          at Array.forEach (<anonymous>)
      at forEach (src/scripts/storage.js:6172:25)
      at downgradeSafeLocalStorageToMemory (src/scripts/storage.js:16819:5)
      at safeSetLocalStorage (src/scripts/storage.js:17934:9)
      at importAllData (src/scripts/storage.js:17648:7)
      at Object.importAllData (tests/unit/storage.test.js:2835:5)

  console.warn
    MOCK SET: cameraPowerPlanner_feedback = {"message":"snapshot"}

      61 |       return undefined;
      62 |     }
    > 63 |     return originalFn(...args);
         |            ^
      64 |   };
      65 | };
      66 |

      at console.<anonymous> (tests/setup/jest.setup.cjs:63:12)
      at console.apply [as warn] (src/scripts/modules/base.js:92:26)
      at Proxy.apply (src/scripts/modules/base.js:92:26)
      at Proxy.apply (src/scripts/modules/base.js:92:26)
      at Proxy.apply (src/scripts/modules/base.js:92:26)
      at Object.warn (tests/unit/storage.test.js:11:15)
      at setItem (src/scripts/storage.js:6179:25)
          at Array.forEach (<anonymous>)
      at forEach (src/scripts/storage.js:6172:25)
      at downgradeSafeLocalStorageToMemory (src/scripts/storage.js:16819:5)
      at safeSetLocalStorage (src/scripts/storage.js:17934:9)
      at importAllData (src/scripts/storage.js:17648:7)
      at Object.importAllData (tests/unit/storage.test.js:2835:5)

  console.warn
    MOCK SET: cameraPowerPlanner_feedback__backup = {"message":"snapshot"}

      61 |       return undefined;
      62 |     }
    > 63 |     return originalFn(...args);
         |            ^
      64 |   };
      65 | };
      66 |

      at console.<anonymous> (tests/setup/jest.setup.cjs:63:12)
      at console.apply [as warn] (src/scripts/modules/base.js:92:26)
      at Proxy.apply (src/scripts/modules/base.js:92:26)
      at Proxy.apply (src/scripts/modules/base.js:92:26)
      at Proxy.apply (src/scripts/modules/base.js:92:26)
      at Object.warn (tests/unit/storage.test.js:11:15)
      at setItem (src/scripts/storage.js:6179:25)
          at Array.forEach (<anonymous>)
      at forEach (src/scripts/storage.js:6172:25)
      at downgradeSafeLocalStorageToMemory (src/scripts/storage.js:16819:5)
      at safeSetLocalStorage (src/scripts/storage.js:17934:9)
      at importAllData (src/scripts/storage.js:17648:7)
      at Object.importAllData (tests/unit/storage.test.js:2835:5)

  console.warn
    MOCK SET: cameraPowerPlanner_favorites = {"camera":["Mini"]}

      61 |       return undefined;
      62 |     }
    > 63 |     return originalFn(...args);
         |            ^
      64 |   };
      65 | };
      66 |

      at console.<anonymous> (tests/setup/jest.setup.cjs:63:12)
      at console.apply [as warn] (src/scripts/modules/base.js:92:26)
      at Proxy.apply (src/scripts/modules/base.js:92:26)
      at Proxy.apply (src/scripts/modules/base.js:92:26)
      at Proxy.apply (src/scripts/modules/base.js:92:26)
      at Object.warn (tests/unit/storage.test.js:11:15)
      at setItem (src/scripts/storage.js:6179:25)
          at Array.forEach (<anonymous>)
      at forEach (src/scripts/storage.js:6172:25)
      at downgradeSafeLocalStorageToMemory (src/scripts/storage.js:16819:5)
      at safeSetLocalStorage (src/scripts/storage.js:17934:9)
      at importAllData (src/scripts/storage.js:17648:7)
      at Object.importAllData (tests/unit/storage.test.js:2835:5)

  console.warn
    MOCK SET: cameraPowerPlanner_favorites__backup = {"camera":["Mini"]}

      61 |       return undefined;
      62 |     }
    > 63 |     return originalFn(...args);
         |            ^
      64 |   };
      65 | };
      66 |

      at console.<anonymous> (tests/setup/jest.setup.cjs:63:12)
      at console.apply [as warn] (src/scripts/modules/base.js:92:26)
      at Proxy.apply (src/scripts/modules/base.js:92:26)
      at Proxy.apply (src/scripts/modules/base.js:92:26)
      at Proxy.apply (src/scripts/modules/base.js:92:26)
      at Object.warn (tests/unit/storage.test.js:11:15)
      at setItem (src/scripts/storage.js:6179:25)
          at Array.forEach (<anonymous>)
      at forEach (src/scripts/storage.js:6172:25)
      at downgradeSafeLocalStorageToMemory (src/scripts/storage.js:16819:5)
      at safeSetLocalStorage (src/scripts/storage.js:17934:9)
      at importAllData (src/scripts/storage.js:17648:7)
      at Object.importAllData (tests/unit/storage.test.js:2835:5)

  console.warn
    Downgraded planner storage to sessionStorage after write access errors. ReferenceError: AUTO_GEAR_SHOW_BACKUPS_STORAGE_KEY is not defined
        at AUTO_GEAR_SHOW_BACKUPS_STORAGE_KEY (/Users/lucazanner/Documents/GitHub/cine-power-planner/src/scripts/storage.js:16809:9)
        at safeSetLocalStorage (/Users/lucazanner/Documents/GitHub/cine-power-planner/src/scripts/storage.js:17934:9)
        at importAllData (/Users/lucazanner/Documents/GitHub/cine-power-planner/src/scripts/storage.js:17648:7)
        at Object.importAllData (/Users/lucazanner/Documents/GitHub/cine-power-planner/tests/unit/storage.test.js:2835:5)
        at Promise.finally.completed (/Users/lucazanner/Documents/GitHub/cine-power-planner/node_modules/jest-circus/build/jestAdapterInit.js:1557:28)
        at new Promise (<anonymous>)
        at callAsyncCircusFn (/Users/lucazanner/Documents/GitHub/cine-power-planner/node_modules/jest-circus/build/jestAdapterInit.js:1497:10)
        at _callCircusTest (/Users/lucazanner/Documents/GitHub/cine-power-planner/node_modules/jest-circus/build/jestAdapterInit.js:1007:40)
        at _runTest (/Users/lucazanner/Documents/GitHub/cine-power-planner/node_modules/jest-circus/build/jestAdapterInit.js:947:3)
        at /Users/lucazanner/Documents/GitHub/cine-power-planner/node_modules/jest-circus/build/jestAdapterInit.js:849:7
        at _runTestsForDescribeBlock (/Users/lucazanner/Documents/GitHub/cine-power-planner/node_modules/jest-circus/build/jestAdapterInit.js:862:11)
        at _runTestsForDescribeBlock (/Users/lucazanner/Documents/GitHub/cine-power-planner/node_modules/jest-circus/build/jestAdapterInit.js:857:11)
        at run (/Users/lucazanner/Documents/GitHub/cine-power-planner/node_modules/jest-circus/build/jestAdapterInit.js:761:3)
        at runAndTransformResultsToJestFormat (/Users/lucazanner/Documents/GitHub/cine-power-planner/node_modules/jest-circus/build/jestAdapterInit.js:1918:21)
        at jestAdapter (/Users/lucazanner/Documents/GitHub/cine-power-planner/node_modules/jest-circus/build/runner.js:101:19)
        at runTestInternal (/Users/lucazanner/Documents/GitHub/cine-power-planner/node_modules/jest-runner/build/index.js:275:16)
        at runTest (/Users/lucazanner/Documents/GitHub/cine-power-planner/node_modules/jest-runner/build/index.js:343:7)

      61 |       return undefined;
      62 |     }
    > 63 |     return originalFn(...args);
         |            ^
      64 |   };
      65 | };
      66 |

      at console.<anonymous> (tests/setup/jest.setup.cjs:63:12)
      at console.apply [as warn] (src/scripts/modules/base.js:92:26)
      at Proxy.apply (src/scripts/modules/base.js:92:26)
      at Proxy.apply (src/scripts/modules/base.js:92:26)
      at Proxy.apply (src/scripts/modules/base.js:92:26)
      at warn (src/scripts/storage.js:6193:11)
      at downgradeSafeLocalStorageToMemory (src/scripts/storage.js:16819:5)
      at safeSetLocalStorage (src/scripts/storage.js:17934:9)
      at importAllData (src/scripts/storage.js:17648:7)
      at Object.importAllData (tests/unit/storage.test.js:2835:5)

  console.warn
    MOCK SET: __storage_test__ = 1

      61 |       return undefined;
      62 |     }
    > 63 |     return originalFn(...args);
         |            ^
      64 |   };
      65 | };
      66 |

      at console.<anonymous> (tests/setup/jest.setup.cjs:63:12)
      at console.apply [as warn] (src/scripts/modules/base.js:92:26)
      at Proxy.apply (src/scripts/modules/base.js:92:26)
      at Proxy.apply (src/scripts/modules/base.js:92:26)
      at Proxy.apply (src/scripts/modules/base.js:92:26)
      at Object.warn (tests/unit/storage.test.js:11:15)
      at setItem (src/scripts/storage.js:5846:13)
      at verifyStorage (src/scripts/storage.js:6228:18)
      at attemptLocalStorageUpgrade (src/scripts/storage.js:6286:5)
      at getSafeLocalStorage (src/scripts/storage.js:16652:19)
      at safeSetLocalStorage (src/scripts/storage.js:17948:7)
      at importAllData (src/scripts/storage.js:17648:7)
      at Object.importAllData (tests/unit/storage.test.js:2835:5)

  console.log
    DEBUG: getSafeLocalStorage returning object

      at Proxy.apply (src/scripts/modules/base.js:92:26)

  console.error
    DEBUG: safeSetLocalStorage EXEC cameraPowerPlanner_schemaCache {"version":1}

      61 |       return undefined;
      62 |     }
    > 63 |     return originalFn(...args);
         |            ^
      64 |   };
      65 | };
      66 |

      at console.<anonymous> (tests/setup/jest.setup.cjs:63:12)
      at Proxy.apply (src/scripts/modules/base.js:92:26)
      at error (src/scripts/storage.js:16657:11)
      at safeSetLocalStorage (src/scripts/storage.js:17948:7)
      at importAllData (src/scripts/storage.js:17648:7)
      at Object.importAllData (tests/unit/storage.test.js:2835:5)

  console.log
    DEBUG: isIndexedDB calculated: true

      at Proxy.apply (src/scripts/modules/base.js:92:26)

  console.warn
    Unable to persist storage key during import cameraPowerPlanner_schemaCache ReferenceError: AUTO_GEAR_SHOW_BACKUPS_STORAGE_KEY is not defined
        at AUTO_GEAR_SHOW_BACKUPS_STORAGE_KEY (/Users/lucazanner/Documents/GitHub/cine-power-planner/src/scripts/storage.js:16809:9)
        at safeSetLocalStorage (/Users/lucazanner/Documents/GitHub/cine-power-planner/src/scripts/storage.js:17948:7)
        at importAllData (/Users/lucazanner/Documents/GitHub/cine-power-planner/src/scripts/storage.js:17648:7)
        at Object.importAllData (/Users/lucazanner/Documents/GitHub/cine-power-planner/tests/unit/storage.test.js:2835:5)
        at Promise.finally.completed (/Users/lucazanner/Documents/GitHub/cine-power-planner/node_modules/jest-circus/build/jestAdapterInit.js:1557:28)
        at new Promise (<anonymous>)
        at callAsyncCircusFn (/Users/lucazanner/Documents/GitHub/cine-power-planner/node_modules/jest-circus/build/jestAdapterInit.js:1497:10)
        at _callCircusTest (/Users/lucazanner/Documents/GitHub/cine-power-planner/node_modules/jest-circus/build/jestAdapterInit.js:1007:40)
        at _runTest (/Users/lucazanner/Documents/GitHub/cine-power-planner/node_modules/jest-circus/build/jestAdapterInit.js:947:3)
        at /Users/lucazanner/Documents/GitHub/cine-power-planner/node_modules/jest-circus/build/jestAdapterInit.js:849:7
        at _runTestsForDescribeBlock (/Users/lucazanner/Documents/GitHub/cine-power-planner/node_modules/jest-circus/build/jestAdapterInit.js:862:11)
        at _runTestsForDescribeBlock (/Users/lucazanner/Documents/GitHub/cine-power-planner/node_modules/jest-circus/build/jestAdapterInit.js:857:11)
        at run (/Users/lucazanner/Documents/GitHub/cine-power-planner/node_modules/jest-circus/build/jestAdapterInit.js:761:3)
        at runAndTransformResultsToJestFormat (/Users/lucazanner/Documents/GitHub/cine-power-planner/node_modules/jest-circus/build/jestAdapterInit.js:1918:21)
        at jestAdapter (/Users/lucazanner/Documents/GitHub/cine-power-planner/node_modules/jest-circus/build/runner.js:101:19)
        at runTestInternal (/Users/lucazanner/Documents/GitHub/cine-power-planner/node_modules/jest-runner/build/index.js:275:16)
        at runTest (/Users/lucazanner/Documents/GitHub/cine-power-planner/node_modules/jest-runner/build/index.js:343:7)

      61 |       return undefined;
      62 |     }
    > 63 |     return originalFn(...args);
         |            ^
      64 |   };
      65 | };
      66 |

      at console.<anonymous> (tests/setup/jest.setup.cjs:63:12)
      at console.apply [as warn] (src/scripts/modules/base.js:92:26)
      at Proxy.apply (src/scripts/modules/base.js:92:26)
      at Proxy.apply (src/scripts/modules/base.js:92:26)
      at Proxy.apply (src/scripts/modules/base.js:92:26)
      at warn (src/scripts/storage.js:16818:13)
      at safeSetLocalStorage (src/scripts/storage.js:17948:7)
      at importAllData (src/scripts/storage.js:17648:7)
      at Object.importAllData (tests/unit/storage.test.js:2835:5)

  console.warn
    MOCK SET: __storage_test__ = 1

      61 |       return undefined;
      62 |     }
    > 63 |     return originalFn(...args);
         |            ^
      64 |   };
      65 | };
      66 |

      at console.<anonymous> (tests/setup/jest.setup.cjs:63:12)
      at console.apply [as warn] (src/scripts/modules/base.js:92:26)
      at Proxy.apply (src/scripts/modules/base.js:92:26)
      at Proxy.apply (src/scripts/modules/base.js:92:26)
      at Proxy.apply (src/scripts/modules/base.js:92:26)
      at Object.warn (tests/unit/storage.test.js:11:15)
      at setItem (src/scripts/storage.js:5846:13)
      at verifyStorage (src/scripts/storage.js:6155:26)
      at downgradeSafeLocalStorageToMemory (src/scripts/storage.js:16819:5)
      at safeSetLocalStorage (src/scripts/storage.js:17948:7)
      at importAllData (src/scripts/storage.js:17648:7)
      at Object.importAllData (tests/unit/storage.test.js:2835:5)

  console.warn
    MOCK SET: cameraPowerPlanner_devices = {"cameras":{},"monitors":{},"video":{},"viewfinder

      61 |       return undefined;
      62 |     }
    > 63 |     return originalFn(...args);
         |            ^
      64 |   };
      65 | };
      66 |

      at console.<anonymous> (tests/setup/jest.setup.cjs:63:12)
      at console.apply [as warn] (src/scripts/modules/base.js:92:26)
      at Proxy.apply (src/scripts/modules/base.js:92:26)
      at Proxy.apply (src/scripts/modules/base.js:92:26)
      at Proxy.apply (src/scripts/modules/base.js:92:26)
      at Object.warn (tests/unit/storage.test.js:11:15)
      at setItem (src/scripts/storage.js:6179:25)
          at Array.forEach (<anonymous>)
      at forEach (src/scripts/storage.js:6172:25)
      at downgradeSafeLocalStorageToMemory (src/scripts/storage.js:16819:5)
      at safeSetLocalStorage (src/scripts/storage.js:17948:7)
      at importAllData (src/scripts/storage.js:17648:7)
      at Object.importAllData (tests/unit/storage.test.js:2835:5)

  console.warn
    MOCK SET: cameraPowerPlanner_devices__backup = {"cameras":{},"monitors":{},"video":{},"viewfinder

      61 |       return undefined;
      62 |     }
    > 63 |     return originalFn(...args);
         |            ^
      64 |   };
      65 | };
      66 |

      at console.<anonymous> (tests/setup/jest.setup.cjs:63:12)
      at console.apply [as warn] (src/scripts/modules/base.js:92:26)
      at Proxy.apply (src/scripts/modules/base.js:92:26)
      at Proxy.apply (src/scripts/modules/base.js:92:26)
      at Proxy.apply (src/scripts/modules/base.js:92:26)
      at Object.warn (tests/unit/storage.test.js:11:15)
      at setItem (src/scripts/storage.js:6179:25)
          at Array.forEach (<anonymous>)
      at forEach (src/scripts/storage.js:6172:25)
      at downgradeSafeLocalStorageToMemory (src/scripts/storage.js:16819:5)
      at safeSetLocalStorage (src/scripts/storage.js:17948:7)
      at importAllData (src/scripts/storage.js:17648:7)
      at Object.importAllData (tests/unit/storage.test.js:2835:5)

  console.warn
    MOCK SET: cameraPowerPlanner_setups = {"SnapshotSetup":{"foo":"bar"}}

      61 |       return undefined;
      62 |     }
    > 63 |     return originalFn(...args);
         |            ^
      64 |   };
      65 | };
      66 |

      at console.<anonymous> (tests/setup/jest.setup.cjs:63:12)
      at console.apply [as warn] (src/scripts/modules/base.js:92:26)
      at Proxy.apply (src/scripts/modules/base.js:92:26)
      at Proxy.apply (src/scripts/modules/base.js:92:26)
      at Proxy.apply (src/scripts/modules/base.js:92:26)
      at Object.warn (tests/unit/storage.test.js:11:15)
      at setItem (src/scripts/storage.js:6179:25)
          at Array.forEach (<anonymous>)
      at forEach (src/scripts/storage.js:6172:25)
      at downgradeSafeLocalStorageToMemory (src/scripts/storage.js:16819:5)
      at safeSetLocalStorage (src/scripts/storage.js:17948:7)
      at importAllData (src/scripts/storage.js:17648:7)
      at Object.importAllData (tests/unit/storage.test.js:2835:5)

  console.warn
    MOCK SET: cameraPowerPlanner_setups__backup = {"SnapshotSetup":{"foo":"bar"}}

      61 |       return undefined;
      62 |     }
    > 63 |     return originalFn(...args);
         |            ^
      64 |   };
      65 | };
      66 |

      at console.<anonymous> (tests/setup/jest.setup.cjs:63:12)
      at console.apply [as warn] (src/scripts/modules/base.js:92:26)
      at Proxy.apply (src/scripts/modules/base.js:92:26)
      at Proxy.apply (src/scripts/modules/base.js:92:26)
      at Proxy.apply (src/scripts/modules/base.js:92:26)
      at Object.warn (tests/unit/storage.test.js:11:15)
      at setItem (src/scripts/storage.js:6179:25)
          at Array.forEach (<anonymous>)
      at forEach (src/scripts/storage.js:6172:25)
      at downgradeSafeLocalStorageToMemory (src/scripts/storage.js:16819:5)
      at safeSetLocalStorage (src/scripts/storage.js:17948:7)
      at importAllData (src/scripts/storage.js:17648:7)
      at Object.importAllData (tests/unit/storage.test.js:2835:5)

  console.warn
    MOCK SET: cameraPowerPlanner_session = {"setupName":"  Snapshot Setup  ","motor":["Lens"]

      61 |       return undefined;
      62 |     }
    > 63 |     return originalFn(...args);
         |            ^
      64 |   };
      65 | };
      66 |

      at console.<anonymous> (tests/setup/jest.setup.cjs:63:12)
      at console.apply [as warn] (src/scripts/modules/base.js:92:26)
      at Proxy.apply (src/scripts/modules/base.js:92:26)
      at Proxy.apply (src/scripts/modules/base.js:92:26)
      at Proxy.apply (src/scripts/modules/base.js:92:26)
      at Object.warn (tests/unit/storage.test.js:11:15)
      at setItem (src/scripts/storage.js:6179:25)
          at Array.forEach (<anonymous>)
      at forEach (src/scripts/storage.js:6172:25)
      at downgradeSafeLocalStorageToMemory (src/scripts/storage.js:16819:5)
      at safeSetLocalStorage (src/scripts/storage.js:17948:7)
      at importAllData (src/scripts/storage.js:17648:7)
      at Object.importAllData (tests/unit/storage.test.js:2835:5)

  console.warn
    MOCK SET: cameraPowerPlanner_session__backup = {"setupName":"  Snapshot Setup  ","motor":["Lens"]

      61 |       return undefined;
      62 |     }
    > 63 |     return originalFn(...args);
         |            ^
      64 |   };
      65 | };
      66 |

      at console.<anonymous> (tests/setup/jest.setup.cjs:63:12)
      at console.apply [as warn] (src/scripts/modules/base.js:92:26)
      at Proxy.apply (src/scripts/modules/base.js:92:26)
      at Proxy.apply (src/scripts/modules/base.js:92:26)
      at Proxy.apply (src/scripts/modules/base.js:92:26)
      at Object.warn (tests/unit/storage.test.js:11:15)
      at setItem (src/scripts/storage.js:6179:25)
          at Array.forEach (<anonymous>)
      at forEach (src/scripts/storage.js:6172:25)
      at downgradeSafeLocalStorageToMemory (src/scripts/storage.js:16819:5)
      at safeSetLocalStorage (src/scripts/storage.js:17948:7)
      at importAllData (src/scripts/storage.js:17648:7)
      at Object.importAllData (tests/unit/storage.test.js:2835:5)

  console.warn
    MOCK SET: cameraPowerPlanner_feedback = {"message":"snapshot"}

      61 |       return undefined;
      62 |     }
    > 63 |     return originalFn(...args);
         |            ^
      64 |   };
      65 | };
      66 |

      at console.<anonymous> (tests/setup/jest.setup.cjs:63:12)
      at console.apply [as warn] (src/scripts/modules/base.js:92:26)
      at Proxy.apply (src/scripts/modules/base.js:92:26)
      at Proxy.apply (src/scripts/modules/base.js:92:26)
      at Proxy.apply (src/scripts/modules/base.js:92:26)
      at Object.warn (tests/unit/storage.test.js:11:15)
      at setItem (src/scripts/storage.js:6179:25)
          at Array.forEach (<anonymous>)
      at forEach (src/scripts/storage.js:6172:25)
      at downgradeSafeLocalStorageToMemory (src/scripts/storage.js:16819:5)
      at safeSetLocalStorage (src/scripts/storage.js:17948:7)
      at importAllData (src/scripts/storage.js:17648:7)
      at Object.importAllData (tests/unit/storage.test.js:2835:5)

  console.warn
    MOCK SET: cameraPowerPlanner_feedback__backup = {"message":"snapshot"}

      61 |       return undefined;
      62 |     }
    > 63 |     return originalFn(...args);
         |            ^
      64 |   };
      65 | };
      66 |

      at console.<anonymous> (tests/setup/jest.setup.cjs:63:12)
      at console.apply [as warn] (src/scripts/modules/base.js:92:26)
      at Proxy.apply (src/scripts/modules/base.js:92:26)
      at Proxy.apply (src/scripts/modules/base.js:92:26)
      at Proxy.apply (src/scripts/modules/base.js:92:26)
      at Object.warn (tests/unit/storage.test.js:11:15)
      at setItem (src/scripts/storage.js:6179:25)
          at Array.forEach (<anonymous>)
      at forEach (src/scripts/storage.js:6172:25)
      at downgradeSafeLocalStorageToMemory (src/scripts/storage.js:16819:5)
      at safeSetLocalStorage (src/scripts/storage.js:17948:7)
      at importAllData (src/scripts/storage.js:17648:7)
      at Object.importAllData (tests/unit/storage.test.js:2835:5)

  console.warn
    MOCK SET: cameraPowerPlanner_favorites = {"camera":["Mini"]}

      61 |       return undefined;
      62 |     }
    > 63 |     return originalFn(...args);
         |            ^
      64 |   };
      65 | };
      66 |

      at console.<anonymous> (tests/setup/jest.setup.cjs:63:12)
      at console.apply [as warn] (src/scripts/modules/base.js:92:26)
      at Proxy.apply (src/scripts/modules/base.js:92:26)
      at Proxy.apply (src/scripts/modules/base.js:92:26)
      at Proxy.apply (src/scripts/modules/base.js:92:26)
      at Object.warn (tests/unit/storage.test.js:11:15)
      at setItem (src/scripts/storage.js:6179:25)
          at Array.forEach (<anonymous>)
      at forEach (src/scripts/storage.js:6172:25)
      at downgradeSafeLocalStorageToMemory (src/scripts/storage.js:16819:5)
      at safeSetLocalStorage (src/scripts/storage.js:17948:7)
      at importAllData (src/scripts/storage.js:17648:7)
      at Object.importAllData (tests/unit/storage.test.js:2835:5)

  console.warn
    MOCK SET: cameraPowerPlanner_favorites__backup = {"camera":["Mini"]}

      61 |       return undefined;
      62 |     }
    > 63 |     return originalFn(...args);
         |            ^
      64 |   };
      65 | };
      66 |

      at console.<anonymous> (tests/setup/jest.setup.cjs:63:12)
      at console.apply [as warn] (src/scripts/modules/base.js:92:26)
      at Proxy.apply (src/scripts/modules/base.js:92:26)
      at Proxy.apply (src/scripts/modules/base.js:92:26)
      at Proxy.apply (src/scripts/modules/base.js:92:26)
      at Object.warn (tests/unit/storage.test.js:11:15)
      at setItem (src/scripts/storage.js:6179:25)
          at Array.forEach (<anonymous>)
      at forEach (src/scripts/storage.js:6172:25)
      at downgradeSafeLocalStorageToMemory (src/scripts/storage.js:16819:5)
      at safeSetLocalStorage (src/scripts/storage.js:17948:7)
      at importAllData (src/scripts/storage.js:17648:7)
      at Object.importAllData (tests/unit/storage.test.js:2835:5)

  console.warn
    Downgraded planner storage to sessionStorage after write access errors. ReferenceError: AUTO_GEAR_SHOW_BACKUPS_STORAGE_KEY is not defined
        at AUTO_GEAR_SHOW_BACKUPS_STORAGE_KEY (/Users/lucazanner/Documents/GitHub/cine-power-planner/src/scripts/storage.js:16809:9)
        at safeSetLocalStorage (/Users/lucazanner/Documents/GitHub/cine-power-planner/src/scripts/storage.js:17948:7)
        at importAllData (/Users/lucazanner/Documents/GitHub/cine-power-planner/src/scripts/storage.js:17648:7)
        at Object.importAllData (/Users/lucazanner/Documents/GitHub/cine-power-planner/tests/unit/storage.test.js:2835:5)
        at Promise.finally.completed (/Users/lucazanner/Documents/GitHub/cine-power-planner/node_modules/jest-circus/build/jestAdapterInit.js:1557:28)
        at new Promise (<anonymous>)
        at callAsyncCircusFn (/Users/lucazanner/Documents/GitHub/cine-power-planner/node_modules/jest-circus/build/jestAdapterInit.js:1497:10)
        at _callCircusTest (/Users/lucazanner/Documents/GitHub/cine-power-planner/node_modules/jest-circus/build/jestAdapterInit.js:1007:40)
        at _runTest (/Users/lucazanner/Documents/GitHub/cine-power-planner/node_modules/jest-circus/build/jestAdapterInit.js:947:3)
        at /Users/lucazanner/Documents/GitHub/cine-power-planner/node_modules/jest-circus/build/jestAdapterInit.js:849:7
        at _runTestsForDescribeBlock (/Users/lucazanner/Documents/GitHub/cine-power-planner/node_modules/jest-circus/build/jestAdapterInit.js:862:11)
        at _runTestsForDescribeBlock (/Users/lucazanner/Documents/GitHub/cine-power-planner/node_modules/jest-circus/build/jestAdapterInit.js:857:11)
        at run (/Users/lucazanner/Documents/GitHub/cine-power-planner/node_modules/jest-circus/build/jestAdapterInit.js:761:3)
        at runAndTransformResultsToJestFormat (/Users/lucazanner/Documents/GitHub/cine-power-planner/node_modules/jest-circus/build/jestAdapterInit.js:1918:21)
        at jestAdapter (/Users/lucazanner/Documents/GitHub/cine-power-planner/node_modules/jest-circus/build/runner.js:101:19)
        at runTestInternal (/Users/lucazanner/Documents/GitHub/cine-power-planner/node_modules/jest-runner/build/index.js:275:16)
        at runTest (/Users/lucazanner/Documents/GitHub/cine-power-planner/node_modules/jest-runner/build/index.js:343:7)

      61 |       return undefined;
      62 |     }
    > 63 |     return originalFn(...args);
         |            ^
      64 |   };
      65 | };
      66 |

      at console.<anonymous> (tests/setup/jest.setup.cjs:63:12)
      at console.apply [as warn] (src/scripts/modules/base.js:92:26)
      at Proxy.apply (src/scripts/modules/base.js:92:26)
      at Proxy.apply (src/scripts/modules/base.js:92:26)
      at Proxy.apply (src/scripts/modules/base.js:92:26)
      at warn (src/scripts/storage.js:6193:11)
      at downgradeSafeLocalStorageToMemory (src/scripts/storage.js:16819:5)
      at safeSetLocalStorage (src/scripts/storage.js:17948:7)
      at importAllData (src/scripts/storage.js:17648:7)
      at Object.importAllData (tests/unit/storage.test.js:2835:5)

  console.warn
    MOCK SET: __storage_test__ = 1

      61 |       return undefined;
      62 |     }
    > 63 |     return originalFn(...args);
         |            ^
      64 |   };
      65 | };
      66 |

      at console.<anonymous> (tests/setup/jest.setup.cjs:63:12)
      at console.apply [as warn] (src/scripts/modules/base.js:92:26)
      at Proxy.apply (src/scripts/modules/base.js:92:26)
      at Proxy.apply (src/scripts/modules/base.js:92:26)
      at Proxy.apply (src/scripts/modules/base.js:92:26)
      at Object.warn (tests/unit/storage.test.js:11:15)
      at setItem (src/scripts/storage.js:5846:13)
      at verifyStorage (src/scripts/storage.js:6228:18)
      at attemptLocalStorageUpgrade (src/scripts/storage.js:6286:5)
      at getSafeLocalStorage (src/scripts/storage.js:15082:23)
      at fallbackFn (src/scripts/storage.js:17668:7)
      at persistAutoGearValue (src/scripts/storage.js:17969:5)
      at importAllData (src/scripts/storage.js:17648:7)
      at Object.importAllData (tests/unit/storage.test.js:2835:5)

  console.log
    DEBUG: getSafeLocalStorage returning object

      at Proxy.apply (src/scripts/modules/base.js:92:26)

  console.log
    DEBUG: getSafeLocalStorage returning object

      at Proxy.apply (src/scripts/modules/base.js:92:26)

  console.warn
    MOCK SET: cameraPowerPlanner_autoGearRules = [{"id":"snap-rule","label":"Snap","scenarios":[],"

      61 |       return undefined;
      62 |     }
    > 63 |     return originalFn(...args);
         |            ^
      64 |   };
      65 | };
      66 |

      at console.<anonymous> (tests/setup/jest.setup.cjs:63:12)
      at console.apply [as warn] (src/scripts/modules/base.js:92:26)
      at Proxy.apply (src/scripts/modules/base.js:92:26)
      at Proxy.apply (src/scripts/modules/base.js:92:26)
      at Proxy.apply (src/scripts/modules/base.js:92:26)
      at Object.warn (tests/unit/storage.test.js:11:15)
      at setItem (src/scripts/storage.js:8463:17)
      at saveJSONToStorage (src/scripts/storage.js:15084:3)
      at fallbackFn (src/scripts/storage.js:17668:7)
      at persistAutoGearValue (src/scripts/storage.js:17969:5)
      at importAllData (src/scripts/storage.js:17648:7)
      at Object.importAllData (tests/unit/storage.test.js:2835:5)

  console.warn
    MOCK SET: cameraPowerPlanner_autoGearRules__backup = [{"id":"snap-rule","label":"Snap","scenarios":[],"

      61 |       return undefined;
      62 |     }
    > 63 |     return originalFn(...args);
         |            ^
      64 |   };
      65 | };
      66 |

      at console.<anonymous> (tests/setup/jest.setup.cjs:63:12)
      at console.apply [as warn] (src/scripts/modules/base.js:92:26)
      at Proxy.apply (src/scripts/modules/base.js:92:26)
      at Proxy.apply (src/scripts/modules/base.js:92:26)
      at Proxy.apply (src/scripts/modules/base.js:92:26)
      at Object.warn (tests/unit/storage.test.js:11:15)
      at setItem (src/scripts/storage.js:8524:19)
      at tryStoreCandidate (src/scripts/storage.js:8540:13)
      at attemptBackupWrite (src/scripts/storage.js:8617:26)
      at saveJSONToStorage (src/scripts/storage.js:15084:3)
      at fallbackFn (src/scripts/storage.js:17668:7)
      at persistAutoGearValue (src/scripts/storage.js:17969:5)
      at importAllData (src/scripts/storage.js:17648:7)
      at Object.importAllData (tests/unit/storage.test.js:2835:5)

  console.log
    DEBUG: getSafeLocalStorage returning object

      at Proxy.apply (src/scripts/modules/base.js:92:26)

  console.log
    DEBUG: getSafeLocalStorage returning object

      at Proxy.apply (src/scripts/modules/base.js:92:26)

  console.log
    DEBUG: getSafeLocalStorage returning object

      at Proxy.apply (src/scripts/modules/base.js:92:26)

  console.log
    DEBUG: getSafeLocalStorage returning object

      at Proxy.apply (src/scripts/modules/base.js:92:26)

  console.warn
    MOCK SET: cameraPowerPlanner_autoGearPresets = [{"id":"snap-preset","label":"Snapshot Preset","ru

      61 |       return undefined;
      62 |     }
    > 63 |     return originalFn(...args);
         |            ^
      64 |   };
      65 | };
      66 |

      at console.<anonymous> (tests/setup/jest.setup.cjs:63:12)
      at console.apply [as warn] (src/scripts/modules/base.js:92:26)
      at Proxy.apply (src/scripts/modules/base.js:92:26)
      at Proxy.apply (src/scripts/modules/base.js:92:26)
      at Proxy.apply (src/scripts/modules/base.js:92:26)
      at Object.warn (tests/unit/storage.test.js:11:15)
      at setItem (src/scripts/storage.js:8463:17)
      at saveJSONToStorage (src/scripts/storage.js:15374:3)
      at fallbackFn (src/scripts/storage.js:17668:7)
      at persistAutoGearValue (src/scripts/storage.js:17985:5)
      at importAllData (src/scripts/storage.js:17648:7)
      at Object.importAllData (tests/unit/storage.test.js:2835:5)

  console.warn
    MOCK SET: cameraPowerPlanner_autoGearPresets__backup = [{"id":"snap-preset","label":"Snapshot Preset","ru

      61 |       return undefined;
      62 |     }
    > 63 |     return originalFn(...args);
         |            ^
      64 |   };
      65 | };
      66 |

      at console.<anonymous> (tests/setup/jest.setup.cjs:63:12)
      at console.apply [as warn] (src/scripts/modules/base.js:92:26)
      at Proxy.apply (src/scripts/modules/base.js:92:26)
      at Proxy.apply (src/scripts/modules/base.js:92:26)
      at Proxy.apply (src/scripts/modules/base.js:92:26)
      at Object.warn (tests/unit/storage.test.js:11:15)
      at setItem (src/scripts/storage.js:8524:19)
      at tryStoreCandidate (src/scripts/storage.js:8540:13)
      at attemptBackupWrite (src/scripts/storage.js:8617:26)
      at saveJSONToStorage (src/scripts/storage.js:15374:3)
      at fallbackFn (src/scripts/storage.js:17668:7)
      at persistAutoGearValue (src/scripts/storage.js:17985:5)
      at importAllData (src/scripts/storage.js:17648:7)
      at Object.importAllData (tests/unit/storage.test.js:2835:5)

  console.log
    DEBUG: getSafeLocalStorage returning object

      at Proxy.apply (src/scripts/modules/base.js:92:26)

  console.warn
    MOCK SET: cameraPowerPlanner_autoGearShowBackups = 1

      61 |       return undefined;
      62 |     }
    > 63 |     return originalFn(...args);
         |            ^
      64 |   };
      65 | };
      66 |

      at console.<anonymous> (tests/setup/jest.setup.cjs:63:12)
      at console.apply [as warn] (src/scripts/modules/base.js:92:26)
      at Proxy.apply (src/scripts/modules/base.js:92:26)
      at Proxy.apply (src/scripts/modules/base.js:92:26)
      at Proxy.apply (src/scripts/modules/base.js:92:26)
      at Object.warn (tests/unit/storage.test.js:11:15)
      at setItem (src/scripts/storage.js:8827:15)
      at saveFlagToStorage (src/scripts/storage.js:15643:3)
      at fallbackFn (src/scripts/storage.js:17668:7)
      at persistAutoGearValue (src/scripts/storage.js:18002:5)
      at importAllData (src/scripts/storage.js:17648:7)
      at Object.importAllData (tests/unit/storage.test.js:2835:5)

  console.log
    DEBUG: getSafeLocalStorage returning object

      at Proxy.apply (src/scripts/modules/base.js:92:26)

  console.log
    DEBUG: getSafeLocalStorage returning object

      at Proxy.apply (src/scripts/modules/base.js:92:26)

  console.log
    DEBUG: getSafeLocalStorage returning object

      at Proxy.apply (src/scripts/modules/base.js:92:26)

  console.log
    DEBUG: getSafeLocalStorage returning object

      at Proxy.apply (src/scripts/modules/base.js:92:26)
          at Array.forEach (<anonymous>)

  console.log
    DEBUG: getSafeLocalStorage returning object

      at Proxy.apply (src/scripts/modules/base.js:92:26)
          at Array.forEach (<anonymous>)

  console.log
    DEBUG: getSafeLocalStorage returning object

      at Proxy.apply (src/scripts/modules/base.js:92:26)
          at Array.forEach (<anonymous>)

  console.log
    DEBUG: getSafeLocalStorage returning object

      at Proxy.apply (src/scripts/modules/base.js:92:26)
          at Array.forEach (<anonymous>)

  console.log
    DEBUG: getSafeLocalStorage returning object

      at Proxy.apply (src/scripts/modules/base.js:92:26)
          at Array.forEach (<anonymous>)

  console.log
    DEBUG: getSafeLocalStorage returning object

      at Proxy.apply (src/scripts/modules/base.js:92:26)
          at Array.forEach (<anonymous>)

  console.log
    DEBUG: getSafeLocalStorage returning object

      at Proxy.apply (src/scripts/modules/base.js:92:26)
          at Array.forEach (<anonymous>)

  console.log
    DEBUG: getSafeLocalStorage returning object

      at Proxy.apply (src/scripts/modules/base.js:92:26)
          at Array.forEach (<anonymous>)

  console.warn
    MOCK SET: cameraPowerPlanner_prj_Snapshot = {"gearList":"<p>Snapshot</p>","projectInfo":null,"

      61 |       return undefined;
      62 |     }
    > 63 |     return originalFn(...args);
         |            ^
      64 |   };
      65 | };
      66 |

      at console.<anonymous> (tests/setup/jest.setup.cjs:63:12)
      at console.apply [as warn] (src/scripts/modules/base.js:92:26)
      at Proxy.apply (src/scripts/modules/base.js:92:26)
      at Proxy.apply (src/scripts/modules/base.js:92:26)
      at Proxy.apply (src/scripts/modules/base.js:92:26)
      at Object.warn (tests/unit/storage.test.js:11:15)
      at setItem (src/scripts/storage.js:8463:17)
      at saveJSONToStorage (src/scripts/storage.js:12780:18)
      at persistProjectShard (src/scripts/storage.js:13513:20)
      at saveProject (src/scripts/storage.js:13783:5)
      at importer (src/scripts/storage.js:18039:7)
      at importProject (src/scripts/storage.js:13890:7)
          at Array.forEach (<anonymous>)
      at forEach (src/scripts/storage.js:13888:32)
      at importProjectCollection (src/scripts/storage.js:18045:20)
      at importTrackedCollection (src/scripts/storage.js:18053:5)
      at importAllData (src/scripts/storage.js:17648:7)
      at Object.importAllData (tests/unit/storage.test.js:2835:5)

  console.log
    DEBUG: getSafeLocalStorage returning object

      at Proxy.apply (src/scripts/modules/base.js:92:26)
          at Array.forEach (<anonymous>)

  console.log
    DEBUG: getSafeLocalStorage returning object

      at Proxy.apply (src/scripts/modules/base.js:92:26)
          at Array.forEach (<anonymous>)
          at Array.forEach (<anonymous>)

  console.log
    DEBUG: getSafeLocalStorage returning object

      at Proxy.apply (src/scripts/modules/base.js:92:26)
          at Array.forEach (<anonymous>)
          at Array.forEach (<anonymous>)

  console.log
    DEBUG: getSafeLocalStorage returning object

      at Proxy.apply (src/scripts/modules/base.js:92:26)
          at Array.forEach (<anonymous>)

  console.warn
    MOCK SET: cameraPowerPlanner_project_rev = 1

      61 |       return undefined;
      62 |     }
    > 63 |     return originalFn(...args);
         |            ^
      64 |   };
      65 | };
      66 |

      at console.<anonymous> (tests/setup/jest.setup.cjs:63:12)
      at console.apply [as warn] (src/scripts/modules/base.js:92:26)
      at Proxy.apply (src/scripts/modules/base.js:92:26)
      at Proxy.apply (src/scripts/modules/base.js:92:26)
      at Proxy.apply (src/scripts/modules/base.js:92:26)
      at Object.warn (tests/unit/storage.test.js:11:15)
      at setItem (src/scripts/storage.js:8463:17)
      at saveJSONToStorage (src/scripts/storage.js:1859:3)
      at bumpProjectStorageRevision (src/scripts/storage.js:12834:3)
      at persistAllProjects (src/scripts/storage.js:13535:5)
      at saveProject (src/scripts/storage.js:13783:5)
      at importer (src/scripts/storage.js:18039:7)
      at importProject (src/scripts/storage.js:13890:7)
          at Array.forEach (<anonymous>)
      at forEach (src/scripts/storage.js:13888:32)
      at importProjectCollection (src/scripts/storage.js:18045:20)
      at importTrackedCollection (src/scripts/storage.js:18053:5)
      at importAllData (src/scripts/storage.js:17648:7)
      at Object.importAllData (tests/unit/storage.test.js:2835:5)

  console.warn
    MOCK SET: cameraPowerPlanner_project_rev__backup = 1

      61 |       return undefined;
      62 |     }
    > 63 |     return originalFn(...args);
         |            ^
      64 |   };
      65 | };
      66 |

      at console.<anonymous> (tests/setup/jest.setup.cjs:63:12)
      at console.apply [as warn] (src/scripts/modules/base.js:92:26)
      at Proxy.apply (src/scripts/modules/base.js:92:26)
      at Proxy.apply (src/scripts/modules/base.js:92:26)
      at Proxy.apply (src/scripts/modules/base.js:92:26)
      at Object.warn (tests/unit/storage.test.js:11:15)
      at setItem (src/scripts/storage.js:8524:19)
      at tryStoreCandidate (src/scripts/storage.js:8540:13)
      at attemptBackupWrite (src/scripts/storage.js:8617:26)
      at saveJSONToStorage (src/scripts/storage.js:1859:3)
      at bumpProjectStorageRevision (src/scripts/storage.js:12834:3)
      at persistAllProjects (src/scripts/storage.js:13535:5)
      at saveProject (src/scripts/storage.js:13783:5)
      at importer (src/scripts/storage.js:18039:7)
      at importProject (src/scripts/storage.js:13890:7)
          at Array.forEach (<anonymous>)
      at forEach (src/scripts/storage.js:13888:32)
      at importProjectCollection (src/scripts/storage.js:18045:20)
      at importTrackedCollection (src/scripts/storage.js:18053:5)
      at importAllData (src/scripts/storage.js:17648:7)
      at Object.importAllData (tests/unit/storage.test.js:2835:5)

  console.log
    DEBUG: getSafeLocalStorage returning object

      at Proxy.apply (src/scripts/modules/base.js:92:26)

  console.log
    DEBUG: getSafeLocalStorage returning object

      at Proxy.apply (src/scripts/modules/base.js:92:26)

  console.log
    DEBUG: getSafeLocalStorage returning object

      at Proxy.apply (src/scripts/modules/base.js:92:26)

  console.log
    DEBUG: getSafeLocalStorage returning object

      at Proxy.apply (src/scripts/modules/base.js:92:26)

  console.log
    DEBUG: getSafeLocalStorage returning object

      at Proxy.apply (src/scripts/modules/base.js:92:26)

  console.log
    DEBUG: getSafeLocalStorage returning object

      at Proxy.apply (src/scripts/modules/base.js:92:26)

  console.warn
    MOCK SET: cameraPowerPlanner_session__legacyMigrationBackup = {"createdAt":"2026-01-16T20:14:36.925Z","data":{"s

      61 |       return undefined;
      62 |     }
    > 63 |     return originalFn(...args);
         |            ^
      64 |   };
      65 | };
      66 |

      at console.<anonymous> (tests/setup/jest.setup.cjs:63:12)
      at console.apply [as warn] (src/scripts/modules/base.js:92:26)
      at Proxy.apply (src/scripts/modules/base.js:92:26)
      at Proxy.apply (src/scripts/modules/base.js:92:26)
      at Proxy.apply (src/scripts/modules/base.js:92:26)
      at Object.warn (tests/unit/storage.test.js:11:15)
      at setItem (src/scripts/storage.js:5565:15)
      at tryStoreSerialized (src/scripts/storage.js:5587:26)
      at createStorageMigrationBackup (src/scripts/storage.js:9251:5)
      at Object.loadSessionState (tests/unit/storage.test.js:2840:21)

  console.log
    DEBUG: getSafeLocalStorage returning object

      at Proxy.apply (src/scripts/modules/base.js:92:26)

  console.warn
    MOCK SET: cameraPowerPlanner_session__legacyMigrationBackup = [{"createdAt":"2026-01-16T20:14:36.925Z","data":{"

      61 |       return undefined;
      62 |     }
    > 63 |     return originalFn(...args);
         |            ^
      64 |   };
      65 | };
      66 |

      at console.<anonymous> (tests/setup/jest.setup.cjs:63:12)
      at console.apply [as warn] (src/scripts/modules/base.js:92:26)
      at Proxy.apply (src/scripts/modules/base.js:92:26)
      at Proxy.apply (src/scripts/modules/base.js:92:26)
      at Proxy.apply (src/scripts/modules/base.js:92:26)
      at Object.warn (tests/unit/storage.test.js:11:15)
      at setItem (src/scripts/storage.js:5514:19)
      at tryStoreList (src/scripts/storage.js:5521:20)
      at createStorageMigrationBackup (src/scripts/storage.js:5239:3)
      at ensurePreWriteMigrationBackup (src/scripts/storage.js:9274:3)
      at saveSessionState (src/scripts/storage.js:9252:5)
      at Object.loadSessionState (tests/unit/storage.test.js:2840:21)

  console.log
    DEBUG: getSafeLocalStorage returning object

      at Proxy.apply (src/scripts/modules/base.js:92:26)

  console.warn
    MOCK SET: cameraPowerPlanner_session = {"setupName":"Snapshot Setup","motors":["Lens"],"c

      61 |       return undefined;
      62 |     }
    > 63 |     return originalFn(...args);
         |            ^
      64 |   };
      65 | };
      66 |

      at console.<anonymous> (tests/setup/jest.setup.cjs:63:12)
      at console.apply [as warn] (src/scripts/modules/base.js:92:26)
      at Proxy.apply (src/scripts/modules/base.js:92:26)
      at Proxy.apply (src/scripts/modules/base.js:92:26)
      at Proxy.apply (src/scripts/modules/base.js:92:26)
      at Object.warn (tests/unit/storage.test.js:11:15)
      at setItem (src/scripts/storage.js:8463:17)
      at saveJSONToStorage (src/scripts/storage.js:9314:3)
      at saveSessionState (src/scripts/storage.js:9252:5)
      at Object.loadSessionState (tests/unit/storage.test.js:2840:21)

  console.warn
    MOCK SET: cameraPowerPlanner_session__backup = {"setupName":"Snapshot Setup","motors":["Lens"],"c

      61 |       return undefined;
      62 |     }
    > 63 |     return originalFn(...args);
         |            ^
      64 |   };
      65 | };
      66 |

      at console.<anonymous> (tests/setup/jest.setup.cjs:63:12)
      at console.apply [as warn] (src/scripts/modules/base.js:92:26)
      at Proxy.apply (src/scripts/modules/base.js:92:26)
      at Proxy.apply (src/scripts/modules/base.js:92:26)
      at Proxy.apply (src/scripts/modules/base.js:92:26)
      at Object.warn (tests/unit/storage.test.js:11:15)
      at setItem (src/scripts/storage.js:8524:19)
      at tryStoreCandidate (src/scripts/storage.js:8540:13)
      at attemptBackupWrite (src/scripts/storage.js:8617:26)
      at saveJSONToStorage (src/scripts/storage.js:9314:3)
      at saveSessionState (src/scripts/storage.js:9252:5)
      at Object.loadSessionState (tests/unit/storage.test.js:2840:21)

  console.log
    DEBUG: getSafeLocalStorage returning object

      at Proxy.apply (src/scripts/modules/base.js:92:26)

  console.log
    DEBUG: getSafeLocalStorage returning object

      at Proxy.apply (src/scripts/modules/base.js:92:26)

  console.log
    DEBUG: getSafeLocalStorage returning object

      at Proxy.apply (src/scripts/modules/base.js:92:26)

  console.log
    DEBUG: getSafeLocalStorage returning object

      at Proxy.apply (src/scripts/modules/base.js:92:26)

  console.log
    DEBUG: getSafeLocalStorage returning object

      at Proxy.apply (src/scripts/modules/base.js:92:26)

  console.log
    DEBUG: getSafeLocalStorage returning object

      at Proxy.apply (src/scripts/modules/base.js:92:26)

  console.log
    DEBUG: getSafeLocalStorage returning object

      at Proxy.apply (src/scripts/modules/base.js:92:26)

  console.log
    DEBUG: getSafeLocalStorage returning object

      at Proxy.apply (src/scripts/modules/base.js:92:26)

  console.log
    DEBUG: getSafeLocalStorage returning object

      at Proxy.apply (src/scripts/modules/base.js:92:26)

  console.log
    DEBUG: getSafeLocalStorage returning object

      at Proxy.apply (src/scripts/modules/base.js:92:26)

  console.log
    DEBUG: getSafeLocalStorage returning object

      at Proxy.apply (src/scripts/modules/base.js:92:26)

  console.log
    DEBUG: getSafeLocalStorage returning object

      at Proxy.apply (src/scripts/modules/base.js:92:26)

  console.log
    DEBUG: getSafeLocalStorage returning object

      at Proxy.apply (src/scripts/modules/base.js:92:26)

  console.log
    DEBUG: getSafeLocalStorage returning object

      at Proxy.apply (src/scripts/modules/base.js:92:26)

  console.error
    DEBUG: importAllData CALLED [
      'cameraPowerPlanner_autoGearRules__legacyMigrationBackup',
      'cameraPowerPlanner_autoGearBackups__legacyMigrationBackup'
    ]

      61 |       return undefined;
      62 |     }
    > 63 |     return originalFn(...args);
         |            ^
      64 |   };
      65 | };
      66 |

      at console.<anonymous> (tests/setup/jest.setup.cjs:63:12)
      at Proxy.apply (src/scripts/modules/base.js:92:26)
      at error (src/scripts/storage.js:17633:11)
      at Object.importAllData (tests/unit/storage.test.js:2904:5)

  console.log
    DEBUG: readSnapshotEntry checking migration candidate cameraPowerPlanner_devices__legacyMigrationBackup false

      at Proxy.apply (src/scripts/modules/base.js:92:26)

  console.log
    DEBUG: readSnapshotEntry checking migration candidate cinePowerPlanner_devices__legacyMigrationBackup false

      at Proxy.apply (src/scripts/modules/base.js:92:26)

  console.log
    DEBUG: readSnapshotEntry checking migration candidate cameraPowerPlanner_setups__legacyMigrationBackup false

      at Proxy.apply (src/scripts/modules/base.js:92:26)

  console.log
    DEBUG: readSnapshotEntry checking migration candidate cinePowerPlanner_setups__legacyMigrationBackup false

      at Proxy.apply (src/scripts/modules/base.js:92:26)

  console.log
    DEBUG: readSnapshotEntry checking migration candidate cameraPowerPlanner_session__legacyMigrationBackup false

      at Proxy.apply (src/scripts/modules/base.js:92:26)

  console.log
    DEBUG: readSnapshotEntry checking migration candidate cinePowerPlanner_session__legacyMigrationBackup false

      at Proxy.apply (src/scripts/modules/base.js:92:26)

  console.log
    DEBUG: readSnapshotEntry checking migration candidate cameraPowerPlanner_feedback__legacyMigrationBackup false

      at Proxy.apply (src/scripts/modules/base.js:92:26)

  console.log
    DEBUG: readSnapshotEntry checking migration candidate cinePowerPlanner_feedback__legacyMigrationBackup false

      at Proxy.apply (src/scripts/modules/base.js:92:26)

  console.log
    DEBUG: readSnapshotEntry checking migration candidate cameraPowerPlanner_project__legacyMigrationBackup false

      at Proxy.apply (src/scripts/modules/base.js:92:26)

  console.log
    DEBUG: readSnapshotEntry checking migration candidate cinePowerPlanner_project__legacyMigrationBackup false

      at Proxy.apply (src/scripts/modules/base.js:92:26)

  console.log
    DEBUG: readSnapshotEntry checking migration candidate cameraPowerPlanner_favorites__legacyMigrationBackup false

      at Proxy.apply (src/scripts/modules/base.js:92:26)

  console.log
    DEBUG: readSnapshotEntry checking migration candidate cinePowerPlanner_favorites__legacyMigrationBackup false

      at Proxy.apply (src/scripts/modules/base.js:92:26)

  console.log
    DEBUG: readSnapshotEntry checking migration candidate cameraPowerPlanner_contacts__legacyMigrationBackup false

      at Proxy.apply (src/scripts/modules/base.js:92:26)

  console.log
    DEBUG: readSnapshotEntry checking migration candidate cinePowerPlanner_contacts__legacyMigrationBackup false

      at Proxy.apply (src/scripts/modules/base.js:92:26)

  console.log
    DEBUG: readSnapshotEntry checking migration candidate cameraPowerPlanner_ownGear__legacyMigrationBackup false

      at Proxy.apply (src/scripts/modules/base.js:92:26)

  console.log
    DEBUG: readSnapshotEntry checking migration candidate cinePowerPlanner_ownGear__legacyMigrationBackup false

      at Proxy.apply (src/scripts/modules/base.js:92:26)

  console.log
    DEBUG: readSnapshotEntry checking migration candidate cameraPowerPlanner_userProfile__legacyMigrationBackup false

      at Proxy.apply (src/scripts/modules/base.js:92:26)

  console.log
    DEBUG: readSnapshotEntry checking migration candidate cinePowerPlanner_userProfile__legacyMigrationBackup false

      at Proxy.apply (src/scripts/modules/base.js:92:26)

  console.log
    DEBUG: readSnapshotEntry checking migration candidate cameraPowerPlanner_documentationTracker__legacyMigrationBackup false

      at Proxy.apply (src/scripts/modules/base.js:92:26)

  console.log
    DEBUG: readSnapshotEntry checking migration candidate cinePowerPlanner_documentationTracker__legacyMigrationBackup false

      at Proxy.apply (src/scripts/modules/base.js:92:26)

  console.log
    DEBUG: readSnapshotEntry checking migration candidate cameraPowerPlanner_autoGearRules__legacyMigrationBackup true

      at Proxy.apply (src/scripts/modules/base.js:92:26)

  console.log
    DEBUG: readSnapshotEntry FOUND migration backup cameraPowerPlanner_autoGearRules__legacyMigrationBackup

      at Proxy.apply (src/scripts/modules/base.js:92:26)

  console.log
    DEBUG: readSnapshotEntry checking migration candidate cameraPowerPlanner_autoGearBackups__legacyMigrationBackup true

      at Proxy.apply (src/scripts/modules/base.js:92:26)

  console.log
    DEBUG: readSnapshotEntry FOUND migration backup cameraPowerPlanner_autoGearBackups__legacyMigrationBackup

      at Proxy.apply (src/scripts/modules/base.js:92:26)

  console.log
    DEBUG: readSnapshotEntry checking migration candidate cameraPowerPlanner_autoGearPresets__legacyMigrationBackup false

      at Proxy.apply (src/scripts/modules/base.js:92:26)

  console.log
    DEBUG: readSnapshotEntry checking migration candidate cinePowerPlanner_autoGearPresets__legacyMigrationBackup false

      at Proxy.apply (src/scripts/modules/base.js:92:26)

  console.log
    DEBUG: readSnapshotEntry checking migration candidate cameraPowerPlanner_autoGearMonitorDefaults__legacyMigrationBackup false

      at Proxy.apply (src/scripts/modules/base.js:92:26)

  console.log
    DEBUG: readSnapshotEntry checking migration candidate cinePowerPlanner_autoGearMonitorDefaults__legacyMigrationBackup false

      at Proxy.apply (src/scripts/modules/base.js:92:26)

  console.log
    DEBUG: readSnapshotEntry checking migration candidate cameraPowerPlanner_autoGearBackupRetention__legacyMigrationBackup false

      at Proxy.apply (src/scripts/modules/base.js:92:26)

  console.log
    DEBUG: readSnapshotEntry checking migration candidate cinePowerPlanner_autoGearBackupRetention__legacyMigrationBackup false

      at Proxy.apply (src/scripts/modules/base.js:92:26)

  console.log
    DEBUG: readSnapshotEntry checking migration candidate cameraPowerPlanner_schemaCache__legacyMigrationBackup false

      at Proxy.apply (src/scripts/modules/base.js:92:26)

  console.log
    DEBUG: readSnapshotEntry checking migration candidate cinePowerPlanner_schemaCache__legacyMigrationBackup false

      at Proxy.apply (src/scripts/modules/base.js:92:26)

  console.log
    DEBUG: readSnapshotEntry checking migration candidate cameraPowerPlanner_customFonts__legacyMigrationBackup false

      at Proxy.apply (src/scripts/modules/base.js:92:26)

  console.log
    DEBUG: readSnapshotEntry checking migration candidate cinePowerPlanner_customFonts__legacyMigrationBackup false

      at Proxy.apply (src/scripts/modules/base.js:92:26)

  console.log
    DEBUG: readSnapshotEntry checking migration candidate customLogo__legacyMigrationBackup false

      at Proxy.apply (src/scripts/modules/base.js:92:26)

  console.log
    DEBUG: readSnapshotEntry checking migration candidate cameraPowerPlanner_autoGearSeeded__legacyMigrationBackup false

      at Proxy.apply (src/scripts/modules/base.js:92:26)

  console.log
    DEBUG: readSnapshotEntry checking migration candidate cinePowerPlanner_autoGearSeeded__legacyMigrationBackup false

      at Proxy.apply (src/scripts/modules/base.js:92:26)

  console.log
    DEBUG: readSnapshotEntry checking migration candidate cameraPowerPlanner_autoGearActivePreset__legacyMigrationBackup false

      at Proxy.apply (src/scripts/modules/base.js:92:26)

  console.log
    DEBUG: readSnapshotEntry checking migration candidate cinePowerPlanner_autoGearActivePreset__legacyMigrationBackup false

      at Proxy.apply (src/scripts/modules/base.js:92:26)

  console.log
    DEBUG: readSnapshotEntry checking migration candidate cameraPowerPlanner_autoGearAutoPreset__legacyMigrationBackup false

      at Proxy.apply (src/scripts/modules/base.js:92:26)

  console.log
    DEBUG: readSnapshotEntry checking migration candidate cinePowerPlanner_autoGearAutoPreset__legacyMigrationBackup false

      at Proxy.apply (src/scripts/modules/base.js:92:26)

  console.log
    DEBUG: readSnapshotEntry checking migration candidate cameraPowerPlanner_autoGearShowBackups__legacyMigrationBackup false

      at Proxy.apply (src/scripts/modules/base.js:92:26)

  console.log
    DEBUG: readSnapshotEntry checking migration candidate cinePowerPlanner_autoGearShowBackups__legacyMigrationBackup false

      at Proxy.apply (src/scripts/modules/base.js:92:26)

  console.log
    DEBUG: readSnapshotEntry checking migration candidate darkMode__legacyMigrationBackup false

      at Proxy.apply (src/scripts/modules/base.js:92:26)
          at Array.forEach (<anonymous>)

  console.log
    DEBUG: readSnapshotEntry checking migration candidate pinkMode__legacyMigrationBackup false

      at Proxy.apply (src/scripts/modules/base.js:92:26)
          at Array.forEach (<anonymous>)

  console.log
    DEBUG: readSnapshotEntry checking migration candidate highContrast__legacyMigrationBackup false

      at Proxy.apply (src/scripts/modules/base.js:92:26)
          at Array.forEach (<anonymous>)

  console.log
    DEBUG: readSnapshotEntry checking migration candidate reduceMotion__legacyMigrationBackup false

      at Proxy.apply (src/scripts/modules/base.js:92:26)
          at Array.forEach (<anonymous>)

  console.log
    DEBUG: readSnapshotEntry checking migration candidate relaxedSpacing__legacyMigrationBackup false

      at Proxy.apply (src/scripts/modules/base.js:92:26)
          at Array.forEach (<anonymous>)

  console.log
    DEBUG: readSnapshotEntry checking migration candidate showAutoBackups__legacyMigrationBackup false

      at Proxy.apply (src/scripts/modules/base.js:92:26)
          at Array.forEach (<anonymous>)

  console.log
    DEBUG: readSnapshotEntry checking migration candidate accentColor__legacyMigrationBackup false

      at Proxy.apply (src/scripts/modules/base.js:92:26)
          at Array.forEach (<anonymous>)

  console.log
    DEBUG: readSnapshotEntry checking migration candidate fontSize__legacyMigrationBackup false

      at Proxy.apply (src/scripts/modules/base.js:92:26)
          at Array.forEach (<anonymous>)

  console.log
    DEBUG: readSnapshotEntry checking migration candidate fontFamily__legacyMigrationBackup false

      at Proxy.apply (src/scripts/modules/base.js:92:26)
          at Array.forEach (<anonymous>)

  console.log
    DEBUG: readSnapshotEntry checking migration candidate language__legacyMigrationBackup false

      at Proxy.apply (src/scripts/modules/base.js:92:26)
          at Array.forEach (<anonymous>)

  console.log
    DEBUG: readSnapshotEntry checking migration candidate iosPwaHelpShown__legacyMigrationBackup false

      at Proxy.apply (src/scripts/modules/base.js:92:26)
          at Array.forEach (<anonymous>)

  console.log
    DEBUG: readSnapshotEntry checking migration candidate cameraPowerPlanner_cameraColors__legacyMigrationBackup false

      at Proxy.apply (src/scripts/modules/base.js:92:26)
          at Array.forEach (<anonymous>)

  console.log
    DEBUG: readSnapshotEntry checking migration candidate cinePowerPlanner_cameraColors__legacyMigrationBackup false

      at Proxy.apply (src/scripts/modules/base.js:92:26)
          at Array.forEach (<anonymous>)

  console.log
    DEBUG: readSnapshotEntry checking migration candidate cineRentalPrintSections__legacyMigrationBackup false

      at Proxy.apply (src/scripts/modules/base.js:92:26)
          at Array.forEach (<anonymous>)

  console.log
    DEBUG: readSnapshotEntry checking migration candidate cameraPowerPlanner_temperatureUnit__legacyMigrationBackup false

      at Proxy.apply (src/scripts/modules/base.js:92:26)

  console.log
    DEBUG: readSnapshotEntry checking migration candidate cinePowerPlanner_temperatureUnit__legacyMigrationBackup false

      at Proxy.apply (src/scripts/modules/base.js:92:26)

  console.log
    DEBUG: readSnapshotEntry checking migration candidate cameraPowerPlanner_focusScale__legacyMigrationBackup false

      at Proxy.apply (src/scripts/modules/base.js:92:26)

  console.log
    DEBUG: readSnapshotEntry checking migration candidate cinePowerPlanner_focusScale__legacyMigrationBackup false

      at Proxy.apply (src/scripts/modules/base.js:92:26)

  console.log
    DEBUG: readSnapshotEntry checking migration candidate cameraPowerPlanner_cameraColors__legacyMigrationBackup false

      at Proxy.apply (src/scripts/modules/base.js:92:26)

  console.log
    DEBUG: readSnapshotEntry checking migration candidate cinePowerPlanner_cameraColors__legacyMigrationBackup false

      at Proxy.apply (src/scripts/modules/base.js:92:26)

  console.log
    DEBUG: readSnapshotEntry checking migration candidate cameraPowerPlanner_mountVoltages__legacyMigrationBackup false

      at Proxy.apply (src/scripts/modules/base.js:92:26)

  console.log
    DEBUG: readSnapshotEntry checking migration candidate cinePowerPlanner_mountVoltages__legacyMigrationBackup false

      at Proxy.apply (src/scripts/modules/base.js:92:26)

  console.error
    DEBUG: importAllData CALLED [ 'autoGearRules', 'autoGearBackups' ]

      61 |       return undefined;
      62 |     }
    > 63 |     return originalFn(...args);
         |            ^
      64 |   };
      65 | };
      66 |

      at console.<anonymous> (tests/setup/jest.setup.cjs:63:12)
      at Proxy.apply (src/scripts/modules/base.js:92:26)
      at error (src/scripts/storage.js:17633:11)
      at importAllData (src/scripts/storage.js:17648:7)
      at Object.importAllData (tests/unit/storage.test.js:2904:5)

  console.log
    DEBUG: getSafeLocalStorage returning object

      at Proxy.apply (src/scripts/modules/base.js:92:26)

  console.log
    DEBUG: getSafeLocalStorage returning object

      at Proxy.apply (src/scripts/modules/base.js:92:26)

  console.warn
    MOCK SET: cameraPowerPlanner_autoGearRules = [{"id":"legacy-rule","label":"Legacy","scenarios":

      61 |       return undefined;
      62 |     }
    > 63 |     return originalFn(...args);
         |            ^
      64 |   };
      65 | };
      66 |

      at console.<anonymous> (tests/setup/jest.setup.cjs:63:12)
      at console.apply [as warn] (src/scripts/modules/base.js:92:26)
      at Proxy.apply (src/scripts/modules/base.js:92:26)
      at Proxy.apply (src/scripts/modules/base.js:92:26)
      at Proxy.apply (src/scripts/modules/base.js:92:26)
      at Object.warn (tests/unit/storage.test.js:11:15)
      at setItem (src/scripts/storage.js:8463:17)
      at saveJSONToStorage (src/scripts/storage.js:15084:3)
      at fallbackFn (src/scripts/storage.js:17668:7)
      at persistAutoGearValue (src/scripts/storage.js:17969:5)
      at importAllData (src/scripts/storage.js:17648:7)
      at Object.importAllData (tests/unit/storage.test.js:2904:5)

  console.warn
    MOCK SET: cameraPowerPlanner_autoGearRules__backup = [{"id":"legacy-rule","label":"Legacy","scenarios":

      61 |       return undefined;
      62 |     }
    > 63 |     return originalFn(...args);
         |            ^
      64 |   };
      65 | };
      66 |

      at console.<anonymous> (tests/setup/jest.setup.cjs:63:12)
      at console.apply [as warn] (src/scripts/modules/base.js:92:26)
      at Proxy.apply (src/scripts/modules/base.js:92:26)
      at Proxy.apply (src/scripts/modules/base.js:92:26)
      at Proxy.apply (src/scripts/modules/base.js:92:26)
      at Object.warn (tests/unit/storage.test.js:11:15)
      at setItem (src/scripts/storage.js:8524:19)
      at tryStoreCandidate (src/scripts/storage.js:8540:13)
      at attemptBackupWrite (src/scripts/storage.js:8617:26)
      at saveJSONToStorage (src/scripts/storage.js:15084:3)
      at fallbackFn (src/scripts/storage.js:17668:7)
      at persistAutoGearValue (src/scripts/storage.js:17969:5)
      at importAllData (src/scripts/storage.js:17648:7)
      at Object.importAllData (tests/unit/storage.test.js:2904:5)

  console.log
    DEBUG: getSafeLocalStorage returning object

      at Proxy.apply (src/scripts/modules/base.js:92:26)

  console.log
    DEBUG: getSafeLocalStorage returning object

      at Proxy.apply (src/scripts/modules/base.js:92:26)

  console.log
    DEBUG: getSafeLocalStorage returning object

      at Proxy.apply (src/scripts/modules/base.js:92:26)

  console.log
    DEBUG: getSafeLocalStorage returning object

      at Proxy.apply (src/scripts/modules/base.js:92:26)

  console.log
    DEBUG: getSafeLocalStorage returning object

      at Proxy.apply (src/scripts/modules/base.js:92:26)

  console.log
    DEBUG: getSafeLocalStorage returning object

      at Proxy.apply (src/scripts/modules/base.js:92:26)

  console.warn
    MOCK SET: cameraPowerPlanner_devices = {"cameras":{},"monitors":{},"video":{},"viewfinder

      61 |       return undefined;
      62 |     }
    > 63 |     return originalFn(...args);
         |            ^
      64 |   };
      65 | };
      66 |

      at console.<anonymous> (tests/setup/jest.setup.cjs:63:12)
      at console.apply [as warn] (src/scripts/modules/base.js:92:26)
      at Proxy.apply (src/scripts/modules/base.js:92:26)
      at Proxy.apply (src/scripts/modules/base.js:92:26)
      at Proxy.apply (src/scripts/modules/base.js:92:26)
      at Object.warn (tests/unit/storage.test.js:11:15)
      at setItem (src/scripts/storage.js:8463:17)
      at saveJSONToStorage (src/scripts/storage.js:9469:3)
      at Object.saveDeviceData (tests/unit/storage.test.js:2911:5)

  console.warn
    MOCK SET: cameraPowerPlanner_devices__backup = {"cameras":{},"monitors":{},"video":{},"viewfinder

      61 |       return undefined;
      62 |     }
    > 63 |     return originalFn(...args);
         |            ^
      64 |   };
      65 | };
      66 |

      at console.<anonymous> (tests/setup/jest.setup.cjs:63:12)
      at console.apply [as warn] (src/scripts/modules/base.js:92:26)
      at Proxy.apply (src/scripts/modules/base.js:92:26)
      at Proxy.apply (src/scripts/modules/base.js:92:26)
      at Proxy.apply (src/scripts/modules/base.js:92:26)
      at Object.warn (tests/unit/storage.test.js:11:15)
      at setItem (src/scripts/storage.js:8524:19)
      at tryStoreCandidate (src/scripts/storage.js:8540:13)
      at attemptBackupWrite (src/scripts/storage.js:8617:26)
      at saveJSONToStorage (src/scripts/storage.js:9469:3)
      at Object.saveDeviceData (tests/unit/storage.test.js:2911:5)

  console.log
    DEBUG: getSafeLocalStorage returning object

      at Proxy.apply (src/scripts/modules/base.js:92:26)

  console.log
    DEBUG: getSafeLocalStorage returning object

      at Proxy.apply (src/scripts/modules/base.js:92:26)

  console.error
    DEBUG: importAllData CALLED [ 'devices' ]

      61 |       return undefined;
      62 |     }
    > 63 |     return originalFn(...args);
         |            ^
      64 |   };
      65 | };
      66 |

      at console.<anonymous> (tests/setup/jest.setup.cjs:63:12)
      at Proxy.apply (src/scripts/modules/base.js:92:26)
      at error (src/scripts/storage.js:17633:11)
      at Object.importAllData (tests/unit/storage.test.js:2914:5)

  console.log
    DEBUG: getSafeLocalStorage returning object

      at Proxy.apply (src/scripts/modules/base.js:92:26)

  console.log
    DEBUG: getSafeLocalStorage returning object

      at Proxy.apply (src/scripts/modules/base.js:92:26)

  console.log
    DEBUG: getSafeLocalStorage returning object

      at Proxy.apply (src/scripts/modules/base.js:92:26)

  console.log
    DEBUG: getSafeLocalStorage returning object

      at Proxy.apply (src/scripts/modules/base.js:92:26)

  console.log
    DEBUG: getSafeLocalStorage returning object

      at Proxy.apply (src/scripts/modules/base.js:92:26)

  console.warn
    MOCK SET: cameraPowerPlanner_session = {"camera":"CamA"}

      61 |       return undefined;
      62 |     }
    > 63 |     return originalFn(...args);
         |            ^
      64 |   };
      65 | };
      66 |

      at console.<anonymous> (tests/setup/jest.setup.cjs:63:12)
      at console.apply [as warn] (src/scripts/modules/base.js:92:26)
      at Proxy.apply (src/scripts/modules/base.js:92:26)
      at Proxy.apply (src/scripts/modules/base.js:92:26)
      at Proxy.apply (src/scripts/modules/base.js:92:26)
      at Object.warn (tests/unit/storage.test.js:11:15)
      at setItem (src/scripts/storage.js:8463:17)
      at saveJSONToStorage (src/scripts/storage.js:9314:3)
      at Object.saveSessionState (tests/unit/storage.test.js:2922:5)

  console.warn
    MOCK SET: cameraPowerPlanner_session__backup = {"camera":"CamA"}

      61 |       return undefined;
      62 |     }
    > 63 |     return originalFn(...args);
         |            ^
      64 |   };
      65 | };
      66 |

      at console.<anonymous> (tests/setup/jest.setup.cjs:63:12)
      at console.apply [as warn] (src/scripts/modules/base.js:92:26)
      at Proxy.apply (src/scripts/modules/base.js:92:26)
      at Proxy.apply (src/scripts/modules/base.js:92:26)
      at Proxy.apply (src/scripts/modules/base.js:92:26)
      at Object.warn (tests/unit/storage.test.js:11:15)
      at setItem (src/scripts/storage.js:8524:19)
      at tryStoreCandidate (src/scripts/storage.js:8540:13)
      at attemptBackupWrite (src/scripts/storage.js:8617:26)
      at saveJSONToStorage (src/scripts/storage.js:9314:3)
      at Object.saveSessionState (tests/unit/storage.test.js:2922:5)

  console.log
    DEBUG: getSafeLocalStorage returning object

      at Proxy.apply (src/scripts/modules/base.js:92:26)

  console.log
    DEBUG: getSafeLocalStorage returning object

      at Proxy.apply (src/scripts/modules/base.js:92:26)

  console.error
    DEBUG: importAllData CALLED [ 'session' ]

      61 |       return undefined;
      62 |     }
    > 63 |     return originalFn(...args);
         |            ^
      64 |   };
      65 | };
      66 |

      at console.<anonymous> (tests/setup/jest.setup.cjs:63:12)
      at Proxy.apply (src/scripts/modules/base.js:92:26)
      at error (src/scripts/storage.js:17633:11)
      at Object.importAllData (tests/unit/storage.test.js:2925:5)

  console.log
    DEBUG: getSafeLocalStorage returning object

      at Proxy.apply (src/scripts/modules/base.js:92:26)

  console.log
    DEBUG: getSafeLocalStorage returning object

      at Proxy.apply (src/scripts/modules/base.js:92:26)

  console.log
    DEBUG: getSafeLocalStorage returning object

      at Proxy.apply (src/scripts/modules/base.js:92:26)

  console.error
    DEBUG: importAllData CALLED [ 'projects' ]

      61 |       return undefined;
      62 |     }
    > 63 |     return originalFn(...args);
         |            ^
      64 |   };
      65 | };
      66 |

      at console.<anonymous> (tests/setup/jest.setup.cjs:63:12)
      at Proxy.apply (src/scripts/modules/base.js:92:26)
      at error (src/scripts/storage.js:17633:11)
      at Object.importAllData (tests/unit/storage.test.js:2938:5)

  console.log
    DEBUG: getSafeLocalStorage returning object

      at Proxy.apply (src/scripts/modules/base.js:92:26)

  console.log
    DEBUG: getSafeLocalStorage returning object

      at Proxy.apply (src/scripts/modules/base.js:92:26)

  console.log
    DEBUG: getSafeLocalStorage returning object

      at Proxy.apply (src/scripts/modules/base.js:92:26)

  console.log
    DEBUG: getSafeLocalStorage returning object

      at Proxy.apply (src/scripts/modules/base.js:92:26)
          at Array.forEach (<anonymous>)

  console.log
    DEBUG: getSafeLocalStorage returning object

      at Proxy.apply (src/scripts/modules/base.js:92:26)
          at Array.forEach (<anonymous>)

  console.log
    DEBUG: getSafeLocalStorage returning object

      at Proxy.apply (src/scripts/modules/base.js:92:26)
          at Array.forEach (<anonymous>)

  console.log
    DEBUG: getSafeLocalStorage returning object

      at Proxy.apply (src/scripts/modules/base.js:92:26)
          at Array.forEach (<anonymous>)

  console.log
    DEBUG: getSafeLocalStorage returning object

      at Proxy.apply (src/scripts/modules/base.js:92:26)
          at Array.forEach (<anonymous>)

  console.log
    DEBUG: getSafeLocalStorage returning object

      at Proxy.apply (src/scripts/modules/base.js:92:26)
          at Array.forEach (<anonymous>)

  console.log
    DEBUG: getSafeLocalStorage returning object

      at Proxy.apply (src/scripts/modules/base.js:92:26)
          at Array.forEach (<anonymous>)

  console.log
    DEBUG: getSafeLocalStorage returning object

      at Proxy.apply (src/scripts/modules/base.js:92:26)
          at Array.forEach (<anonymous>)

  console.warn
    MOCK SET: cameraPowerPlanner_prj_OldProj = {"gearList":"<ul></ul>","projectInfo":null,"gearLi

      61 |       return undefined;
      62 |     }
    > 63 |     return originalFn(...args);
         |            ^
      64 |   };
      65 | };
      66 |

      at console.<anonymous> (tests/setup/jest.setup.cjs:63:12)
      at console.apply [as warn] (src/scripts/modules/base.js:92:26)
      at Proxy.apply (src/scripts/modules/base.js:92:26)
      at Proxy.apply (src/scripts/modules/base.js:92:26)
      at Proxy.apply (src/scripts/modules/base.js:92:26)
      at Object.warn (tests/unit/storage.test.js:11:15)
      at setItem (src/scripts/storage.js:8463:17)
      at saveJSONToStorage (src/scripts/storage.js:12780:18)
      at persistProjectShard (src/scripts/storage.js:13513:20)
      at saveProject (src/scripts/storage.js:13783:5)
      at importer (src/scripts/storage.js:18039:7)
      at importProject (src/scripts/storage.js:13881:7)
          at Array.forEach (<anonymous>)
      at forEach (src/scripts/storage.js:13868:13)
      at importProjectCollection (src/scripts/storage.js:18045:20)
      at importTrackedCollection (src/scripts/storage.js:18057:5)
      at Object.importAllData (tests/unit/storage.test.js:2938:5)

  console.log
    DEBUG: getSafeLocalStorage returning object

      at Proxy.apply (src/scripts/modules/base.js:92:26)
          at Array.forEach (<anonymous>)

  console.log
    DEBUG: getSafeLocalStorage returning object

      at Proxy.apply (src/scripts/modules/base.js:92:26)
          at Array.forEach (<anonymous>)
          at Array.forEach (<anonymous>)

  console.log
    DEBUG: getSafeLocalStorage returning object

      at Proxy.apply (src/scripts/modules/base.js:92:26)
          at Array.forEach (<anonymous>)
          at Array.forEach (<anonymous>)

  console.log
    DEBUG: getSafeLocalStorage returning object

      at Proxy.apply (src/scripts/modules/base.js:92:26)
          at Array.forEach (<anonymous>)

  console.warn
    MOCK SET: cameraPowerPlanner_project_rev = 1

      61 |       return undefined;
      62 |     }
    > 63 |     return originalFn(...args);
         |            ^
      64 |   };
      65 | };
      66 |

      at console.<anonymous> (tests/setup/jest.setup.cjs:63:12)
      at console.apply [as warn] (src/scripts/modules/base.js:92:26)
      at Proxy.apply (src/scripts/modules/base.js:92:26)
      at Proxy.apply (src/scripts/modules/base.js:92:26)
      at Proxy.apply (src/scripts/modules/base.js:92:26)
      at Object.warn (tests/unit/storage.test.js:11:15)
      at setItem (src/scripts/storage.js:8463:17)
      at saveJSONToStorage (src/scripts/storage.js:1859:3)
      at bumpProjectStorageRevision (src/scripts/storage.js:12834:3)
      at persistAllProjects (src/scripts/storage.js:13535:5)
      at saveProject (src/scripts/storage.js:13783:5)
      at importer (src/scripts/storage.js:18039:7)
      at importProject (src/scripts/storage.js:13881:7)
          at Array.forEach (<anonymous>)
      at forEach (src/scripts/storage.js:13868:13)
      at importProjectCollection (src/scripts/storage.js:18045:20)
      at importTrackedCollection (src/scripts/storage.js:18057:5)
      at Object.importAllData (tests/unit/storage.test.js:2938:5)

  console.warn
    MOCK SET: cameraPowerPlanner_project_rev__backup = 1

      61 |       return undefined;
      62 |     }
    > 63 |     return originalFn(...args);
         |            ^
      64 |   };
      65 | };
      66 |

      at console.<anonymous> (tests/setup/jest.setup.cjs:63:12)
      at console.apply [as warn] (src/scripts/modules/base.js:92:26)
      at Proxy.apply (src/scripts/modules/base.js:92:26)
      at Proxy.apply (src/scripts/modules/base.js:92:26)
      at Proxy.apply (src/scripts/modules/base.js:92:26)
      at Object.warn (tests/unit/storage.test.js:11:15)
      at setItem (src/scripts/storage.js:8524:19)
      at tryStoreCandidate (src/scripts/storage.js:8540:13)
      at attemptBackupWrite (src/scripts/storage.js:8617:26)
      at saveJSONToStorage (src/scripts/storage.js:1859:3)
      at bumpProjectStorageRevision (src/scripts/storage.js:12834:3)
      at persistAllProjects (src/scripts/storage.js:13535:5)
      at saveProject (src/scripts/storage.js:13783:5)
      at importer (src/scripts/storage.js:18039:7)
      at importProject (src/scripts/storage.js:13881:7)
          at Array.forEach (<anonymous>)
      at forEach (src/scripts/storage.js:13868:13)
      at importProjectCollection (src/scripts/storage.js:18045:20)
      at importTrackedCollection (src/scripts/storage.js:18057:5)
      at Object.importAllData (tests/unit/storage.test.js:2938:5)

  console.log
    DEBUG: getSafeLocalStorage returning object

      at Proxy.apply (src/scripts/modules/base.js:92:26)

  console.log
    DEBUG: getSafeLocalStorage returning object

      at Proxy.apply (src/scripts/modules/base.js:92:26)

  console.log
    DEBUG: getSafeLocalStorage returning object

      at Proxy.apply (src/scripts/modules/base.js:92:26)

  console.log
    DEBUG: getSafeLocalStorage returning object

      at Proxy.apply (src/scripts/modules/base.js:92:26)

  console.log
    DEBUG: getSafeLocalStorage returning object

      at Proxy.apply (src/scripts/modules/base.js:92:26)

  console.log
    DEBUG: getSafeLocalStorage returning object

      at Proxy.apply (src/scripts/modules/base.js:92:26)

  console.log
    DEBUG: getSafeLocalStorage returning object

      at Proxy.apply (src/scripts/modules/base.js:92:26)

  console.log
    DEBUG: getSafeLocalStorage returning object

      at Proxy.apply (src/scripts/modules/base.js:92:26)

  console.log
    DEBUG: getSafeLocalStorage returning object

      at Proxy.apply (src/scripts/modules/base.js:92:26)

  console.log
    DEBUG: getSafeLocalStorage returning object

      at Proxy.apply (src/scripts/modules/base.js:92:26)

  console.log
    DEBUG: getSafeLocalStorage returning object

      at Proxy.apply (src/scripts/modules/base.js:92:26)

  console.warn
    MOCK SET: cameraPowerPlanner_prj_Existing = {"gearList":"<ul>Existing</ul>","projectInfo":null

      61 |       return undefined;
      62 |     }
    > 63 |     return originalFn(...args);
         |            ^
      64 |   };
      65 | };
      66 |

      at console.<anonymous> (tests/setup/jest.setup.cjs:63:12)
      at console.apply [as warn] (src/scripts/modules/base.js:92:26)
      at Proxy.apply (src/scripts/modules/base.js:92:26)
      at Proxy.apply (src/scripts/modules/base.js:92:26)
      at Proxy.apply (src/scripts/modules/base.js:92:26)
      at Object.warn (tests/unit/storage.test.js:11:15)
      at setItem (src/scripts/storage.js:8463:17)
      at saveJSONToStorage (src/scripts/storage.js:12780:18)
      at persistProjectShard (src/scripts/storage.js:13513:20)
      at Object.saveProject (tests/unit/storage.test.js:2943:5)

  console.log
    DEBUG: getSafeLocalStorage returning object

      at Proxy.apply (src/scripts/modules/base.js:92:26)

  console.log
    DEBUG: getSafeLocalStorage returning object

      at Proxy.apply (src/scripts/modules/base.js:92:26)
          at Array.forEach (<anonymous>)

  console.log
    DEBUG: getSafeLocalStorage returning object

      at Proxy.apply (src/scripts/modules/base.js:92:26)
          at Array.forEach (<anonymous>)

  console.log
    DEBUG: getSafeLocalStorage returning object

      at Proxy.apply (src/scripts/modules/base.js:92:26)

  console.warn
    MOCK SET: cameraPowerPlanner_project_rev = 1

      61 |       return undefined;
      62 |     }
    > 63 |     return originalFn(...args);
         |            ^
      64 |   };
      65 | };
      66 |

      at console.<anonymous> (tests/setup/jest.setup.cjs:63:12)
      at console.apply [as warn] (src/scripts/modules/base.js:92:26)
      at Proxy.apply (src/scripts/modules/base.js:92:26)
      at Proxy.apply (src/scripts/modules/base.js:92:26)
      at Proxy.apply (src/scripts/modules/base.js:92:26)
      at Object.warn (tests/unit/storage.test.js:11:15)
      at setItem (src/scripts/storage.js:8463:17)
      at saveJSONToStorage (src/scripts/storage.js:1859:3)
      at bumpProjectStorageRevision (src/scripts/storage.js:12834:3)
      at persistAllProjects (src/scripts/storage.js:13535:5)
      at Object.saveProject (tests/unit/storage.test.js:2943:5)

  console.warn
    MOCK SET: cameraPowerPlanner_project_rev__backup = 1

      61 |       return undefined;
      62 |     }
    > 63 |     return originalFn(...args);
         |            ^
      64 |   };
      65 | };
      66 |

      at console.<anonymous> (tests/setup/jest.setup.cjs:63:12)
      at console.apply [as warn] (src/scripts/modules/base.js:92:26)
      at Proxy.apply (src/scripts/modules/base.js:92:26)
      at Proxy.apply (src/scripts/modules/base.js:92:26)
      at Proxy.apply (src/scripts/modules/base.js:92:26)
      at Object.warn (tests/unit/storage.test.js:11:15)
      at setItem (src/scripts/storage.js:8524:19)
      at tryStoreCandidate (src/scripts/storage.js:8540:13)
      at attemptBackupWrite (src/scripts/storage.js:8617:26)
      at saveJSONToStorage (src/scripts/storage.js:1859:3)
      at bumpProjectStorageRevision (src/scripts/storage.js:12834:3)
      at persistAllProjects (src/scripts/storage.js:13535:5)
      at Object.saveProject (tests/unit/storage.test.js:2943:5)

  console.log
    DEBUG: getSafeLocalStorage returning object

      at Proxy.apply (src/scripts/modules/base.js:92:26)

  console.log
    DEBUG: getSafeLocalStorage returning object

      at Proxy.apply (src/scripts/modules/base.js:92:26)

  console.log
    DEBUG: getSafeLocalStorage returning object

      at Proxy.apply (src/scripts/modules/base.js:92:26)

  console.log
    DEBUG: getSafeLocalStorage returning object

      at Proxy.apply (src/scripts/modules/base.js:92:26)

  console.log
    DEBUG: getSafeLocalStorage returning object

      at Proxy.apply (src/scripts/modules/base.js:92:26)

  console.log
    DEBUG: getSafeLocalStorage returning object

      at Proxy.apply (src/scripts/modules/base.js:92:26)

  console.log
    DEBUG: getSafeLocalStorage returning object

      at Proxy.apply (src/scripts/modules/base.js:92:26)

  console.log
    DEBUG: getSafeLocalStorage returning object

      at Proxy.apply (src/scripts/modules/base.js:92:26)

  console.warn
    MOCK SET: cameraPowerPlanner_prj_Duplicate = {"gearList":"<ul>Original</ul>","projectInfo":null

      61 |       return undefined;
      62 |     }
    > 63 |     return originalFn(...args);
         |            ^
      64 |   };
      65 | };
      66 |

      at console.<anonymous> (tests/setup/jest.setup.cjs:63:12)
      at console.apply [as warn] (src/scripts/modules/base.js:92:26)
      at Proxy.apply (src/scripts/modules/base.js:92:26)
      at Proxy.apply (src/scripts/modules/base.js:92:26)
      at Proxy.apply (src/scripts/modules/base.js:92:26)
      at Object.warn (tests/unit/storage.test.js:11:15)
      at setItem (src/scripts/storage.js:8463:17)
      at saveJSONToStorage (src/scripts/storage.js:12780:18)
      at persistProjectShard (src/scripts/storage.js:13513:20)
      at Object.saveProject (tests/unit/storage.test.js:2944:5)

  console.log
    DEBUG: getSafeLocalStorage returning object

      at Proxy.apply (src/scripts/modules/base.js:92:26)

  console.log
    DEBUG: getSafeLocalStorage returning object

      at Proxy.apply (src/scripts/modules/base.js:92:26)
          at Array.forEach (<anonymous>)

  console.log
    DEBUG: getSafeLocalStorage returning object

      at Proxy.apply (src/scripts/modules/base.js:92:26)
          at Array.forEach (<anonymous>)

  console.log
    DEBUG: getSafeLocalStorage returning object

      at Proxy.apply (src/scripts/modules/base.js:92:26)
          at Array.forEach (<anonymous>)

  console.log
    DEBUG: getSafeLocalStorage returning object

      at Proxy.apply (src/scripts/modules/base.js:92:26)
          at Array.forEach (<anonymous>)

  console.log
    DEBUG: getSafeLocalStorage returning object

      at Proxy.apply (src/scripts/modules/base.js:92:26)

  console.warn
    MOCK SET: cameraPowerPlanner_project_rev = 2

      61 |       return undefined;
      62 |     }
    > 63 |     return originalFn(...args);
         |            ^
      64 |   };
      65 | };
      66 |

      at console.<anonymous> (tests/setup/jest.setup.cjs:63:12)
      at console.apply [as warn] (src/scripts/modules/base.js:92:26)
      at Proxy.apply (src/scripts/modules/base.js:92:26)
      at Proxy.apply (src/scripts/modules/base.js:92:26)
      at Proxy.apply (src/scripts/modules/base.js:92:26)
      at Object.warn (tests/unit/storage.test.js:11:15)
      at setItem (src/scripts/storage.js:8463:17)
      at saveJSONToStorage (src/scripts/storage.js:1859:3)
      at bumpProjectStorageRevision (src/scripts/storage.js:12834:3)
      at persistAllProjects (src/scripts/storage.js:13535:5)
      at Object.saveProject (tests/unit/storage.test.js:2944:5)

  console.warn
    MOCK SET: cameraPowerPlanner_project_rev__backup = 2

      61 |       return undefined;
      62 |     }
    > 63 |     return originalFn(...args);
         |            ^
      64 |   };
      65 | };
      66 |

      at console.<anonymous> (tests/setup/jest.setup.cjs:63:12)
      at console.apply [as warn] (src/scripts/modules/base.js:92:26)
      at Proxy.apply (src/scripts/modules/base.js:92:26)
      at Proxy.apply (src/scripts/modules/base.js:92:26)
      at Proxy.apply (src/scripts/modules/base.js:92:26)
      at Object.warn (tests/unit/storage.test.js:11:15)
      at setItem (src/scripts/storage.js:8524:19)
      at tryStoreCandidate (src/scripts/storage.js:8540:13)
      at attemptBackupWrite (src/scripts/storage.js:8617:26)
      at saveJSONToStorage (src/scripts/storage.js:1859:3)
      at bumpProjectStorageRevision (src/scripts/storage.js:12834:3)
      at persistAllProjects (src/scripts/storage.js:13535:5)
      at Object.saveProject (tests/unit/storage.test.js:2944:5)

  console.error
    DEBUG: importAllData CALLED [ 'project' ]

      61 |       return undefined;
      62 |     }
    > 63 |     return originalFn(...args);
         |            ^
      64 |   };
      65 | };
      66 |

      at console.<anonymous> (tests/setup/jest.setup.cjs:63:12)
      at Proxy.apply (src/scripts/modules/base.js:92:26)
      at error (src/scripts/storage.js:17633:11)
      at Object.importAllData (tests/unit/storage.test.js:2951:5)

  console.log
    DEBUG: getSafeLocalStorage returning object

      at Proxy.apply (src/scripts/modules/base.js:92:26)

  console.log
    DEBUG: getSafeLocalStorage returning object

      at Proxy.apply (src/scripts/modules/base.js:92:26)

  console.log
    DEBUG: getSafeLocalStorage returning object

      at Proxy.apply (src/scripts/modules/base.js:92:26)

  console.log
    DEBUG: getSafeLocalStorage returning object

      at Proxy.apply (src/scripts/modules/base.js:92:26)
          at Array.forEach (<anonymous>)

  console.log
    DEBUG: getSafeLocalStorage returning object

      at Proxy.apply (src/scripts/modules/base.js:92:26)
          at Array.forEach (<anonymous>)

  console.log
    DEBUG: getSafeLocalStorage returning object

      at Proxy.apply (src/scripts/modules/base.js:92:26)
          at Array.forEach (<anonymous>)

  console.log
    DEBUG: getSafeLocalStorage returning object

      at Proxy.apply (src/scripts/modules/base.js:92:26)
          at Array.forEach (<anonymous>)

  console.log
    DEBUG: getSafeLocalStorage returning object

      at Proxy.apply (src/scripts/modules/base.js:92:26)
          at Array.forEach (<anonymous>)

  console.log
    DEBUG: getSafeLocalStorage returning object

      at Proxy.apply (src/scripts/modules/base.js:92:26)
          at Array.forEach (<anonymous>)

  console.log
    DEBUG: getSafeLocalStorage returning object

      at Proxy.apply (src/scripts/modules/base.js:92:26)
          at Array.forEach (<anonymous>)

  console.log
    DEBUG: getSafeLocalStorage returning object

      at Proxy.apply (src/scripts/modules/base.js:92:26)
          at Array.forEach (<anonymous>)

  console.warn
    MOCK SET: cameraPowerPlanner_prj_Duplicate-imported = {"gearList":"<ul>Replacement</ul>","projectInfo":{

      61 |       return undefined;
      62 |     }
    > 63 |     return originalFn(...args);
         |            ^
      64 |   };
      65 | };
      66 |

      at console.<anonymous> (tests/setup/jest.setup.cjs:63:12)
      at console.apply [as warn] (src/scripts/modules/base.js:92:26)
      at Proxy.apply (src/scripts/modules/base.js:92:26)
      at Proxy.apply (src/scripts/modules/base.js:92:26)
      at Proxy.apply (src/scripts/modules/base.js:92:26)
      at Object.warn (tests/unit/storage.test.js:11:15)
      at setItem (src/scripts/storage.js:8463:17)
      at saveJSONToStorage (src/scripts/storage.js:12780:18)
      at persistProjectShard (src/scripts/storage.js:13513:20)
      at saveProject (src/scripts/storage.js:13783:5)
      at importer (src/scripts/storage.js:18039:7)
      at importProject (src/scripts/storage.js:13890:7)
          at Array.forEach (<anonymous>)
      at forEach (src/scripts/storage.js:13888:32)
      at importProjectCollection (src/scripts/storage.js:18045:20)
      at importTrackedCollection (src/scripts/storage.js:18053:5)
      at Object.importAllData (tests/unit/storage.test.js:2951:5)

  console.log
    DEBUG: getSafeLocalStorage returning object

      at Proxy.apply (src/scripts/modules/base.js:92:26)
          at Array.forEach (<anonymous>)

  console.log
    DEBUG: getSafeLocalStorage returning object

      at Proxy.apply (src/scripts/modules/base.js:92:26)
          at Array.forEach (<anonymous>)
          at Array.forEach (<anonymous>)

  console.log
    DEBUG: getSafeLocalStorage returning object

      at Proxy.apply (src/scripts/modules/base.js:92:26)
          at Array.forEach (<anonymous>)
          at Array.forEach (<anonymous>)

  console.log
    DEBUG: getSafeLocalStorage returning object

      at Proxy.apply (src/scripts/modules/base.js:92:26)
          at Array.forEach (<anonymous>)
          at Array.forEach (<anonymous>)

  console.log
    DEBUG: getSafeLocalStorage returning object

      at Proxy.apply (src/scripts/modules/base.js:92:26)
          at Array.forEach (<anonymous>)
          at Array.forEach (<anonymous>)

  console.log
    DEBUG: getSafeLocalStorage returning object

      at Proxy.apply (src/scripts/modules/base.js:92:26)
          at Array.forEach (<anonymous>)
          at Array.forEach (<anonymous>)

  console.log
    DEBUG: getSafeLocalStorage returning object

      at Proxy.apply (src/scripts/modules/base.js:92:26)
          at Array.forEach (<anonymous>)
          at Array.forEach (<anonymous>)

  console.log
    DEBUG: getSafeLocalStorage returning object

      at Proxy.apply (src/scripts/modules/base.js:92:26)
          at Array.forEach (<anonymous>)

  console.warn
    MOCK SET: cameraPowerPlanner_project_rev = 3

      61 |       return undefined;
      62 |     }
    > 63 |     return originalFn(...args);
         |            ^
      64 |   };
      65 | };
      66 |

      at console.<anonymous> (tests/setup/jest.setup.cjs:63:12)
      at console.apply [as warn] (src/scripts/modules/base.js:92:26)
      at Proxy.apply (src/scripts/modules/base.js:92:26)
      at Proxy.apply (src/scripts/modules/base.js:92:26)
      at Proxy.apply (src/scripts/modules/base.js:92:26)
      at Object.warn (tests/unit/storage.test.js:11:15)
      at setItem (src/scripts/storage.js:8463:17)
      at saveJSONToStorage (src/scripts/storage.js:1859:3)
      at bumpProjectStorageRevision (src/scripts/storage.js:12834:3)
      at persistAllProjects (src/scripts/storage.js:13535:5)
      at saveProject (src/scripts/storage.js:13783:5)
      at importer (src/scripts/storage.js:18039:7)
      at importProject (src/scripts/storage.js:13890:7)
          at Array.forEach (<anonymous>)
      at forEach (src/scripts/storage.js:13888:32)
      at importProjectCollection (src/scripts/storage.js:18045:20)
      at importTrackedCollection (src/scripts/storage.js:18053:5)
      at Object.importAllData (tests/unit/storage.test.js:2951:5)

  console.warn
    MOCK SET: cameraPowerPlanner_project_rev__backup = 3

      61 |       return undefined;
      62 |     }
    > 63 |     return originalFn(...args);
         |            ^
      64 |   };
      65 | };
      66 |

      at console.<anonymous> (tests/setup/jest.setup.cjs:63:12)
      at console.apply [as warn] (src/scripts/modules/base.js:92:26)
      at Proxy.apply (src/scripts/modules/base.js:92:26)
      at Proxy.apply (src/scripts/modules/base.js:92:26)
      at Proxy.apply (src/scripts/modules/base.js:92:26)
      at Object.warn (tests/unit/storage.test.js:11:15)
      at setItem (src/scripts/storage.js:8524:19)
      at tryStoreCandidate (src/scripts/storage.js:8540:13)
      at attemptBackupWrite (src/scripts/storage.js:8617:26)
      at saveJSONToStorage (src/scripts/storage.js:1859:3)
      at bumpProjectStorageRevision (src/scripts/storage.js:12834:3)
      at persistAllProjects (src/scripts/storage.js:13535:5)
      at saveProject (src/scripts/storage.js:13783:5)
      at importer (src/scripts/storage.js:18039:7)
      at importProject (src/scripts/storage.js:13890:7)
          at Array.forEach (<anonymous>)
      at forEach (src/scripts/storage.js:13888:32)
      at importProjectCollection (src/scripts/storage.js:18045:20)
      at importTrackedCollection (src/scripts/storage.js:18053:5)
      at Object.importAllData (tests/unit/storage.test.js:2951:5)

  console.log
    DEBUG: getSafeLocalStorage returning object

      at Proxy.apply (src/scripts/modules/base.js:92:26)
          at Array.forEach (<anonymous>)

  console.log
    DEBUG: getSafeLocalStorage returning object

      at Proxy.apply (src/scripts/modules/base.js:92:26)
          at Array.forEach (<anonymous>)

  console.log
    DEBUG: getSafeLocalStorage returning object

      at Proxy.apply (src/scripts/modules/base.js:92:26)
          at Array.forEach (<anonymous>)

  console.log
    DEBUG: getSafeLocalStorage returning object

      at Proxy.apply (src/scripts/modules/base.js:92:26)
          at Array.forEach (<anonymous>)

  console.log
    DEBUG: getSafeLocalStorage returning object

      at Proxy.apply (src/scripts/modules/base.js:92:26)
          at Array.forEach (<anonymous>)

  console.log
    DEBUG: getSafeLocalStorage returning object

      at Proxy.apply (src/scripts/modules/base.js:92:26)
          at Array.forEach (<anonymous>)

  console.log
    DEBUG: getSafeLocalStorage returning object

      at Proxy.apply (src/scripts/modules/base.js:92:26)
          at Array.forEach (<anonymous>)

  console.log
    DEBUG: getSafeLocalStorage returning object

      at Proxy.apply (src/scripts/modules/base.js:92:26)
          at Array.forEach (<anonymous>)

  console.warn
    MOCK SET: cameraPowerPlanner_prj_Fresh = {"gearList":"<ul>Fresh</ul>","projectInfo":{"proje

      61 |       return undefined;
      62 |     }
    > 63 |     return originalFn(...args);
         |            ^
      64 |   };
      65 | };
      66 |

      at console.<anonymous> (tests/setup/jest.setup.cjs:63:12)
      at console.apply [as warn] (src/scripts/modules/base.js:92:26)
      at Proxy.apply (src/scripts/modules/base.js:92:26)
      at Proxy.apply (src/scripts/modules/base.js:92:26)
      at Proxy.apply (src/scripts/modules/base.js:92:26)
      at Object.warn (tests/unit/storage.test.js:11:15)
      at setItem (src/scripts/storage.js:8463:17)
      at saveJSONToStorage (src/scripts/storage.js:12780:18)
      at persistProjectShard (src/scripts/storage.js:13513:20)
      at saveProject (src/scripts/storage.js:13783:5)
      at importer (src/scripts/storage.js:18039:7)
      at importProject (src/scripts/storage.js:13890:7)
          at Array.forEach (<anonymous>)
      at forEach (src/scripts/storage.js:13888:32)
      at importProjectCollection (src/scripts/storage.js:18045:20)
      at importTrackedCollection (src/scripts/storage.js:18053:5)
      at Object.importAllData (tests/unit/storage.test.js:2951:5)

  console.log
    DEBUG: getSafeLocalStorage returning object

      at Proxy.apply (src/scripts/modules/base.js:92:26)
          at Array.forEach (<anonymous>)

  console.log
    DEBUG: getSafeLocalStorage returning object

      at Proxy.apply (src/scripts/modules/base.js:92:26)
          at Array.forEach (<anonymous>)
          at Array.forEach (<anonymous>)

  console.log
    DEBUG: getSafeLocalStorage returning object

      at Proxy.apply (src/scripts/modules/base.js:92:26)
          at Array.forEach (<anonymous>)
          at Array.forEach (<anonymous>)

  console.log
    DEBUG: getSafeLocalStorage returning object

      at Proxy.apply (src/scripts/modules/base.js:92:26)
          at Array.forEach (<anonymous>)
          at Array.forEach (<anonymous>)

  console.log
    DEBUG: getSafeLocalStorage returning object

      at Proxy.apply (src/scripts/modules/base.js:92:26)
          at Array.forEach (<anonymous>)
          at Array.forEach (<anonymous>)

  console.log
    DEBUG: getSafeLocalStorage returning object

      at Proxy.apply (src/scripts/modules/base.js:92:26)
          at Array.forEach (<anonymous>)
          at Array.forEach (<anonymous>)

  console.log
    DEBUG: getSafeLocalStorage returning object

      at Proxy.apply (src/scripts/modules/base.js:92:26)
          at Array.forEach (<anonymous>)
          at Array.forEach (<anonymous>)

  console.log
    DEBUG: getSafeLocalStorage returning object

      at Proxy.apply (src/scripts/modules/base.js:92:26)
          at Array.forEach (<anonymous>)
          at Array.forEach (<anonymous>)

  console.log
    DEBUG: getSafeLocalStorage returning object

      at Proxy.apply (src/scripts/modules/base.js:92:26)
          at Array.forEach (<anonymous>)
          at Array.forEach (<anonymous>)

  console.log
    DEBUG: getSafeLocalStorage returning object

      at Proxy.apply (src/scripts/modules/base.js:92:26)
          at Array.forEach (<anonymous>)

  console.warn
    MOCK SET: cameraPowerPlanner_project_rev = 4

      61 |       return undefined;
      62 |     }
    > 63 |     return originalFn(...args);
         |            ^
      64 |   };
      65 | };
      66 |

      at console.<anonymous> (tests/setup/jest.setup.cjs:63:12)
      at console.apply [as warn] (src/scripts/modules/base.js:92:26)
      at Proxy.apply (src/scripts/modules/base.js:92:26)
      at Proxy.apply (src/scripts/modules/base.js:92:26)
      at Proxy.apply (src/scripts/modules/base.js:92:26)
      at Object.warn (tests/unit/storage.test.js:11:15)
      at setItem (src/scripts/storage.js:8463:17)
      at saveJSONToStorage (src/scripts/storage.js:1859:3)
      at bumpProjectStorageRevision (src/scripts/storage.js:12834:3)
      at persistAllProjects (src/scripts/storage.js:13535:5)
      at saveProject (src/scripts/storage.js:13783:5)
      at importer (src/scripts/storage.js:18039:7)
      at importProject (src/scripts/storage.js:13890:7)
          at Array.forEach (<anonymous>)
      at forEach (src/scripts/storage.js:13888:32)
      at importProjectCollection (src/scripts/storage.js:18045:20)
      at importTrackedCollection (src/scripts/storage.js:18053:5)
      at Object.importAllData (tests/unit/storage.test.js:2951:5)

  console.warn
    MOCK SET: cameraPowerPlanner_project_rev__backup = 4

      61 |       return undefined;
      62 |     }
    > 63 |     return originalFn(...args);
         |            ^
      64 |   };
      65 | };
      66 |

      at console.<anonymous> (tests/setup/jest.setup.cjs:63:12)
      at console.apply [as warn] (src/scripts/modules/base.js:92:26)
      at Proxy.apply (src/scripts/modules/base.js:92:26)
      at Proxy.apply (src/scripts/modules/base.js:92:26)
      at Proxy.apply (src/scripts/modules/base.js:92:26)
      at Object.warn (tests/unit/storage.test.js:11:15)
      at setItem (src/scripts/storage.js:8524:19)
      at tryStoreCandidate (src/scripts/storage.js:8540:13)
      at attemptBackupWrite (src/scripts/storage.js:8617:26)
      at saveJSONToStorage (src/scripts/storage.js:1859:3)
      at bumpProjectStorageRevision (src/scripts/storage.js:12834:3)
      at persistAllProjects (src/scripts/storage.js:13535:5)
      at saveProject (src/scripts/storage.js:13783:5)
      at importer (src/scripts/storage.js:18039:7)
      at importProject (src/scripts/storage.js:13890:7)
          at Array.forEach (<anonymous>)
      at forEach (src/scripts/storage.js:13888:32)
      at importProjectCollection (src/scripts/storage.js:18045:20)
      at importTrackedCollection (src/scripts/storage.js:18053:5)
      at Object.importAllData (tests/unit/storage.test.js:2951:5)

  console.log
    DEBUG: getSafeLocalStorage returning object

      at Proxy.apply (src/scripts/modules/base.js:92:26)

  console.log
    DEBUG: getSafeLocalStorage returning object

      at Proxy.apply (src/scripts/modules/base.js:92:26)

  console.log
    DEBUG: getSafeLocalStorage returning object

      at Proxy.apply (src/scripts/modules/base.js:92:26)

  console.log
    DEBUG: getSafeLocalStorage returning object

      at Proxy.apply (src/scripts/modules/base.js:92:26)

  console.log
    DEBUG: getSafeLocalStorage returning object

      at Proxy.apply (src/scripts/modules/base.js:92:26)

  console.log
    DEBUG: getSafeLocalStorage returning object

      at Proxy.apply (src/scripts/modules/base.js:92:26)

  console.log
    DEBUG: getSafeLocalStorage returning object

      at Proxy.apply (src/scripts/modules/base.js:92:26)

  console.log
    DEBUG: getSafeLocalStorage returning object

      at Proxy.apply (src/scripts/modules/base.js:92:26)

  console.log
    DEBUG: getSafeLocalStorage returning object

      at Proxy.apply (src/scripts/modules/base.js:92:26)

  console.log
    DEBUG: getSafeLocalStorage returning object

      at Proxy.apply (src/scripts/modules/base.js:92:26)

  console.log
    DEBUG: getSafeLocalStorage returning object

      at Proxy.apply (src/scripts/modules/base.js:92:26)

  console.warn
    MOCK SET: cameraPowerPlanner_prj_Legacy = {"gearList":"<ul>Old</ul>","projectInfo":null,"gea

      61 |       return undefined;
      62 |     }
    > 63 |     return originalFn(...args);
         |            ^
      64 |   };
      65 | };
      66 |

      at console.<anonymous> (tests/setup/jest.setup.cjs:63:12)
      at console.apply [as warn] (src/scripts/modules/base.js:92:26)
      at Proxy.apply (src/scripts/modules/base.js:92:26)
      at Proxy.apply (src/scripts/modules/base.js:92:26)
      at Proxy.apply (src/scripts/modules/base.js:92:26)
      at Object.warn (tests/unit/storage.test.js:11:15)
      at setItem (src/scripts/storage.js:8463:17)
      at saveJSONToStorage (src/scripts/storage.js:12780:18)
      at persistProjectShard (src/scripts/storage.js:13513:20)
      at Object.saveProject (tests/unit/storage.test.js:2964:5)

  console.log
    DEBUG: getSafeLocalStorage returning object

      at Proxy.apply (src/scripts/modules/base.js:92:26)

  console.log
    DEBUG: getSafeLocalStorage returning object

      at Proxy.apply (src/scripts/modules/base.js:92:26)
          at Array.forEach (<anonymous>)

  console.log
    DEBUG: getSafeLocalStorage returning object

      at Proxy.apply (src/scripts/modules/base.js:92:26)
          at Array.forEach (<anonymous>)

  console.log
    DEBUG: getSafeLocalStorage returning object

      at Proxy.apply (src/scripts/modules/base.js:92:26)

  console.warn
    MOCK SET: cameraPowerPlanner_project_rev = 1

      61 |       return undefined;
      62 |     }
    > 63 |     return originalFn(...args);
         |            ^
      64 |   };
      65 | };
      66 |

      at console.<anonymous> (tests/setup/jest.setup.cjs:63:12)
      at console.apply [as warn] (src/scripts/modules/base.js:92:26)
      at Proxy.apply (src/scripts/modules/base.js:92:26)
      at Proxy.apply (src/scripts/modules/base.js:92:26)
      at Proxy.apply (src/scripts/modules/base.js:92:26)
      at Object.warn (tests/unit/storage.test.js:11:15)
      at setItem (src/scripts/storage.js:8463:17)
      at saveJSONToStorage (src/scripts/storage.js:1859:3)
      at bumpProjectStorageRevision (src/scripts/storage.js:12834:3)
      at persistAllProjects (src/scripts/storage.js:13535:5)
      at Object.saveProject (tests/unit/storage.test.js:2964:5)

  console.warn
    MOCK SET: cameraPowerPlanner_project_rev__backup = 1

      61 |       return undefined;
      62 |     }
    > 63 |     return originalFn(...args);
         |            ^
      64 |   };
      65 | };
      66 |

      at console.<anonymous> (tests/setup/jest.setup.cjs:63:12)
      at console.apply [as warn] (src/scripts/modules/base.js:92:26)
      at Proxy.apply (src/scripts/modules/base.js:92:26)
      at Proxy.apply (src/scripts/modules/base.js:92:26)
      at Proxy.apply (src/scripts/modules/base.js:92:26)
      at Object.warn (tests/unit/storage.test.js:11:15)
      at setItem (src/scripts/storage.js:8524:19)
      at tryStoreCandidate (src/scripts/storage.js:8540:13)
      at attemptBackupWrite (src/scripts/storage.js:8617:26)
      at saveJSONToStorage (src/scripts/storage.js:1859:3)
      at bumpProjectStorageRevision (src/scripts/storage.js:12834:3)
      at persistAllProjects (src/scripts/storage.js:13535:5)
      at Object.saveProject (tests/unit/storage.test.js:2964:5)

  console.error
    DEBUG: importAllData CALLED [ 'projects' ]

      61 |       return undefined;
      62 |     }
    > 63 |     return originalFn(...args);
         |            ^
      64 |   };
      65 | };
      66 |

      at console.<anonymous> (tests/setup/jest.setup.cjs:63:12)
      at Proxy.apply (src/scripts/modules/base.js:92:26)
      at error (src/scripts/storage.js:17633:11)
      at Object.importAllData (tests/unit/storage.test.js:2971:5)

  console.log
    DEBUG: getSafeLocalStorage returning object

      at Proxy.apply (src/scripts/modules/base.js:92:26)

  console.log
    DEBUG: getSafeLocalStorage returning object

      at Proxy.apply (src/scripts/modules/base.js:92:26)

  console.log
    DEBUG: getSafeLocalStorage returning object

      at Proxy.apply (src/scripts/modules/base.js:92:26)

  console.log
    DEBUG: getSafeLocalStorage returning object

      at Proxy.apply (src/scripts/modules/base.js:92:26)
          at Array.forEach (<anonymous>)

  console.log
    DEBUG: getSafeLocalStorage returning object

      at Proxy.apply (src/scripts/modules/base.js:92:26)
          at Array.forEach (<anonymous>)

  console.log
    DEBUG: getSafeLocalStorage returning object

      at Proxy.apply (src/scripts/modules/base.js:92:26)
          at Array.forEach (<anonymous>)

  console.log
    DEBUG: getSafeLocalStorage returning object

      at Proxy.apply (src/scripts/modules/base.js:92:26)
          at Array.forEach (<anonymous>)

  console.log
    DEBUG: getSafeLocalStorage returning object

      at Proxy.apply (src/scripts/modules/base.js:92:26)
          at Array.forEach (<anonymous>)

  console.log
    DEBUG: getSafeLocalStorage returning object

      at Proxy.apply (src/scripts/modules/base.js:92:26)
          at Array.forEach (<anonymous>)

  console.log
    DEBUG: getSafeLocalStorage returning object

      at Proxy.apply (src/scripts/modules/base.js:92:26)
          at Array.forEach (<anonymous>)

  console.log
    DEBUG: getSafeLocalStorage returning object

      at Proxy.apply (src/scripts/modules/base.js:92:26)
          at Array.forEach (<anonymous>)

  console.warn
    MOCK SET: cameraPowerPlanner_prj_Legacy-imported = {"gearList":"<ul>New</ul>","projectInfo":null,"gea

      61 |       return undefined;
      62 |     }
    > 63 |     return originalFn(...args);
         |            ^
      64 |   };
      65 | };
      66 |

      at console.<anonymous> (tests/setup/jest.setup.cjs:63:12)
      at console.apply [as warn] (src/scripts/modules/base.js:92:26)
      at Proxy.apply (src/scripts/modules/base.js:92:26)
      at Proxy.apply (src/scripts/modules/base.js:92:26)
      at Proxy.apply (src/scripts/modules/base.js:92:26)
      at Object.warn (tests/unit/storage.test.js:11:15)
      at setItem (src/scripts/storage.js:8463:17)
      at saveJSONToStorage (src/scripts/storage.js:12780:18)
      at persistProjectShard (src/scripts/storage.js:13513:20)
      at saveProject (src/scripts/storage.js:13783:5)
      at importer (src/scripts/storage.js:18039:7)
      at importProject (src/scripts/storage.js:13881:7)
          at Array.forEach (<anonymous>)
      at forEach (src/scripts/storage.js:13868:13)
      at importProjectCollection (src/scripts/storage.js:18045:20)
      at importTrackedCollection (src/scripts/storage.js:18057:5)
      at Object.importAllData (tests/unit/storage.test.js:2971:5)

  console.log
    DEBUG: getSafeLocalStorage returning object

      at Proxy.apply (src/scripts/modules/base.js:92:26)
          at Array.forEach (<anonymous>)

  console.log
    DEBUG: getSafeLocalStorage returning object

      at Proxy.apply (src/scripts/modules/base.js:92:26)
          at Array.forEach (<anonymous>)
          at Array.forEach (<anonymous>)

  console.log
    DEBUG: getSafeLocalStorage returning object

      at Proxy.apply (src/scripts/modules/base.js:92:26)
          at Array.forEach (<anonymous>)
          at Array.forEach (<anonymous>)

  console.log
    DEBUG: getSafeLocalStorage returning object

      at Proxy.apply (src/scripts/modules/base.js:92:26)
          at Array.forEach (<anonymous>)
          at Array.forEach (<anonymous>)

  console.log
    DEBUG: getSafeLocalStorage returning object

      at Proxy.apply (src/scripts/modules/base.js:92:26)
          at Array.forEach (<anonymous>)
          at Array.forEach (<anonymous>)

  console.log
    DEBUG: getSafeLocalStorage returning object

      at Proxy.apply (src/scripts/modules/base.js:92:26)
          at Array.forEach (<anonymous>)

  console.warn
    MOCK SET: cameraPowerPlanner_project_rev = 2

      61 |       return undefined;
      62 |     }
    > 63 |     return originalFn(...args);
         |            ^
      64 |   };
      65 | };
      66 |

      at console.<anonymous> (tests/setup/jest.setup.cjs:63:12)
      at console.apply [as warn] (src/scripts/modules/base.js:92:26)
      at Proxy.apply (src/scripts/modules/base.js:92:26)
      at Proxy.apply (src/scripts/modules/base.js:92:26)
      at Proxy.apply (src/scripts/modules/base.js:92:26)
      at Object.warn (tests/unit/storage.test.js:11:15)
      at setItem (src/scripts/storage.js:8463:17)
      at saveJSONToStorage (src/scripts/storage.js:1859:3)
      at bumpProjectStorageRevision (src/scripts/storage.js:12834:3)
      at persistAllProjects (src/scripts/storage.js:13535:5)
      at saveProject (src/scripts/storage.js:13783:5)
      at importer (src/scripts/storage.js:18039:7)
      at importProject (src/scripts/storage.js:13881:7)
          at Array.forEach (<anonymous>)
      at forEach (src/scripts/storage.js:13868:13)
      at importProjectCollection (src/scripts/storage.js:18045:20)
      at importTrackedCollection (src/scripts/storage.js:18057:5)
      at Object.importAllData (tests/unit/storage.test.js:2971:5)

  console.warn
    MOCK SET: cameraPowerPlanner_project_rev__backup = 2

      61 |       return undefined;
      62 |     }
    > 63 |     return originalFn(...args);
         |            ^
      64 |   };
      65 | };
      66 |

      at console.<anonymous> (tests/setup/jest.setup.cjs:63:12)
      at console.apply [as warn] (src/scripts/modules/base.js:92:26)
      at Proxy.apply (src/scripts/modules/base.js:92:26)
      at Proxy.apply (src/scripts/modules/base.js:92:26)
      at Proxy.apply (src/scripts/modules/base.js:92:26)
      at Object.warn (tests/unit/storage.test.js:11:15)
      at setItem (src/scripts/storage.js:8524:19)
      at tryStoreCandidate (src/scripts/storage.js:8540:13)
      at attemptBackupWrite (src/scripts/storage.js:8617:26)
      at saveJSONToStorage (src/scripts/storage.js:1859:3)
      at bumpProjectStorageRevision (src/scripts/storage.js:12834:3)
      at persistAllProjects (src/scripts/storage.js:13535:5)
      at saveProject (src/scripts/storage.js:13783:5)
      at importer (src/scripts/storage.js:18039:7)
      at importProject (src/scripts/storage.js:13881:7)
          at Array.forEach (<anonymous>)
      at forEach (src/scripts/storage.js:13868:13)
      at importProjectCollection (src/scripts/storage.js:18045:20)
      at importTrackedCollection (src/scripts/storage.js:18057:5)
      at Object.importAllData (tests/unit/storage.test.js:2971:5)

  console.log
    DEBUG: getSafeLocalStorage returning object

      at Proxy.apply (src/scripts/modules/base.js:92:26)
          at Array.forEach (<anonymous>)

  console.log
    DEBUG: getSafeLocalStorage returning object

      at Proxy.apply (src/scripts/modules/base.js:92:26)
          at Array.forEach (<anonymous>)

  console.log
    DEBUG: getSafeLocalStorage returning object

      at Proxy.apply (src/scripts/modules/base.js:92:26)
          at Array.forEach (<anonymous>)

  console.log
    DEBUG: getSafeLocalStorage returning object

      at Proxy.apply (src/scripts/modules/base.js:92:26)
          at Array.forEach (<anonymous>)

  console.log
    DEBUG: getSafeLocalStorage returning object

      at Proxy.apply (src/scripts/modules/base.js:92:26)
          at Array.forEach (<anonymous>)

  console.log
    DEBUG: getSafeLocalStorage returning object

      at Proxy.apply (src/scripts/modules/base.js:92:26)
          at Array.forEach (<anonymous>)

  console.log
    DEBUG: getSafeLocalStorage returning object

      at Proxy.apply (src/scripts/modules/base.js:92:26)
          at Array.forEach (<anonymous>)

  console.log
    DEBUG: getSafeLocalStorage returning object

      at Proxy.apply (src/scripts/modules/base.js:92:26)
          at Array.forEach (<anonymous>)

  console.warn
    MOCK SET: cameraPowerPlanner_prj_ = {"gearList":"<ul>Unnamed</ul>","projectInfo":null,

      61 |       return undefined;
      62 |     }
    > 63 |     return originalFn(...args);
         |            ^
      64 |   };
      65 | };
      66 |

      at console.<anonymous> (tests/setup/jest.setup.cjs:63:12)
      at console.apply [as warn] (src/scripts/modules/base.js:92:26)
      at Proxy.apply (src/scripts/modules/base.js:92:26)
      at Proxy.apply (src/scripts/modules/base.js:92:26)
      at Proxy.apply (src/scripts/modules/base.js:92:26)
      at Object.warn (tests/unit/storage.test.js:11:15)
      at setItem (src/scripts/storage.js:8463:17)
      at saveJSONToStorage (src/scripts/storage.js:12780:18)
      at persistProjectShard (src/scripts/storage.js:13513:20)
      at saveProject (src/scripts/storage.js:13783:5)
      at importer (src/scripts/storage.js:18039:7)
      at importProject (src/scripts/storage.js:13881:7)
          at Array.forEach (<anonymous>)
      at forEach (src/scripts/storage.js:13868:13)
      at importProjectCollection (src/scripts/storage.js:18045:20)
      at importTrackedCollection (src/scripts/storage.js:18057:5)
      at Object.importAllData (tests/unit/storage.test.js:2971:5)

  console.log
    DEBUG: getSafeLocalStorage returning object

      at Proxy.apply (src/scripts/modules/base.js:92:26)
          at Array.forEach (<anonymous>)

  console.log
    DEBUG: getSafeLocalStorage returning object

      at Proxy.apply (src/scripts/modules/base.js:92:26)
          at Array.forEach (<anonymous>)
          at Array.forEach (<anonymous>)

  console.log
    DEBUG: getSafeLocalStorage returning object

      at Proxy.apply (src/scripts/modules/base.js:92:26)
          at Array.forEach (<anonymous>)
          at Array.forEach (<anonymous>)

  console.log
    DEBUG: getSafeLocalStorage returning object

      at Proxy.apply (src/scripts/modules/base.js:92:26)
          at Array.forEach (<anonymous>)
          at Array.forEach (<anonymous>)

  console.log
    DEBUG: getSafeLocalStorage returning object

      at Proxy.apply (src/scripts/modules/base.js:92:26)
          at Array.forEach (<anonymous>)
          at Array.forEach (<anonymous>)

  console.log
    DEBUG: getSafeLocalStorage returning object

      at Proxy.apply (src/scripts/modules/base.js:92:26)
          at Array.forEach (<anonymous>)
          at Array.forEach (<anonymous>)

  console.log
    DEBUG: getSafeLocalStorage returning object

      at Proxy.apply (src/scripts/modules/base.js:92:26)
          at Array.forEach (<anonymous>)
          at Array.forEach (<anonymous>)

  console.log
    DEBUG: getSafeLocalStorage returning object

      at Proxy.apply (src/scripts/modules/base.js:92:26)
          at Array.forEach (<anonymous>)

  console.warn
    MOCK SET: cameraPowerPlanner_project_rev = 3

      61 |       return undefined;
      62 |     }
    > 63 |     return originalFn(...args);
         |            ^
      64 |   };
      65 | };
      66 |

      at console.<anonymous> (tests/setup/jest.setup.cjs:63:12)
      at console.apply [as warn] (src/scripts/modules/base.js:92:26)
      at Proxy.apply (src/scripts/modules/base.js:92:26)
      at Proxy.apply (src/scripts/modules/base.js:92:26)
      at Proxy.apply (src/scripts/modules/base.js:92:26)
      at Object.warn (tests/unit/storage.test.js:11:15)
      at setItem (src/scripts/storage.js:8463:17)
      at saveJSONToStorage (src/scripts/storage.js:1859:3)
      at bumpProjectStorageRevision (src/scripts/storage.js:12834:3)
      at persistAllProjects (src/scripts/storage.js:13535:5)
      at saveProject (src/scripts/storage.js:13783:5)
      at importer (src/scripts/storage.js:18039:7)
      at importProject (src/scripts/storage.js:13881:7)
          at Array.forEach (<anonymous>)
      at forEach (src/scripts/storage.js:13868:13)
      at importProjectCollection (src/scripts/storage.js:18045:20)
      at importTrackedCollection (src/scripts/storage.js:18057:5)
      at Object.importAllData (tests/unit/storage.test.js:2971:5)

  console.warn
    MOCK SET: cameraPowerPlanner_project_rev__backup = 3

      61 |       return undefined;
      62 |     }
    > 63 |     return originalFn(...args);
         |            ^
      64 |   };
      65 | };
      66 |

      at console.<anonymous> (tests/setup/jest.setup.cjs:63:12)
      at console.apply [as warn] (src/scripts/modules/base.js:92:26)
      at Proxy.apply (src/scripts/modules/base.js:92:26)
      at Proxy.apply (src/scripts/modules/base.js:92:26)
      at Proxy.apply (src/scripts/modules/base.js:92:26)
      at Object.warn (tests/unit/storage.test.js:11:15)
      at setItem (src/scripts/storage.js:8524:19)
      at tryStoreCandidate (src/scripts/storage.js:8540:13)
      at attemptBackupWrite (src/scripts/storage.js:8617:26)
      at saveJSONToStorage (src/scripts/storage.js:1859:3)
      at bumpProjectStorageRevision (src/scripts/storage.js:12834:3)
      at persistAllProjects (src/scripts/storage.js:13535:5)
      at saveProject (src/scripts/storage.js:13783:5)
      at importer (src/scripts/storage.js:18039:7)
      at importProject (src/scripts/storage.js:13881:7)
          at Array.forEach (<anonymous>)
      at forEach (src/scripts/storage.js:13868:13)
      at importProjectCollection (src/scripts/storage.js:18045:20)
      at importTrackedCollection (src/scripts/storage.js:18057:5)
      at Object.importAllData (tests/unit/storage.test.js:2971:5)

  console.log
    DEBUG: getSafeLocalStorage returning object

      at Proxy.apply (src/scripts/modules/base.js:92:26)

  console.log
    DEBUG: getSafeLocalStorage returning object

      at Proxy.apply (src/scripts/modules/base.js:92:26)

  console.log
    DEBUG: getSafeLocalStorage returning object

      at Proxy.apply (src/scripts/modules/base.js:92:26)

  console.error
    DEBUG: importAllData CALLED [ 'projects', 'project' ]

      61 |       return undefined;
      62 |     }
    > 63 |     return originalFn(...args);
         |            ^
      64 |   };
      65 | };
      66 |

      at console.<anonymous> (tests/setup/jest.setup.cjs:63:12)
      at Proxy.apply (src/scripts/modules/base.js:92:26)
      at error (src/scripts/storage.js:17633:11)
      at Object.importAllData (tests/unit/storage.test.js:2994:5)

  console.log
    DEBUG: getSafeLocalStorage returning object

      at Proxy.apply (src/scripts/modules/base.js:92:26)

  console.log
    DEBUG: getSafeLocalStorage returning object

      at Proxy.apply (src/scripts/modules/base.js:92:26)

  console.log
    DEBUG: getSafeLocalStorage returning object

      at Proxy.apply (src/scripts/modules/base.js:92:26)

  console.log
    DEBUG: getSafeLocalStorage returning object

      at Proxy.apply (src/scripts/modules/base.js:92:26)
          at Array.forEach (<anonymous>)

  console.log
    DEBUG: getSafeLocalStorage returning object

      at Proxy.apply (src/scripts/modules/base.js:92:26)
          at Array.forEach (<anonymous>)

  console.log
    DEBUG: getSafeLocalStorage returning object

      at Proxy.apply (src/scripts/modules/base.js:92:26)
          at Array.forEach (<anonymous>)

  console.log
    DEBUG: getSafeLocalStorage returning object

      at Proxy.apply (src/scripts/modules/base.js:92:26)
          at Array.forEach (<anonymous>)

  console.log
    DEBUG: getSafeLocalStorage returning object

      at Proxy.apply (src/scripts/modules/base.js:92:26)
          at Array.forEach (<anonymous>)

  console.log
    DEBUG: getSafeLocalStorage returning object

      at Proxy.apply (src/scripts/modules/base.js:92:26)
          at Array.forEach (<anonymous>)

  console.log
    DEBUG: getSafeLocalStorage returning object

      at Proxy.apply (src/scripts/modules/base.js:92:26)
          at Array.forEach (<anonymous>)

  console.log
    DEBUG: getSafeLocalStorage returning object

      at Proxy.apply (src/scripts/modules/base.js:92:26)
          at Array.forEach (<anonymous>)

  console.warn
    MOCK SET: cameraPowerPlanner_prj_Solo = {"gearList":"<ul>Solo</ul>","projectInfo":null,"ge

      61 |       return undefined;
      62 |     }
    > 63 |     return originalFn(...args);
         |            ^
      64 |   };
      65 | };
      66 |

      at console.<anonymous> (tests/setup/jest.setup.cjs:63:12)
      at console.apply [as warn] (src/scripts/modules/base.js:92:26)
      at Proxy.apply (src/scripts/modules/base.js:92:26)
      at Proxy.apply (src/scripts/modules/base.js:92:26)
      at Proxy.apply (src/scripts/modules/base.js:92:26)
      at Object.warn (tests/unit/storage.test.js:11:15)
      at setItem (src/scripts/storage.js:8463:17)
      at saveJSONToStorage (src/scripts/storage.js:12780:18)
      at persistProjectShard (src/scripts/storage.js:13513:20)
      at saveProject (src/scripts/storage.js:13783:5)
      at importer (src/scripts/storage.js:18039:7)
      at importProject (src/scripts/storage.js:13881:7)
          at Array.forEach (<anonymous>)
      at forEach (src/scripts/storage.js:13868:13)
      at importProjectCollection (src/scripts/storage.js:13837:14)
      at importProjectCollection (src/scripts/storage.js:18045:20)
      at importTrackedCollection (src/scripts/storage.js:18053:5)
      at Object.importAllData (tests/unit/storage.test.js:2994:5)

  console.log
    DEBUG: getSafeLocalStorage returning object

      at Proxy.apply (src/scripts/modules/base.js:92:26)
          at Array.forEach (<anonymous>)

  console.log
    DEBUG: getSafeLocalStorage returning object

      at Proxy.apply (src/scripts/modules/base.js:92:26)
          at Array.forEach (<anonymous>)
          at Array.forEach (<anonymous>)

  console.log
    DEBUG: getSafeLocalStorage returning object

      at Proxy.apply (src/scripts/modules/base.js:92:26)
          at Array.forEach (<anonymous>)
          at Array.forEach (<anonymous>)

  console.log
    DEBUG: getSafeLocalStorage returning object

      at Proxy.apply (src/scripts/modules/base.js:92:26)
          at Array.forEach (<anonymous>)

  console.warn
    MOCK SET: cameraPowerPlanner_project_rev = 1

      61 |       return undefined;
      62 |     }
    > 63 |     return originalFn(...args);
         |            ^
      64 |   };
      65 | };
      66 |

      at console.<anonymous> (tests/setup/jest.setup.cjs:63:12)
      at console.apply [as warn] (src/scripts/modules/base.js:92:26)
      at Proxy.apply (src/scripts/modules/base.js:92:26)
      at Proxy.apply (src/scripts/modules/base.js:92:26)
      at Proxy.apply (src/scripts/modules/base.js:92:26)
      at Object.warn (tests/unit/storage.test.js:11:15)
      at setItem (src/scripts/storage.js:8463:17)
      at saveJSONToStorage (src/scripts/storage.js:1859:3)
      at bumpProjectStorageRevision (src/scripts/storage.js:12834:3)
      at persistAllProjects (src/scripts/storage.js:13535:5)
      at saveProject (src/scripts/storage.js:13783:5)
      at importer (src/scripts/storage.js:18039:7)
      at importProject (src/scripts/storage.js:13881:7)
          at Array.forEach (<anonymous>)
      at forEach (src/scripts/storage.js:13868:13)
      at importProjectCollection (src/scripts/storage.js:13837:14)
      at importProjectCollection (src/scripts/storage.js:18045:20)
      at importTrackedCollection (src/scripts/storage.js:18053:5)
      at Object.importAllData (tests/unit/storage.test.js:2994:5)

  console.warn
    MOCK SET: cameraPowerPlanner_project_rev__backup = 1

      61 |       return undefined;
      62 |     }
    > 63 |     return originalFn(...args);
         |            ^
      64 |   };
      65 | };
      66 |

      at console.<anonymous> (tests/setup/jest.setup.cjs:63:12)
      at console.apply [as warn] (src/scripts/modules/base.js:92:26)
      at Proxy.apply (src/scripts/modules/base.js:92:26)
      at Proxy.apply (src/scripts/modules/base.js:92:26)
      at Proxy.apply (src/scripts/modules/base.js:92:26)
      at Object.warn (tests/unit/storage.test.js:11:15)
      at setItem (src/scripts/storage.js:8524:19)
      at tryStoreCandidate (src/scripts/storage.js:8540:13)
      at attemptBackupWrite (src/scripts/storage.js:8617:26)
      at saveJSONToStorage (src/scripts/storage.js:1859:3)
      at bumpProjectStorageRevision (src/scripts/storage.js:12834:3)
      at persistAllProjects (src/scripts/storage.js:13535:5)
      at saveProject (src/scripts/storage.js:13783:5)
      at importer (src/scripts/storage.js:18039:7)
      at importProject (src/scripts/storage.js:13881:7)
          at Array.forEach (<anonymous>)
      at forEach (src/scripts/storage.js:13868:13)
      at importProjectCollection (src/scripts/storage.js:13837:14)
      at importProjectCollection (src/scripts/storage.js:18045:20)
      at importTrackedCollection (src/scripts/storage.js:18053:5)
      at Object.importAllData (tests/unit/storage.test.js:2994:5)

  console.log
    DEBUG: getSafeLocalStorage returning object

      at Proxy.apply (src/scripts/modules/base.js:92:26)
          at Array.forEach (<anonymous>)

  console.log
    DEBUG: getSafeLocalStorage returning object

      at Proxy.apply (src/scripts/modules/base.js:92:26)
          at Array.forEach (<anonymous>)

  console.log
    DEBUG: getSafeLocalStorage returning object

      at Proxy.apply (src/scripts/modules/base.js:92:26)
          at Array.forEach (<anonymous>)

  console.log
    DEBUG: getSafeLocalStorage returning object

      at Proxy.apply (src/scripts/modules/base.js:92:26)
          at Array.forEach (<anonymous>)

  console.log
    DEBUG: getSafeLocalStorage returning object

      at Proxy.apply (src/scripts/modules/base.js:92:26)
          at Array.forEach (<anonymous>)

  console.log
    DEBUG: getSafeLocalStorage returning object

      at Proxy.apply (src/scripts/modules/base.js:92:26)
          at Array.forEach (<anonymous>)

  console.log
    DEBUG: getSafeLocalStorage returning object

      at Proxy.apply (src/scripts/modules/base.js:92:26)
          at Array.forEach (<anonymous>)

  console.log
    DEBUG: getSafeLocalStorage returning object

      at Proxy.apply (src/scripts/modules/base.js:92:26)
          at Array.forEach (<anonymous>)

  console.warn
    MOCK SET: cameraPowerPlanner_prj_7 = {"gearList":"<ul>Seven</ul>","projectInfo":null,"g

      61 |       return undefined;
      62 |     }
    > 63 |     return originalFn(...args);
         |            ^
      64 |   };
      65 | };
      66 |

      at console.<anonymous> (tests/setup/jest.setup.cjs:63:12)
      at console.apply [as warn] (src/scripts/modules/base.js:92:26)
      at Proxy.apply (src/scripts/modules/base.js:92:26)
      at Proxy.apply (src/scripts/modules/base.js:92:26)
      at Proxy.apply (src/scripts/modules/base.js:92:26)
      at Object.warn (tests/unit/storage.test.js:11:15)
      at setItem (src/scripts/storage.js:8463:17)
      at saveJSONToStorage (src/scripts/storage.js:12780:18)
      at persistProjectShard (src/scripts/storage.js:13513:20)
      at saveProject (src/scripts/storage.js:13783:5)
      at importer (src/scripts/storage.js:18039:7)
      at importProject (src/scripts/storage.js:13881:7)
          at Array.forEach (<anonymous>)
      at forEach (src/scripts/storage.js:13868:13)
      at importProjectCollection (src/scripts/storage.js:13837:14)
      at importProjectCollection (src/scripts/storage.js:18045:20)
      at importTrackedCollection (src/scripts/storage.js:18057:5)
      at Object.importAllData (tests/unit/storage.test.js:2994:5)

  console.log
    DEBUG: getSafeLocalStorage returning object

      at Proxy.apply (src/scripts/modules/base.js:92:26)
          at Array.forEach (<anonymous>)

  console.log
    DEBUG: getSafeLocalStorage returning object

      at Proxy.apply (src/scripts/modules/base.js:92:26)
          at Array.forEach (<anonymous>)
          at Array.forEach (<anonymous>)

  console.log
    DEBUG: getSafeLocalStorage returning object

      at Proxy.apply (src/scripts/modules/base.js:92:26)
          at Array.forEach (<anonymous>)
          at Array.forEach (<anonymous>)

  console.log
    DEBUG: getSafeLocalStorage returning object

      at Proxy.apply (src/scripts/modules/base.js:92:26)
          at Array.forEach (<anonymous>)
          at Array.forEach (<anonymous>)

  console.log
    DEBUG: getSafeLocalStorage returning object

      at Proxy.apply (src/scripts/modules/base.js:92:26)
          at Array.forEach (<anonymous>)
          at Array.forEach (<anonymous>)

  console.log
    DEBUG: getSafeLocalStorage returning object

      at Proxy.apply (src/scripts/modules/base.js:92:26)
          at Array.forEach (<anonymous>)

  console.warn
    MOCK SET: cameraPowerPlanner_project_rev = 2

      61 |       return undefined;
      62 |     }
    > 63 |     return originalFn(...args);
         |            ^
      64 |   };
      65 | };
      66 |

      at console.<anonymous> (tests/setup/jest.setup.cjs:63:12)
      at console.apply [as warn] (src/scripts/modules/base.js:92:26)
      at Proxy.apply (src/scripts/modules/base.js:92:26)
      at Proxy.apply (src/scripts/modules/base.js:92:26)
      at Proxy.apply (src/scripts/modules/base.js:92:26)
      at Object.warn (tests/unit/storage.test.js:11:15)
      at setItem (src/scripts/storage.js:8463:17)
      at saveJSONToStorage (src/scripts/storage.js:1859:3)
      at bumpProjectStorageRevision (src/scripts/storage.js:12834:3)
      at persistAllProjects (src/scripts/storage.js:13535:5)
      at saveProject (src/scripts/storage.js:13783:5)
      at importer (src/scripts/storage.js:18039:7)
      at importProject (src/scripts/storage.js:13881:7)
          at Array.forEach (<anonymous>)
      at forEach (src/scripts/storage.js:13868:13)
      at importProjectCollection (src/scripts/storage.js:13837:14)
      at importProjectCollection (src/scripts/storage.js:18045:20)
      at importTrackedCollection (src/scripts/storage.js:18057:5)
      at Object.importAllData (tests/unit/storage.test.js:2994:5)

  console.warn
    MOCK SET: cameraPowerPlanner_project_rev__backup = 2

      61 |       return undefined;
      62 |     }
    > 63 |     return originalFn(...args);
         |            ^
      64 |   };
      65 | };
      66 |

      at console.<anonymous> (tests/setup/jest.setup.cjs:63:12)
      at console.apply [as warn] (src/scripts/modules/base.js:92:26)
      at Proxy.apply (src/scripts/modules/base.js:92:26)
      at Proxy.apply (src/scripts/modules/base.js:92:26)
      at Proxy.apply (src/scripts/modules/base.js:92:26)
      at Object.warn (tests/unit/storage.test.js:11:15)
      at setItem (src/scripts/storage.js:8524:19)
      at tryStoreCandidate (src/scripts/storage.js:8540:13)
      at attemptBackupWrite (src/scripts/storage.js:8617:26)
      at saveJSONToStorage (src/scripts/storage.js:1859:3)
      at bumpProjectStorageRevision (src/scripts/storage.js:12834:3)
      at persistAllProjects (src/scripts/storage.js:13535:5)
      at saveProject (src/scripts/storage.js:13783:5)
      at importer (src/scripts/storage.js:18039:7)
      at importProject (src/scripts/storage.js:13881:7)
          at Array.forEach (<anonymous>)
      at forEach (src/scripts/storage.js:13868:13)
      at importProjectCollection (src/scripts/storage.js:13837:14)
      at importProjectCollection (src/scripts/storage.js:18045:20)
      at importTrackedCollection (src/scripts/storage.js:18057:5)
      at Object.importAllData (tests/unit/storage.test.js:2994:5)

  console.log
    DEBUG: getSafeLocalStorage returning object

      at Proxy.apply (src/scripts/modules/base.js:92:26)
          at Array.forEach (<anonymous>)

  console.log
    DEBUG: getSafeLocalStorage returning object

      at Proxy.apply (src/scripts/modules/base.js:92:26)
          at Array.forEach (<anonymous>)

  console.log
    DEBUG: getSafeLocalStorage returning object

      at Proxy.apply (src/scripts/modules/base.js:92:26)
          at Array.forEach (<anonymous>)

  console.log
    DEBUG: getSafeLocalStorage returning object

      at Proxy.apply (src/scripts/modules/base.js:92:26)
          at Array.forEach (<anonymous>)

  console.log
    DEBUG: getSafeLocalStorage returning object

      at Proxy.apply (src/scripts/modules/base.js:92:26)
          at Array.forEach (<anonymous>)

  console.log
    DEBUG: getSafeLocalStorage returning object

      at Proxy.apply (src/scripts/modules/base.js:92:26)
          at Array.forEach (<anonymous>)

  console.log
    DEBUG: getSafeLocalStorage returning object

      at Proxy.apply (src/scripts/modules/base.js:92:26)
          at Array.forEach (<anonymous>)

  console.log
    DEBUG: getSafeLocalStorage returning object

      at Proxy.apply (src/scripts/modules/base.js:92:26)
          at Array.forEach (<anonymous>)

  console.warn
    MOCK SET: cameraPowerPlanner_prj_Mapped = {"gearList":"<ul>Mapped</ul>","projectInfo":null,"

      61 |       return undefined;
      62 |     }
    > 63 |     return originalFn(...args);
         |            ^
      64 |   };
      65 | };
      66 |

      at console.<anonymous> (tests/setup/jest.setup.cjs:63:12)
      at console.apply [as warn] (src/scripts/modules/base.js:92:26)
      at Proxy.apply (src/scripts/modules/base.js:92:26)
      at Proxy.apply (src/scripts/modules/base.js:92:26)
      at Proxy.apply (src/scripts/modules/base.js:92:26)
      at Object.warn (tests/unit/storage.test.js:11:15)
      at setItem (src/scripts/storage.js:8463:17)
      at saveJSONToStorage (src/scripts/storage.js:12780:18)
      at persistProjectShard (src/scripts/storage.js:13513:20)
      at saveProject (src/scripts/storage.js:13783:5)
      at importer (src/scripts/storage.js:18039:7)
      at importProject (src/scripts/storage.js:13881:7)
          at Array.forEach (<anonymous>)
      at forEach (src/scripts/storage.js:13868:13)
      at importProjectCollection (src/scripts/storage.js:13837:14)
      at importProjectCollection (src/scripts/storage.js:18045:20)
      at importTrackedCollection (src/scripts/storage.js:18057:5)
      at Object.importAllData (tests/unit/storage.test.js:2994:5)

  console.log
    DEBUG: getSafeLocalStorage returning object

      at Proxy.apply (src/scripts/modules/base.js:92:26)
          at Array.forEach (<anonymous>)

  console.log
    DEBUG: getSafeLocalStorage returning object

      at Proxy.apply (src/scripts/modules/base.js:92:26)
          at Array.forEach (<anonymous>)
          at Array.forEach (<anonymous>)

  console.log
    DEBUG: getSafeLocalStorage returning object

      at Proxy.apply (src/scripts/modules/base.js:92:26)
          at Array.forEach (<anonymous>)
          at Array.forEach (<anonymous>)

  console.log
    DEBUG: getSafeLocalStorage returning object

      at Proxy.apply (src/scripts/modules/base.js:92:26)
          at Array.forEach (<anonymous>)
          at Array.forEach (<anonymous>)

  console.log
    DEBUG: getSafeLocalStorage returning object

      at Proxy.apply (src/scripts/modules/base.js:92:26)
          at Array.forEach (<anonymous>)
          at Array.forEach (<anonymous>)

  console.log
    DEBUG: getSafeLocalStorage returning object

      at Proxy.apply (src/scripts/modules/base.js:92:26)
          at Array.forEach (<anonymous>)
          at Array.forEach (<anonymous>)

  console.log
    DEBUG: getSafeLocalStorage returning object

      at Proxy.apply (src/scripts/modules/base.js:92:26)
          at Array.forEach (<anonymous>)
          at Array.forEach (<anonymous>)

  console.log
    DEBUG: getSafeLocalStorage returning object

      at Proxy.apply (src/scripts/modules/base.js:92:26)
          at Array.forEach (<anonymous>)

  console.warn
    MOCK SET: cameraPowerPlanner_project_rev = 3

      61 |       return undefined;
      62 |     }
    > 63 |     return originalFn(...args);
         |            ^
      64 |   };
      65 | };
      66 |

      at console.<anonymous> (tests/setup/jest.setup.cjs:63:12)
      at console.apply [as warn] (src/scripts/modules/base.js:92:26)
      at Proxy.apply (src/scripts/modules/base.js:92:26)
      at Proxy.apply (src/scripts/modules/base.js:92:26)
      at Proxy.apply (src/scripts/modules/base.js:92:26)
      at Object.warn (tests/unit/storage.test.js:11:15)
      at setItem (src/scripts/storage.js:8463:17)
      at saveJSONToStorage (src/scripts/storage.js:1859:3)
      at bumpProjectStorageRevision (src/scripts/storage.js:12834:3)
      at persistAllProjects (src/scripts/storage.js:13535:5)
      at saveProject (src/scripts/storage.js:13783:5)
      at importer (src/scripts/storage.js:18039:7)
      at importProject (src/scripts/storage.js:13881:7)
          at Array.forEach (<anonymous>)
      at forEach (src/scripts/storage.js:13868:13)
      at importProjectCollection (src/scripts/storage.js:13837:14)
      at importProjectCollection (src/scripts/storage.js:18045:20)
      at importTrackedCollection (src/scripts/storage.js:18057:5)
      at Object.importAllData (tests/unit/storage.test.js:2994:5)

  console.warn
    MOCK SET: cameraPowerPlanner_project_rev__backup = 3

      61 |       return undefined;
      62 |     }
    > 63 |     return originalFn(...args);
         |            ^
      64 |   };
      65 | };
      66 |

      at console.<anonymous> (tests/setup/jest.setup.cjs:63:12)
      at console.apply [as warn] (src/scripts/modules/base.js:92:26)
      at Proxy.apply (src/scripts/modules/base.js:92:26)
      at Proxy.apply (src/scripts/modules/base.js:92:26)
      at Proxy.apply (src/scripts/modules/base.js:92:26)
      at Object.warn (tests/unit/storage.test.js:11:15)
      at setItem (src/scripts/storage.js:8524:19)
      at tryStoreCandidate (src/scripts/storage.js:8540:13)
      at attemptBackupWrite (src/scripts/storage.js:8617:26)
      at saveJSONToStorage (src/scripts/storage.js:1859:3)
      at bumpProjectStorageRevision (src/scripts/storage.js:12834:3)
      at persistAllProjects (src/scripts/storage.js:13535:5)
      at saveProject (src/scripts/storage.js:13783:5)
      at importer (src/scripts/storage.js:18039:7)
      at importProject (src/scripts/storage.js:13881:7)
          at Array.forEach (<anonymous>)
      at forEach (src/scripts/storage.js:13868:13)
      at importProjectCollection (src/scripts/storage.js:13837:14)
      at importProjectCollection (src/scripts/storage.js:18045:20)
      at importTrackedCollection (src/scripts/storage.js:18057:5)
      at Object.importAllData (tests/unit/storage.test.js:2994:5)

  console.log
    DEBUG: getSafeLocalStorage returning object

      at Proxy.apply (src/scripts/modules/base.js:92:26)

  console.log
    DEBUG: getSafeLocalStorage returning object

      at Proxy.apply (src/scripts/modules/base.js:92:26)

  console.log
    DEBUG: getSafeLocalStorage returning object

      at Proxy.apply (src/scripts/modules/base.js:92:26)

  console.log
    DEBUG: getSafeLocalStorage returning object

      at Proxy.apply (src/scripts/modules/base.js:92:26)

  console.log
    DEBUG: getSafeLocalStorage returning object

      at Proxy.apply (src/scripts/modules/base.js:92:26)

  console.log
    DEBUG: getSafeLocalStorage returning object

      at Proxy.apply (src/scripts/modules/base.js:92:26)

  console.log
    DEBUG: getSafeLocalStorage returning object

      at Proxy.apply (src/scripts/modules/base.js:92:26)

  console.log
    DEBUG: getSafeLocalStorage returning object

      at Proxy.apply (src/scripts/modules/base.js:92:26)

  console.log
    DEBUG: getSafeLocalStorage returning object

      at Proxy.apply (src/scripts/modules/base.js:92:26)

  console.log
    DEBUG: getSafeLocalStorage returning object

      at Proxy.apply (src/scripts/modules/base.js:92:26)

  console.log
    DEBUG: getSafeLocalStorage returning object

      at Proxy.apply (src/scripts/modules/base.js:92:26)

  console.log
    DEBUG: getSafeLocalStorage returning object

      at Proxy.apply (src/scripts/modules/base.js:92:26)

  console.error
    DEBUG: importAllData CALLED [ 'projects' ]

      61 |       return undefined;
      62 |     }
    > 63 |     return originalFn(...args);
         |            ^
      64 |   };
      65 | };
      66 |

      at console.<anonymous> (tests/setup/jest.setup.cjs:63:12)
      at Proxy.apply (src/scripts/modules/base.js:92:26)
      at error (src/scripts/storage.js:17633:11)
      at Object.importAllData (tests/unit/storage.test.js:3007:5)

  console.log
    DEBUG: getSafeLocalStorage returning object

      at Proxy.apply (src/scripts/modules/base.js:92:26)

  console.log
    DEBUG: getSafeLocalStorage returning object

      at Proxy.apply (src/scripts/modules/base.js:92:26)

  console.log
    DEBUG: getSafeLocalStorage returning object

      at Proxy.apply (src/scripts/modules/base.js:92:26)

  console.log
    DEBUG: getSafeLocalStorage returning object

      at Proxy.apply (src/scripts/modules/base.js:92:26)
          at Array.forEach (<anonymous>)

  console.log
    DEBUG: getSafeLocalStorage returning object

      at Proxy.apply (src/scripts/modules/base.js:92:26)
          at Array.forEach (<anonymous>)

  console.log
    DEBUG: getSafeLocalStorage returning object

      at Proxy.apply (src/scripts/modules/base.js:92:26)
          at Array.forEach (<anonymous>)

  console.log
    DEBUG: getSafeLocalStorage returning object

      at Proxy.apply (src/scripts/modules/base.js:92:26)
          at Array.forEach (<anonymous>)

  console.log
    DEBUG: getSafeLocalStorage returning object

      at Proxy.apply (src/scripts/modules/base.js:92:26)
          at Array.forEach (<anonymous>)

  console.log
    DEBUG: getSafeLocalStorage returning object

      at Proxy.apply (src/scripts/modules/base.js:92:26)
          at Array.forEach (<anonymous>)

  console.log
    DEBUG: getSafeLocalStorage returning object

      at Proxy.apply (src/scripts/modules/base.js:92:26)
          at Array.forEach (<anonymous>)

  console.log
    DEBUG: getSafeLocalStorage returning object

      at Proxy.apply (src/scripts/modules/base.js:92:26)
          at Array.forEach (<anonymous>)

  console.warn
    MOCK SET: cameraPowerPlanner_prj_TupleProject = {"gearList":"<ul>Tuple</ul>","projectInfo":null,"g

      61 |       return undefined;
      62 |     }
    > 63 |     return originalFn(...args);
         |            ^
      64 |   };
      65 | };
      66 |

      at console.<anonymous> (tests/setup/jest.setup.cjs:63:12)
      at console.apply [as warn] (src/scripts/modules/base.js:92:26)
      at Proxy.apply (src/scripts/modules/base.js:92:26)
      at Proxy.apply (src/scripts/modules/base.js:92:26)
      at Proxy.apply (src/scripts/modules/base.js:92:26)
      at Object.warn (tests/unit/storage.test.js:11:15)
      at setItem (src/scripts/storage.js:8463:17)
      at saveJSONToStorage (src/scripts/storage.js:12780:18)
      at persistProjectShard (src/scripts/storage.js:13513:20)
      at saveProject (src/scripts/storage.js:13783:5)
      at importer (src/scripts/storage.js:18039:7)
      at importProject (src/scripts/storage.js:13881:7)
          at Array.forEach (<anonymous>)
      at forEach (src/scripts/storage.js:13868:13)
      at importProjectCollection (src/scripts/storage.js:18045:20)
      at importTrackedCollection (src/scripts/storage.js:18057:5)
      at Object.importAllData (tests/unit/storage.test.js:3007:5)

  console.log
    DEBUG: getSafeLocalStorage returning object

      at Proxy.apply (src/scripts/modules/base.js:92:26)
          at Array.forEach (<anonymous>)

  console.log
    DEBUG: getSafeLocalStorage returning object

      at Proxy.apply (src/scripts/modules/base.js:92:26)
          at Array.forEach (<anonymous>)
          at Array.forEach (<anonymous>)

  console.log
    DEBUG: getSafeLocalStorage returning object

      at Proxy.apply (src/scripts/modules/base.js:92:26)
          at Array.forEach (<anonymous>)
          at Array.forEach (<anonymous>)

  console.log
    DEBUG: getSafeLocalStorage returning object

      at Proxy.apply (src/scripts/modules/base.js:92:26)
          at Array.forEach (<anonymous>)

  console.warn
    MOCK SET: cameraPowerPlanner_project_rev = 1

      61 |       return undefined;
      62 |     }
    > 63 |     return originalFn(...args);
         |            ^
      64 |   };
      65 | };
      66 |

      at console.<anonymous> (tests/setup/jest.setup.cjs:63:12)
      at console.apply [as warn] (src/scripts/modules/base.js:92:26)
      at Proxy.apply (src/scripts/modules/base.js:92:26)
      at Proxy.apply (src/scripts/modules/base.js:92:26)
      at Proxy.apply (src/scripts/modules/base.js:92:26)
      at Object.warn (tests/unit/storage.test.js:11:15)
      at setItem (src/scripts/storage.js:8463:17)
      at saveJSONToStorage (src/scripts/storage.js:1859:3)
      at bumpProjectStorageRevision (src/scripts/storage.js:12834:3)
      at persistAllProjects (src/scripts/storage.js:13535:5)
      at saveProject (src/scripts/storage.js:13783:5)
      at importer (src/scripts/storage.js:18039:7)
      at importProject (src/scripts/storage.js:13881:7)
          at Array.forEach (<anonymous>)
      at forEach (src/scripts/storage.js:13868:13)
      at importProjectCollection (src/scripts/storage.js:18045:20)
      at importTrackedCollection (src/scripts/storage.js:18057:5)
      at Object.importAllData (tests/unit/storage.test.js:3007:5)

  console.warn
    MOCK SET: cameraPowerPlanner_project_rev__backup = 1

      61 |       return undefined;
      62 |     }
    > 63 |     return originalFn(...args);
         |            ^
      64 |   };
      65 | };
      66 |

      at console.<anonymous> (tests/setup/jest.setup.cjs:63:12)
      at console.apply [as warn] (src/scripts/modules/base.js:92:26)
      at Proxy.apply (src/scripts/modules/base.js:92:26)
      at Proxy.apply (src/scripts/modules/base.js:92:26)
      at Proxy.apply (src/scripts/modules/base.js:92:26)
      at Object.warn (tests/unit/storage.test.js:11:15)
      at setItem (src/scripts/storage.js:8524:19)
      at tryStoreCandidate (src/scripts/storage.js:8540:13)
      at attemptBackupWrite (src/scripts/storage.js:8617:26)
      at saveJSONToStorage (src/scripts/storage.js:1859:3)
      at bumpProjectStorageRevision (src/scripts/storage.js:12834:3)
      at persistAllProjects (src/scripts/storage.js:13535:5)
      at saveProject (src/scripts/storage.js:13783:5)
      at importer (src/scripts/storage.js:18039:7)
      at importProject (src/scripts/storage.js:13881:7)
          at Array.forEach (<anonymous>)
      at forEach (src/scripts/storage.js:13868:13)
      at importProjectCollection (src/scripts/storage.js:18045:20)
      at importTrackedCollection (src/scripts/storage.js:18057:5)
      at Object.importAllData (tests/unit/storage.test.js:3007:5)

  console.log
    DEBUG: getSafeLocalStorage returning object

      at Proxy.apply (src/scripts/modules/base.js:92:26)
          at Array.forEach (<anonymous>)

  console.log
    DEBUG: getSafeLocalStorage returning object

      at Proxy.apply (src/scripts/modules/base.js:92:26)
          at Array.forEach (<anonymous>)

  console.log
    DEBUG: getSafeLocalStorage returning object

      at Proxy.apply (src/scripts/modules/base.js:92:26)
          at Array.forEach (<anonymous>)

  console.log
    DEBUG: getSafeLocalStorage returning object

      at Proxy.apply (src/scripts/modules/base.js:92:26)
          at Array.forEach (<anonymous>)

  console.log
    DEBUG: getSafeLocalStorage returning object

      at Proxy.apply (src/scripts/modules/base.js:92:26)
          at Array.forEach (<anonymous>)

  console.log
    DEBUG: getSafeLocalStorage returning object

      at Proxy.apply (src/scripts/modules/base.js:92:26)
          at Array.forEach (<anonymous>)

  console.log
    DEBUG: getSafeLocalStorage returning object

      at Proxy.apply (src/scripts/modules/base.js:92:26)
          at Array.forEach (<anonymous>)

  console.log
    DEBUG: getSafeLocalStorage returning object

      at Proxy.apply (src/scripts/modules/base.js:92:26)
          at Array.forEach (<anonymous>)

  console.warn
    MOCK SET: cameraPowerPlanner_prj_ = {"gearList":"<ul>Blank</ul>","projectInfo":null,"g

      61 |       return undefined;
      62 |     }
    > 63 |     return originalFn(...args);
         |            ^
      64 |   };
      65 | };
      66 |

      at console.<anonymous> (tests/setup/jest.setup.cjs:63:12)
      at console.apply [as warn] (src/scripts/modules/base.js:92:26)
      at Proxy.apply (src/scripts/modules/base.js:92:26)
      at Proxy.apply (src/scripts/modules/base.js:92:26)
      at Proxy.apply (src/scripts/modules/base.js:92:26)
      at Object.warn (tests/unit/storage.test.js:11:15)
      at setItem (src/scripts/storage.js:8463:17)
      at saveJSONToStorage (src/scripts/storage.js:12780:18)
      at persistProjectShard (src/scripts/storage.js:13513:20)
      at saveProject (src/scripts/storage.js:13783:5)
      at importer (src/scripts/storage.js:18039:7)
      at importProject (src/scripts/storage.js:13881:7)
          at Array.forEach (<anonymous>)
      at forEach (src/scripts/storage.js:13868:13)
      at importProjectCollection (src/scripts/storage.js:18045:20)
      at importTrackedCollection (src/scripts/storage.js:18057:5)
      at Object.importAllData (tests/unit/storage.test.js:3007:5)

  console.log
    DEBUG: getSafeLocalStorage returning object

      at Proxy.apply (src/scripts/modules/base.js:92:26)
          at Array.forEach (<anonymous>)

  console.log
    DEBUG: getSafeLocalStorage returning object

      at Proxy.apply (src/scripts/modules/base.js:92:26)
          at Array.forEach (<anonymous>)
          at Array.forEach (<anonymous>)

  console.log
    DEBUG: getSafeLocalStorage returning object

      at Proxy.apply (src/scripts/modules/base.js:92:26)
          at Array.forEach (<anonymous>)
          at Array.forEach (<anonymous>)

  console.log
    DEBUG: getSafeLocalStorage returning object

      at Proxy.apply (src/scripts/modules/base.js:92:26)
          at Array.forEach (<anonymous>)
          at Array.forEach (<anonymous>)

  console.log
    DEBUG: getSafeLocalStorage returning object

      at Proxy.apply (src/scripts/modules/base.js:92:26)
          at Array.forEach (<anonymous>)
          at Array.forEach (<anonymous>)

  console.log
    DEBUG: getSafeLocalStorage returning object

      at Proxy.apply (src/scripts/modules/base.js:92:26)
          at Array.forEach (<anonymous>)

  console.warn
    MOCK SET: cameraPowerPlanner_project_rev = 2

      61 |       return undefined;
      62 |     }
    > 63 |     return originalFn(...args);
         |            ^
      64 |   };
      65 | };
      66 |

      at console.<anonymous> (tests/setup/jest.setup.cjs:63:12)
      at console.apply [as warn] (src/scripts/modules/base.js:92:26)
      at Proxy.apply (src/scripts/modules/base.js:92:26)
      at Proxy.apply (src/scripts/modules/base.js:92:26)
      at Proxy.apply (src/scripts/modules/base.js:92:26)
      at Object.warn (tests/unit/storage.test.js:11:15)
      at setItem (src/scripts/storage.js:8463:17)
      at saveJSONToStorage (src/scripts/storage.js:1859:3)
      at bumpProjectStorageRevision (src/scripts/storage.js:12834:3)
      at persistAllProjects (src/scripts/storage.js:13535:5)
      at saveProject (src/scripts/storage.js:13783:5)
      at importer (src/scripts/storage.js:18039:7)
      at importProject (src/scripts/storage.js:13881:7)
          at Array.forEach (<anonymous>)
      at forEach (src/scripts/storage.js:13868:13)
      at importProjectCollection (src/scripts/storage.js:18045:20)
      at importTrackedCollection (src/scripts/storage.js:18057:5)
      at Object.importAllData (tests/unit/storage.test.js:3007:5)

  console.warn
    MOCK SET: cameraPowerPlanner_project_rev__backup = 2

      61 |       return undefined;
      62 |     }
    > 63 |     return originalFn(...args);
         |            ^
      64 |   };
      65 | };
      66 |

      at console.<anonymous> (tests/setup/jest.setup.cjs:63:12)
      at console.apply [as warn] (src/scripts/modules/base.js:92:26)
      at Proxy.apply (src/scripts/modules/base.js:92:26)
      at Proxy.apply (src/scripts/modules/base.js:92:26)
      at Proxy.apply (src/scripts/modules/base.js:92:26)
      at Object.warn (tests/unit/storage.test.js:11:15)
      at setItem (src/scripts/storage.js:8524:19)
      at tryStoreCandidate (src/scripts/storage.js:8540:13)
      at attemptBackupWrite (src/scripts/storage.js:8617:26)
      at saveJSONToStorage (src/scripts/storage.js:1859:3)
      at bumpProjectStorageRevision (src/scripts/storage.js:12834:3)
      at persistAllProjects (src/scripts/storage.js:13535:5)
      at saveProject (src/scripts/storage.js:13783:5)
      at importer (src/scripts/storage.js:18039:7)
      at importProject (src/scripts/storage.js:13881:7)
          at Array.forEach (<anonymous>)
      at forEach (src/scripts/storage.js:13868:13)
      at importProjectCollection (src/scripts/storage.js:18045:20)
      at importTrackedCollection (src/scripts/storage.js:18057:5)
      at Object.importAllData (tests/unit/storage.test.js:3007:5)

  console.log
    DEBUG: getSafeLocalStorage returning object

      at Proxy.apply (src/scripts/modules/base.js:92:26)
          at Array.forEach (<anonymous>)

  console.log
    DEBUG: getSafeLocalStorage returning object

      at Proxy.apply (src/scripts/modules/base.js:92:26)
          at Array.forEach (<anonymous>)

  console.log
    DEBUG: getSafeLocalStorage returning object

      at Proxy.apply (src/scripts/modules/base.js:92:26)
          at Array.forEach (<anonymous>)

  console.log
    DEBUG: getSafeLocalStorage returning object

      at Proxy.apply (src/scripts/modules/base.js:92:26)
          at Array.forEach (<anonymous>)

  console.log
    DEBUG: getSafeLocalStorage returning object

      at Proxy.apply (src/scripts/modules/base.js:92:26)
          at Array.forEach (<anonymous>)

  console.log
    DEBUG: getSafeLocalStorage returning object

      at Proxy.apply (src/scripts/modules/base.js:92:26)
          at Array.forEach (<anonymous>)

  console.log
    DEBUG: getSafeLocalStorage returning object

      at Proxy.apply (src/scripts/modules/base.js:92:26)
          at Array.forEach (<anonymous>)

  console.log
    DEBUG: getSafeLocalStorage returning object

      at Proxy.apply (src/scripts/modules/base.js:92:26)
          at Array.forEach (<anonymous>)

  console.warn
    MOCK SET: cameraPowerPlanner_prj_Project-imported = {"gearList":"<ul>ArrayKey</ul>","projectInfo":null

      61 |       return undefined;
      62 |     }
    > 63 |     return originalFn(...args);
         |            ^
      64 |   };
      65 | };
      66 |

      at console.<anonymous> (tests/setup/jest.setup.cjs:63:12)
      at console.apply [as warn] (src/scripts/modules/base.js:92:26)
      at Proxy.apply (src/scripts/modules/base.js:92:26)
      at Proxy.apply (src/scripts/modules/base.js:92:26)
      at Proxy.apply (src/scripts/modules/base.js:92:26)
      at Object.warn (tests/unit/storage.test.js:11:15)
      at setItem (src/scripts/storage.js:8463:17)
      at saveJSONToStorage (src/scripts/storage.js:12780:18)
      at persistProjectShard (src/scripts/storage.js:13513:20)
      at saveProject (src/scripts/storage.js:13783:5)
      at importer (src/scripts/storage.js:18039:7)
      at importProject (src/scripts/storage.js:13881:7)
          at Array.forEach (<anonymous>)
      at forEach (src/scripts/storage.js:13868:13)
      at importProjectCollection (src/scripts/storage.js:18045:20)
      at importTrackedCollection (src/scripts/storage.js:18057:5)
      at Object.importAllData (tests/unit/storage.test.js:3007:5)

  console.log
    DEBUG: getSafeLocalStorage returning object

      at Proxy.apply (src/scripts/modules/base.js:92:26)
          at Array.forEach (<anonymous>)

  console.log
    DEBUG: getSafeLocalStorage returning object

      at Proxy.apply (src/scripts/modules/base.js:92:26)
          at Array.forEach (<anonymous>)
          at Array.forEach (<anonymous>)

  console.log
    DEBUG: getSafeLocalStorage returning object

      at Proxy.apply (src/scripts/modules/base.js:92:26)
          at Array.forEach (<anonymous>)
          at Array.forEach (<anonymous>)

  console.log
    DEBUG: getSafeLocalStorage returning object

      at Proxy.apply (src/scripts/modules/base.js:92:26)
          at Array.forEach (<anonymous>)
          at Array.forEach (<anonymous>)

  console.log
    DEBUG: getSafeLocalStorage returning object

      at Proxy.apply (src/scripts/modules/base.js:92:26)
          at Array.forEach (<anonymous>)
          at Array.forEach (<anonymous>)

  console.log
    DEBUG: getSafeLocalStorage returning object

      at Proxy.apply (src/scripts/modules/base.js:92:26)
          at Array.forEach (<anonymous>)
          at Array.forEach (<anonymous>)

  console.log
    DEBUG: getSafeLocalStorage returning object

      at Proxy.apply (src/scripts/modules/base.js:92:26)
          at Array.forEach (<anonymous>)
          at Array.forEach (<anonymous>)

  console.log
    DEBUG: getSafeLocalStorage returning object

      at Proxy.apply (src/scripts/modules/base.js:92:26)
          at Array.forEach (<anonymous>)

  console.warn
    MOCK SET: cameraPowerPlanner_project_rev = 3

      61 |       return undefined;
      62 |     }
    > 63 |     return originalFn(...args);
         |            ^
      64 |   };
      65 | };
      66 |

      at console.<anonymous> (tests/setup/jest.setup.cjs:63:12)
      at console.apply [as warn] (src/scripts/modules/base.js:92:26)
      at Proxy.apply (src/scripts/modules/base.js:92:26)
      at Proxy.apply (src/scripts/modules/base.js:92:26)
      at Proxy.apply (src/scripts/modules/base.js:92:26)
      at Object.warn (tests/unit/storage.test.js:11:15)
      at setItem (src/scripts/storage.js:8463:17)
      at saveJSONToStorage (src/scripts/storage.js:1859:3)
      at bumpProjectStorageRevision (src/scripts/storage.js:12834:3)
      at persistAllProjects (src/scripts/storage.js:13535:5)
      at saveProject (src/scripts/storage.js:13783:5)
      at importer (src/scripts/storage.js:18039:7)
      at importProject (src/scripts/storage.js:13881:7)
          at Array.forEach (<anonymous>)
      at forEach (src/scripts/storage.js:13868:13)
      at importProjectCollection (src/scripts/storage.js:18045:20)
      at importTrackedCollection (src/scripts/storage.js:18057:5)
      at Object.importAllData (tests/unit/storage.test.js:3007:5)

  console.warn
    MOCK SET: cameraPowerPlanner_project_rev__backup = 3

      61 |       return undefined;
      62 |     }
    > 63 |     return originalFn(...args);
         |            ^
      64 |   };
      65 | };
      66 |

      at console.<anonymous> (tests/setup/jest.setup.cjs:63:12)
      at console.apply [as warn] (src/scripts/modules/base.js:92:26)
      at Proxy.apply (src/scripts/modules/base.js:92:26)
      at Proxy.apply (src/scripts/modules/base.js:92:26)
      at Proxy.apply (src/scripts/modules/base.js:92:26)
      at Object.warn (tests/unit/storage.test.js:11:15)
      at setItem (src/scripts/storage.js:8524:19)
      at tryStoreCandidate (src/scripts/storage.js:8540:13)
      at attemptBackupWrite (src/scripts/storage.js:8617:26)
      at saveJSONToStorage (src/scripts/storage.js:1859:3)
      at bumpProjectStorageRevision (src/scripts/storage.js:12834:3)
      at persistAllProjects (src/scripts/storage.js:13535:5)
      at saveProject (src/scripts/storage.js:13783:5)
      at importer (src/scripts/storage.js:18039:7)
      at importProject (src/scripts/storage.js:13881:7)
          at Array.forEach (<anonymous>)
      at forEach (src/scripts/storage.js:13868:13)
      at importProjectCollection (src/scripts/storage.js:18045:20)
      at importTrackedCollection (src/scripts/storage.js:18057:5)
      at Object.importAllData (tests/unit/storage.test.js:3007:5)

  console.log
    DEBUG: getSafeLocalStorage returning object

      at Proxy.apply (src/scripts/modules/base.js:92:26)

  console.log
    DEBUG: getSafeLocalStorage returning object

      at Proxy.apply (src/scripts/modules/base.js:92:26)

  console.log
    DEBUG: getSafeLocalStorage returning object

      at Proxy.apply (src/scripts/modules/base.js:92:26)

  console.error
    DEBUG: importAllData CALLED [ 'projects', 'project' ]

      61 |       return undefined;
      62 |     }
    > 63 |     return originalFn(...args);
         |            ^
      64 |   };
      65 | };
      66 |

      at console.<anonymous> (tests/setup/jest.setup.cjs:63:12)
      at Proxy.apply (src/scripts/modules/base.js:92:26)
      at error (src/scripts/storage.js:17633:11)
      at Object.importAllData (tests/unit/storage.test.js:3024:5)

  console.log
    DEBUG: getSafeLocalStorage returning object

      at Proxy.apply (src/scripts/modules/base.js:92:26)

  console.log
    DEBUG: getSafeLocalStorage returning object

      at Proxy.apply (src/scripts/modules/base.js:92:26)

  console.log
    DEBUG: getSafeLocalStorage returning object

      at Proxy.apply (src/scripts/modules/base.js:92:26)

  console.log
    DEBUG: getSafeLocalStorage returning object

      at Proxy.apply (src/scripts/modules/base.js:92:26)
          at Array.forEach (<anonymous>)

  console.log
    DEBUG: getSafeLocalStorage returning object

      at Proxy.apply (src/scripts/modules/base.js:92:26)
          at Array.forEach (<anonymous>)

  console.log
    DEBUG: getSafeLocalStorage returning object

      at Proxy.apply (src/scripts/modules/base.js:92:26)
          at Array.forEach (<anonymous>)

  console.log
    DEBUG: getSafeLocalStorage returning object

      at Proxy.apply (src/scripts/modules/base.js:92:26)
          at Array.forEach (<anonymous>)

  console.log
    DEBUG: getSafeLocalStorage returning object

      at Proxy.apply (src/scripts/modules/base.js:92:26)
          at Array.forEach (<anonymous>)

  console.log
    DEBUG: getSafeLocalStorage returning object

      at Proxy.apply (src/scripts/modules/base.js:92:26)
          at Array.forEach (<anonymous>)

  console.log
    DEBUG: getSafeLocalStorage returning object

      at Proxy.apply (src/scripts/modules/base.js:92:26)
          at Array.forEach (<anonymous>)

  console.log
    DEBUG: getSafeLocalStorage returning object

      at Proxy.apply (src/scripts/modules/base.js:92:26)
          at Array.forEach (<anonymous>)

  console.warn
    MOCK SET: cameraPowerPlanner_prj_Solo = {"gearList":"<ul>Solo</ul>","projectInfo":null,"ge

      61 |       return undefined;
      62 |     }
    > 63 |     return originalFn(...args);
         |            ^
      64 |   };
      65 | };
      66 |

      at console.<anonymous> (tests/setup/jest.setup.cjs:63:12)
      at console.apply [as warn] (src/scripts/modules/base.js:92:26)
      at Proxy.apply (src/scripts/modules/base.js:92:26)
      at Proxy.apply (src/scripts/modules/base.js:92:26)
      at Proxy.apply (src/scripts/modules/base.js:92:26)
      at Object.warn (tests/unit/storage.test.js:11:15)
      at setItem (src/scripts/storage.js:8463:17)
      at saveJSONToStorage (src/scripts/storage.js:12780:18)
      at persistProjectShard (src/scripts/storage.js:13513:20)
      at saveProject (src/scripts/storage.js:13783:5)
      at importer (src/scripts/storage.js:18039:7)
      at importProject (src/scripts/storage.js:13881:7)
          at Array.forEach (<anonymous>)
      at forEach (src/scripts/storage.js:13868:13)
      at importProjectCollection (src/scripts/storage.js:18045:20)
      at importTrackedCollection (src/scripts/storage.js:18053:5)
      at Object.importAllData (tests/unit/storage.test.js:3024:5)

  console.log
    DEBUG: getSafeLocalStorage returning object

      at Proxy.apply (src/scripts/modules/base.js:92:26)
          at Array.forEach (<anonymous>)

  console.log
    DEBUG: getSafeLocalStorage returning object

      at Proxy.apply (src/scripts/modules/base.js:92:26)
          at Array.forEach (<anonymous>)
          at Array.forEach (<anonymous>)

  console.log
    DEBUG: getSafeLocalStorage returning object

      at Proxy.apply (src/scripts/modules/base.js:92:26)
          at Array.forEach (<anonymous>)
          at Array.forEach (<anonymous>)

  console.log
    DEBUG: getSafeLocalStorage returning object

      at Proxy.apply (src/scripts/modules/base.js:92:26)
          at Array.forEach (<anonymous>)

  console.warn
    MOCK SET: cameraPowerPlanner_project_rev = 1

      61 |       return undefined;
      62 |     }
    > 63 |     return originalFn(...args);
         |            ^
      64 |   };
      65 | };
      66 |

      at console.<anonymous> (tests/setup/jest.setup.cjs:63:12)
      at console.apply [as warn] (src/scripts/modules/base.js:92:26)
      at Proxy.apply (src/scripts/modules/base.js:92:26)
      at Proxy.apply (src/scripts/modules/base.js:92:26)
      at Proxy.apply (src/scripts/modules/base.js:92:26)
      at Object.warn (tests/unit/storage.test.js:11:15)
      at setItem (src/scripts/storage.js:8463:17)
      at saveJSONToStorage (src/scripts/storage.js:1859:3)
      at bumpProjectStorageRevision (src/scripts/storage.js:12834:3)
      at persistAllProjects (src/scripts/storage.js:13535:5)
      at saveProject (src/scripts/storage.js:13783:5)
      at importer (src/scripts/storage.js:18039:7)
      at importProject (src/scripts/storage.js:13881:7)
          at Array.forEach (<anonymous>)
      at forEach (src/scripts/storage.js:13868:13)
      at importProjectCollection (src/scripts/storage.js:18045:20)
      at importTrackedCollection (src/scripts/storage.js:18053:5)
      at Object.importAllData (tests/unit/storage.test.js:3024:5)

  console.warn
    MOCK SET: cameraPowerPlanner_project_rev__backup = 1

      61 |       return undefined;
      62 |     }
    > 63 |     return originalFn(...args);
         |            ^
      64 |   };
      65 | };
      66 |

      at console.<anonymous> (tests/setup/jest.setup.cjs:63:12)
      at console.apply [as warn] (src/scripts/modules/base.js:92:26)
      at Proxy.apply (src/scripts/modules/base.js:92:26)
      at Proxy.apply (src/scripts/modules/base.js:92:26)
      at Proxy.apply (src/scripts/modules/base.js:92:26)
      at Object.warn (tests/unit/storage.test.js:11:15)
      at setItem (src/scripts/storage.js:8524:19)
      at tryStoreCandidate (src/scripts/storage.js:8540:13)
      at attemptBackupWrite (src/scripts/storage.js:8617:26)
      at saveJSONToStorage (src/scripts/storage.js:1859:3)
      at bumpProjectStorageRevision (src/scripts/storage.js:12834:3)
      at persistAllProjects (src/scripts/storage.js:13535:5)
      at saveProject (src/scripts/storage.js:13783:5)
      at importer (src/scripts/storage.js:18039:7)
      at importProject (src/scripts/storage.js:13881:7)
          at Array.forEach (<anonymous>)
      at forEach (src/scripts/storage.js:13868:13)
      at importProjectCollection (src/scripts/storage.js:18045:20)
      at importTrackedCollection (src/scripts/storage.js:18053:5)
      at Object.importAllData (tests/unit/storage.test.js:3024:5)

  console.log
    DEBUG: getSafeLocalStorage returning object

      at Proxy.apply (src/scripts/modules/base.js:92:26)
          at Array.forEach (<anonymous>)

  console.log
    DEBUG: getSafeLocalStorage returning object

      at Proxy.apply (src/scripts/modules/base.js:92:26)
          at Array.forEach (<anonymous>)

  console.log
    DEBUG: getSafeLocalStorage returning object

      at Proxy.apply (src/scripts/modules/base.js:92:26)
          at Array.forEach (<anonymous>)

  console.log
    DEBUG: getSafeLocalStorage returning object

      at Proxy.apply (src/scripts/modules/base.js:92:26)
          at Array.forEach (<anonymous>)

  console.log
    DEBUG: getSafeLocalStorage returning object

      at Proxy.apply (src/scripts/modules/base.js:92:26)
          at Array.forEach (<anonymous>)

  console.log
    DEBUG: getSafeLocalStorage returning object

      at Proxy.apply (src/scripts/modules/base.js:92:26)
          at Array.forEach (<anonymous>)

  console.log
    DEBUG: getSafeLocalStorage returning object

      at Proxy.apply (src/scripts/modules/base.js:92:26)
          at Array.forEach (<anonymous>)

  console.log
    DEBUG: getSafeLocalStorage returning object

      at Proxy.apply (src/scripts/modules/base.js:92:26)
          at Array.forEach (<anonymous>)

  console.warn
    MOCK SET: cameraPowerPlanner_prj_Wrapped = {"gearList":"<ul>Wrapped</ul>","projectInfo":null,

      61 |       return undefined;
      62 |     }
    > 63 |     return originalFn(...args);
         |            ^
      64 |   };
      65 | };
      66 |

      at console.<anonymous> (tests/setup/jest.setup.cjs:63:12)
      at console.apply [as warn] (src/scripts/modules/base.js:92:26)
      at Proxy.apply (src/scripts/modules/base.js:92:26)
      at Proxy.apply (src/scripts/modules/base.js:92:26)
      at Proxy.apply (src/scripts/modules/base.js:92:26)
      at Object.warn (tests/unit/storage.test.js:11:15)
      at setItem (src/scripts/storage.js:8463:17)
      at saveJSONToStorage (src/scripts/storage.js:12780:18)
      at persistProjectShard (src/scripts/storage.js:13513:20)
      at saveProject (src/scripts/storage.js:13783:5)
      at importer (src/scripts/storage.js:18039:7)
      at importProject (src/scripts/storage.js:13881:7)
          at Array.forEach (<anonymous>)
      at forEach (src/scripts/storage.js:13868:13)
      at importProjectCollection (src/scripts/storage.js:18045:20)
      at importTrackedCollection (src/scripts/storage.js:18057:5)
      at Object.importAllData (tests/unit/storage.test.js:3024:5)

  console.log
    DEBUG: getSafeLocalStorage returning object

      at Proxy.apply (src/scripts/modules/base.js:92:26)
          at Array.forEach (<anonymous>)

  console.log
    DEBUG: getSafeLocalStorage returning object

      at Proxy.apply (src/scripts/modules/base.js:92:26)
          at Array.forEach (<anonymous>)
          at Array.forEach (<anonymous>)

  console.log
    DEBUG: getSafeLocalStorage returning object

      at Proxy.apply (src/scripts/modules/base.js:92:26)
          at Array.forEach (<anonymous>)
          at Array.forEach (<anonymous>)

  console.log
    DEBUG: getSafeLocalStorage returning object

      at Proxy.apply (src/scripts/modules/base.js:92:26)
          at Array.forEach (<anonymous>)
          at Array.forEach (<anonymous>)

  console.log
    DEBUG: getSafeLocalStorage returning object

      at Proxy.apply (src/scripts/modules/base.js:92:26)
          at Array.forEach (<anonymous>)
          at Array.forEach (<anonymous>)

  console.log
    DEBUG: getSafeLocalStorage returning object

      at Proxy.apply (src/scripts/modules/base.js:92:26)
          at Array.forEach (<anonymous>)

  console.warn
    MOCK SET: cameraPowerPlanner_project_rev = 2

      61 |       return undefined;
      62 |     }
    > 63 |     return originalFn(...args);
         |            ^
      64 |   };
      65 | };
      66 |

      at console.<anonymous> (tests/setup/jest.setup.cjs:63:12)
      at console.apply [as warn] (src/scripts/modules/base.js:92:26)
      at Proxy.apply (src/scripts/modules/base.js:92:26)
      at Proxy.apply (src/scripts/modules/base.js:92:26)
      at Proxy.apply (src/scripts/modules/base.js:92:26)
      at Object.warn (tests/unit/storage.test.js:11:15)
      at setItem (src/scripts/storage.js:8463:17)
      at saveJSONToStorage (src/scripts/storage.js:1859:3)
      at bumpProjectStorageRevision (src/scripts/storage.js:12834:3)
      at persistAllProjects (src/scripts/storage.js:13535:5)
      at saveProject (src/scripts/storage.js:13783:5)
      at importer (src/scripts/storage.js:18039:7)
      at importProject (src/scripts/storage.js:13881:7)
          at Array.forEach (<anonymous>)
      at forEach (src/scripts/storage.js:13868:13)
      at importProjectCollection (src/scripts/storage.js:18045:20)
      at importTrackedCollection (src/scripts/storage.js:18057:5)
      at Object.importAllData (tests/unit/storage.test.js:3024:5)

  console.warn
    MOCK SET: cameraPowerPlanner_project_rev__backup = 2

      61 |       return undefined;
      62 |     }
    > 63 |     return originalFn(...args);
         |            ^
      64 |   };
      65 | };
      66 |

      at console.<anonymous> (tests/setup/jest.setup.cjs:63:12)
      at console.apply [as warn] (src/scripts/modules/base.js:92:26)
      at Proxy.apply (src/scripts/modules/base.js:92:26)
      at Proxy.apply (src/scripts/modules/base.js:92:26)
      at Proxy.apply (src/scripts/modules/base.js:92:26)
      at Object.warn (tests/unit/storage.test.js:11:15)
      at setItem (src/scripts/storage.js:8524:19)
      at tryStoreCandidate (src/scripts/storage.js:8540:13)
      at attemptBackupWrite (src/scripts/storage.js:8617:26)
      at saveJSONToStorage (src/scripts/storage.js:1859:3)
      at bumpProjectStorageRevision (src/scripts/storage.js:12834:3)
      at persistAllProjects (src/scripts/storage.js:13535:5)
      at saveProject (src/scripts/storage.js:13783:5)
      at importer (src/scripts/storage.js:18039:7)
      at importProject (src/scripts/storage.js:13881:7)
          at Array.forEach (<anonymous>)
      at forEach (src/scripts/storage.js:13868:13)
      at importProjectCollection (src/scripts/storage.js:18045:20)
      at importTrackedCollection (src/scripts/storage.js:18057:5)
      at Object.importAllData (tests/unit/storage.test.js:3024:5)

  console.log
    DEBUG: getSafeLocalStorage returning object

      at Proxy.apply (src/scripts/modules/base.js:92:26)

  console.log
    DEBUG: getSafeLocalStorage returning object

      at Proxy.apply (src/scripts/modules/base.js:92:26)

  console.log
    DEBUG: getSafeLocalStorage returning object

      at Proxy.apply (src/scripts/modules/base.js:92:26)

  console.log
    DEBUG: getSafeLocalStorage returning object

      at Proxy.apply (src/scripts/modules/base.js:92:26)

  console.log
    DEBUG: getSafeLocalStorage returning object

      at Proxy.apply (src/scripts/modules/base.js:92:26)

  console.log
    DEBUG: getSafeLocalStorage returning object

      at Proxy.apply (src/scripts/modules/base.js:92:26)

  console.error
    DEBUG: importAllData CALLED [ 'project' ]

      61 |       return undefined;
      62 |     }
    > 63 |     return originalFn(...args);
         |            ^
      64 |   };
      65 | };
      66 |

      at console.<anonymous> (tests/setup/jest.setup.cjs:63:12)
      at Proxy.apply (src/scripts/modules/base.js:92:26)
      at error (src/scripts/storage.js:17633:11)
      at Object.importAllData (tests/unit/storage.test.js:3039:5)

  console.log
    DEBUG: getSafeLocalStorage returning object

      at Proxy.apply (src/scripts/modules/base.js:92:26)

  console.log
    DEBUG: getSafeLocalStorage returning object

      at Proxy.apply (src/scripts/modules/base.js:92:26)

  console.log
    DEBUG: getSafeLocalStorage returning object

      at Proxy.apply (src/scripts/modules/base.js:92:26)

  console.log
    DEBUG: getSafeLocalStorage returning object

      at Proxy.apply (src/scripts/modules/base.js:92:26)

  console.log
    DEBUG: getSafeLocalStorage returning object

      at Proxy.apply (src/scripts/modules/base.js:92:26)

  console.log
    DEBUG: getSafeLocalStorage returning object

      at Proxy.apply (src/scripts/modules/base.js:92:26)

  console.log
    DEBUG: getSafeLocalStorage returning object

      at Proxy.apply (src/scripts/modules/base.js:92:26)

  console.log
    DEBUG: getSafeLocalStorage returning object

      at Proxy.apply (src/scripts/modules/base.js:92:26)

  console.log
    DEBUG: getSafeLocalStorage returning object

      at Proxy.apply (src/scripts/modules/base.js:92:26)

  console.log
    DEBUG: getSafeLocalStorage returning object

      at Proxy.apply (src/scripts/modules/base.js:92:26)

  console.log
    DEBUG: getSafeLocalStorage returning object

      at Proxy.apply (src/scripts/modules/base.js:92:26)

  console.warn
    MOCK SET: cameraPowerPlanner_prj_ = {"gearList":"<section>Legacy</section>","projectIn

      61 |       return undefined;
      62 |     }
    > 63 |     return originalFn(...args);
         |            ^
      64 |   };
      65 | };
      66 |

      at console.<anonymous> (tests/setup/jest.setup.cjs:63:12)
      at console.apply [as warn] (src/scripts/modules/base.js:92:26)
      at Proxy.apply (src/scripts/modules/base.js:92:26)
      at Proxy.apply (src/scripts/modules/base.js:92:26)
      at Proxy.apply (src/scripts/modules/base.js:92:26)
      at Object.warn (tests/unit/storage.test.js:11:15)
      at setItem (src/scripts/storage.js:8463:17)
      at saveJSONToStorage (src/scripts/storage.js:12780:18)
      at persistProjectShard (src/scripts/storage.js:13513:20)
      at saveProject (src/scripts/storage.js:13783:5)
      at importer (src/scripts/storage.js:18039:7)
      at importProject (src/scripts/storage.js:13830:5)
      at importProjectCollection (src/scripts/storage.js:18045:20)
      at importTrackedCollection (src/scripts/storage.js:18053:5)
      at Object.importAllData (tests/unit/storage.test.js:3039:5)

  console.log
    DEBUG: getSafeLocalStorage returning object

      at Proxy.apply (src/scripts/modules/base.js:92:26)

  console.log
    DEBUG: getSafeLocalStorage returning object

      at Proxy.apply (src/scripts/modules/base.js:92:26)
          at Array.forEach (<anonymous>)

  console.log
    DEBUG: getSafeLocalStorage returning object

      at Proxy.apply (src/scripts/modules/base.js:92:26)
          at Array.forEach (<anonymous>)

  console.log
    DEBUG: getSafeLocalStorage returning object

      at Proxy.apply (src/scripts/modules/base.js:92:26)

  console.warn
    MOCK SET: cameraPowerPlanner_project_rev = 1

      61 |       return undefined;
      62 |     }
    > 63 |     return originalFn(...args);
         |            ^
      64 |   };
      65 | };
      66 |

      at console.<anonymous> (tests/setup/jest.setup.cjs:63:12)
      at console.apply [as warn] (src/scripts/modules/base.js:92:26)
      at Proxy.apply (src/scripts/modules/base.js:92:26)
      at Proxy.apply (src/scripts/modules/base.js:92:26)
      at Proxy.apply (src/scripts/modules/base.js:92:26)
      at Object.warn (tests/unit/storage.test.js:11:15)
      at setItem (src/scripts/storage.js:8463:17)
      at saveJSONToStorage (src/scripts/storage.js:1859:3)
      at bumpProjectStorageRevision (src/scripts/storage.js:12834:3)
      at persistAllProjects (src/scripts/storage.js:13535:5)
      at saveProject (src/scripts/storage.js:13783:5)
      at importer (src/scripts/storage.js:18039:7)
      at importProject (src/scripts/storage.js:13830:5)
      at importProjectCollection (src/scripts/storage.js:18045:20)
      at importTrackedCollection (src/scripts/storage.js:18053:5)
      at Object.importAllData (tests/unit/storage.test.js:3039:5)

  console.warn
    MOCK SET: cameraPowerPlanner_project_rev__backup = 1

      61 |       return undefined;
      62 |     }
    > 63 |     return originalFn(...args);
         |            ^
      64 |   };
      65 | };
      66 |

      at console.<anonymous> (tests/setup/jest.setup.cjs:63:12)
      at console.apply [as warn] (src/scripts/modules/base.js:92:26)
      at Proxy.apply (src/scripts/modules/base.js:92:26)
      at Proxy.apply (src/scripts/modules/base.js:92:26)
      at Proxy.apply (src/scripts/modules/base.js:92:26)
      at Object.warn (tests/unit/storage.test.js:11:15)
      at setItem (src/scripts/storage.js:8524:19)
      at tryStoreCandidate (src/scripts/storage.js:8540:13)
      at attemptBackupWrite (src/scripts/storage.js:8617:26)
      at saveJSONToStorage (src/scripts/storage.js:1859:3)
      at bumpProjectStorageRevision (src/scripts/storage.js:12834:3)
      at persistAllProjects (src/scripts/storage.js:13535:5)
      at saveProject (src/scripts/storage.js:13783:5)
      at importer (src/scripts/storage.js:18039:7)
      at importProject (src/scripts/storage.js:13830:5)
      at importProjectCollection (src/scripts/storage.js:18045:20)
      at importTrackedCollection (src/scripts/storage.js:18053:5)
      at Object.importAllData (tests/unit/storage.test.js:3039:5)

  console.log
    DEBUG: getSafeLocalStorage returning object

      at Proxy.apply (src/scripts/modules/base.js:92:26)

  console.log
    DEBUG: getSafeLocalStorage returning object

      at Proxy.apply (src/scripts/modules/base.js:92:26)

  console.log
    DEBUG: getSafeLocalStorage returning object

      at Proxy.apply (src/scripts/modules/base.js:92:26)

  console.error
    DEBUG: importAllData CALLED [ 'project' ]

      61 |       return undefined;
      62 |     }
    > 63 |     return originalFn(...args);
         |            ^
      64 |   };
      65 | };
      66 |

      at console.<anonymous> (tests/setup/jest.setup.cjs:63:12)
      at Proxy.apply (src/scripts/modules/base.js:92:26)
      at error (src/scripts/storage.js:17633:11)
      at Object.importAllData (tests/unit/storage.test.js:3045:5)

  console.log
    DEBUG: getSafeLocalStorage returning object

      at Proxy.apply (src/scripts/modules/base.js:92:26)

  console.log
    DEBUG: getSafeLocalStorage returning object

      at Proxy.apply (src/scripts/modules/base.js:92:26)

  console.log
    DEBUG: getSafeLocalStorage returning object

      at Proxy.apply (src/scripts/modules/base.js:92:26)

  console.log
    DEBUG: getSafeLocalStorage returning object

      at Proxy.apply (src/scripts/modules/base.js:92:26)
          at Array.forEach (<anonymous>)

  console.log
    DEBUG: getSafeLocalStorage returning object

      at Proxy.apply (src/scripts/modules/base.js:92:26)
          at Array.forEach (<anonymous>)

  console.log
    DEBUG: getSafeLocalStorage returning object

      at Proxy.apply (src/scripts/modules/base.js:92:26)
          at Array.forEach (<anonymous>)

  console.log
    DEBUG: getSafeLocalStorage returning object

      at Proxy.apply (src/scripts/modules/base.js:92:26)
          at Array.forEach (<anonymous>)

  console.log
    DEBUG: getSafeLocalStorage returning object

      at Proxy.apply (src/scripts/modules/base.js:92:26)
          at Array.forEach (<anonymous>)

  console.log
    DEBUG: getSafeLocalStorage returning object

      at Proxy.apply (src/scripts/modules/base.js:92:26)
          at Array.forEach (<anonymous>)

  console.log
    DEBUG: getSafeLocalStorage returning object

      at Proxy.apply (src/scripts/modules/base.js:92:26)
          at Array.forEach (<anonymous>)

  console.log
    DEBUG: getSafeLocalStorage returning object

      at Proxy.apply (src/scripts/modules/base.js:92:26)
          at Array.forEach (<anonymous>)

  console.warn
    MOCK SET: cameraPowerPlanner_prj_Legacy = {"gearList":"<div>Legacy</div>","projectInfo":null

      61 |       return undefined;
      62 |     }
    > 63 |     return originalFn(...args);
         |            ^
      64 |   };
      65 | };
      66 |

      at console.<anonymous> (tests/setup/jest.setup.cjs:63:12)
      at console.apply [as warn] (src/scripts/modules/base.js:92:26)
      at Proxy.apply (src/scripts/modules/base.js:92:26)
      at Proxy.apply (src/scripts/modules/base.js:92:26)
      at Proxy.apply (src/scripts/modules/base.js:92:26)
      at Object.warn (tests/unit/storage.test.js:11:15)
      at setItem (src/scripts/storage.js:8463:17)
      at saveJSONToStorage (src/scripts/storage.js:12780:18)
      at persistProjectShard (src/scripts/storage.js:13513:20)
      at saveProject (src/scripts/storage.js:13783:5)
      at importer (src/scripts/storage.js:18039:7)
      at importProject (src/scripts/storage.js:13890:7)
          at Array.forEach (<anonymous>)
      at forEach (src/scripts/storage.js:13888:32)
      at importProjectCollection (src/scripts/storage.js:18045:20)
      at importTrackedCollection (src/scripts/storage.js:18053:5)
      at Object.importAllData (tests/unit/storage.test.js:3045:5)

  console.log
    DEBUG: getSafeLocalStorage returning object

      at Proxy.apply (src/scripts/modules/base.js:92:26)
          at Array.forEach (<anonymous>)

  console.log
    DEBUG: getSafeLocalStorage returning object

      at Proxy.apply (src/scripts/modules/base.js:92:26)
          at Array.forEach (<anonymous>)
          at Array.forEach (<anonymous>)

  console.log
    DEBUG: getSafeLocalStorage returning object

      at Proxy.apply (src/scripts/modules/base.js:92:26)
          at Array.forEach (<anonymous>)
          at Array.forEach (<anonymous>)

  console.log
    DEBUG: getSafeLocalStorage returning object

      at Proxy.apply (src/scripts/modules/base.js:92:26)
          at Array.forEach (<anonymous>)

  console.warn
    MOCK SET: cameraPowerPlanner_project_rev = 1

      61 |       return undefined;
      62 |     }
    > 63 |     return originalFn(...args);
         |            ^
      64 |   };
      65 | };
      66 |

      at console.<anonymous> (tests/setup/jest.setup.cjs:63:12)
      at console.apply [as warn] (src/scripts/modules/base.js:92:26)
      at Proxy.apply (src/scripts/modules/base.js:92:26)
      at Proxy.apply (src/scripts/modules/base.js:92:26)
      at Proxy.apply (src/scripts/modules/base.js:92:26)
      at Object.warn (tests/unit/storage.test.js:11:15)
      at setItem (src/scripts/storage.js:8463:17)
      at saveJSONToStorage (src/scripts/storage.js:1859:3)
      at bumpProjectStorageRevision (src/scripts/storage.js:12834:3)
      at persistAllProjects (src/scripts/storage.js:13535:5)
      at saveProject (src/scripts/storage.js:13783:5)
      at importer (src/scripts/storage.js:18039:7)
      at importProject (src/scripts/storage.js:13890:7)
          at Array.forEach (<anonymous>)
      at forEach (src/scripts/storage.js:13888:32)
      at importProjectCollection (src/scripts/storage.js:18045:20)
      at importTrackedCollection (src/scripts/storage.js:18053:5)
      at Object.importAllData (tests/unit/storage.test.js:3045:5)

  console.warn
    MOCK SET: cameraPowerPlanner_project_rev__backup = 1

      61 |       return undefined;
      62 |     }
    > 63 |     return originalFn(...args);
         |            ^
      64 |   };
      65 | };
      66 |

      at console.<anonymous> (tests/setup/jest.setup.cjs:63:12)
      at console.apply [as warn] (src/scripts/modules/base.js:92:26)
      at Proxy.apply (src/scripts/modules/base.js:92:26)
      at Proxy.apply (src/scripts/modules/base.js:92:26)
      at Proxy.apply (src/scripts/modules/base.js:92:26)
      at Object.warn (tests/unit/storage.test.js:11:15)
      at setItem (src/scripts/storage.js:8524:19)
      at tryStoreCandidate (src/scripts/storage.js:8540:13)
      at attemptBackupWrite (src/scripts/storage.js:8617:26)
      at saveJSONToStorage (src/scripts/storage.js:1859:3)
      at bumpProjectStorageRevision (src/scripts/storage.js:12834:3)
      at persistAllProjects (src/scripts/storage.js:13535:5)
      at saveProject (src/scripts/storage.js:13783:5)
      at importer (src/scripts/storage.js:18039:7)
      at importProject (src/scripts/storage.js:13890:7)
          at Array.forEach (<anonymous>)
      at forEach (src/scripts/storage.js:13888:32)
      at importProjectCollection (src/scripts/storage.js:18045:20)
      at importTrackedCollection (src/scripts/storage.js:18053:5)
      at Object.importAllData (tests/unit/storage.test.js:3045:5)

  console.log
    DEBUG: getSafeLocalStorage returning object

      at Proxy.apply (src/scripts/modules/base.js:92:26)

  console.log
    DEBUG: getSafeLocalStorage returning object

      at Proxy.apply (src/scripts/modules/base.js:92:26)

  console.log
    DEBUG: getSafeLocalStorage returning object

      at Proxy.apply (src/scripts/modules/base.js:92:26)

  console.error
    DEBUG: importAllData CALLED [ 'project' ]

      61 |       return undefined;
      62 |     }
    > 63 |     return originalFn(...args);
         |            ^
      64 |   };
      65 | };
      66 |

      at console.<anonymous> (tests/setup/jest.setup.cjs:63:12)
      at Proxy.apply (src/scripts/modules/base.js:92:26)
      at error (src/scripts/storage.js:17633:11)
      at Object.importAllData (tests/unit/storage.test.js:3062:5)

  console.log
    DEBUG: getSafeLocalStorage returning object

      at Proxy.apply (src/scripts/modules/base.js:92:26)

  console.log
    DEBUG: getSafeLocalStorage returning object

      at Proxy.apply (src/scripts/modules/base.js:92:26)

  console.log
    DEBUG: getSafeLocalStorage returning object

      at Proxy.apply (src/scripts/modules/base.js:92:26)

  console.log
    DEBUG: getSafeLocalStorage returning object

      at Proxy.apply (src/scripts/modules/base.js:92:26)
          at Array.forEach (<anonymous>)

  console.log
    DEBUG: getSafeLocalStorage returning object

      at Proxy.apply (src/scripts/modules/base.js:92:26)
          at Array.forEach (<anonymous>)

  console.log
    DEBUG: getSafeLocalStorage returning object

      at Proxy.apply (src/scripts/modules/base.js:92:26)
          at Array.forEach (<anonymous>)

  console.log
    DEBUG: getSafeLocalStorage returning object

      at Proxy.apply (src/scripts/modules/base.js:92:26)
          at Array.forEach (<anonymous>)

  console.log
    DEBUG: getSafeLocalStorage returning object

      at Proxy.apply (src/scripts/modules/base.js:92:26)
          at Array.forEach (<anonymous>)

  console.log
    DEBUG: getSafeLocalStorage returning object

      at Proxy.apply (src/scripts/modules/base.js:92:26)
          at Array.forEach (<anonymous>)

  console.log
    DEBUG: getSafeLocalStorage returning object

      at Proxy.apply (src/scripts/modules/base.js:92:26)
          at Array.forEach (<anonymous>)

  console.log
    DEBUG: getSafeLocalStorage returning object

      at Proxy.apply (src/scripts/modules/base.js:92:26)
          at Array.forEach (<anonymous>)

  console.warn
    MOCK SET: cameraPowerPlanner_prj_Legacy = {"gearList":"<div>Legacy</div>","projectInfo":{"pr

      61 |       return undefined;
      62 |     }
    > 63 |     return originalFn(...args);
         |            ^
      64 |   };
      65 | };
      66 |

      at console.<anonymous> (tests/setup/jest.setup.cjs:63:12)
      at console.apply [as warn] (src/scripts/modules/base.js:92:26)
      at Proxy.apply (src/scripts/modules/base.js:92:26)
      at Proxy.apply (src/scripts/modules/base.js:92:26)
      at Proxy.apply (src/scripts/modules/base.js:92:26)
      at Object.warn (tests/unit/storage.test.js:11:15)
      at setItem (src/scripts/storage.js:8463:17)
      at saveJSONToStorage (src/scripts/storage.js:12780:18)
      at persistProjectShard (src/scripts/storage.js:13513:20)
      at saveProject (src/scripts/storage.js:13783:5)
      at importer (src/scripts/storage.js:18039:7)
      at importProject (src/scripts/storage.js:13890:7)
          at Array.forEach (<anonymous>)
      at forEach (src/scripts/storage.js:13888:32)
      at importProjectCollection (src/scripts/storage.js:18045:20)
      at importTrackedCollection (src/scripts/storage.js:18053:5)
      at Object.importAllData (tests/unit/storage.test.js:3062:5)

  console.log
    DEBUG: getSafeLocalStorage returning object

      at Proxy.apply (src/scripts/modules/base.js:92:26)
          at Array.forEach (<anonymous>)

  console.log
    DEBUG: getSafeLocalStorage returning object

      at Proxy.apply (src/scripts/modules/base.js:92:26)
          at Array.forEach (<anonymous>)
          at Array.forEach (<anonymous>)

  console.log
    DEBUG: getSafeLocalStorage returning object

      at Proxy.apply (src/scripts/modules/base.js:92:26)
          at Array.forEach (<anonymous>)
          at Array.forEach (<anonymous>)

  console.log
    DEBUG: getSafeLocalStorage returning object

      at Proxy.apply (src/scripts/modules/base.js:92:26)
          at Array.forEach (<anonymous>)

  console.warn
    MOCK SET: cameraPowerPlanner_project_rev = 1

      61 |       return undefined;
      62 |     }
    > 63 |     return originalFn(...args);
         |            ^
      64 |   };
      65 | };
      66 |

      at console.<anonymous> (tests/setup/jest.setup.cjs:63:12)
      at console.apply [as warn] (src/scripts/modules/base.js:92:26)
      at Proxy.apply (src/scripts/modules/base.js:92:26)
      at Proxy.apply (src/scripts/modules/base.js:92:26)
      at Proxy.apply (src/scripts/modules/base.js:92:26)
      at Object.warn (tests/unit/storage.test.js:11:15)
      at setItem (src/scripts/storage.js:8463:17)
      at saveJSONToStorage (src/scripts/storage.js:1859:3)
      at bumpProjectStorageRevision (src/scripts/storage.js:12834:3)
      at persistAllProjects (src/scripts/storage.js:13535:5)
      at saveProject (src/scripts/storage.js:13783:5)
      at importer (src/scripts/storage.js:18039:7)
      at importProject (src/scripts/storage.js:13890:7)
          at Array.forEach (<anonymous>)
      at forEach (src/scripts/storage.js:13888:32)
      at importProjectCollection (src/scripts/storage.js:18045:20)
      at importTrackedCollection (src/scripts/storage.js:18053:5)
      at Object.importAllData (tests/unit/storage.test.js:3062:5)

  console.warn
    MOCK SET: cameraPowerPlanner_project_rev__backup = 1

      61 |       return undefined;
      62 |     }
    > 63 |     return originalFn(...args);
         |            ^
      64 |   };
      65 | };
      66 |

      at console.<anonymous> (tests/setup/jest.setup.cjs:63:12)
      at console.apply [as warn] (src/scripts/modules/base.js:92:26)
      at Proxy.apply (src/scripts/modules/base.js:92:26)
      at Proxy.apply (src/scripts/modules/base.js:92:26)
      at Proxy.apply (src/scripts/modules/base.js:92:26)
      at Object.warn (tests/unit/storage.test.js:11:15)
      at setItem (src/scripts/storage.js:8524:19)
      at tryStoreCandidate (src/scripts/storage.js:8540:13)
      at attemptBackupWrite (src/scripts/storage.js:8617:26)
      at saveJSONToStorage (src/scripts/storage.js:1859:3)
      at bumpProjectStorageRevision (src/scripts/storage.js:12834:3)
      at persistAllProjects (src/scripts/storage.js:13535:5)
      at saveProject (src/scripts/storage.js:13783:5)
      at importer (src/scripts/storage.js:18039:7)
      at importProject (src/scripts/storage.js:13890:7)
          at Array.forEach (<anonymous>)
      at forEach (src/scripts/storage.js:13888:32)
      at importProjectCollection (src/scripts/storage.js:18045:20)
      at importTrackedCollection (src/scripts/storage.js:18053:5)
      at Object.importAllData (tests/unit/storage.test.js:3062:5)

  console.log
    DEBUG: getSafeLocalStorage returning object

      at Proxy.apply (src/scripts/modules/base.js:92:26)

  console.log
    DEBUG: getSafeLocalStorage returning object

      at Proxy.apply (src/scripts/modules/base.js:92:26)

  console.log
    DEBUG: getSafeLocalStorage returning object

      at Proxy.apply (src/scripts/modules/base.js:92:26)

  console.error
    DEBUG: importAllData CALLED [ 'data' ]

      61 |       return undefined;
      62 |     }
    > 63 |     return originalFn(...args);
         |            ^
      64 |   };
      65 | };
      66 |

      at console.<anonymous> (tests/setup/jest.setup.cjs:63:12)
      at Proxy.apply (src/scripts/modules/base.js:92:26)
      at error (src/scripts/storage.js:17633:11)
      at Object.importAllData (tests/unit/storage.test.js:3075:5)

  console.log
    DEBUG: readSnapshotEntry checking migration candidate cameraPowerPlanner_devices__legacyMigrationBackup false

      at Proxy.apply (src/scripts/modules/base.js:92:26)

  console.log
    DEBUG: readSnapshotEntry checking migration candidate cinePowerPlanner_devices__legacyMigrationBackup false

      at Proxy.apply (src/scripts/modules/base.js:92:26)

  console.log
    DEBUG: readSnapshotEntry checking migration candidate cameraPowerPlanner_setups__legacyMigrationBackup false

      at Proxy.apply (src/scripts/modules/base.js:92:26)

  console.log
    DEBUG: readSnapshotEntry checking migration candidate cinePowerPlanner_setups__legacyMigrationBackup false

      at Proxy.apply (src/scripts/modules/base.js:92:26)

  console.log
    DEBUG: readSnapshotEntry checking migration candidate cameraPowerPlanner_session__legacyMigrationBackup false

      at Proxy.apply (src/scripts/modules/base.js:92:26)

  console.log
    DEBUG: readSnapshotEntry checking migration candidate cinePowerPlanner_session__legacyMigrationBackup false

      at Proxy.apply (src/scripts/modules/base.js:92:26)

  console.log
    DEBUG: readSnapshotEntry checking migration candidate cameraPowerPlanner_feedback__legacyMigrationBackup false

      at Proxy.apply (src/scripts/modules/base.js:92:26)

  console.log
    DEBUG: readSnapshotEntry checking migration candidate cinePowerPlanner_feedback__legacyMigrationBackup false

      at Proxy.apply (src/scripts/modules/base.js:92:26)

  console.log
    DEBUG: readSnapshotEntry checking migration candidate cameraPowerPlanner_project__legacyMigrationBackup false

      at Proxy.apply (src/scripts/modules/base.js:92:26)

  console.log
    DEBUG: readSnapshotEntry checking migration candidate cinePowerPlanner_project__legacyMigrationBackup false

      at Proxy.apply (src/scripts/modules/base.js:92:26)

  console.log
    DEBUG: readSnapshotEntry checking migration candidate cameraPowerPlanner_favorites__legacyMigrationBackup false

      at Proxy.apply (src/scripts/modules/base.js:92:26)

  console.log
    DEBUG: readSnapshotEntry checking migration candidate cinePowerPlanner_favorites__legacyMigrationBackup false

      at Proxy.apply (src/scripts/modules/base.js:92:26)

  console.log
    DEBUG: readSnapshotEntry checking migration candidate cameraPowerPlanner_contacts__legacyMigrationBackup false

      at Proxy.apply (src/scripts/modules/base.js:92:26)

  console.log
    DEBUG: readSnapshotEntry checking migration candidate cinePowerPlanner_contacts__legacyMigrationBackup false

      at Proxy.apply (src/scripts/modules/base.js:92:26)

  console.log
    DEBUG: readSnapshotEntry checking migration candidate cameraPowerPlanner_ownGear__legacyMigrationBackup false

      at Proxy.apply (src/scripts/modules/base.js:92:26)

  console.log
    DEBUG: readSnapshotEntry checking migration candidate cinePowerPlanner_ownGear__legacyMigrationBackup false

      at Proxy.apply (src/scripts/modules/base.js:92:26)

  console.log
    DEBUG: readSnapshotEntry checking migration candidate cameraPowerPlanner_userProfile__legacyMigrationBackup false

      at Proxy.apply (src/scripts/modules/base.js:92:26)

  console.log
    DEBUG: readSnapshotEntry checking migration candidate cinePowerPlanner_userProfile__legacyMigrationBackup false

      at Proxy.apply (src/scripts/modules/base.js:92:26)

  console.log
    DEBUG: readSnapshotEntry checking migration candidate cameraPowerPlanner_documentationTracker__legacyMigrationBackup false

      at Proxy.apply (src/scripts/modules/base.js:92:26)

  console.log
    DEBUG: readSnapshotEntry checking migration candidate cinePowerPlanner_documentationTracker__legacyMigrationBackup false

      at Proxy.apply (src/scripts/modules/base.js:92:26)

  console.log
    DEBUG: readSnapshotEntry checking migration candidate cameraPowerPlanner_autoGearRules__legacyMigrationBackup false

      at Proxy.apply (src/scripts/modules/base.js:92:26)

  console.log
    DEBUG: readSnapshotEntry checking migration candidate cinePowerPlanner_autoGearRules__legacyMigrationBackup false

      at Proxy.apply (src/scripts/modules/base.js:92:26)

  console.log
    DEBUG: readSnapshotEntry checking migration candidate cameraPowerPlanner_autoGearBackups__legacyMigrationBackup false

      at Proxy.apply (src/scripts/modules/base.js:92:26)

  console.log
    DEBUG: readSnapshotEntry checking migration candidate cinePowerPlanner_autoGearBackups__legacyMigrationBackup false

      at Proxy.apply (src/scripts/modules/base.js:92:26)

  console.log
    DEBUG: readSnapshotEntry checking migration candidate cameraPowerPlanner_autoGearPresets__legacyMigrationBackup false

      at Proxy.apply (src/scripts/modules/base.js:92:26)

  console.log
    DEBUG: readSnapshotEntry checking migration candidate cinePowerPlanner_autoGearPresets__legacyMigrationBackup false

      at Proxy.apply (src/scripts/modules/base.js:92:26)

  console.log
    DEBUG: readSnapshotEntry checking migration candidate cameraPowerPlanner_autoGearMonitorDefaults__legacyMigrationBackup false

      at Proxy.apply (src/scripts/modules/base.js:92:26)

  console.log
    DEBUG: readSnapshotEntry checking migration candidate cinePowerPlanner_autoGearMonitorDefaults__legacyMigrationBackup false

      at Proxy.apply (src/scripts/modules/base.js:92:26)

  console.log
    DEBUG: readSnapshotEntry checking migration candidate cameraPowerPlanner_autoGearBackupRetention__legacyMigrationBackup false

      at Proxy.apply (src/scripts/modules/base.js:92:26)

  console.log
    DEBUG: readSnapshotEntry checking migration candidate cinePowerPlanner_autoGearBackupRetention__legacyMigrationBackup false

      at Proxy.apply (src/scripts/modules/base.js:92:26)

  console.log
    DEBUG: readSnapshotEntry checking migration candidate cameraPowerPlanner_schemaCache__legacyMigrationBackup false

      at Proxy.apply (src/scripts/modules/base.js:92:26)

  console.log
    DEBUG: readSnapshotEntry checking migration candidate cinePowerPlanner_schemaCache__legacyMigrationBackup false

      at Proxy.apply (src/scripts/modules/base.js:92:26)

  console.log
    DEBUG: readSnapshotEntry checking migration candidate cameraPowerPlanner_customFonts__legacyMigrationBackup false

      at Proxy.apply (src/scripts/modules/base.js:92:26)

  console.log
    DEBUG: readSnapshotEntry checking migration candidate cinePowerPlanner_customFonts__legacyMigrationBackup false

      at Proxy.apply (src/scripts/modules/base.js:92:26)

  console.log
    DEBUG: readSnapshotEntry checking migration candidate customLogo__legacyMigrationBackup false

      at Proxy.apply (src/scripts/modules/base.js:92:26)

  console.log
    DEBUG: readSnapshotEntry checking migration candidate cameraPowerPlanner_autoGearSeeded__legacyMigrationBackup false

      at Proxy.apply (src/scripts/modules/base.js:92:26)

  console.log
    DEBUG: readSnapshotEntry checking migration candidate cinePowerPlanner_autoGearSeeded__legacyMigrationBackup false

      at Proxy.apply (src/scripts/modules/base.js:92:26)

  console.log
    DEBUG: readSnapshotEntry checking migration candidate cameraPowerPlanner_autoGearActivePreset__legacyMigrationBackup false

      at Proxy.apply (src/scripts/modules/base.js:92:26)

  console.log
    DEBUG: readSnapshotEntry checking migration candidate cinePowerPlanner_autoGearActivePreset__legacyMigrationBackup false

      at Proxy.apply (src/scripts/modules/base.js:92:26)

  console.log
    DEBUG: readSnapshotEntry checking migration candidate cameraPowerPlanner_autoGearAutoPreset__legacyMigrationBackup false

      at Proxy.apply (src/scripts/modules/base.js:92:26)

  console.log
    DEBUG: readSnapshotEntry checking migration candidate cinePowerPlanner_autoGearAutoPreset__legacyMigrationBackup false

      at Proxy.apply (src/scripts/modules/base.js:92:26)

  console.log
    DEBUG: readSnapshotEntry checking migration candidate cameraPowerPlanner_autoGearShowBackups__legacyMigrationBackup false

      at Proxy.apply (src/scripts/modules/base.js:92:26)

  console.log
    DEBUG: readSnapshotEntry checking migration candidate cinePowerPlanner_autoGearShowBackups__legacyMigrationBackup false

      at Proxy.apply (src/scripts/modules/base.js:92:26)

  console.log
    DEBUG: readSnapshotEntry checking migration candidate darkMode__legacyMigrationBackup false

      at Proxy.apply (src/scripts/modules/base.js:92:26)
          at Array.forEach (<anonymous>)

  console.log
    DEBUG: readSnapshotEntry checking migration candidate pinkMode__legacyMigrationBackup false

      at Proxy.apply (src/scripts/modules/base.js:92:26)
          at Array.forEach (<anonymous>)

  console.log
    DEBUG: readSnapshotEntry checking migration candidate highContrast__legacyMigrationBackup false

      at Proxy.apply (src/scripts/modules/base.js:92:26)
          at Array.forEach (<anonymous>)

  console.log
    DEBUG: readSnapshotEntry checking migration candidate reduceMotion__legacyMigrationBackup false

      at Proxy.apply (src/scripts/modules/base.js:92:26)
          at Array.forEach (<anonymous>)

  console.log
    DEBUG: readSnapshotEntry checking migration candidate relaxedSpacing__legacyMigrationBackup false

      at Proxy.apply (src/scripts/modules/base.js:92:26)
          at Array.forEach (<anonymous>)

  console.log
    DEBUG: readSnapshotEntry checking migration candidate showAutoBackups__legacyMigrationBackup false

      at Proxy.apply (src/scripts/modules/base.js:92:26)
          at Array.forEach (<anonymous>)

  console.log
    DEBUG: readSnapshotEntry checking migration candidate accentColor__legacyMigrationBackup false

      at Proxy.apply (src/scripts/modules/base.js:92:26)
          at Array.forEach (<anonymous>)

  console.log
    DEBUG: readSnapshotEntry checking migration candidate fontSize__legacyMigrationBackup false

      at Proxy.apply (src/scripts/modules/base.js:92:26)
          at Array.forEach (<anonymous>)

  console.log
    DEBUG: readSnapshotEntry checking migration candidate fontFamily__legacyMigrationBackup false

      at Proxy.apply (src/scripts/modules/base.js:92:26)
          at Array.forEach (<anonymous>)

  console.log
    DEBUG: readSnapshotEntry checking migration candidate language__legacyMigrationBackup false

      at Proxy.apply (src/scripts/modules/base.js:92:26)
          at Array.forEach (<anonymous>)

  console.log
    DEBUG: readSnapshotEntry checking migration candidate iosPwaHelpShown__legacyMigrationBackup false

      at Proxy.apply (src/scripts/modules/base.js:92:26)
          at Array.forEach (<anonymous>)

  console.log
    DEBUG: readSnapshotEntry checking migration candidate cameraPowerPlanner_cameraColors__legacyMigrationBackup false

      at Proxy.apply (src/scripts/modules/base.js:92:26)
          at Array.forEach (<anonymous>)

  console.log
    DEBUG: readSnapshotEntry checking migration candidate cinePowerPlanner_cameraColors__legacyMigrationBackup false

      at Proxy.apply (src/scripts/modules/base.js:92:26)
          at Array.forEach (<anonymous>)

  console.log
    DEBUG: readSnapshotEntry checking migration candidate cineRentalPrintSections__legacyMigrationBackup false

      at Proxy.apply (src/scripts/modules/base.js:92:26)
          at Array.forEach (<anonymous>)

  console.log
    DEBUG: readSnapshotEntry checking migration candidate cameraPowerPlanner_temperatureUnit__legacyMigrationBackup false

      at Proxy.apply (src/scripts/modules/base.js:92:26)

  console.log
    DEBUG: readSnapshotEntry checking migration candidate cinePowerPlanner_temperatureUnit__legacyMigrationBackup false

      at Proxy.apply (src/scripts/modules/base.js:92:26)

  console.log
    DEBUG: readSnapshotEntry checking migration candidate cameraPowerPlanner_focusScale__legacyMigrationBackup false

      at Proxy.apply (src/scripts/modules/base.js:92:26)

  console.log
    DEBUG: readSnapshotEntry checking migration candidate cinePowerPlanner_focusScale__legacyMigrationBackup false

      at Proxy.apply (src/scripts/modules/base.js:92:26)

  console.log
    DEBUG: readSnapshotEntry checking migration candidate cameraPowerPlanner_cameraColors__legacyMigrationBackup false

      at Proxy.apply (src/scripts/modules/base.js:92:26)

  console.log
    DEBUG: readSnapshotEntry checking migration candidate cinePowerPlanner_cameraColors__legacyMigrationBackup false

      at Proxy.apply (src/scripts/modules/base.js:92:26)

  console.log
    DEBUG: readSnapshotEntry checking migration candidate cameraPowerPlanner_mountVoltages__legacyMigrationBackup false

      at Proxy.apply (src/scripts/modules/base.js:92:26)

  console.log
    DEBUG: readSnapshotEntry checking migration candidate cinePowerPlanner_mountVoltages__legacyMigrationBackup false

      at Proxy.apply (src/scripts/modules/base.js:92:26)

  console.log
    DEBUG: getSafeLocalStorage returning object

      at Proxy.apply (src/scripts/modules/base.js:92:26)
          at Array.forEach (<anonymous>)

  console.log
    DEBUG: getSafeLocalStorage returning object

      at Proxy.apply (src/scripts/modules/base.js:92:26)
          at Array.forEach (<anonymous>)

  console.log
    DEBUG: getSafeLocalStorage returning object

      at Proxy.apply (src/scripts/modules/base.js:92:26)
          at Array.forEach (<anonymous>)

  console.log
    DEBUG: getSafeLocalStorage returning object

      at Proxy.apply (src/scripts/modules/base.js:92:26)
          at Array.forEach (<anonymous>)

  console.log
    DEBUG: getSafeLocalStorage returning object

      at Proxy.apply (src/scripts/modules/base.js:92:26)
          at Array.forEach (<anonymous>)

  console.log
    DEBUG: getSafeLocalStorage returning object

      at Proxy.apply (src/scripts/modules/base.js:92:26)
          at Array.forEach (<anonymous>)

  console.log
    DEBUG: getSafeLocalStorage returning object

      at Proxy.apply (src/scripts/modules/base.js:92:26)
          at Array.forEach (<anonymous>)

  console.log
    DEBUG: getSafeLocalStorage returning object

      at Proxy.apply (src/scripts/modules/base.js:92:26)
          at Array.forEach (<anonymous>)

  console.log
    DEBUG: getSafeLocalStorage returning object

      at Proxy.apply (src/scripts/modules/base.js:92:26)
          at Array.forEach (<anonymous>)

  console.log
    DEBUG: getSafeLocalStorage returning object

      at Proxy.apply (src/scripts/modules/base.js:92:26)
          at Array.forEach (<anonymous>)

  console.log
    DEBUG: getSafeLocalStorage returning object

      at Proxy.apply (src/scripts/modules/base.js:92:26)
          at Array.forEach (<anonymous>)

  console.warn
    MOCK SET: cameraPowerPlanner_prj_ = {"gearList":"<div>Nested</div>","projectInfo":null

      61 |       return undefined;
      62 |     }
    > 63 |     return originalFn(...args);
         |            ^
      64 |   };
      65 | };
      66 |

      at console.<anonymous> (tests/setup/jest.setup.cjs:63:12)
      at console.apply [as warn] (src/scripts/modules/base.js:92:26)
      at Proxy.apply (src/scripts/modules/base.js:92:26)
      at Proxy.apply (src/scripts/modules/base.js:92:26)
      at Proxy.apply (src/scripts/modules/base.js:92:26)
      at Object.warn (tests/unit/storage.test.js:11:15)
      at setItem (src/scripts/storage.js:8463:17)
      at saveJSONToStorage (src/scripts/storage.js:12780:18)
      at persistProjectShard (src/scripts/storage.js:13513:20)
      at saveProject (src/scripts/storage.js:13783:5)
      at importer (src/scripts/storage.js:18039:7)
      at src/scripts/storage.js:18072:31
          at Array.forEach (<anonymous>)
      at forEach (src/scripts/storage.js:18066:23)
      at Object.importAllData (tests/unit/storage.test.js:3075:5)

  console.log
    DEBUG: getSafeLocalStorage returning object

      at Proxy.apply (src/scripts/modules/base.js:92:26)
          at Array.forEach (<anonymous>)

  console.log
    DEBUG: getSafeLocalStorage returning object

      at Proxy.apply (src/scripts/modules/base.js:92:26)
          at Array.forEach (<anonymous>)
          at Array.forEach (<anonymous>)

  console.log
    DEBUG: getSafeLocalStorage returning object

      at Proxy.apply (src/scripts/modules/base.js:92:26)
          at Array.forEach (<anonymous>)
          at Array.forEach (<anonymous>)

  console.log
    DEBUG: getSafeLocalStorage returning object

      at Proxy.apply (src/scripts/modules/base.js:92:26)
          at Array.forEach (<anonymous>)

  console.warn
    MOCK SET: cameraPowerPlanner_project_rev = 1

      61 |       return undefined;
      62 |     }
    > 63 |     return originalFn(...args);
         |            ^
      64 |   };
      65 | };
      66 |

      at console.<anonymous> (tests/setup/jest.setup.cjs:63:12)
      at console.apply [as warn] (src/scripts/modules/base.js:92:26)
      at Proxy.apply (src/scripts/modules/base.js:92:26)
      at Proxy.apply (src/scripts/modules/base.js:92:26)
      at Proxy.apply (src/scripts/modules/base.js:92:26)
      at Object.warn (tests/unit/storage.test.js:11:15)
      at setItem (src/scripts/storage.js:8463:17)
      at saveJSONToStorage (src/scripts/storage.js:1859:3)
      at bumpProjectStorageRevision (src/scripts/storage.js:12834:3)
      at persistAllProjects (src/scripts/storage.js:13535:5)
      at saveProject (src/scripts/storage.js:13783:5)
      at importer (src/scripts/storage.js:18039:7)
      at src/scripts/storage.js:18072:31
          at Array.forEach (<anonymous>)
      at forEach (src/scripts/storage.js:18066:23)
      at Object.importAllData (tests/unit/storage.test.js:3075:5)

  console.warn
    MOCK SET: cameraPowerPlanner_project_rev__backup = 1

      61 |       return undefined;
      62 |     }
    > 63 |     return originalFn(...args);
         |            ^
      64 |   };
      65 | };
      66 |

      at console.<anonymous> (tests/setup/jest.setup.cjs:63:12)
      at console.apply [as warn] (src/scripts/modules/base.js:92:26)
      at Proxy.apply (src/scripts/modules/base.js:92:26)
      at Proxy.apply (src/scripts/modules/base.js:92:26)
      at Proxy.apply (src/scripts/modules/base.js:92:26)
      at Object.warn (tests/unit/storage.test.js:11:15)
      at setItem (src/scripts/storage.js:8524:19)
      at tryStoreCandidate (src/scripts/storage.js:8540:13)
      at attemptBackupWrite (src/scripts/storage.js:8617:26)
      at saveJSONToStorage (src/scripts/storage.js:1859:3)
      at bumpProjectStorageRevision (src/scripts/storage.js:12834:3)
      at persistAllProjects (src/scripts/storage.js:13535:5)
      at saveProject (src/scripts/storage.js:13783:5)
      at importer (src/scripts/storage.js:18039:7)
      at src/scripts/storage.js:18072:31
          at Array.forEach (<anonymous>)
      at forEach (src/scripts/storage.js:18066:23)
      at Object.importAllData (tests/unit/storage.test.js:3075:5)

  console.log
    DEBUG: getSafeLocalStorage returning object

      at Proxy.apply (src/scripts/modules/base.js:92:26)

  console.log
    DEBUG: getSafeLocalStorage returning object

      at Proxy.apply (src/scripts/modules/base.js:92:26)

  console.log
    DEBUG: getSafeLocalStorage returning object

      at Proxy.apply (src/scripts/modules/base.js:92:26)

  console.error
    DEBUG: importAllData CALLED [ 'plannerData' ]

      61 |       return undefined;
      62 |     }
    > 63 |     return originalFn(...args);
         |            ^
      64 |   };
      65 | };
      66 |

      at console.<anonymous> (tests/setup/jest.setup.cjs:63:12)
      at Proxy.apply (src/scripts/modules/base.js:92:26)
      at error (src/scripts/storage.js:17633:11)
      at Object.importAllData (tests/unit/storage.test.js:3087:5)

  console.log
    DEBUG: readSnapshotEntry checking migration candidate cameraPowerPlanner_devices__legacyMigrationBackup false

      at Proxy.apply (src/scripts/modules/base.js:92:26)

  console.log
    DEBUG: readSnapshotEntry checking migration candidate cinePowerPlanner_devices__legacyMigrationBackup false

      at Proxy.apply (src/scripts/modules/base.js:92:26)

  console.log
    DEBUG: readSnapshotEntry checking migration candidate cameraPowerPlanner_setups__legacyMigrationBackup false

      at Proxy.apply (src/scripts/modules/base.js:92:26)

  console.log
    DEBUG: readSnapshotEntry checking migration candidate cinePowerPlanner_setups__legacyMigrationBackup false

      at Proxy.apply (src/scripts/modules/base.js:92:26)

  console.log
    DEBUG: readSnapshotEntry checking migration candidate cameraPowerPlanner_session__legacyMigrationBackup false

      at Proxy.apply (src/scripts/modules/base.js:92:26)

  console.log
    DEBUG: readSnapshotEntry checking migration candidate cinePowerPlanner_session__legacyMigrationBackup false

      at Proxy.apply (src/scripts/modules/base.js:92:26)

  console.log
    DEBUG: readSnapshotEntry checking migration candidate cameraPowerPlanner_feedback__legacyMigrationBackup false

      at Proxy.apply (src/scripts/modules/base.js:92:26)

  console.log
    DEBUG: readSnapshotEntry checking migration candidate cinePowerPlanner_feedback__legacyMigrationBackup false

      at Proxy.apply (src/scripts/modules/base.js:92:26)

  console.log
    DEBUG: readSnapshotEntry checking migration candidate cameraPowerPlanner_project__legacyMigrationBackup false

      at Proxy.apply (src/scripts/modules/base.js:92:26)

  console.log
    DEBUG: readSnapshotEntry checking migration candidate cinePowerPlanner_project__legacyMigrationBackup false

      at Proxy.apply (src/scripts/modules/base.js:92:26)

  console.log
    DEBUG: readSnapshotEntry checking migration candidate cameraPowerPlanner_favorites__legacyMigrationBackup false

      at Proxy.apply (src/scripts/modules/base.js:92:26)

  console.log
    DEBUG: readSnapshotEntry checking migration candidate cinePowerPlanner_favorites__legacyMigrationBackup false

      at Proxy.apply (src/scripts/modules/base.js:92:26)

  console.log
    DEBUG: readSnapshotEntry checking migration candidate cameraPowerPlanner_contacts__legacyMigrationBackup false

      at Proxy.apply (src/scripts/modules/base.js:92:26)

  console.log
    DEBUG: readSnapshotEntry checking migration candidate cinePowerPlanner_contacts__legacyMigrationBackup false

      at Proxy.apply (src/scripts/modules/base.js:92:26)

  console.log
    DEBUG: readSnapshotEntry checking migration candidate cameraPowerPlanner_ownGear__legacyMigrationBackup false

      at Proxy.apply (src/scripts/modules/base.js:92:26)

  console.log
    DEBUG: readSnapshotEntry checking migration candidate cinePowerPlanner_ownGear__legacyMigrationBackup false

      at Proxy.apply (src/scripts/modules/base.js:92:26)

  console.log
    DEBUG: readSnapshotEntry checking migration candidate cameraPowerPlanner_userProfile__legacyMigrationBackup false

      at Proxy.apply (src/scripts/modules/base.js:92:26)

  console.log
    DEBUG: readSnapshotEntry checking migration candidate cinePowerPlanner_userProfile__legacyMigrationBackup false

      at Proxy.apply (src/scripts/modules/base.js:92:26)

  console.log
    DEBUG: readSnapshotEntry checking migration candidate cameraPowerPlanner_documentationTracker__legacyMigrationBackup false

      at Proxy.apply (src/scripts/modules/base.js:92:26)

  console.log
    DEBUG: readSnapshotEntry checking migration candidate cinePowerPlanner_documentationTracker__legacyMigrationBackup false

      at Proxy.apply (src/scripts/modules/base.js:92:26)

  console.log
    DEBUG: readSnapshotEntry checking migration candidate cameraPowerPlanner_autoGearRules__legacyMigrationBackup false

      at Proxy.apply (src/scripts/modules/base.js:92:26)

  console.log
    DEBUG: readSnapshotEntry checking migration candidate cinePowerPlanner_autoGearRules__legacyMigrationBackup false

      at Proxy.apply (src/scripts/modules/base.js:92:26)

  console.log
    DEBUG: readSnapshotEntry checking migration candidate cameraPowerPlanner_autoGearBackups__legacyMigrationBackup false

      at Proxy.apply (src/scripts/modules/base.js:92:26)

  console.log
    DEBUG: readSnapshotEntry checking migration candidate cinePowerPlanner_autoGearBackups__legacyMigrationBackup false

      at Proxy.apply (src/scripts/modules/base.js:92:26)

  console.log
    DEBUG: readSnapshotEntry checking migration candidate cameraPowerPlanner_autoGearPresets__legacyMigrationBackup false

      at Proxy.apply (src/scripts/modules/base.js:92:26)

  console.log
    DEBUG: readSnapshotEntry checking migration candidate cinePowerPlanner_autoGearPresets__legacyMigrationBackup false

      at Proxy.apply (src/scripts/modules/base.js:92:26)

  console.log
    DEBUG: readSnapshotEntry checking migration candidate cameraPowerPlanner_autoGearMonitorDefaults__legacyMigrationBackup false

      at Proxy.apply (src/scripts/modules/base.js:92:26)

  console.log
    DEBUG: readSnapshotEntry checking migration candidate cinePowerPlanner_autoGearMonitorDefaults__legacyMigrationBackup false

      at Proxy.apply (src/scripts/modules/base.js:92:26)

  console.log
    DEBUG: readSnapshotEntry checking migration candidate cameraPowerPlanner_autoGearBackupRetention__legacyMigrationBackup false

      at Proxy.apply (src/scripts/modules/base.js:92:26)

  console.log
    DEBUG: readSnapshotEntry checking migration candidate cinePowerPlanner_autoGearBackupRetention__legacyMigrationBackup false

      at Proxy.apply (src/scripts/modules/base.js:92:26)

  console.log
    DEBUG: readSnapshotEntry checking migration candidate cameraPowerPlanner_schemaCache__legacyMigrationBackup false

      at Proxy.apply (src/scripts/modules/base.js:92:26)

  console.log
    DEBUG: readSnapshotEntry checking migration candidate cinePowerPlanner_schemaCache__legacyMigrationBackup false

      at Proxy.apply (src/scripts/modules/base.js:92:26)

  console.log
    DEBUG: readSnapshotEntry checking migration candidate cameraPowerPlanner_customFonts__legacyMigrationBackup false

      at Proxy.apply (src/scripts/modules/base.js:92:26)

  console.log
    DEBUG: readSnapshotEntry checking migration candidate cinePowerPlanner_customFonts__legacyMigrationBackup false

      at Proxy.apply (src/scripts/modules/base.js:92:26)

  console.log
    DEBUG: readSnapshotEntry checking migration candidate customLogo__legacyMigrationBackup false

      at Proxy.apply (src/scripts/modules/base.js:92:26)

  console.log
    DEBUG: readSnapshotEntry checking migration candidate cameraPowerPlanner_autoGearSeeded__legacyMigrationBackup false

      at Proxy.apply (src/scripts/modules/base.js:92:26)

  console.log
    DEBUG: readSnapshotEntry checking migration candidate cinePowerPlanner_autoGearSeeded__legacyMigrationBackup false

      at Proxy.apply (src/scripts/modules/base.js:92:26)

  console.log
    DEBUG: readSnapshotEntry checking migration candidate cameraPowerPlanner_autoGearActivePreset__legacyMigrationBackup false

      at Proxy.apply (src/scripts/modules/base.js:92:26)

  console.log
    DEBUG: readSnapshotEntry checking migration candidate cinePowerPlanner_autoGearActivePreset__legacyMigrationBackup false

      at Proxy.apply (src/scripts/modules/base.js:92:26)

  console.log
    DEBUG: readSnapshotEntry checking migration candidate cameraPowerPlanner_autoGearAutoPreset__legacyMigrationBackup false

      at Proxy.apply (src/scripts/modules/base.js:92:26)

  console.log
    DEBUG: readSnapshotEntry checking migration candidate cinePowerPlanner_autoGearAutoPreset__legacyMigrationBackup false

      at Proxy.apply (src/scripts/modules/base.js:92:26)

  console.log
    DEBUG: readSnapshotEntry checking migration candidate cameraPowerPlanner_autoGearShowBackups__legacyMigrationBackup false

      at Proxy.apply (src/scripts/modules/base.js:92:26)

  console.log
    DEBUG: readSnapshotEntry checking migration candidate cinePowerPlanner_autoGearShowBackups__legacyMigrationBackup false

      at Proxy.apply (src/scripts/modules/base.js:92:26)

  console.log
    DEBUG: readSnapshotEntry checking migration candidate darkMode__legacyMigrationBackup false

      at Proxy.apply (src/scripts/modules/base.js:92:26)
          at Array.forEach (<anonymous>)

  console.log
    DEBUG: readSnapshotEntry checking migration candidate pinkMode__legacyMigrationBackup false

      at Proxy.apply (src/scripts/modules/base.js:92:26)
          at Array.forEach (<anonymous>)

  console.log
    DEBUG: readSnapshotEntry checking migration candidate highContrast__legacyMigrationBackup false

      at Proxy.apply (src/scripts/modules/base.js:92:26)
          at Array.forEach (<anonymous>)

  console.log
    DEBUG: readSnapshotEntry checking migration candidate reduceMotion__legacyMigrationBackup false

      at Proxy.apply (src/scripts/modules/base.js:92:26)
          at Array.forEach (<anonymous>)

  console.log
    DEBUG: readSnapshotEntry checking migration candidate relaxedSpacing__legacyMigrationBackup false

      at Proxy.apply (src/scripts/modules/base.js:92:26)
          at Array.forEach (<anonymous>)

  console.log
    DEBUG: readSnapshotEntry checking migration candidate showAutoBackups__legacyMigrationBackup false

      at Proxy.apply (src/scripts/modules/base.js:92:26)
          at Array.forEach (<anonymous>)

  console.log
    DEBUG: readSnapshotEntry checking migration candidate accentColor__legacyMigrationBackup false

      at Proxy.apply (src/scripts/modules/base.js:92:26)
          at Array.forEach (<anonymous>)

  console.log
    DEBUG: readSnapshotEntry checking migration candidate fontSize__legacyMigrationBackup false

      at Proxy.apply (src/scripts/modules/base.js:92:26)
          at Array.forEach (<anonymous>)

  console.log
    DEBUG: readSnapshotEntry checking migration candidate fontFamily__legacyMigrationBackup false

      at Proxy.apply (src/scripts/modules/base.js:92:26)
          at Array.forEach (<anonymous>)

  console.log
    DEBUG: readSnapshotEntry checking migration candidate language__legacyMigrationBackup false

      at Proxy.apply (src/scripts/modules/base.js:92:26)
          at Array.forEach (<anonymous>)

  console.log
    DEBUG: readSnapshotEntry checking migration candidate iosPwaHelpShown__legacyMigrationBackup false

      at Proxy.apply (src/scripts/modules/base.js:92:26)
          at Array.forEach (<anonymous>)

  console.log
    DEBUG: readSnapshotEntry checking migration candidate cameraPowerPlanner_cameraColors__legacyMigrationBackup false

      at Proxy.apply (src/scripts/modules/base.js:92:26)
          at Array.forEach (<anonymous>)

  console.log
    DEBUG: readSnapshotEntry checking migration candidate cinePowerPlanner_cameraColors__legacyMigrationBackup false

      at Proxy.apply (src/scripts/modules/base.js:92:26)
          at Array.forEach (<anonymous>)

  console.log
    DEBUG: readSnapshotEntry checking migration candidate cineRentalPrintSections__legacyMigrationBackup false

      at Proxy.apply (src/scripts/modules/base.js:92:26)
          at Array.forEach (<anonymous>)

  console.log
    DEBUG: readSnapshotEntry checking migration candidate cameraPowerPlanner_temperatureUnit__legacyMigrationBackup false

      at Proxy.apply (src/scripts/modules/base.js:92:26)

  console.log
    DEBUG: readSnapshotEntry checking migration candidate cinePowerPlanner_temperatureUnit__legacyMigrationBackup false

      at Proxy.apply (src/scripts/modules/base.js:92:26)

  console.log
    DEBUG: readSnapshotEntry checking migration candidate cameraPowerPlanner_focusScale__legacyMigrationBackup false

      at Proxy.apply (src/scripts/modules/base.js:92:26)

  console.log
    DEBUG: readSnapshotEntry checking migration candidate cinePowerPlanner_focusScale__legacyMigrationBackup false

      at Proxy.apply (src/scripts/modules/base.js:92:26)

  console.log
    DEBUG: readSnapshotEntry checking migration candidate cameraPowerPlanner_cameraColors__legacyMigrationBackup false

      at Proxy.apply (src/scripts/modules/base.js:92:26)

  console.log
    DEBUG: readSnapshotEntry checking migration candidate cinePowerPlanner_cameraColors__legacyMigrationBackup false

      at Proxy.apply (src/scripts/modules/base.js:92:26)

  console.log
    DEBUG: readSnapshotEntry checking migration candidate cameraPowerPlanner_mountVoltages__legacyMigrationBackup false

      at Proxy.apply (src/scripts/modules/base.js:92:26)

  console.log
    DEBUG: readSnapshotEntry checking migration candidate cinePowerPlanner_mountVoltages__legacyMigrationBackup false

      at Proxy.apply (src/scripts/modules/base.js:92:26)

  console.log
    DEBUG: getSafeLocalStorage returning object

      at Proxy.apply (src/scripts/modules/base.js:92:26)
          at Array.forEach (<anonymous>)

  console.log
    DEBUG: getSafeLocalStorage returning object

      at Proxy.apply (src/scripts/modules/base.js:92:26)
          at Array.forEach (<anonymous>)

  console.log
    DEBUG: getSafeLocalStorage returning object

      at Proxy.apply (src/scripts/modules/base.js:92:26)
          at Array.forEach (<anonymous>)

  console.log
    DEBUG: getSafeLocalStorage returning object

      at Proxy.apply (src/scripts/modules/base.js:92:26)
          at Array.forEach (<anonymous>)
          at Array.forEach (<anonymous>)

  console.log
    DEBUG: getSafeLocalStorage returning object

      at Proxy.apply (src/scripts/modules/base.js:92:26)
          at Array.forEach (<anonymous>)
          at Array.forEach (<anonymous>)

  console.log
    DEBUG: getSafeLocalStorage returning object

      at Proxy.apply (src/scripts/modules/base.js:92:26)
          at Array.forEach (<anonymous>)
          at Array.forEach (<anonymous>)

  console.log
    DEBUG: getSafeLocalStorage returning object

      at Proxy.apply (src/scripts/modules/base.js:92:26)
          at Array.forEach (<anonymous>)
          at Array.forEach (<anonymous>)

  console.log
    DEBUG: getSafeLocalStorage returning object

      at Proxy.apply (src/scripts/modules/base.js:92:26)
          at Array.forEach (<anonymous>)
          at Array.forEach (<anonymous>)

  console.log
    DEBUG: getSafeLocalStorage returning object

      at Proxy.apply (src/scripts/modules/base.js:92:26)
          at Array.forEach (<anonymous>)
          at Array.forEach (<anonymous>)

  console.log
    DEBUG: getSafeLocalStorage returning object

      at Proxy.apply (src/scripts/modules/base.js:92:26)
          at Array.forEach (<anonymous>)
          at Array.forEach (<anonymous>)

  console.log
    DEBUG: getSafeLocalStorage returning object

      at Proxy.apply (src/scripts/modules/base.js:92:26)
          at Array.forEach (<anonymous>)
          at Array.forEach (<anonymous>)

  console.warn
    MOCK SET: cameraPowerPlanner_prj_Planner One = {"gearList":"<p>One</p>","projectInfo":null,"gearL

      61 |       return undefined;
      62 |     }
    > 63 |     return originalFn(...args);
         |            ^
      64 |   };
      65 | };
      66 |

      at console.<anonymous> (tests/setup/jest.setup.cjs:63:12)
      at console.apply [as warn] (src/scripts/modules/base.js:92:26)
      at Proxy.apply (src/scripts/modules/base.js:92:26)
      at Proxy.apply (src/scripts/modules/base.js:92:26)
      at Proxy.apply (src/scripts/modules/base.js:92:26)
      at Object.warn (tests/unit/storage.test.js:11:15)
      at setItem (src/scripts/storage.js:8463:17)
      at saveJSONToStorage (src/scripts/storage.js:12780:18)
      at persistProjectShard (src/scripts/storage.js:13513:20)
      at saveProject (src/scripts/storage.js:13783:5)
      at importer (src/scripts/storage.js:18039:7)
      at importProject (src/scripts/storage.js:13881:7)
          at Array.forEach (<anonymous>)
      at forEach (src/scripts/storage.js:13868:13)
      at importProjectCollection (src/scripts/storage.js:18078:24)
          at Array.forEach (<anonymous>)
      at forEach (src/scripts/storage.js:18066:23)
      at Object.importAllData (tests/unit/storage.test.js:3087:5)

  console.log
    DEBUG: getSafeLocalStorage returning object

      at Proxy.apply (src/scripts/modules/base.js:92:26)
          at Array.forEach (<anonymous>)
          at Array.forEach (<anonymous>)

  console.log
    DEBUG: getSafeLocalStorage returning object

      at Proxy.apply (src/scripts/modules/base.js:92:26)
          at Array.forEach (<anonymous>)
          at Array.forEach (<anonymous>)
          at Array.forEach (<anonymous>)

  console.log
    DEBUG: getSafeLocalStorage returning object

      at Proxy.apply (src/scripts/modules/base.js:92:26)
          at Array.forEach (<anonymous>)
          at Array.forEach (<anonymous>)
          at Array.forEach (<anonymous>)

  console.log
    DEBUG: getSafeLocalStorage returning object

      at Proxy.apply (src/scripts/modules/base.js:92:26)
          at Array.forEach (<anonymous>)
          at Array.forEach (<anonymous>)

  console.warn
    MOCK SET: cameraPowerPlanner_project_rev = 1

      61 |       return undefined;
      62 |     }
    > 63 |     return originalFn(...args);
         |            ^
      64 |   };
      65 | };
      66 |

      at console.<anonymous> (tests/setup/jest.setup.cjs:63:12)
      at console.apply [as warn] (src/scripts/modules/base.js:92:26)
      at Proxy.apply (src/scripts/modules/base.js:92:26)
      at Proxy.apply (src/scripts/modules/base.js:92:26)
      at Proxy.apply (src/scripts/modules/base.js:92:26)
      at Object.warn (tests/unit/storage.test.js:11:15)
      at setItem (src/scripts/storage.js:8463:17)
      at saveJSONToStorage (src/scripts/storage.js:1859:3)
      at bumpProjectStorageRevision (src/scripts/storage.js:12834:3)
      at persistAllProjects (src/scripts/storage.js:13535:5)
      at saveProject (src/scripts/storage.js:13783:5)
      at importer (src/scripts/storage.js:18039:7)
      at importProject (src/scripts/storage.js:13881:7)
          at Array.forEach (<anonymous>)
      at forEach (src/scripts/storage.js:13868:13)
      at importProjectCollection (src/scripts/storage.js:18078:24)
          at Array.forEach (<anonymous>)
      at forEach (src/scripts/storage.js:18066:23)
      at Object.importAllData (tests/unit/storage.test.js:3087:5)

  console.warn
    MOCK SET: cameraPowerPlanner_project_rev__backup = 1

      61 |       return undefined;
      62 |     }
    > 63 |     return originalFn(...args);
         |            ^
      64 |   };
      65 | };
      66 |

      at console.<anonymous> (tests/setup/jest.setup.cjs:63:12)
      at console.apply [as warn] (src/scripts/modules/base.js:92:26)
      at Proxy.apply (src/scripts/modules/base.js:92:26)
      at Proxy.apply (src/scripts/modules/base.js:92:26)
      at Proxy.apply (src/scripts/modules/base.js:92:26)
      at Object.warn (tests/unit/storage.test.js:11:15)
      at setItem (src/scripts/storage.js:8524:19)
      at tryStoreCandidate (src/scripts/storage.js:8540:13)
      at attemptBackupWrite (src/scripts/storage.js:8617:26)
      at saveJSONToStorage (src/scripts/storage.js:1859:3)
      at bumpProjectStorageRevision (src/scripts/storage.js:12834:3)
      at persistAllProjects (src/scripts/storage.js:13535:5)
      at saveProject (src/scripts/storage.js:13783:5)
      at importer (src/scripts/storage.js:18039:7)
      at importProject (src/scripts/storage.js:13881:7)
          at Array.forEach (<anonymous>)
      at forEach (src/scripts/storage.js:13868:13)
      at importProjectCollection (src/scripts/storage.js:18078:24)
          at Array.forEach (<anonymous>)
      at forEach (src/scripts/storage.js:18066:23)
      at Object.importAllData (tests/unit/storage.test.js:3087:5)

  console.log
    DEBUG: getSafeLocalStorage returning object

      at Proxy.apply (src/scripts/modules/base.js:92:26)
          at Array.forEach (<anonymous>)

  console.log
    DEBUG: getSafeLocalStorage returning object

      at Proxy.apply (src/scripts/modules/base.js:92:26)
          at Array.forEach (<anonymous>)

  console.log
    DEBUG: getSafeLocalStorage returning object

      at Proxy.apply (src/scripts/modules/base.js:92:26)
          at Array.forEach (<anonymous>)

  console.log
    DEBUG: getSafeLocalStorage returning object

      at Proxy.apply (src/scripts/modules/base.js:92:26)
          at Array.forEach (<anonymous>)

  console.log
    DEBUG: getSafeLocalStorage returning object

      at Proxy.apply (src/scripts/modules/base.js:92:26)
          at Array.forEach (<anonymous>)

  console.log
    DEBUG: getSafeLocalStorage returning object

      at Proxy.apply (src/scripts/modules/base.js:92:26)
          at Array.forEach (<anonymous>)

  console.log
    DEBUG: getSafeLocalStorage returning object

      at Proxy.apply (src/scripts/modules/base.js:92:26)
          at Array.forEach (<anonymous>)

  console.log
    DEBUG: getSafeLocalStorage returning object

      at Proxy.apply (src/scripts/modules/base.js:92:26)
          at Array.forEach (<anonymous>)

  console.warn
    MOCK SET: cameraPowerPlanner_prj_ = {"gearList":"<p>Two</p>","projectInfo":null,"gearL

      61 |       return undefined;
      62 |     }
    > 63 |     return originalFn(...args);
         |            ^
      64 |   };
      65 | };
      66 |

      at console.<anonymous> (tests/setup/jest.setup.cjs:63:12)
      at console.apply [as warn] (src/scripts/modules/base.js:92:26)
      at Proxy.apply (src/scripts/modules/base.js:92:26)
      at Proxy.apply (src/scripts/modules/base.js:92:26)
      at Proxy.apply (src/scripts/modules/base.js:92:26)
      at Object.warn (tests/unit/storage.test.js:11:15)
      at setItem (src/scripts/storage.js:8463:17)
      at saveJSONToStorage (src/scripts/storage.js:12780:18)
      at persistProjectShard (src/scripts/storage.js:13513:20)
      at saveProject (src/scripts/storage.js:13783:5)
      at importer (src/scripts/storage.js:18039:7)
      at src/scripts/storage.js:18072:31
          at Array.forEach (<anonymous>)
      at forEach (src/scripts/storage.js:18066:23)
      at Object.importAllData (tests/unit/storage.test.js:3087:5)

  console.log
    DEBUG: getSafeLocalStorage returning object

      at Proxy.apply (src/scripts/modules/base.js:92:26)
          at Array.forEach (<anonymous>)

  console.log
    DEBUG: getSafeLocalStorage returning object

      at Proxy.apply (src/scripts/modules/base.js:92:26)
          at Array.forEach (<anonymous>)
          at Array.forEach (<anonymous>)

  console.log
    DEBUG: getSafeLocalStorage returning object

      at Proxy.apply (src/scripts/modules/base.js:92:26)
          at Array.forEach (<anonymous>)
          at Array.forEach (<anonymous>)

  console.log
    DEBUG: getSafeLocalStorage returning object

      at Proxy.apply (src/scripts/modules/base.js:92:26)
          at Array.forEach (<anonymous>)
          at Array.forEach (<anonymous>)

  console.log
    DEBUG: getSafeLocalStorage returning object

      at Proxy.apply (src/scripts/modules/base.js:92:26)
          at Array.forEach (<anonymous>)
          at Array.forEach (<anonymous>)

  console.log
    DEBUG: getSafeLocalStorage returning object

      at Proxy.apply (src/scripts/modules/base.js:92:26)
          at Array.forEach (<anonymous>)

  console.warn
    MOCK SET: cameraPowerPlanner_project_rev = 2

      61 |       return undefined;
      62 |     }
    > 63 |     return originalFn(...args);
         |            ^
      64 |   };
      65 | };
      66 |

      at console.<anonymous> (tests/setup/jest.setup.cjs:63:12)
      at console.apply [as warn] (src/scripts/modules/base.js:92:26)
      at Proxy.apply (src/scripts/modules/base.js:92:26)
      at Proxy.apply (src/scripts/modules/base.js:92:26)
      at Proxy.apply (src/scripts/modules/base.js:92:26)
      at Object.warn (tests/unit/storage.test.js:11:15)
      at setItem (src/scripts/storage.js:8463:17)
      at saveJSONToStorage (src/scripts/storage.js:1859:3)
      at bumpProjectStorageRevision (src/scripts/storage.js:12834:3)
      at persistAllProjects (src/scripts/storage.js:13535:5)
      at saveProject (src/scripts/storage.js:13783:5)
      at importer (src/scripts/storage.js:18039:7)
      at src/scripts/storage.js:18072:31
          at Array.forEach (<anonymous>)
      at forEach (src/scripts/storage.js:18066:23)
      at Object.importAllData (tests/unit/storage.test.js:3087:5)

  console.warn
    MOCK SET: cameraPowerPlanner_project_rev__backup = 2

      61 |       return undefined;
      62 |     }
    > 63 |     return originalFn(...args);
         |            ^
      64 |   };
      65 | };
      66 |

      at console.<anonymous> (tests/setup/jest.setup.cjs:63:12)
      at console.apply [as warn] (src/scripts/modules/base.js:92:26)
      at Proxy.apply (src/scripts/modules/base.js:92:26)
      at Proxy.apply (src/scripts/modules/base.js:92:26)
      at Proxy.apply (src/scripts/modules/base.js:92:26)
      at Object.warn (tests/unit/storage.test.js:11:15)
      at setItem (src/scripts/storage.js:8524:19)
      at tryStoreCandidate (src/scripts/storage.js:8540:13)
      at attemptBackupWrite (src/scripts/storage.js:8617:26)
      at saveJSONToStorage (src/scripts/storage.js:1859:3)
      at bumpProjectStorageRevision (src/scripts/storage.js:12834:3)
      at persistAllProjects (src/scripts/storage.js:13535:5)
      at saveProject (src/scripts/storage.js:13783:5)
      at importer (src/scripts/storage.js:18039:7)
      at src/scripts/storage.js:18072:31
          at Array.forEach (<anonymous>)
      at forEach (src/scripts/storage.js:18066:23)
      at Object.importAllData (tests/unit/storage.test.js:3087:5)

  console.log
    DEBUG: getSafeLocalStorage returning object

      at Proxy.apply (src/scripts/modules/base.js:92:26)

  console.log
    DEBUG: getSafeLocalStorage returning object

      at Proxy.apply (src/scripts/modules/base.js:92:26)

  console.log
    DEBUG: getSafeLocalStorage returning object

      at Proxy.apply (src/scripts/modules/base.js:92:26)

  console.error
    DEBUG: importAllData CALLED [ 'project' ]

      61 |       return undefined;
      62 |     }
    > 63 |     return originalFn(...args);
         |            ^
      64 |   };
      65 | };
      66 |

      at console.<anonymous> (tests/setup/jest.setup.cjs:63:12)
      at Proxy.apply (src/scripts/modules/base.js:92:26)
      at error (src/scripts/storage.js:17633:11)
      at Object.importAllData (tests/unit/storage.test.js:3101:5)

  console.log
    DEBUG: getSafeLocalStorage returning object

      at Proxy.apply (src/scripts/modules/base.js:92:26)

  console.log
    DEBUG: getSafeLocalStorage returning object

      at Proxy.apply (src/scripts/modules/base.js:92:26)

  console.log
    DEBUG: getSafeLocalStorage returning object

      at Proxy.apply (src/scripts/modules/base.js:92:26)

  console.log
    DEBUG: getSafeLocalStorage returning object

      at Proxy.apply (src/scripts/modules/base.js:92:26)
          at Array.forEach (<anonymous>)

  console.log
    DEBUG: getSafeLocalStorage returning object

      at Proxy.apply (src/scripts/modules/base.js:92:26)
          at Array.forEach (<anonymous>)

  console.log
    DEBUG: getSafeLocalStorage returning object

      at Proxy.apply (src/scripts/modules/base.js:92:26)
          at Array.forEach (<anonymous>)

  console.log
    DEBUG: getSafeLocalStorage returning object

      at Proxy.apply (src/scripts/modules/base.js:92:26)
          at Array.forEach (<anonymous>)

  console.log
    DEBUG: getSafeLocalStorage returning object

      at Proxy.apply (src/scripts/modules/base.js:92:26)
          at Array.forEach (<anonymous>)

  console.log
    DEBUG: getSafeLocalStorage returning object

      at Proxy.apply (src/scripts/modules/base.js:92:26)
          at Array.forEach (<anonymous>)

  console.log
    DEBUG: getSafeLocalStorage returning object

      at Proxy.apply (src/scripts/modules/base.js:92:26)
          at Array.forEach (<anonymous>)

  console.log
    DEBUG: getSafeLocalStorage returning object

      at Proxy.apply (src/scripts/modules/base.js:92:26)
          at Array.forEach (<anonymous>)

  console.warn
    MOCK SET: cameraPowerPlanner_prj_Filter Project = {"gearList":"<ul></ul>","projectInfo":{"filter":"I

      61 |       return undefined;
      62 |     }
    > 63 |     return originalFn(...args);
         |            ^
      64 |   };
      65 | };
      66 |

      at console.<anonymous> (tests/setup/jest.setup.cjs:63:12)
      at console.apply [as warn] (src/scripts/modules/base.js:92:26)
      at Proxy.apply (src/scripts/modules/base.js:92:26)
      at Proxy.apply (src/scripts/modules/base.js:92:26)
      at Proxy.apply (src/scripts/modules/base.js:92:26)
      at Object.warn (tests/unit/storage.test.js:11:15)
      at setItem (src/scripts/storage.js:8463:17)
      at saveJSONToStorage (src/scripts/storage.js:12780:18)
      at persistProjectShard (src/scripts/storage.js:13513:20)
      at saveProject (src/scripts/storage.js:13783:5)
      at importer (src/scripts/storage.js:18039:7)
      at importProject (src/scripts/storage.js:13890:7)
          at Array.forEach (<anonymous>)
      at forEach (src/scripts/storage.js:13888:32)
      at importProjectCollection (src/scripts/storage.js:18045:20)
      at importTrackedCollection (src/scripts/storage.js:18053:5)
      at Object.importAllData (tests/unit/storage.test.js:3101:5)

  console.log
    DEBUG: getSafeLocalStorage returning object

      at Proxy.apply (src/scripts/modules/base.js:92:26)
          at Array.forEach (<anonymous>)

  console.log
    DEBUG: getSafeLocalStorage returning object

      at Proxy.apply (src/scripts/modules/base.js:92:26)
          at Array.forEach (<anonymous>)
          at Array.forEach (<anonymous>)

  console.log
    DEBUG: getSafeLocalStorage returning object

      at Proxy.apply (src/scripts/modules/base.js:92:26)
          at Array.forEach (<anonymous>)
          at Array.forEach (<anonymous>)

  console.log
    DEBUG: getSafeLocalStorage returning object

      at Proxy.apply (src/scripts/modules/base.js:92:26)
          at Array.forEach (<anonymous>)

  console.warn
    MOCK SET: cameraPowerPlanner_project_rev = 1

      61 |       return undefined;
      62 |     }
    > 63 |     return originalFn(...args);
         |            ^
      64 |   };
      65 | };
      66 |

      at console.<anonymous> (tests/setup/jest.setup.cjs:63:12)
      at console.apply [as warn] (src/scripts/modules/base.js:92:26)
      at Proxy.apply (src/scripts/modules/base.js:92:26)
      at Proxy.apply (src/scripts/modules/base.js:92:26)
      at Proxy.apply (src/scripts/modules/base.js:92:26)
      at Object.warn (tests/unit/storage.test.js:11:15)
      at setItem (src/scripts/storage.js:8463:17)
      at saveJSONToStorage (src/scripts/storage.js:1859:3)
      at bumpProjectStorageRevision (src/scripts/storage.js:12834:3)
      at persistAllProjects (src/scripts/storage.js:13535:5)
      at saveProject (src/scripts/storage.js:13783:5)
      at importer (src/scripts/storage.js:18039:7)
      at importProject (src/scripts/storage.js:13890:7)
          at Array.forEach (<anonymous>)
      at forEach (src/scripts/storage.js:13888:32)
      at importProjectCollection (src/scripts/storage.js:18045:20)
      at importTrackedCollection (src/scripts/storage.js:18053:5)
      at Object.importAllData (tests/unit/storage.test.js:3101:5)

  console.warn
    MOCK SET: cameraPowerPlanner_project_rev__backup = 1

      61 |       return undefined;
      62 |     }
    > 63 |     return originalFn(...args);
         |            ^
      64 |   };
      65 | };
      66 |

      at console.<anonymous> (tests/setup/jest.setup.cjs:63:12)
      at console.apply [as warn] (src/scripts/modules/base.js:92:26)
      at Proxy.apply (src/scripts/modules/base.js:92:26)
      at Proxy.apply (src/scripts/modules/base.js:92:26)
      at Proxy.apply (src/scripts/modules/base.js:92:26)
      at Object.warn (tests/unit/storage.test.js:11:15)
      at setItem (src/scripts/storage.js:8524:19)
      at tryStoreCandidate (src/scripts/storage.js:8540:13)
      at attemptBackupWrite (src/scripts/storage.js:8617:26)
      at saveJSONToStorage (src/scripts/storage.js:1859:3)
      at bumpProjectStorageRevision (src/scripts/storage.js:12834:3)
      at persistAllProjects (src/scripts/storage.js:13535:5)
      at saveProject (src/scripts/storage.js:13783:5)
      at importer (src/scripts/storage.js:18039:7)
      at importProject (src/scripts/storage.js:13890:7)
          at Array.forEach (<anonymous>)
      at forEach (src/scripts/storage.js:13888:32)
      at importProjectCollection (src/scripts/storage.js:18045:20)
      at importTrackedCollection (src/scripts/storage.js:18053:5)
      at Object.importAllData (tests/unit/storage.test.js:3101:5)

  console.log
    DEBUG: getSafeLocalStorage returning object

      at Proxy.apply (src/scripts/modules/base.js:92:26)

  console.log
    DEBUG: getSafeLocalStorage returning object

      at Proxy.apply (src/scripts/modules/base.js:92:26)

  console.log
    DEBUG: getSafeLocalStorage returning object

      at Proxy.apply (src/scripts/modules/base.js:92:26)

  console.error
    DEBUG: importAllData CALLED [ 'project' ]

      61 |       return undefined;
      62 |     }
    > 63 |     return originalFn(...args);
         |            ^
      64 |   };
      65 | };
      66 |

      at console.<anonymous> (tests/setup/jest.setup.cjs:63:12)
      at Proxy.apply (src/scripts/modules/base.js:92:26)
      at error (src/scripts/storage.js:17633:11)
      at Object.importAllData (tests/unit/storage.test.js:3125:5)

  console.log
    DEBUG: getSafeLocalStorage returning object

      at Proxy.apply (src/scripts/modules/base.js:92:26)

  console.log
    DEBUG: getSafeLocalStorage returning object

      at Proxy.apply (src/scripts/modules/base.js:92:26)

  console.log
    DEBUG: getSafeLocalStorage returning object

      at Proxy.apply (src/scripts/modules/base.js:92:26)

  console.log
    DEBUG: getSafeLocalStorage returning object

      at Proxy.apply (src/scripts/modules/base.js:92:26)
          at Array.forEach (<anonymous>)

  console.log
    DEBUG: getSafeLocalStorage returning object

      at Proxy.apply (src/scripts/modules/base.js:92:26)
          at Array.forEach (<anonymous>)

  console.log
    DEBUG: getSafeLocalStorage returning object

      at Proxy.apply (src/scripts/modules/base.js:92:26)
          at Array.forEach (<anonymous>)

  console.log
    DEBUG: getSafeLocalStorage returning object

      at Proxy.apply (src/scripts/modules/base.js:92:26)
          at Array.forEach (<anonymous>)

  console.log
    DEBUG: getSafeLocalStorage returning object

      at Proxy.apply (src/scripts/modules/base.js:92:26)
          at Array.forEach (<anonymous>)

  console.log
    DEBUG: getSafeLocalStorage returning object

      at Proxy.apply (src/scripts/modules/base.js:92:26)
          at Array.forEach (<anonymous>)

  console.log
    DEBUG: getSafeLocalStorage returning object

      at Proxy.apply (src/scripts/modules/base.js:92:26)
          at Array.forEach (<anonymous>)

  console.log
    DEBUG: getSafeLocalStorage returning object

      at Proxy.apply (src/scripts/modules/base.js:92:26)
          at Array.forEach (<anonymous>)

  console.warn
    MOCK SET: cameraPowerPlanner_prj_Mapped Filters = {"gearList":"","projectInfo":{"filter":"IRND:4x5.6

      61 |       return undefined;
      62 |     }
    > 63 |     return originalFn(...args);
         |            ^
      64 |   };
      65 | };
      66 |

      at console.<anonymous> (tests/setup/jest.setup.cjs:63:12)
      at console.apply [as warn] (src/scripts/modules/base.js:92:26)
      at Proxy.apply (src/scripts/modules/base.js:92:26)
      at Proxy.apply (src/scripts/modules/base.js:92:26)
      at Proxy.apply (src/scripts/modules/base.js:92:26)
      at Object.warn (tests/unit/storage.test.js:11:15)
      at setItem (src/scripts/storage.js:8463:17)
      at saveJSONToStorage (src/scripts/storage.js:12780:18)
      at persistProjectShard (src/scripts/storage.js:13513:20)
      at saveProject (src/scripts/storage.js:13783:5)
      at importer (src/scripts/storage.js:18039:7)
      at importProject (src/scripts/storage.js:13890:7)
          at Array.forEach (<anonymous>)
      at forEach (src/scripts/storage.js:13888:32)
      at importProjectCollection (src/scripts/storage.js:18045:20)
      at importTrackedCollection (src/scripts/storage.js:18053:5)
      at Object.importAllData (tests/unit/storage.test.js:3125:5)

  console.log
    DEBUG: getSafeLocalStorage returning object

      at Proxy.apply (src/scripts/modules/base.js:92:26)
          at Array.forEach (<anonymous>)

  console.log
    DEBUG: getSafeLocalStorage returning object

      at Proxy.apply (src/scripts/modules/base.js:92:26)
          at Array.forEach (<anonymous>)
          at Array.forEach (<anonymous>)

  console.log
    DEBUG: getSafeLocalStorage returning object

      at Proxy.apply (src/scripts/modules/base.js:92:26)
          at Array.forEach (<anonymous>)
          at Array.forEach (<anonymous>)

  console.log
    DEBUG: getSafeLocalStorage returning object

      at Proxy.apply (src/scripts/modules/base.js:92:26)
          at Array.forEach (<anonymous>)

  console.warn
    MOCK SET: cameraPowerPlanner_project_rev = 1

      61 |       return undefined;
      62 |     }
    > 63 |     return originalFn(...args);
         |            ^
      64 |   };
      65 | };
      66 |

      at console.<anonymous> (tests/setup/jest.setup.cjs:63:12)
      at console.apply [as warn] (src/scripts/modules/base.js:92:26)
      at Proxy.apply (src/scripts/modules/base.js:92:26)
      at Proxy.apply (src/scripts/modules/base.js:92:26)
      at Proxy.apply (src/scripts/modules/base.js:92:26)
      at Object.warn (tests/unit/storage.test.js:11:15)
      at setItem (src/scripts/storage.js:8463:17)
      at saveJSONToStorage (src/scripts/storage.js:1859:3)
      at bumpProjectStorageRevision (src/scripts/storage.js:12834:3)
      at persistAllProjects (src/scripts/storage.js:13535:5)
      at saveProject (src/scripts/storage.js:13783:5)
      at importer (src/scripts/storage.js:18039:7)
      at importProject (src/scripts/storage.js:13890:7)
          at Array.forEach (<anonymous>)
      at forEach (src/scripts/storage.js:13888:32)
      at importProjectCollection (src/scripts/storage.js:18045:20)
      at importTrackedCollection (src/scripts/storage.js:18053:5)
      at Object.importAllData (tests/unit/storage.test.js:3125:5)

  console.warn
    MOCK SET: cameraPowerPlanner_project_rev__backup = 1

      61 |       return undefined;
      62 |     }
    > 63 |     return originalFn(...args);
         |            ^
      64 |   };
      65 | };
      66 |

      at console.<anonymous> (tests/setup/jest.setup.cjs:63:12)
      at console.apply [as warn] (src/scripts/modules/base.js:92:26)
      at Proxy.apply (src/scripts/modules/base.js:92:26)
      at Proxy.apply (src/scripts/modules/base.js:92:26)
      at Proxy.apply (src/scripts/modules/base.js:92:26)
      at Object.warn (tests/unit/storage.test.js:11:15)
      at setItem (src/scripts/storage.js:8524:19)
      at tryStoreCandidate (src/scripts/storage.js:8540:13)
      at attemptBackupWrite (src/scripts/storage.js:8617:26)
      at saveJSONToStorage (src/scripts/storage.js:1859:3)
      at bumpProjectStorageRevision (src/scripts/storage.js:12834:3)
      at persistAllProjects (src/scripts/storage.js:13535:5)
      at saveProject (src/scripts/storage.js:13783:5)
      at importer (src/scripts/storage.js:18039:7)
      at importProject (src/scripts/storage.js:13890:7)
          at Array.forEach (<anonymous>)
      at forEach (src/scripts/storage.js:13888:32)
      at importProjectCollection (src/scripts/storage.js:18045:20)
      at importTrackedCollection (src/scripts/storage.js:18053:5)
      at Object.importAllData (tests/unit/storage.test.js:3125:5)

  console.log
    DEBUG: getSafeLocalStorage returning object

      at Proxy.apply (src/scripts/modules/base.js:92:26)

  console.log
    DEBUG: getSafeLocalStorage returning object

      at Proxy.apply (src/scripts/modules/base.js:92:26)

  console.log
    DEBUG: getSafeLocalStorage returning object

      at Proxy.apply (src/scripts/modules/base.js:92:26)

  console.log
    DEBUG: getSafeLocalStorage returning object

      at Proxy.apply (src/scripts/modules/base.js:92:26)

  console.log
    DEBUG: getSafeLocalStorage returning object

      at Proxy.apply (src/scripts/modules/base.js:92:26)

  console.error
    DEBUG: importAllData CALLED [ 'gearList' ]

      61 |       return undefined;
      62 |     }
    > 63 |     return originalFn(...args);
         |            ^
      64 |   };
      65 | };
      66 |

      at console.<anonymous> (tests/setup/jest.setup.cjs:63:12)
      at Proxy.apply (src/scripts/modules/base.js:92:26)
      at error (src/scripts/storage.js:17633:11)
      at Object.importAllData (tests/unit/storage.test.js:3150:5)

  console.log
    DEBUG: readSnapshotEntry checking migration candidate cameraPowerPlanner_devices__legacyMigrationBackup false

      at Proxy.apply (src/scripts/modules/base.js:92:26)

  console.log
    DEBUG: readSnapshotEntry checking migration candidate cinePowerPlanner_devices__legacyMigrationBackup false

      at Proxy.apply (src/scripts/modules/base.js:92:26)

  console.log
    DEBUG: readSnapshotEntry checking migration candidate cameraPowerPlanner_setups__legacyMigrationBackup false

      at Proxy.apply (src/scripts/modules/base.js:92:26)

  console.log
    DEBUG: readSnapshotEntry checking migration candidate cinePowerPlanner_setups__legacyMigrationBackup false

      at Proxy.apply (src/scripts/modules/base.js:92:26)

  console.log
    DEBUG: readSnapshotEntry checking migration candidate cameraPowerPlanner_session__legacyMigrationBackup false

      at Proxy.apply (src/scripts/modules/base.js:92:26)

  console.log
    DEBUG: readSnapshotEntry checking migration candidate cinePowerPlanner_session__legacyMigrationBackup false

      at Proxy.apply (src/scripts/modules/base.js:92:26)

  console.log
    DEBUG: readSnapshotEntry checking migration candidate cameraPowerPlanner_feedback__legacyMigrationBackup false

      at Proxy.apply (src/scripts/modules/base.js:92:26)

  console.log
    DEBUG: readSnapshotEntry checking migration candidate cinePowerPlanner_feedback__legacyMigrationBackup false

      at Proxy.apply (src/scripts/modules/base.js:92:26)

  console.log
    DEBUG: readSnapshotEntry checking migration candidate cameraPowerPlanner_project__legacyMigrationBackup false

      at Proxy.apply (src/scripts/modules/base.js:92:26)

  console.log
    DEBUG: readSnapshotEntry checking migration candidate cinePowerPlanner_project__legacyMigrationBackup false

      at Proxy.apply (src/scripts/modules/base.js:92:26)

  console.log
    DEBUG: readSnapshotEntry checking migration candidate cameraPowerPlanner_favorites__legacyMigrationBackup false

      at Proxy.apply (src/scripts/modules/base.js:92:26)

  console.log
    DEBUG: readSnapshotEntry checking migration candidate cinePowerPlanner_favorites__legacyMigrationBackup false

      at Proxy.apply (src/scripts/modules/base.js:92:26)

  console.log
    DEBUG: readSnapshotEntry checking migration candidate cameraPowerPlanner_contacts__legacyMigrationBackup false

      at Proxy.apply (src/scripts/modules/base.js:92:26)

  console.log
    DEBUG: readSnapshotEntry checking migration candidate cinePowerPlanner_contacts__legacyMigrationBackup false

      at Proxy.apply (src/scripts/modules/base.js:92:26)

  console.log
    DEBUG: readSnapshotEntry checking migration candidate cameraPowerPlanner_ownGear__legacyMigrationBackup false

      at Proxy.apply (src/scripts/modules/base.js:92:26)

  console.log
    DEBUG: readSnapshotEntry checking migration candidate cinePowerPlanner_ownGear__legacyMigrationBackup false

      at Proxy.apply (src/scripts/modules/base.js:92:26)

  console.log
    DEBUG: readSnapshotEntry checking migration candidate cameraPowerPlanner_userProfile__legacyMigrationBackup false

      at Proxy.apply (src/scripts/modules/base.js:92:26)

  console.log
    DEBUG: readSnapshotEntry checking migration candidate cinePowerPlanner_userProfile__legacyMigrationBackup false

      at Proxy.apply (src/scripts/modules/base.js:92:26)

  console.log
    DEBUG: readSnapshotEntry checking migration candidate cameraPowerPlanner_documentationTracker__legacyMigrationBackup false

      at Proxy.apply (src/scripts/modules/base.js:92:26)

  console.log
    DEBUG: readSnapshotEntry checking migration candidate cinePowerPlanner_documentationTracker__legacyMigrationBackup false

      at Proxy.apply (src/scripts/modules/base.js:92:26)

  console.log
    DEBUG: readSnapshotEntry checking migration candidate cameraPowerPlanner_autoGearRules__legacyMigrationBackup false

      at Proxy.apply (src/scripts/modules/base.js:92:26)

  console.log
    DEBUG: readSnapshotEntry checking migration candidate cinePowerPlanner_autoGearRules__legacyMigrationBackup false

      at Proxy.apply (src/scripts/modules/base.js:92:26)

  console.log
    DEBUG: readSnapshotEntry checking migration candidate cameraPowerPlanner_autoGearBackups__legacyMigrationBackup false

      at Proxy.apply (src/scripts/modules/base.js:92:26)

  console.log
    DEBUG: readSnapshotEntry checking migration candidate cinePowerPlanner_autoGearBackups__legacyMigrationBackup false

      at Proxy.apply (src/scripts/modules/base.js:92:26)

  console.log
    DEBUG: readSnapshotEntry checking migration candidate cameraPowerPlanner_autoGearPresets__legacyMigrationBackup false

      at Proxy.apply (src/scripts/modules/base.js:92:26)

  console.log
    DEBUG: readSnapshotEntry checking migration candidate cinePowerPlanner_autoGearPresets__legacyMigrationBackup false

      at Proxy.apply (src/scripts/modules/base.js:92:26)

  console.log
    DEBUG: readSnapshotEntry checking migration candidate cameraPowerPlanner_autoGearMonitorDefaults__legacyMigrationBackup false

      at Proxy.apply (src/scripts/modules/base.js:92:26)

  console.log
    DEBUG: readSnapshotEntry checking migration candidate cinePowerPlanner_autoGearMonitorDefaults__legacyMigrationBackup false

      at Proxy.apply (src/scripts/modules/base.js:92:26)

  console.log
    DEBUG: readSnapshotEntry checking migration candidate cameraPowerPlanner_autoGearBackupRetention__legacyMigrationBackup false

      at Proxy.apply (src/scripts/modules/base.js:92:26)

  console.log
    DEBUG: readSnapshotEntry checking migration candidate cinePowerPlanner_autoGearBackupRetention__legacyMigrationBackup false

      at Proxy.apply (src/scripts/modules/base.js:92:26)

  console.log
    DEBUG: readSnapshotEntry checking migration candidate cameraPowerPlanner_schemaCache__legacyMigrationBackup false

      at Proxy.apply (src/scripts/modules/base.js:92:26)

  console.log
    DEBUG: readSnapshotEntry checking migration candidate cinePowerPlanner_schemaCache__legacyMigrationBackup false

      at Proxy.apply (src/scripts/modules/base.js:92:26)

  console.log
    DEBUG: readSnapshotEntry checking migration candidate cameraPowerPlanner_customFonts__legacyMigrationBackup false

      at Proxy.apply (src/scripts/modules/base.js:92:26)

  console.log
    DEBUG: readSnapshotEntry checking migration candidate cinePowerPlanner_customFonts__legacyMigrationBackup false

      at Proxy.apply (src/scripts/modules/base.js:92:26)

  console.log
    DEBUG: readSnapshotEntry checking migration candidate customLogo__legacyMigrationBackup false

      at Proxy.apply (src/scripts/modules/base.js:92:26)

  console.log
    DEBUG: readSnapshotEntry checking migration candidate cameraPowerPlanner_autoGearSeeded__legacyMigrationBackup false

      at Proxy.apply (src/scripts/modules/base.js:92:26)

  console.log
    DEBUG: readSnapshotEntry checking migration candidate cinePowerPlanner_autoGearSeeded__legacyMigrationBackup false

      at Proxy.apply (src/scripts/modules/base.js:92:26)

  console.log
    DEBUG: readSnapshotEntry checking migration candidate cameraPowerPlanner_autoGearActivePreset__legacyMigrationBackup false

      at Proxy.apply (src/scripts/modules/base.js:92:26)

  console.log
    DEBUG: readSnapshotEntry checking migration candidate cinePowerPlanner_autoGearActivePreset__legacyMigrationBackup false

      at Proxy.apply (src/scripts/modules/base.js:92:26)

  console.log
    DEBUG: readSnapshotEntry checking migration candidate cameraPowerPlanner_autoGearAutoPreset__legacyMigrationBackup false

      at Proxy.apply (src/scripts/modules/base.js:92:26)

  console.log
    DEBUG: readSnapshotEntry checking migration candidate cinePowerPlanner_autoGearAutoPreset__legacyMigrationBackup false

      at Proxy.apply (src/scripts/modules/base.js:92:26)

  console.log
    DEBUG: readSnapshotEntry checking migration candidate cameraPowerPlanner_autoGearShowBackups__legacyMigrationBackup false

      at Proxy.apply (src/scripts/modules/base.js:92:26)

  console.log
    DEBUG: readSnapshotEntry checking migration candidate cinePowerPlanner_autoGearShowBackups__legacyMigrationBackup false

      at Proxy.apply (src/scripts/modules/base.js:92:26)

  console.log
    DEBUG: readSnapshotEntry checking migration candidate darkMode__legacyMigrationBackup false

      at Proxy.apply (src/scripts/modules/base.js:92:26)
          at Array.forEach (<anonymous>)

  console.log
    DEBUG: readSnapshotEntry checking migration candidate pinkMode__legacyMigrationBackup false

      at Proxy.apply (src/scripts/modules/base.js:92:26)
          at Array.forEach (<anonymous>)

  console.log
    DEBUG: readSnapshotEntry checking migration candidate highContrast__legacyMigrationBackup false

      at Proxy.apply (src/scripts/modules/base.js:92:26)
          at Array.forEach (<anonymous>)

  console.log
    DEBUG: readSnapshotEntry checking migration candidate reduceMotion__legacyMigrationBackup false

      at Proxy.apply (src/scripts/modules/base.js:92:26)
          at Array.forEach (<anonymous>)

  console.log
    DEBUG: readSnapshotEntry checking migration candidate relaxedSpacing__legacyMigrationBackup false

      at Proxy.apply (src/scripts/modules/base.js:92:26)
          at Array.forEach (<anonymous>)

  console.log
    DEBUG: readSnapshotEntry checking migration candidate showAutoBackups__legacyMigrationBackup false

      at Proxy.apply (src/scripts/modules/base.js:92:26)
          at Array.forEach (<anonymous>)

  console.log
    DEBUG: readSnapshotEntry checking migration candidate accentColor__legacyMigrationBackup false

      at Proxy.apply (src/scripts/modules/base.js:92:26)
          at Array.forEach (<anonymous>)

  console.log
    DEBUG: readSnapshotEntry checking migration candidate fontSize__legacyMigrationBackup false

      at Proxy.apply (src/scripts/modules/base.js:92:26)
          at Array.forEach (<anonymous>)

  console.log
    DEBUG: readSnapshotEntry checking migration candidate fontFamily__legacyMigrationBackup false

      at Proxy.apply (src/scripts/modules/base.js:92:26)
          at Array.forEach (<anonymous>)

  console.log
    DEBUG: readSnapshotEntry checking migration candidate language__legacyMigrationBackup false

      at Proxy.apply (src/scripts/modules/base.js:92:26)
          at Array.forEach (<anonymous>)

  console.log
    DEBUG: readSnapshotEntry checking migration candidate iosPwaHelpShown__legacyMigrationBackup false

      at Proxy.apply (src/scripts/modules/base.js:92:26)
          at Array.forEach (<anonymous>)

  console.log
    DEBUG: readSnapshotEntry checking migration candidate cameraPowerPlanner_cameraColors__legacyMigrationBackup false

      at Proxy.apply (src/scripts/modules/base.js:92:26)
          at Array.forEach (<anonymous>)

  console.log
    DEBUG: readSnapshotEntry checking migration candidate cinePowerPlanner_cameraColors__legacyMigrationBackup false

      at Proxy.apply (src/scripts/modules/base.js:92:26)
          at Array.forEach (<anonymous>)

  console.log
    DEBUG: readSnapshotEntry checking migration candidate cineRentalPrintSections__legacyMigrationBackup false

      at Proxy.apply (src/scripts/modules/base.js:92:26)
          at Array.forEach (<anonymous>)

  console.log
    DEBUG: readSnapshotEntry checking migration candidate cameraPowerPlanner_temperatureUnit__legacyMigrationBackup false

      at Proxy.apply (src/scripts/modules/base.js:92:26)

  console.log
    DEBUG: readSnapshotEntry checking migration candidate cinePowerPlanner_temperatureUnit__legacyMigrationBackup false

      at Proxy.apply (src/scripts/modules/base.js:92:26)

  console.log
    DEBUG: readSnapshotEntry checking migration candidate cameraPowerPlanner_focusScale__legacyMigrationBackup false

      at Proxy.apply (src/scripts/modules/base.js:92:26)

  console.log
    DEBUG: readSnapshotEntry checking migration candidate cinePowerPlanner_focusScale__legacyMigrationBackup false

      at Proxy.apply (src/scripts/modules/base.js:92:26)

  console.log
    DEBUG: readSnapshotEntry checking migration candidate cameraPowerPlanner_cameraColors__legacyMigrationBackup false

      at Proxy.apply (src/scripts/modules/base.js:92:26)

  console.log
    DEBUG: readSnapshotEntry checking migration candidate cinePowerPlanner_cameraColors__legacyMigrationBackup false

      at Proxy.apply (src/scripts/modules/base.js:92:26)

  console.log
    DEBUG: readSnapshotEntry checking migration candidate cameraPowerPlanner_mountVoltages__legacyMigrationBackup false

      at Proxy.apply (src/scripts/modules/base.js:92:26)

  console.log
    DEBUG: readSnapshotEntry checking migration candidate cinePowerPlanner_mountVoltages__legacyMigrationBackup false

      at Proxy.apply (src/scripts/modules/base.js:92:26)

  console.log
    DEBUG: getSafeLocalStorage returning object

      at Proxy.apply (src/scripts/modules/base.js:92:26)

  console.log
    DEBUG: getSafeLocalStorage returning object

      at Proxy.apply (src/scripts/modules/base.js:92:26)

  console.log
    DEBUG: getSafeLocalStorage returning object

      at Proxy.apply (src/scripts/modules/base.js:92:26)

  console.log
    DEBUG: getSafeLocalStorage returning object

      at Proxy.apply (src/scripts/modules/base.js:92:26)

  console.log
    DEBUG: getSafeLocalStorage returning object

      at Proxy.apply (src/scripts/modules/base.js:92:26)

  console.log
    DEBUG: getSafeLocalStorage returning object

      at Proxy.apply (src/scripts/modules/base.js:92:26)

  console.log
    DEBUG: getSafeLocalStorage returning object

      at Proxy.apply (src/scripts/modules/base.js:92:26)

  console.log
    DEBUG: getSafeLocalStorage returning object

      at Proxy.apply (src/scripts/modules/base.js:92:26)

  console.log
    DEBUG: getSafeLocalStorage returning object

      at Proxy.apply (src/scripts/modules/base.js:92:26)

  console.log
    DEBUG: getSafeLocalStorage returning object

      at Proxy.apply (src/scripts/modules/base.js:92:26)

  console.log
    DEBUG: getSafeLocalStorage returning object

      at Proxy.apply (src/scripts/modules/base.js:92:26)

  console.warn
    MOCK SET: cameraPowerPlanner_prj_ = {"gearList":"<p></p>","projectInfo":null,"gearList

      61 |       return undefined;
      62 |     }
    > 63 |     return originalFn(...args);
         |            ^
      64 |   };
      65 | };
      66 |

      at console.<anonymous> (tests/setup/jest.setup.cjs:63:12)
      at console.apply [as warn] (src/scripts/modules/base.js:92:26)
      at Proxy.apply (src/scripts/modules/base.js:92:26)
      at Proxy.apply (src/scripts/modules/base.js:92:26)
      at Proxy.apply (src/scripts/modules/base.js:92:26)
      at Object.warn (tests/unit/storage.test.js:11:15)
      at setItem (src/scripts/storage.js:8463:17)
      at saveJSONToStorage (src/scripts/storage.js:12780:18)
      at persistProjectShard (src/scripts/storage.js:13513:20)
      at saveProject (src/scripts/storage.js:13783:5)
      at importer (src/scripts/storage.js:18039:7)
      at importAllData (src/scripts/storage.js:18060:25)
      at Object.importAllData (tests/unit/storage.test.js:3150:5)

  console.log
    DEBUG: getSafeLocalStorage returning object

      at Proxy.apply (src/scripts/modules/base.js:92:26)

  console.log
    DEBUG: getSafeLocalStorage returning object

      at Proxy.apply (src/scripts/modules/base.js:92:26)
          at Array.forEach (<anonymous>)

  console.log
    DEBUG: getSafeLocalStorage returning object

      at Proxy.apply (src/scripts/modules/base.js:92:26)
          at Array.forEach (<anonymous>)

  console.log
    DEBUG: getSafeLocalStorage returning object

      at Proxy.apply (src/scripts/modules/base.js:92:26)

  console.warn
    MOCK SET: cameraPowerPlanner_project_rev = 1

      61 |       return undefined;
      62 |     }
    > 63 |     return originalFn(...args);
         |            ^
      64 |   };
      65 | };
      66 |

      at console.<anonymous> (tests/setup/jest.setup.cjs:63:12)
      at console.apply [as warn] (src/scripts/modules/base.js:92:26)
      at Proxy.apply (src/scripts/modules/base.js:92:26)
      at Proxy.apply (src/scripts/modules/base.js:92:26)
      at Proxy.apply (src/scripts/modules/base.js:92:26)
      at Object.warn (tests/unit/storage.test.js:11:15)
      at setItem (src/scripts/storage.js:8463:17)
      at saveJSONToStorage (src/scripts/storage.js:1859:3)
      at bumpProjectStorageRevision (src/scripts/storage.js:12834:3)
      at persistAllProjects (src/scripts/storage.js:13535:5)
      at saveProject (src/scripts/storage.js:13783:5)
      at importer (src/scripts/storage.js:18039:7)
      at importAllData (src/scripts/storage.js:18060:25)
      at Object.importAllData (tests/unit/storage.test.js:3150:5)

  console.warn
    MOCK SET: cameraPowerPlanner_project_rev__backup = 1

      61 |       return undefined;
      62 |     }
    > 63 |     return originalFn(...args);
         |            ^
      64 |   };
      65 | };
      66 |

      at console.<anonymous> (tests/setup/jest.setup.cjs:63:12)
      at console.apply [as warn] (src/scripts/modules/base.js:92:26)
      at Proxy.apply (src/scripts/modules/base.js:92:26)
      at Proxy.apply (src/scripts/modules/base.js:92:26)
      at Proxy.apply (src/scripts/modules/base.js:92:26)
      at Object.warn (tests/unit/storage.test.js:11:15)
      at setItem (src/scripts/storage.js:8524:19)
      at tryStoreCandidate (src/scripts/storage.js:8540:13)
      at attemptBackupWrite (src/scripts/storage.js:8617:26)
      at saveJSONToStorage (src/scripts/storage.js:1859:3)
      at bumpProjectStorageRevision (src/scripts/storage.js:12834:3)
      at persistAllProjects (src/scripts/storage.js:13535:5)
      at saveProject (src/scripts/storage.js:13783:5)
      at importer (src/scripts/storage.js:18039:7)
      at importAllData (src/scripts/storage.js:18060:25)
      at Object.importAllData (tests/unit/storage.test.js:3150:5)

  console.log
    DEBUG: getSafeLocalStorage returning object

      at Proxy.apply (src/scripts/modules/base.js:92:26)

  console.log
    DEBUG: getSafeLocalStorage returning object

      at Proxy.apply (src/scripts/modules/base.js:92:26)

  console.log
    DEBUG: getSafeLocalStorage returning object

      at Proxy.apply (src/scripts/modules/base.js:92:26)

  console.warn
    MOCK SET: cameraPowerPlanner_project = "{\"gearList\":\"<section>Legacy</section>\",\"pro

      61 |       return undefined;
      62 |     }
    > 63 |     return originalFn(...args);
         |            ^
      64 |   };
      65 | };
      66 |

      at console.<anonymous> (tests/setup/jest.setup.cjs:63:12)
      at console.apply [as warn] (src/scripts/modules/base.js:92:26)
      at Proxy.apply (src/scripts/modules/base.js:92:26)
      at Proxy.apply (src/scripts/modules/base.js:92:26)
      at Proxy.apply (src/scripts/modules/base.js:92:26)
      at Object.warn (tests/unit/storage.test.js:11:15)
      at Object.setItem (tests/unit/storage.test.js:3162:18)

  console.log
    DEBUG: getSafeLocalStorage returning object

      at Proxy.apply (src/scripts/modules/base.js:92:26)

  console.log
    DEBUG: getSafeLocalStorage returning object

      at Proxy.apply (src/scripts/modules/base.js:92:26)

  console.log
    DEBUG: getSafeLocalStorage returning object

      at Proxy.apply (src/scripts/modules/base.js:92:26)

  console.warn
    MOCK SET: cameraPowerPlanner_project__legacyMigrationBackup = {"createdAt":"2026-01-16T20:14:37.402Z","data":"{\

      61 |       return undefined;
      62 |     }
    > 63 |     return originalFn(...args);
         |            ^
      64 |   };
      65 | };
      66 |

      at console.<anonymous> (tests/setup/jest.setup.cjs:63:12)
      at console.apply [as warn] (src/scripts/modules/base.js:92:26)
      at Proxy.apply (src/scripts/modules/base.js:92:26)
      at Proxy.apply (src/scripts/modules/base.js:92:26)
      at Proxy.apply (src/scripts/modules/base.js:92:26)
      at Object.warn (tests/unit/storage.test.js:11:15)
      at setItem (src/scripts/storage.js:5565:15)
      at tryStoreSerialized (src/scripts/storage.js:5587:26)
      at createStorageMigrationBackup (src/scripts/storage.js:13060:7)
      at Object.loadProject (tests/unit/storage.test.js:3164:21)

  console.log
    DEBUG: getSafeLocalStorage returning object

      at Proxy.apply (src/scripts/modules/base.js:92:26)

  console.log
    DEBUG: getSafeLocalStorage returning object

      at Proxy.apply (src/scripts/modules/base.js:92:26)
          at Array.forEach (<anonymous>)

  console.log
    DEBUG: getSafeLocalStorage returning object

      at Proxy.apply (src/scripts/modules/base.js:92:26)
          at Array.forEach (<anonymous>)

  console.warn
    MOCK SET: cameraPowerPlanner_prj_Legacy Stored-updated = {"gearList":"<section>Legacy</section>","projectIn

      61 |       return undefined;
      62 |     }
    > 63 |     return originalFn(...args);
         |            ^
      64 |   };
      65 | };
      66 |

      at console.<anonymous> (tests/setup/jest.setup.cjs:63:12)
      at console.apply [as warn] (src/scripts/modules/base.js:92:26)
      at Proxy.apply (src/scripts/modules/base.js:92:26)
      at Proxy.apply (src/scripts/modules/base.js:92:26)
      at Proxy.apply (src/scripts/modules/base.js:92:26)
      at Object.warn (tests/unit/storage.test.js:11:15)
      at setItem (src/scripts/storage.js:8463:17)
      at saveJSONToStorage (src/scripts/storage.js:12780:18)
      at persistProjectShard (src/scripts/storage.js:12828:5)
          at Array.forEach (<anonymous>)
      at forEach (src/scripts/storage.js:12827:25)
      at persistAllProjects (src/scripts/storage.js:13063:5)
      at Object.loadProject (tests/unit/storage.test.js:3164:21)

  console.warn
    MOCK SET: cameraPowerPlanner_project__legacyMigrationBackup = [{"createdAt":"2026-01-16T20:14:37.402Z","data":"{

      61 |       return undefined;
      62 |     }
    > 63 |     return originalFn(...args);
         |            ^
      64 |   };
      65 | };
      66 |

      at console.<anonymous> (tests/setup/jest.setup.cjs:63:12)
      at console.apply [as warn] (src/scripts/modules/base.js:92:26)
      at Proxy.apply (src/scripts/modules/base.js:92:26)
      at Proxy.apply (src/scripts/modules/base.js:92:26)
      at Proxy.apply (src/scripts/modules/base.js:92:26)
      at Object.warn (tests/unit/storage.test.js:11:15)
      at setItem (src/scripts/storage.js:5514:19)
      at tryStoreList (src/scripts/storage.js:5521:20)
      at createStorageMigrationBackup (src/scripts/storage.js:12735:7)
      at cleanupMonolithicProjectStorage (src/scripts/storage.js:12832:3)
      at persistAllProjects (src/scripts/storage.js:13063:5)
      at Object.loadProject (tests/unit/storage.test.js:3164:21)

  console.log
    DEBUG: getSafeLocalStorage returning object

      at Proxy.apply (src/scripts/modules/base.js:92:26)

  console.warn
    MOCK SET: cameraPowerPlanner_project_rev = 1

      61 |       return undefined;
      62 |     }
    > 63 |     return originalFn(...args);
         |            ^
      64 |   };
      65 | };
      66 |

      at console.<anonymous> (tests/setup/jest.setup.cjs:63:12)
      at console.apply [as warn] (src/scripts/modules/base.js:92:26)
      at Proxy.apply (src/scripts/modules/base.js:92:26)
      at Proxy.apply (src/scripts/modules/base.js:92:26)
      at Proxy.apply (src/scripts/modules/base.js:92:26)
      at Object.warn (tests/unit/storage.test.js:11:15)
      at setItem (src/scripts/storage.js:8463:17)
      at saveJSONToStorage (src/scripts/storage.js:1859:3)
      at bumpProjectStorageRevision (src/scripts/storage.js:12834:3)
      at persistAllProjects (src/scripts/storage.js:13063:5)
      at Object.loadProject (tests/unit/storage.test.js:3164:21)

  console.warn
    MOCK SET: cameraPowerPlanner_project_rev__backup = 1

      61 |       return undefined;
      62 |     }
    > 63 |     return originalFn(...args);
         |            ^
      64 |   };
      65 | };
      66 |

      at console.<anonymous> (tests/setup/jest.setup.cjs:63:12)
      at console.apply [as warn] (src/scripts/modules/base.js:92:26)
      at Proxy.apply (src/scripts/modules/base.js:92:26)
      at Proxy.apply (src/scripts/modules/base.js:92:26)
      at Proxy.apply (src/scripts/modules/base.js:92:26)
      at Object.warn (tests/unit/storage.test.js:11:15)
      at setItem (src/scripts/storage.js:8524:19)
      at tryStoreCandidate (src/scripts/storage.js:8540:13)
      at attemptBackupWrite (src/scripts/storage.js:8617:26)
      at saveJSONToStorage (src/scripts/storage.js:1859:3)
      at bumpProjectStorageRevision (src/scripts/storage.js:12834:3)
      at persistAllProjects (src/scripts/storage.js:13063:5)
      at Object.loadProject (tests/unit/storage.test.js:3164:21)

  console.log
    DEBUG: getSafeLocalStorage returning object

      at Proxy.apply (src/scripts/modules/base.js:92:26)

  console.log
    DEBUG: getSafeLocalStorage returning object

      at Proxy.apply (src/scripts/modules/base.js:92:26)

  console.warn
    MOCK SET: cameraPowerPlanner_project = null

      61 |       return undefined;
      62 |     }
    > 63 |     return originalFn(...args);
         |            ^
      64 |   };
      65 | };
      66 |

      at console.<anonymous> (tests/setup/jest.setup.cjs:63:12)
      at console.apply [as warn] (src/scripts/modules/base.js:92:26)
      at Proxy.apply (src/scripts/modules/base.js:92:26)
      at Proxy.apply (src/scripts/modules/base.js:92:26)
      at Proxy.apply (src/scripts/modules/base.js:92:26)
      at Object.warn (tests/unit/storage.test.js:11:15)
      at setItem (src/scripts/storage.js:7836:19)
      at attemptMigrationBackupRecovery (src/scripts/storage.js:7949:31)
      at loadJSONFromStorage (src/scripts/storage.js:12437:18)
      at readAllProjectsFromStorage (src/scripts/storage.js:13045:54)
      at Object.loadProject (tests/unit/storage.test.js:3180:22)

  console.warn
    Recovered cameraPowerPlanner_project from migration backup copy.

      61 |       return undefined;
      62 |     }
    > 63 |     return originalFn(...args);
         |            ^
      64 |   };
      65 | };
      66 |

      at console.<anonymous> (tests/setup/jest.setup.cjs:63:12)
      at console.apply [as warn] (src/scripts/modules/base.js:92:26)
      at Proxy.apply (src/scripts/modules/base.js:92:26)
      at Proxy.apply (src/scripts/modules/base.js:92:26)
      at Proxy.apply (src/scripts/modules/base.js:92:26)
      at warn (src/scripts/storage.js:7855:15)
      at attemptMigrationBackupRecovery (src/scripts/storage.js:7949:31)
      at loadJSONFromStorage (src/scripts/storage.js:12437:18)
      at readAllProjectsFromStorage (src/scripts/storage.js:13045:54)
      at Object.loadProject (tests/unit/storage.test.js:3180:22)

  console.log
    DEBUG: getSafeLocalStorage returning object

      at Proxy.apply (src/scripts/modules/base.js:92:26)

  console.warn
    MOCK SET: cameraPowerPlanner_project = {"Legacy":"{\"gearList\":\"<article>Legacy Map</ar

      61 |       return undefined;
      62 |     }
    > 63 |     return originalFn(...args);
         |            ^
      64 |   };
      65 | };
      66 |

      at console.<anonymous> (tests/setup/jest.setup.cjs:63:12)
      at console.apply [as warn] (src/scripts/modules/base.js:92:26)
      at Proxy.apply (src/scripts/modules/base.js:92:26)
      at Proxy.apply (src/scripts/modules/base.js:92:26)
      at Proxy.apply (src/scripts/modules/base.js:92:26)
      at Object.warn (tests/unit/storage.test.js:11:15)
      at Object.setItem (tests/unit/storage.test.js:3197:18)

  console.log
    DEBUG: getSafeLocalStorage returning object

      at Proxy.apply (src/scripts/modules/base.js:92:26)

  console.log
    DEBUG: getSafeLocalStorage returning object

      at Proxy.apply (src/scripts/modules/base.js:92:26)

  console.log
    DEBUG: getSafeLocalStorage returning object

      at Proxy.apply (src/scripts/modules/base.js:92:26)

  console.warn
    MOCK SET: cameraPowerPlanner_project__legacyMigrationBackup = {"createdAt":"2026-01-16T20:14:37.412Z","data":{"L

      61 |       return undefined;
      62 |     }
    > 63 |     return originalFn(...args);
         |            ^
      64 |   };
      65 | };
      66 |

      at console.<anonymous> (tests/setup/jest.setup.cjs:63:12)
      at console.apply [as warn] (src/scripts/modules/base.js:92:26)
      at Proxy.apply (src/scripts/modules/base.js:92:26)
      at Proxy.apply (src/scripts/modules/base.js:92:26)
      at Proxy.apply (src/scripts/modules/base.js:92:26)
      at Object.warn (tests/unit/storage.test.js:11:15)
      at setItem (src/scripts/storage.js:5565:15)
      at tryStoreSerialized (src/scripts/storage.js:5587:26)
      at createStorageMigrationBackup (src/scripts/storage.js:13060:7)
      at Object.loadProject (tests/unit/storage.test.js:3199:21)

  console.log
    DEBUG: getSafeLocalStorage returning object

      at Proxy.apply (src/scripts/modules/base.js:92:26)

  console.log
    DEBUG: getSafeLocalStorage returning object

      at Proxy.apply (src/scripts/modules/base.js:92:26)
          at Array.forEach (<anonymous>)

  console.log
    DEBUG: getSafeLocalStorage returning object

      at Proxy.apply (src/scripts/modules/base.js:92:26)
          at Array.forEach (<anonymous>)

  console.warn
    MOCK SET: cameraPowerPlanner_prj_Legacy Map-updated = {"gearList":"<article>Legacy Map</article>","proje

      61 |       return undefined;
      62 |     }
    > 63 |     return originalFn(...args);
         |            ^
      64 |   };
      65 | };
      66 |

      at console.<anonymous> (tests/setup/jest.setup.cjs:63:12)
      at console.apply [as warn] (src/scripts/modules/base.js:92:26)
      at Proxy.apply (src/scripts/modules/base.js:92:26)
      at Proxy.apply (src/scripts/modules/base.js:92:26)
      at Proxy.apply (src/scripts/modules/base.js:92:26)
      at Object.warn (tests/unit/storage.test.js:11:15)
      at setItem (src/scripts/storage.js:8463:17)
      at saveJSONToStorage (src/scripts/storage.js:12780:18)
      at persistProjectShard (src/scripts/storage.js:12828:5)
          at Array.forEach (<anonymous>)
      at forEach (src/scripts/storage.js:12827:25)
      at persistAllProjects (src/scripts/storage.js:13063:5)
      at Object.loadProject (tests/unit/storage.test.js:3199:21)

  console.warn
    MOCK SET: cameraPowerPlanner_project__legacyMigrationBackup = [{"createdAt":"2026-01-16T20:14:37.412Z","data":{"

      61 |       return undefined;
      62 |     }
    > 63 |     return originalFn(...args);
         |            ^
      64 |   };
      65 | };
      66 |

      at console.<anonymous> (tests/setup/jest.setup.cjs:63:12)
      at console.apply [as warn] (src/scripts/modules/base.js:92:26)
      at Proxy.apply (src/scripts/modules/base.js:92:26)
      at Proxy.apply (src/scripts/modules/base.js:92:26)
      at Proxy.apply (src/scripts/modules/base.js:92:26)
      at Object.warn (tests/unit/storage.test.js:11:15)
      at setItem (src/scripts/storage.js:5514:19)
      at tryStoreList (src/scripts/storage.js:5521:20)
      at createStorageMigrationBackup (src/scripts/storage.js:12735:7)
      at cleanupMonolithicProjectStorage (src/scripts/storage.js:12832:3)
      at persistAllProjects (src/scripts/storage.js:13063:5)
      at Object.loadProject (tests/unit/storage.test.js:3199:21)

  console.log
    DEBUG: getSafeLocalStorage returning object

      at Proxy.apply (src/scripts/modules/base.js:92:26)

  console.warn
    MOCK SET: cameraPowerPlanner_project_rev = 1

      61 |       return undefined;
      62 |     }
    > 63 |     return originalFn(...args);
         |            ^
      64 |   };
      65 | };
      66 |

      at console.<anonymous> (tests/setup/jest.setup.cjs:63:12)
      at console.apply [as warn] (src/scripts/modules/base.js:92:26)
      at Proxy.apply (src/scripts/modules/base.js:92:26)
      at Proxy.apply (src/scripts/modules/base.js:92:26)
      at Proxy.apply (src/scripts/modules/base.js:92:26)
      at Object.warn (tests/unit/storage.test.js:11:15)
      at setItem (src/scripts/storage.js:8463:17)
      at saveJSONToStorage (src/scripts/storage.js:1859:3)
      at bumpProjectStorageRevision (src/scripts/storage.js:12834:3)
      at persistAllProjects (src/scripts/storage.js:13063:5)
      at Object.loadProject (tests/unit/storage.test.js:3199:21)

  console.warn
    MOCK SET: cameraPowerPlanner_project_rev__backup = 1

      61 |       return undefined;
      62 |     }
    > 63 |     return originalFn(...args);
         |            ^
      64 |   };
      65 | };
      66 |

      at console.<anonymous> (tests/setup/jest.setup.cjs:63:12)
      at console.apply [as warn] (src/scripts/modules/base.js:92:26)
      at Proxy.apply (src/scripts/modules/base.js:92:26)
      at Proxy.apply (src/scripts/modules/base.js:92:26)
      at Proxy.apply (src/scripts/modules/base.js:92:26)
      at Object.warn (tests/unit/storage.test.js:11:15)
      at setItem (src/scripts/storage.js:8524:19)
      at tryStoreCandidate (src/scripts/storage.js:8540:13)
      at attemptBackupWrite (src/scripts/storage.js:8617:26)
      at saveJSONToStorage (src/scripts/storage.js:1859:3)
      at bumpProjectStorageRevision (src/scripts/storage.js:12834:3)
      at persistAllProjects (src/scripts/storage.js:13063:5)
      at Object.loadProject (tests/unit/storage.test.js:3199:21)

  console.log
    DEBUG: getSafeLocalStorage returning object

      at Proxy.apply (src/scripts/modules/base.js:92:26)

  console.log
    DEBUG: getSafeLocalStorage returning object

      at Proxy.apply (src/scripts/modules/base.js:92:26)

  console.warn
    MOCK SET: cameraPowerPlanner_project = null

      61 |       return undefined;
      62 |     }
    > 63 |     return originalFn(...args);
         |            ^
      64 |   };
      65 | };
      66 |

      at console.<anonymous> (tests/setup/jest.setup.cjs:63:12)
      at console.apply [as warn] (src/scripts/modules/base.js:92:26)
      at Proxy.apply (src/scripts/modules/base.js:92:26)
      at Proxy.apply (src/scripts/modules/base.js:92:26)
      at Proxy.apply (src/scripts/modules/base.js:92:26)
      at Object.warn (tests/unit/storage.test.js:11:15)
      at setItem (src/scripts/storage.js:7836:19)
      at attemptMigrationBackupRecovery (src/scripts/storage.js:7949:31)
      at loadJSONFromStorage (src/scripts/storage.js:12437:18)
      at readAllProjectsFromStorage (src/scripts/storage.js:13045:54)
      at Object.loadProject (tests/unit/storage.test.js:3207:22)

  console.warn
    Recovered cameraPowerPlanner_project from migration backup copy.

      61 |       return undefined;
      62 |     }
    > 63 |     return originalFn(...args);
         |            ^
      64 |   };
      65 | };
      66 |

      at console.<anonymous> (tests/setup/jest.setup.cjs:63:12)
      at console.apply [as warn] (src/scripts/modules/base.js:92:26)
      at Proxy.apply (src/scripts/modules/base.js:92:26)
      at Proxy.apply (src/scripts/modules/base.js:92:26)
      at Proxy.apply (src/scripts/modules/base.js:92:26)
      at warn (src/scripts/storage.js:7855:15)
      at attemptMigrationBackupRecovery (src/scripts/storage.js:7949:31)
      at loadJSONFromStorage (src/scripts/storage.js:12437:18)
      at readAllProjectsFromStorage (src/scripts/storage.js:13045:54)
      at Object.loadProject (tests/unit/storage.test.js:3207:22)

  console.log
    DEBUG: getSafeLocalStorage returning object

      at Proxy.apply (src/scripts/modules/base.js:92:26)

  console.error
    DEBUG: importAllData CALLED [ 'autoGearSeeded', 'autoGearShowBackups' ]

      61 |       return undefined;
      62 |     }
    > 63 |     return originalFn(...args);
         |            ^
      64 |   };
      65 | };
      66 |

      at console.<anonymous> (tests/setup/jest.setup.cjs:63:12)
      at Proxy.apply (src/scripts/modules/base.js:92:26)
      at error (src/scripts/storage.js:17633:11)
      at Object.importAllData (tests/unit/storage.test.js:3216:5)

  console.log
    DEBUG: getSafeLocalStorage returning object

      at Proxy.apply (src/scripts/modules/base.js:92:26)

  console.log
    DEBUG: getSafeLocalStorage returning object

      at Proxy.apply (src/scripts/modules/base.js:92:26)

  console.warn
    MOCK SET: cameraPowerPlanner_autoGearShowBackups = 1

      61 |       return undefined;
      62 |     }
    > 63 |     return originalFn(...args);
         |            ^
      64 |   };
      65 | };
      66 |

      at console.<anonymous> (tests/setup/jest.setup.cjs:63:12)
      at console.apply [as warn] (src/scripts/modules/base.js:92:26)
      at Proxy.apply (src/scripts/modules/base.js:92:26)
      at Proxy.apply (src/scripts/modules/base.js:92:26)
      at Proxy.apply (src/scripts/modules/base.js:92:26)
      at Object.warn (tests/unit/storage.test.js:11:15)
      at setItem (src/scripts/storage.js:8827:15)
      at saveFlagToStorage (src/scripts/storage.js:15643:3)
      at fallbackFn (src/scripts/storage.js:17668:7)
      at persistAutoGearValue (src/scripts/storage.js:18002:5)
      at Object.importAllData (tests/unit/storage.test.js:3216:5)

  console.log
    DEBUG: getSafeLocalStorage returning object

      at Proxy.apply (src/scripts/modules/base.js:92:26)

  console.log
    DEBUG: getSafeLocalStorage returning object

      at Proxy.apply (src/scripts/modules/base.js:92:26)

  console.error
    DEBUG: importAllData CALLED [ 'autoGearSeeded', 'autoGearShowBackups' ]

      61 |       return undefined;
      62 |     }
    > 63 |     return originalFn(...args);
         |            ^
      64 |   };
      65 | };
      66 |

      at console.<anonymous> (tests/setup/jest.setup.cjs:63:12)
      at Proxy.apply (src/scripts/modules/base.js:92:26)
      at error (src/scripts/storage.js:17633:11)
      at Object.importAllData (tests/unit/storage.test.js:3228:5)

  console.log
    DEBUG: getSafeLocalStorage returning object

      at Proxy.apply (src/scripts/modules/base.js:92:26)

  console.log
    DEBUG: getSafeLocalStorage returning object

      at Proxy.apply (src/scripts/modules/base.js:92:26)

  console.log
    DEBUG: getSafeLocalStorage returning object

      at Proxy.apply (src/scripts/modules/base.js:92:26)

  console.log
    DEBUG: getSafeLocalStorage returning object

      at Proxy.apply (src/scripts/modules/base.js:92:26)

  console.error
    DEBUG: importAllData CALLED [ 'autoGearRules', 'autoGearBackups' ]

      61 |       return undefined;
      62 |     }
    > 63 |     return originalFn(...args);
         |            ^
      64 |   };
      65 | };
      66 |

      at console.<anonymous> (tests/setup/jest.setup.cjs:63:12)
      at Proxy.apply (src/scripts/modules/base.js:92:26)
      at error (src/scripts/storage.js:17633:11)
      at Object.importAllData (tests/unit/storage.test.js:3250:5)

  console.log
    DEBUG: getSafeLocalStorage returning object

      at Proxy.apply (src/scripts/modules/base.js:92:26)

  console.log
    DEBUG: getSafeLocalStorage returning object

      at Proxy.apply (src/scripts/modules/base.js:92:26)

  console.warn
    MOCK SET: cameraPowerPlanner_autoGearRules = [{"id":"first","label":"First","scenarios":["Indoo

      61 |       return undefined;
      62 |     }
    > 63 |     return originalFn(...args);
         |            ^
      64 |   };
      65 | };
      66 |

      at console.<anonymous> (tests/setup/jest.setup.cjs:63:12)
      at console.apply [as warn] (src/scripts/modules/base.js:92:26)
      at Proxy.apply (src/scripts/modules/base.js:92:26)
      at Proxy.apply (src/scripts/modules/base.js:92:26)
      at Proxy.apply (src/scripts/modules/base.js:92:26)
      at Object.warn (tests/unit/storage.test.js:11:15)
      at setItem (src/scripts/storage.js:8463:17)
      at saveJSONToStorage (src/scripts/storage.js:15084:3)
      at fallbackFn (src/scripts/storage.js:17668:7)
      at persistAutoGearValue (src/scripts/storage.js:17969:5)
      at Object.importAllData (tests/unit/storage.test.js:3250:5)

  console.warn
    MOCK SET: cameraPowerPlanner_autoGearRules__backup = [{"id":"first","label":"First","scenarios":["Indoo

      61 |       return undefined;
      62 |     }
    > 63 |     return originalFn(...args);
         |            ^
      64 |   };
      65 | };
      66 |

      at console.<anonymous> (tests/setup/jest.setup.cjs:63:12)
      at console.apply [as warn] (src/scripts/modules/base.js:92:26)
      at Proxy.apply (src/scripts/modules/base.js:92:26)
      at Proxy.apply (src/scripts/modules/base.js:92:26)
      at Proxy.apply (src/scripts/modules/base.js:92:26)
      at Object.warn (tests/unit/storage.test.js:11:15)
      at setItem (src/scripts/storage.js:8524:19)
      at tryStoreCandidate (src/scripts/storage.js:8540:13)
      at attemptBackupWrite (src/scripts/storage.js:8617:26)
      at saveJSONToStorage (src/scripts/storage.js:15084:3)
      at fallbackFn (src/scripts/storage.js:17668:7)
      at persistAutoGearValue (src/scripts/storage.js:17969:5)
      at Object.importAllData (tests/unit/storage.test.js:3250:5)

  console.log
    DEBUG: getSafeLocalStorage returning object

      at Proxy.apply (src/scripts/modules/base.js:92:26)

  console.log
    DEBUG: getSafeLocalStorage returning object

      at Proxy.apply (src/scripts/modules/base.js:92:26)

  console.log
    DEBUG: getSafeLocalStorage returning object

      at Proxy.apply (src/scripts/modules/base.js:92:26)

  console.log
    DEBUG: getSafeLocalStorage returning object

      at Proxy.apply (src/scripts/modules/base.js:92:26)

  console.error
    DEBUG: importAllData CALLED [ 'autoGearRules', 'autoGearBackups', 'autoGearPresets' ]

      61 |       return undefined;
      62 |     }
    > 63 |     return originalFn(...args);
         |            ^
      64 |   };
      65 | };
      66 |

      at console.<anonymous> (tests/setup/jest.setup.cjs:63:12)
      at Proxy.apply (src/scripts/modules/base.js:92:26)
      at error (src/scripts/storage.js:17633:11)
      at Object.importAllData (tests/unit/storage.test.js:3270:5)

  console.log
    DEBUG: getSafeLocalStorage returning object

      at Proxy.apply (src/scripts/modules/base.js:92:26)

  console.log
    DEBUG: getSafeLocalStorage returning object

      at Proxy.apply (src/scripts/modules/base.js:92:26)

  console.warn
    MOCK SET: cameraPowerPlanner_autoGearRules = [{"id":"map-rule","label":"Map rule","scenarios":[

      61 |       return undefined;
      62 |     }
    > 63 |     return originalFn(...args);
         |            ^
      64 |   };
      65 | };
      66 |

      at console.<anonymous> (tests/setup/jest.setup.cjs:63:12)
      at console.apply [as warn] (src/scripts/modules/base.js:92:26)
      at Proxy.apply (src/scripts/modules/base.js:92:26)
      at Proxy.apply (src/scripts/modules/base.js:92:26)
      at Proxy.apply (src/scripts/modules/base.js:92:26)
      at Object.warn (tests/unit/storage.test.js:11:15)
      at setItem (src/scripts/storage.js:8463:17)
      at saveJSONToStorage (src/scripts/storage.js:15084:3)
      at fallbackFn (src/scripts/storage.js:17668:7)
      at persistAutoGearValue (src/scripts/storage.js:17969:5)
      at Object.importAllData (tests/unit/storage.test.js:3270:5)

  console.warn
    MOCK SET: cameraPowerPlanner_autoGearRules__backup = [{"id":"map-rule","label":"Map rule","scenarios":[

      61 |       return undefined;
      62 |     }
    > 63 |     return originalFn(...args);
         |            ^
      64 |   };
      65 | };
      66 |

      at console.<anonymous> (tests/setup/jest.setup.cjs:63:12)
      at console.apply [as warn] (src/scripts/modules/base.js:92:26)
      at Proxy.apply (src/scripts/modules/base.js:92:26)
      at Proxy.apply (src/scripts/modules/base.js:92:26)
      at Proxy.apply (src/scripts/modules/base.js:92:26)
      at Object.warn (tests/unit/storage.test.js:11:15)
      at setItem (src/scripts/storage.js:8524:19)
      at tryStoreCandidate (src/scripts/storage.js:8540:13)
      at attemptBackupWrite (src/scripts/storage.js:8617:26)
      at saveJSONToStorage (src/scripts/storage.js:15084:3)
      at fallbackFn (src/scripts/storage.js:17668:7)
      at persistAutoGearValue (src/scripts/storage.js:17969:5)
      at Object.importAllData (tests/unit/storage.test.js:3270:5)

  console.log
    DEBUG: getSafeLocalStorage returning object

      at Proxy.apply (src/scripts/modules/base.js:92:26)

  console.log
    DEBUG: getSafeLocalStorage returning object

      at Proxy.apply (src/scripts/modules/base.js:92:26)

  console.log
    DEBUG: getSafeLocalStorage returning object

      at Proxy.apply (src/scripts/modules/base.js:92:26)

  console.warn
    MOCK SET: cameraPowerPlanner_autoGearPresets = [{"id":"map-preset","label":"Map preset","rules":[

      61 |       return undefined;
      62 |     }
    > 63 |     return originalFn(...args);
         |            ^
      64 |   };
      65 | };
      66 |

      at console.<anonymous> (tests/setup/jest.setup.cjs:63:12)
      at console.apply [as warn] (src/scripts/modules/base.js:92:26)
      at Proxy.apply (src/scripts/modules/base.js:92:26)
      at Proxy.apply (src/scripts/modules/base.js:92:26)
      at Proxy.apply (src/scripts/modules/base.js:92:26)
      at Object.warn (tests/unit/storage.test.js:11:15)
      at setItem (src/scripts/storage.js:8463:17)
      at saveJSONToStorage (src/scripts/storage.js:15374:3)
      at fallbackFn (src/scripts/storage.js:17668:7)
      at persistAutoGearValue (src/scripts/storage.js:17985:5)
      at Object.importAllData (tests/unit/storage.test.js:3270:5)

  console.warn
    MOCK SET: cameraPowerPlanner_autoGearPresets__backup = [{"id":"map-preset","label":"Map preset","rules":[

      61 |       return undefined;
      62 |     }
    > 63 |     return originalFn(...args);
         |            ^
      64 |   };
      65 | };
      66 |

      at console.<anonymous> (tests/setup/jest.setup.cjs:63:12)
      at console.apply [as warn] (src/scripts/modules/base.js:92:26)
      at Proxy.apply (src/scripts/modules/base.js:92:26)
      at Proxy.apply (src/scripts/modules/base.js:92:26)
      at Proxy.apply (src/scripts/modules/base.js:92:26)
      at Object.warn (tests/unit/storage.test.js:11:15)
      at setItem (src/scripts/storage.js:8524:19)
      at tryStoreCandidate (src/scripts/storage.js:8540:13)
      at attemptBackupWrite (src/scripts/storage.js:8617:26)
      at saveJSONToStorage (src/scripts/storage.js:15374:3)
      at fallbackFn (src/scripts/storage.js:17668:7)
      at persistAutoGearValue (src/scripts/storage.js:17985:5)
      at Object.importAllData (tests/unit/storage.test.js:3270:5)

  console.log
    DEBUG: getSafeLocalStorage returning object

      at Proxy.apply (src/scripts/modules/base.js:92:26)

  console.log
    DEBUG: getSafeLocalStorage returning object

      at Proxy.apply (src/scripts/modules/base.js:92:26)

  console.log
    DEBUG: getSafeLocalStorage returning object

      at Proxy.apply (src/scripts/modules/base.js:92:26)

  console.log
    DEBUG: getSafeLocalStorage returning object

      at Proxy.apply (src/scripts/modules/base.js:92:26)

  console.log
    DEBUG: getSafeLocalStorage returning object

      at Proxy.apply (src/scripts/modules/base.js:92:26)

  console.error
    DEBUG: importAllData CALLED [ 'autoGearRules', 'autoGearBackups', 'autoGearPresets' ]

      61 |       return undefined;
      62 |     }
    > 63 |     return originalFn(...args);
         |            ^
      64 |   };
      65 | };
      66 |

      at console.<anonymous> (tests/setup/jest.setup.cjs:63:12)
      at Proxy.apply (src/scripts/modules/base.js:92:26)
      at error (src/scripts/storage.js:17633:11)
      at Object.importAllData (tests/unit/storage.test.js:3298:5)

  console.log
    DEBUG: getSafeLocalStorage returning object

      at Proxy.apply (src/scripts/modules/base.js:92:26)

  console.log
    DEBUG: getSafeLocalStorage returning object

      at Proxy.apply (src/scripts/modules/base.js:92:26)

  console.warn
    MOCK SET: cameraPowerPlanner_autoGearRules = [{"id":"rule-json","label":"JSON","scenarios":[],"

      61 |       return undefined;
      62 |     }
    > 63 |     return originalFn(...args);
         |            ^
      64 |   };
      65 | };
      66 |

      at console.<anonymous> (tests/setup/jest.setup.cjs:63:12)
      at console.apply [as warn] (src/scripts/modules/base.js:92:26)
      at Proxy.apply (src/scripts/modules/base.js:92:26)
      at Proxy.apply (src/scripts/modules/base.js:92:26)
      at Proxy.apply (src/scripts/modules/base.js:92:26)
      at Object.warn (tests/unit/storage.test.js:11:15)
      at setItem (src/scripts/storage.js:8463:17)
      at saveJSONToStorage (src/scripts/storage.js:15084:3)
      at fallbackFn (src/scripts/storage.js:17668:7)
      at persistAutoGearValue (src/scripts/storage.js:17969:5)
      at Object.importAllData (tests/unit/storage.test.js:3298:5)

  console.warn
    MOCK SET: cameraPowerPlanner_autoGearRules__backup = [{"id":"rule-json","label":"JSON","scenarios":[],"

      61 |       return undefined;
      62 |     }
    > 63 |     return originalFn(...args);
         |            ^
      64 |   };
      65 | };
      66 |

      at console.<anonymous> (tests/setup/jest.setup.cjs:63:12)
      at console.apply [as warn] (src/scripts/modules/base.js:92:26)
      at Proxy.apply (src/scripts/modules/base.js:92:26)
      at Proxy.apply (src/scripts/modules/base.js:92:26)
      at Proxy.apply (src/scripts/modules/base.js:92:26)
      at Object.warn (tests/unit/storage.test.js:11:15)
      at setItem (src/scripts/storage.js:8524:19)
      at tryStoreCandidate (src/scripts/storage.js:8540:13)
      at attemptBackupWrite (src/scripts/storage.js:8617:26)
      at saveJSONToStorage (src/scripts/storage.js:15084:3)
      at fallbackFn (src/scripts/storage.js:17668:7)
      at persistAutoGearValue (src/scripts/storage.js:17969:5)
      at Object.importAllData (tests/unit/storage.test.js:3298:5)

  console.log
    DEBUG: getSafeLocalStorage returning object

      at Proxy.apply (src/scripts/modules/base.js:92:26)

  console.log
    DEBUG: getSafeLocalStorage returning object

      at Proxy.apply (src/scripts/modules/base.js:92:26)

  console.log
    DEBUG: getSafeLocalStorage returning object

      at Proxy.apply (src/scripts/modules/base.js:92:26)

  console.warn
    MOCK SET: cameraPowerPlanner_autoGearPresets = [{"id":"preset-json","label":"Preset","rules":[]}]

      61 |       return undefined;
      62 |     }
    > 63 |     return originalFn(...args);
         |            ^
      64 |   };
      65 | };
      66 |

      at console.<anonymous> (tests/setup/jest.setup.cjs:63:12)
      at console.apply [as warn] (src/scripts/modules/base.js:92:26)
      at Proxy.apply (src/scripts/modules/base.js:92:26)
      at Proxy.apply (src/scripts/modules/base.js:92:26)
      at Proxy.apply (src/scripts/modules/base.js:92:26)
      at Object.warn (tests/unit/storage.test.js:11:15)
      at setItem (src/scripts/storage.js:8463:17)
      at saveJSONToStorage (src/scripts/storage.js:15374:3)
      at fallbackFn (src/scripts/storage.js:17668:7)
      at persistAutoGearValue (src/scripts/storage.js:17985:5)
      at Object.importAllData (tests/unit/storage.test.js:3298:5)

  console.warn
    MOCK SET: cameraPowerPlanner_autoGearPresets__backup = [{"id":"preset-json","label":"Preset","rules":[]}]

      61 |       return undefined;
      62 |     }
    > 63 |     return originalFn(...args);
         |            ^
      64 |   };
      65 | };
      66 |

      at console.<anonymous> (tests/setup/jest.setup.cjs:63:12)
      at console.apply [as warn] (src/scripts/modules/base.js:92:26)
      at Proxy.apply (src/scripts/modules/base.js:92:26)
      at Proxy.apply (src/scripts/modules/base.js:92:26)
      at Proxy.apply (src/scripts/modules/base.js:92:26)
      at Object.warn (tests/unit/storage.test.js:11:15)
      at setItem (src/scripts/storage.js:8524:19)
      at tryStoreCandidate (src/scripts/storage.js:8540:13)
      at attemptBackupWrite (src/scripts/storage.js:8617:26)
      at saveJSONToStorage (src/scripts/storage.js:15374:3)
      at fallbackFn (src/scripts/storage.js:17668:7)
      at persistAutoGearValue (src/scripts/storage.js:17985:5)
      at Object.importAllData (tests/unit/storage.test.js:3298:5)

  console.log
    DEBUG: getSafeLocalStorage returning object

      at Proxy.apply (src/scripts/modules/base.js:92:26)

  console.log
    DEBUG: getSafeLocalStorage returning object

      at Proxy.apply (src/scripts/modules/base.js:92:26)

  console.log
    DEBUG: getSafeLocalStorage returning object

      at Proxy.apply (src/scripts/modules/base.js:92:26)

  console.log
    DEBUG: getSafeLocalStorage returning object

      at Proxy.apply (src/scripts/modules/base.js:92:26)

  console.log
    DEBUG: getSafeLocalStorage returning object

      at Proxy.apply (src/scripts/modules/base.js:92:26)

  console.error
    DEBUG: importAllData CALLED [ 'autoGearActivePresetId' ]

      61 |       return undefined;
      62 |     }
    > 63 |     return originalFn(...args);
         |            ^
      64 |   };
      65 | };
      66 |

      at console.<anonymous> (tests/setup/jest.setup.cjs:63:12)
      at Proxy.apply (src/scripts/modules/base.js:92:26)
      at error (src/scripts/storage.js:17633:11)
      at Object.importAllData (tests/unit/storage.test.js:3310:5)

  console.error
    DEBUG: importAllData CALLED [ 'project' ]

      61 |       return undefined;
      62 |     }
    > 63 |     return originalFn(...args);
         |            ^
      64 |   };
      65 | };
      66 |

      at console.<anonymous> (tests/setup/jest.setup.cjs:63:12)
      at Proxy.apply (src/scripts/modules/base.js:92:26)
      at error (src/scripts/storage.js:17633:11)
      at Object.importAllData (tests/unit/storage.test.js:3315:5)

  console.log
    DEBUG: getSafeLocalStorage returning object

      at Proxy.apply (src/scripts/modules/base.js:92:26)

  console.log
    DEBUG: getSafeLocalStorage returning object

      at Proxy.apply (src/scripts/modules/base.js:92:26)

  console.log
    DEBUG: getSafeLocalStorage returning object

      at Proxy.apply (src/scripts/modules/base.js:92:26)

  console.log
    DEBUG: getSafeLocalStorage returning object

      at Proxy.apply (src/scripts/modules/base.js:92:26)
          at Array.forEach (<anonymous>)

  console.log
    DEBUG: getSafeLocalStorage returning object

      at Proxy.apply (src/scripts/modules/base.js:92:26)
          at Array.forEach (<anonymous>)

  console.log
    DEBUG: getSafeLocalStorage returning object

      at Proxy.apply (src/scripts/modules/base.js:92:26)
          at Array.forEach (<anonymous>)

  console.log
    DEBUG: getSafeLocalStorage returning object

      at Proxy.apply (src/scripts/modules/base.js:92:26)
          at Array.forEach (<anonymous>)

  console.log
    DEBUG: getSafeLocalStorage returning object

      at Proxy.apply (src/scripts/modules/base.js:92:26)
          at Array.forEach (<anonymous>)

  console.log
    DEBUG: getSafeLocalStorage returning object

      at Proxy.apply (src/scripts/modules/base.js:92:26)
          at Array.forEach (<anonymous>)

  console.log
    DEBUG: getSafeLocalStorage returning object

      at Proxy.apply (src/scripts/modules/base.js:92:26)
          at Array.forEach (<anonymous>)

  console.log
    DEBUG: getSafeLocalStorage returning object

      at Proxy.apply (src/scripts/modules/base.js:92:26)
          at Array.forEach (<anonymous>)

  console.warn
    MOCK SET: cameraPowerPlanner_prj_Legacy = {"gearList":"<div>Legacy</div>","projectInfo":null

      61 |       return undefined;
      62 |     }
    > 63 |     return originalFn(...args);
         |            ^
      64 |   };
      65 | };
      66 |

      at console.<anonymous> (tests/setup/jest.setup.cjs:63:12)
      at console.apply [as warn] (src/scripts/modules/base.js:92:26)
      at Proxy.apply (src/scripts/modules/base.js:92:26)
      at Proxy.apply (src/scripts/modules/base.js:92:26)
      at Proxy.apply (src/scripts/modules/base.js:92:26)
      at Object.warn (tests/unit/storage.test.js:11:15)
      at setItem (src/scripts/storage.js:8463:17)
      at saveJSONToStorage (src/scripts/storage.js:12780:18)
      at persistProjectShard (src/scripts/storage.js:13513:20)
      at saveProject (src/scripts/storage.js:13783:5)
      at importer (src/scripts/storage.js:18039:7)
      at importProject (src/scripts/storage.js:13890:7)
          at Array.forEach (<anonymous>)
      at forEach (src/scripts/storage.js:13888:32)
      at importProjectCollection (src/scripts/storage.js:13826:14)
      at importProjectCollection (src/scripts/storage.js:18045:20)
      at importTrackedCollection (src/scripts/storage.js:18053:5)
      at Object.importAllData (tests/unit/storage.test.js:3315:5)

  console.log
    DEBUG: getSafeLocalStorage returning object

      at Proxy.apply (src/scripts/modules/base.js:92:26)
          at Array.forEach (<anonymous>)

  console.log
    DEBUG: getSafeLocalStorage returning object

      at Proxy.apply (src/scripts/modules/base.js:92:26)
          at Array.forEach (<anonymous>)
          at Array.forEach (<anonymous>)

  console.log
    DEBUG: getSafeLocalStorage returning object

      at Proxy.apply (src/scripts/modules/base.js:92:26)
          at Array.forEach (<anonymous>)
          at Array.forEach (<anonymous>)

  console.log
    DEBUG: getSafeLocalStorage returning object

      at Proxy.apply (src/scripts/modules/base.js:92:26)
          at Array.forEach (<anonymous>)

  console.warn
    MOCK SET: cameraPowerPlanner_project_rev = 1

      61 |       return undefined;
      62 |     }
    > 63 |     return originalFn(...args);
         |            ^
      64 |   };
      65 | };
      66 |

      at console.<anonymous> (tests/setup/jest.setup.cjs:63:12)
      at console.apply [as warn] (src/scripts/modules/base.js:92:26)
      at Proxy.apply (src/scripts/modules/base.js:92:26)
      at Proxy.apply (src/scripts/modules/base.js:92:26)
      at Proxy.apply (src/scripts/modules/base.js:92:26)
      at Object.warn (tests/unit/storage.test.js:11:15)
      at setItem (src/scripts/storage.js:8463:17)
      at saveJSONToStorage (src/scripts/storage.js:1859:3)
      at bumpProjectStorageRevision (src/scripts/storage.js:12834:3)
      at persistAllProjects (src/scripts/storage.js:13535:5)
      at saveProject (src/scripts/storage.js:13783:5)
      at importer (src/scripts/storage.js:18039:7)
      at importProject (src/scripts/storage.js:13890:7)
          at Array.forEach (<anonymous>)
      at forEach (src/scripts/storage.js:13888:32)
      at importProjectCollection (src/scripts/storage.js:13826:14)
      at importProjectCollection (src/scripts/storage.js:18045:20)
      at importTrackedCollection (src/scripts/storage.js:18053:5)
      at Object.importAllData (tests/unit/storage.test.js:3315:5)

  console.warn
    MOCK SET: cameraPowerPlanner_project_rev__backup = 1

      61 |       return undefined;
      62 |     }
    > 63 |     return originalFn(...args);
         |            ^
      64 |   };
      65 | };
      66 |

      at console.<anonymous> (tests/setup/jest.setup.cjs:63:12)
      at console.apply [as warn] (src/scripts/modules/base.js:92:26)
      at Proxy.apply (src/scripts/modules/base.js:92:26)
      at Proxy.apply (src/scripts/modules/base.js:92:26)
      at Proxy.apply (src/scripts/modules/base.js:92:26)
      at Object.warn (tests/unit/storage.test.js:11:15)
      at setItem (src/scripts/storage.js:8524:19)
      at tryStoreCandidate (src/scripts/storage.js:8540:13)
      at attemptBackupWrite (src/scripts/storage.js:8617:26)
      at saveJSONToStorage (src/scripts/storage.js:1859:3)
      at bumpProjectStorageRevision (src/scripts/storage.js:12834:3)
      at persistAllProjects (src/scripts/storage.js:13535:5)
      at saveProject (src/scripts/storage.js:13783:5)
      at importer (src/scripts/storage.js:18039:7)
      at importProject (src/scripts/storage.js:13890:7)
          at Array.forEach (<anonymous>)
      at forEach (src/scripts/storage.js:13888:32)
      at importProjectCollection (src/scripts/storage.js:13826:14)
      at importProjectCollection (src/scripts/storage.js:18045:20)
      at importTrackedCollection (src/scripts/storage.js:18053:5)
      at Object.importAllData (tests/unit/storage.test.js:3315:5)

  console.log
    DEBUG: getSafeLocalStorage returning object

      at Proxy.apply (src/scripts/modules/base.js:92:26)
          at Array.forEach (<anonymous>)

  console.log
    DEBUG: getSafeLocalStorage returning object

      at Proxy.apply (src/scripts/modules/base.js:92:26)
          at Array.forEach (<anonymous>)

  console.log
    DEBUG: getSafeLocalStorage returning object

      at Proxy.apply (src/scripts/modules/base.js:92:26)
          at Array.forEach (<anonymous>)

  console.log
    DEBUG: getSafeLocalStorage returning object

      at Proxy.apply (src/scripts/modules/base.js:92:26)
          at Array.forEach (<anonymous>)

  console.log
    DEBUG: getSafeLocalStorage returning object

      at Proxy.apply (src/scripts/modules/base.js:92:26)
          at Array.forEach (<anonymous>)

  console.log
    DEBUG: getSafeLocalStorage returning object

      at Proxy.apply (src/scripts/modules/base.js:92:26)
          at Array.forEach (<anonymous>)

  console.log
    DEBUG: getSafeLocalStorage returning object

      at Proxy.apply (src/scripts/modules/base.js:92:26)
          at Array.forEach (<anonymous>)

  console.log
    DEBUG: getSafeLocalStorage returning object

      at Proxy.apply (src/scripts/modules/base.js:92:26)
          at Array.forEach (<anonymous>)

  console.warn
    MOCK SET: cameraPowerPlanner_prj_WithInfo = {"gearList":"<div>Info</div>","projectInfo":{"proj

      61 |       return undefined;
      62 |     }
    > 63 |     return originalFn(...args);
         |            ^
      64 |   };
      65 | };
      66 |

      at console.<anonymous> (tests/setup/jest.setup.cjs:63:12)
      at console.apply [as warn] (src/scripts/modules/base.js:92:26)
      at Proxy.apply (src/scripts/modules/base.js:92:26)
      at Proxy.apply (src/scripts/modules/base.js:92:26)
      at Proxy.apply (src/scripts/modules/base.js:92:26)
      at Object.warn (tests/unit/storage.test.js:11:15)
      at setItem (src/scripts/storage.js:8463:17)
      at saveJSONToStorage (src/scripts/storage.js:12780:18)
      at persistProjectShard (src/scripts/storage.js:13513:20)
      at saveProject (src/scripts/storage.js:13783:5)
      at importer (src/scripts/storage.js:18039:7)
      at importProject (src/scripts/storage.js:13890:7)
          at Array.forEach (<anonymous>)
      at forEach (src/scripts/storage.js:13888:32)
      at importProjectCollection (src/scripts/storage.js:13826:14)
      at importProjectCollection (src/scripts/storage.js:18045:20)
      at importTrackedCollection (src/scripts/storage.js:18053:5)
      at Object.importAllData (tests/unit/storage.test.js:3315:5)

  console.log
    DEBUG: getSafeLocalStorage returning object

      at Proxy.apply (src/scripts/modules/base.js:92:26)
          at Array.forEach (<anonymous>)

  console.log
    DEBUG: getSafeLocalStorage returning object

      at Proxy.apply (src/scripts/modules/base.js:92:26)
          at Array.forEach (<anonymous>)
          at Array.forEach (<anonymous>)

  console.log
    DEBUG: getSafeLocalStorage returning object

      at Proxy.apply (src/scripts/modules/base.js:92:26)
          at Array.forEach (<anonymous>)
          at Array.forEach (<anonymous>)

  console.log
    DEBUG: getSafeLocalStorage returning object

      at Proxy.apply (src/scripts/modules/base.js:92:26)
          at Array.forEach (<anonymous>)
          at Array.forEach (<anonymous>)

  console.log
    DEBUG: getSafeLocalStorage returning object

      at Proxy.apply (src/scripts/modules/base.js:92:26)
          at Array.forEach (<anonymous>)
          at Array.forEach (<anonymous>)

  console.log
    DEBUG: getSafeLocalStorage returning object

      at Proxy.apply (src/scripts/modules/base.js:92:26)
          at Array.forEach (<anonymous>)

  console.warn
    MOCK SET: cameraPowerPlanner_project_rev = 2

      61 |       return undefined;
      62 |     }
    > 63 |     return originalFn(...args);
         |            ^
      64 |   };
      65 | };
      66 |

      at console.<anonymous> (tests/setup/jest.setup.cjs:63:12)
      at console.apply [as warn] (src/scripts/modules/base.js:92:26)
      at Proxy.apply (src/scripts/modules/base.js:92:26)
      at Proxy.apply (src/scripts/modules/base.js:92:26)
      at Proxy.apply (src/scripts/modules/base.js:92:26)
      at Object.warn (tests/unit/storage.test.js:11:15)
      at setItem (src/scripts/storage.js:8463:17)
      at saveJSONToStorage (src/scripts/storage.js:1859:3)
      at bumpProjectStorageRevision (src/scripts/storage.js:12834:3)
      at persistAllProjects (src/scripts/storage.js:13535:5)
      at saveProject (src/scripts/storage.js:13783:5)
      at importer (src/scripts/storage.js:18039:7)
      at importProject (src/scripts/storage.js:13890:7)
          at Array.forEach (<anonymous>)
      at forEach (src/scripts/storage.js:13888:32)
      at importProjectCollection (src/scripts/storage.js:13826:14)
      at importProjectCollection (src/scripts/storage.js:18045:20)
      at importTrackedCollection (src/scripts/storage.js:18053:5)
      at Object.importAllData (tests/unit/storage.test.js:3315:5)

  console.warn
    MOCK SET: cameraPowerPlanner_project_rev__backup = 2

      61 |       return undefined;
      62 |     }
    > 63 |     return originalFn(...args);
         |            ^
      64 |   };
      65 | };
      66 |

      at console.<anonymous> (tests/setup/jest.setup.cjs:63:12)
      at console.apply [as warn] (src/scripts/modules/base.js:92:26)
      at Proxy.apply (src/scripts/modules/base.js:92:26)
      at Proxy.apply (src/scripts/modules/base.js:92:26)
      at Proxy.apply (src/scripts/modules/base.js:92:26)
      at Object.warn (tests/unit/storage.test.js:11:15)
      at setItem (src/scripts/storage.js:8524:19)
      at tryStoreCandidate (src/scripts/storage.js:8540:13)
      at attemptBackupWrite (src/scripts/storage.js:8617:26)
      at saveJSONToStorage (src/scripts/storage.js:1859:3)
      at bumpProjectStorageRevision (src/scripts/storage.js:12834:3)
      at persistAllProjects (src/scripts/storage.js:13535:5)
      at saveProject (src/scripts/storage.js:13783:5)
      at importer (src/scripts/storage.js:18039:7)
      at importProject (src/scripts/storage.js:13890:7)
          at Array.forEach (<anonymous>)
      at forEach (src/scripts/storage.js:13888:32)
      at importProjectCollection (src/scripts/storage.js:13826:14)
      at importProjectCollection (src/scripts/storage.js:18045:20)
      at importTrackedCollection (src/scripts/storage.js:18053:5)
      at Object.importAllData (tests/unit/storage.test.js:3315:5)

  console.log
    DEBUG: getSafeLocalStorage returning object

      at Proxy.apply (src/scripts/modules/base.js:92:26)

  console.log
    DEBUG: getSafeLocalStorage returning object

      at Proxy.apply (src/scripts/modules/base.js:92:26)

  console.log
    DEBUG: getSafeLocalStorage returning object

      at Proxy.apply (src/scripts/modules/base.js:92:26)

  console.error
    DEBUG: importAllData CALLED [ 'project' ]

      61 |       return undefined;
      62 |     }
    > 63 |     return originalFn(...args);
         |            ^
      64 |   };
      65 | };
      66 |

      at console.<anonymous> (tests/setup/jest.setup.cjs:63:12)
      at Proxy.apply (src/scripts/modules/base.js:92:26)
      at error (src/scripts/storage.js:17633:11)
      at Object.importAllData (tests/unit/storage.test.js:3331:5)

  console.log
    DEBUG: getSafeLocalStorage returning object

      at Proxy.apply (src/scripts/modules/base.js:92:26)

  console.log
    DEBUG: getSafeLocalStorage returning object

      at Proxy.apply (src/scripts/modules/base.js:92:26)

  console.log
    DEBUG: getSafeLocalStorage returning object

      at Proxy.apply (src/scripts/modules/base.js:92:26)

  console.log
    DEBUG: getSafeLocalStorage returning object

      at Proxy.apply (src/scripts/modules/base.js:92:26)
          at Array.forEach (<anonymous>)

  console.log
    DEBUG: getSafeLocalStorage returning object

      at Proxy.apply (src/scripts/modules/base.js:92:26)
          at Array.forEach (<anonymous>)

  console.log
    DEBUG: getSafeLocalStorage returning object

      at Proxy.apply (src/scripts/modules/base.js:92:26)
          at Array.forEach (<anonymous>)

  console.log
    DEBUG: getSafeLocalStorage returning object

      at Proxy.apply (src/scripts/modules/base.js:92:26)
          at Array.forEach (<anonymous>)

  console.log
    DEBUG: getSafeLocalStorage returning object

      at Proxy.apply (src/scripts/modules/base.js:92:26)
          at Array.forEach (<anonymous>)

  console.log
    DEBUG: getSafeLocalStorage returning object

      at Proxy.apply (src/scripts/modules/base.js:92:26)
          at Array.forEach (<anonymous>)

  console.log
    DEBUG: getSafeLocalStorage returning object

      at Proxy.apply (src/scripts/modules/base.js:92:26)
          at Array.forEach (<anonymous>)

  console.log
    DEBUG: getSafeLocalStorage returning object

      at Proxy.apply (src/scripts/modules/base.js:92:26)
          at Array.forEach (<anonymous>)

  console.warn
    MOCK SET: cameraPowerPlanner_prj_JsonProject = {"gearList":"<section>JSON</section>","projectInfo

      61 |       return undefined;
      62 |     }
    > 63 |     return originalFn(...args);
         |            ^
      64 |   };
      65 | };
      66 |

      at console.<anonymous> (tests/setup/jest.setup.cjs:63:12)
      at console.apply [as warn] (src/scripts/modules/base.js:92:26)
      at Proxy.apply (src/scripts/modules/base.js:92:26)
      at Proxy.apply (src/scripts/modules/base.js:92:26)
      at Proxy.apply (src/scripts/modules/base.js:92:26)
      at Object.warn (tests/unit/storage.test.js:11:15)
      at setItem (src/scripts/storage.js:8463:17)
      at saveJSONToStorage (src/scripts/storage.js:12780:18)
      at persistProjectShard (src/scripts/storage.js:13513:20)
      at saveProject (src/scripts/storage.js:13783:5)
      at importer (src/scripts/storage.js:18039:7)
      at importProject (src/scripts/storage.js:13881:7)
          at Array.forEach (<anonymous>)
      at forEach (src/scripts/storage.js:13868:13)
      at importProjectCollection (src/scripts/storage.js:13826:14)
      at importProjectCollection (src/scripts/storage.js:18045:20)
      at importTrackedCollection (src/scripts/storage.js:18053:5)
      at Object.importAllData (tests/unit/storage.test.js:3331:5)

  console.log
    DEBUG: getSafeLocalStorage returning object

      at Proxy.apply (src/scripts/modules/base.js:92:26)
          at Array.forEach (<anonymous>)

  console.log
    DEBUG: getSafeLocalStorage returning object

      at Proxy.apply (src/scripts/modules/base.js:92:26)
          at Array.forEach (<anonymous>)
          at Array.forEach (<anonymous>)

  console.log
    DEBUG: getSafeLocalStorage returning object

      at Proxy.apply (src/scripts/modules/base.js:92:26)
          at Array.forEach (<anonymous>)
          at Array.forEach (<anonymous>)

  console.log
    DEBUG: getSafeLocalStorage returning object

      at Proxy.apply (src/scripts/modules/base.js:92:26)
          at Array.forEach (<anonymous>)

  console.warn
    MOCK SET: cameraPowerPlanner_project_rev = 1

      61 |       return undefined;
      62 |     }
    > 63 |     return originalFn(...args);
         |            ^
      64 |   };
      65 | };
      66 |

      at console.<anonymous> (tests/setup/jest.setup.cjs:63:12)
      at console.apply [as warn] (src/scripts/modules/base.js:92:26)
      at Proxy.apply (src/scripts/modules/base.js:92:26)
      at Proxy.apply (src/scripts/modules/base.js:92:26)
      at Proxy.apply (src/scripts/modules/base.js:92:26)
      at Object.warn (tests/unit/storage.test.js:11:15)
      at setItem (src/scripts/storage.js:8463:17)
      at saveJSONToStorage (src/scripts/storage.js:1859:3)
      at bumpProjectStorageRevision (src/scripts/storage.js:12834:3)
      at persistAllProjects (src/scripts/storage.js:13535:5)
      at saveProject (src/scripts/storage.js:13783:5)
      at importer (src/scripts/storage.js:18039:7)
      at importProject (src/scripts/storage.js:13881:7)
          at Array.forEach (<anonymous>)
      at forEach (src/scripts/storage.js:13868:13)
      at importProjectCollection (src/scripts/storage.js:13826:14)
      at importProjectCollection (src/scripts/storage.js:18045:20)
      at importTrackedCollection (src/scripts/storage.js:18053:5)
      at Object.importAllData (tests/unit/storage.test.js:3331:5)

  console.warn
    MOCK SET: cameraPowerPlanner_project_rev__backup = 1

      61 |       return undefined;
      62 |     }
    > 63 |     return originalFn(...args);
         |            ^
      64 |   };
      65 | };
      66 |

      at console.<anonymous> (tests/setup/jest.setup.cjs:63:12)
      at console.apply [as warn] (src/scripts/modules/base.js:92:26)
      at Proxy.apply (src/scripts/modules/base.js:92:26)
      at Proxy.apply (src/scripts/modules/base.js:92:26)
      at Proxy.apply (src/scripts/modules/base.js:92:26)
      at Object.warn (tests/unit/storage.test.js:11:15)
      at setItem (src/scripts/storage.js:8524:19)
      at tryStoreCandidate (src/scripts/storage.js:8540:13)
      at attemptBackupWrite (src/scripts/storage.js:8617:26)
      at saveJSONToStorage (src/scripts/storage.js:1859:3)
      at bumpProjectStorageRevision (src/scripts/storage.js:12834:3)
      at persistAllProjects (src/scripts/storage.js:13535:5)
      at saveProject (src/scripts/storage.js:13783:5)
      at importer (src/scripts/storage.js:18039:7)
      at importProject (src/scripts/storage.js:13881:7)
          at Array.forEach (<anonymous>)
      at forEach (src/scripts/storage.js:13868:13)
      at importProjectCollection (src/scripts/storage.js:13826:14)
      at importProjectCollection (src/scripts/storage.js:18045:20)
      at importTrackedCollection (src/scripts/storage.js:18053:5)
      at Object.importAllData (tests/unit/storage.test.js:3331:5)

  console.log
    DEBUG: getSafeLocalStorage returning object

      at Proxy.apply (src/scripts/modules/base.js:92:26)
          at Array.forEach (<anonymous>)

  console.log
    DEBUG: getSafeLocalStorage returning object

      at Proxy.apply (src/scripts/modules/base.js:92:26)
          at Array.forEach (<anonymous>)

  console.log
    DEBUG: getSafeLocalStorage returning object

      at Proxy.apply (src/scripts/modules/base.js:92:26)
          at Array.forEach (<anonymous>)

  console.log
    DEBUG: getSafeLocalStorage returning object

      at Proxy.apply (src/scripts/modules/base.js:92:26)
          at Array.forEach (<anonymous>)

  console.log
    DEBUG: getSafeLocalStorage returning object

      at Proxy.apply (src/scripts/modules/base.js:92:26)
          at Array.forEach (<anonymous>)

  console.log
    DEBUG: getSafeLocalStorage returning object

      at Proxy.apply (src/scripts/modules/base.js:92:26)
          at Array.forEach (<anonymous>)

  console.log
    DEBUG: getSafeLocalStorage returning object

      at Proxy.apply (src/scripts/modules/base.js:92:26)
          at Array.forEach (<anonymous>)

  console.log
    DEBUG: getSafeLocalStorage returning object

      at Proxy.apply (src/scripts/modules/base.js:92:26)
          at Array.forEach (<anonymous>)

  console.warn
    MOCK SET: cameraPowerPlanner_prj_ = {"gearList":"<article>Inline</article>","projectIn

      61 |       return undefined;
      62 |     }
    > 63 |     return originalFn(...args);
         |            ^
      64 |   };
      65 | };
      66 |

      at console.<anonymous> (tests/setup/jest.setup.cjs:63:12)
      at console.apply [as warn] (src/scripts/modules/base.js:92:26)
      at Proxy.apply (src/scripts/modules/base.js:92:26)
      at Proxy.apply (src/scripts/modules/base.js:92:26)
      at Proxy.apply (src/scripts/modules/base.js:92:26)
      at Object.warn (tests/unit/storage.test.js:11:15)
      at setItem (src/scripts/storage.js:8463:17)
      at saveJSONToStorage (src/scripts/storage.js:12780:18)
      at persistProjectShard (src/scripts/storage.js:13513:20)
      at saveProject (src/scripts/storage.js:13783:5)
      at importer (src/scripts/storage.js:18039:7)
      at importProject (src/scripts/storage.js:13881:7)
          at Array.forEach (<anonymous>)
      at forEach (src/scripts/storage.js:13868:13)
      at importProjectCollection (src/scripts/storage.js:13826:14)
      at importProjectCollection (src/scripts/storage.js:18045:20)
      at importTrackedCollection (src/scripts/storage.js:18053:5)
      at Object.importAllData (tests/unit/storage.test.js:3331:5)

  console.log
    DEBUG: getSafeLocalStorage returning object

      at Proxy.apply (src/scripts/modules/base.js:92:26)
          at Array.forEach (<anonymous>)

  console.log
    DEBUG: getSafeLocalStorage returning object

      at Proxy.apply (src/scripts/modules/base.js:92:26)
          at Array.forEach (<anonymous>)
          at Array.forEach (<anonymous>)

  console.log
    DEBUG: getSafeLocalStorage returning object

      at Proxy.apply (src/scripts/modules/base.js:92:26)
          at Array.forEach (<anonymous>)
          at Array.forEach (<anonymous>)

  console.log
    DEBUG: getSafeLocalStorage returning object

      at Proxy.apply (src/scripts/modules/base.js:92:26)
          at Array.forEach (<anonymous>)
          at Array.forEach (<anonymous>)

  console.log
    DEBUG: getSafeLocalStorage returning object

      at Proxy.apply (src/scripts/modules/base.js:92:26)
          at Array.forEach (<anonymous>)
          at Array.forEach (<anonymous>)

  console.log
    DEBUG: getSafeLocalStorage returning object

      at Proxy.apply (src/scripts/modules/base.js:92:26)
          at Array.forEach (<anonymous>)

  console.warn
    MOCK SET: cameraPowerPlanner_project_rev = 2

      61 |       return undefined;
      62 |     }
    > 63 |     return originalFn(...args);
         |            ^
      64 |   };
      65 | };
      66 |

      at console.<anonymous> (tests/setup/jest.setup.cjs:63:12)
      at console.apply [as warn] (src/scripts/modules/base.js:92:26)
      at Proxy.apply (src/scripts/modules/base.js:92:26)
      at Proxy.apply (src/scripts/modules/base.js:92:26)
      at Proxy.apply (src/scripts/modules/base.js:92:26)
      at Object.warn (tests/unit/storage.test.js:11:15)
      at setItem (src/scripts/storage.js:8463:17)
      at saveJSONToStorage (src/scripts/storage.js:1859:3)
      at bumpProjectStorageRevision (src/scripts/storage.js:12834:3)
      at persistAllProjects (src/scripts/storage.js:13535:5)
      at saveProject (src/scripts/storage.js:13783:5)
      at importer (src/scripts/storage.js:18039:7)
      at importProject (src/scripts/storage.js:13881:7)
          at Array.forEach (<anonymous>)
      at forEach (src/scripts/storage.js:13868:13)
      at importProjectCollection (src/scripts/storage.js:13826:14)
      at importProjectCollection (src/scripts/storage.js:18045:20)
      at importTrackedCollection (src/scripts/storage.js:18053:5)
      at Object.importAllData (tests/unit/storage.test.js:3331:5)

  console.warn
    MOCK SET: cameraPowerPlanner_project_rev__backup = 2

      61 |       return undefined;
      62 |     }
    > 63 |     return originalFn(...args);
         |            ^
      64 |   };
      65 | };
      66 |

      at console.<anonymous> (tests/setup/jest.setup.cjs:63:12)
      at console.apply [as warn] (src/scripts/modules/base.js:92:26)
      at Proxy.apply (src/scripts/modules/base.js:92:26)
      at Proxy.apply (src/scripts/modules/base.js:92:26)
      at Proxy.apply (src/scripts/modules/base.js:92:26)
      at Object.warn (tests/unit/storage.test.js:11:15)
      at setItem (src/scripts/storage.js:8524:19)
      at tryStoreCandidate (src/scripts/storage.js:8540:13)
      at attemptBackupWrite (src/scripts/storage.js:8617:26)
      at saveJSONToStorage (src/scripts/storage.js:1859:3)
      at bumpProjectStorageRevision (src/scripts/storage.js:12834:3)
      at persistAllProjects (src/scripts/storage.js:13535:5)
      at saveProject (src/scripts/storage.js:13783:5)
      at importer (src/scripts/storage.js:18039:7)
      at importProject (src/scripts/storage.js:13881:7)
          at Array.forEach (<anonymous>)
      at forEach (src/scripts/storage.js:13868:13)
      at importProjectCollection (src/scripts/storage.js:13826:14)
      at importProjectCollection (src/scripts/storage.js:18045:20)
      at importTrackedCollection (src/scripts/storage.js:18053:5)
      at Object.importAllData (tests/unit/storage.test.js:3331:5)

  console.log
    DEBUG: getSafeLocalStorage returning object

      at Proxy.apply (src/scripts/modules/base.js:92:26)

  console.log
    DEBUG: getSafeLocalStorage returning object

      at Proxy.apply (src/scripts/modules/base.js:92:26)

  console.log
    DEBUG: getSafeLocalStorage returning object

      at Proxy.apply (src/scripts/modules/base.js:92:26)

  console.error
    DEBUG: importAllData CALLED [ 'project' ]

      61 |       return undefined;
      62 |     }
    > 63 |     return originalFn(...args);
         |            ^
      64 |   };
      65 | };
      66 |

      at console.<anonymous> (tests/setup/jest.setup.cjs:63:12)
      at Proxy.apply (src/scripts/modules/base.js:92:26)
      at error (src/scripts/storage.js:17633:11)
      at Object.importAllData (tests/unit/storage.test.js:3364:5)

  console.log
    DEBUG: getSafeLocalStorage returning object

      at Proxy.apply (src/scripts/modules/base.js:92:26)

  console.log
    DEBUG: getSafeLocalStorage returning object

      at Proxy.apply (src/scripts/modules/base.js:92:26)

  console.log
    DEBUG: getSafeLocalStorage returning object

      at Proxy.apply (src/scripts/modules/base.js:92:26)

  console.log
    DEBUG: getSafeLocalStorage returning object

      at Proxy.apply (src/scripts/modules/base.js:92:26)
          at Array.forEach (<anonymous>)

  console.log
    DEBUG: getSafeLocalStorage returning object

      at Proxy.apply (src/scripts/modules/base.js:92:26)
          at Array.forEach (<anonymous>)

  console.log
    DEBUG: getSafeLocalStorage returning object

      at Proxy.apply (src/scripts/modules/base.js:92:26)
          at Array.forEach (<anonymous>)

  console.log
    DEBUG: getSafeLocalStorage returning object

      at Proxy.apply (src/scripts/modules/base.js:92:26)
          at Array.forEach (<anonymous>)

  console.log
    DEBUG: getSafeLocalStorage returning object

      at Proxy.apply (src/scripts/modules/base.js:92:26)
          at Array.forEach (<anonymous>)

  console.log
    DEBUG: getSafeLocalStorage returning object

      at Proxy.apply (src/scripts/modules/base.js:92:26)
          at Array.forEach (<anonymous>)

  console.log
    DEBUG: getSafeLocalStorage returning object

      at Proxy.apply (src/scripts/modules/base.js:92:26)
          at Array.forEach (<anonymous>)

  console.log
    DEBUG: getSafeLocalStorage returning object

      at Proxy.apply (src/scripts/modules/base.js:92:26)
          at Array.forEach (<anonymous>)

  console.warn
    MOCK SET: cameraPowerPlanner_prj_LegacyNested = {"gearList":"<div>Legacy nested</div>","projectInf

      61 |       return undefined;
      62 |     }
    > 63 |     return originalFn(...args);
         |            ^
      64 |   };
      65 | };
      66 |

      at console.<anonymous> (tests/setup/jest.setup.cjs:63:12)
      at console.apply [as warn] (src/scripts/modules/base.js:92:26)
      at Proxy.apply (src/scripts/modules/base.js:92:26)
      at Proxy.apply (src/scripts/modules/base.js:92:26)
      at Proxy.apply (src/scripts/modules/base.js:92:26)
      at Object.warn (tests/unit/storage.test.js:11:15)
      at setItem (src/scripts/storage.js:8463:17)
      at saveJSONToStorage (src/scripts/storage.js:12780:18)
      at persistProjectShard (src/scripts/storage.js:13513:20)
      at saveProject (src/scripts/storage.js:13783:5)
      at importer (src/scripts/storage.js:18039:7)
      at importProject (src/scripts/storage.js:13890:7)
          at Array.forEach (<anonymous>)
      at forEach (src/scripts/storage.js:13888:32)
      at importProjectCollection (src/scripts/storage.js:18045:20)
      at importTrackedCollection (src/scripts/storage.js:18053:5)
      at Object.importAllData (tests/unit/storage.test.js:3364:5)

  console.log
    DEBUG: getSafeLocalStorage returning object

      at Proxy.apply (src/scripts/modules/base.js:92:26)
          at Array.forEach (<anonymous>)

  console.log
    DEBUG: getSafeLocalStorage returning object

      at Proxy.apply (src/scripts/modules/base.js:92:26)
          at Array.forEach (<anonymous>)
          at Array.forEach (<anonymous>)

  console.log
    DEBUG: getSafeLocalStorage returning object

      at Proxy.apply (src/scripts/modules/base.js:92:26)
          at Array.forEach (<anonymous>)
          at Array.forEach (<anonymous>)

  console.log
    DEBUG: getSafeLocalStorage returning object

      at Proxy.apply (src/scripts/modules/base.js:92:26)
          at Array.forEach (<anonymous>)

  console.warn
    MOCK SET: cameraPowerPlanner_project_rev = 1

      61 |       return undefined;
      62 |     }
    > 63 |     return originalFn(...args);
         |            ^
      64 |   };
      65 | };
      66 |

      at console.<anonymous> (tests/setup/jest.setup.cjs:63:12)
      at console.apply [as warn] (src/scripts/modules/base.js:92:26)
      at Proxy.apply (src/scripts/modules/base.js:92:26)
      at Proxy.apply (src/scripts/modules/base.js:92:26)
      at Proxy.apply (src/scripts/modules/base.js:92:26)
      at Object.warn (tests/unit/storage.test.js:11:15)
      at setItem (src/scripts/storage.js:8463:17)
      at saveJSONToStorage (src/scripts/storage.js:1859:3)
      at bumpProjectStorageRevision (src/scripts/storage.js:12834:3)
      at persistAllProjects (src/scripts/storage.js:13535:5)
      at saveProject (src/scripts/storage.js:13783:5)
      at importer (src/scripts/storage.js:18039:7)
      at importProject (src/scripts/storage.js:13890:7)
          at Array.forEach (<anonymous>)
      at forEach (src/scripts/storage.js:13888:32)
      at importProjectCollection (src/scripts/storage.js:18045:20)
      at importTrackedCollection (src/scripts/storage.js:18053:5)
      at Object.importAllData (tests/unit/storage.test.js:3364:5)

  console.warn
    MOCK SET: cameraPowerPlanner_project_rev__backup = 1

      61 |       return undefined;
      62 |     }
    > 63 |     return originalFn(...args);
         |            ^
      64 |   };
      65 | };
      66 |

      at console.<anonymous> (tests/setup/jest.setup.cjs:63:12)
      at console.apply [as warn] (src/scripts/modules/base.js:92:26)
      at Proxy.apply (src/scripts/modules/base.js:92:26)
      at Proxy.apply (src/scripts/modules/base.js:92:26)
      at Proxy.apply (src/scripts/modules/base.js:92:26)
      at Object.warn (tests/unit/storage.test.js:11:15)
      at setItem (src/scripts/storage.js:8524:19)
      at tryStoreCandidate (src/scripts/storage.js:8540:13)
      at attemptBackupWrite (src/scripts/storage.js:8617:26)
      at saveJSONToStorage (src/scripts/storage.js:1859:3)
      at bumpProjectStorageRevision (src/scripts/storage.js:12834:3)
      at persistAllProjects (src/scripts/storage.js:13535:5)
      at saveProject (src/scripts/storage.js:13783:5)
      at importer (src/scripts/storage.js:18039:7)
      at importProject (src/scripts/storage.js:13890:7)
          at Array.forEach (<anonymous>)
      at forEach (src/scripts/storage.js:13888:32)
      at importProjectCollection (src/scripts/storage.js:18045:20)
      at importTrackedCollection (src/scripts/storage.js:18053:5)
      at Object.importAllData (tests/unit/storage.test.js:3364:5)

  console.log
    DEBUG: getSafeLocalStorage returning object

      at Proxy.apply (src/scripts/modules/base.js:92:26)

  console.log
    DEBUG: getSafeLocalStorage returning object

      at Proxy.apply (src/scripts/modules/base.js:92:26)

  console.log
    DEBUG: getSafeLocalStorage returning object

      at Proxy.apply (src/scripts/modules/base.js:92:26)

  console.log
    DEBUG: getSafeLocalStorage returning object

      at Proxy.apply (src/scripts/modules/base.js:92:26)

  console.log
    DEBUG: getSafeLocalStorage returning object

      at Proxy.apply (src/scripts/modules/base.js:92:26)

  console.warn
    MOCK SET: cameraPowerPlanner_fullBackups = [{"createdAt":"2024-01-01T00:00:00Z-0"}]

      61 |       return undefined;
      62 |     }
    > 63 |     return originalFn(...args);
         |            ^
      64 |   };
      65 | };
      66 |

      at console.<anonymous> (tests/setup/jest.setup.cjs:63:12)
      at console.apply [as warn] (src/scripts/modules/base.js:92:26)
      at Proxy.apply (src/scripts/modules/base.js:92:26)
      at Proxy.apply (src/scripts/modules/base.js:92:26)
      at Proxy.apply (src/scripts/modules/base.js:92:26)
      at Object.warn (tests/unit/storage.test.js:11:15)
      at setItem (src/scripts/storage.js:8463:17)
      at saveJSONToStorage (src/scripts/storage.js:14568:3)
      at saveFullBackupHistory (src/scripts/storage.js:14593:3)
      at Object.recordFullBackupHistoryEntry (tests/unit/storage.test.js:3392:7)

  console.warn
    MOCK SET: cameraPowerPlanner_fullBackups__backup = [{"createdAt":"2024-01-01T00:00:00Z-0"}]

      61 |       return undefined;
      62 |     }
    > 63 |     return originalFn(...args);
         |            ^
      64 |   };
      65 | };
      66 |

      at console.<anonymous> (tests/setup/jest.setup.cjs:63:12)
      at console.apply [as warn] (src/scripts/modules/base.js:92:26)
      at Proxy.apply (src/scripts/modules/base.js:92:26)
      at Proxy.apply (src/scripts/modules/base.js:92:26)
      at Proxy.apply (src/scripts/modules/base.js:92:26)
      at Object.warn (tests/unit/storage.test.js:11:15)
      at setItem (src/scripts/storage.js:8524:19)
      at tryStoreCandidate (src/scripts/storage.js:8540:13)
      at attemptBackupWrite (src/scripts/storage.js:8617:26)
      at saveJSONToStorage (src/scripts/storage.js:14568:3)
      at saveFullBackupHistory (src/scripts/storage.js:14593:3)
      at Object.recordFullBackupHistoryEntry (tests/unit/storage.test.js:3392:7)

  console.log
    DEBUG: getSafeLocalStorage returning object

      at Proxy.apply (src/scripts/modules/base.js:92:26)

  console.warn
    MOCK SET: cameraPowerPlanner_fullBackups__legacyMigrationBackup = {"createdAt":"2026-01-16T20:14:37.519Z","data":[{"

      61 |       return undefined;
      62 |     }
    > 63 |     return originalFn(...args);
         |            ^
      64 |   };
      65 | };
      66 |

      at console.<anonymous> (tests/setup/jest.setup.cjs:63:12)
      at console.apply [as warn] (src/scripts/modules/base.js:92:26)
      at Proxy.apply (src/scripts/modules/base.js:92:26)
      at Proxy.apply (src/scripts/modules/base.js:92:26)
      at Proxy.apply (src/scripts/modules/base.js:92:26)
      at Object.warn (tests/unit/storage.test.js:11:15)
      at setItem (src/scripts/storage.js:5565:15)
      at tryStoreSerialized (src/scripts/storage.js:5587:26)
      at createStorageMigrationBackup (src/scripts/storage.js:5239:3)
      at ensurePreWriteMigrationBackup (src/scripts/storage.js:14567:3)
      at saveFullBackupHistory (src/scripts/storage.js:14593:3)
      at Object.recordFullBackupHistoryEntry (tests/unit/storage.test.js:3392:7)

  console.log
    DEBUG: getSafeLocalStorage returning object

      at Proxy.apply (src/scripts/modules/base.js:92:26)

  console.warn
    MOCK SET: cameraPowerPlanner_fullBackups = [{"createdAt":"2024-01-01T00:00:00Z-0"},{"createdA

      61 |       return undefined;
      62 |     }
    > 63 |     return originalFn(...args);
         |            ^
      64 |   };
      65 | };
      66 |

      at console.<anonymous> (tests/setup/jest.setup.cjs:63:12)
      at console.apply [as warn] (src/scripts/modules/base.js:92:26)
      at Proxy.apply (src/scripts/modules/base.js:92:26)
      at Proxy.apply (src/scripts/modules/base.js:92:26)
      at Proxy.apply (src/scripts/modules/base.js:92:26)
      at Object.warn (tests/unit/storage.test.js:11:15)
      at setItem (src/scripts/storage.js:8463:17)
      at saveJSONToStorage (src/scripts/storage.js:14568:3)
      at saveFullBackupHistory (src/scripts/storage.js:14593:3)
      at Object.recordFullBackupHistoryEntry (tests/unit/storage.test.js:3392:7)

  console.warn
    MOCK SET: cameraPowerPlanner_fullBackups__backup = [{"createdAt":"2024-01-01T00:00:00Z-0"},{"createdA

      61 |       return undefined;
      62 |     }
    > 63 |     return originalFn(...args);
         |            ^
      64 |   };
      65 | };
      66 |

      at console.<anonymous> (tests/setup/jest.setup.cjs:63:12)
      at console.apply [as warn] (src/scripts/modules/base.js:92:26)
      at Proxy.apply (src/scripts/modules/base.js:92:26)
      at Proxy.apply (src/scripts/modules/base.js:92:26)
      at Proxy.apply (src/scripts/modules/base.js:92:26)
      at Object.warn (tests/unit/storage.test.js:11:15)
      at setItem (src/scripts/storage.js:8524:19)
      at tryStoreCandidate (src/scripts/storage.js:8540:13)
      at attemptBackupWrite (src/scripts/storage.js:8617:26)
      at saveJSONToStorage (src/scripts/storage.js:14568:3)
      at saveFullBackupHistory (src/scripts/storage.js:14593:3)
      at Object.recordFullBackupHistoryEntry (tests/unit/storage.test.js:3392:7)

  console.log
    DEBUG: getSafeLocalStorage returning object

      at Proxy.apply (src/scripts/modules/base.js:92:26)

  console.warn
    MOCK SET: cameraPowerPlanner_fullBackups__legacyMigrationBackup = [{"createdAt":"2026-01-16T20:14:37.519Z","data":[{

      61 |       return undefined;
      62 |     }
    > 63 |     return originalFn(...args);
         |            ^
      64 |   };
      65 | };
      66 |

      at console.<anonymous> (tests/setup/jest.setup.cjs:63:12)
      at console.apply [as warn] (src/scripts/modules/base.js:92:26)
      at Proxy.apply (src/scripts/modules/base.js:92:26)
      at Proxy.apply (src/scripts/modules/base.js:92:26)
      at Proxy.apply (src/scripts/modules/base.js:92:26)
      at Object.warn (tests/unit/storage.test.js:11:15)
      at setItem (src/scripts/storage.js:5514:19)
      at tryStoreList (src/scripts/storage.js:5521:20)
      at createStorageMigrationBackup (src/scripts/storage.js:5239:3)
      at ensurePreWriteMigrationBackup (src/scripts/storage.js:14567:3)
      at saveFullBackupHistory (src/scripts/storage.js:14593:3)
      at Object.recordFullBackupHistoryEntry (tests/unit/storage.test.js:3392:7)

  console.log
    DEBUG: getSafeLocalStorage returning object

      at Proxy.apply (src/scripts/modules/base.js:92:26)

  console.warn
    MOCK SET: cameraPowerPlanner_fullBackups = [{"createdAt":"2024-01-01T00:00:00Z-0"},{"createdA

      61 |       return undefined;
      62 |     }
    > 63 |     return originalFn(...args);
         |            ^
      64 |   };
      65 | };
      66 |

      at console.<anonymous> (tests/setup/jest.setup.cjs:63:12)
      at console.apply [as warn] (src/scripts/modules/base.js:92:26)
      at Proxy.apply (src/scripts/modules/base.js:92:26)
      at Proxy.apply (src/scripts/modules/base.js:92:26)
      at Proxy.apply (src/scripts/modules/base.js:92:26)
      at Object.warn (tests/unit/storage.test.js:11:15)
      at setItem (src/scripts/storage.js:8463:17)
      at saveJSONToStorage (src/scripts/storage.js:14568:3)
      at saveFullBackupHistory (src/scripts/storage.js:14593:3)
      at Object.recordFullBackupHistoryEntry (tests/unit/storage.test.js:3392:7)

  console.warn
    MOCK SET: cameraPowerPlanner_fullBackups__backup = [{"createdAt":"2024-01-01T00:00:00Z-0"},{"createdA

      61 |       return undefined;
      62 |     }
    > 63 |     return originalFn(...args);
         |            ^
      64 |   };
      65 | };
      66 |

      at console.<anonymous> (tests/setup/jest.setup.cjs:63:12)
      at console.apply [as warn] (src/scripts/modules/base.js:92:26)
      at Proxy.apply (src/scripts/modules/base.js:92:26)
      at Proxy.apply (src/scripts/modules/base.js:92:26)
      at Proxy.apply (src/scripts/modules/base.js:92:26)
      at Object.warn (tests/unit/storage.test.js:11:15)
      at setItem (src/scripts/storage.js:8524:19)
      at tryStoreCandidate (src/scripts/storage.js:8540:13)
      at attemptBackupWrite (src/scripts/storage.js:8617:26)
      at saveJSONToStorage (src/scripts/storage.js:14568:3)
      at saveFullBackupHistory (src/scripts/storage.js:14593:3)
      at Object.recordFullBackupHistoryEntry (tests/unit/storage.test.js:3392:7)

  console.log
    DEBUG: getSafeLocalStorage returning object

      at Proxy.apply (src/scripts/modules/base.js:92:26)

  console.warn
    MOCK SET: cameraPowerPlanner_fullBackups__legacyMigrationBackup = [{"createdAt":"2026-01-16T20:14:37.519Z","data":[{

      61 |       return undefined;
      62 |     }
    > 63 |     return originalFn(...args);
         |            ^
      64 |   };
      65 | };
      66 |

      at console.<anonymous> (tests/setup/jest.setup.cjs:63:12)
      at console.apply [as warn] (src/scripts/modules/base.js:92:26)
      at Proxy.apply (src/scripts/modules/base.js:92:26)
      at Proxy.apply (src/scripts/modules/base.js:92:26)
      at Proxy.apply (src/scripts/modules/base.js:92:26)
      at Object.warn (tests/unit/storage.test.js:11:15)
      at setItem (src/scripts/storage.js:5514:19)
      at tryStoreList (src/scripts/storage.js:5521:20)
      at createStorageMigrationBackup (src/scripts/storage.js:5239:3)
      at ensurePreWriteMigrationBackup (src/scripts/storage.js:14567:3)
      at saveFullBackupHistory (src/scripts/storage.js:14593:3)
      at Object.recordFullBackupHistoryEntry (tests/unit/storage.test.js:3392:7)

  console.log
    DEBUG: getSafeLocalStorage returning object

      at Proxy.apply (src/scripts/modules/base.js:92:26)

  console.warn
    MOCK SET: cameraPowerPlanner_fullBackups = [{"createdAt":"2024-01-01T00:00:00Z-0"},{"createdA

      61 |       return undefined;
      62 |     }
    > 63 |     return originalFn(...args);
         |            ^
      64 |   };
      65 | };
      66 |

      at console.<anonymous> (tests/setup/jest.setup.cjs:63:12)
      at console.apply [as warn] (src/scripts/modules/base.js:92:26)
      at Proxy.apply (src/scripts/modules/base.js:92:26)
      at Proxy.apply (src/scripts/modules/base.js:92:26)
      at Proxy.apply (src/scripts/modules/base.js:92:26)
      at Object.warn (tests/unit/storage.test.js:11:15)
      at setItem (src/scripts/storage.js:8463:17)
      at saveJSONToStorage (src/scripts/storage.js:14568:3)
      at saveFullBackupHistory (src/scripts/storage.js:14593:3)
      at Object.recordFullBackupHistoryEntry (tests/unit/storage.test.js:3392:7)

  console.warn
    MOCK SET: cameraPowerPlanner_fullBackups__backup = [{"createdAt":"2024-01-01T00:00:00Z-0"},{"createdA

      61 |       return undefined;
      62 |     }
    > 63 |     return originalFn(...args);
         |            ^
      64 |   };
      65 | };
      66 |

      at console.<anonymous> (tests/setup/jest.setup.cjs:63:12)
      at console.apply [as warn] (src/scripts/modules/base.js:92:26)
      at Proxy.apply (src/scripts/modules/base.js:92:26)
      at Proxy.apply (src/scripts/modules/base.js:92:26)
      at Proxy.apply (src/scripts/modules/base.js:92:26)
      at Object.warn (tests/unit/storage.test.js:11:15)
      at setItem (src/scripts/storage.js:8524:19)
      at tryStoreCandidate (src/scripts/storage.js:8540:13)
      at attemptBackupWrite (src/scripts/storage.js:8617:26)
      at saveJSONToStorage (src/scripts/storage.js:14568:3)
      at saveFullBackupHistory (src/scripts/storage.js:14593:3)
      at Object.recordFullBackupHistoryEntry (tests/unit/storage.test.js:3392:7)

  console.log
    DEBUG: getSafeLocalStorage returning object

      at Proxy.apply (src/scripts/modules/base.js:92:26)

  console.warn
    MOCK SET: cameraPowerPlanner_fullBackups__legacyMigrationBackup = [{"createdAt":"2026-01-16T20:14:37.519Z","data":[{

      61 |       return undefined;
      62 |     }
    > 63 |     return originalFn(...args);
         |            ^
      64 |   };
      65 | };
      66 |

      at console.<anonymous> (tests/setup/jest.setup.cjs:63:12)
      at console.apply [as warn] (src/scripts/modules/base.js:92:26)
      at Proxy.apply (src/scripts/modules/base.js:92:26)
      at Proxy.apply (src/scripts/modules/base.js:92:26)
      at Proxy.apply (src/scripts/modules/base.js:92:26)
      at Object.warn (tests/unit/storage.test.js:11:15)
      at setItem (src/scripts/storage.js:5514:19)
      at tryStoreList (src/scripts/storage.js:5521:20)
      at createStorageMigrationBackup (src/scripts/storage.js:5239:3)
      at ensurePreWriteMigrationBackup (src/scripts/storage.js:14567:3)
      at saveFullBackupHistory (src/scripts/storage.js:14593:3)
      at Object.recordFullBackupHistoryEntry (tests/unit/storage.test.js:3392:7)

  console.log
    DEBUG: getSafeLocalStorage returning object

      at Proxy.apply (src/scripts/modules/base.js:92:26)

  console.warn
    MOCK SET: cameraPowerPlanner_fullBackups = [{"createdAt":"2024-01-01T00:00:00Z-0"},{"createdA

      61 |       return undefined;
      62 |     }
    > 63 |     return originalFn(...args);
         |            ^
      64 |   };
      65 | };
      66 |

      at console.<anonymous> (tests/setup/jest.setup.cjs:63:12)
      at console.apply [as warn] (src/scripts/modules/base.js:92:26)
      at Proxy.apply (src/scripts/modules/base.js:92:26)
      at Proxy.apply (src/scripts/modules/base.js:92:26)
      at Proxy.apply (src/scripts/modules/base.js:92:26)
      at Object.warn (tests/unit/storage.test.js:11:15)
      at setItem (src/scripts/storage.js:8463:17)
      at saveJSONToStorage (src/scripts/storage.js:14568:3)
      at saveFullBackupHistory (src/scripts/storage.js:14593:3)
      at Object.recordFullBackupHistoryEntry (tests/unit/storage.test.js:3392:7)

  console.warn
    MOCK SET: cameraPowerPlanner_fullBackups__backup = [{"createdAt":"2024-01-01T00:00:00Z-0"},{"createdA

      61 |       return undefined;
      62 |     }
    > 63 |     return originalFn(...args);
         |            ^
      64 |   };
      65 | };
      66 |

      at console.<anonymous> (tests/setup/jest.setup.cjs:63:12)
      at console.apply [as warn] (src/scripts/modules/base.js:92:26)
      at Proxy.apply (src/scripts/modules/base.js:92:26)
      at Proxy.apply (src/scripts/modules/base.js:92:26)
      at Proxy.apply (src/scripts/modules/base.js:92:26)
      at Object.warn (tests/unit/storage.test.js:11:15)
      at setItem (src/scripts/storage.js:8524:19)
      at tryStoreCandidate (src/scripts/storage.js:8540:13)
      at attemptBackupWrite (src/scripts/storage.js:8617:26)
      at saveJSONToStorage (src/scripts/storage.js:14568:3)
      at saveFullBackupHistory (src/scripts/storage.js:14593:3)
      at Object.recordFullBackupHistoryEntry (tests/unit/storage.test.js:3392:7)

  console.log
    DEBUG: getSafeLocalStorage returning object

      at Proxy.apply (src/scripts/modules/base.js:92:26)

  console.warn
    MOCK SET: cameraPowerPlanner_fullBackups__legacyMigrationBackup = [{"createdAt":"2026-01-16T20:14:37.519Z","data":[{

      61 |       return undefined;
      62 |     }
    > 63 |     return originalFn(...args);
         |            ^
      64 |   };
      65 | };
      66 |

      at console.<anonymous> (tests/setup/jest.setup.cjs:63:12)
      at console.apply [as warn] (src/scripts/modules/base.js:92:26)
      at Proxy.apply (src/scripts/modules/base.js:92:26)
      at Proxy.apply (src/scripts/modules/base.js:92:26)
      at Proxy.apply (src/scripts/modules/base.js:92:26)
      at Object.warn (tests/unit/storage.test.js:11:15)
      at setItem (src/scripts/storage.js:5514:19)
      at tryStoreList (src/scripts/storage.js:5521:20)
      at createStorageMigrationBackup (src/scripts/storage.js:5239:3)
      at ensurePreWriteMigrationBackup (src/scripts/storage.js:14567:3)
      at saveFullBackupHistory (src/scripts/storage.js:14593:3)
      at Object.recordFullBackupHistoryEntry (tests/unit/storage.test.js:3392:7)

  console.log
    DEBUG: getSafeLocalStorage returning object

      at Proxy.apply (src/scripts/modules/base.js:92:26)

  console.warn
    MOCK SET: cameraPowerPlanner_fullBackups = [{"createdAt":"2024-01-01T00:00:00Z-0"},{"createdA

      61 |       return undefined;
      62 |     }
    > 63 |     return originalFn(...args);
         |            ^
      64 |   };
      65 | };
      66 |

      at console.<anonymous> (tests/setup/jest.setup.cjs:63:12)
      at console.apply [as warn] (src/scripts/modules/base.js:92:26)
      at Proxy.apply (src/scripts/modules/base.js:92:26)
      at Proxy.apply (src/scripts/modules/base.js:92:26)
      at Proxy.apply (src/scripts/modules/base.js:92:26)
      at Object.warn (tests/unit/storage.test.js:11:15)
      at setItem (src/scripts/storage.js:8463:17)
      at saveJSONToStorage (src/scripts/storage.js:14568:3)
      at saveFullBackupHistory (src/scripts/storage.js:14593:3)
      at Object.recordFullBackupHistoryEntry (tests/unit/storage.test.js:3392:7)

  console.warn
    MOCK SET: cameraPowerPlanner_fullBackups__backup = [{"createdAt":"2024-01-01T00:00:00Z-0"},{"createdA

      61 |       return undefined;
      62 |     }
    > 63 |     return originalFn(...args);
         |            ^
      64 |   };
      65 | };
      66 |

      at console.<anonymous> (tests/setup/jest.setup.cjs:63:12)
      at console.apply [as warn] (src/scripts/modules/base.js:92:26)
      at Proxy.apply (src/scripts/modules/base.js:92:26)
      at Proxy.apply (src/scripts/modules/base.js:92:26)
      at Proxy.apply (src/scripts/modules/base.js:92:26)
      at Object.warn (tests/unit/storage.test.js:11:15)
      at setItem (src/scripts/storage.js:8524:19)
      at tryStoreCandidate (src/scripts/storage.js:8540:13)
      at attemptBackupWrite (src/scripts/storage.js:8617:26)
      at saveJSONToStorage (src/scripts/storage.js:14568:3)
      at saveFullBackupHistory (src/scripts/storage.js:14593:3)
      at Object.recordFullBackupHistoryEntry (tests/unit/storage.test.js:3392:7)

  console.log
    DEBUG: getSafeLocalStorage returning object

      at Proxy.apply (src/scripts/modules/base.js:92:26)

  console.warn
    MOCK SET: cameraPowerPlanner_fullBackups__legacyMigrationBackup = [{"createdAt":"2026-01-16T20:14:37.521Z","data":[{

      61 |       return undefined;
      62 |     }
    > 63 |     return originalFn(...args);
         |            ^
      64 |   };
      65 | };
      66 |

      at console.<anonymous> (tests/setup/jest.setup.cjs:63:12)
      at console.apply [as warn] (src/scripts/modules/base.js:92:26)
      at Proxy.apply (src/scripts/modules/base.js:92:26)
      at Proxy.apply (src/scripts/modules/base.js:92:26)
      at Proxy.apply (src/scripts/modules/base.js:92:26)
      at Object.warn (tests/unit/storage.test.js:11:15)
      at setItem (src/scripts/storage.js:5514:19)
      at tryStoreList (src/scripts/storage.js:5521:20)
      at createStorageMigrationBackup (src/scripts/storage.js:5239:3)
      at ensurePreWriteMigrationBackup (src/scripts/storage.js:14567:3)
      at saveFullBackupHistory (src/scripts/storage.js:14593:3)
      at Object.recordFullBackupHistoryEntry (tests/unit/storage.test.js:3392:7)

  console.log
    DEBUG: getSafeLocalStorage returning object

      at Proxy.apply (src/scripts/modules/base.js:92:26)

  console.warn
    MOCK SET: cameraPowerPlanner_fullBackups = [{"createdAt":"2024-01-01T00:00:00Z-0"},{"createdA

      61 |       return undefined;
      62 |     }
    > 63 |     return originalFn(...args);
         |            ^
      64 |   };
      65 | };
      66 |

      at console.<anonymous> (tests/setup/jest.setup.cjs:63:12)
      at console.apply [as warn] (src/scripts/modules/base.js:92:26)
      at Proxy.apply (src/scripts/modules/base.js:92:26)
      at Proxy.apply (src/scripts/modules/base.js:92:26)
      at Proxy.apply (src/scripts/modules/base.js:92:26)
      at Object.warn (tests/unit/storage.test.js:11:15)
      at setItem (src/scripts/storage.js:8463:17)
      at saveJSONToStorage (src/scripts/storage.js:14568:3)
      at saveFullBackupHistory (src/scripts/storage.js:14593:3)
      at Object.recordFullBackupHistoryEntry (tests/unit/storage.test.js:3392:7)

  console.warn
    MOCK SET: cameraPowerPlanner_fullBackups__backup = [{"createdAt":"2024-01-01T00:00:00Z-0"},{"createdA

      61 |       return undefined;
      62 |     }
    > 63 |     return originalFn(...args);
         |            ^
      64 |   };
      65 | };
      66 |

      at console.<anonymous> (tests/setup/jest.setup.cjs:63:12)
      at console.apply [as warn] (src/scripts/modules/base.js:92:26)
      at Proxy.apply (src/scripts/modules/base.js:92:26)
      at Proxy.apply (src/scripts/modules/base.js:92:26)
      at Proxy.apply (src/scripts/modules/base.js:92:26)
      at Object.warn (tests/unit/storage.test.js:11:15)
      at setItem (src/scripts/storage.js:8524:19)
      at tryStoreCandidate (src/scripts/storage.js:8540:13)
      at attemptBackupWrite (src/scripts/storage.js:8617:26)
      at saveJSONToStorage (src/scripts/storage.js:14568:3)
      at saveFullBackupHistory (src/scripts/storage.js:14593:3)
      at Object.recordFullBackupHistoryEntry (tests/unit/storage.test.js:3392:7)

  console.log
    DEBUG: getSafeLocalStorage returning object

      at Proxy.apply (src/scripts/modules/base.js:92:26)

  console.warn
    MOCK SET: cameraPowerPlanner_fullBackups__legacyMigrationBackup = [{"createdAt":"2026-01-16T20:14:37.524Z","data":[{

      61 |       return undefined;
      62 |     }
    > 63 |     return originalFn(...args);
         |            ^
      64 |   };
      65 | };
      66 |

      at console.<anonymous> (tests/setup/jest.setup.cjs:63:12)
      at console.apply [as warn] (src/scripts/modules/base.js:92:26)
      at Proxy.apply (src/scripts/modules/base.js:92:26)
      at Proxy.apply (src/scripts/modules/base.js:92:26)
      at Proxy.apply (src/scripts/modules/base.js:92:26)
      at Object.warn (tests/unit/storage.test.js:11:15)
      at setItem (src/scripts/storage.js:5514:19)
      at tryStoreList (src/scripts/storage.js:5521:20)
      at createStorageMigrationBackup (src/scripts/storage.js:5239:3)
      at ensurePreWriteMigrationBackup (src/scripts/storage.js:14567:3)
      at saveFullBackupHistory (src/scripts/storage.js:14593:3)
      at Object.recordFullBackupHistoryEntry (tests/unit/storage.test.js:3392:7)

  console.log
    DEBUG: getSafeLocalStorage returning object

      at Proxy.apply (src/scripts/modules/base.js:92:26)

  console.warn
    MOCK SET: cameraPowerPlanner_fullBackups = [{"createdAt":"2024-01-01T00:00:00Z-0"},{"createdA

      61 |       return undefined;
      62 |     }
    > 63 |     return originalFn(...args);
         |            ^
      64 |   };
      65 | };
      66 |

      at console.<anonymous> (tests/setup/jest.setup.cjs:63:12)
      at console.apply [as warn] (src/scripts/modules/base.js:92:26)
      at Proxy.apply (src/scripts/modules/base.js:92:26)
      at Proxy.apply (src/scripts/modules/base.js:92:26)
      at Proxy.apply (src/scripts/modules/base.js:92:26)
      at Object.warn (tests/unit/storage.test.js:11:15)
      at setItem (src/scripts/storage.js:8463:17)
      at saveJSONToStorage (src/scripts/storage.js:14568:3)
      at saveFullBackupHistory (src/scripts/storage.js:14593:3)
      at Object.recordFullBackupHistoryEntry (tests/unit/storage.test.js:3392:7)

  console.warn
    MOCK SET: cameraPowerPlanner_fullBackups__backup = [{"createdAt":"2024-01-01T00:00:00Z-0"},{"createdA

      61 |       return undefined;
      62 |     }
    > 63 |     return originalFn(...args);
         |            ^
      64 |   };
      65 | };
      66 |

      at console.<anonymous> (tests/setup/jest.setup.cjs:63:12)
      at console.apply [as warn] (src/scripts/modules/base.js:92:26)
      at Proxy.apply (src/scripts/modules/base.js:92:26)
      at Proxy.apply (src/scripts/modules/base.js:92:26)
      at Proxy.apply (src/scripts/modules/base.js:92:26)
      at Object.warn (tests/unit/storage.test.js:11:15)
      at setItem (src/scripts/storage.js:8524:19)
      at tryStoreCandidate (src/scripts/storage.js:8540:13)
      at attemptBackupWrite (src/scripts/storage.js:8617:26)
      at saveJSONToStorage (src/scripts/storage.js:14568:3)
      at saveFullBackupHistory (src/scripts/storage.js:14593:3)
      at Object.recordFullBackupHistoryEntry (tests/unit/storage.test.js:3392:7)

  console.log
    DEBUG: getSafeLocalStorage returning object

      at Proxy.apply (src/scripts/modules/base.js:92:26)

  console.warn
    MOCK SET: cameraPowerPlanner_fullBackups__legacyMigrationBackup = [{"createdAt":"2026-01-16T20:14:37.528Z","data":[{

      61 |       return undefined;
      62 |     }
    > 63 |     return originalFn(...args);
         |            ^
      64 |   };
      65 | };
      66 |

      at console.<anonymous> (tests/setup/jest.setup.cjs:63:12)
      at console.apply [as warn] (src/scripts/modules/base.js:92:26)
      at Proxy.apply (src/scripts/modules/base.js:92:26)
      at Proxy.apply (src/scripts/modules/base.js:92:26)
      at Proxy.apply (src/scripts/modules/base.js:92:26)
      at Object.warn (tests/unit/storage.test.js:11:15)
      at setItem (src/scripts/storage.js:5514:19)
      at tryStoreList (src/scripts/storage.js:5521:20)
      at createStorageMigrationBackup (src/scripts/storage.js:5239:3)
      at ensurePreWriteMigrationBackup (src/scripts/storage.js:14567:3)
      at saveFullBackupHistory (src/scripts/storage.js:14593:3)
      at Object.recordFullBackupHistoryEntry (tests/unit/storage.test.js:3392:7)

  console.log
    DEBUG: getSafeLocalStorage returning object

      at Proxy.apply (src/scripts/modules/base.js:92:26)

  console.warn
    MOCK SET: cameraPowerPlanner_fullBackups = [{"createdAt":"2024-01-01T00:00:00Z-0"},{"createdA

      61 |       return undefined;
      62 |     }
    > 63 |     return originalFn(...args);
         |            ^
      64 |   };
      65 | };
      66 |

      at console.<anonymous> (tests/setup/jest.setup.cjs:63:12)
      at console.apply [as warn] (src/scripts/modules/base.js:92:26)
      at Proxy.apply (src/scripts/modules/base.js:92:26)
      at Proxy.apply (src/scripts/modules/base.js:92:26)
      at Proxy.apply (src/scripts/modules/base.js:92:26)
      at Object.warn (tests/unit/storage.test.js:11:15)
      at setItem (src/scripts/storage.js:8463:17)
      at saveJSONToStorage (src/scripts/storage.js:14568:3)
      at saveFullBackupHistory (src/scripts/storage.js:14593:3)
      at Object.recordFullBackupHistoryEntry (tests/unit/storage.test.js:3392:7)

  console.warn
    MOCK SET: cameraPowerPlanner_fullBackups__backup = [{"createdAt":"2024-01-01T00:00:00Z-0"},{"createdA

      61 |       return undefined;
      62 |     }
    > 63 |     return originalFn(...args);
         |            ^
      64 |   };
      65 | };
      66 |

      at console.<anonymous> (tests/setup/jest.setup.cjs:63:12)
      at console.apply [as warn] (src/scripts/modules/base.js:92:26)
      at Proxy.apply (src/scripts/modules/base.js:92:26)
      at Proxy.apply (src/scripts/modules/base.js:92:26)
      at Proxy.apply (src/scripts/modules/base.js:92:26)
      at Object.warn (tests/unit/storage.test.js:11:15)
      at setItem (src/scripts/storage.js:8524:19)
      at tryStoreCandidate (src/scripts/storage.js:8540:13)
      at attemptBackupWrite (src/scripts/storage.js:8617:26)
      at saveJSONToStorage (src/scripts/storage.js:14568:3)
      at saveFullBackupHistory (src/scripts/storage.js:14593:3)
      at Object.recordFullBackupHistoryEntry (tests/unit/storage.test.js:3392:7)

  console.log
    DEBUG: getSafeLocalStorage returning object

      at Proxy.apply (src/scripts/modules/base.js:92:26)

  console.warn
    MOCK SET: cameraPowerPlanner_fullBackups__legacyMigrationBackup = [{"createdAt":"2026-01-16T20:14:37.530Z","data":[{

      61 |       return undefined;
      62 |     }
    > 63 |     return originalFn(...args);
         |            ^
      64 |   };
      65 | };
      66 |

      at console.<anonymous> (tests/setup/jest.setup.cjs:63:12)
      at console.apply [as warn] (src/scripts/modules/base.js:92:26)
      at Proxy.apply (src/scripts/modules/base.js:92:26)
      at Proxy.apply (src/scripts/modules/base.js:92:26)
      at Proxy.apply (src/scripts/modules/base.js:92:26)
      at Object.warn (tests/unit/storage.test.js:11:15)
      at setItem (src/scripts/storage.js:5514:19)
      at tryStoreList (src/scripts/storage.js:5521:20)
      at createStorageMigrationBackup (src/scripts/storage.js:5239:3)
      at ensurePreWriteMigrationBackup (src/scripts/storage.js:14567:3)
      at saveFullBackupHistory (src/scripts/storage.js:14593:3)
      at Object.recordFullBackupHistoryEntry (tests/unit/storage.test.js:3392:7)

  console.log
    DEBUG: getSafeLocalStorage returning object

      at Proxy.apply (src/scripts/modules/base.js:92:26)

  console.warn
    MOCK SET: cameraPowerPlanner_fullBackups = [{"createdAt":"2024-01-01T00:00:00Z-0"},{"createdA

      61 |       return undefined;
      62 |     }
    > 63 |     return originalFn(...args);
         |            ^
      64 |   };
      65 | };
      66 |

      at console.<anonymous> (tests/setup/jest.setup.cjs:63:12)
      at console.apply [as warn] (src/scripts/modules/base.js:92:26)
      at Proxy.apply (src/scripts/modules/base.js:92:26)
      at Proxy.apply (src/scripts/modules/base.js:92:26)
      at Proxy.apply (src/scripts/modules/base.js:92:26)
      at Object.warn (tests/unit/storage.test.js:11:15)
      at setItem (src/scripts/storage.js:8463:17)
      at saveJSONToStorage (src/scripts/storage.js:14568:3)
      at saveFullBackupHistory (src/scripts/storage.js:14593:3)
      at Object.recordFullBackupHistoryEntry (tests/unit/storage.test.js:3392:7)

  console.warn
    MOCK SET: cameraPowerPlanner_fullBackups__backup = [{"createdAt":"2024-01-01T00:00:00Z-0"},{"createdA

      61 |       return undefined;
      62 |     }
    > 63 |     return originalFn(...args);
         |            ^
      64 |   };
      65 | };
      66 |

      at console.<anonymous> (tests/setup/jest.setup.cjs:63:12)
      at console.apply [as warn] (src/scripts/modules/base.js:92:26)
      at Proxy.apply (src/scripts/modules/base.js:92:26)
      at Proxy.apply (src/scripts/modules/base.js:92:26)
      at Proxy.apply (src/scripts/modules/base.js:92:26)
      at Object.warn (tests/unit/storage.test.js:11:15)
      at setItem (src/scripts/storage.js:8524:19)
      at tryStoreCandidate (src/scripts/storage.js:8540:13)
      at attemptBackupWrite (src/scripts/storage.js:8617:26)
      at saveJSONToStorage (src/scripts/storage.js:14568:3)
      at saveFullBackupHistory (src/scripts/storage.js:14593:3)
      at Object.recordFullBackupHistoryEntry (tests/unit/storage.test.js:3392:7)

  console.log
    DEBUG: getSafeLocalStorage returning object

      at Proxy.apply (src/scripts/modules/base.js:92:26)

  console.warn
    MOCK SET: cameraPowerPlanner_fullBackups__legacyMigrationBackup = [{"createdAt":"2026-01-16T20:14:37.533Z","data":[{

      61 |       return undefined;
      62 |     }
    > 63 |     return originalFn(...args);
         |            ^
      64 |   };
      65 | };
      66 |

      at console.<anonymous> (tests/setup/jest.setup.cjs:63:12)
      at console.apply [as warn] (src/scripts/modules/base.js:92:26)
      at Proxy.apply (src/scripts/modules/base.js:92:26)
      at Proxy.apply (src/scripts/modules/base.js:92:26)
      at Proxy.apply (src/scripts/modules/base.js:92:26)
      at Object.warn (tests/unit/storage.test.js:11:15)
      at setItem (src/scripts/storage.js:5514:19)
      at tryStoreList (src/scripts/storage.js:5521:20)
      at createStorageMigrationBackup (src/scripts/storage.js:5239:3)
      at ensurePreWriteMigrationBackup (src/scripts/storage.js:14567:3)
      at saveFullBackupHistory (src/scripts/storage.js:14593:3)
      at Object.recordFullBackupHistoryEntry (tests/unit/storage.test.js:3392:7)

  console.log
    DEBUG: getSafeLocalStorage returning object

      at Proxy.apply (src/scripts/modules/base.js:92:26)

  console.warn
    MOCK SET: cameraPowerPlanner_fullBackups = [{"createdAt":"2024-01-01T00:00:00Z-0"},{"createdA

      61 |       return undefined;
      62 |     }
    > 63 |     return originalFn(...args);
         |            ^
      64 |   };
      65 | };
      66 |

      at console.<anonymous> (tests/setup/jest.setup.cjs:63:12)
      at console.apply [as warn] (src/scripts/modules/base.js:92:26)
      at Proxy.apply (src/scripts/modules/base.js:92:26)
      at Proxy.apply (src/scripts/modules/base.js:92:26)
      at Proxy.apply (src/scripts/modules/base.js:92:26)
      at Object.warn (tests/unit/storage.test.js:11:15)
      at setItem (src/scripts/storage.js:8463:17)
      at saveJSONToStorage (src/scripts/storage.js:14568:3)
      at saveFullBackupHistory (src/scripts/storage.js:14593:3)
      at Object.recordFullBackupHistoryEntry (tests/unit/storage.test.js:3392:7)

  console.warn
    MOCK SET: cameraPowerPlanner_fullBackups__backup = [{"createdAt":"2024-01-01T00:00:00Z-0"},{"createdA

      61 |       return undefined;
      62 |     }
    > 63 |     return originalFn(...args);
         |            ^
      64 |   };
      65 | };
      66 |

      at console.<anonymous> (tests/setup/jest.setup.cjs:63:12)
      at console.apply [as warn] (src/scripts/modules/base.js:92:26)
      at Proxy.apply (src/scripts/modules/base.js:92:26)
      at Proxy.apply (src/scripts/modules/base.js:92:26)
      at Proxy.apply (src/scripts/modules/base.js:92:26)
      at Object.warn (tests/unit/storage.test.js:11:15)
      at setItem (src/scripts/storage.js:8524:19)
      at tryStoreCandidate (src/scripts/storage.js:8540:13)
      at attemptBackupWrite (src/scripts/storage.js:8617:26)
      at saveJSONToStorage (src/scripts/storage.js:14568:3)
      at saveFullBackupHistory (src/scripts/storage.js:14593:3)
      at Object.recordFullBackupHistoryEntry (tests/unit/storage.test.js:3392:7)

  console.log
    DEBUG: getSafeLocalStorage returning object

      at Proxy.apply (src/scripts/modules/base.js:92:26)

  console.warn
    MOCK SET: cameraPowerPlanner_fullBackups__legacyMigrationBackup = [{"createdAt":"2026-01-16T20:14:37.535Z","data":[{

      61 |       return undefined;
      62 |     }
    > 63 |     return originalFn(...args);
         |            ^
      64 |   };
      65 | };
      66 |

      at console.<anonymous> (tests/setup/jest.setup.cjs:63:12)
      at console.apply [as warn] (src/scripts/modules/base.js:92:26)
      at Proxy.apply (src/scripts/modules/base.js:92:26)
      at Proxy.apply (src/scripts/modules/base.js:92:26)
      at Proxy.apply (src/scripts/modules/base.js:92:26)
      at Object.warn (tests/unit/storage.test.js:11:15)
      at setItem (src/scripts/storage.js:5514:19)
      at tryStoreList (src/scripts/storage.js:5521:20)
      at createStorageMigrationBackup (src/scripts/storage.js:5239:3)
      at ensurePreWriteMigrationBackup (src/scripts/storage.js:14567:3)
      at saveFullBackupHistory (src/scripts/storage.js:14593:3)
      at Object.recordFullBackupHistoryEntry (tests/unit/storage.test.js:3392:7)

  console.log
    DEBUG: getSafeLocalStorage returning object

      at Proxy.apply (src/scripts/modules/base.js:92:26)

  console.warn
    MOCK SET: cameraPowerPlanner_fullBackups = [{"createdAt":"2024-01-01T00:00:00Z-0"},{"createdA

      61 |       return undefined;
      62 |     }
    > 63 |     return originalFn(...args);
         |            ^
      64 |   };
      65 | };
      66 |

      at console.<anonymous> (tests/setup/jest.setup.cjs:63:12)
      at console.apply [as warn] (src/scripts/modules/base.js:92:26)
      at Proxy.apply (src/scripts/modules/base.js:92:26)
      at Proxy.apply (src/scripts/modules/base.js:92:26)
      at Proxy.apply (src/scripts/modules/base.js:92:26)
      at Object.warn (tests/unit/storage.test.js:11:15)
      at setItem (src/scripts/storage.js:8463:17)
      at saveJSONToStorage (src/scripts/storage.js:14568:3)
      at saveFullBackupHistory (src/scripts/storage.js:14593:3)
      at Object.recordFullBackupHistoryEntry (tests/unit/storage.test.js:3392:7)

  console.warn
    MOCK SET: cameraPowerPlanner_fullBackups__backup = [{"createdAt":"2024-01-01T00:00:00Z-0"},{"createdA

      61 |       return undefined;
      62 |     }
    > 63 |     return originalFn(...args);
         |            ^
      64 |   };
      65 | };
      66 |

      at console.<anonymous> (tests/setup/jest.setup.cjs:63:12)
      at console.apply [as warn] (src/scripts/modules/base.js:92:26)
      at Proxy.apply (src/scripts/modules/base.js:92:26)
      at Proxy.apply (src/scripts/modules/base.js:92:26)
      at Proxy.apply (src/scripts/modules/base.js:92:26)
      at Object.warn (tests/unit/storage.test.js:11:15)
      at setItem (src/scripts/storage.js:8524:19)
      at tryStoreCandidate (src/scripts/storage.js:8540:13)
      at attemptBackupWrite (src/scripts/storage.js:8617:26)
      at saveJSONToStorage (src/scripts/storage.js:14568:3)
      at saveFullBackupHistory (src/scripts/storage.js:14593:3)
      at Object.recordFullBackupHistoryEntry (tests/unit/storage.test.js:3392:7)

  console.log
    DEBUG: getSafeLocalStorage returning object

      at Proxy.apply (src/scripts/modules/base.js:92:26)

  console.warn
    MOCK SET: cameraPowerPlanner_fullBackups__legacyMigrationBackup = [{"createdAt":"2026-01-16T20:14:37.537Z","data":[{

      61 |       return undefined;
      62 |     }
    > 63 |     return originalFn(...args);
         |            ^
      64 |   };
      65 | };
      66 |

      at console.<anonymous> (tests/setup/jest.setup.cjs:63:12)
      at console.apply [as warn] (src/scripts/modules/base.js:92:26)
      at Proxy.apply (src/scripts/modules/base.js:92:26)
      at Proxy.apply (src/scripts/modules/base.js:92:26)
      at Proxy.apply (src/scripts/modules/base.js:92:26)
      at Object.warn (tests/unit/storage.test.js:11:15)
      at setItem (src/scripts/storage.js:5514:19)
      at tryStoreList (src/scripts/storage.js:5521:20)
      at createStorageMigrationBackup (src/scripts/storage.js:5239:3)
      at ensurePreWriteMigrationBackup (src/scripts/storage.js:14567:3)
      at saveFullBackupHistory (src/scripts/storage.js:14593:3)
      at Object.recordFullBackupHistoryEntry (tests/unit/storage.test.js:3392:7)

  console.log
    DEBUG: getSafeLocalStorage returning object

      at Proxy.apply (src/scripts/modules/base.js:92:26)

  console.warn
    MOCK SET: cameraPowerPlanner_fullBackups = [{"createdAt":"2024-01-01T00:00:00Z-0"},{"createdA

      61 |       return undefined;
      62 |     }
    > 63 |     return originalFn(...args);
         |            ^
      64 |   };
      65 | };
      66 |

      at console.<anonymous> (tests/setup/jest.setup.cjs:63:12)
      at console.apply [as warn] (src/scripts/modules/base.js:92:26)
      at Proxy.apply (src/scripts/modules/base.js:92:26)
      at Proxy.apply (src/scripts/modules/base.js:92:26)
      at Proxy.apply (src/scripts/modules/base.js:92:26)
      at Object.warn (tests/unit/storage.test.js:11:15)
      at setItem (src/scripts/storage.js:8463:17)
      at saveJSONToStorage (src/scripts/storage.js:14568:3)
      at saveFullBackupHistory (src/scripts/storage.js:14593:3)
      at Object.recordFullBackupHistoryEntry (tests/unit/storage.test.js:3392:7)

  console.warn
    MOCK SET: cameraPowerPlanner_fullBackups__backup = [{"createdAt":"2024-01-01T00:00:00Z-0"},{"createdA

      61 |       return undefined;
      62 |     }
    > 63 |     return originalFn(...args);
         |            ^
      64 |   };
      65 | };
      66 |

      at console.<anonymous> (tests/setup/jest.setup.cjs:63:12)
      at console.apply [as warn] (src/scripts/modules/base.js:92:26)
      at Proxy.apply (src/scripts/modules/base.js:92:26)
      at Proxy.apply (src/scripts/modules/base.js:92:26)
      at Proxy.apply (src/scripts/modules/base.js:92:26)
      at Object.warn (tests/unit/storage.test.js:11:15)
      at setItem (src/scripts/storage.js:8524:19)
      at tryStoreCandidate (src/scripts/storage.js:8540:13)
      at attemptBackupWrite (src/scripts/storage.js:8617:26)
      at saveJSONToStorage (src/scripts/storage.js:14568:3)
      at saveFullBackupHistory (src/scripts/storage.js:14593:3)
      at Object.recordFullBackupHistoryEntry (tests/unit/storage.test.js:3392:7)

  console.log
    DEBUG: getSafeLocalStorage returning object

      at Proxy.apply (src/scripts/modules/base.js:92:26)

  console.warn
    MOCK SET: cameraPowerPlanner_fullBackups__legacyMigrationBackup = [{"createdAt":"2026-01-16T20:14:37.540Z","data":[{

      61 |       return undefined;
      62 |     }
    > 63 |     return originalFn(...args);
         |            ^
      64 |   };
      65 | };
      66 |

      at console.<anonymous> (tests/setup/jest.setup.cjs:63:12)
      at console.apply [as warn] (src/scripts/modules/base.js:92:26)
      at Proxy.apply (src/scripts/modules/base.js:92:26)
      at Proxy.apply (src/scripts/modules/base.js:92:26)
      at Proxy.apply (src/scripts/modules/base.js:92:26)
      at Object.warn (tests/unit/storage.test.js:11:15)
      at setItem (src/scripts/storage.js:5514:19)
      at tryStoreList (src/scripts/storage.js:5521:20)
      at createStorageMigrationBackup (src/scripts/storage.js:5239:3)
      at ensurePreWriteMigrationBackup (src/scripts/storage.js:14567:3)
      at saveFullBackupHistory (src/scripts/storage.js:14593:3)
      at Object.recordFullBackupHistoryEntry (tests/unit/storage.test.js:3392:7)

  console.log
    DEBUG: getSafeLocalStorage returning object

      at Proxy.apply (src/scripts/modules/base.js:92:26)

  console.warn
    MOCK SET: cameraPowerPlanner_fullBackups = [{"createdAt":"2024-01-01T00:00:00Z-0"},{"createdA

      61 |       return undefined;
      62 |     }
    > 63 |     return originalFn(...args);
         |            ^
      64 |   };
      65 | };
      66 |

      at console.<anonymous> (tests/setup/jest.setup.cjs:63:12)
      at console.apply [as warn] (src/scripts/modules/base.js:92:26)
      at Proxy.apply (src/scripts/modules/base.js:92:26)
      at Proxy.apply (src/scripts/modules/base.js:92:26)
      at Proxy.apply (src/scripts/modules/base.js:92:26)
      at Object.warn (tests/unit/storage.test.js:11:15)
      at setItem (src/scripts/storage.js:8463:17)
      at saveJSONToStorage (src/scripts/storage.js:14568:3)
      at saveFullBackupHistory (src/scripts/storage.js:14593:3)
      at Object.recordFullBackupHistoryEntry (tests/unit/storage.test.js:3392:7)

  console.warn
    MOCK SET: cameraPowerPlanner_fullBackups__backup = [{"createdAt":"2024-01-01T00:00:00Z-0"},{"createdA

      61 |       return undefined;
      62 |     }
    > 63 |     return originalFn(...args);
         |            ^
      64 |   };
      65 | };
      66 |

      at console.<anonymous> (tests/setup/jest.setup.cjs:63:12)
      at console.apply [as warn] (src/scripts/modules/base.js:92:26)
      at Proxy.apply (src/scripts/modules/base.js:92:26)
      at Proxy.apply (src/scripts/modules/base.js:92:26)
      at Proxy.apply (src/scripts/modules/base.js:92:26)
      at Object.warn (tests/unit/storage.test.js:11:15)
      at setItem (src/scripts/storage.js:8524:19)
      at tryStoreCandidate (src/scripts/storage.js:8540:13)
      at attemptBackupWrite (src/scripts/storage.js:8617:26)
      at saveJSONToStorage (src/scripts/storage.js:14568:3)
      at saveFullBackupHistory (src/scripts/storage.js:14593:3)
      at Object.recordFullBackupHistoryEntry (tests/unit/storage.test.js:3392:7)

  console.log
    DEBUG: getSafeLocalStorage returning object

      at Proxy.apply (src/scripts/modules/base.js:92:26)

  console.warn
    MOCK SET: cameraPowerPlanner_fullBackups__legacyMigrationBackup = [{"createdAt":"2026-01-16T20:14:37.542Z","data":[{

      61 |       return undefined;
      62 |     }
    > 63 |     return originalFn(...args);
         |            ^
      64 |   };
      65 | };
      66 |

      at console.<anonymous> (tests/setup/jest.setup.cjs:63:12)
      at console.apply [as warn] (src/scripts/modules/base.js:92:26)
      at Proxy.apply (src/scripts/modules/base.js:92:26)
      at Proxy.apply (src/scripts/modules/base.js:92:26)
      at Proxy.apply (src/scripts/modules/base.js:92:26)
      at Object.warn (tests/unit/storage.test.js:11:15)
      at setItem (src/scripts/storage.js:5514:19)
      at tryStoreList (src/scripts/storage.js:5521:20)
      at createStorageMigrationBackup (src/scripts/storage.js:5239:3)
      at ensurePreWriteMigrationBackup (src/scripts/storage.js:14567:3)
      at saveFullBackupHistory (src/scripts/storage.js:14593:3)
      at Object.recordFullBackupHistoryEntry (tests/unit/storage.test.js:3392:7)

  console.log
    DEBUG: getSafeLocalStorage returning object

      at Proxy.apply (src/scripts/modules/base.js:92:26)

  console.warn
    MOCK SET: cameraPowerPlanner_fullBackups = [{"createdAt":"2024-01-01T00:00:00Z-0"},{"createdA

      61 |       return undefined;
      62 |     }
    > 63 |     return originalFn(...args);
         |            ^
      64 |   };
      65 | };
      66 |

      at console.<anonymous> (tests/setup/jest.setup.cjs:63:12)
      at console.apply [as warn] (src/scripts/modules/base.js:92:26)
      at Proxy.apply (src/scripts/modules/base.js:92:26)
      at Proxy.apply (src/scripts/modules/base.js:92:26)
      at Proxy.apply (src/scripts/modules/base.js:92:26)
      at Object.warn (tests/unit/storage.test.js:11:15)
      at setItem (src/scripts/storage.js:8463:17)
      at saveJSONToStorage (src/scripts/storage.js:14568:3)
      at saveFullBackupHistory (src/scripts/storage.js:14593:3)
      at Object.recordFullBackupHistoryEntry (tests/unit/storage.test.js:3392:7)

  console.warn
    MOCK SET: cameraPowerPlanner_fullBackups__backup = [{"createdAt":"2024-01-01T00:00:00Z-0"},{"createdA

      61 |       return undefined;
      62 |     }
    > 63 |     return originalFn(...args);
         |            ^
      64 |   };
      65 | };
      66 |

      at console.<anonymous> (tests/setup/jest.setup.cjs:63:12)
      at console.apply [as warn] (src/scripts/modules/base.js:92:26)
      at Proxy.apply (src/scripts/modules/base.js:92:26)
      at Proxy.apply (src/scripts/modules/base.js:92:26)
      at Proxy.apply (src/scripts/modules/base.js:92:26)
      at Object.warn (tests/unit/storage.test.js:11:15)
      at setItem (src/scripts/storage.js:8524:19)
      at tryStoreCandidate (src/scripts/storage.js:8540:13)
      at attemptBackupWrite (src/scripts/storage.js:8617:26)
      at saveJSONToStorage (src/scripts/storage.js:14568:3)
      at saveFullBackupHistory (src/scripts/storage.js:14593:3)
      at Object.recordFullBackupHistoryEntry (tests/unit/storage.test.js:3392:7)

  console.log
    DEBUG: getSafeLocalStorage returning object

      at Proxy.apply (src/scripts/modules/base.js:92:26)

  console.warn
    MOCK SET: cameraPowerPlanner_fullBackups__legacyMigrationBackup = [{"createdAt":"2026-01-16T20:14:37.544Z","data":[{

      61 |       return undefined;
      62 |     }
    > 63 |     return originalFn(...args);
         |            ^
      64 |   };
      65 | };
      66 |

      at console.<anonymous> (tests/setup/jest.setup.cjs:63:12)
      at console.apply [as warn] (src/scripts/modules/base.js:92:26)
      at Proxy.apply (src/scripts/modules/base.js:92:26)
      at Proxy.apply (src/scripts/modules/base.js:92:26)
      at Proxy.apply (src/scripts/modules/base.js:92:26)
      at Object.warn (tests/unit/storage.test.js:11:15)
      at setItem (src/scripts/storage.js:5514:19)
      at tryStoreList (src/scripts/storage.js:5521:20)
      at createStorageMigrationBackup (src/scripts/storage.js:5239:3)
      at ensurePreWriteMigrationBackup (src/scripts/storage.js:14567:3)
      at saveFullBackupHistory (src/scripts/storage.js:14593:3)
      at Object.recordFullBackupHistoryEntry (tests/unit/storage.test.js:3392:7)

  console.log
    DEBUG: getSafeLocalStorage returning object

      at Proxy.apply (src/scripts/modules/base.js:92:26)

  console.warn
    MOCK SET: cameraPowerPlanner_fullBackups = [{"createdAt":"2024-01-01T00:00:00Z-0"},{"createdA

      61 |       return undefined;
      62 |     }
    > 63 |     return originalFn(...args);
         |            ^
      64 |   };
      65 | };
      66 |

      at console.<anonymous> (tests/setup/jest.setup.cjs:63:12)
      at console.apply [as warn] (src/scripts/modules/base.js:92:26)
      at Proxy.apply (src/scripts/modules/base.js:92:26)
      at Proxy.apply (src/scripts/modules/base.js:92:26)
      at Proxy.apply (src/scripts/modules/base.js:92:26)
      at Object.warn (tests/unit/storage.test.js:11:15)
      at setItem (src/scripts/storage.js:8463:17)
      at saveJSONToStorage (src/scripts/storage.js:14568:3)
      at saveFullBackupHistory (src/scripts/storage.js:14593:3)
      at Object.recordFullBackupHistoryEntry (tests/unit/storage.test.js:3392:7)

  console.warn
    MOCK SET: cameraPowerPlanner_fullBackups__backup = [{"createdAt":"2024-01-01T00:00:00Z-0"},{"createdA

      61 |       return undefined;
      62 |     }
    > 63 |     return originalFn(...args);
         |            ^
      64 |   };
      65 | };
      66 |

      at console.<anonymous> (tests/setup/jest.setup.cjs:63:12)
      at console.apply [as warn] (src/scripts/modules/base.js:92:26)
      at Proxy.apply (src/scripts/modules/base.js:92:26)
      at Proxy.apply (src/scripts/modules/base.js:92:26)
      at Proxy.apply (src/scripts/modules/base.js:92:26)
      at Object.warn (tests/unit/storage.test.js:11:15)
      at setItem (src/scripts/storage.js:8524:19)
      at tryStoreCandidate (src/scripts/storage.js:8540:13)
      at attemptBackupWrite (src/scripts/storage.js:8617:26)
      at saveJSONToStorage (src/scripts/storage.js:14568:3)
      at saveFullBackupHistory (src/scripts/storage.js:14593:3)
      at Object.recordFullBackupHistoryEntry (tests/unit/storage.test.js:3392:7)

  console.log
    DEBUG: getSafeLocalStorage returning object

      at Proxy.apply (src/scripts/modules/base.js:92:26)

  console.warn
    MOCK SET: cameraPowerPlanner_fullBackups__legacyMigrationBackup = [{"createdAt":"2026-01-16T20:14:37.549Z","data":[{

      61 |       return undefined;
      62 |     }
    > 63 |     return originalFn(...args);
         |            ^
      64 |   };
      65 | };
      66 |

      at console.<anonymous> (tests/setup/jest.setup.cjs:63:12)
      at console.apply [as warn] (src/scripts/modules/base.js:92:26)
      at Proxy.apply (src/scripts/modules/base.js:92:26)
      at Proxy.apply (src/scripts/modules/base.js:92:26)
      at Proxy.apply (src/scripts/modules/base.js:92:26)
      at Object.warn (tests/unit/storage.test.js:11:15)
      at setItem (src/scripts/storage.js:5514:19)
      at tryStoreList (src/scripts/storage.js:5521:20)
      at createStorageMigrationBackup (src/scripts/storage.js:5239:3)
      at ensurePreWriteMigrationBackup (src/scripts/storage.js:14567:3)
      at saveFullBackupHistory (src/scripts/storage.js:14593:3)
      at Object.recordFullBackupHistoryEntry (tests/unit/storage.test.js:3392:7)

  console.log
    DEBUG: getSafeLocalStorage returning object

      at Proxy.apply (src/scripts/modules/base.js:92:26)

  console.warn
    MOCK SET: cameraPowerPlanner_fullBackups = [{"createdAt":"2024-01-01T00:00:00Z-0"},{"createdA

      61 |       return undefined;
      62 |     }
    > 63 |     return originalFn(...args);
         |            ^
      64 |   };
      65 | };
      66 |

      at console.<anonymous> (tests/setup/jest.setup.cjs:63:12)
      at console.apply [as warn] (src/scripts/modules/base.js:92:26)
      at Proxy.apply (src/scripts/modules/base.js:92:26)
      at Proxy.apply (src/scripts/modules/base.js:92:26)
      at Proxy.apply (src/scripts/modules/base.js:92:26)
      at Object.warn (tests/unit/storage.test.js:11:15)
      at setItem (src/scripts/storage.js:8463:17)
      at saveJSONToStorage (src/scripts/storage.js:14568:3)
      at saveFullBackupHistory (src/scripts/storage.js:14593:3)
      at Object.recordFullBackupHistoryEntry (tests/unit/storage.test.js:3392:7)

  console.warn
    MOCK SET: cameraPowerPlanner_fullBackups__backup = [{"createdAt":"2024-01-01T00:00:00Z-0"},{"createdA

      61 |       return undefined;
      62 |     }
    > 63 |     return originalFn(...args);
         |            ^
      64 |   };
      65 | };
      66 |

      at console.<anonymous> (tests/setup/jest.setup.cjs:63:12)
      at console.apply [as warn] (src/scripts/modules/base.js:92:26)
      at Proxy.apply (src/scripts/modules/base.js:92:26)
      at Proxy.apply (src/scripts/modules/base.js:92:26)
      at Proxy.apply (src/scripts/modules/base.js:92:26)
      at Object.warn (tests/unit/storage.test.js:11:15)
      at setItem (src/scripts/storage.js:8524:19)
      at tryStoreCandidate (src/scripts/storage.js:8540:13)
      at attemptBackupWrite (src/scripts/storage.js:8617:26)
      at saveJSONToStorage (src/scripts/storage.js:14568:3)
      at saveFullBackupHistory (src/scripts/storage.js:14593:3)
      at Object.recordFullBackupHistoryEntry (tests/unit/storage.test.js:3392:7)

  console.log
    DEBUG: getSafeLocalStorage returning object

      at Proxy.apply (src/scripts/modules/base.js:92:26)

  console.warn
    MOCK SET: cameraPowerPlanner_fullBackups__legacyMigrationBackup = [{"createdAt":"2026-01-16T20:14:37.551Z","data":[{

      61 |       return undefined;
      62 |     }
    > 63 |     return originalFn(...args);
         |            ^
      64 |   };
      65 | };
      66 |

      at console.<anonymous> (tests/setup/jest.setup.cjs:63:12)
      at console.apply [as warn] (src/scripts/modules/base.js:92:26)
      at Proxy.apply (src/scripts/modules/base.js:92:26)
      at Proxy.apply (src/scripts/modules/base.js:92:26)
      at Proxy.apply (src/scripts/modules/base.js:92:26)
      at Object.warn (tests/unit/storage.test.js:11:15)
      at setItem (src/scripts/storage.js:5514:19)
      at tryStoreList (src/scripts/storage.js:5521:20)
      at createStorageMigrationBackup (src/scripts/storage.js:5239:3)
      at ensurePreWriteMigrationBackup (src/scripts/storage.js:14567:3)
      at saveFullBackupHistory (src/scripts/storage.js:14593:3)
      at Object.recordFullBackupHistoryEntry (tests/unit/storage.test.js:3392:7)

  console.log
    DEBUG: getSafeLocalStorage returning object

      at Proxy.apply (src/scripts/modules/base.js:92:26)

  console.warn
    MOCK SET: cameraPowerPlanner_fullBackups = [{"createdAt":"2024-01-01T00:00:00Z-0"},{"createdA

      61 |       return undefined;
      62 |     }
    > 63 |     return originalFn(...args);
         |            ^
      64 |   };
      65 | };
      66 |

      at console.<anonymous> (tests/setup/jest.setup.cjs:63:12)
      at console.apply [as warn] (src/scripts/modules/base.js:92:26)
      at Proxy.apply (src/scripts/modules/base.js:92:26)
      at Proxy.apply (src/scripts/modules/base.js:92:26)
      at Proxy.apply (src/scripts/modules/base.js:92:26)
      at Object.warn (tests/unit/storage.test.js:11:15)
      at setItem (src/scripts/storage.js:8463:17)
      at saveJSONToStorage (src/scripts/storage.js:14568:3)
      at saveFullBackupHistory (src/scripts/storage.js:14593:3)
      at Object.recordFullBackupHistoryEntry (tests/unit/storage.test.js:3392:7)

  console.warn
    MOCK SET: cameraPowerPlanner_fullBackups__backup = [{"createdAt":"2024-01-01T00:00:00Z-0"},{"createdA

      61 |       return undefined;
      62 |     }
    > 63 |     return originalFn(...args);
         |            ^
      64 |   };
      65 | };
      66 |

      at console.<anonymous> (tests/setup/jest.setup.cjs:63:12)
      at console.apply [as warn] (src/scripts/modules/base.js:92:26)
      at Proxy.apply (src/scripts/modules/base.js:92:26)
      at Proxy.apply (src/scripts/modules/base.js:92:26)
      at Proxy.apply (src/scripts/modules/base.js:92:26)
      at Object.warn (tests/unit/storage.test.js:11:15)
      at setItem (src/scripts/storage.js:8524:19)
      at tryStoreCandidate (src/scripts/storage.js:8540:13)
      at attemptBackupWrite (src/scripts/storage.js:8617:26)
      at saveJSONToStorage (src/scripts/storage.js:14568:3)
      at saveFullBackupHistory (src/scripts/storage.js:14593:3)
      at Object.recordFullBackupHistoryEntry (tests/unit/storage.test.js:3392:7)

  console.log
    DEBUG: getSafeLocalStorage returning object

      at Proxy.apply (src/scripts/modules/base.js:92:26)

  console.warn
    MOCK SET: cameraPowerPlanner_fullBackups__legacyMigrationBackup = [{"createdAt":"2026-01-16T20:14:37.554Z","data":[{

      61 |       return undefined;
      62 |     }
    > 63 |     return originalFn(...args);
         |            ^
      64 |   };
      65 | };
      66 |

      at console.<anonymous> (tests/setup/jest.setup.cjs:63:12)
      at console.apply [as warn] (src/scripts/modules/base.js:92:26)
      at Proxy.apply (src/scripts/modules/base.js:92:26)
      at Proxy.apply (src/scripts/modules/base.js:92:26)
      at Proxy.apply (src/scripts/modules/base.js:92:26)
      at Object.warn (tests/unit/storage.test.js:11:15)
      at setItem (src/scripts/storage.js:5514:19)
      at tryStoreList (src/scripts/storage.js:5521:20)
      at createStorageMigrationBackup (src/scripts/storage.js:5239:3)
      at ensurePreWriteMigrationBackup (src/scripts/storage.js:14567:3)
      at saveFullBackupHistory (src/scripts/storage.js:14593:3)
      at Object.recordFullBackupHistoryEntry (tests/unit/storage.test.js:3392:7)

  console.log
    DEBUG: getSafeLocalStorage returning object

      at Proxy.apply (src/scripts/modules/base.js:92:26)

  console.warn
    MOCK SET: cameraPowerPlanner_fullBackups = [{"createdAt":"2024-01-01T00:00:00Z-0"},{"createdA

      61 |       return undefined;
      62 |     }
    > 63 |     return originalFn(...args);
         |            ^
      64 |   };
      65 | };
      66 |

      at console.<anonymous> (tests/setup/jest.setup.cjs:63:12)
      at console.apply [as warn] (src/scripts/modules/base.js:92:26)
      at Proxy.apply (src/scripts/modules/base.js:92:26)
      at Proxy.apply (src/scripts/modules/base.js:92:26)
      at Proxy.apply (src/scripts/modules/base.js:92:26)
      at Object.warn (tests/unit/storage.test.js:11:15)
      at setItem (src/scripts/storage.js:8463:17)
      at saveJSONToStorage (src/scripts/storage.js:14568:3)
      at saveFullBackupHistory (src/scripts/storage.js:14593:3)
      at Object.recordFullBackupHistoryEntry (tests/unit/storage.test.js:3392:7)

  console.warn
    MOCK SET: cameraPowerPlanner_fullBackups__backup = [{"createdAt":"2024-01-01T00:00:00Z-0"},{"createdA

      61 |       return undefined;
      62 |     }
    > 63 |     return originalFn(...args);
         |            ^
      64 |   };
      65 | };
      66 |

      at console.<anonymous> (tests/setup/jest.setup.cjs:63:12)
      at console.apply [as warn] (src/scripts/modules/base.js:92:26)
      at Proxy.apply (src/scripts/modules/base.js:92:26)
      at Proxy.apply (src/scripts/modules/base.js:92:26)
      at Proxy.apply (src/scripts/modules/base.js:92:26)
      at Object.warn (tests/unit/storage.test.js:11:15)
      at setItem (src/scripts/storage.js:8524:19)
      at tryStoreCandidate (src/scripts/storage.js:8540:13)
      at attemptBackupWrite (src/scripts/storage.js:8617:26)
      at saveJSONToStorage (src/scripts/storage.js:14568:3)
      at saveFullBackupHistory (src/scripts/storage.js:14593:3)
      at Object.recordFullBackupHistoryEntry (tests/unit/storage.test.js:3392:7)

  console.log
    DEBUG: getSafeLocalStorage returning object

      at Proxy.apply (src/scripts/modules/base.js:92:26)

  console.warn
    MOCK SET: cameraPowerPlanner_fullBackups__legacyMigrationBackup = [{"createdAt":"2026-01-16T20:14:37.557Z","data":[{

      61 |       return undefined;
      62 |     }
    > 63 |     return originalFn(...args);
         |            ^
      64 |   };
      65 | };
      66 |

      at console.<anonymous> (tests/setup/jest.setup.cjs:63:12)
      at console.apply [as warn] (src/scripts/modules/base.js:92:26)
      at Proxy.apply (src/scripts/modules/base.js:92:26)
      at Proxy.apply (src/scripts/modules/base.js:92:26)
      at Proxy.apply (src/scripts/modules/base.js:92:26)
      at Object.warn (tests/unit/storage.test.js:11:15)
      at setItem (src/scripts/storage.js:5514:19)
      at tryStoreList (src/scripts/storage.js:5521:20)
      at createStorageMigrationBackup (src/scripts/storage.js:5239:3)
      at ensurePreWriteMigrationBackup (src/scripts/storage.js:14567:3)
      at saveFullBackupHistory (src/scripts/storage.js:14593:3)
      at Object.recordFullBackupHistoryEntry (tests/unit/storage.test.js:3392:7)

  console.log
    DEBUG: getSafeLocalStorage returning object

      at Proxy.apply (src/scripts/modules/base.js:92:26)

  console.warn
    MOCK SET: cameraPowerPlanner_fullBackups = [{"createdAt":"2024-01-01T00:00:00Z-0"},{"createdA

      61 |       return undefined;
      62 |     }
    > 63 |     return originalFn(...args);
         |            ^
      64 |   };
      65 | };
      66 |

      at console.<anonymous> (tests/setup/jest.setup.cjs:63:12)
      at console.apply [as warn] (src/scripts/modules/base.js:92:26)
      at Proxy.apply (src/scripts/modules/base.js:92:26)
      at Proxy.apply (src/scripts/modules/base.js:92:26)
      at Proxy.apply (src/scripts/modules/base.js:92:26)
      at Object.warn (tests/unit/storage.test.js:11:15)
      at setItem (src/scripts/storage.js:8463:17)
      at saveJSONToStorage (src/scripts/storage.js:14568:3)
      at saveFullBackupHistory (src/scripts/storage.js:14593:3)
      at Object.recordFullBackupHistoryEntry (tests/unit/storage.test.js:3392:7)

  console.warn
    MOCK SET: cameraPowerPlanner_fullBackups__backup = [{"createdAt":"2024-01-01T00:00:00Z-0"},{"createdA

      61 |       return undefined;
      62 |     }
    > 63 |     return originalFn(...args);
         |            ^
      64 |   };
      65 | };
      66 |

      at console.<anonymous> (tests/setup/jest.setup.cjs:63:12)
      at console.apply [as warn] (src/scripts/modules/base.js:92:26)
      at Proxy.apply (src/scripts/modules/base.js:92:26)
      at Proxy.apply (src/scripts/modules/base.js:92:26)
      at Proxy.apply (src/scripts/modules/base.js:92:26)
      at Object.warn (tests/unit/storage.test.js:11:15)
      at setItem (src/scripts/storage.js:8524:19)
      at tryStoreCandidate (src/scripts/storage.js:8540:13)
      at attemptBackupWrite (src/scripts/storage.js:8617:26)
      at saveJSONToStorage (src/scripts/storage.js:14568:3)
      at saveFullBackupHistory (src/scripts/storage.js:14593:3)
      at Object.recordFullBackupHistoryEntry (tests/unit/storage.test.js:3392:7)

  console.log
    DEBUG: getSafeLocalStorage returning object

      at Proxy.apply (src/scripts/modules/base.js:92:26)

  console.warn
    MOCK SET: cameraPowerPlanner_fullBackups__legacyMigrationBackup = [{"createdAt":"2026-01-16T20:14:37.560Z","data":[{

      61 |       return undefined;
      62 |     }
    > 63 |     return originalFn(...args);
         |            ^
      64 |   };
      65 | };
      66 |

      at console.<anonymous> (tests/setup/jest.setup.cjs:63:12)
      at console.apply [as warn] (src/scripts/modules/base.js:92:26)
      at Proxy.apply (src/scripts/modules/base.js:92:26)
      at Proxy.apply (src/scripts/modules/base.js:92:26)
      at Proxy.apply (src/scripts/modules/base.js:92:26)
      at Object.warn (tests/unit/storage.test.js:11:15)
      at setItem (src/scripts/storage.js:5514:19)
      at tryStoreList (src/scripts/storage.js:5521:20)
      at createStorageMigrationBackup (src/scripts/storage.js:5239:3)
      at ensurePreWriteMigrationBackup (src/scripts/storage.js:14567:3)
      at saveFullBackupHistory (src/scripts/storage.js:14593:3)
      at Object.recordFullBackupHistoryEntry (tests/unit/storage.test.js:3392:7)

  console.log
    DEBUG: getSafeLocalStorage returning object

      at Proxy.apply (src/scripts/modules/base.js:92:26)

  console.warn
    MOCK SET: cameraPowerPlanner_fullBackups = [{"createdAt":"2024-01-01T00:00:00Z-0"},{"createdA

      61 |       return undefined;
      62 |     }
    > 63 |     return originalFn(...args);
         |            ^
      64 |   };
      65 | };
      66 |

      at console.<anonymous> (tests/setup/jest.setup.cjs:63:12)
      at console.apply [as warn] (src/scripts/modules/base.js:92:26)
      at Proxy.apply (src/scripts/modules/base.js:92:26)
      at Proxy.apply (src/scripts/modules/base.js:92:26)
      at Proxy.apply (src/scripts/modules/base.js:92:26)
      at Object.warn (tests/unit/storage.test.js:11:15)
      at setItem (src/scripts/storage.js:8463:17)
      at saveJSONToStorage (src/scripts/storage.js:14568:3)
      at saveFullBackupHistory (src/scripts/storage.js:14593:3)
      at Object.recordFullBackupHistoryEntry (tests/unit/storage.test.js:3392:7)

  console.warn
    MOCK SET: cameraPowerPlanner_fullBackups__backup = [{"createdAt":"2024-01-01T00:00:00Z-0"},{"createdA

      61 |       return undefined;
      62 |     }
    > 63 |     return originalFn(...args);
         |            ^
      64 |   };
      65 | };
      66 |

      at console.<anonymous> (tests/setup/jest.setup.cjs:63:12)
      at console.apply [as warn] (src/scripts/modules/base.js:92:26)
      at Proxy.apply (src/scripts/modules/base.js:92:26)
      at Proxy.apply (src/scripts/modules/base.js:92:26)
      at Proxy.apply (src/scripts/modules/base.js:92:26)
      at Object.warn (tests/unit/storage.test.js:11:15)
      at setItem (src/scripts/storage.js:8524:19)
      at tryStoreCandidate (src/scripts/storage.js:8540:13)
      at attemptBackupWrite (src/scripts/storage.js:8617:26)
      at saveJSONToStorage (src/scripts/storage.js:14568:3)
      at saveFullBackupHistory (src/scripts/storage.js:14593:3)
      at Object.recordFullBackupHistoryEntry (tests/unit/storage.test.js:3392:7)

  console.log
    DEBUG: getSafeLocalStorage returning object

      at Proxy.apply (src/scripts/modules/base.js:92:26)

  console.warn
    MOCK SET: cameraPowerPlanner_fullBackups__legacyMigrationBackup = [{"createdAt":"2026-01-16T20:14:37.562Z","data":[{

      61 |       return undefined;
      62 |     }
    > 63 |     return originalFn(...args);
         |            ^
      64 |   };
      65 | };
      66 |

      at console.<anonymous> (tests/setup/jest.setup.cjs:63:12)
      at console.apply [as warn] (src/scripts/modules/base.js:92:26)
      at Proxy.apply (src/scripts/modules/base.js:92:26)
      at Proxy.apply (src/scripts/modules/base.js:92:26)
      at Proxy.apply (src/scripts/modules/base.js:92:26)
      at Object.warn (tests/unit/storage.test.js:11:15)
      at setItem (src/scripts/storage.js:5514:19)
      at tryStoreList (src/scripts/storage.js:5521:20)
      at createStorageMigrationBackup (src/scripts/storage.js:5239:3)
      at ensurePreWriteMigrationBackup (src/scripts/storage.js:14567:3)
      at saveFullBackupHistory (src/scripts/storage.js:14593:3)
      at Object.recordFullBackupHistoryEntry (tests/unit/storage.test.js:3392:7)

  console.log
    DEBUG: getSafeLocalStorage returning object

      at Proxy.apply (src/scripts/modules/base.js:92:26)

  console.warn
    MOCK SET: cameraPowerPlanner_fullBackups = [{"createdAt":"2024-01-01T00:00:00Z-0"},{"createdA

      61 |       return undefined;
      62 |     }
    > 63 |     return originalFn(...args);
         |            ^
      64 |   };
      65 | };
      66 |

      at console.<anonymous> (tests/setup/jest.setup.cjs:63:12)
      at console.apply [as warn] (src/scripts/modules/base.js:92:26)
      at Proxy.apply (src/scripts/modules/base.js:92:26)
      at Proxy.apply (src/scripts/modules/base.js:92:26)
      at Proxy.apply (src/scripts/modules/base.js:92:26)
      at Object.warn (tests/unit/storage.test.js:11:15)
      at setItem (src/scripts/storage.js:8463:17)
      at saveJSONToStorage (src/scripts/storage.js:14568:3)
      at saveFullBackupHistory (src/scripts/storage.js:14593:3)
      at Object.recordFullBackupHistoryEntry (tests/unit/storage.test.js:3392:7)

  console.warn
    MOCK SET: cameraPowerPlanner_fullBackups__backup = [{"createdAt":"2024-01-01T00:00:00Z-0"},{"createdA

      61 |       return undefined;
      62 |     }
    > 63 |     return originalFn(...args);
         |            ^
      64 |   };
      65 | };
      66 |

      at console.<anonymous> (tests/setup/jest.setup.cjs:63:12)
      at console.apply [as warn] (src/scripts/modules/base.js:92:26)
      at Proxy.apply (src/scripts/modules/base.js:92:26)
      at Proxy.apply (src/scripts/modules/base.js:92:26)
      at Proxy.apply (src/scripts/modules/base.js:92:26)
      at Object.warn (tests/unit/storage.test.js:11:15)
      at setItem (src/scripts/storage.js:8524:19)
      at tryStoreCandidate (src/scripts/storage.js:8540:13)
      at attemptBackupWrite (src/scripts/storage.js:8617:26)
      at saveJSONToStorage (src/scripts/storage.js:14568:3)
      at saveFullBackupHistory (src/scripts/storage.js:14593:3)
      at Object.recordFullBackupHistoryEntry (tests/unit/storage.test.js:3392:7)

  console.log
    DEBUG: getSafeLocalStorage returning object

      at Proxy.apply (src/scripts/modules/base.js:92:26)

  console.warn
    MOCK SET: cameraPowerPlanner_fullBackups__legacyMigrationBackup = [{"createdAt":"2026-01-16T20:14:37.565Z","data":[{

      61 |       return undefined;
      62 |     }
    > 63 |     return originalFn(...args);
         |            ^
      64 |   };
      65 | };
      66 |

      at console.<anonymous> (tests/setup/jest.setup.cjs:63:12)
      at console.apply [as warn] (src/scripts/modules/base.js:92:26)
      at Proxy.apply (src/scripts/modules/base.js:92:26)
      at Proxy.apply (src/scripts/modules/base.js:92:26)
      at Proxy.apply (src/scripts/modules/base.js:92:26)
      at Object.warn (tests/unit/storage.test.js:11:15)
      at setItem (src/scripts/storage.js:5514:19)
      at tryStoreList (src/scripts/storage.js:5521:20)
      at createStorageMigrationBackup (src/scripts/storage.js:5239:3)
      at ensurePreWriteMigrationBackup (src/scripts/storage.js:14567:3)
      at saveFullBackupHistory (src/scripts/storage.js:14593:3)
      at Object.recordFullBackupHistoryEntry (tests/unit/storage.test.js:3392:7)

  console.log
    DEBUG: getSafeLocalStorage returning object

      at Proxy.apply (src/scripts/modules/base.js:92:26)

  console.warn
    MOCK SET: cameraPowerPlanner_fullBackups = [{"createdAt":"2024-01-01T00:00:00Z-0"},{"createdA

      61 |       return undefined;
      62 |     }
    > 63 |     return originalFn(...args);
         |            ^
      64 |   };
      65 | };
      66 |

      at console.<anonymous> (tests/setup/jest.setup.cjs:63:12)
      at console.apply [as warn] (src/scripts/modules/base.js:92:26)
      at Proxy.apply (src/scripts/modules/base.js:92:26)
      at Proxy.apply (src/scripts/modules/base.js:92:26)
      at Proxy.apply (src/scripts/modules/base.js:92:26)
      at Object.warn (tests/unit/storage.test.js:11:15)
      at setItem (src/scripts/storage.js:8463:17)
      at saveJSONToStorage (src/scripts/storage.js:14568:3)
      at saveFullBackupHistory (src/scripts/storage.js:14593:3)
      at Object.recordFullBackupHistoryEntry (tests/unit/storage.test.js:3392:7)

  console.warn
    MOCK SET: cameraPowerPlanner_fullBackups__backup = [{"createdAt":"2024-01-01T00:00:00Z-0"},{"createdA

      61 |       return undefined;
      62 |     }
    > 63 |     return originalFn(...args);
         |            ^
      64 |   };
      65 | };
      66 |

      at console.<anonymous> (tests/setup/jest.setup.cjs:63:12)
      at console.apply [as warn] (src/scripts/modules/base.js:92:26)
      at Proxy.apply (src/scripts/modules/base.js:92:26)
      at Proxy.apply (src/scripts/modules/base.js:92:26)
      at Proxy.apply (src/scripts/modules/base.js:92:26)
      at Object.warn (tests/unit/storage.test.js:11:15)
      at setItem (src/scripts/storage.js:8524:19)
      at tryStoreCandidate (src/scripts/storage.js:8540:13)
      at attemptBackupWrite (src/scripts/storage.js:8617:26)
      at saveJSONToStorage (src/scripts/storage.js:14568:3)
      at saveFullBackupHistory (src/scripts/storage.js:14593:3)
      at Object.recordFullBackupHistoryEntry (tests/unit/storage.test.js:3392:7)

  console.log
    DEBUG: getSafeLocalStorage returning object

      at Proxy.apply (src/scripts/modules/base.js:92:26)

  console.warn
    MOCK SET: cameraPowerPlanner_fullBackups__legacyMigrationBackup = [{"createdAt":"2026-01-16T20:14:37.569Z","data":[{

      61 |       return undefined;
      62 |     }
    > 63 |     return originalFn(...args);
         |            ^
      64 |   };
      65 | };
      66 |

      at console.<anonymous> (tests/setup/jest.setup.cjs:63:12)
      at console.apply [as warn] (src/scripts/modules/base.js:92:26)
      at Proxy.apply (src/scripts/modules/base.js:92:26)
      at Proxy.apply (src/scripts/modules/base.js:92:26)
      at Proxy.apply (src/scripts/modules/base.js:92:26)
      at Object.warn (tests/unit/storage.test.js:11:15)
      at setItem (src/scripts/storage.js:5514:19)
      at tryStoreList (src/scripts/storage.js:5521:20)
      at createStorageMigrationBackup (src/scripts/storage.js:5239:3)
      at ensurePreWriteMigrationBackup (src/scripts/storage.js:14567:3)
      at saveFullBackupHistory (src/scripts/storage.js:14593:3)
      at Object.recordFullBackupHistoryEntry (tests/unit/storage.test.js:3392:7)

  console.log
    DEBUG: getSafeLocalStorage returning object

      at Proxy.apply (src/scripts/modules/base.js:92:26)

  console.warn
    MOCK SET: cameraPowerPlanner_fullBackups = [{"createdAt":"2024-01-01T00:00:00Z-0"},{"createdA

      61 |       return undefined;
      62 |     }
    > 63 |     return originalFn(...args);
         |            ^
      64 |   };
      65 | };
      66 |

      at console.<anonymous> (tests/setup/jest.setup.cjs:63:12)
      at console.apply [as warn] (src/scripts/modules/base.js:92:26)
      at Proxy.apply (src/scripts/modules/base.js:92:26)
      at Proxy.apply (src/scripts/modules/base.js:92:26)
      at Proxy.apply (src/scripts/modules/base.js:92:26)
      at Object.warn (tests/unit/storage.test.js:11:15)
      at setItem (src/scripts/storage.js:8463:17)
      at saveJSONToStorage (src/scripts/storage.js:14568:3)
      at saveFullBackupHistory (src/scripts/storage.js:14593:3)
      at Object.recordFullBackupHistoryEntry (tests/unit/storage.test.js:3392:7)

  console.warn
    MOCK SET: cameraPowerPlanner_fullBackups__backup = [{"createdAt":"2024-01-01T00:00:00Z-0"},{"createdA

      61 |       return undefined;
      62 |     }
    > 63 |     return originalFn(...args);
         |            ^
      64 |   };
      65 | };
      66 |

      at console.<anonymous> (tests/setup/jest.setup.cjs:63:12)
      at console.apply [as warn] (src/scripts/modules/base.js:92:26)
      at Proxy.apply (src/scripts/modules/base.js:92:26)
      at Proxy.apply (src/scripts/modules/base.js:92:26)
      at Proxy.apply (src/scripts/modules/base.js:92:26)
      at Object.warn (tests/unit/storage.test.js:11:15)
      at setItem (src/scripts/storage.js:8524:19)
      at tryStoreCandidate (src/scripts/storage.js:8540:13)
      at attemptBackupWrite (src/scripts/storage.js:8617:26)
      at saveJSONToStorage (src/scripts/storage.js:14568:3)
      at saveFullBackupHistory (src/scripts/storage.js:14593:3)
      at Object.recordFullBackupHistoryEntry (tests/unit/storage.test.js:3392:7)

  console.log
    DEBUG: getSafeLocalStorage returning object

      at Proxy.apply (src/scripts/modules/base.js:92:26)

  console.warn
    MOCK SET: cameraPowerPlanner_fullBackups__legacyMigrationBackup = [{"createdAt":"2026-01-16T20:14:37.572Z","data":[{

      61 |       return undefined;
      62 |     }
    > 63 |     return originalFn(...args);
         |            ^
      64 |   };
      65 | };
      66 |

      at console.<anonymous> (tests/setup/jest.setup.cjs:63:12)
      at console.apply [as warn] (src/scripts/modules/base.js:92:26)
      at Proxy.apply (src/scripts/modules/base.js:92:26)
      at Proxy.apply (src/scripts/modules/base.js:92:26)
      at Proxy.apply (src/scripts/modules/base.js:92:26)
      at Object.warn (tests/unit/storage.test.js:11:15)
      at setItem (src/scripts/storage.js:5514:19)
      at tryStoreList (src/scripts/storage.js:5521:20)
      at createStorageMigrationBackup (src/scripts/storage.js:5239:3)
      at ensurePreWriteMigrationBackup (src/scripts/storage.js:14567:3)
      at saveFullBackupHistory (src/scripts/storage.js:14593:3)
      at Object.recordFullBackupHistoryEntry (tests/unit/storage.test.js:3392:7)

  console.log
    DEBUG: getSafeLocalStorage returning object

      at Proxy.apply (src/scripts/modules/base.js:92:26)

  console.warn
    MOCK SET: cameraPowerPlanner_fullBackups = [{"createdAt":"2024-01-01T00:00:00Z-0"},{"createdA

      61 |       return undefined;
      62 |     }
    > 63 |     return originalFn(...args);
         |            ^
      64 |   };
      65 | };
      66 |

      at console.<anonymous> (tests/setup/jest.setup.cjs:63:12)
      at console.apply [as warn] (src/scripts/modules/base.js:92:26)
      at Proxy.apply (src/scripts/modules/base.js:92:26)
      at Proxy.apply (src/scripts/modules/base.js:92:26)
      at Proxy.apply (src/scripts/modules/base.js:92:26)
      at Object.warn (tests/unit/storage.test.js:11:15)
      at setItem (src/scripts/storage.js:8463:17)
      at saveJSONToStorage (src/scripts/storage.js:14568:3)
      at saveFullBackupHistory (src/scripts/storage.js:14593:3)
      at Object.recordFullBackupHistoryEntry (tests/unit/storage.test.js:3392:7)

  console.warn
    MOCK SET: cameraPowerPlanner_fullBackups__backup = [{"createdAt":"2024-01-01T00:00:00Z-0"},{"createdA

      61 |       return undefined;
      62 |     }
    > 63 |     return originalFn(...args);
         |            ^
      64 |   };
      65 | };
      66 |

      at console.<anonymous> (tests/setup/jest.setup.cjs:63:12)
      at console.apply [as warn] (src/scripts/modules/base.js:92:26)
      at Proxy.apply (src/scripts/modules/base.js:92:26)
      at Proxy.apply (src/scripts/modules/base.js:92:26)
      at Proxy.apply (src/scripts/modules/base.js:92:26)
      at Object.warn (tests/unit/storage.test.js:11:15)
      at setItem (src/scripts/storage.js:8524:19)
      at tryStoreCandidate (src/scripts/storage.js:8540:13)
      at attemptBackupWrite (src/scripts/storage.js:8617:26)
      at saveJSONToStorage (src/scripts/storage.js:14568:3)
      at saveFullBackupHistory (src/scripts/storage.js:14593:3)
      at Object.recordFullBackupHistoryEntry (tests/unit/storage.test.js:3392:7)

  console.log
    DEBUG: getSafeLocalStorage returning object

      at Proxy.apply (src/scripts/modules/base.js:92:26)

  console.warn
    MOCK SET: cameraPowerPlanner_fullBackups__legacyMigrationBackup = [{"createdAt":"2026-01-16T20:14:37.574Z","data":[{

      61 |       return undefined;
      62 |     }
    > 63 |     return originalFn(...args);
         |            ^
      64 |   };
      65 | };
      66 |

      at console.<anonymous> (tests/setup/jest.setup.cjs:63:12)
      at console.apply [as warn] (src/scripts/modules/base.js:92:26)
      at Proxy.apply (src/scripts/modules/base.js:92:26)
      at Proxy.apply (src/scripts/modules/base.js:92:26)
      at Proxy.apply (src/scripts/modules/base.js:92:26)
      at Object.warn (tests/unit/storage.test.js:11:15)
      at setItem (src/scripts/storage.js:5514:19)
      at tryStoreList (src/scripts/storage.js:5521:20)
      at createStorageMigrationBackup (src/scripts/storage.js:5239:3)
      at ensurePreWriteMigrationBackup (src/scripts/storage.js:14567:3)
      at saveFullBackupHistory (src/scripts/storage.js:14593:3)
      at Object.recordFullBackupHistoryEntry (tests/unit/storage.test.js:3392:7)

  console.log
    DEBUG: getSafeLocalStorage returning object

      at Proxy.apply (src/scripts/modules/base.js:92:26)

  console.warn
    MOCK SET: cameraPowerPlanner_fullBackups = [{"createdAt":"2024-01-01T00:00:00Z-0"},{"createdA

      61 |       return undefined;
      62 |     }
    > 63 |     return originalFn(...args);
         |            ^
      64 |   };
      65 | };
      66 |

      at console.<anonymous> (tests/setup/jest.setup.cjs:63:12)
      at console.apply [as warn] (src/scripts/modules/base.js:92:26)
      at Proxy.apply (src/scripts/modules/base.js:92:26)
      at Proxy.apply (src/scripts/modules/base.js:92:26)
      at Proxy.apply (src/scripts/modules/base.js:92:26)
      at Object.warn (tests/unit/storage.test.js:11:15)
      at setItem (src/scripts/storage.js:8463:17)
      at saveJSONToStorage (src/scripts/storage.js:14568:3)
      at saveFullBackupHistory (src/scripts/storage.js:14593:3)
      at Object.recordFullBackupHistoryEntry (tests/unit/storage.test.js:3392:7)

  console.warn
    MOCK SET: cameraPowerPlanner_fullBackups__backup = [{"createdAt":"2024-01-01T00:00:00Z-0"},{"createdA

      61 |       return undefined;
      62 |     }
    > 63 |     return originalFn(...args);
         |            ^
      64 |   };
      65 | };
      66 |

      at console.<anonymous> (tests/setup/jest.setup.cjs:63:12)
      at console.apply [as warn] (src/scripts/modules/base.js:92:26)
      at Proxy.apply (src/scripts/modules/base.js:92:26)
      at Proxy.apply (src/scripts/modules/base.js:92:26)
      at Proxy.apply (src/scripts/modules/base.js:92:26)
      at Object.warn (tests/unit/storage.test.js:11:15)
      at setItem (src/scripts/storage.js:8524:19)
      at tryStoreCandidate (src/scripts/storage.js:8540:13)
      at attemptBackupWrite (src/scripts/storage.js:8617:26)
      at saveJSONToStorage (src/scripts/storage.js:14568:3)
      at saveFullBackupHistory (src/scripts/storage.js:14593:3)
      at Object.recordFullBackupHistoryEntry (tests/unit/storage.test.js:3392:7)

  console.log
    DEBUG: getSafeLocalStorage returning object

      at Proxy.apply (src/scripts/modules/base.js:92:26)

  console.warn
    MOCK SET: cameraPowerPlanner_fullBackups__legacyMigrationBackup = [{"createdAt":"2026-01-16T20:14:37.577Z","data":[{

      61 |       return undefined;
      62 |     }
    > 63 |     return originalFn(...args);
         |            ^
      64 |   };
      65 | };
      66 |

      at console.<anonymous> (tests/setup/jest.setup.cjs:63:12)
      at console.apply [as warn] (src/scripts/modules/base.js:92:26)
      at Proxy.apply (src/scripts/modules/base.js:92:26)
      at Proxy.apply (src/scripts/modules/base.js:92:26)
      at Proxy.apply (src/scripts/modules/base.js:92:26)
      at Object.warn (tests/unit/storage.test.js:11:15)
      at setItem (src/scripts/storage.js:5514:19)
      at tryStoreList (src/scripts/storage.js:5521:20)
      at createStorageMigrationBackup (src/scripts/storage.js:5239:3)
      at ensurePreWriteMigrationBackup (src/scripts/storage.js:14567:3)
      at saveFullBackupHistory (src/scripts/storage.js:14593:3)
      at Object.recordFullBackupHistoryEntry (tests/unit/storage.test.js:3392:7)

  console.log
    DEBUG: getSafeLocalStorage returning object

      at Proxy.apply (src/scripts/modules/base.js:92:26)

  console.warn
    MOCK SET: cameraPowerPlanner_fullBackups = [{"createdAt":"2024-01-01T00:00:00Z-0"},{"createdA

      61 |       return undefined;
      62 |     }
    > 63 |     return originalFn(...args);
         |            ^
      64 |   };
      65 | };
      66 |

      at console.<anonymous> (tests/setup/jest.setup.cjs:63:12)
      at console.apply [as warn] (src/scripts/modules/base.js:92:26)
      at Proxy.apply (src/scripts/modules/base.js:92:26)
      at Proxy.apply (src/scripts/modules/base.js:92:26)
      at Proxy.apply (src/scripts/modules/base.js:92:26)
      at Object.warn (tests/unit/storage.test.js:11:15)
      at setItem (src/scripts/storage.js:8463:17)
      at saveJSONToStorage (src/scripts/storage.js:14568:3)
      at saveFullBackupHistory (src/scripts/storage.js:14593:3)
      at Object.recordFullBackupHistoryEntry (tests/unit/storage.test.js:3392:7)

  console.warn
    MOCK SET: cameraPowerPlanner_fullBackups__backup = [{"createdAt":"2024-01-01T00:00:00Z-0"},{"createdA

      61 |       return undefined;
      62 |     }
    > 63 |     return originalFn(...args);
         |            ^
      64 |   };
      65 | };
      66 |

      at console.<anonymous> (tests/setup/jest.setup.cjs:63:12)
      at console.apply [as warn] (src/scripts/modules/base.js:92:26)
      at Proxy.apply (src/scripts/modules/base.js:92:26)
      at Proxy.apply (src/scripts/modules/base.js:92:26)
      at Proxy.apply (src/scripts/modules/base.js:92:26)
      at Object.warn (tests/unit/storage.test.js:11:15)
      at setItem (src/scripts/storage.js:8524:19)
      at tryStoreCandidate (src/scripts/storage.js:8540:13)
      at attemptBackupWrite (src/scripts/storage.js:8617:26)
      at saveJSONToStorage (src/scripts/storage.js:14568:3)
      at saveFullBackupHistory (src/scripts/storage.js:14593:3)
      at Object.recordFullBackupHistoryEntry (tests/unit/storage.test.js:3392:7)

  console.log
    DEBUG: getSafeLocalStorage returning object

      at Proxy.apply (src/scripts/modules/base.js:92:26)

  console.warn
    MOCK SET: cameraPowerPlanner_fullBackups__legacyMigrationBackup = [{"createdAt":"2026-01-16T20:14:37.579Z","data":[{

      61 |       return undefined;
      62 |     }
    > 63 |     return originalFn(...args);
         |            ^
      64 |   };
      65 | };
      66 |

      at console.<anonymous> (tests/setup/jest.setup.cjs:63:12)
      at console.apply [as warn] (src/scripts/modules/base.js:92:26)
      at Proxy.apply (src/scripts/modules/base.js:92:26)
      at Proxy.apply (src/scripts/modules/base.js:92:26)
      at Proxy.apply (src/scripts/modules/base.js:92:26)
      at Object.warn (tests/unit/storage.test.js:11:15)
      at setItem (src/scripts/storage.js:5514:19)
      at tryStoreList (src/scripts/storage.js:5521:20)
      at createStorageMigrationBackup (src/scripts/storage.js:5239:3)
      at ensurePreWriteMigrationBackup (src/scripts/storage.js:14567:3)
      at saveFullBackupHistory (src/scripts/storage.js:14593:3)
      at Object.recordFullBackupHistoryEntry (tests/unit/storage.test.js:3392:7)

  console.log
    DEBUG: getSafeLocalStorage returning object

      at Proxy.apply (src/scripts/modules/base.js:92:26)

  console.warn
    MOCK SET: cameraPowerPlanner_fullBackups = [{"createdAt":"2024-01-01T00:00:00Z-0"},{"createdA

      61 |       return undefined;
      62 |     }
    > 63 |     return originalFn(...args);
         |            ^
      64 |   };
      65 | };
      66 |

      at console.<anonymous> (tests/setup/jest.setup.cjs:63:12)
      at console.apply [as warn] (src/scripts/modules/base.js:92:26)
      at Proxy.apply (src/scripts/modules/base.js:92:26)
      at Proxy.apply (src/scripts/modules/base.js:92:26)
      at Proxy.apply (src/scripts/modules/base.js:92:26)
      at Object.warn (tests/unit/storage.test.js:11:15)
      at setItem (src/scripts/storage.js:8463:17)
      at saveJSONToStorage (src/scripts/storage.js:14568:3)
      at saveFullBackupHistory (src/scripts/storage.js:14593:3)
      at Object.recordFullBackupHistoryEntry (tests/unit/storage.test.js:3392:7)

  console.warn
    MOCK SET: cameraPowerPlanner_fullBackups__backup = [{"createdAt":"2024-01-01T00:00:00Z-0"},{"createdA

      61 |       return undefined;
      62 |     }
    > 63 |     return originalFn(...args);
         |            ^
      64 |   };
      65 | };
      66 |

      at console.<anonymous> (tests/setup/jest.setup.cjs:63:12)
      at console.apply [as warn] (src/scripts/modules/base.js:92:26)
      at Proxy.apply (src/scripts/modules/base.js:92:26)
      at Proxy.apply (src/scripts/modules/base.js:92:26)
      at Proxy.apply (src/scripts/modules/base.js:92:26)
      at Object.warn (tests/unit/storage.test.js:11:15)
      at setItem (src/scripts/storage.js:8524:19)
      at tryStoreCandidate (src/scripts/storage.js:8540:13)
      at attemptBackupWrite (src/scripts/storage.js:8617:26)
      at saveJSONToStorage (src/scripts/storage.js:14568:3)
      at saveFullBackupHistory (src/scripts/storage.js:14593:3)
      at Object.recordFullBackupHistoryEntry (tests/unit/storage.test.js:3392:7)

  console.log
    DEBUG: getSafeLocalStorage returning object

      at Proxy.apply (src/scripts/modules/base.js:92:26)

  console.warn
    MOCK SET: cameraPowerPlanner_fullBackups__legacyMigrationBackup = [{"createdAt":"2026-01-16T20:14:37.582Z","data":[{

      61 |       return undefined;
      62 |     }
    > 63 |     return originalFn(...args);
         |            ^
      64 |   };
      65 | };
      66 |

      at console.<anonymous> (tests/setup/jest.setup.cjs:63:12)
      at console.apply [as warn] (src/scripts/modules/base.js:92:26)
      at Proxy.apply (src/scripts/modules/base.js:92:26)
      at Proxy.apply (src/scripts/modules/base.js:92:26)
      at Proxy.apply (src/scripts/modules/base.js:92:26)
      at Object.warn (tests/unit/storage.test.js:11:15)
      at setItem (src/scripts/storage.js:5514:19)
      at tryStoreList (src/scripts/storage.js:5521:20)
      at createStorageMigrationBackup (src/scripts/storage.js:5239:3)
      at ensurePreWriteMigrationBackup (src/scripts/storage.js:14567:3)
      at saveFullBackupHistory (src/scripts/storage.js:14593:3)
      at Object.recordFullBackupHistoryEntry (tests/unit/storage.test.js:3392:7)

  console.log
    DEBUG: getSafeLocalStorage returning object

      at Proxy.apply (src/scripts/modules/base.js:92:26)

  console.warn
    MOCK SET: cameraPowerPlanner_fullBackups = [{"createdAt":"2024-01-01T00:00:00Z-0"},{"createdA

      61 |       return undefined;
      62 |     }
    > 63 |     return originalFn(...args);
         |            ^
      64 |   };
      65 | };
      66 |

      at console.<anonymous> (tests/setup/jest.setup.cjs:63:12)
      at console.apply [as warn] (src/scripts/modules/base.js:92:26)
      at Proxy.apply (src/scripts/modules/base.js:92:26)
      at Proxy.apply (src/scripts/modules/base.js:92:26)
      at Proxy.apply (src/scripts/modules/base.js:92:26)
      at Object.warn (tests/unit/storage.test.js:11:15)
      at setItem (src/scripts/storage.js:8463:17)
      at saveJSONToStorage (src/scripts/storage.js:14568:3)
      at saveFullBackupHistory (src/scripts/storage.js:14593:3)
      at Object.recordFullBackupHistoryEntry (tests/unit/storage.test.js:3392:7)

  console.warn
    MOCK SET: cameraPowerPlanner_fullBackups__backup = [{"createdAt":"2024-01-01T00:00:00Z-0"},{"createdA

      61 |       return undefined;
      62 |     }
    > 63 |     return originalFn(...args);
         |            ^
      64 |   };
      65 | };
      66 |

      at console.<anonymous> (tests/setup/jest.setup.cjs:63:12)
      at console.apply [as warn] (src/scripts/modules/base.js:92:26)
      at Proxy.apply (src/scripts/modules/base.js:92:26)
      at Proxy.apply (src/scripts/modules/base.js:92:26)
      at Proxy.apply (src/scripts/modules/base.js:92:26)
      at Object.warn (tests/unit/storage.test.js:11:15)
      at setItem (src/scripts/storage.js:8524:19)
      at tryStoreCandidate (src/scripts/storage.js:8540:13)
      at attemptBackupWrite (src/scripts/storage.js:8617:26)
      at saveJSONToStorage (src/scripts/storage.js:14568:3)
      at saveFullBackupHistory (src/scripts/storage.js:14593:3)
      at Object.recordFullBackupHistoryEntry (tests/unit/storage.test.js:3392:7)

  console.log
    DEBUG: getSafeLocalStorage returning object

      at Proxy.apply (src/scripts/modules/base.js:92:26)

  console.warn
    MOCK SET: cameraPowerPlanner_fullBackups__legacyMigrationBackup = [{"createdAt":"2026-01-16T20:14:37.584Z","data":[{

      61 |       return undefined;
      62 |     }
    > 63 |     return originalFn(...args);
         |            ^
      64 |   };
      65 | };
      66 |

      at console.<anonymous> (tests/setup/jest.setup.cjs:63:12)
      at console.apply [as warn] (src/scripts/modules/base.js:92:26)
      at Proxy.apply (src/scripts/modules/base.js:92:26)
      at Proxy.apply (src/scripts/modules/base.js:92:26)
      at Proxy.apply (src/scripts/modules/base.js:92:26)
      at Object.warn (tests/unit/storage.test.js:11:15)
      at setItem (src/scripts/storage.js:5514:19)
      at tryStoreList (src/scripts/storage.js:5521:20)
      at createStorageMigrationBackup (src/scripts/storage.js:5239:3)
      at ensurePreWriteMigrationBackup (src/scripts/storage.js:14567:3)
      at saveFullBackupHistory (src/scripts/storage.js:14593:3)
      at Object.recordFullBackupHistoryEntry (tests/unit/storage.test.js:3392:7)

  console.log
    DEBUG: getSafeLocalStorage returning object

      at Proxy.apply (src/scripts/modules/base.js:92:26)

  console.warn
    MOCK SET: cameraPowerPlanner_fullBackups = [{"createdAt":"2024-01-01T00:00:00Z-0"},{"createdA

      61 |       return undefined;
      62 |     }
    > 63 |     return originalFn(...args);
         |            ^
      64 |   };
      65 | };
      66 |

      at console.<anonymous> (tests/setup/jest.setup.cjs:63:12)
      at console.apply [as warn] (src/scripts/modules/base.js:92:26)
      at Proxy.apply (src/scripts/modules/base.js:92:26)
      at Proxy.apply (src/scripts/modules/base.js:92:26)
      at Proxy.apply (src/scripts/modules/base.js:92:26)
      at Object.warn (tests/unit/storage.test.js:11:15)
      at setItem (src/scripts/storage.js:8463:17)
      at saveJSONToStorage (src/scripts/storage.js:14568:3)
      at saveFullBackupHistory (src/scripts/storage.js:14593:3)
      at Object.recordFullBackupHistoryEntry (tests/unit/storage.test.js:3392:7)

  console.warn
    MOCK SET: cameraPowerPlanner_fullBackups__backup = [{"createdAt":"2024-01-01T00:00:00Z-0"},{"createdA

      61 |       return undefined;
      62 |     }
    > 63 |     return originalFn(...args);
         |            ^
      64 |   };
      65 | };
      66 |

      at console.<anonymous> (tests/setup/jest.setup.cjs:63:12)
      at console.apply [as warn] (src/scripts/modules/base.js:92:26)
      at Proxy.apply (src/scripts/modules/base.js:92:26)
      at Proxy.apply (src/scripts/modules/base.js:92:26)
      at Proxy.apply (src/scripts/modules/base.js:92:26)
      at Object.warn (tests/unit/storage.test.js:11:15)
      at setItem (src/scripts/storage.js:8524:19)
      at tryStoreCandidate (src/scripts/storage.js:8540:13)
      at attemptBackupWrite (src/scripts/storage.js:8617:26)
      at saveJSONToStorage (src/scripts/storage.js:14568:3)
      at saveFullBackupHistory (src/scripts/storage.js:14593:3)
      at Object.recordFullBackupHistoryEntry (tests/unit/storage.test.js:3392:7)

  console.log
    DEBUG: getSafeLocalStorage returning object

      at Proxy.apply (src/scripts/modules/base.js:92:26)

  console.warn
    MOCK SET: cameraPowerPlanner_fullBackups__legacyMigrationBackup = [{"createdAt":"2026-01-16T20:14:37.586Z","data":[{

      61 |       return undefined;
      62 |     }
    > 63 |     return originalFn(...args);
         |            ^
      64 |   };
      65 | };
      66 |

      at console.<anonymous> (tests/setup/jest.setup.cjs:63:12)
      at console.apply [as warn] (src/scripts/modules/base.js:92:26)
      at Proxy.apply (src/scripts/modules/base.js:92:26)
      at Proxy.apply (src/scripts/modules/base.js:92:26)
      at Proxy.apply (src/scripts/modules/base.js:92:26)
      at Object.warn (tests/unit/storage.test.js:11:15)
      at setItem (src/scripts/storage.js:5514:19)
      at tryStoreList (src/scripts/storage.js:5521:20)
      at createStorageMigrationBackup (src/scripts/storage.js:5239:3)
      at ensurePreWriteMigrationBackup (src/scripts/storage.js:14567:3)
      at saveFullBackupHistory (src/scripts/storage.js:14593:3)
      at Object.recordFullBackupHistoryEntry (tests/unit/storage.test.js:3392:7)

  console.log
    DEBUG: getSafeLocalStorage returning object

      at Proxy.apply (src/scripts/modules/base.js:92:26)

  console.warn
    MOCK SET: cameraPowerPlanner_fullBackups = [{"createdAt":"2024-01-01T00:00:00Z-0"},{"createdA

      61 |       return undefined;
      62 |     }
    > 63 |     return originalFn(...args);
         |            ^
      64 |   };
      65 | };
      66 |

      at console.<anonymous> (tests/setup/jest.setup.cjs:63:12)
      at console.apply [as warn] (src/scripts/modules/base.js:92:26)
      at Proxy.apply (src/scripts/modules/base.js:92:26)
      at Proxy.apply (src/scripts/modules/base.js:92:26)
      at Proxy.apply (src/scripts/modules/base.js:92:26)
      at Object.warn (tests/unit/storage.test.js:11:15)
      at setItem (src/scripts/storage.js:8463:17)
      at saveJSONToStorage (src/scripts/storage.js:14568:3)
      at saveFullBackupHistory (src/scripts/storage.js:14593:3)
      at Object.recordFullBackupHistoryEntry (tests/unit/storage.test.js:3392:7)

  console.warn
    MOCK SET: cameraPowerPlanner_fullBackups__backup = [{"createdAt":"2024-01-01T00:00:00Z-0"},{"createdA

      61 |       return undefined;
      62 |     }
    > 63 |     return originalFn(...args);
         |            ^
      64 |   };
      65 | };
      66 |

      at console.<anonymous> (tests/setup/jest.setup.cjs:63:12)
      at console.apply [as warn] (src/scripts/modules/base.js:92:26)
      at Proxy.apply (src/scripts/modules/base.js:92:26)
      at Proxy.apply (src/scripts/modules/base.js:92:26)
      at Proxy.apply (src/scripts/modules/base.js:92:26)
      at Object.warn (tests/unit/storage.test.js:11:15)
      at setItem (src/scripts/storage.js:8524:19)
      at tryStoreCandidate (src/scripts/storage.js:8540:13)
      at attemptBackupWrite (src/scripts/storage.js:8617:26)
      at saveJSONToStorage (src/scripts/storage.js:14568:3)
      at saveFullBackupHistory (src/scripts/storage.js:14593:3)
      at Object.recordFullBackupHistoryEntry (tests/unit/storage.test.js:3392:7)

  console.log
    DEBUG: getSafeLocalStorage returning object

      at Proxy.apply (src/scripts/modules/base.js:92:26)

  console.warn
    MOCK SET: cameraPowerPlanner_fullBackups__legacyMigrationBackup = [{"createdAt":"2026-01-16T20:14:37.591Z","data":[{

      61 |       return undefined;
      62 |     }
    > 63 |     return originalFn(...args);
         |            ^
      64 |   };
      65 | };
      66 |

      at console.<anonymous> (tests/setup/jest.setup.cjs:63:12)
      at console.apply [as warn] (src/scripts/modules/base.js:92:26)
      at Proxy.apply (src/scripts/modules/base.js:92:26)
      at Proxy.apply (src/scripts/modules/base.js:92:26)
      at Proxy.apply (src/scripts/modules/base.js:92:26)
      at Object.warn (tests/unit/storage.test.js:11:15)
      at setItem (src/scripts/storage.js:5514:19)
      at tryStoreList (src/scripts/storage.js:5521:20)
      at createStorageMigrationBackup (src/scripts/storage.js:5239:3)
      at ensurePreWriteMigrationBackup (src/scripts/storage.js:14567:3)
      at saveFullBackupHistory (src/scripts/storage.js:14593:3)
      at Object.recordFullBackupHistoryEntry (tests/unit/storage.test.js:3392:7)

  console.log
    DEBUG: getSafeLocalStorage returning object

      at Proxy.apply (src/scripts/modules/base.js:92:26)

  console.warn
    MOCK SET: cameraPowerPlanner_fullBackups = [{"createdAt":"2024-01-01T00:00:00Z-0"},{"createdA

      61 |       return undefined;
      62 |     }
    > 63 |     return originalFn(...args);
         |            ^
      64 |   };
      65 | };
      66 |

      at console.<anonymous> (tests/setup/jest.setup.cjs:63:12)
      at console.apply [as warn] (src/scripts/modules/base.js:92:26)
      at Proxy.apply (src/scripts/modules/base.js:92:26)
      at Proxy.apply (src/scripts/modules/base.js:92:26)
      at Proxy.apply (src/scripts/modules/base.js:92:26)
      at Object.warn (tests/unit/storage.test.js:11:15)
      at setItem (src/scripts/storage.js:8463:17)
      at saveJSONToStorage (src/scripts/storage.js:14568:3)
      at saveFullBackupHistory (src/scripts/storage.js:14593:3)
      at Object.recordFullBackupHistoryEntry (tests/unit/storage.test.js:3392:7)

  console.warn
    MOCK SET: cameraPowerPlanner_fullBackups__backup = [{"createdAt":"2024-01-01T00:00:00Z-0"},{"createdA

      61 |       return undefined;
      62 |     }
    > 63 |     return originalFn(...args);
         |            ^
      64 |   };
      65 | };
      66 |

      at console.<anonymous> (tests/setup/jest.setup.cjs:63:12)
      at console.apply [as warn] (src/scripts/modules/base.js:92:26)
      at Proxy.apply (src/scripts/modules/base.js:92:26)
      at Proxy.apply (src/scripts/modules/base.js:92:26)
      at Proxy.apply (src/scripts/modules/base.js:92:26)
      at Object.warn (tests/unit/storage.test.js:11:15)
      at setItem (src/scripts/storage.js:8524:19)
      at tryStoreCandidate (src/scripts/storage.js:8540:13)
      at attemptBackupWrite (src/scripts/storage.js:8617:26)
      at saveJSONToStorage (src/scripts/storage.js:14568:3)
      at saveFullBackupHistory (src/scripts/storage.js:14593:3)
      at Object.recordFullBackupHistoryEntry (tests/unit/storage.test.js:3392:7)

  console.log
    DEBUG: getSafeLocalStorage returning object

      at Proxy.apply (src/scripts/modules/base.js:92:26)

  console.warn
    MOCK SET: cameraPowerPlanner_fullBackups__legacyMigrationBackup = [{"createdAt":"2026-01-16T20:14:37.594Z","data":[{

      61 |       return undefined;
      62 |     }
    > 63 |     return originalFn(...args);
         |            ^
      64 |   };
      65 | };
      66 |

      at console.<anonymous> (tests/setup/jest.setup.cjs:63:12)
      at console.apply [as warn] (src/scripts/modules/base.js:92:26)
      at Proxy.apply (src/scripts/modules/base.js:92:26)
      at Proxy.apply (src/scripts/modules/base.js:92:26)
      at Proxy.apply (src/scripts/modules/base.js:92:26)
      at Object.warn (tests/unit/storage.test.js:11:15)
      at setItem (src/scripts/storage.js:5514:19)
      at tryStoreList (src/scripts/storage.js:5521:20)
      at createStorageMigrationBackup (src/scripts/storage.js:5239:3)
      at ensurePreWriteMigrationBackup (src/scripts/storage.js:14567:3)
      at saveFullBackupHistory (src/scripts/storage.js:14593:3)
      at Object.recordFullBackupHistoryEntry (tests/unit/storage.test.js:3392:7)

  console.log
    DEBUG: getSafeLocalStorage returning object

      at Proxy.apply (src/scripts/modules/base.js:92:26)

  console.warn
    MOCK SET: cameraPowerPlanner_fullBackups = [{"createdAt":"2024-01-01T00:00:00Z-0"},{"createdA

      61 |       return undefined;
      62 |     }
    > 63 |     return originalFn(...args);
         |            ^
      64 |   };
      65 | };
      66 |

      at console.<anonymous> (tests/setup/jest.setup.cjs:63:12)
      at console.apply [as warn] (src/scripts/modules/base.js:92:26)
      at Proxy.apply (src/scripts/modules/base.js:92:26)
      at Proxy.apply (src/scripts/modules/base.js:92:26)
      at Proxy.apply (src/scripts/modules/base.js:92:26)
      at Object.warn (tests/unit/storage.test.js:11:15)
      at setItem (src/scripts/storage.js:8463:17)
      at saveJSONToStorage (src/scripts/storage.js:14568:3)
      at saveFullBackupHistory (src/scripts/storage.js:14593:3)
      at Object.recordFullBackupHistoryEntry (tests/unit/storage.test.js:3392:7)

  console.warn
    MOCK SET: cameraPowerPlanner_fullBackups__backup = [{"createdAt":"2024-01-01T00:00:00Z-0"},{"createdA

      61 |       return undefined;
      62 |     }
    > 63 |     return originalFn(...args);
         |            ^
      64 |   };
      65 | };
      66 |

      at console.<anonymous> (tests/setup/jest.setup.cjs:63:12)
      at console.apply [as warn] (src/scripts/modules/base.js:92:26)
      at Proxy.apply (src/scripts/modules/base.js:92:26)
      at Proxy.apply (src/scripts/modules/base.js:92:26)
      at Proxy.apply (src/scripts/modules/base.js:92:26)
      at Object.warn (tests/unit/storage.test.js:11:15)
      at setItem (src/scripts/storage.js:8524:19)
      at tryStoreCandidate (src/scripts/storage.js:8540:13)
      at attemptBackupWrite (src/scripts/storage.js:8617:26)
      at saveJSONToStorage (src/scripts/storage.js:14568:3)
      at saveFullBackupHistory (src/scripts/storage.js:14593:3)
      at Object.recordFullBackupHistoryEntry (tests/unit/storage.test.js:3392:7)

  console.log
    DEBUG: getSafeLocalStorage returning object

      at Proxy.apply (src/scripts/modules/base.js:92:26)

  console.warn
    MOCK SET: cameraPowerPlanner_fullBackups__legacyMigrationBackup = [{"createdAt":"2026-01-16T20:14:37.596Z","data":[{

      61 |       return undefined;
      62 |     }
    > 63 |     return originalFn(...args);
         |            ^
      64 |   };
      65 | };
      66 |

      at console.<anonymous> (tests/setup/jest.setup.cjs:63:12)
      at console.apply [as warn] (src/scripts/modules/base.js:92:26)
      at Proxy.apply (src/scripts/modules/base.js:92:26)
      at Proxy.apply (src/scripts/modules/base.js:92:26)
      at Proxy.apply (src/scripts/modules/base.js:92:26)
      at Object.warn (tests/unit/storage.test.js:11:15)
      at setItem (src/scripts/storage.js:5514:19)
      at tryStoreList (src/scripts/storage.js:5521:20)
      at createStorageMigrationBackup (src/scripts/storage.js:5239:3)
      at ensurePreWriteMigrationBackup (src/scripts/storage.js:14567:3)
      at saveFullBackupHistory (src/scripts/storage.js:14593:3)
      at Object.recordFullBackupHistoryEntry (tests/unit/storage.test.js:3392:7)

  console.log
    DEBUG: getSafeLocalStorage returning object

      at Proxy.apply (src/scripts/modules/base.js:92:26)

  console.warn
    MOCK SET: cameraPowerPlanner_fullBackups = [{"createdAt":"2024-01-01T00:00:00Z-0"},{"createdA

      61 |       return undefined;
      62 |     }
    > 63 |     return originalFn(...args);
         |            ^
      64 |   };
      65 | };
      66 |

      at console.<anonymous> (tests/setup/jest.setup.cjs:63:12)
      at console.apply [as warn] (src/scripts/modules/base.js:92:26)
      at Proxy.apply (src/scripts/modules/base.js:92:26)
      at Proxy.apply (src/scripts/modules/base.js:92:26)
      at Proxy.apply (src/scripts/modules/base.js:92:26)
      at Object.warn (tests/unit/storage.test.js:11:15)
      at setItem (src/scripts/storage.js:8463:17)
      at saveJSONToStorage (src/scripts/storage.js:14568:3)
      at saveFullBackupHistory (src/scripts/storage.js:14593:3)
      at Object.recordFullBackupHistoryEntry (tests/unit/storage.test.js:3392:7)

  console.warn
    MOCK SET: cameraPowerPlanner_fullBackups__backup = [{"createdAt":"2024-01-01T00:00:00Z-0"},{"createdA

      61 |       return undefined;
      62 |     }
    > 63 |     return originalFn(...args);
         |            ^
      64 |   };
      65 | };
      66 |

      at console.<anonymous> (tests/setup/jest.setup.cjs:63:12)
      at console.apply [as warn] (src/scripts/modules/base.js:92:26)
      at Proxy.apply (src/scripts/modules/base.js:92:26)
      at Proxy.apply (src/scripts/modules/base.js:92:26)
      at Proxy.apply (src/scripts/modules/base.js:92:26)
      at Object.warn (tests/unit/storage.test.js:11:15)
      at setItem (src/scripts/storage.js:8524:19)
      at tryStoreCandidate (src/scripts/storage.js:8540:13)
      at attemptBackupWrite (src/scripts/storage.js:8617:26)
      at saveJSONToStorage (src/scripts/storage.js:14568:3)
      at saveFullBackupHistory (src/scripts/storage.js:14593:3)
      at Object.recordFullBackupHistoryEntry (tests/unit/storage.test.js:3392:7)

  console.log
    DEBUG: getSafeLocalStorage returning object

      at Proxy.apply (src/scripts/modules/base.js:92:26)

  console.warn
    MOCK SET: cameraPowerPlanner_fullBackups__legacyMigrationBackup = [{"createdAt":"2026-01-16T20:14:37.599Z","data":[{

      61 |       return undefined;
      62 |     }
    > 63 |     return originalFn(...args);
         |            ^
      64 |   };
      65 | };
      66 |

      at console.<anonymous> (tests/setup/jest.setup.cjs:63:12)
      at console.apply [as warn] (src/scripts/modules/base.js:92:26)
      at Proxy.apply (src/scripts/modules/base.js:92:26)
      at Proxy.apply (src/scripts/modules/base.js:92:26)
      at Proxy.apply (src/scripts/modules/base.js:92:26)
      at Object.warn (tests/unit/storage.test.js:11:15)
      at setItem (src/scripts/storage.js:5514:19)
      at tryStoreList (src/scripts/storage.js:5521:20)
      at createStorageMigrationBackup (src/scripts/storage.js:5239:3)
      at ensurePreWriteMigrationBackup (src/scripts/storage.js:14567:3)
      at saveFullBackupHistory (src/scripts/storage.js:14593:3)
      at Object.recordFullBackupHistoryEntry (tests/unit/storage.test.js:3392:7)

  console.log
    DEBUG: getSafeLocalStorage returning object

      at Proxy.apply (src/scripts/modules/base.js:92:26)

  console.warn
    MOCK SET: cameraPowerPlanner_fullBackups = [{"createdAt":"2024-01-01T00:00:00Z-0"},{"createdA

      61 |       return undefined;
      62 |     }
    > 63 |     return originalFn(...args);
         |            ^
      64 |   };
      65 | };
      66 |

      at console.<anonymous> (tests/setup/jest.setup.cjs:63:12)
      at console.apply [as warn] (src/scripts/modules/base.js:92:26)
      at Proxy.apply (src/scripts/modules/base.js:92:26)
      at Proxy.apply (src/scripts/modules/base.js:92:26)
      at Proxy.apply (src/scripts/modules/base.js:92:26)
      at Object.warn (tests/unit/storage.test.js:11:15)
      at setItem (src/scripts/storage.js:8463:17)
      at saveJSONToStorage (src/scripts/storage.js:14568:3)
      at saveFullBackupHistory (src/scripts/storage.js:14593:3)
      at Object.recordFullBackupHistoryEntry (tests/unit/storage.test.js:3392:7)

  console.warn
    MOCK SET: cameraPowerPlanner_fullBackups__backup = [{"createdAt":"2024-01-01T00:00:00Z-0"},{"createdA

      61 |       return undefined;
      62 |     }
    > 63 |     return originalFn(...args);
         |            ^
      64 |   };
      65 | };
      66 |

      at console.<anonymous> (tests/setup/jest.setup.cjs:63:12)
      at console.apply [as warn] (src/scripts/modules/base.js:92:26)
      at Proxy.apply (src/scripts/modules/base.js:92:26)
      at Proxy.apply (src/scripts/modules/base.js:92:26)
      at Proxy.apply (src/scripts/modules/base.js:92:26)
      at Object.warn (tests/unit/storage.test.js:11:15)
      at setItem (src/scripts/storage.js:8524:19)
      at tryStoreCandidate (src/scripts/storage.js:8540:13)
      at attemptBackupWrite (src/scripts/storage.js:8617:26)
      at saveJSONToStorage (src/scripts/storage.js:14568:3)
      at saveFullBackupHistory (src/scripts/storage.js:14593:3)
      at Object.recordFullBackupHistoryEntry (tests/unit/storage.test.js:3392:7)

  console.log
    DEBUG: getSafeLocalStorage returning object

      at Proxy.apply (src/scripts/modules/base.js:92:26)

  console.warn
    MOCK SET: cameraPowerPlanner_fullBackups__legacyMigrationBackup = [{"createdAt":"2026-01-16T20:14:37.602Z","data":[{

      61 |       return undefined;
      62 |     }
    > 63 |     return originalFn(...args);
         |            ^
      64 |   };
      65 | };
      66 |

      at console.<anonymous> (tests/setup/jest.setup.cjs:63:12)
      at console.apply [as warn] (src/scripts/modules/base.js:92:26)
      at Proxy.apply (src/scripts/modules/base.js:92:26)
      at Proxy.apply (src/scripts/modules/base.js:92:26)
      at Proxy.apply (src/scripts/modules/base.js:92:26)
      at Object.warn (tests/unit/storage.test.js:11:15)
      at setItem (src/scripts/storage.js:5514:19)
      at tryStoreList (src/scripts/storage.js:5521:20)
      at createStorageMigrationBackup (src/scripts/storage.js:5239:3)
      at ensurePreWriteMigrationBackup (src/scripts/storage.js:14567:3)
      at saveFullBackupHistory (src/scripts/storage.js:14593:3)
      at Object.recordFullBackupHistoryEntry (tests/unit/storage.test.js:3392:7)

  console.log
    DEBUG: getSafeLocalStorage returning object

      at Proxy.apply (src/scripts/modules/base.js:92:26)

  console.warn
    MOCK SET: cameraPowerPlanner_fullBackups = [{"createdAt":"2024-01-01T00:00:00Z-0"},{"createdA

      61 |       return undefined;
      62 |     }
    > 63 |     return originalFn(...args);
         |            ^
      64 |   };
      65 | };
      66 |

      at console.<anonymous> (tests/setup/jest.setup.cjs:63:12)
      at console.apply [as warn] (src/scripts/modules/base.js:92:26)
      at Proxy.apply (src/scripts/modules/base.js:92:26)
      at Proxy.apply (src/scripts/modules/base.js:92:26)
      at Proxy.apply (src/scripts/modules/base.js:92:26)
      at Object.warn (tests/unit/storage.test.js:11:15)
      at setItem (src/scripts/storage.js:8463:17)
      at saveJSONToStorage (src/scripts/storage.js:14568:3)
      at saveFullBackupHistory (src/scripts/storage.js:14593:3)
      at Object.recordFullBackupHistoryEntry (tests/unit/storage.test.js:3392:7)

  console.warn
    MOCK SET: cameraPowerPlanner_fullBackups__backup = [{"createdAt":"2024-01-01T00:00:00Z-0"},{"createdA

      61 |       return undefined;
      62 |     }
    > 63 |     return originalFn(...args);
         |            ^
      64 |   };
      65 | };
      66 |

      at console.<anonymous> (tests/setup/jest.setup.cjs:63:12)
      at console.apply [as warn] (src/scripts/modules/base.js:92:26)
      at Proxy.apply (src/scripts/modules/base.js:92:26)
      at Proxy.apply (src/scripts/modules/base.js:92:26)
      at Proxy.apply (src/scripts/modules/base.js:92:26)
      at Object.warn (tests/unit/storage.test.js:11:15)
      at setItem (src/scripts/storage.js:8524:19)
      at tryStoreCandidate (src/scripts/storage.js:8540:13)
      at attemptBackupWrite (src/scripts/storage.js:8617:26)
      at saveJSONToStorage (src/scripts/storage.js:14568:3)
      at saveFullBackupHistory (src/scripts/storage.js:14593:3)
      at Object.recordFullBackupHistoryEntry (tests/unit/storage.test.js:3392:7)

  console.log
    DEBUG: getSafeLocalStorage returning object

      at Proxy.apply (src/scripts/modules/base.js:92:26)

  console.warn
    MOCK SET: cameraPowerPlanner_fullBackups__legacyMigrationBackup = [{"createdAt":"2026-01-16T20:14:37.605Z","data":[{

      61 |       return undefined;
      62 |     }
    > 63 |     return originalFn(...args);
         |            ^
      64 |   };
      65 | };
      66 |

      at console.<anonymous> (tests/setup/jest.setup.cjs:63:12)
      at console.apply [as warn] (src/scripts/modules/base.js:92:26)
      at Proxy.apply (src/scripts/modules/base.js:92:26)
      at Proxy.apply (src/scripts/modules/base.js:92:26)
      at Proxy.apply (src/scripts/modules/base.js:92:26)
      at Object.warn (tests/unit/storage.test.js:11:15)
      at setItem (src/scripts/storage.js:5514:19)
      at tryStoreList (src/scripts/storage.js:5521:20)
      at createStorageMigrationBackup (src/scripts/storage.js:5239:3)
      at ensurePreWriteMigrationBackup (src/scripts/storage.js:14567:3)
      at saveFullBackupHistory (src/scripts/storage.js:14593:3)
      at Object.recordFullBackupHistoryEntry (tests/unit/storage.test.js:3392:7)

  console.log
    DEBUG: getSafeLocalStorage returning object

      at Proxy.apply (src/scripts/modules/base.js:92:26)

  console.warn
    MOCK SET: cameraPowerPlanner_fullBackups = [{"createdAt":"2024-01-01T00:00:00Z-0"},{"createdA

      61 |       return undefined;
      62 |     }
    > 63 |     return originalFn(...args);
         |            ^
      64 |   };
      65 | };
      66 |

      at console.<anonymous> (tests/setup/jest.setup.cjs:63:12)
      at console.apply [as warn] (src/scripts/modules/base.js:92:26)
      at Proxy.apply (src/scripts/modules/base.js:92:26)
      at Proxy.apply (src/scripts/modules/base.js:92:26)
      at Proxy.apply (src/scripts/modules/base.js:92:26)
      at Object.warn (tests/unit/storage.test.js:11:15)
      at setItem (src/scripts/storage.js:8463:17)
      at saveJSONToStorage (src/scripts/storage.js:14568:3)
      at saveFullBackupHistory (src/scripts/storage.js:14593:3)
      at Object.recordFullBackupHistoryEntry (tests/unit/storage.test.js:3392:7)

  console.warn
    MOCK SET: cameraPowerPlanner_fullBackups__backup = [{"createdAt":"2024-01-01T00:00:00Z-0"},{"createdA

      61 |       return undefined;
      62 |     }
    > 63 |     return originalFn(...args);
         |            ^
      64 |   };
      65 | };
      66 |

      at console.<anonymous> (tests/setup/jest.setup.cjs:63:12)
      at console.apply [as warn] (src/scripts/modules/base.js:92:26)
      at Proxy.apply (src/scripts/modules/base.js:92:26)
      at Proxy.apply (src/scripts/modules/base.js:92:26)
      at Proxy.apply (src/scripts/modules/base.js:92:26)
      at Object.warn (tests/unit/storage.test.js:11:15)
      at setItem (src/scripts/storage.js:8524:19)
      at tryStoreCandidate (src/scripts/storage.js:8540:13)
      at attemptBackupWrite (src/scripts/storage.js:8617:26)
      at saveJSONToStorage (src/scripts/storage.js:14568:3)
      at saveFullBackupHistory (src/scripts/storage.js:14593:3)
      at Object.recordFullBackupHistoryEntry (tests/unit/storage.test.js:3392:7)

  console.log
    DEBUG: getSafeLocalStorage returning object

      at Proxy.apply (src/scripts/modules/base.js:92:26)

  console.warn
    MOCK SET: cameraPowerPlanner_fullBackups__legacyMigrationBackup = [{"createdAt":"2026-01-16T20:14:37.607Z","data":[{

      61 |       return undefined;
      62 |     }
    > 63 |     return originalFn(...args);
         |            ^
      64 |   };
      65 | };
      66 |

      at console.<anonymous> (tests/setup/jest.setup.cjs:63:12)
      at console.apply [as warn] (src/scripts/modules/base.js:92:26)
      at Proxy.apply (src/scripts/modules/base.js:92:26)
      at Proxy.apply (src/scripts/modules/base.js:92:26)
      at Proxy.apply (src/scripts/modules/base.js:92:26)
      at Object.warn (tests/unit/storage.test.js:11:15)
      at setItem (src/scripts/storage.js:5514:19)
      at tryStoreList (src/scripts/storage.js:5521:20)
      at createStorageMigrationBackup (src/scripts/storage.js:5239:3)
      at ensurePreWriteMigrationBackup (src/scripts/storage.js:14567:3)
      at saveFullBackupHistory (src/scripts/storage.js:14593:3)
      at Object.recordFullBackupHistoryEntry (tests/unit/storage.test.js:3392:7)

  console.log
    DEBUG: getSafeLocalStorage returning object

      at Proxy.apply (src/scripts/modules/base.js:92:26)

  console.warn
    MOCK SET: cameraPowerPlanner_fullBackups = [{"createdAt":"2024-01-01T00:00:00Z-0"},{"createdA

      61 |       return undefined;
      62 |     }
    > 63 |     return originalFn(...args);
         |            ^
      64 |   };
      65 | };
      66 |

      at console.<anonymous> (tests/setup/jest.setup.cjs:63:12)
      at console.apply [as warn] (src/scripts/modules/base.js:92:26)
      at Proxy.apply (src/scripts/modules/base.js:92:26)
      at Proxy.apply (src/scripts/modules/base.js:92:26)
      at Proxy.apply (src/scripts/modules/base.js:92:26)
      at Object.warn (tests/unit/storage.test.js:11:15)
      at setItem (src/scripts/storage.js:8463:17)
      at saveJSONToStorage (src/scripts/storage.js:14568:3)
      at saveFullBackupHistory (src/scripts/storage.js:14593:3)
      at Object.recordFullBackupHistoryEntry (tests/unit/storage.test.js:3392:7)

  console.warn
    MOCK SET: cameraPowerPlanner_fullBackups__backup = [{"createdAt":"2024-01-01T00:00:00Z-0"},{"createdA

      61 |       return undefined;
      62 |     }
    > 63 |     return originalFn(...args);
         |            ^
      64 |   };
      65 | };
      66 |

      at console.<anonymous> (tests/setup/jest.setup.cjs:63:12)
      at console.apply [as warn] (src/scripts/modules/base.js:92:26)
      at Proxy.apply (src/scripts/modules/base.js:92:26)
      at Proxy.apply (src/scripts/modules/base.js:92:26)
      at Proxy.apply (src/scripts/modules/base.js:92:26)
      at Object.warn (tests/unit/storage.test.js:11:15)
      at setItem (src/scripts/storage.js:8524:19)
      at tryStoreCandidate (src/scripts/storage.js:8540:13)
      at attemptBackupWrite (src/scripts/storage.js:8617:26)
      at saveJSONToStorage (src/scripts/storage.js:14568:3)
      at saveFullBackupHistory (src/scripts/storage.js:14593:3)
      at Object.recordFullBackupHistoryEntry (tests/unit/storage.test.js:3392:7)

  console.log
    DEBUG: getSafeLocalStorage returning object

      at Proxy.apply (src/scripts/modules/base.js:92:26)

  console.warn
    MOCK SET: cameraPowerPlanner_fullBackups__legacyMigrationBackup = [{"createdAt":"2026-01-16T20:14:37.610Z","data":[{

      61 |       return undefined;
      62 |     }
    > 63 |     return originalFn(...args);
         |            ^
      64 |   };
      65 | };
      66 |

      at console.<anonymous> (tests/setup/jest.setup.cjs:63:12)
      at console.apply [as warn] (src/scripts/modules/base.js:92:26)
      at Proxy.apply (src/scripts/modules/base.js:92:26)
      at Proxy.apply (src/scripts/modules/base.js:92:26)
      at Proxy.apply (src/scripts/modules/base.js:92:26)
      at Object.warn (tests/unit/storage.test.js:11:15)
      at setItem (src/scripts/storage.js:5514:19)
      at tryStoreList (src/scripts/storage.js:5521:20)
      at createStorageMigrationBackup (src/scripts/storage.js:5239:3)
      at ensurePreWriteMigrationBackup (src/scripts/storage.js:14567:3)
      at saveFullBackupHistory (src/scripts/storage.js:14593:3)
      at Object.recordFullBackupHistoryEntry (tests/unit/storage.test.js:3392:7)

  console.log
    DEBUG: getSafeLocalStorage returning object

      at Proxy.apply (src/scripts/modules/base.js:92:26)

  console.warn
    MOCK SET: cameraPowerPlanner_fullBackups = [{"createdAt":"2024-01-01T00:00:00Z-0"},{"createdA

      61 |       return undefined;
      62 |     }
    > 63 |     return originalFn(...args);
         |            ^
      64 |   };
      65 | };
      66 |

      at console.<anonymous> (tests/setup/jest.setup.cjs:63:12)
      at console.apply [as warn] (src/scripts/modules/base.js:92:26)
      at Proxy.apply (src/scripts/modules/base.js:92:26)
      at Proxy.apply (src/scripts/modules/base.js:92:26)
      at Proxy.apply (src/scripts/modules/base.js:92:26)
      at Object.warn (tests/unit/storage.test.js:11:15)
      at setItem (src/scripts/storage.js:8463:17)
      at saveJSONToStorage (src/scripts/storage.js:14568:3)
      at saveFullBackupHistory (src/scripts/storage.js:14593:3)
      at Object.recordFullBackupHistoryEntry (tests/unit/storage.test.js:3392:7)

  console.warn
    MOCK SET: cameraPowerPlanner_fullBackups__backup = [{"createdAt":"2024-01-01T00:00:00Z-0"},{"createdA

      61 |       return undefined;
      62 |     }
    > 63 |     return originalFn(...args);
         |            ^
      64 |   };
      65 | };
      66 |

      at console.<anonymous> (tests/setup/jest.setup.cjs:63:12)
      at console.apply [as warn] (src/scripts/modules/base.js:92:26)
      at Proxy.apply (src/scripts/modules/base.js:92:26)
      at Proxy.apply (src/scripts/modules/base.js:92:26)
      at Proxy.apply (src/scripts/modules/base.js:92:26)
      at Object.warn (tests/unit/storage.test.js:11:15)
      at setItem (src/scripts/storage.js:8524:19)
      at tryStoreCandidate (src/scripts/storage.js:8540:13)
      at attemptBackupWrite (src/scripts/storage.js:8617:26)
      at saveJSONToStorage (src/scripts/storage.js:14568:3)
      at saveFullBackupHistory (src/scripts/storage.js:14593:3)
      at Object.recordFullBackupHistoryEntry (tests/unit/storage.test.js:3392:7)

  console.log
    DEBUG: getSafeLocalStorage returning object

      at Proxy.apply (src/scripts/modules/base.js:92:26)

  console.warn
    MOCK SET: cameraPowerPlanner_fullBackups__legacyMigrationBackup = [{"createdAt":"2026-01-16T20:14:37.615Z","data":[{

      61 |       return undefined;
      62 |     }
    > 63 |     return originalFn(...args);
         |            ^
      64 |   };
      65 | };
      66 |

      at console.<anonymous> (tests/setup/jest.setup.cjs:63:12)
      at console.apply [as warn] (src/scripts/modules/base.js:92:26)
      at Proxy.apply (src/scripts/modules/base.js:92:26)
      at Proxy.apply (src/scripts/modules/base.js:92:26)
      at Proxy.apply (src/scripts/modules/base.js:92:26)
      at Object.warn (tests/unit/storage.test.js:11:15)
      at setItem (src/scripts/storage.js:5514:19)
      at tryStoreList (src/scripts/storage.js:5521:20)
      at createStorageMigrationBackup (src/scripts/storage.js:5239:3)
      at ensurePreWriteMigrationBackup (src/scripts/storage.js:14567:3)
      at saveFullBackupHistory (src/scripts/storage.js:14593:3)
      at Object.recordFullBackupHistoryEntry (tests/unit/storage.test.js:3392:7)

  console.log
    DEBUG: getSafeLocalStorage returning object

      at Proxy.apply (src/scripts/modules/base.js:92:26)

  console.warn
    MOCK SET: cameraPowerPlanner_fullBackups = [{"createdAt":"2024-01-01T00:00:00Z-0"},{"createdA

      61 |       return undefined;
      62 |     }
    > 63 |     return originalFn(...args);
         |            ^
      64 |   };
      65 | };
      66 |

      at console.<anonymous> (tests/setup/jest.setup.cjs:63:12)
      at console.apply [as warn] (src/scripts/modules/base.js:92:26)
      at Proxy.apply (src/scripts/modules/base.js:92:26)
      at Proxy.apply (src/scripts/modules/base.js:92:26)
      at Proxy.apply (src/scripts/modules/base.js:92:26)
      at Object.warn (tests/unit/storage.test.js:11:15)
      at setItem (src/scripts/storage.js:8463:17)
      at saveJSONToStorage (src/scripts/storage.js:14568:3)
      at saveFullBackupHistory (src/scripts/storage.js:14593:3)
      at Object.recordFullBackupHistoryEntry (tests/unit/storage.test.js:3392:7)

  console.warn
    MOCK SET: cameraPowerPlanner_fullBackups__backup = [{"createdAt":"2024-01-01T00:00:00Z-0"},{"createdA

      61 |       return undefined;
      62 |     }
    > 63 |     return originalFn(...args);
         |            ^
      64 |   };
      65 | };
      66 |

      at console.<anonymous> (tests/setup/jest.setup.cjs:63:12)
      at console.apply [as warn] (src/scripts/modules/base.js:92:26)
      at Proxy.apply (src/scripts/modules/base.js:92:26)
      at Proxy.apply (src/scripts/modules/base.js:92:26)
      at Proxy.apply (src/scripts/modules/base.js:92:26)
      at Object.warn (tests/unit/storage.test.js:11:15)
      at setItem (src/scripts/storage.js:8524:19)
      at tryStoreCandidate (src/scripts/storage.js:8540:13)
      at attemptBackupWrite (src/scripts/storage.js:8617:26)
      at saveJSONToStorage (src/scripts/storage.js:14568:3)
      at saveFullBackupHistory (src/scripts/storage.js:14593:3)
      at Object.recordFullBackupHistoryEntry (tests/unit/storage.test.js:3392:7)

  console.log
    DEBUG: getSafeLocalStorage returning object

      at Proxy.apply (src/scripts/modules/base.js:92:26)

  console.warn
    MOCK SET: cameraPowerPlanner_fullBackups__legacyMigrationBackup = [{"createdAt":"2026-01-16T20:14:37.617Z","data":[{

      61 |       return undefined;
      62 |     }
    > 63 |     return originalFn(...args);
         |            ^
      64 |   };
      65 | };
      66 |

      at console.<anonymous> (tests/setup/jest.setup.cjs:63:12)
      at console.apply [as warn] (src/scripts/modules/base.js:92:26)
      at Proxy.apply (src/scripts/modules/base.js:92:26)
      at Proxy.apply (src/scripts/modules/base.js:92:26)
      at Proxy.apply (src/scripts/modules/base.js:92:26)
      at Object.warn (tests/unit/storage.test.js:11:15)
      at setItem (src/scripts/storage.js:5514:19)
      at tryStoreList (src/scripts/storage.js:5521:20)
      at createStorageMigrationBackup (src/scripts/storage.js:5239:3)
      at ensurePreWriteMigrationBackup (src/scripts/storage.js:14567:3)
      at saveFullBackupHistory (src/scripts/storage.js:14593:3)
      at Object.recordFullBackupHistoryEntry (tests/unit/storage.test.js:3392:7)

  console.log
    DEBUG: getSafeLocalStorage returning object

      at Proxy.apply (src/scripts/modules/base.js:92:26)

  console.warn
    MOCK SET: cameraPowerPlanner_fullBackups = [{"createdAt":"2024-01-01T00:00:00Z-0"},{"createdA

      61 |       return undefined;
      62 |     }
    > 63 |     return originalFn(...args);
         |            ^
      64 |   };
      65 | };
      66 |

      at console.<anonymous> (tests/setup/jest.setup.cjs:63:12)
      at console.apply [as warn] (src/scripts/modules/base.js:92:26)
      at Proxy.apply (src/scripts/modules/base.js:92:26)
      at Proxy.apply (src/scripts/modules/base.js:92:26)
      at Proxy.apply (src/scripts/modules/base.js:92:26)
      at Object.warn (tests/unit/storage.test.js:11:15)
      at setItem (src/scripts/storage.js:8463:17)
      at saveJSONToStorage (src/scripts/storage.js:14568:3)
      at saveFullBackupHistory (src/scripts/storage.js:14593:3)
      at Object.recordFullBackupHistoryEntry (tests/unit/storage.test.js:3392:7)

  console.warn
    MOCK SET: cameraPowerPlanner_fullBackups__backup = [{"createdAt":"2024-01-01T00:00:00Z-0"},{"createdA

      61 |       return undefined;
      62 |     }
    > 63 |     return originalFn(...args);
         |            ^
      64 |   };
      65 | };
      66 |

      at console.<anonymous> (tests/setup/jest.setup.cjs:63:12)
      at console.apply [as warn] (src/scripts/modules/base.js:92:26)
      at Proxy.apply (src/scripts/modules/base.js:92:26)
      at Proxy.apply (src/scripts/modules/base.js:92:26)
      at Proxy.apply (src/scripts/modules/base.js:92:26)
      at Object.warn (tests/unit/storage.test.js:11:15)
      at setItem (src/scripts/storage.js:8524:19)
      at tryStoreCandidate (src/scripts/storage.js:8540:13)
      at attemptBackupWrite (src/scripts/storage.js:8617:26)
      at saveJSONToStorage (src/scripts/storage.js:14568:3)
      at saveFullBackupHistory (src/scripts/storage.js:14593:3)
      at Object.recordFullBackupHistoryEntry (tests/unit/storage.test.js:3392:7)

  console.log
    DEBUG: getSafeLocalStorage returning object

      at Proxy.apply (src/scripts/modules/base.js:92:26)

  console.warn
    MOCK SET: cameraPowerPlanner_fullBackups__legacyMigrationBackup = [{"createdAt":"2026-01-16T20:14:37.621Z","data":[{

      61 |       return undefined;
      62 |     }
    > 63 |     return originalFn(...args);
         |            ^
      64 |   };
      65 | };
      66 |

      at console.<anonymous> (tests/setup/jest.setup.cjs:63:12)
      at console.apply [as warn] (src/scripts/modules/base.js:92:26)
      at Proxy.apply (src/scripts/modules/base.js:92:26)
      at Proxy.apply (src/scripts/modules/base.js:92:26)
      at Proxy.apply (src/scripts/modules/base.js:92:26)
      at Object.warn (tests/unit/storage.test.js:11:15)
      at setItem (src/scripts/storage.js:5514:19)
      at tryStoreList (src/scripts/storage.js:5521:20)
      at createStorageMigrationBackup (src/scripts/storage.js:5239:3)
      at ensurePreWriteMigrationBackup (src/scripts/storage.js:14567:3)
      at saveFullBackupHistory (src/scripts/storage.js:14593:3)
      at Object.recordFullBackupHistoryEntry (tests/unit/storage.test.js:3392:7)

  console.log
    DEBUG: getSafeLocalStorage returning object

      at Proxy.apply (src/scripts/modules/base.js:92:26)

  console.warn
    MOCK SET: cameraPowerPlanner_fullBackups = [{"createdAt":"2024-01-01T00:00:00Z-0"},{"createdA

      61 |       return undefined;
      62 |     }
    > 63 |     return originalFn(...args);
         |            ^
      64 |   };
      65 | };
      66 |

      at console.<anonymous> (tests/setup/jest.setup.cjs:63:12)
      at console.apply [as warn] (src/scripts/modules/base.js:92:26)
      at Proxy.apply (src/scripts/modules/base.js:92:26)
      at Proxy.apply (src/scripts/modules/base.js:92:26)
      at Proxy.apply (src/scripts/modules/base.js:92:26)
      at Object.warn (tests/unit/storage.test.js:11:15)
      at setItem (src/scripts/storage.js:8463:17)
      at saveJSONToStorage (src/scripts/storage.js:14568:3)
      at saveFullBackupHistory (src/scripts/storage.js:14593:3)
      at Object.recordFullBackupHistoryEntry (tests/unit/storage.test.js:3392:7)

  console.warn
    MOCK SET: cameraPowerPlanner_fullBackups__backup = [{"createdAt":"2024-01-01T00:00:00Z-0"},{"createdA

      61 |       return undefined;
      62 |     }
    > 63 |     return originalFn(...args);
         |            ^
      64 |   };
      65 | };
      66 |

      at console.<anonymous> (tests/setup/jest.setup.cjs:63:12)
      at console.apply [as warn] (src/scripts/modules/base.js:92:26)
      at Proxy.apply (src/scripts/modules/base.js:92:26)
      at Proxy.apply (src/scripts/modules/base.js:92:26)
      at Proxy.apply (src/scripts/modules/base.js:92:26)
      at Object.warn (tests/unit/storage.test.js:11:15)
      at setItem (src/scripts/storage.js:8524:19)
      at tryStoreCandidate (src/scripts/storage.js:8540:13)
      at attemptBackupWrite (src/scripts/storage.js:8617:26)
      at saveJSONToStorage (src/scripts/storage.js:14568:3)
      at saveFullBackupHistory (src/scripts/storage.js:14593:3)
      at Object.recordFullBackupHistoryEntry (tests/unit/storage.test.js:3392:7)

  console.log
    DEBUG: getSafeLocalStorage returning object

      at Proxy.apply (src/scripts/modules/base.js:92:26)

  console.warn
    MOCK SET: cameraPowerPlanner_fullBackups__legacyMigrationBackup = [{"createdAt":"2026-01-16T20:14:37.624Z","data":[{

      61 |       return undefined;
      62 |     }
    > 63 |     return originalFn(...args);
         |            ^
      64 |   };
      65 | };
      66 |

      at console.<anonymous> (tests/setup/jest.setup.cjs:63:12)
      at console.apply [as warn] (src/scripts/modules/base.js:92:26)
      at Proxy.apply (src/scripts/modules/base.js:92:26)
      at Proxy.apply (src/scripts/modules/base.js:92:26)
      at Proxy.apply (src/scripts/modules/base.js:92:26)
      at Object.warn (tests/unit/storage.test.js:11:15)
      at setItem (src/scripts/storage.js:5514:19)
      at tryStoreList (src/scripts/storage.js:5521:20)
      at createStorageMigrationBackup (src/scripts/storage.js:5239:3)
      at ensurePreWriteMigrationBackup (src/scripts/storage.js:14567:3)
      at saveFullBackupHistory (src/scripts/storage.js:14593:3)
      at Object.recordFullBackupHistoryEntry (tests/unit/storage.test.js:3392:7)

  console.log
    DEBUG: getSafeLocalStorage returning object

      at Proxy.apply (src/scripts/modules/base.js:92:26)

  console.warn
    MOCK SET: cameraPowerPlanner_fullBackups = [{"createdAt":"2024-01-01T00:00:00Z-0"},{"createdA

      61 |       return undefined;
      62 |     }
    > 63 |     return originalFn(...args);
         |            ^
      64 |   };
      65 | };
      66 |

      at console.<anonymous> (tests/setup/jest.setup.cjs:63:12)
      at console.apply [as warn] (src/scripts/modules/base.js:92:26)
      at Proxy.apply (src/scripts/modules/base.js:92:26)
      at Proxy.apply (src/scripts/modules/base.js:92:26)
      at Proxy.apply (src/scripts/modules/base.js:92:26)
      at Object.warn (tests/unit/storage.test.js:11:15)
      at setItem (src/scripts/storage.js:8463:17)
      at saveJSONToStorage (src/scripts/storage.js:14568:3)
      at saveFullBackupHistory (src/scripts/storage.js:14593:3)
      at Object.recordFullBackupHistoryEntry (tests/unit/storage.test.js:3392:7)

  console.warn
    MOCK SET: cameraPowerPlanner_fullBackups__backup = [{"createdAt":"2024-01-01T00:00:00Z-0"},{"createdA

      61 |       return undefined;
      62 |     }
    > 63 |     return originalFn(...args);
         |            ^
      64 |   };
      65 | };
      66 |

      at console.<anonymous> (tests/setup/jest.setup.cjs:63:12)
      at console.apply [as warn] (src/scripts/modules/base.js:92:26)
      at Proxy.apply (src/scripts/modules/base.js:92:26)
      at Proxy.apply (src/scripts/modules/base.js:92:26)
      at Proxy.apply (src/scripts/modules/base.js:92:26)
      at Object.warn (tests/unit/storage.test.js:11:15)
      at setItem (src/scripts/storage.js:8524:19)
      at tryStoreCandidate (src/scripts/storage.js:8540:13)
      at attemptBackupWrite (src/scripts/storage.js:8617:26)
      at saveJSONToStorage (src/scripts/storage.js:14568:3)
      at saveFullBackupHistory (src/scripts/storage.js:14593:3)
      at Object.recordFullBackupHistoryEntry (tests/unit/storage.test.js:3392:7)

  console.log
    DEBUG: getSafeLocalStorage returning object

      at Proxy.apply (src/scripts/modules/base.js:92:26)

  console.warn
    MOCK SET: cameraPowerPlanner_fullBackups__legacyMigrationBackup = [{"createdAt":"2026-01-16T20:14:37.626Z","data":[{

      61 |       return undefined;
      62 |     }
    > 63 |     return originalFn(...args);
         |            ^
      64 |   };
      65 | };
      66 |

      at console.<anonymous> (tests/setup/jest.setup.cjs:63:12)
      at console.apply [as warn] (src/scripts/modules/base.js:92:26)
      at Proxy.apply (src/scripts/modules/base.js:92:26)
      at Proxy.apply (src/scripts/modules/base.js:92:26)
      at Proxy.apply (src/scripts/modules/base.js:92:26)
      at Object.warn (tests/unit/storage.test.js:11:15)
      at setItem (src/scripts/storage.js:5514:19)
      at tryStoreList (src/scripts/storage.js:5521:20)
      at createStorageMigrationBackup (src/scripts/storage.js:5239:3)
      at ensurePreWriteMigrationBackup (src/scripts/storage.js:14567:3)
      at saveFullBackupHistory (src/scripts/storage.js:14593:3)
      at Object.recordFullBackupHistoryEntry (tests/unit/storage.test.js:3392:7)

  console.log
    DEBUG: getSafeLocalStorage returning object

      at Proxy.apply (src/scripts/modules/base.js:92:26)

  console.warn
    MOCK SET: cameraPowerPlanner_fullBackups = [{"createdAt":"2024-01-01T00:00:00Z-0"},{"createdA

      61 |       return undefined;
      62 |     }
    > 63 |     return originalFn(...args);
         |            ^
      64 |   };
      65 | };
      66 |

      at console.<anonymous> (tests/setup/jest.setup.cjs:63:12)
      at console.apply [as warn] (src/scripts/modules/base.js:92:26)
      at Proxy.apply (src/scripts/modules/base.js:92:26)
      at Proxy.apply (src/scripts/modules/base.js:92:26)
      at Proxy.apply (src/scripts/modules/base.js:92:26)
      at Object.warn (tests/unit/storage.test.js:11:15)
      at setItem (src/scripts/storage.js:8463:17)
      at saveJSONToStorage (src/scripts/storage.js:14568:3)
      at saveFullBackupHistory (src/scripts/storage.js:14593:3)
      at Object.recordFullBackupHistoryEntry (tests/unit/storage.test.js:3392:7)

  console.warn
    MOCK SET: cameraPowerPlanner_fullBackups__backup = [{"createdAt":"2024-01-01T00:00:00Z-0"},{"createdA

      61 |       return undefined;
      62 |     }
    > 63 |     return originalFn(...args);
         |            ^
      64 |   };
      65 | };
      66 |

      at console.<anonymous> (tests/setup/jest.setup.cjs:63:12)
      at console.apply [as warn] (src/scripts/modules/base.js:92:26)
      at Proxy.apply (src/scripts/modules/base.js:92:26)
      at Proxy.apply (src/scripts/modules/base.js:92:26)
      at Proxy.apply (src/scripts/modules/base.js:92:26)
      at Object.warn (tests/unit/storage.test.js:11:15)
      at setItem (src/scripts/storage.js:8524:19)
      at tryStoreCandidate (src/scripts/storage.js:8540:13)
      at attemptBackupWrite (src/scripts/storage.js:8617:26)
      at saveJSONToStorage (src/scripts/storage.js:14568:3)
      at saveFullBackupHistory (src/scripts/storage.js:14593:3)
      at Object.recordFullBackupHistoryEntry (tests/unit/storage.test.js:3392:7)

  console.log
    DEBUG: getSafeLocalStorage returning object

      at Proxy.apply (src/scripts/modules/base.js:92:26)

  console.warn
    MOCK SET: cameraPowerPlanner_fullBackups__legacyMigrationBackup = [{"createdAt":"2026-01-16T20:14:37.629Z","data":[{

      61 |       return undefined;
      62 |     }
    > 63 |     return originalFn(...args);
         |            ^
      64 |   };
      65 | };
      66 |

      at console.<anonymous> (tests/setup/jest.setup.cjs:63:12)
      at console.apply [as warn] (src/scripts/modules/base.js:92:26)
      at Proxy.apply (src/scripts/modules/base.js:92:26)
      at Proxy.apply (src/scripts/modules/base.js:92:26)
      at Proxy.apply (src/scripts/modules/base.js:92:26)
      at Object.warn (tests/unit/storage.test.js:11:15)
      at setItem (src/scripts/storage.js:5514:19)
      at tryStoreList (src/scripts/storage.js:5521:20)
      at createStorageMigrationBackup (src/scripts/storage.js:5239:3)
      at ensurePreWriteMigrationBackup (src/scripts/storage.js:14567:3)
      at saveFullBackupHistory (src/scripts/storage.js:14593:3)
      at Object.recordFullBackupHistoryEntry (tests/unit/storage.test.js:3392:7)

  console.log
    DEBUG: getSafeLocalStorage returning object

      at Proxy.apply (src/scripts/modules/base.js:92:26)

  console.warn
    MOCK SET: cameraPowerPlanner_fullBackups = [{"createdAt":"2024-01-01T00:00:00Z-0"},{"createdA

      61 |       return undefined;
      62 |     }
    > 63 |     return originalFn(...args);
         |            ^
      64 |   };
      65 | };
      66 |

      at console.<anonymous> (tests/setup/jest.setup.cjs:63:12)
      at console.apply [as warn] (src/scripts/modules/base.js:92:26)
      at Proxy.apply (src/scripts/modules/base.js:92:26)
      at Proxy.apply (src/scripts/modules/base.js:92:26)
      at Proxy.apply (src/scripts/modules/base.js:92:26)
      at Object.warn (tests/unit/storage.test.js:11:15)
      at setItem (src/scripts/storage.js:8463:17)
      at saveJSONToStorage (src/scripts/storage.js:14568:3)
      at saveFullBackupHistory (src/scripts/storage.js:14593:3)
      at Object.recordFullBackupHistoryEntry (tests/unit/storage.test.js:3392:7)

  console.warn
    MOCK SET: cameraPowerPlanner_fullBackups__backup = [{"createdAt":"2024-01-01T00:00:00Z-0"},{"createdA

      61 |       return undefined;
      62 |     }
    > 63 |     return originalFn(...args);
         |            ^
      64 |   };
      65 | };
      66 |

      at console.<anonymous> (tests/setup/jest.setup.cjs:63:12)
      at console.apply [as warn] (src/scripts/modules/base.js:92:26)
      at Proxy.apply (src/scripts/modules/base.js:92:26)
      at Proxy.apply (src/scripts/modules/base.js:92:26)
      at Proxy.apply (src/scripts/modules/base.js:92:26)
      at Object.warn (tests/unit/storage.test.js:11:15)
      at setItem (src/scripts/storage.js:8524:19)
      at tryStoreCandidate (src/scripts/storage.js:8540:13)
      at attemptBackupWrite (src/scripts/storage.js:8617:26)
      at saveJSONToStorage (src/scripts/storage.js:14568:3)
      at saveFullBackupHistory (src/scripts/storage.js:14593:3)
      at Object.recordFullBackupHistoryEntry (tests/unit/storage.test.js:3392:7)

  console.log
    DEBUG: getSafeLocalStorage returning object

      at Proxy.apply (src/scripts/modules/base.js:92:26)

  console.warn
    MOCK SET: cameraPowerPlanner_fullBackups__legacyMigrationBackup = [{"createdAt":"2026-01-16T20:14:37.631Z","data":[{

      61 |       return undefined;
      62 |     }
    > 63 |     return originalFn(...args);
         |            ^
      64 |   };
      65 | };
      66 |

      at console.<anonymous> (tests/setup/jest.setup.cjs:63:12)
      at console.apply [as warn] (src/scripts/modules/base.js:92:26)
      at Proxy.apply (src/scripts/modules/base.js:92:26)
      at Proxy.apply (src/scripts/modules/base.js:92:26)
      at Proxy.apply (src/scripts/modules/base.js:92:26)
      at Object.warn (tests/unit/storage.test.js:11:15)
      at setItem (src/scripts/storage.js:5514:19)
      at tryStoreList (src/scripts/storage.js:5521:20)
      at createStorageMigrationBackup (src/scripts/storage.js:5239:3)
      at ensurePreWriteMigrationBackup (src/scripts/storage.js:14567:3)
      at saveFullBackupHistory (src/scripts/storage.js:14593:3)
      at Object.recordFullBackupHistoryEntry (tests/unit/storage.test.js:3392:7)

  console.log
    DEBUG: getSafeLocalStorage returning object

      at Proxy.apply (src/scripts/modules/base.js:92:26)

  console.warn
    MOCK SET: cameraPowerPlanner_fullBackups = [{"createdAt":"2024-01-01T00:00:00Z-0"},{"createdA

      61 |       return undefined;
      62 |     }
    > 63 |     return originalFn(...args);
         |            ^
      64 |   };
      65 | };
      66 |

      at console.<anonymous> (tests/setup/jest.setup.cjs:63:12)
      at console.apply [as warn] (src/scripts/modules/base.js:92:26)
      at Proxy.apply (src/scripts/modules/base.js:92:26)
      at Proxy.apply (src/scripts/modules/base.js:92:26)
      at Proxy.apply (src/scripts/modules/base.js:92:26)
      at Object.warn (tests/unit/storage.test.js:11:15)
      at setItem (src/scripts/storage.js:8463:17)
      at saveJSONToStorage (src/scripts/storage.js:14568:3)
      at saveFullBackupHistory (src/scripts/storage.js:14593:3)
      at Object.recordFullBackupHistoryEntry (tests/unit/storage.test.js:3392:7)

  console.warn
    MOCK SET: cameraPowerPlanner_fullBackups__backup = [{"createdAt":"2024-01-01T00:00:00Z-0"},{"createdA

      61 |       return undefined;
      62 |     }
    > 63 |     return originalFn(...args);
         |            ^
      64 |   };
      65 | };
      66 |

      at console.<anonymous> (tests/setup/jest.setup.cjs:63:12)
      at console.apply [as warn] (src/scripts/modules/base.js:92:26)
      at Proxy.apply (src/scripts/modules/base.js:92:26)
      at Proxy.apply (src/scripts/modules/base.js:92:26)
      at Proxy.apply (src/scripts/modules/base.js:92:26)
      at Object.warn (tests/unit/storage.test.js:11:15)
      at setItem (src/scripts/storage.js:8524:19)
      at tryStoreCandidate (src/scripts/storage.js:8540:13)
      at attemptBackupWrite (src/scripts/storage.js:8617:26)
      at saveJSONToStorage (src/scripts/storage.js:14568:3)
      at saveFullBackupHistory (src/scripts/storage.js:14593:3)
      at Object.recordFullBackupHistoryEntry (tests/unit/storage.test.js:3392:7)

  console.log
    DEBUG: getSafeLocalStorage returning object

      at Proxy.apply (src/scripts/modules/base.js:92:26)

  console.warn
    MOCK SET: cameraPowerPlanner_fullBackups__legacyMigrationBackup = [{"createdAt":"2026-01-16T20:14:37.636Z","data":[{

      61 |       return undefined;
      62 |     }
    > 63 |     return originalFn(...args);
         |            ^
      64 |   };
      65 | };
      66 |

      at console.<anonymous> (tests/setup/jest.setup.cjs:63:12)
      at console.apply [as warn] (src/scripts/modules/base.js:92:26)
      at Proxy.apply (src/scripts/modules/base.js:92:26)
      at Proxy.apply (src/scripts/modules/base.js:92:26)
      at Proxy.apply (src/scripts/modules/base.js:92:26)
      at Object.warn (tests/unit/storage.test.js:11:15)
      at setItem (src/scripts/storage.js:5514:19)
      at tryStoreList (src/scripts/storage.js:5521:20)
      at createStorageMigrationBackup (src/scripts/storage.js:5239:3)
      at ensurePreWriteMigrationBackup (src/scripts/storage.js:14567:3)
      at saveFullBackupHistory (src/scripts/storage.js:14593:3)
      at Object.recordFullBackupHistoryEntry (tests/unit/storage.test.js:3392:7)

  console.log
    DEBUG: getSafeLocalStorage returning object

      at Proxy.apply (src/scripts/modules/base.js:92:26)

  console.warn
    MOCK SET: cameraPowerPlanner_fullBackups = [{"createdAt":"2024-01-01T00:00:00Z-0"},{"createdA

      61 |       return undefined;
      62 |     }
    > 63 |     return originalFn(...args);
         |            ^
      64 |   };
      65 | };
      66 |

      at console.<anonymous> (tests/setup/jest.setup.cjs:63:12)
      at console.apply [as warn] (src/scripts/modules/base.js:92:26)
      at Proxy.apply (src/scripts/modules/base.js:92:26)
      at Proxy.apply (src/scripts/modules/base.js:92:26)
      at Proxy.apply (src/scripts/modules/base.js:92:26)
      at Object.warn (tests/unit/storage.test.js:11:15)
      at setItem (src/scripts/storage.js:8463:17)
      at saveJSONToStorage (src/scripts/storage.js:14568:3)
      at saveFullBackupHistory (src/scripts/storage.js:14593:3)
      at Object.recordFullBackupHistoryEntry (tests/unit/storage.test.js:3392:7)

  console.warn
    MOCK SET: cameraPowerPlanner_fullBackups__backup = [{"createdAt":"2024-01-01T00:00:00Z-0"},{"createdA

      61 |       return undefined;
      62 |     }
    > 63 |     return originalFn(...args);
         |            ^
      64 |   };
      65 | };
      66 |

      at console.<anonymous> (tests/setup/jest.setup.cjs:63:12)
      at console.apply [as warn] (src/scripts/modules/base.js:92:26)
      at Proxy.apply (src/scripts/modules/base.js:92:26)
      at Proxy.apply (src/scripts/modules/base.js:92:26)
      at Proxy.apply (src/scripts/modules/base.js:92:26)
      at Object.warn (tests/unit/storage.test.js:11:15)
      at setItem (src/scripts/storage.js:8524:19)
      at tryStoreCandidate (src/scripts/storage.js:8540:13)
      at attemptBackupWrite (src/scripts/storage.js:8617:26)
      at saveJSONToStorage (src/scripts/storage.js:14568:3)
      at saveFullBackupHistory (src/scripts/storage.js:14593:3)
      at Object.recordFullBackupHistoryEntry (tests/unit/storage.test.js:3392:7)

  console.log
    DEBUG: getSafeLocalStorage returning object

      at Proxy.apply (src/scripts/modules/base.js:92:26)

  console.warn
    MOCK SET: cameraPowerPlanner_fullBackups__legacyMigrationBackup = [{"createdAt":"2026-01-16T20:14:37.638Z","data":[{

      61 |       return undefined;
      62 |     }
    > 63 |     return originalFn(...args);
         |            ^
      64 |   };
      65 | };
      66 |

      at console.<anonymous> (tests/setup/jest.setup.cjs:63:12)
      at console.apply [as warn] (src/scripts/modules/base.js:92:26)
      at Proxy.apply (src/scripts/modules/base.js:92:26)
      at Proxy.apply (src/scripts/modules/base.js:92:26)
      at Proxy.apply (src/scripts/modules/base.js:92:26)
      at Object.warn (tests/unit/storage.test.js:11:15)
      at setItem (src/scripts/storage.js:5514:19)
      at tryStoreList (src/scripts/storage.js:5521:20)
      at createStorageMigrationBackup (src/scripts/storage.js:5239:3)
      at ensurePreWriteMigrationBackup (src/scripts/storage.js:14567:3)
      at saveFullBackupHistory (src/scripts/storage.js:14593:3)
      at Object.recordFullBackupHistoryEntry (tests/unit/storage.test.js:3392:7)

  console.log
    DEBUG: getSafeLocalStorage returning object

      at Proxy.apply (src/scripts/modules/base.js:92:26)

  console.warn
    MOCK SET: cameraPowerPlanner_fullBackups = [{"createdAt":"2024-01-01T00:00:00Z-0"},{"createdA

      61 |       return undefined;
      62 |     }
    > 63 |     return originalFn(...args);
         |            ^
      64 |   };
      65 | };
      66 |

      at console.<anonymous> (tests/setup/jest.setup.cjs:63:12)
      at console.apply [as warn] (src/scripts/modules/base.js:92:26)
      at Proxy.apply (src/scripts/modules/base.js:92:26)
      at Proxy.apply (src/scripts/modules/base.js:92:26)
      at Proxy.apply (src/scripts/modules/base.js:92:26)
      at Object.warn (tests/unit/storage.test.js:11:15)
      at setItem (src/scripts/storage.js:8463:17)
      at saveJSONToStorage (src/scripts/storage.js:14568:3)
      at saveFullBackupHistory (src/scripts/storage.js:14593:3)
      at Object.recordFullBackupHistoryEntry (tests/unit/storage.test.js:3392:7)

  console.warn
    MOCK SET: cameraPowerPlanner_fullBackups__backup = [{"createdAt":"2024-01-01T00:00:00Z-0"},{"createdA

      61 |       return undefined;
      62 |     }
    > 63 |     return originalFn(...args);
         |            ^
      64 |   };
      65 | };
      66 |

      at console.<anonymous> (tests/setup/jest.setup.cjs:63:12)
      at console.apply [as warn] (src/scripts/modules/base.js:92:26)
      at Proxy.apply (src/scripts/modules/base.js:92:26)
      at Proxy.apply (src/scripts/modules/base.js:92:26)
      at Proxy.apply (src/scripts/modules/base.js:92:26)
      at Object.warn (tests/unit/storage.test.js:11:15)
      at setItem (src/scripts/storage.js:8524:19)
      at tryStoreCandidate (src/scripts/storage.js:8540:13)
      at attemptBackupWrite (src/scripts/storage.js:8617:26)
      at saveJSONToStorage (src/scripts/storage.js:14568:3)
      at saveFullBackupHistory (src/scripts/storage.js:14593:3)
      at Object.recordFullBackupHistoryEntry (tests/unit/storage.test.js:3392:7)

  console.log
    DEBUG: getSafeLocalStorage returning object

      at Proxy.apply (src/scripts/modules/base.js:92:26)

  console.warn
    MOCK SET: cameraPowerPlanner_fullBackups__legacyMigrationBackup = [{"createdAt":"2026-01-16T20:14:37.641Z","data":[{

      61 |       return undefined;
      62 |     }
    > 63 |     return originalFn(...args);
         |            ^
      64 |   };
      65 | };
      66 |

      at console.<anonymous> (tests/setup/jest.setup.cjs:63:12)
      at console.apply [as warn] (src/scripts/modules/base.js:92:26)
      at Proxy.apply (src/scripts/modules/base.js:92:26)
      at Proxy.apply (src/scripts/modules/base.js:92:26)
      at Proxy.apply (src/scripts/modules/base.js:92:26)
      at Object.warn (tests/unit/storage.test.js:11:15)
      at setItem (src/scripts/storage.js:5514:19)
      at tryStoreList (src/scripts/storage.js:5521:20)
      at createStorageMigrationBackup (src/scripts/storage.js:5239:3)
      at ensurePreWriteMigrationBackup (src/scripts/storage.js:14567:3)
      at saveFullBackupHistory (src/scripts/storage.js:14593:3)
      at Object.recordFullBackupHistoryEntry (tests/unit/storage.test.js:3392:7)

  console.log
    DEBUG: getSafeLocalStorage returning object

      at Proxy.apply (src/scripts/modules/base.js:92:26)

  console.warn
    MOCK SET: cameraPowerPlanner_fullBackups = [{"createdAt":"2024-01-01T00:00:00Z-0"},{"createdA

      61 |       return undefined;
      62 |     }
    > 63 |     return originalFn(...args);
         |            ^
      64 |   };
      65 | };
      66 |

      at console.<anonymous> (tests/setup/jest.setup.cjs:63:12)
      at console.apply [as warn] (src/scripts/modules/base.js:92:26)
      at Proxy.apply (src/scripts/modules/base.js:92:26)
      at Proxy.apply (src/scripts/modules/base.js:92:26)
      at Proxy.apply (src/scripts/modules/base.js:92:26)
      at Object.warn (tests/unit/storage.test.js:11:15)
      at setItem (src/scripts/storage.js:8463:17)
      at saveJSONToStorage (src/scripts/storage.js:14568:3)
      at saveFullBackupHistory (src/scripts/storage.js:14593:3)
      at Object.recordFullBackupHistoryEntry (tests/unit/storage.test.js:3392:7)

  console.warn
    MOCK SET: cameraPowerPlanner_fullBackups__backup = [{"createdAt":"2024-01-01T00:00:00Z-0"},{"createdA

      61 |       return undefined;
      62 |     }
    > 63 |     return originalFn(...args);
         |            ^
      64 |   };
      65 | };
      66 |

      at console.<anonymous> (tests/setup/jest.setup.cjs:63:12)
      at console.apply [as warn] (src/scripts/modules/base.js:92:26)
      at Proxy.apply (src/scripts/modules/base.js:92:26)
      at Proxy.apply (src/scripts/modules/base.js:92:26)
      at Proxy.apply (src/scripts/modules/base.js:92:26)
      at Object.warn (tests/unit/storage.test.js:11:15)
      at setItem (src/scripts/storage.js:8524:19)
      at tryStoreCandidate (src/scripts/storage.js:8540:13)
      at attemptBackupWrite (src/scripts/storage.js:8617:26)
      at saveJSONToStorage (src/scripts/storage.js:14568:3)
      at saveFullBackupHistory (src/scripts/storage.js:14593:3)
      at Object.recordFullBackupHistoryEntry (tests/unit/storage.test.js:3392:7)

  console.log
    DEBUG: getSafeLocalStorage returning object

      at Proxy.apply (src/scripts/modules/base.js:92:26)

  console.warn
    MOCK SET: cameraPowerPlanner_fullBackups__legacyMigrationBackup = [{"createdAt":"2026-01-16T20:14:37.643Z","data":[{

      61 |       return undefined;
      62 |     }
    > 63 |     return originalFn(...args);
         |            ^
      64 |   };
      65 | };
      66 |

      at console.<anonymous> (tests/setup/jest.setup.cjs:63:12)
      at console.apply [as warn] (src/scripts/modules/base.js:92:26)
      at Proxy.apply (src/scripts/modules/base.js:92:26)
      at Proxy.apply (src/scripts/modules/base.js:92:26)
      at Proxy.apply (src/scripts/modules/base.js:92:26)
      at Object.warn (tests/unit/storage.test.js:11:15)
      at setItem (src/scripts/storage.js:5514:19)
      at tryStoreList (src/scripts/storage.js:5521:20)
      at createStorageMigrationBackup (src/scripts/storage.js:5239:3)
      at ensurePreWriteMigrationBackup (src/scripts/storage.js:14567:3)
      at saveFullBackupHistory (src/scripts/storage.js:14593:3)
      at Object.recordFullBackupHistoryEntry (tests/unit/storage.test.js:3392:7)

  console.log
    DEBUG: getSafeLocalStorage returning object

      at Proxy.apply (src/scripts/modules/base.js:92:26)

  console.warn
    MOCK SET: cameraPowerPlanner_fullBackups = [{"createdAt":"2024-01-01T00:00:00Z-0"},{"createdA

      61 |       return undefined;
      62 |     }
    > 63 |     return originalFn(...args);
         |            ^
      64 |   };
      65 | };
      66 |

      at console.<anonymous> (tests/setup/jest.setup.cjs:63:12)
      at console.apply [as warn] (src/scripts/modules/base.js:92:26)
      at Proxy.apply (src/scripts/modules/base.js:92:26)
      at Proxy.apply (src/scripts/modules/base.js:92:26)
      at Proxy.apply (src/scripts/modules/base.js:92:26)
      at Object.warn (tests/unit/storage.test.js:11:15)
      at setItem (src/scripts/storage.js:8463:17)
      at saveJSONToStorage (src/scripts/storage.js:14568:3)
      at saveFullBackupHistory (src/scripts/storage.js:14593:3)
      at Object.recordFullBackupHistoryEntry (tests/unit/storage.test.js:3392:7)

  console.warn
    MOCK SET: cameraPowerPlanner_fullBackups__backup = [{"createdAt":"2024-01-01T00:00:00Z-0"},{"createdA

      61 |       return undefined;
      62 |     }
    > 63 |     return originalFn(...args);
         |            ^
      64 |   };
      65 | };
      66 |

      at console.<anonymous> (tests/setup/jest.setup.cjs:63:12)
      at console.apply [as warn] (src/scripts/modules/base.js:92:26)
      at Proxy.apply (src/scripts/modules/base.js:92:26)
      at Proxy.apply (src/scripts/modules/base.js:92:26)
      at Proxy.apply (src/scripts/modules/base.js:92:26)
      at Object.warn (tests/unit/storage.test.js:11:15)
      at setItem (src/scripts/storage.js:8524:19)
      at tryStoreCandidate (src/scripts/storage.js:8540:13)
      at attemptBackupWrite (src/scripts/storage.js:8617:26)
      at saveJSONToStorage (src/scripts/storage.js:14568:3)
      at saveFullBackupHistory (src/scripts/storage.js:14593:3)
      at Object.recordFullBackupHistoryEntry (tests/unit/storage.test.js:3392:7)

  console.log
    DEBUG: getSafeLocalStorage returning object

      at Proxy.apply (src/scripts/modules/base.js:92:26)

  console.warn
    MOCK SET: cameraPowerPlanner_fullBackups__legacyMigrationBackup = [{"createdAt":"2026-01-16T20:14:37.646Z","data":[{

      61 |       return undefined;
      62 |     }
    > 63 |     return originalFn(...args);
         |            ^
      64 |   };
      65 | };
      66 |

      at console.<anonymous> (tests/setup/jest.setup.cjs:63:12)
      at console.apply [as warn] (src/scripts/modules/base.js:92:26)
      at Proxy.apply (src/scripts/modules/base.js:92:26)
      at Proxy.apply (src/scripts/modules/base.js:92:26)
      at Proxy.apply (src/scripts/modules/base.js:92:26)
      at Object.warn (tests/unit/storage.test.js:11:15)
      at setItem (src/scripts/storage.js:5514:19)
      at tryStoreList (src/scripts/storage.js:5521:20)
      at createStorageMigrationBackup (src/scripts/storage.js:5239:3)
      at ensurePreWriteMigrationBackup (src/scripts/storage.js:14567:3)
      at saveFullBackupHistory (src/scripts/storage.js:14593:3)
      at Object.recordFullBackupHistoryEntry (tests/unit/storage.test.js:3392:7)

  console.log
    DEBUG: getSafeLocalStorage returning object

      at Proxy.apply (src/scripts/modules/base.js:92:26)

  console.warn
    MOCK SET: cameraPowerPlanner_fullBackups = [{"createdAt":"2024-01-01T00:00:00Z-0"},{"createdA

      61 |       return undefined;
      62 |     }
    > 63 |     return originalFn(...args);
         |            ^
      64 |   };
      65 | };
      66 |

      at console.<anonymous> (tests/setup/jest.setup.cjs:63:12)
      at console.apply [as warn] (src/scripts/modules/base.js:92:26)
      at Proxy.apply (src/scripts/modules/base.js:92:26)
      at Proxy.apply (src/scripts/modules/base.js:92:26)
      at Proxy.apply (src/scripts/modules/base.js:92:26)
      at Object.warn (tests/unit/storage.test.js:11:15)
      at setItem (src/scripts/storage.js:8463:17)
      at saveJSONToStorage (src/scripts/storage.js:14568:3)
      at saveFullBackupHistory (src/scripts/storage.js:14593:3)
      at Object.recordFullBackupHistoryEntry (tests/unit/storage.test.js:3392:7)

  console.warn
    MOCK SET: cameraPowerPlanner_fullBackups__backup = [{"createdAt":"2024-01-01T00:00:00Z-0"},{"createdA

      61 |       return undefined;
      62 |     }
    > 63 |     return originalFn(...args);
         |            ^
      64 |   };
      65 | };
      66 |

      at console.<anonymous> (tests/setup/jest.setup.cjs:63:12)
      at console.apply [as warn] (src/scripts/modules/base.js:92:26)
      at Proxy.apply (src/scripts/modules/base.js:92:26)
      at Proxy.apply (src/scripts/modules/base.js:92:26)
      at Proxy.apply (src/scripts/modules/base.js:92:26)
      at Object.warn (tests/unit/storage.test.js:11:15)
      at setItem (src/scripts/storage.js:8524:19)
      at tryStoreCandidate (src/scripts/storage.js:8540:13)
      at attemptBackupWrite (src/scripts/storage.js:8617:26)
      at saveJSONToStorage (src/scripts/storage.js:14568:3)
      at saveFullBackupHistory (src/scripts/storage.js:14593:3)
      at Object.recordFullBackupHistoryEntry (tests/unit/storage.test.js:3392:7)

  console.log
    DEBUG: getSafeLocalStorage returning object

      at Proxy.apply (src/scripts/modules/base.js:92:26)

  console.warn
    MOCK SET: cameraPowerPlanner_fullBackups__legacyMigrationBackup = [{"createdAt":"2026-01-16T20:14:37.648Z","data":[{

      61 |       return undefined;
      62 |     }
    > 63 |     return originalFn(...args);
         |            ^
      64 |   };
      65 | };
      66 |

      at console.<anonymous> (tests/setup/jest.setup.cjs:63:12)
      at console.apply [as warn] (src/scripts/modules/base.js:92:26)
      at Proxy.apply (src/scripts/modules/base.js:92:26)
      at Proxy.apply (src/scripts/modules/base.js:92:26)
      at Proxy.apply (src/scripts/modules/base.js:92:26)
      at Object.warn (tests/unit/storage.test.js:11:15)
      at setItem (src/scripts/storage.js:5514:19)
      at tryStoreList (src/scripts/storage.js:5521:20)
      at createStorageMigrationBackup (src/scripts/storage.js:5239:3)
      at ensurePreWriteMigrationBackup (src/scripts/storage.js:14567:3)
      at saveFullBackupHistory (src/scripts/storage.js:14593:3)
      at Object.recordFullBackupHistoryEntry (tests/unit/storage.test.js:3392:7)

  console.log
    DEBUG: getSafeLocalStorage returning object

      at Proxy.apply (src/scripts/modules/base.js:92:26)

  console.warn
    MOCK SET: cameraPowerPlanner_fullBackups = [{"createdAt":"2024-01-01T00:00:00Z-0"},{"createdA

      61 |       return undefined;
      62 |     }
    > 63 |     return originalFn(...args);
         |            ^
      64 |   };
      65 | };
      66 |

      at console.<anonymous> (tests/setup/jest.setup.cjs:63:12)
      at console.apply [as warn] (src/scripts/modules/base.js:92:26)
      at Proxy.apply (src/scripts/modules/base.js:92:26)
      at Proxy.apply (src/scripts/modules/base.js:92:26)
      at Proxy.apply (src/scripts/modules/base.js:92:26)
      at Object.warn (tests/unit/storage.test.js:11:15)
      at setItem (src/scripts/storage.js:8463:17)
      at saveJSONToStorage (src/scripts/storage.js:14568:3)
      at saveFullBackupHistory (src/scripts/storage.js:14593:3)
      at Object.recordFullBackupHistoryEntry (tests/unit/storage.test.js:3392:7)

  console.warn
    MOCK SET: cameraPowerPlanner_fullBackups__backup = [{"createdAt":"2024-01-01T00:00:00Z-0"},{"createdA

      61 |       return undefined;
      62 |     }
    > 63 |     return originalFn(...args);
         |            ^
      64 |   };
      65 | };
      66 |

      at console.<anonymous> (tests/setup/jest.setup.cjs:63:12)
      at console.apply [as warn] (src/scripts/modules/base.js:92:26)
      at Proxy.apply (src/scripts/modules/base.js:92:26)
      at Proxy.apply (src/scripts/modules/base.js:92:26)
      at Proxy.apply (src/scripts/modules/base.js:92:26)
      at Object.warn (tests/unit/storage.test.js:11:15)
      at setItem (src/scripts/storage.js:8524:19)
      at tryStoreCandidate (src/scripts/storage.js:8540:13)
      at attemptBackupWrite (src/scripts/storage.js:8617:26)
      at saveJSONToStorage (src/scripts/storage.js:14568:3)
      at saveFullBackupHistory (src/scripts/storage.js:14593:3)
      at Object.recordFullBackupHistoryEntry (tests/unit/storage.test.js:3392:7)

  console.log
    DEBUG: getSafeLocalStorage returning object

      at Proxy.apply (src/scripts/modules/base.js:92:26)

  console.warn
    MOCK SET: cameraPowerPlanner_fullBackups__legacyMigrationBackup = [{"createdAt":"2026-01-16T20:14:37.651Z","data":[{

      61 |       return undefined;
      62 |     }
    > 63 |     return originalFn(...args);
         |            ^
      64 |   };
      65 | };
      66 |

      at console.<anonymous> (tests/setup/jest.setup.cjs:63:12)
      at console.apply [as warn] (src/scripts/modules/base.js:92:26)
      at Proxy.apply (src/scripts/modules/base.js:92:26)
      at Proxy.apply (src/scripts/modules/base.js:92:26)
      at Proxy.apply (src/scripts/modules/base.js:92:26)
      at Object.warn (tests/unit/storage.test.js:11:15)
      at setItem (src/scripts/storage.js:5514:19)
      at tryStoreList (src/scripts/storage.js:5521:20)
      at createStorageMigrationBackup (src/scripts/storage.js:5239:3)
      at ensurePreWriteMigrationBackup (src/scripts/storage.js:14567:3)
      at saveFullBackupHistory (src/scripts/storage.js:14593:3)
      at Object.recordFullBackupHistoryEntry (tests/unit/storage.test.js:3392:7)

  console.log
    DEBUG: getSafeLocalStorage returning object

      at Proxy.apply (src/scripts/modules/base.js:92:26)

  console.warn
    MOCK SET: cameraPowerPlanner_fullBackups = [{"createdAt":"2024-01-01T00:00:00Z-0"},{"createdA

      61 |       return undefined;
      62 |     }
    > 63 |     return originalFn(...args);
         |            ^
      64 |   };
      65 | };
      66 |

      at console.<anonymous> (tests/setup/jest.setup.cjs:63:12)
      at console.apply [as warn] (src/scripts/modules/base.js:92:26)
      at Proxy.apply (src/scripts/modules/base.js:92:26)
      at Proxy.apply (src/scripts/modules/base.js:92:26)
      at Proxy.apply (src/scripts/modules/base.js:92:26)
      at Object.warn (tests/unit/storage.test.js:11:15)
      at setItem (src/scripts/storage.js:8463:17)
      at saveJSONToStorage (src/scripts/storage.js:14568:3)
      at saveFullBackupHistory (src/scripts/storage.js:14593:3)
      at Object.recordFullBackupHistoryEntry (tests/unit/storage.test.js:3392:7)

  console.warn
    MOCK SET: cameraPowerPlanner_fullBackups__backup = [{"createdAt":"2024-01-01T00:00:00Z-0"},{"createdA

      61 |       return undefined;
      62 |     }
    > 63 |     return originalFn(...args);
         |            ^
      64 |   };
      65 | };
      66 |

      at console.<anonymous> (tests/setup/jest.setup.cjs:63:12)
      at console.apply [as warn] (src/scripts/modules/base.js:92:26)
      at Proxy.apply (src/scripts/modules/base.js:92:26)
      at Proxy.apply (src/scripts/modules/base.js:92:26)
      at Proxy.apply (src/scripts/modules/base.js:92:26)
      at Object.warn (tests/unit/storage.test.js:11:15)
      at setItem (src/scripts/storage.js:8524:19)
      at tryStoreCandidate (src/scripts/storage.js:8540:13)
      at attemptBackupWrite (src/scripts/storage.js:8617:26)
      at saveJSONToStorage (src/scripts/storage.js:14568:3)
      at saveFullBackupHistory (src/scripts/storage.js:14593:3)
      at Object.recordFullBackupHistoryEntry (tests/unit/storage.test.js:3392:7)

  console.log
    DEBUG: getSafeLocalStorage returning object

      at Proxy.apply (src/scripts/modules/base.js:92:26)

  console.warn
    MOCK SET: cameraPowerPlanner_fullBackups__legacyMigrationBackup = [{"createdAt":"2026-01-16T20:14:37.653Z","data":[{

      61 |       return undefined;
      62 |     }
    > 63 |     return originalFn(...args);
         |            ^
      64 |   };
      65 | };
      66 |

      at console.<anonymous> (tests/setup/jest.setup.cjs:63:12)
      at console.apply [as warn] (src/scripts/modules/base.js:92:26)
      at Proxy.apply (src/scripts/modules/base.js:92:26)
      at Proxy.apply (src/scripts/modules/base.js:92:26)
      at Proxy.apply (src/scripts/modules/base.js:92:26)
      at Object.warn (tests/unit/storage.test.js:11:15)
      at setItem (src/scripts/storage.js:5514:19)
      at tryStoreList (src/scripts/storage.js:5521:20)
      at createStorageMigrationBackup (src/scripts/storage.js:5239:3)
      at ensurePreWriteMigrationBackup (src/scripts/storage.js:14567:3)
      at saveFullBackupHistory (src/scripts/storage.js:14593:3)
      at Object.recordFullBackupHistoryEntry (tests/unit/storage.test.js:3392:7)

  console.log
    DEBUG: getSafeLocalStorage returning object

      at Proxy.apply (src/scripts/modules/base.js:92:26)

  console.warn
    MOCK SET: cameraPowerPlanner_fullBackups = [{"createdAt":"2024-01-01T00:00:00Z-0"},{"createdA

      61 |       return undefined;
      62 |     }
    > 63 |     return originalFn(...args);
         |            ^
      64 |   };
      65 | };
      66 |

      at console.<anonymous> (tests/setup/jest.setup.cjs:63:12)
      at console.apply [as warn] (src/scripts/modules/base.js:92:26)
      at Proxy.apply (src/scripts/modules/base.js:92:26)
      at Proxy.apply (src/scripts/modules/base.js:92:26)
      at Proxy.apply (src/scripts/modules/base.js:92:26)
      at Object.warn (tests/unit/storage.test.js:11:15)
      at setItem (src/scripts/storage.js:8463:17)
      at saveJSONToStorage (src/scripts/storage.js:14568:3)
      at saveFullBackupHistory (src/scripts/storage.js:14593:3)
      at Object.recordFullBackupHistoryEntry (tests/unit/storage.test.js:3392:7)

  console.warn
    MOCK SET: cameraPowerPlanner_fullBackups__backup = [{"createdAt":"2024-01-01T00:00:00Z-0"},{"createdA

      61 |       return undefined;
      62 |     }
    > 63 |     return originalFn(...args);
         |            ^
      64 |   };
      65 | };
      66 |

      at console.<anonymous> (tests/setup/jest.setup.cjs:63:12)
      at console.apply [as warn] (src/scripts/modules/base.js:92:26)
      at Proxy.apply (src/scripts/modules/base.js:92:26)
      at Proxy.apply (src/scripts/modules/base.js:92:26)
      at Proxy.apply (src/scripts/modules/base.js:92:26)
      at Object.warn (tests/unit/storage.test.js:11:15)
      at setItem (src/scripts/storage.js:8524:19)
      at tryStoreCandidate (src/scripts/storage.js:8540:13)
      at attemptBackupWrite (src/scripts/storage.js:8617:26)
      at saveJSONToStorage (src/scripts/storage.js:14568:3)
      at saveFullBackupHistory (src/scripts/storage.js:14593:3)
      at Object.recordFullBackupHistoryEntry (tests/unit/storage.test.js:3392:7)

  console.log
    DEBUG: getSafeLocalStorage returning object

      at Proxy.apply (src/scripts/modules/base.js:92:26)

  console.warn
    MOCK SET: cameraPowerPlanner_fullBackups__legacyMigrationBackup = [{"createdAt":"2026-01-16T20:14:37.658Z","data":[{

      61 |       return undefined;
      62 |     }
    > 63 |     return originalFn(...args);
         |            ^
      64 |   };
      65 | };
      66 |

      at console.<anonymous> (tests/setup/jest.setup.cjs:63:12)
      at console.apply [as warn] (src/scripts/modules/base.js:92:26)
      at Proxy.apply (src/scripts/modules/base.js:92:26)
      at Proxy.apply (src/scripts/modules/base.js:92:26)
      at Proxy.apply (src/scripts/modules/base.js:92:26)
      at Object.warn (tests/unit/storage.test.js:11:15)
      at setItem (src/scripts/storage.js:5514:19)
      at tryStoreList (src/scripts/storage.js:5521:20)
      at createStorageMigrationBackup (src/scripts/storage.js:5239:3)
      at ensurePreWriteMigrationBackup (src/scripts/storage.js:14567:3)
      at saveFullBackupHistory (src/scripts/storage.js:14593:3)
      at Object.recordFullBackupHistoryEntry (tests/unit/storage.test.js:3392:7)

  console.log
    DEBUG: getSafeLocalStorage returning object

      at Proxy.apply (src/scripts/modules/base.js:92:26)

  console.warn
    MOCK SET: cameraPowerPlanner_fullBackups = [{"createdAt":"2024-01-01T00:00:00Z-0"},{"createdA

      61 |       return undefined;
      62 |     }
    > 63 |     return originalFn(...args);
         |            ^
      64 |   };
      65 | };
      66 |

      at console.<anonymous> (tests/setup/jest.setup.cjs:63:12)
      at console.apply [as warn] (src/scripts/modules/base.js:92:26)
      at Proxy.apply (src/scripts/modules/base.js:92:26)
      at Proxy.apply (src/scripts/modules/base.js:92:26)
      at Proxy.apply (src/scripts/modules/base.js:92:26)
      at Object.warn (tests/unit/storage.test.js:11:15)
      at setItem (src/scripts/storage.js:8463:17)
      at saveJSONToStorage (src/scripts/storage.js:14568:3)
      at saveFullBackupHistory (src/scripts/storage.js:14593:3)
      at Object.recordFullBackupHistoryEntry (tests/unit/storage.test.js:3392:7)

  console.warn
    MOCK SET: cameraPowerPlanner_fullBackups__backup = [{"createdAt":"2024-01-01T00:00:00Z-0"},{"createdA

      61 |       return undefined;
      62 |     }
    > 63 |     return originalFn(...args);
         |            ^
      64 |   };
      65 | };
      66 |

      at console.<anonymous> (tests/setup/jest.setup.cjs:63:12)
      at console.apply [as warn] (src/scripts/modules/base.js:92:26)
      at Proxy.apply (src/scripts/modules/base.js:92:26)
      at Proxy.apply (src/scripts/modules/base.js:92:26)
      at Proxy.apply (src/scripts/modules/base.js:92:26)
      at Object.warn (tests/unit/storage.test.js:11:15)
      at setItem (src/scripts/storage.js:8524:19)
      at tryStoreCandidate (src/scripts/storage.js:8540:13)
      at attemptBackupWrite (src/scripts/storage.js:8617:26)
      at saveJSONToStorage (src/scripts/storage.js:14568:3)
      at saveFullBackupHistory (src/scripts/storage.js:14593:3)
      at Object.recordFullBackupHistoryEntry (tests/unit/storage.test.js:3392:7)

  console.log
    DEBUG: getSafeLocalStorage returning object

      at Proxy.apply (src/scripts/modules/base.js:92:26)

  console.warn
    MOCK SET: cameraPowerPlanner_fullBackups__legacyMigrationBackup = [{"createdAt":"2026-01-16T20:14:37.660Z","data":[{

      61 |       return undefined;
      62 |     }
    > 63 |     return originalFn(...args);
         |            ^
      64 |   };
      65 | };
      66 |

      at console.<anonymous> (tests/setup/jest.setup.cjs:63:12)
      at console.apply [as warn] (src/scripts/modules/base.js:92:26)
      at Proxy.apply (src/scripts/modules/base.js:92:26)
      at Proxy.apply (src/scripts/modules/base.js:92:26)
      at Proxy.apply (src/scripts/modules/base.js:92:26)
      at Object.warn (tests/unit/storage.test.js:11:15)
      at setItem (src/scripts/storage.js:5514:19)
      at tryStoreList (src/scripts/storage.js:5521:20)
      at createStorageMigrationBackup (src/scripts/storage.js:5239:3)
      at ensurePreWriteMigrationBackup (src/scripts/storage.js:14567:3)
      at saveFullBackupHistory (src/scripts/storage.js:14593:3)
      at Object.recordFullBackupHistoryEntry (tests/unit/storage.test.js:3392:7)

  console.log
    DEBUG: getSafeLocalStorage returning object

      at Proxy.apply (src/scripts/modules/base.js:92:26)

  console.warn
    MOCK SET: cameraPowerPlanner_fullBackups = [{"createdAt":"2024-01-01T00:00:00Z-0"},{"createdA

      61 |       return undefined;
      62 |     }
    > 63 |     return originalFn(...args);
         |            ^
      64 |   };
      65 | };
      66 |

      at console.<anonymous> (tests/setup/jest.setup.cjs:63:12)
      at console.apply [as warn] (src/scripts/modules/base.js:92:26)
      at Proxy.apply (src/scripts/modules/base.js:92:26)
      at Proxy.apply (src/scripts/modules/base.js:92:26)
      at Proxy.apply (src/scripts/modules/base.js:92:26)
      at Object.warn (tests/unit/storage.test.js:11:15)
      at setItem (src/scripts/storage.js:8463:17)
      at saveJSONToStorage (src/scripts/storage.js:14568:3)
      at saveFullBackupHistory (src/scripts/storage.js:14593:3)
      at Object.recordFullBackupHistoryEntry (tests/unit/storage.test.js:3392:7)

  console.warn
    MOCK SET: cameraPowerPlanner_fullBackups__backup = [{"createdAt":"2024-01-01T00:00:00Z-0"},{"createdA

      61 |       return undefined;
      62 |     }
    > 63 |     return originalFn(...args);
         |            ^
      64 |   };
      65 | };
      66 |

      at console.<anonymous> (tests/setup/jest.setup.cjs:63:12)
      at console.apply [as warn] (src/scripts/modules/base.js:92:26)
      at Proxy.apply (src/scripts/modules/base.js:92:26)
      at Proxy.apply (src/scripts/modules/base.js:92:26)
      at Proxy.apply (src/scripts/modules/base.js:92:26)
      at Object.warn (tests/unit/storage.test.js:11:15)
      at setItem (src/scripts/storage.js:8524:19)
      at tryStoreCandidate (src/scripts/storage.js:8540:13)
      at attemptBackupWrite (src/scripts/storage.js:8617:26)
      at saveJSONToStorage (src/scripts/storage.js:14568:3)
      at saveFullBackupHistory (src/scripts/storage.js:14593:3)
      at Object.recordFullBackupHistoryEntry (tests/unit/storage.test.js:3392:7)

  console.log
    DEBUG: getSafeLocalStorage returning object

      at Proxy.apply (src/scripts/modules/base.js:92:26)

  console.warn
    MOCK SET: cameraPowerPlanner_fullBackups__legacyMigrationBackup = [{"createdAt":"2026-01-16T20:14:37.663Z","data":[{

      61 |       return undefined;
      62 |     }
    > 63 |     return originalFn(...args);
         |            ^
      64 |   };
      65 | };
      66 |

      at console.<anonymous> (tests/setup/jest.setup.cjs:63:12)
      at console.apply [as warn] (src/scripts/modules/base.js:92:26)
      at Proxy.apply (src/scripts/modules/base.js:92:26)
      at Proxy.apply (src/scripts/modules/base.js:92:26)
      at Proxy.apply (src/scripts/modules/base.js:92:26)
      at Object.warn (tests/unit/storage.test.js:11:15)
      at setItem (src/scripts/storage.js:5514:19)
      at tryStoreList (src/scripts/storage.js:5521:20)
      at createStorageMigrationBackup (src/scripts/storage.js:5239:3)
      at ensurePreWriteMigrationBackup (src/scripts/storage.js:14567:3)
      at saveFullBackupHistory (src/scripts/storage.js:14593:3)
      at Object.recordFullBackupHistoryEntry (tests/unit/storage.test.js:3392:7)

  console.log
    DEBUG: getSafeLocalStorage returning object

      at Proxy.apply (src/scripts/modules/base.js:92:26)

  console.warn
    MOCK SET: cameraPowerPlanner_fullBackups = [{"createdAt":"2024-01-01T00:00:00Z-0"},{"createdA

      61 |       return undefined;
      62 |     }
    > 63 |     return originalFn(...args);
         |            ^
      64 |   };
      65 | };
      66 |

      at console.<anonymous> (tests/setup/jest.setup.cjs:63:12)
      at console.apply [as warn] (src/scripts/modules/base.js:92:26)
      at Proxy.apply (src/scripts/modules/base.js:92:26)
      at Proxy.apply (src/scripts/modules/base.js:92:26)
      at Proxy.apply (src/scripts/modules/base.js:92:26)
      at Object.warn (tests/unit/storage.test.js:11:15)
      at setItem (src/scripts/storage.js:8463:17)
      at saveJSONToStorage (src/scripts/storage.js:14568:3)
      at saveFullBackupHistory (src/scripts/storage.js:14593:3)
      at Object.recordFullBackupHistoryEntry (tests/unit/storage.test.js:3392:7)

  console.warn
    MOCK SET: cameraPowerPlanner_fullBackups__backup = [{"createdAt":"2024-01-01T00:00:00Z-0"},{"createdA

      61 |       return undefined;
      62 |     }
    > 63 |     return originalFn(...args);
         |            ^
      64 |   };
      65 | };
      66 |

      at console.<anonymous> (tests/setup/jest.setup.cjs:63:12)
      at console.apply [as warn] (src/scripts/modules/base.js:92:26)
      at Proxy.apply (src/scripts/modules/base.js:92:26)
      at Proxy.apply (src/scripts/modules/base.js:92:26)
      at Proxy.apply (src/scripts/modules/base.js:92:26)
      at Object.warn (tests/unit/storage.test.js:11:15)
      at setItem (src/scripts/storage.js:8524:19)
      at tryStoreCandidate (src/scripts/storage.js:8540:13)
      at attemptBackupWrite (src/scripts/storage.js:8617:26)
      at saveJSONToStorage (src/scripts/storage.js:14568:3)
      at saveFullBackupHistory (src/scripts/storage.js:14593:3)
      at Object.recordFullBackupHistoryEntry (tests/unit/storage.test.js:3392:7)

  console.log
    DEBUG: getSafeLocalStorage returning object

      at Proxy.apply (src/scripts/modules/base.js:92:26)

  console.warn
    MOCK SET: cameraPowerPlanner_fullBackups__legacyMigrationBackup = [{"createdAt":"2026-01-16T20:14:37.666Z","data":[{

      61 |       return undefined;
      62 |     }
    > 63 |     return originalFn(...args);
         |            ^
      64 |   };
      65 | };
      66 |

      at console.<anonymous> (tests/setup/jest.setup.cjs:63:12)
      at console.apply [as warn] (src/scripts/modules/base.js:92:26)
      at Proxy.apply (src/scripts/modules/base.js:92:26)
      at Proxy.apply (src/scripts/modules/base.js:92:26)
      at Proxy.apply (src/scripts/modules/base.js:92:26)
      at Object.warn (tests/unit/storage.test.js:11:15)
      at setItem (src/scripts/storage.js:5514:19)
      at tryStoreList (src/scripts/storage.js:5521:20)
      at createStorageMigrationBackup (src/scripts/storage.js:5239:3)
      at ensurePreWriteMigrationBackup (src/scripts/storage.js:14567:3)
      at saveFullBackupHistory (src/scripts/storage.js:14593:3)
      at Object.recordFullBackupHistoryEntry (tests/unit/storage.test.js:3392:7)

  console.log
    DEBUG: getSafeLocalStorage returning object

      at Proxy.apply (src/scripts/modules/base.js:92:26)

  console.warn
    MOCK SET: cameraPowerPlanner_fullBackups = [{"createdAt":"2024-01-01T00:00:00Z-0"},{"createdA

      61 |       return undefined;
      62 |     }
    > 63 |     return originalFn(...args);
         |            ^
      64 |   };
      65 | };
      66 |

      at console.<anonymous> (tests/setup/jest.setup.cjs:63:12)
      at console.apply [as warn] (src/scripts/modules/base.js:92:26)
      at Proxy.apply (src/scripts/modules/base.js:92:26)
      at Proxy.apply (src/scripts/modules/base.js:92:26)
      at Proxy.apply (src/scripts/modules/base.js:92:26)
      at Object.warn (tests/unit/storage.test.js:11:15)
      at setItem (src/scripts/storage.js:8463:17)
      at saveJSONToStorage (src/scripts/storage.js:14568:3)
      at saveFullBackupHistory (src/scripts/storage.js:14593:3)
      at Object.recordFullBackupHistoryEntry (tests/unit/storage.test.js:3392:7)

  console.warn
    MOCK SET: cameraPowerPlanner_fullBackups__backup = [{"createdAt":"2024-01-01T00:00:00Z-0"},{"createdA

      61 |       return undefined;
      62 |     }
    > 63 |     return originalFn(...args);
         |            ^
      64 |   };
      65 | };
      66 |

      at console.<anonymous> (tests/setup/jest.setup.cjs:63:12)
      at console.apply [as warn] (src/scripts/modules/base.js:92:26)
      at Proxy.apply (src/scripts/modules/base.js:92:26)
      at Proxy.apply (src/scripts/modules/base.js:92:26)
      at Proxy.apply (src/scripts/modules/base.js:92:26)
      at Object.warn (tests/unit/storage.test.js:11:15)
      at setItem (src/scripts/storage.js:8524:19)
      at tryStoreCandidate (src/scripts/storage.js:8540:13)
      at attemptBackupWrite (src/scripts/storage.js:8617:26)
      at saveJSONToStorage (src/scripts/storage.js:14568:3)
      at saveFullBackupHistory (src/scripts/storage.js:14593:3)
      at Object.recordFullBackupHistoryEntry (tests/unit/storage.test.js:3392:7)

  console.log
    DEBUG: getSafeLocalStorage returning object

      at Proxy.apply (src/scripts/modules/base.js:92:26)

  console.warn
    MOCK SET: cameraPowerPlanner_fullBackups__legacyMigrationBackup = [{"createdAt":"2026-01-16T20:14:37.669Z","data":[{

      61 |       return undefined;
      62 |     }
    > 63 |     return originalFn(...args);
         |            ^
      64 |   };
      65 | };
      66 |

      at console.<anonymous> (tests/setup/jest.setup.cjs:63:12)
      at console.apply [as warn] (src/scripts/modules/base.js:92:26)
      at Proxy.apply (src/scripts/modules/base.js:92:26)
      at Proxy.apply (src/scripts/modules/base.js:92:26)
      at Proxy.apply (src/scripts/modules/base.js:92:26)
      at Object.warn (tests/unit/storage.test.js:11:15)
      at setItem (src/scripts/storage.js:5514:19)
      at tryStoreList (src/scripts/storage.js:5521:20)
      at createStorageMigrationBackup (src/scripts/storage.js:5239:3)
      at ensurePreWriteMigrationBackup (src/scripts/storage.js:14567:3)
      at saveFullBackupHistory (src/scripts/storage.js:14593:3)
      at Object.recordFullBackupHistoryEntry (tests/unit/storage.test.js:3392:7)

  console.log
    DEBUG: getSafeLocalStorage returning object

      at Proxy.apply (src/scripts/modules/base.js:92:26)

  console.warn
    MOCK SET: cameraPowerPlanner_fullBackups = [{"createdAt":"2024-01-01T00:00:00Z-0"},{"createdA

      61 |       return undefined;
      62 |     }
    > 63 |     return originalFn(...args);
         |            ^
      64 |   };
      65 | };
      66 |

      at console.<anonymous> (tests/setup/jest.setup.cjs:63:12)
      at console.apply [as warn] (src/scripts/modules/base.js:92:26)
      at Proxy.apply (src/scripts/modules/base.js:92:26)
      at Proxy.apply (src/scripts/modules/base.js:92:26)
      at Proxy.apply (src/scripts/modules/base.js:92:26)
      at Object.warn (tests/unit/storage.test.js:11:15)
      at setItem (src/scripts/storage.js:8463:17)
      at saveJSONToStorage (src/scripts/storage.js:14568:3)
      at saveFullBackupHistory (src/scripts/storage.js:14593:3)
      at Object.recordFullBackupHistoryEntry (tests/unit/storage.test.js:3392:7)

  console.warn
    MOCK SET: cameraPowerPlanner_fullBackups__backup = [{"createdAt":"2024-01-01T00:00:00Z-0"},{"createdA

      61 |       return undefined;
      62 |     }
    > 63 |     return originalFn(...args);
         |            ^
      64 |   };
      65 | };
      66 |

      at console.<anonymous> (tests/setup/jest.setup.cjs:63:12)
      at console.apply [as warn] (src/scripts/modules/base.js:92:26)
      at Proxy.apply (src/scripts/modules/base.js:92:26)
      at Proxy.apply (src/scripts/modules/base.js:92:26)
      at Proxy.apply (src/scripts/modules/base.js:92:26)
      at Object.warn (tests/unit/storage.test.js:11:15)
      at setItem (src/scripts/storage.js:8524:19)
      at tryStoreCandidate (src/scripts/storage.js:8540:13)
      at attemptBackupWrite (src/scripts/storage.js:8617:26)
      at saveJSONToStorage (src/scripts/storage.js:14568:3)
      at saveFullBackupHistory (src/scripts/storage.js:14593:3)
      at Object.recordFullBackupHistoryEntry (tests/unit/storage.test.js:3392:7)

  console.log
    DEBUG: getSafeLocalStorage returning object

      at Proxy.apply (src/scripts/modules/base.js:92:26)

  console.warn
    MOCK SET: cameraPowerPlanner_fullBackups__legacyMigrationBackup = [{"createdAt":"2026-01-16T20:14:37.672Z","data":[{

      61 |       return undefined;
      62 |     }
    > 63 |     return originalFn(...args);
         |            ^
      64 |   };
      65 | };
      66 |

      at console.<anonymous> (tests/setup/jest.setup.cjs:63:12)
      at console.apply [as warn] (src/scripts/modules/base.js:92:26)
      at Proxy.apply (src/scripts/modules/base.js:92:26)
      at Proxy.apply (src/scripts/modules/base.js:92:26)
      at Proxy.apply (src/scripts/modules/base.js:92:26)
      at Object.warn (tests/unit/storage.test.js:11:15)
      at setItem (src/scripts/storage.js:5514:19)
      at tryStoreList (src/scripts/storage.js:5521:20)
      at createStorageMigrationBackup (src/scripts/storage.js:5239:3)
      at ensurePreWriteMigrationBackup (src/scripts/storage.js:14567:3)
      at saveFullBackupHistory (src/scripts/storage.js:14593:3)
      at Object.recordFullBackupHistoryEntry (tests/unit/storage.test.js:3392:7)

  console.log
    DEBUG: getSafeLocalStorage returning object

      at Proxy.apply (src/scripts/modules/base.js:92:26)

  console.warn
    MOCK SET: cameraPowerPlanner_fullBackups = [{"createdAt":"2024-01-01T00:00:00Z-0"},{"createdA

      61 |       return undefined;
      62 |     }
    > 63 |     return originalFn(...args);
         |            ^
      64 |   };
      65 | };
      66 |

      at console.<anonymous> (tests/setup/jest.setup.cjs:63:12)
      at console.apply [as warn] (src/scripts/modules/base.js:92:26)
      at Proxy.apply (src/scripts/modules/base.js:92:26)
      at Proxy.apply (src/scripts/modules/base.js:92:26)
      at Proxy.apply (src/scripts/modules/base.js:92:26)
      at Object.warn (tests/unit/storage.test.js:11:15)
      at setItem (src/scripts/storage.js:8463:17)
      at saveJSONToStorage (src/scripts/storage.js:14568:3)
      at saveFullBackupHistory (src/scripts/storage.js:14593:3)
      at Object.recordFullBackupHistoryEntry (tests/unit/storage.test.js:3392:7)

  console.warn
    MOCK SET: cameraPowerPlanner_fullBackups__backup = [{"createdAt":"2024-01-01T00:00:00Z-0"},{"createdA

      61 |       return undefined;
      62 |     }
    > 63 |     return originalFn(...args);
         |            ^
      64 |   };
      65 | };
      66 |

      at console.<anonymous> (tests/setup/jest.setup.cjs:63:12)
      at console.apply [as warn] (src/scripts/modules/base.js:92:26)
      at Proxy.apply (src/scripts/modules/base.js:92:26)
      at Proxy.apply (src/scripts/modules/base.js:92:26)
      at Proxy.apply (src/scripts/modules/base.js:92:26)
      at Object.warn (tests/unit/storage.test.js:11:15)
      at setItem (src/scripts/storage.js:8524:19)
      at tryStoreCandidate (src/scripts/storage.js:8540:13)
      at attemptBackupWrite (src/scripts/storage.js:8617:26)
      at saveJSONToStorage (src/scripts/storage.js:14568:3)
      at saveFullBackupHistory (src/scripts/storage.js:14593:3)
      at Object.recordFullBackupHistoryEntry (tests/unit/storage.test.js:3392:7)

  console.log
    DEBUG: getSafeLocalStorage returning object

      at Proxy.apply (src/scripts/modules/base.js:92:26)

  console.warn
    MOCK SET: cameraPowerPlanner_fullBackups__legacyMigrationBackup = [{"createdAt":"2026-01-16T20:14:37.674Z","data":[{

      61 |       return undefined;
      62 |     }
    > 63 |     return originalFn(...args);
         |            ^
      64 |   };
      65 | };
      66 |

      at console.<anonymous> (tests/setup/jest.setup.cjs:63:12)
      at console.apply [as warn] (src/scripts/modules/base.js:92:26)
      at Proxy.apply (src/scripts/modules/base.js:92:26)
      at Proxy.apply (src/scripts/modules/base.js:92:26)
      at Proxy.apply (src/scripts/modules/base.js:92:26)
      at Object.warn (tests/unit/storage.test.js:11:15)
      at setItem (src/scripts/storage.js:5514:19)
      at tryStoreList (src/scripts/storage.js:5521:20)
      at createStorageMigrationBackup (src/scripts/storage.js:5239:3)
      at ensurePreWriteMigrationBackup (src/scripts/storage.js:14567:3)
      at saveFullBackupHistory (src/scripts/storage.js:14593:3)
      at Object.recordFullBackupHistoryEntry (tests/unit/storage.test.js:3392:7)

  console.log
    DEBUG: getSafeLocalStorage returning object

      at Proxy.apply (src/scripts/modules/base.js:92:26)

  console.warn
    MOCK SET: cameraPowerPlanner_fullBackups = [{"createdAt":"2024-01-01T00:00:00Z-0"},{"createdA

      61 |       return undefined;
      62 |     }
    > 63 |     return originalFn(...args);
         |            ^
      64 |   };
      65 | };
      66 |

      at console.<anonymous> (tests/setup/jest.setup.cjs:63:12)
      at console.apply [as warn] (src/scripts/modules/base.js:92:26)
      at Proxy.apply (src/scripts/modules/base.js:92:26)
      at Proxy.apply (src/scripts/modules/base.js:92:26)
      at Proxy.apply (src/scripts/modules/base.js:92:26)
      at Object.warn (tests/unit/storage.test.js:11:15)
      at setItem (src/scripts/storage.js:8463:17)
      at saveJSONToStorage (src/scripts/storage.js:14568:3)
      at saveFullBackupHistory (src/scripts/storage.js:14593:3)
      at Object.recordFullBackupHistoryEntry (tests/unit/storage.test.js:3392:7)

  console.warn
    MOCK SET: cameraPowerPlanner_fullBackups__backup = [{"createdAt":"2024-01-01T00:00:00Z-0"},{"createdA

      61 |       return undefined;
      62 |     }
    > 63 |     return originalFn(...args);
         |            ^
      64 |   };
      65 | };
      66 |

      at console.<anonymous> (tests/setup/jest.setup.cjs:63:12)
      at console.apply [as warn] (src/scripts/modules/base.js:92:26)
      at Proxy.apply (src/scripts/modules/base.js:92:26)
      at Proxy.apply (src/scripts/modules/base.js:92:26)
      at Proxy.apply (src/scripts/modules/base.js:92:26)
      at Object.warn (tests/unit/storage.test.js:11:15)
      at setItem (src/scripts/storage.js:8524:19)
      at tryStoreCandidate (src/scripts/storage.js:8540:13)
      at attemptBackupWrite (src/scripts/storage.js:8617:26)
      at saveJSONToStorage (src/scripts/storage.js:14568:3)
      at saveFullBackupHistory (src/scripts/storage.js:14593:3)
      at Object.recordFullBackupHistoryEntry (tests/unit/storage.test.js:3392:7)

  console.log
    DEBUG: getSafeLocalStorage returning object

      at Proxy.apply (src/scripts/modules/base.js:92:26)

  console.warn
    MOCK SET: cameraPowerPlanner_fullBackups__legacyMigrationBackup = [{"createdAt":"2026-01-16T20:14:37.678Z","data":[{

      61 |       return undefined;
      62 |     }
    > 63 |     return originalFn(...args);
         |            ^
      64 |   };
      65 | };
      66 |

      at console.<anonymous> (tests/setup/jest.setup.cjs:63:12)
      at console.apply [as warn] (src/scripts/modules/base.js:92:26)
      at Proxy.apply (src/scripts/modules/base.js:92:26)
      at Proxy.apply (src/scripts/modules/base.js:92:26)
      at Proxy.apply (src/scripts/modules/base.js:92:26)
      at Object.warn (tests/unit/storage.test.js:11:15)
      at setItem (src/scripts/storage.js:5514:19)
      at tryStoreList (src/scripts/storage.js:5521:20)
      at createStorageMigrationBackup (src/scripts/storage.js:5239:3)
      at ensurePreWriteMigrationBackup (src/scripts/storage.js:14567:3)
      at saveFullBackupHistory (src/scripts/storage.js:14593:3)
      at Object.recordFullBackupHistoryEntry (tests/unit/storage.test.js:3392:7)

  console.log
    DEBUG: getSafeLocalStorage returning object

      at Proxy.apply (src/scripts/modules/base.js:92:26)

  console.warn
    MOCK SET: cameraPowerPlanner_fullBackups = [{"createdAt":"2024-01-01T00:00:00Z-0"},{"createdA

      61 |       return undefined;
      62 |     }
    > 63 |     return originalFn(...args);
         |            ^
      64 |   };
      65 | };
      66 |

      at console.<anonymous> (tests/setup/jest.setup.cjs:63:12)
      at console.apply [as warn] (src/scripts/modules/base.js:92:26)
      at Proxy.apply (src/scripts/modules/base.js:92:26)
      at Proxy.apply (src/scripts/modules/base.js:92:26)
      at Proxy.apply (src/scripts/modules/base.js:92:26)
      at Object.warn (tests/unit/storage.test.js:11:15)
      at setItem (src/scripts/storage.js:8463:17)
      at saveJSONToStorage (src/scripts/storage.js:14568:3)
      at saveFullBackupHistory (src/scripts/storage.js:14593:3)
      at Object.recordFullBackupHistoryEntry (tests/unit/storage.test.js:3392:7)

  console.warn
    MOCK SET: cameraPowerPlanner_fullBackups__backup = [{"createdAt":"2024-01-01T00:00:00Z-0"},{"createdA

      61 |       return undefined;
      62 |     }
    > 63 |     return originalFn(...args);
         |            ^
      64 |   };
      65 | };
      66 |

      at console.<anonymous> (tests/setup/jest.setup.cjs:63:12)
      at console.apply [as warn] (src/scripts/modules/base.js:92:26)
      at Proxy.apply (src/scripts/modules/base.js:92:26)
      at Proxy.apply (src/scripts/modules/base.js:92:26)
      at Proxy.apply (src/scripts/modules/base.js:92:26)
      at Object.warn (tests/unit/storage.test.js:11:15)
      at setItem (src/scripts/storage.js:8524:19)
      at tryStoreCandidate (src/scripts/storage.js:8540:13)
      at attemptBackupWrite (src/scripts/storage.js:8617:26)
      at saveJSONToStorage (src/scripts/storage.js:14568:3)
      at saveFullBackupHistory (src/scripts/storage.js:14593:3)
      at Object.recordFullBackupHistoryEntry (tests/unit/storage.test.js:3392:7)

  console.log
    DEBUG: getSafeLocalStorage returning object

      at Proxy.apply (src/scripts/modules/base.js:92:26)

  console.warn
    MOCK SET: cameraPowerPlanner_fullBackups__legacyMigrationBackup = [{"createdAt":"2026-01-16T20:14:37.681Z","data":[{

      61 |       return undefined;
      62 |     }
    > 63 |     return originalFn(...args);
         |            ^
      64 |   };
      65 | };
      66 |

      at console.<anonymous> (tests/setup/jest.setup.cjs:63:12)
      at console.apply [as warn] (src/scripts/modules/base.js:92:26)
      at Proxy.apply (src/scripts/modules/base.js:92:26)
      at Proxy.apply (src/scripts/modules/base.js:92:26)
      at Proxy.apply (src/scripts/modules/base.js:92:26)
      at Object.warn (tests/unit/storage.test.js:11:15)
      at setItem (src/scripts/storage.js:5514:19)
      at tryStoreList (src/scripts/storage.js:5521:20)
      at createStorageMigrationBackup (src/scripts/storage.js:5239:3)
      at ensurePreWriteMigrationBackup (src/scripts/storage.js:14567:3)
      at saveFullBackupHistory (src/scripts/storage.js:14593:3)
      at Object.recordFullBackupHistoryEntry (tests/unit/storage.test.js:3392:7)

  console.log
    DEBUG: getSafeLocalStorage returning object

      at Proxy.apply (src/scripts/modules/base.js:92:26)

  console.warn
    MOCK SET: cameraPowerPlanner_fullBackups = [{"createdAt":"2024-01-01T00:00:00Z-0"},{"createdA

      61 |       return undefined;
      62 |     }
    > 63 |     return originalFn(...args);
         |            ^
      64 |   };
      65 | };
      66 |

      at console.<anonymous> (tests/setup/jest.setup.cjs:63:12)
      at console.apply [as warn] (src/scripts/modules/base.js:92:26)
      at Proxy.apply (src/scripts/modules/base.js:92:26)
      at Proxy.apply (src/scripts/modules/base.js:92:26)
      at Proxy.apply (src/scripts/modules/base.js:92:26)
      at Object.warn (tests/unit/storage.test.js:11:15)
      at setItem (src/scripts/storage.js:8463:17)
      at saveJSONToStorage (src/scripts/storage.js:14568:3)
      at saveFullBackupHistory (src/scripts/storage.js:14593:3)
      at Object.recordFullBackupHistoryEntry (tests/unit/storage.test.js:3392:7)

  console.warn
    MOCK SET: cameraPowerPlanner_fullBackups__backup = [{"createdAt":"2024-01-01T00:00:00Z-0"},{"createdA

      61 |       return undefined;
      62 |     }
    > 63 |     return originalFn(...args);
         |            ^
      64 |   };
      65 | };
      66 |

      at console.<anonymous> (tests/setup/jest.setup.cjs:63:12)
      at console.apply [as warn] (src/scripts/modules/base.js:92:26)
      at Proxy.apply (src/scripts/modules/base.js:92:26)
      at Proxy.apply (src/scripts/modules/base.js:92:26)
      at Proxy.apply (src/scripts/modules/base.js:92:26)
      at Object.warn (tests/unit/storage.test.js:11:15)
      at setItem (src/scripts/storage.js:8524:19)
      at tryStoreCandidate (src/scripts/storage.js:8540:13)
      at attemptBackupWrite (src/scripts/storage.js:8617:26)
      at saveJSONToStorage (src/scripts/storage.js:14568:3)
      at saveFullBackupHistory (src/scripts/storage.js:14593:3)
      at Object.recordFullBackupHistoryEntry (tests/unit/storage.test.js:3392:7)

  console.log
    DEBUG: getSafeLocalStorage returning object

      at Proxy.apply (src/scripts/modules/base.js:92:26)

  console.warn
    MOCK SET: cameraPowerPlanner_fullBackups__legacyMigrationBackup = [{"createdAt":"2026-01-16T20:14:37.683Z","data":[{

      61 |       return undefined;
      62 |     }
    > 63 |     return originalFn(...args);
         |            ^
      64 |   };
      65 | };
      66 |

      at console.<anonymous> (tests/setup/jest.setup.cjs:63:12)
      at console.apply [as warn] (src/scripts/modules/base.js:92:26)
      at Proxy.apply (src/scripts/modules/base.js:92:26)
      at Proxy.apply (src/scripts/modules/base.js:92:26)
      at Proxy.apply (src/scripts/modules/base.js:92:26)
      at Object.warn (tests/unit/storage.test.js:11:15)
      at setItem (src/scripts/storage.js:5514:19)
      at tryStoreList (src/scripts/storage.js:5521:20)
      at createStorageMigrationBackup (src/scripts/storage.js:5239:3)
      at ensurePreWriteMigrationBackup (src/scripts/storage.js:14567:3)
      at saveFullBackupHistory (src/scripts/storage.js:14593:3)
      at Object.recordFullBackupHistoryEntry (tests/unit/storage.test.js:3392:7)

  console.log
    DEBUG: getSafeLocalStorage returning object

      at Proxy.apply (src/scripts/modules/base.js:92:26)

  console.warn
    MOCK SET: cameraPowerPlanner_fullBackups = [{"createdAt":"2024-01-01T00:00:00Z-0"},{"createdA

      61 |       return undefined;
      62 |     }
    > 63 |     return originalFn(...args);
         |            ^
      64 |   };
      65 | };
      66 |

      at console.<anonymous> (tests/setup/jest.setup.cjs:63:12)
      at console.apply [as warn] (src/scripts/modules/base.js:92:26)
      at Proxy.apply (src/scripts/modules/base.js:92:26)
      at Proxy.apply (src/scripts/modules/base.js:92:26)
      at Proxy.apply (src/scripts/modules/base.js:92:26)
      at Object.warn (tests/unit/storage.test.js:11:15)
      at setItem (src/scripts/storage.js:8463:17)
      at saveJSONToStorage (src/scripts/storage.js:14568:3)
      at saveFullBackupHistory (src/scripts/storage.js:14593:3)
      at Object.recordFullBackupHistoryEntry (tests/unit/storage.test.js:3392:7)

  console.warn
    MOCK SET: cameraPowerPlanner_fullBackups__backup = [{"createdAt":"2024-01-01T00:00:00Z-0"},{"createdA

      61 |       return undefined;
      62 |     }
    > 63 |     return originalFn(...args);
         |            ^
      64 |   };
      65 | };
      66 |

      at console.<anonymous> (tests/setup/jest.setup.cjs:63:12)
      at console.apply [as warn] (src/scripts/modules/base.js:92:26)
      at Proxy.apply (src/scripts/modules/base.js:92:26)
      at Proxy.apply (src/scripts/modules/base.js:92:26)
      at Proxy.apply (src/scripts/modules/base.js:92:26)
      at Object.warn (tests/unit/storage.test.js:11:15)
      at setItem (src/scripts/storage.js:8524:19)
      at tryStoreCandidate (src/scripts/storage.js:8540:13)
      at attemptBackupWrite (src/scripts/storage.js:8617:26)
      at saveJSONToStorage (src/scripts/storage.js:14568:3)
      at saveFullBackupHistory (src/scripts/storage.js:14593:3)
      at Object.recordFullBackupHistoryEntry (tests/unit/storage.test.js:3392:7)

  console.log
    DEBUG: getSafeLocalStorage returning object

      at Proxy.apply (src/scripts/modules/base.js:92:26)

  console.warn
    MOCK SET: cameraPowerPlanner_fullBackups__legacyMigrationBackup = [{"createdAt":"2026-01-16T20:14:37.686Z","data":[{

      61 |       return undefined;
      62 |     }
    > 63 |     return originalFn(...args);
         |            ^
      64 |   };
      65 | };
      66 |

      at console.<anonymous> (tests/setup/jest.setup.cjs:63:12)
      at console.apply [as warn] (src/scripts/modules/base.js:92:26)
      at Proxy.apply (src/scripts/modules/base.js:92:26)
      at Proxy.apply (src/scripts/modules/base.js:92:26)
      at Proxy.apply (src/scripts/modules/base.js:92:26)
      at Object.warn (tests/unit/storage.test.js:11:15)
      at setItem (src/scripts/storage.js:5514:19)
      at tryStoreList (src/scripts/storage.js:5521:20)
      at createStorageMigrationBackup (src/scripts/storage.js:5239:3)
      at ensurePreWriteMigrationBackup (src/scripts/storage.js:14567:3)
      at saveFullBackupHistory (src/scripts/storage.js:14593:3)
      at Object.recordFullBackupHistoryEntry (tests/unit/storage.test.js:3392:7)

  console.log
    DEBUG: getSafeLocalStorage returning object

      at Proxy.apply (src/scripts/modules/base.js:92:26)

  console.warn
    MOCK SET: cameraPowerPlanner_fullBackups = [{"createdAt":"2024-01-01T00:00:00Z-0"},{"createdA

      61 |       return undefined;
      62 |     }
    > 63 |     return originalFn(...args);
         |            ^
      64 |   };
      65 | };
      66 |

      at console.<anonymous> (tests/setup/jest.setup.cjs:63:12)
      at console.apply [as warn] (src/scripts/modules/base.js:92:26)
      at Proxy.apply (src/scripts/modules/base.js:92:26)
      at Proxy.apply (src/scripts/modules/base.js:92:26)
      at Proxy.apply (src/scripts/modules/base.js:92:26)
      at Object.warn (tests/unit/storage.test.js:11:15)
      at setItem (src/scripts/storage.js:8463:17)
      at saveJSONToStorage (src/scripts/storage.js:14568:3)
      at saveFullBackupHistory (src/scripts/storage.js:14593:3)
      at Object.recordFullBackupHistoryEntry (tests/unit/storage.test.js:3392:7)

  console.warn
    MOCK SET: cameraPowerPlanner_fullBackups__backup = [{"createdAt":"2024-01-01T00:00:00Z-0"},{"createdA

      61 |       return undefined;
      62 |     }
    > 63 |     return originalFn(...args);
         |            ^
      64 |   };
      65 | };
      66 |

      at console.<anonymous> (tests/setup/jest.setup.cjs:63:12)
      at console.apply [as warn] (src/scripts/modules/base.js:92:26)
      at Proxy.apply (src/scripts/modules/base.js:92:26)
      at Proxy.apply (src/scripts/modules/base.js:92:26)
      at Proxy.apply (src/scripts/modules/base.js:92:26)
      at Object.warn (tests/unit/storage.test.js:11:15)
      at setItem (src/scripts/storage.js:8524:19)
      at tryStoreCandidate (src/scripts/storage.js:8540:13)
      at attemptBackupWrite (src/scripts/storage.js:8617:26)
      at saveJSONToStorage (src/scripts/storage.js:14568:3)
      at saveFullBackupHistory (src/scripts/storage.js:14593:3)
      at Object.recordFullBackupHistoryEntry (tests/unit/storage.test.js:3392:7)

  console.log
    DEBUG: getSafeLocalStorage returning object

      at Proxy.apply (src/scripts/modules/base.js:92:26)

  console.warn
    MOCK SET: cameraPowerPlanner_fullBackups__legacyMigrationBackup = [{"createdAt":"2026-01-16T20:14:37.688Z","data":[{

      61 |       return undefined;
      62 |     }
    > 63 |     return originalFn(...args);
         |            ^
      64 |   };
      65 | };
      66 |

      at console.<anonymous> (tests/setup/jest.setup.cjs:63:12)
      at console.apply [as warn] (src/scripts/modules/base.js:92:26)
      at Proxy.apply (src/scripts/modules/base.js:92:26)
      at Proxy.apply (src/scripts/modules/base.js:92:26)
      at Proxy.apply (src/scripts/modules/base.js:92:26)
      at Object.warn (tests/unit/storage.test.js:11:15)
      at setItem (src/scripts/storage.js:5514:19)
      at tryStoreList (src/scripts/storage.js:5521:20)
      at createStorageMigrationBackup (src/scripts/storage.js:5239:3)
      at ensurePreWriteMigrationBackup (src/scripts/storage.js:14567:3)
      at saveFullBackupHistory (src/scripts/storage.js:14593:3)
      at Object.recordFullBackupHistoryEntry (tests/unit/storage.test.js:3392:7)

  console.log
    DEBUG: getSafeLocalStorage returning object

      at Proxy.apply (src/scripts/modules/base.js:92:26)

  console.warn
    MOCK SET: cameraPowerPlanner_fullBackups = [{"createdAt":"2024-01-01T00:00:00Z-0"},{"createdA

      61 |       return undefined;
      62 |     }
    > 63 |     return originalFn(...args);
         |            ^
      64 |   };
      65 | };
      66 |

      at console.<anonymous> (tests/setup/jest.setup.cjs:63:12)
      at console.apply [as warn] (src/scripts/modules/base.js:92:26)
      at Proxy.apply (src/scripts/modules/base.js:92:26)
      at Proxy.apply (src/scripts/modules/base.js:92:26)
      at Proxy.apply (src/scripts/modules/base.js:92:26)
      at Object.warn (tests/unit/storage.test.js:11:15)
      at setItem (src/scripts/storage.js:8463:17)
      at saveJSONToStorage (src/scripts/storage.js:14568:3)
      at saveFullBackupHistory (src/scripts/storage.js:14593:3)
      at Object.recordFullBackupHistoryEntry (tests/unit/storage.test.js:3392:7)

  console.warn
    MOCK SET: cameraPowerPlanner_fullBackups__backup = [{"createdAt":"2024-01-01T00:00:00Z-0"},{"createdA

      61 |       return undefined;
      62 |     }
    > 63 |     return originalFn(...args);
         |            ^
      64 |   };
      65 | };
      66 |

      at console.<anonymous> (tests/setup/jest.setup.cjs:63:12)
      at console.apply [as warn] (src/scripts/modules/base.js:92:26)
      at Proxy.apply (src/scripts/modules/base.js:92:26)
      at Proxy.apply (src/scripts/modules/base.js:92:26)
      at Proxy.apply (src/scripts/modules/base.js:92:26)
      at Object.warn (tests/unit/storage.test.js:11:15)
      at setItem (src/scripts/storage.js:8524:19)
      at tryStoreCandidate (src/scripts/storage.js:8540:13)
      at attemptBackupWrite (src/scripts/storage.js:8617:26)
      at saveJSONToStorage (src/scripts/storage.js:14568:3)
      at saveFullBackupHistory (src/scripts/storage.js:14593:3)
      at Object.recordFullBackupHistoryEntry (tests/unit/storage.test.js:3392:7)

  console.log
    DEBUG: getSafeLocalStorage returning object

      at Proxy.apply (src/scripts/modules/base.js:92:26)

  console.warn
    MOCK SET: cameraPowerPlanner_fullBackups__legacyMigrationBackup = [{"createdAt":"2026-01-16T20:14:37.690Z","data":[{

      61 |       return undefined;
      62 |     }
    > 63 |     return originalFn(...args);
         |            ^
      64 |   };
      65 | };
      66 |

      at console.<anonymous> (tests/setup/jest.setup.cjs:63:12)
      at console.apply [as warn] (src/scripts/modules/base.js:92:26)
      at Proxy.apply (src/scripts/modules/base.js:92:26)
      at Proxy.apply (src/scripts/modules/base.js:92:26)
      at Proxy.apply (src/scripts/modules/base.js:92:26)
      at Object.warn (tests/unit/storage.test.js:11:15)
      at setItem (src/scripts/storage.js:5514:19)
      at tryStoreList (src/scripts/storage.js:5521:20)
      at createStorageMigrationBackup (src/scripts/storage.js:5239:3)
      at ensurePreWriteMigrationBackup (src/scripts/storage.js:14567:3)
      at saveFullBackupHistory (src/scripts/storage.js:14593:3)
      at Object.recordFullBackupHistoryEntry (tests/unit/storage.test.js:3392:7)

  console.log
    DEBUG: getSafeLocalStorage returning object

      at Proxy.apply (src/scripts/modules/base.js:92:26)

  console.warn
    MOCK SET: cameraPowerPlanner_fullBackups = [{"createdAt":"2024-01-01T00:00:00Z-0"},{"createdA

      61 |       return undefined;
      62 |     }
    > 63 |     return originalFn(...args);
         |            ^
      64 |   };
      65 | };
      66 |

      at console.<anonymous> (tests/setup/jest.setup.cjs:63:12)
      at console.apply [as warn] (src/scripts/modules/base.js:92:26)
      at Proxy.apply (src/scripts/modules/base.js:92:26)
      at Proxy.apply (src/scripts/modules/base.js:92:26)
      at Proxy.apply (src/scripts/modules/base.js:92:26)
      at Object.warn (tests/unit/storage.test.js:11:15)
      at setItem (src/scripts/storage.js:8463:17)
      at saveJSONToStorage (src/scripts/storage.js:14568:3)
      at saveFullBackupHistory (src/scripts/storage.js:14593:3)
      at Object.recordFullBackupHistoryEntry (tests/unit/storage.test.js:3392:7)

  console.warn
    MOCK SET: cameraPowerPlanner_fullBackups__backup = [{"createdAt":"2024-01-01T00:00:00Z-0"},{"createdA

      61 |       return undefined;
      62 |     }
    > 63 |     return originalFn(...args);
         |            ^
      64 |   };
      65 | };
      66 |

      at console.<anonymous> (tests/setup/jest.setup.cjs:63:12)
      at console.apply [as warn] (src/scripts/modules/base.js:92:26)
      at Proxy.apply (src/scripts/modules/base.js:92:26)
      at Proxy.apply (src/scripts/modules/base.js:92:26)
      at Proxy.apply (src/scripts/modules/base.js:92:26)
      at Object.warn (tests/unit/storage.test.js:11:15)
      at setItem (src/scripts/storage.js:8524:19)
      at tryStoreCandidate (src/scripts/storage.js:8540:13)
      at attemptBackupWrite (src/scripts/storage.js:8617:26)
      at saveJSONToStorage (src/scripts/storage.js:14568:3)
      at saveFullBackupHistory (src/scripts/storage.js:14593:3)
      at Object.recordFullBackupHistoryEntry (tests/unit/storage.test.js:3392:7)

  console.log
    DEBUG: getSafeLocalStorage returning object

      at Proxy.apply (src/scripts/modules/base.js:92:26)

  console.warn
    MOCK SET: cameraPowerPlanner_fullBackups__legacyMigrationBackup = [{"createdAt":"2026-01-16T20:14:37.693Z","data":[{

      61 |       return undefined;
      62 |     }
    > 63 |     return originalFn(...args);
         |            ^
      64 |   };
      65 | };
      66 |

      at console.<anonymous> (tests/setup/jest.setup.cjs:63:12)
      at console.apply [as warn] (src/scripts/modules/base.js:92:26)
      at Proxy.apply (src/scripts/modules/base.js:92:26)
      at Proxy.apply (src/scripts/modules/base.js:92:26)
      at Proxy.apply (src/scripts/modules/base.js:92:26)
      at Object.warn (tests/unit/storage.test.js:11:15)
      at setItem (src/scripts/storage.js:5514:19)
      at tryStoreList (src/scripts/storage.js:5521:20)
      at createStorageMigrationBackup (src/scripts/storage.js:5239:3)
      at ensurePreWriteMigrationBackup (src/scripts/storage.js:14567:3)
      at saveFullBackupHistory (src/scripts/storage.js:14593:3)
      at Object.recordFullBackupHistoryEntry (tests/unit/storage.test.js:3392:7)

  console.log
    DEBUG: getSafeLocalStorage returning object

      at Proxy.apply (src/scripts/modules/base.js:92:26)

  console.warn
    MOCK SET: cameraPowerPlanner_fullBackups = [{"createdAt":"2024-01-01T00:00:00Z-0"},{"createdA

      61 |       return undefined;
      62 |     }
    > 63 |     return originalFn(...args);
         |            ^
      64 |   };
      65 | };
      66 |

      at console.<anonymous> (tests/setup/jest.setup.cjs:63:12)
      at console.apply [as warn] (src/scripts/modules/base.js:92:26)
      at Proxy.apply (src/scripts/modules/base.js:92:26)
      at Proxy.apply (src/scripts/modules/base.js:92:26)
      at Proxy.apply (src/scripts/modules/base.js:92:26)
      at Object.warn (tests/unit/storage.test.js:11:15)
      at setItem (src/scripts/storage.js:8463:17)
      at saveJSONToStorage (src/scripts/storage.js:14568:3)
      at saveFullBackupHistory (src/scripts/storage.js:14593:3)
      at Object.recordFullBackupHistoryEntry (tests/unit/storage.test.js:3392:7)

  console.warn
    MOCK SET: cameraPowerPlanner_fullBackups__backup = [{"createdAt":"2024-01-01T00:00:00Z-0"},{"createdA

      61 |       return undefined;
      62 |     }
    > 63 |     return originalFn(...args);
         |            ^
      64 |   };
      65 | };
      66 |

      at console.<anonymous> (tests/setup/jest.setup.cjs:63:12)
      at console.apply [as warn] (src/scripts/modules/base.js:92:26)
      at Proxy.apply (src/scripts/modules/base.js:92:26)
      at Proxy.apply (src/scripts/modules/base.js:92:26)
      at Proxy.apply (src/scripts/modules/base.js:92:26)
      at Object.warn (tests/unit/storage.test.js:11:15)
      at setItem (src/scripts/storage.js:8524:19)
      at tryStoreCandidate (src/scripts/storage.js:8540:13)
      at attemptBackupWrite (src/scripts/storage.js:8617:26)
      at saveJSONToStorage (src/scripts/storage.js:14568:3)
      at saveFullBackupHistory (src/scripts/storage.js:14593:3)
      at Object.recordFullBackupHistoryEntry (tests/unit/storage.test.js:3392:7)

  console.log
    DEBUG: getSafeLocalStorage returning object

      at Proxy.apply (src/scripts/modules/base.js:92:26)

  console.warn
    MOCK SET: cameraPowerPlanner_fullBackups__legacyMigrationBackup = [{"createdAt":"2026-01-16T20:14:37.697Z","data":[{

      61 |       return undefined;
      62 |     }
    > 63 |     return originalFn(...args);
         |            ^
      64 |   };
      65 | };
      66 |

      at console.<anonymous> (tests/setup/jest.setup.cjs:63:12)
      at console.apply [as warn] (src/scripts/modules/base.js:92:26)
      at Proxy.apply (src/scripts/modules/base.js:92:26)
      at Proxy.apply (src/scripts/modules/base.js:92:26)
      at Proxy.apply (src/scripts/modules/base.js:92:26)
      at Object.warn (tests/unit/storage.test.js:11:15)
      at setItem (src/scripts/storage.js:5514:19)
      at tryStoreList (src/scripts/storage.js:5521:20)
      at createStorageMigrationBackup (src/scripts/storage.js:5239:3)
      at ensurePreWriteMigrationBackup (src/scripts/storage.js:14567:3)
      at saveFullBackupHistory (src/scripts/storage.js:14593:3)
      at Object.recordFullBackupHistoryEntry (tests/unit/storage.test.js:3392:7)

  console.log
    DEBUG: getSafeLocalStorage returning object

      at Proxy.apply (src/scripts/modules/base.js:92:26)

  console.warn
    MOCK SET: cameraPowerPlanner_fullBackups = [{"createdAt":"2024-01-01T00:00:00Z-0"},{"createdA

      61 |       return undefined;
      62 |     }
    > 63 |     return originalFn(...args);
         |            ^
      64 |   };
      65 | };
      66 |

      at console.<anonymous> (tests/setup/jest.setup.cjs:63:12)
      at console.apply [as warn] (src/scripts/modules/base.js:92:26)
      at Proxy.apply (src/scripts/modules/base.js:92:26)
      at Proxy.apply (src/scripts/modules/base.js:92:26)
      at Proxy.apply (src/scripts/modules/base.js:92:26)
      at Object.warn (tests/unit/storage.test.js:11:15)
      at setItem (src/scripts/storage.js:8463:17)
      at saveJSONToStorage (src/scripts/storage.js:14568:3)
      at saveFullBackupHistory (src/scripts/storage.js:14593:3)
      at Object.recordFullBackupHistoryEntry (tests/unit/storage.test.js:3392:7)

  console.warn
    MOCK SET: cameraPowerPlanner_fullBackups__backup = [{"createdAt":"2024-01-01T00:00:00Z-0"},{"createdA

      61 |       return undefined;
      62 |     }
    > 63 |     return originalFn(...args);
         |            ^
      64 |   };
      65 | };
      66 |

      at console.<anonymous> (tests/setup/jest.setup.cjs:63:12)
      at console.apply [as warn] (src/scripts/modules/base.js:92:26)
      at Proxy.apply (src/scripts/modules/base.js:92:26)
      at Proxy.apply (src/scripts/modules/base.js:92:26)
      at Proxy.apply (src/scripts/modules/base.js:92:26)
      at Object.warn (tests/unit/storage.test.js:11:15)
      at setItem (src/scripts/storage.js:8524:19)
      at tryStoreCandidate (src/scripts/storage.js:8540:13)
      at attemptBackupWrite (src/scripts/storage.js:8617:26)
      at saveJSONToStorage (src/scripts/storage.js:14568:3)
      at saveFullBackupHistory (src/scripts/storage.js:14593:3)
      at Object.recordFullBackupHistoryEntry (tests/unit/storage.test.js:3392:7)

  console.log
    DEBUG: getSafeLocalStorage returning object

      at Proxy.apply (src/scripts/modules/base.js:92:26)

  console.warn
    MOCK SET: cameraPowerPlanner_fullBackups__legacyMigrationBackup = [{"createdAt":"2026-01-16T20:14:37.700Z","data":[{

      61 |       return undefined;
      62 |     }
    > 63 |     return originalFn(...args);
         |            ^
      64 |   };
      65 | };
      66 |

      at console.<anonymous> (tests/setup/jest.setup.cjs:63:12)
      at console.apply [as warn] (src/scripts/modules/base.js:92:26)
      at Proxy.apply (src/scripts/modules/base.js:92:26)
      at Proxy.apply (src/scripts/modules/base.js:92:26)
      at Proxy.apply (src/scripts/modules/base.js:92:26)
      at Object.warn (tests/unit/storage.test.js:11:15)
      at setItem (src/scripts/storage.js:5514:19)
      at tryStoreList (src/scripts/storage.js:5521:20)
      at createStorageMigrationBackup (src/scripts/storage.js:5239:3)
      at ensurePreWriteMigrationBackup (src/scripts/storage.js:14567:3)
      at saveFullBackupHistory (src/scripts/storage.js:14593:3)
      at Object.recordFullBackupHistoryEntry (tests/unit/storage.test.js:3392:7)

  console.log
    DEBUG: getSafeLocalStorage returning object

      at Proxy.apply (src/scripts/modules/base.js:92:26)

  console.warn
    MOCK SET: cameraPowerPlanner_fullBackups = [{"createdAt":"2024-01-01T00:00:00Z-0"},{"createdA

      61 |       return undefined;
      62 |     }
    > 63 |     return originalFn(...args);
         |            ^
      64 |   };
      65 | };
      66 |

      at console.<anonymous> (tests/setup/jest.setup.cjs:63:12)
      at console.apply [as warn] (src/scripts/modules/base.js:92:26)
      at Proxy.apply (src/scripts/modules/base.js:92:26)
      at Proxy.apply (src/scripts/modules/base.js:92:26)
      at Proxy.apply (src/scripts/modules/base.js:92:26)
      at Object.warn (tests/unit/storage.test.js:11:15)
      at setItem (src/scripts/storage.js:8463:17)
      at saveJSONToStorage (src/scripts/storage.js:14568:3)
      at saveFullBackupHistory (src/scripts/storage.js:14593:3)
      at Object.recordFullBackupHistoryEntry (tests/unit/storage.test.js:3392:7)

  console.warn
    MOCK SET: cameraPowerPlanner_fullBackups__backup = [{"createdAt":"2024-01-01T00:00:00Z-0"},{"createdA

      61 |       return undefined;
      62 |     }
    > 63 |     return originalFn(...args);
         |            ^
      64 |   };
      65 | };
      66 |

      at console.<anonymous> (tests/setup/jest.setup.cjs:63:12)
      at console.apply [as warn] (src/scripts/modules/base.js:92:26)
      at Proxy.apply (src/scripts/modules/base.js:92:26)
      at Proxy.apply (src/scripts/modules/base.js:92:26)
      at Proxy.apply (src/scripts/modules/base.js:92:26)
      at Object.warn (tests/unit/storage.test.js:11:15)
      at setItem (src/scripts/storage.js:8524:19)
      at tryStoreCandidate (src/scripts/storage.js:8540:13)
      at attemptBackupWrite (src/scripts/storage.js:8617:26)
      at saveJSONToStorage (src/scripts/storage.js:14568:3)
      at saveFullBackupHistory (src/scripts/storage.js:14593:3)
      at Object.recordFullBackupHistoryEntry (tests/unit/storage.test.js:3392:7)

  console.log
    DEBUG: getSafeLocalStorage returning object

      at Proxy.apply (src/scripts/modules/base.js:92:26)

  console.warn
    MOCK SET: cameraPowerPlanner_fullBackups__legacyMigrationBackup = [{"createdAt":"2026-01-16T20:14:37.702Z","data":[{

      61 |       return undefined;
      62 |     }
    > 63 |     return originalFn(...args);
         |            ^
      64 |   };
      65 | };
      66 |

      at console.<anonymous> (tests/setup/jest.setup.cjs:63:12)
      at console.apply [as warn] (src/scripts/modules/base.js:92:26)
      at Proxy.apply (src/scripts/modules/base.js:92:26)
      at Proxy.apply (src/scripts/modules/base.js:92:26)
      at Proxy.apply (src/scripts/modules/base.js:92:26)
      at Object.warn (tests/unit/storage.test.js:11:15)
      at setItem (src/scripts/storage.js:5514:19)
      at tryStoreList (src/scripts/storage.js:5521:20)
      at createStorageMigrationBackup (src/scripts/storage.js:5239:3)
      at ensurePreWriteMigrationBackup (src/scripts/storage.js:14567:3)
      at saveFullBackupHistory (src/scripts/storage.js:14593:3)
      at Object.recordFullBackupHistoryEntry (tests/unit/storage.test.js:3392:7)

  console.log
    DEBUG: getSafeLocalStorage returning object

      at Proxy.apply (src/scripts/modules/base.js:92:26)

  console.warn
    MOCK SET: cameraPowerPlanner_fullBackups = [{"createdAt":"2024-01-01T00:00:00Z-0"},{"createdA

      61 |       return undefined;
      62 |     }
    > 63 |     return originalFn(...args);
         |            ^
      64 |   };
      65 | };
      66 |

      at console.<anonymous> (tests/setup/jest.setup.cjs:63:12)
      at console.apply [as warn] (src/scripts/modules/base.js:92:26)
      at Proxy.apply (src/scripts/modules/base.js:92:26)
      at Proxy.apply (src/scripts/modules/base.js:92:26)
      at Proxy.apply (src/scripts/modules/base.js:92:26)
      at Object.warn (tests/unit/storage.test.js:11:15)
      at setItem (src/scripts/storage.js:8463:17)
      at saveJSONToStorage (src/scripts/storage.js:14568:3)
      at saveFullBackupHistory (src/scripts/storage.js:14593:3)
      at Object.recordFullBackupHistoryEntry (tests/unit/storage.test.js:3392:7)

  console.warn
    MOCK SET: cameraPowerPlanner_fullBackups__backup = [{"createdAt":"2024-01-01T00:00:00Z-0"},{"createdA

      61 |       return undefined;
      62 |     }
    > 63 |     return originalFn(...args);
         |            ^
      64 |   };
      65 | };
      66 |

      at console.<anonymous> (tests/setup/jest.setup.cjs:63:12)
      at console.apply [as warn] (src/scripts/modules/base.js:92:26)
      at Proxy.apply (src/scripts/modules/base.js:92:26)
      at Proxy.apply (src/scripts/modules/base.js:92:26)
      at Proxy.apply (src/scripts/modules/base.js:92:26)
      at Object.warn (tests/unit/storage.test.js:11:15)
      at setItem (src/scripts/storage.js:8524:19)
      at tryStoreCandidate (src/scripts/storage.js:8540:13)
      at attemptBackupWrite (src/scripts/storage.js:8617:26)
      at saveJSONToStorage (src/scripts/storage.js:14568:3)
      at saveFullBackupHistory (src/scripts/storage.js:14593:3)
      at Object.recordFullBackupHistoryEntry (tests/unit/storage.test.js:3392:7)

  console.log
    DEBUG: getSafeLocalStorage returning object

      at Proxy.apply (src/scripts/modules/base.js:92:26)

  console.warn
    MOCK SET: cameraPowerPlanner_fullBackups__legacyMigrationBackup = [{"createdAt":"2026-01-16T20:14:37.706Z","data":[{

      61 |       return undefined;
      62 |     }
    > 63 |     return originalFn(...args);
         |            ^
      64 |   };
      65 | };
      66 |

      at console.<anonymous> (tests/setup/jest.setup.cjs:63:12)
      at console.apply [as warn] (src/scripts/modules/base.js:92:26)
      at Proxy.apply (src/scripts/modules/base.js:92:26)
      at Proxy.apply (src/scripts/modules/base.js:92:26)
      at Proxy.apply (src/scripts/modules/base.js:92:26)
      at Object.warn (tests/unit/storage.test.js:11:15)
      at setItem (src/scripts/storage.js:5514:19)
      at tryStoreList (src/scripts/storage.js:5521:20)
      at createStorageMigrationBackup (src/scripts/storage.js:5239:3)
      at ensurePreWriteMigrationBackup (src/scripts/storage.js:14567:3)
      at saveFullBackupHistory (src/scripts/storage.js:14593:3)
      at Object.recordFullBackupHistoryEntry (tests/unit/storage.test.js:3392:7)

  console.log
    DEBUG: getSafeLocalStorage returning object

      at Proxy.apply (src/scripts/modules/base.js:92:26)

  console.warn
    MOCK SET: cameraPowerPlanner_fullBackups = [{"createdAt":"2024-01-01T00:00:00Z-0"},{"createdA

      61 |       return undefined;
      62 |     }
    > 63 |     return originalFn(...args);
         |            ^
      64 |   };
      65 | };
      66 |

      at console.<anonymous> (tests/setup/jest.setup.cjs:63:12)
      at console.apply [as warn] (src/scripts/modules/base.js:92:26)
      at Proxy.apply (src/scripts/modules/base.js:92:26)
      at Proxy.apply (src/scripts/modules/base.js:92:26)
      at Proxy.apply (src/scripts/modules/base.js:92:26)
      at Object.warn (tests/unit/storage.test.js:11:15)
      at setItem (src/scripts/storage.js:8463:17)
      at saveJSONToStorage (src/scripts/storage.js:14568:3)
      at saveFullBackupHistory (src/scripts/storage.js:14593:3)
      at Object.recordFullBackupHistoryEntry (tests/unit/storage.test.js:3392:7)

  console.warn
    MOCK SET: cameraPowerPlanner_fullBackups__backup = [{"createdAt":"2024-01-01T00:00:00Z-0"},{"createdA

      61 |       return undefined;
      62 |     }
    > 63 |     return originalFn(...args);
         |            ^
      64 |   };
      65 | };
      66 |

      at console.<anonymous> (tests/setup/jest.setup.cjs:63:12)
      at console.apply [as warn] (src/scripts/modules/base.js:92:26)
      at Proxy.apply (src/scripts/modules/base.js:92:26)
      at Proxy.apply (src/scripts/modules/base.js:92:26)
      at Proxy.apply (src/scripts/modules/base.js:92:26)
      at Object.warn (tests/unit/storage.test.js:11:15)
      at setItem (src/scripts/storage.js:8524:19)
      at tryStoreCandidate (src/scripts/storage.js:8540:13)
      at attemptBackupWrite (src/scripts/storage.js:8617:26)
      at saveJSONToStorage (src/scripts/storage.js:14568:3)
      at saveFullBackupHistory (src/scripts/storage.js:14593:3)
      at Object.recordFullBackupHistoryEntry (tests/unit/storage.test.js:3392:7)

  console.log
    DEBUG: getSafeLocalStorage returning object

      at Proxy.apply (src/scripts/modules/base.js:92:26)

  console.warn
    MOCK SET: cameraPowerPlanner_fullBackups__legacyMigrationBackup = [{"createdAt":"2026-01-16T20:14:37.709Z","data":[{

      61 |       return undefined;
      62 |     }
    > 63 |     return originalFn(...args);
         |            ^
      64 |   };
      65 | };
      66 |

      at console.<anonymous> (tests/setup/jest.setup.cjs:63:12)
      at console.apply [as warn] (src/scripts/modules/base.js:92:26)
      at Proxy.apply (src/scripts/modules/base.js:92:26)
      at Proxy.apply (src/scripts/modules/base.js:92:26)
      at Proxy.apply (src/scripts/modules/base.js:92:26)
      at Object.warn (tests/unit/storage.test.js:11:15)
      at setItem (src/scripts/storage.js:5514:19)
      at tryStoreList (src/scripts/storage.js:5521:20)
      at createStorageMigrationBackup (src/scripts/storage.js:5239:3)
      at ensurePreWriteMigrationBackup (src/scripts/storage.js:14567:3)
      at saveFullBackupHistory (src/scripts/storage.js:14593:3)
      at Object.recordFullBackupHistoryEntry (tests/unit/storage.test.js:3392:7)

  console.log
    DEBUG: getSafeLocalStorage returning object

      at Proxy.apply (src/scripts/modules/base.js:92:26)

  console.warn
    MOCK SET: cameraPowerPlanner_fullBackups = [{"createdAt":"2024-01-01T00:00:00Z-0"},{"createdA

      61 |       return undefined;
      62 |     }
    > 63 |     return originalFn(...args);
         |            ^
      64 |   };
      65 | };
      66 |

      at console.<anonymous> (tests/setup/jest.setup.cjs:63:12)
      at console.apply [as warn] (src/scripts/modules/base.js:92:26)
      at Proxy.apply (src/scripts/modules/base.js:92:26)
      at Proxy.apply (src/scripts/modules/base.js:92:26)
      at Proxy.apply (src/scripts/modules/base.js:92:26)
      at Object.warn (tests/unit/storage.test.js:11:15)
      at setItem (src/scripts/storage.js:8463:17)
      at saveJSONToStorage (src/scripts/storage.js:14568:3)
      at saveFullBackupHistory (src/scripts/storage.js:14593:3)
      at Object.recordFullBackupHistoryEntry (tests/unit/storage.test.js:3392:7)

  console.warn
    MOCK SET: cameraPowerPlanner_fullBackups__backup = [{"createdAt":"2024-01-01T00:00:00Z-0"},{"createdA

      61 |       return undefined;
      62 |     }
    > 63 |     return originalFn(...args);
         |            ^
      64 |   };
      65 | };
      66 |

      at console.<anonymous> (tests/setup/jest.setup.cjs:63:12)
      at console.apply [as warn] (src/scripts/modules/base.js:92:26)
      at Proxy.apply (src/scripts/modules/base.js:92:26)
      at Proxy.apply (src/scripts/modules/base.js:92:26)
      at Proxy.apply (src/scripts/modules/base.js:92:26)
      at Object.warn (tests/unit/storage.test.js:11:15)
      at setItem (src/scripts/storage.js:8524:19)
      at tryStoreCandidate (src/scripts/storage.js:8540:13)
      at attemptBackupWrite (src/scripts/storage.js:8617:26)
      at saveJSONToStorage (src/scripts/storage.js:14568:3)
      at saveFullBackupHistory (src/scripts/storage.js:14593:3)
      at Object.recordFullBackupHistoryEntry (tests/unit/storage.test.js:3392:7)

  console.log
    DEBUG: getSafeLocalStorage returning object

      at Proxy.apply (src/scripts/modules/base.js:92:26)

  console.warn
    MOCK SET: cameraPowerPlanner_fullBackups__legacyMigrationBackup = [{"createdAt":"2026-01-16T20:14:37.712Z","data":[{

      61 |       return undefined;
      62 |     }
    > 63 |     return originalFn(...args);
         |            ^
      64 |   };
      65 | };
      66 |

      at console.<anonymous> (tests/setup/jest.setup.cjs:63:12)
      at console.apply [as warn] (src/scripts/modules/base.js:92:26)
      at Proxy.apply (src/scripts/modules/base.js:92:26)
      at Proxy.apply (src/scripts/modules/base.js:92:26)
      at Proxy.apply (src/scripts/modules/base.js:92:26)
      at Object.warn (tests/unit/storage.test.js:11:15)
      at setItem (src/scripts/storage.js:5514:19)
      at tryStoreList (src/scripts/storage.js:5521:20)
      at createStorageMigrationBackup (src/scripts/storage.js:5239:3)
      at ensurePreWriteMigrationBackup (src/scripts/storage.js:14567:3)
      at saveFullBackupHistory (src/scripts/storage.js:14593:3)
      at Object.recordFullBackupHistoryEntry (tests/unit/storage.test.js:3392:7)

  console.log
    DEBUG: getSafeLocalStorage returning object

      at Proxy.apply (src/scripts/modules/base.js:92:26)

  console.warn
    MOCK SET: cameraPowerPlanner_fullBackups = [{"createdAt":"2024-01-01T00:00:00Z-0"},{"createdA

      61 |       return undefined;
      62 |     }
    > 63 |     return originalFn(...args);
         |            ^
      64 |   };
      65 | };
      66 |

      at console.<anonymous> (tests/setup/jest.setup.cjs:63:12)
      at console.apply [as warn] (src/scripts/modules/base.js:92:26)
      at Proxy.apply (src/scripts/modules/base.js:92:26)
      at Proxy.apply (src/scripts/modules/base.js:92:26)
      at Proxy.apply (src/scripts/modules/base.js:92:26)
      at Object.warn (tests/unit/storage.test.js:11:15)
      at setItem (src/scripts/storage.js:8463:17)
      at saveJSONToStorage (src/scripts/storage.js:14568:3)
      at saveFullBackupHistory (src/scripts/storage.js:14593:3)
      at Object.recordFullBackupHistoryEntry (tests/unit/storage.test.js:3392:7)

  console.warn
    MOCK SET: cameraPowerPlanner_fullBackups__backup = [{"createdAt":"2024-01-01T00:00:00Z-0"},{"createdA

      61 |       return undefined;
      62 |     }
    > 63 |     return originalFn(...args);
         |            ^
      64 |   };
      65 | };
      66 |

      at console.<anonymous> (tests/setup/jest.setup.cjs:63:12)
      at console.apply [as warn] (src/scripts/modules/base.js:92:26)
      at Proxy.apply (src/scripts/modules/base.js:92:26)
      at Proxy.apply (src/scripts/modules/base.js:92:26)
      at Proxy.apply (src/scripts/modules/base.js:92:26)
      at Object.warn (tests/unit/storage.test.js:11:15)
      at setItem (src/scripts/storage.js:8524:19)
      at tryStoreCandidate (src/scripts/storage.js:8540:13)
      at attemptBackupWrite (src/scripts/storage.js:8617:26)
      at saveJSONToStorage (src/scripts/storage.js:14568:3)
      at saveFullBackupHistory (src/scripts/storage.js:14593:3)
      at Object.recordFullBackupHistoryEntry (tests/unit/storage.test.js:3392:7)

  console.log
    DEBUG: getSafeLocalStorage returning object

      at Proxy.apply (src/scripts/modules/base.js:92:26)

  console.warn
    MOCK SET: cameraPowerPlanner_fullBackups__legacyMigrationBackup = [{"createdAt":"2026-01-16T20:14:37.715Z","data":[{

      61 |       return undefined;
      62 |     }
    > 63 |     return originalFn(...args);
         |            ^
      64 |   };
      65 | };
      66 |

      at console.<anonymous> (tests/setup/jest.setup.cjs:63:12)
      at console.apply [as warn] (src/scripts/modules/base.js:92:26)
      at Proxy.apply (src/scripts/modules/base.js:92:26)
      at Proxy.apply (src/scripts/modules/base.js:92:26)
      at Proxy.apply (src/scripts/modules/base.js:92:26)
      at Object.warn (tests/unit/storage.test.js:11:15)
      at setItem (src/scripts/storage.js:5514:19)
      at tryStoreList (src/scripts/storage.js:5521:20)
      at createStorageMigrationBackup (src/scripts/storage.js:5239:3)
      at ensurePreWriteMigrationBackup (src/scripts/storage.js:14567:3)
      at saveFullBackupHistory (src/scripts/storage.js:14593:3)
      at Object.recordFullBackupHistoryEntry (tests/unit/storage.test.js:3392:7)

  console.log
    DEBUG: getSafeLocalStorage returning object

      at Proxy.apply (src/scripts/modules/base.js:92:26)

  console.warn
    MOCK SET: cameraPowerPlanner_fullBackups = [{"createdAt":"2024-01-01T00:00:00Z-0"},{"createdA

      61 |       return undefined;
      62 |     }
    > 63 |     return originalFn(...args);
         |            ^
      64 |   };
      65 | };
      66 |

      at console.<anonymous> (tests/setup/jest.setup.cjs:63:12)
      at console.apply [as warn] (src/scripts/modules/base.js:92:26)
      at Proxy.apply (src/scripts/modules/base.js:92:26)
      at Proxy.apply (src/scripts/modules/base.js:92:26)
      at Proxy.apply (src/scripts/modules/base.js:92:26)
      at Object.warn (tests/unit/storage.test.js:11:15)
      at setItem (src/scripts/storage.js:8463:17)
      at saveJSONToStorage (src/scripts/storage.js:14568:3)
      at saveFullBackupHistory (src/scripts/storage.js:14593:3)
      at Object.recordFullBackupHistoryEntry (tests/unit/storage.test.js:3392:7)

  console.warn
    MOCK SET: cameraPowerPlanner_fullBackups__backup = [{"createdAt":"2024-01-01T00:00:00Z-0"},{"createdA

      61 |       return undefined;
      62 |     }
    > 63 |     return originalFn(...args);
         |            ^
      64 |   };
      65 | };
      66 |

      at console.<anonymous> (tests/setup/jest.setup.cjs:63:12)
      at console.apply [as warn] (src/scripts/modules/base.js:92:26)
      at Proxy.apply (src/scripts/modules/base.js:92:26)
      at Proxy.apply (src/scripts/modules/base.js:92:26)
      at Proxy.apply (src/scripts/modules/base.js:92:26)
      at Object.warn (tests/unit/storage.test.js:11:15)
      at setItem (src/scripts/storage.js:8524:19)
      at tryStoreCandidate (src/scripts/storage.js:8540:13)
      at attemptBackupWrite (src/scripts/storage.js:8617:26)
      at saveJSONToStorage (src/scripts/storage.js:14568:3)
      at saveFullBackupHistory (src/scripts/storage.js:14593:3)
      at Object.recordFullBackupHistoryEntry (tests/unit/storage.test.js:3392:7)

  console.log
    DEBUG: getSafeLocalStorage returning object

      at Proxy.apply (src/scripts/modules/base.js:92:26)

  console.warn
    MOCK SET: cameraPowerPlanner_fullBackups__legacyMigrationBackup = [{"createdAt":"2026-01-16T20:14:37.717Z","data":[{

      61 |       return undefined;
      62 |     }
    > 63 |     return originalFn(...args);
         |            ^
      64 |   };
      65 | };
      66 |

      at console.<anonymous> (tests/setup/jest.setup.cjs:63:12)
      at console.apply [as warn] (src/scripts/modules/base.js:92:26)
      at Proxy.apply (src/scripts/modules/base.js:92:26)
      at Proxy.apply (src/scripts/modules/base.js:92:26)
      at Proxy.apply (src/scripts/modules/base.js:92:26)
      at Object.warn (tests/unit/storage.test.js:11:15)
      at setItem (src/scripts/storage.js:5514:19)
      at tryStoreList (src/scripts/storage.js:5521:20)
      at createStorageMigrationBackup (src/scripts/storage.js:5239:3)
      at ensurePreWriteMigrationBackup (src/scripts/storage.js:14567:3)
      at saveFullBackupHistory (src/scripts/storage.js:14593:3)
      at Object.recordFullBackupHistoryEntry (tests/unit/storage.test.js:3392:7)

  console.log
    DEBUG: getSafeLocalStorage returning object

      at Proxy.apply (src/scripts/modules/base.js:92:26)

  console.warn
    MOCK SET: cameraPowerPlanner_fullBackups = [{"createdAt":"2024-01-01T00:00:00Z-0"},{"createdA

      61 |       return undefined;
      62 |     }
    > 63 |     return originalFn(...args);
         |            ^
      64 |   };
      65 | };
      66 |

      at console.<anonymous> (tests/setup/jest.setup.cjs:63:12)
      at console.apply [as warn] (src/scripts/modules/base.js:92:26)
      at Proxy.apply (src/scripts/modules/base.js:92:26)
      at Proxy.apply (src/scripts/modules/base.js:92:26)
      at Proxy.apply (src/scripts/modules/base.js:92:26)
      at Object.warn (tests/unit/storage.test.js:11:15)
      at setItem (src/scripts/storage.js:8463:17)
      at saveJSONToStorage (src/scripts/storage.js:14568:3)
      at saveFullBackupHistory (src/scripts/storage.js:14593:3)
      at Object.recordFullBackupHistoryEntry (tests/unit/storage.test.js:3392:7)

  console.warn
    MOCK SET: cameraPowerPlanner_fullBackups__backup = [{"createdAt":"2024-01-01T00:00:00Z-0"},{"createdA

      61 |       return undefined;
      62 |     }
    > 63 |     return originalFn(...args);
         |            ^
      64 |   };
      65 | };
      66 |

      at console.<anonymous> (tests/setup/jest.setup.cjs:63:12)
      at console.apply [as warn] (src/scripts/modules/base.js:92:26)
      at Proxy.apply (src/scripts/modules/base.js:92:26)
      at Proxy.apply (src/scripts/modules/base.js:92:26)
      at Proxy.apply (src/scripts/modules/base.js:92:26)
      at Object.warn (tests/unit/storage.test.js:11:15)
      at setItem (src/scripts/storage.js:8524:19)
      at tryStoreCandidate (src/scripts/storage.js:8540:13)
      at attemptBackupWrite (src/scripts/storage.js:8617:26)
      at saveJSONToStorage (src/scripts/storage.js:14568:3)
      at saveFullBackupHistory (src/scripts/storage.js:14593:3)
      at Object.recordFullBackupHistoryEntry (tests/unit/storage.test.js:3392:7)

  console.log
    DEBUG: getSafeLocalStorage returning object

      at Proxy.apply (src/scripts/modules/base.js:92:26)

  console.warn
    MOCK SET: cameraPowerPlanner_fullBackups__legacyMigrationBackup = [{"createdAt":"2026-01-16T20:14:37.721Z","data":[{

      61 |       return undefined;
      62 |     }
    > 63 |     return originalFn(...args);
         |            ^
      64 |   };
      65 | };
      66 |

      at console.<anonymous> (tests/setup/jest.setup.cjs:63:12)
      at console.apply [as warn] (src/scripts/modules/base.js:92:26)
      at Proxy.apply (src/scripts/modules/base.js:92:26)
      at Proxy.apply (src/scripts/modules/base.js:92:26)
      at Proxy.apply (src/scripts/modules/base.js:92:26)
      at Object.warn (tests/unit/storage.test.js:11:15)
      at setItem (src/scripts/storage.js:5514:19)
      at tryStoreList (src/scripts/storage.js:5521:20)
      at createStorageMigrationBackup (src/scripts/storage.js:5239:3)
      at ensurePreWriteMigrationBackup (src/scripts/storage.js:14567:3)
      at saveFullBackupHistory (src/scripts/storage.js:14593:3)
      at Object.recordFullBackupHistoryEntry (tests/unit/storage.test.js:3392:7)

  console.log
    DEBUG: getSafeLocalStorage returning object

      at Proxy.apply (src/scripts/modules/base.js:92:26)

  console.warn
    MOCK SET: cameraPowerPlanner_fullBackups = [{"createdAt":"2024-01-01T00:00:00Z-0"},{"createdA

      61 |       return undefined;
      62 |     }
    > 63 |     return originalFn(...args);
         |            ^
      64 |   };
      65 | };
      66 |

      at console.<anonymous> (tests/setup/jest.setup.cjs:63:12)
      at console.apply [as warn] (src/scripts/modules/base.js:92:26)
      at Proxy.apply (src/scripts/modules/base.js:92:26)
      at Proxy.apply (src/scripts/modules/base.js:92:26)
      at Proxy.apply (src/scripts/modules/base.js:92:26)
      at Object.warn (tests/unit/storage.test.js:11:15)
      at setItem (src/scripts/storage.js:8463:17)
      at saveJSONToStorage (src/scripts/storage.js:14568:3)
      at saveFullBackupHistory (src/scripts/storage.js:14593:3)
      at Object.recordFullBackupHistoryEntry (tests/unit/storage.test.js:3392:7)

  console.warn
    MOCK SET: cameraPowerPlanner_fullBackups__backup = [{"createdAt":"2024-01-01T00:00:00Z-0"},{"createdA

      61 |       return undefined;
      62 |     }
    > 63 |     return originalFn(...args);
         |            ^
      64 |   };
      65 | };
      66 |

      at console.<anonymous> (tests/setup/jest.setup.cjs:63:12)
      at console.apply [as warn] (src/scripts/modules/base.js:92:26)
      at Proxy.apply (src/scripts/modules/base.js:92:26)
      at Proxy.apply (src/scripts/modules/base.js:92:26)
      at Proxy.apply (src/scripts/modules/base.js:92:26)
      at Object.warn (tests/unit/storage.test.js:11:15)
      at setItem (src/scripts/storage.js:8524:19)
      at tryStoreCandidate (src/scripts/storage.js:8540:13)
      at attemptBackupWrite (src/scripts/storage.js:8617:26)
      at saveJSONToStorage (src/scripts/storage.js:14568:3)
      at saveFullBackupHistory (src/scripts/storage.js:14593:3)
      at Object.recordFullBackupHistoryEntry (tests/unit/storage.test.js:3392:7)

  console.log
    DEBUG: getSafeLocalStorage returning object

      at Proxy.apply (src/scripts/modules/base.js:92:26)

  console.warn
    MOCK SET: cameraPowerPlanner_fullBackups__legacyMigrationBackup = [{"createdAt":"2026-01-16T20:14:37.724Z","data":[{

      61 |       return undefined;
      62 |     }
    > 63 |     return originalFn(...args);
         |            ^
      64 |   };
      65 | };
      66 |

      at console.<anonymous> (tests/setup/jest.setup.cjs:63:12)
      at console.apply [as warn] (src/scripts/modules/base.js:92:26)
      at Proxy.apply (src/scripts/modules/base.js:92:26)
      at Proxy.apply (src/scripts/modules/base.js:92:26)
      at Proxy.apply (src/scripts/modules/base.js:92:26)
      at Object.warn (tests/unit/storage.test.js:11:15)
      at setItem (src/scripts/storage.js:5514:19)
      at tryStoreList (src/scripts/storage.js:5521:20)
      at createStorageMigrationBackup (src/scripts/storage.js:5239:3)
      at ensurePreWriteMigrationBackup (src/scripts/storage.js:14567:3)
      at saveFullBackupHistory (src/scripts/storage.js:14593:3)
      at Object.recordFullBackupHistoryEntry (tests/unit/storage.test.js:3392:7)

  console.log
    DEBUG: getSafeLocalStorage returning object

      at Proxy.apply (src/scripts/modules/base.js:92:26)

  console.warn
    MOCK SET: cameraPowerPlanner_fullBackups = [{"createdAt":"2024-01-01T00:00:00Z-0"},{"createdA

      61 |       return undefined;
      62 |     }
    > 63 |     return originalFn(...args);
         |            ^
      64 |   };
      65 | };
      66 |

      at console.<anonymous> (tests/setup/jest.setup.cjs:63:12)
      at console.apply [as warn] (src/scripts/modules/base.js:92:26)
      at Proxy.apply (src/scripts/modules/base.js:92:26)
      at Proxy.apply (src/scripts/modules/base.js:92:26)
      at Proxy.apply (src/scripts/modules/base.js:92:26)
      at Object.warn (tests/unit/storage.test.js:11:15)
      at setItem (src/scripts/storage.js:8463:17)
      at saveJSONToStorage (src/scripts/storage.js:14568:3)
      at saveFullBackupHistory (src/scripts/storage.js:14593:3)
      at Object.recordFullBackupHistoryEntry (tests/unit/storage.test.js:3392:7)

  console.warn
    MOCK SET: cameraPowerPlanner_fullBackups__backup = [{"createdAt":"2024-01-01T00:00:00Z-0"},{"createdA

      61 |       return undefined;
      62 |     }
    > 63 |     return originalFn(...args);
         |            ^
      64 |   };
      65 | };
      66 |

      at console.<anonymous> (tests/setup/jest.setup.cjs:63:12)
      at console.apply [as warn] (src/scripts/modules/base.js:92:26)
      at Proxy.apply (src/scripts/modules/base.js:92:26)
      at Proxy.apply (src/scripts/modules/base.js:92:26)
      at Proxy.apply (src/scripts/modules/base.js:92:26)
      at Object.warn (tests/unit/storage.test.js:11:15)
      at setItem (src/scripts/storage.js:8524:19)
      at tryStoreCandidate (src/scripts/storage.js:8540:13)
      at attemptBackupWrite (src/scripts/storage.js:8617:26)
      at saveJSONToStorage (src/scripts/storage.js:14568:3)
      at saveFullBackupHistory (src/scripts/storage.js:14593:3)
      at Object.recordFullBackupHistoryEntry (tests/unit/storage.test.js:3392:7)

  console.log
    DEBUG: getSafeLocalStorage returning object

      at Proxy.apply (src/scripts/modules/base.js:92:26)

  console.warn
    MOCK SET: cameraPowerPlanner_fullBackups__legacyMigrationBackup = [{"createdAt":"2026-01-16T20:14:37.726Z","data":[{

      61 |       return undefined;
      62 |     }
    > 63 |     return originalFn(...args);
         |            ^
      64 |   };
      65 | };
      66 |

      at console.<anonymous> (tests/setup/jest.setup.cjs:63:12)
      at console.apply [as warn] (src/scripts/modules/base.js:92:26)
      at Proxy.apply (src/scripts/modules/base.js:92:26)
      at Proxy.apply (src/scripts/modules/base.js:92:26)
      at Proxy.apply (src/scripts/modules/base.js:92:26)
      at Object.warn (tests/unit/storage.test.js:11:15)
      at setItem (src/scripts/storage.js:5514:19)
      at tryStoreList (src/scripts/storage.js:5521:20)
      at createStorageMigrationBackup (src/scripts/storage.js:5239:3)
      at ensurePreWriteMigrationBackup (src/scripts/storage.js:14567:3)
      at saveFullBackupHistory (src/scripts/storage.js:14593:3)
      at Object.recordFullBackupHistoryEntry (tests/unit/storage.test.js:3392:7)

  console.log
    DEBUG: getSafeLocalStorage returning object

      at Proxy.apply (src/scripts/modules/base.js:92:26)

  console.warn
    MOCK SET: cameraPowerPlanner_fullBackups = [{"createdAt":"2024-01-01T00:00:00Z-0"},{"createdA

      61 |       return undefined;
      62 |     }
    > 63 |     return originalFn(...args);
         |            ^
      64 |   };
      65 | };
      66 |

      at console.<anonymous> (tests/setup/jest.setup.cjs:63:12)
      at console.apply [as warn] (src/scripts/modules/base.js:92:26)
      at Proxy.apply (src/scripts/modules/base.js:92:26)
      at Proxy.apply (src/scripts/modules/base.js:92:26)
      at Proxy.apply (src/scripts/modules/base.js:92:26)
      at Object.warn (tests/unit/storage.test.js:11:15)
      at setItem (src/scripts/storage.js:8463:17)
      at saveJSONToStorage (src/scripts/storage.js:14568:3)
      at saveFullBackupHistory (src/scripts/storage.js:14593:3)
      at Object.recordFullBackupHistoryEntry (tests/unit/storage.test.js:3392:7)

  console.warn
    MOCK SET: cameraPowerPlanner_fullBackups__backup = [{"createdAt":"2024-01-01T00:00:00Z-0"},{"createdA

      61 |       return undefined;
      62 |     }
    > 63 |     return originalFn(...args);
         |            ^
      64 |   };
      65 | };
      66 |

      at console.<anonymous> (tests/setup/jest.setup.cjs:63:12)
      at console.apply [as warn] (src/scripts/modules/base.js:92:26)
      at Proxy.apply (src/scripts/modules/base.js:92:26)
      at Proxy.apply (src/scripts/modules/base.js:92:26)
      at Proxy.apply (src/scripts/modules/base.js:92:26)
      at Object.warn (tests/unit/storage.test.js:11:15)
      at setItem (src/scripts/storage.js:8524:19)
      at tryStoreCandidate (src/scripts/storage.js:8540:13)
      at attemptBackupWrite (src/scripts/storage.js:8617:26)
      at saveJSONToStorage (src/scripts/storage.js:14568:3)
      at saveFullBackupHistory (src/scripts/storage.js:14593:3)
      at Object.recordFullBackupHistoryEntry (tests/unit/storage.test.js:3392:7)

  console.log
    DEBUG: getSafeLocalStorage returning object

      at Proxy.apply (src/scripts/modules/base.js:92:26)

  console.warn
    MOCK SET: cameraPowerPlanner_fullBackups__legacyMigrationBackup = [{"createdAt":"2026-01-16T20:14:37.729Z","data":[{

      61 |       return undefined;
      62 |     }
    > 63 |     return originalFn(...args);
         |            ^
      64 |   };
      65 | };
      66 |

      at console.<anonymous> (tests/setup/jest.setup.cjs:63:12)
      at console.apply [as warn] (src/scripts/modules/base.js:92:26)
      at Proxy.apply (src/scripts/modules/base.js:92:26)
      at Proxy.apply (src/scripts/modules/base.js:92:26)
      at Proxy.apply (src/scripts/modules/base.js:92:26)
      at Object.warn (tests/unit/storage.test.js:11:15)
      at setItem (src/scripts/storage.js:5514:19)
      at tryStoreList (src/scripts/storage.js:5521:20)
      at createStorageMigrationBackup (src/scripts/storage.js:5239:3)
      at ensurePreWriteMigrationBackup (src/scripts/storage.js:14567:3)
      at saveFullBackupHistory (src/scripts/storage.js:14593:3)
      at Object.recordFullBackupHistoryEntry (tests/unit/storage.test.js:3392:7)

  console.log
    DEBUG: getSafeLocalStorage returning object

      at Proxy.apply (src/scripts/modules/base.js:92:26)

  console.warn
    MOCK SET: cameraPowerPlanner_fullBackups = [{"createdAt":"2024-01-01T00:00:00Z-0"},{"createdA

      61 |       return undefined;
      62 |     }
    > 63 |     return originalFn(...args);
         |            ^
      64 |   };
      65 | };
      66 |

      at console.<anonymous> (tests/setup/jest.setup.cjs:63:12)
      at console.apply [as warn] (src/scripts/modules/base.js:92:26)
      at Proxy.apply (src/scripts/modules/base.js:92:26)
      at Proxy.apply (src/scripts/modules/base.js:92:26)
      at Proxy.apply (src/scripts/modules/base.js:92:26)
      at Object.warn (tests/unit/storage.test.js:11:15)
      at setItem (src/scripts/storage.js:8463:17)
      at saveJSONToStorage (src/scripts/storage.js:14568:3)
      at saveFullBackupHistory (src/scripts/storage.js:14593:3)
      at Object.recordFullBackupHistoryEntry (tests/unit/storage.test.js:3392:7)

  console.warn
    MOCK SET: cameraPowerPlanner_fullBackups__backup = [{"createdAt":"2024-01-01T00:00:00Z-0"},{"createdA

      61 |       return undefined;
      62 |     }
    > 63 |     return originalFn(...args);
         |            ^
      64 |   };
      65 | };
      66 |

      at console.<anonymous> (tests/setup/jest.setup.cjs:63:12)
      at console.apply [as warn] (src/scripts/modules/base.js:92:26)
      at Proxy.apply (src/scripts/modules/base.js:92:26)
      at Proxy.apply (src/scripts/modules/base.js:92:26)
      at Proxy.apply (src/scripts/modules/base.js:92:26)
      at Object.warn (tests/unit/storage.test.js:11:15)
      at setItem (src/scripts/storage.js:8524:19)
      at tryStoreCandidate (src/scripts/storage.js:8540:13)
      at attemptBackupWrite (src/scripts/storage.js:8617:26)
      at saveJSONToStorage (src/scripts/storage.js:14568:3)
      at saveFullBackupHistory (src/scripts/storage.js:14593:3)
      at Object.recordFullBackupHistoryEntry (tests/unit/storage.test.js:3392:7)

  console.log
    DEBUG: getSafeLocalStorage returning object

      at Proxy.apply (src/scripts/modules/base.js:92:26)

  console.warn
    MOCK SET: cameraPowerPlanner_fullBackups__legacyMigrationBackup = [{"createdAt":"2026-01-16T20:14:37.732Z","data":[{

      61 |       return undefined;
      62 |     }
    > 63 |     return originalFn(...args);
         |            ^
      64 |   };
      65 | };
      66 |

      at console.<anonymous> (tests/setup/jest.setup.cjs:63:12)
      at console.apply [as warn] (src/scripts/modules/base.js:92:26)
      at Proxy.apply (src/scripts/modules/base.js:92:26)
      at Proxy.apply (src/scripts/modules/base.js:92:26)
      at Proxy.apply (src/scripts/modules/base.js:92:26)
      at Object.warn (tests/unit/storage.test.js:11:15)
      at setItem (src/scripts/storage.js:5514:19)
      at tryStoreList (src/scripts/storage.js:5521:20)
      at createStorageMigrationBackup (src/scripts/storage.js:5239:3)
      at ensurePreWriteMigrationBackup (src/scripts/storage.js:14567:3)
      at saveFullBackupHistory (src/scripts/storage.js:14593:3)
      at Object.recordFullBackupHistoryEntry (tests/unit/storage.test.js:3392:7)

  console.log
    DEBUG: getSafeLocalStorage returning object

      at Proxy.apply (src/scripts/modules/base.js:92:26)

  console.warn
    MOCK SET: cameraPowerPlanner_fullBackups = [{"createdAt":"2024-01-01T00:00:00Z-0"},{"createdA

      61 |       return undefined;
      62 |     }
    > 63 |     return originalFn(...args);
         |            ^
      64 |   };
      65 | };
      66 |

      at console.<anonymous> (tests/setup/jest.setup.cjs:63:12)
      at console.apply [as warn] (src/scripts/modules/base.js:92:26)
      at Proxy.apply (src/scripts/modules/base.js:92:26)
      at Proxy.apply (src/scripts/modules/base.js:92:26)
      at Proxy.apply (src/scripts/modules/base.js:92:26)
      at Object.warn (tests/unit/storage.test.js:11:15)
      at setItem (src/scripts/storage.js:8463:17)
      at saveJSONToStorage (src/scripts/storage.js:14568:3)
      at saveFullBackupHistory (src/scripts/storage.js:14593:3)
      at Object.recordFullBackupHistoryEntry (tests/unit/storage.test.js:3392:7)

  console.warn
    MOCK SET: cameraPowerPlanner_fullBackups__backup = [{"createdAt":"2024-01-01T00:00:00Z-0"},{"createdA

      61 |       return undefined;
      62 |     }
    > 63 |     return originalFn(...args);
         |            ^
      64 |   };
      65 | };
      66 |

      at console.<anonymous> (tests/setup/jest.setup.cjs:63:12)
      at console.apply [as warn] (src/scripts/modules/base.js:92:26)
      at Proxy.apply (src/scripts/modules/base.js:92:26)
      at Proxy.apply (src/scripts/modules/base.js:92:26)
      at Proxy.apply (src/scripts/modules/base.js:92:26)
      at Object.warn (tests/unit/storage.test.js:11:15)
      at setItem (src/scripts/storage.js:8524:19)
      at tryStoreCandidate (src/scripts/storage.js:8540:13)
      at attemptBackupWrite (src/scripts/storage.js:8617:26)
      at saveJSONToStorage (src/scripts/storage.js:14568:3)
      at saveFullBackupHistory (src/scripts/storage.js:14593:3)
      at Object.recordFullBackupHistoryEntry (tests/unit/storage.test.js:3392:7)

  console.log
    DEBUG: getSafeLocalStorage returning object

      at Proxy.apply (src/scripts/modules/base.js:92:26)

  console.warn
    MOCK SET: cameraPowerPlanner_fullBackups__legacyMigrationBackup = [{"createdAt":"2026-01-16T20:14:37.735Z","data":[{

      61 |       return undefined;
      62 |     }
    > 63 |     return originalFn(...args);
         |            ^
      64 |   };
      65 | };
      66 |

      at console.<anonymous> (tests/setup/jest.setup.cjs:63:12)
      at console.apply [as warn] (src/scripts/modules/base.js:92:26)
      at Proxy.apply (src/scripts/modules/base.js:92:26)
      at Proxy.apply (src/scripts/modules/base.js:92:26)
      at Proxy.apply (src/scripts/modules/base.js:92:26)
      at Object.warn (tests/unit/storage.test.js:11:15)
      at setItem (src/scripts/storage.js:5514:19)
      at tryStoreList (src/scripts/storage.js:5521:20)
      at createStorageMigrationBackup (src/scripts/storage.js:5239:3)
      at ensurePreWriteMigrationBackup (src/scripts/storage.js:14567:3)
      at saveFullBackupHistory (src/scripts/storage.js:14593:3)
      at Object.recordFullBackupHistoryEntry (tests/unit/storage.test.js:3392:7)

  console.log
    DEBUG: getSafeLocalStorage returning object

      at Proxy.apply (src/scripts/modules/base.js:92:26)

  console.warn
    MOCK SET: cameraPowerPlanner_fullBackups = [{"createdAt":"2024-01-01T00:00:00Z-0"},{"createdA

      61 |       return undefined;
      62 |     }
    > 63 |     return originalFn(...args);
         |            ^
      64 |   };
      65 | };
      66 |

      at console.<anonymous> (tests/setup/jest.setup.cjs:63:12)
      at console.apply [as warn] (src/scripts/modules/base.js:92:26)
      at Proxy.apply (src/scripts/modules/base.js:92:26)
      at Proxy.apply (src/scripts/modules/base.js:92:26)
      at Proxy.apply (src/scripts/modules/base.js:92:26)
      at Object.warn (tests/unit/storage.test.js:11:15)
      at setItem (src/scripts/storage.js:8463:17)
      at saveJSONToStorage (src/scripts/storage.js:14568:3)
      at saveFullBackupHistory (src/scripts/storage.js:14593:3)
      at Object.recordFullBackupHistoryEntry (tests/unit/storage.test.js:3392:7)

  console.warn
    MOCK SET: cameraPowerPlanner_fullBackups__backup = [{"createdAt":"2024-01-01T00:00:00Z-0"},{"createdA

      61 |       return undefined;
      62 |     }
    > 63 |     return originalFn(...args);
         |            ^
      64 |   };
      65 | };
      66 |

      at console.<anonymous> (tests/setup/jest.setup.cjs:63:12)
      at console.apply [as warn] (src/scripts/modules/base.js:92:26)
      at Proxy.apply (src/scripts/modules/base.js:92:26)
      at Proxy.apply (src/scripts/modules/base.js:92:26)
      at Proxy.apply (src/scripts/modules/base.js:92:26)
      at Object.warn (tests/unit/storage.test.js:11:15)
      at setItem (src/scripts/storage.js:8524:19)
      at tryStoreCandidate (src/scripts/storage.js:8540:13)
      at attemptBackupWrite (src/scripts/storage.js:8617:26)
      at saveJSONToStorage (src/scripts/storage.js:14568:3)
      at saveFullBackupHistory (src/scripts/storage.js:14593:3)
      at Object.recordFullBackupHistoryEntry (tests/unit/storage.test.js:3392:7)

  console.log
    DEBUG: getSafeLocalStorage returning object

      at Proxy.apply (src/scripts/modules/base.js:92:26)

  console.warn
    MOCK SET: cameraPowerPlanner_fullBackups__legacyMigrationBackup = [{"createdAt":"2026-01-16T20:14:37.737Z","data":[{

      61 |       return undefined;
      62 |     }
    > 63 |     return originalFn(...args);
         |            ^
      64 |   };
      65 | };
      66 |

      at console.<anonymous> (tests/setup/jest.setup.cjs:63:12)
      at console.apply [as warn] (src/scripts/modules/base.js:92:26)
      at Proxy.apply (src/scripts/modules/base.js:92:26)
      at Proxy.apply (src/scripts/modules/base.js:92:26)
      at Proxy.apply (src/scripts/modules/base.js:92:26)
      at Object.warn (tests/unit/storage.test.js:11:15)
      at setItem (src/scripts/storage.js:5514:19)
      at tryStoreList (src/scripts/storage.js:5521:20)
      at createStorageMigrationBackup (src/scripts/storage.js:5239:3)
      at ensurePreWriteMigrationBackup (src/scripts/storage.js:14567:3)
      at saveFullBackupHistory (src/scripts/storage.js:14593:3)
      at Object.recordFullBackupHistoryEntry (tests/unit/storage.test.js:3392:7)

  console.log
    DEBUG: getSafeLocalStorage returning object

      at Proxy.apply (src/scripts/modules/base.js:92:26)

  console.warn
    MOCK SET: cameraPowerPlanner_fullBackups = [{"createdAt":"2024-01-01T00:00:00Z-0"},{"createdA

      61 |       return undefined;
      62 |     }
    > 63 |     return originalFn(...args);
         |            ^
      64 |   };
      65 | };
      66 |

      at console.<anonymous> (tests/setup/jest.setup.cjs:63:12)
      at console.apply [as warn] (src/scripts/modules/base.js:92:26)
      at Proxy.apply (src/scripts/modules/base.js:92:26)
      at Proxy.apply (src/scripts/modules/base.js:92:26)
      at Proxy.apply (src/scripts/modules/base.js:92:26)
      at Object.warn (tests/unit/storage.test.js:11:15)
      at setItem (src/scripts/storage.js:8463:17)
      at saveJSONToStorage (src/scripts/storage.js:14568:3)
      at saveFullBackupHistory (src/scripts/storage.js:14593:3)
      at Object.recordFullBackupHistoryEntry (tests/unit/storage.test.js:3392:7)

  console.warn
    MOCK SET: cameraPowerPlanner_fullBackups__backup = [{"createdAt":"2024-01-01T00:00:00Z-0"},{"createdA

      61 |       return undefined;
      62 |     }
    > 63 |     return originalFn(...args);
         |            ^
      64 |   };
      65 | };
      66 |

      at console.<anonymous> (tests/setup/jest.setup.cjs:63:12)
      at console.apply [as warn] (src/scripts/modules/base.js:92:26)
      at Proxy.apply (src/scripts/modules/base.js:92:26)
      at Proxy.apply (src/scripts/modules/base.js:92:26)
      at Proxy.apply (src/scripts/modules/base.js:92:26)
      at Object.warn (tests/unit/storage.test.js:11:15)
      at setItem (src/scripts/storage.js:8524:19)
      at tryStoreCandidate (src/scripts/storage.js:8540:13)
      at attemptBackupWrite (src/scripts/storage.js:8617:26)
      at saveJSONToStorage (src/scripts/storage.js:14568:3)
      at saveFullBackupHistory (src/scripts/storage.js:14593:3)
      at Object.recordFullBackupHistoryEntry (tests/unit/storage.test.js:3392:7)

  console.log
    DEBUG: getSafeLocalStorage returning object

      at Proxy.apply (src/scripts/modules/base.js:92:26)

  console.warn
    MOCK SET: cameraPowerPlanner_fullBackups__legacyMigrationBackup = [{"createdAt":"2026-01-16T20:14:37.741Z","data":[{

      61 |       return undefined;
      62 |     }
    > 63 |     return originalFn(...args);
         |            ^
      64 |   };
      65 | };
      66 |

      at console.<anonymous> (tests/setup/jest.setup.cjs:63:12)
      at console.apply [as warn] (src/scripts/modules/base.js:92:26)
      at Proxy.apply (src/scripts/modules/base.js:92:26)
      at Proxy.apply (src/scripts/modules/base.js:92:26)
      at Proxy.apply (src/scripts/modules/base.js:92:26)
      at Object.warn (tests/unit/storage.test.js:11:15)
      at setItem (src/scripts/storage.js:5514:19)
      at tryStoreList (src/scripts/storage.js:5521:20)
      at createStorageMigrationBackup (src/scripts/storage.js:5239:3)
      at ensurePreWriteMigrationBackup (src/scripts/storage.js:14567:3)
      at saveFullBackupHistory (src/scripts/storage.js:14593:3)
      at Object.recordFullBackupHistoryEntry (tests/unit/storage.test.js:3392:7)

  console.log
    DEBUG: getSafeLocalStorage returning object

      at Proxy.apply (src/scripts/modules/base.js:92:26)

  console.warn
    MOCK SET: cameraPowerPlanner_fullBackups = [{"createdAt":"2024-01-01T00:00:00Z-0"},{"createdA

      61 |       return undefined;
      62 |     }
    > 63 |     return originalFn(...args);
         |            ^
      64 |   };
      65 | };
      66 |

      at console.<anonymous> (tests/setup/jest.setup.cjs:63:12)
      at console.apply [as warn] (src/scripts/modules/base.js:92:26)
      at Proxy.apply (src/scripts/modules/base.js:92:26)
      at Proxy.apply (src/scripts/modules/base.js:92:26)
      at Proxy.apply (src/scripts/modules/base.js:92:26)
      at Object.warn (tests/unit/storage.test.js:11:15)
      at setItem (src/scripts/storage.js:8463:17)
      at saveJSONToStorage (src/scripts/storage.js:14568:3)
      at saveFullBackupHistory (src/scripts/storage.js:14593:3)
      at Object.recordFullBackupHistoryEntry (tests/unit/storage.test.js:3392:7)

  console.warn
    MOCK SET: cameraPowerPlanner_fullBackups__backup = [{"createdAt":"2024-01-01T00:00:00Z-0"},{"createdA

      61 |       return undefined;
      62 |     }
    > 63 |     return originalFn(...args);
         |            ^
      64 |   };
      65 | };
      66 |

      at console.<anonymous> (tests/setup/jest.setup.cjs:63:12)
      at console.apply [as warn] (src/scripts/modules/base.js:92:26)
      at Proxy.apply (src/scripts/modules/base.js:92:26)
      at Proxy.apply (src/scripts/modules/base.js:92:26)
      at Proxy.apply (src/scripts/modules/base.js:92:26)
      at Object.warn (tests/unit/storage.test.js:11:15)
      at setItem (src/scripts/storage.js:8524:19)
      at tryStoreCandidate (src/scripts/storage.js:8540:13)
      at attemptBackupWrite (src/scripts/storage.js:8617:26)
      at saveJSONToStorage (src/scripts/storage.js:14568:3)
      at saveFullBackupHistory (src/scripts/storage.js:14593:3)
      at Object.recordFullBackupHistoryEntry (tests/unit/storage.test.js:3392:7)

  console.log
    DEBUG: getSafeLocalStorage returning object

      at Proxy.apply (src/scripts/modules/base.js:92:26)

  console.warn
    MOCK SET: cameraPowerPlanner_fullBackups__legacyMigrationBackup = [{"createdAt":"2026-01-16T20:14:37.744Z","data":[{

      61 |       return undefined;
      62 |     }
    > 63 |     return originalFn(...args);
         |            ^
      64 |   };
      65 | };
      66 |

      at console.<anonymous> (tests/setup/jest.setup.cjs:63:12)
      at console.apply [as warn] (src/scripts/modules/base.js:92:26)
      at Proxy.apply (src/scripts/modules/base.js:92:26)
      at Proxy.apply (src/scripts/modules/base.js:92:26)
      at Proxy.apply (src/scripts/modules/base.js:92:26)
      at Object.warn (tests/unit/storage.test.js:11:15)
      at setItem (src/scripts/storage.js:5514:19)
      at tryStoreList (src/scripts/storage.js:5521:20)
      at createStorageMigrationBackup (src/scripts/storage.js:5239:3)
      at ensurePreWriteMigrationBackup (src/scripts/storage.js:14567:3)
      at saveFullBackupHistory (src/scripts/storage.js:14593:3)
      at Object.recordFullBackupHistoryEntry (tests/unit/storage.test.js:3392:7)

  console.log
    DEBUG: getSafeLocalStorage returning object

      at Proxy.apply (src/scripts/modules/base.js:92:26)

  console.warn
    MOCK SET: cameraPowerPlanner_fullBackups = [{"createdAt":"2024-01-01T00:00:00Z-0"},{"createdA

      61 |       return undefined;
      62 |     }
    > 63 |     return originalFn(...args);
         |            ^
      64 |   };
      65 | };
      66 |

      at console.<anonymous> (tests/setup/jest.setup.cjs:63:12)
      at console.apply [as warn] (src/scripts/modules/base.js:92:26)
      at Proxy.apply (src/scripts/modules/base.js:92:26)
      at Proxy.apply (src/scripts/modules/base.js:92:26)
      at Proxy.apply (src/scripts/modules/base.js:92:26)
      at Object.warn (tests/unit/storage.test.js:11:15)
      at setItem (src/scripts/storage.js:8463:17)
      at saveJSONToStorage (src/scripts/storage.js:14568:3)
      at saveFullBackupHistory (src/scripts/storage.js:14593:3)
      at Object.recordFullBackupHistoryEntry (tests/unit/storage.test.js:3392:7)

  console.warn
    MOCK SET: cameraPowerPlanner_fullBackups__backup = [{"createdAt":"2024-01-01T00:00:00Z-0"},{"createdA

      61 |       return undefined;
      62 |     }
    > 63 |     return originalFn(...args);
         |            ^
      64 |   };
      65 | };
      66 |

      at console.<anonymous> (tests/setup/jest.setup.cjs:63:12)
      at console.apply [as warn] (src/scripts/modules/base.js:92:26)
      at Proxy.apply (src/scripts/modules/base.js:92:26)
      at Proxy.apply (src/scripts/modules/base.js:92:26)
      at Proxy.apply (src/scripts/modules/base.js:92:26)
      at Object.warn (tests/unit/storage.test.js:11:15)
      at setItem (src/scripts/storage.js:8524:19)
      at tryStoreCandidate (src/scripts/storage.js:8540:13)
      at attemptBackupWrite (src/scripts/storage.js:8617:26)
      at saveJSONToStorage (src/scripts/storage.js:14568:3)
      at saveFullBackupHistory (src/scripts/storage.js:14593:3)
      at Object.recordFullBackupHistoryEntry (tests/unit/storage.test.js:3392:7)

  console.log
    DEBUG: getSafeLocalStorage returning object

      at Proxy.apply (src/scripts/modules/base.js:92:26)

  console.warn
    MOCK SET: cameraPowerPlanner_fullBackups__legacyMigrationBackup = [{"createdAt":"2026-01-16T20:14:37.747Z","data":[{

      61 |       return undefined;
      62 |     }
    > 63 |     return originalFn(...args);
         |            ^
      64 |   };
      65 | };
      66 |

      at console.<anonymous> (tests/setup/jest.setup.cjs:63:12)
      at console.apply [as warn] (src/scripts/modules/base.js:92:26)
      at Proxy.apply (src/scripts/modules/base.js:92:26)
      at Proxy.apply (src/scripts/modules/base.js:92:26)
      at Proxy.apply (src/scripts/modules/base.js:92:26)
      at Object.warn (tests/unit/storage.test.js:11:15)
      at setItem (src/scripts/storage.js:5514:19)
      at tryStoreList (src/scripts/storage.js:5521:20)
      at createStorageMigrationBackup (src/scripts/storage.js:5239:3)
      at ensurePreWriteMigrationBackup (src/scripts/storage.js:14567:3)
      at saveFullBackupHistory (src/scripts/storage.js:14593:3)
      at Object.recordFullBackupHistoryEntry (tests/unit/storage.test.js:3392:7)

  console.log
    DEBUG: getSafeLocalStorage returning object

      at Proxy.apply (src/scripts/modules/base.js:92:26)

  console.warn
    MOCK SET: cameraPowerPlanner_fullBackups = [{"createdAt":"2024-01-01T00:00:00Z-0"},{"createdA

      61 |       return undefined;
      62 |     }
    > 63 |     return originalFn(...args);
         |            ^
      64 |   };
      65 | };
      66 |

      at console.<anonymous> (tests/setup/jest.setup.cjs:63:12)
      at console.apply [as warn] (src/scripts/modules/base.js:92:26)
      at Proxy.apply (src/scripts/modules/base.js:92:26)
      at Proxy.apply (src/scripts/modules/base.js:92:26)
      at Proxy.apply (src/scripts/modules/base.js:92:26)
      at Object.warn (tests/unit/storage.test.js:11:15)
      at setItem (src/scripts/storage.js:8463:17)
      at saveJSONToStorage (src/scripts/storage.js:14568:3)
      at saveFullBackupHistory (src/scripts/storage.js:14593:3)
      at Object.recordFullBackupHistoryEntry (tests/unit/storage.test.js:3392:7)

  console.warn
    MOCK SET: cameraPowerPlanner_fullBackups__backup = [{"createdAt":"2024-01-01T00:00:00Z-0"},{"createdA

      61 |       return undefined;
      62 |     }
    > 63 |     return originalFn(...args);
         |            ^
      64 |   };
      65 | };
      66 |

      at console.<anonymous> (tests/setup/jest.setup.cjs:63:12)
      at console.apply [as warn] (src/scripts/modules/base.js:92:26)
      at Proxy.apply (src/scripts/modules/base.js:92:26)
      at Proxy.apply (src/scripts/modules/base.js:92:26)
      at Proxy.apply (src/scripts/modules/base.js:92:26)
      at Object.warn (tests/unit/storage.test.js:11:15)
      at setItem (src/scripts/storage.js:8524:19)
      at tryStoreCandidate (src/scripts/storage.js:8540:13)
      at attemptBackupWrite (src/scripts/storage.js:8617:26)
      at saveJSONToStorage (src/scripts/storage.js:14568:3)
      at saveFullBackupHistory (src/scripts/storage.js:14593:3)
      at Object.recordFullBackupHistoryEntry (tests/unit/storage.test.js:3392:7)

  console.log
    DEBUG: getSafeLocalStorage returning object

      at Proxy.apply (src/scripts/modules/base.js:92:26)

  console.warn
    MOCK SET: cameraPowerPlanner_fullBackups__legacyMigrationBackup = [{"createdAt":"2026-01-16T20:14:37.750Z","data":[{

      61 |       return undefined;
      62 |     }
    > 63 |     return originalFn(...args);
         |            ^
      64 |   };
      65 | };
      66 |

      at console.<anonymous> (tests/setup/jest.setup.cjs:63:12)
      at console.apply [as warn] (src/scripts/modules/base.js:92:26)
      at Proxy.apply (src/scripts/modules/base.js:92:26)
      at Proxy.apply (src/scripts/modules/base.js:92:26)
      at Proxy.apply (src/scripts/modules/base.js:92:26)
      at Object.warn (tests/unit/storage.test.js:11:15)
      at setItem (src/scripts/storage.js:5514:19)
      at tryStoreList (src/scripts/storage.js:5521:20)
      at createStorageMigrationBackup (src/scripts/storage.js:5239:3)
      at ensurePreWriteMigrationBackup (src/scripts/storage.js:14567:3)
      at saveFullBackupHistory (src/scripts/storage.js:14593:3)
      at Object.recordFullBackupHistoryEntry (tests/unit/storage.test.js:3392:7)

  console.log
    DEBUG: getSafeLocalStorage returning object

      at Proxy.apply (src/scripts/modules/base.js:92:26)

  console.warn
    MOCK SET: cameraPowerPlanner_fullBackups = [{"createdAt":"2024-01-01T00:00:00Z-0"},{"createdA

      61 |       return undefined;
      62 |     }
    > 63 |     return originalFn(...args);
         |            ^
      64 |   };
      65 | };
      66 |

      at console.<anonymous> (tests/setup/jest.setup.cjs:63:12)
      at console.apply [as warn] (src/scripts/modules/base.js:92:26)
      at Proxy.apply (src/scripts/modules/base.js:92:26)
      at Proxy.apply (src/scripts/modules/base.js:92:26)
      at Proxy.apply (src/scripts/modules/base.js:92:26)
      at Object.warn (tests/unit/storage.test.js:11:15)
      at setItem (src/scripts/storage.js:8463:17)
      at saveJSONToStorage (src/scripts/storage.js:14568:3)
      at saveFullBackupHistory (src/scripts/storage.js:14593:3)
      at Object.recordFullBackupHistoryEntry (tests/unit/storage.test.js:3392:7)

  console.warn
    MOCK SET: cameraPowerPlanner_fullBackups__backup = [{"createdAt":"2024-01-01T00:00:00Z-0"},{"createdA

      61 |       return undefined;
      62 |     }
    > 63 |     return originalFn(...args);
         |            ^
      64 |   };
      65 | };
      66 |

      at console.<anonymous> (tests/setup/jest.setup.cjs:63:12)
      at console.apply [as warn] (src/scripts/modules/base.js:92:26)
      at Proxy.apply (src/scripts/modules/base.js:92:26)
      at Proxy.apply (src/scripts/modules/base.js:92:26)
      at Proxy.apply (src/scripts/modules/base.js:92:26)
      at Object.warn (tests/unit/storage.test.js:11:15)
      at setItem (src/scripts/storage.js:8524:19)
      at tryStoreCandidate (src/scripts/storage.js:8540:13)
      at attemptBackupWrite (src/scripts/storage.js:8617:26)
      at saveJSONToStorage (src/scripts/storage.js:14568:3)
      at saveFullBackupHistory (src/scripts/storage.js:14593:3)
      at Object.recordFullBackupHistoryEntry (tests/unit/storage.test.js:3392:7)

  console.log
    DEBUG: getSafeLocalStorage returning object

      at Proxy.apply (src/scripts/modules/base.js:92:26)

  console.warn
    MOCK SET: cameraPowerPlanner_fullBackups__legacyMigrationBackup = [{"createdAt":"2026-01-16T20:14:37.753Z","data":[{

      61 |       return undefined;
      62 |     }
    > 63 |     return originalFn(...args);
         |            ^
      64 |   };
      65 | };
      66 |

      at console.<anonymous> (tests/setup/jest.setup.cjs:63:12)
      at console.apply [as warn] (src/scripts/modules/base.js:92:26)
      at Proxy.apply (src/scripts/modules/base.js:92:26)
      at Proxy.apply (src/scripts/modules/base.js:92:26)
      at Proxy.apply (src/scripts/modules/base.js:92:26)
      at Object.warn (tests/unit/storage.test.js:11:15)
      at setItem (src/scripts/storage.js:5514:19)
      at tryStoreList (src/scripts/storage.js:5521:20)
      at createStorageMigrationBackup (src/scripts/storage.js:5239:3)
      at ensurePreWriteMigrationBackup (src/scripts/storage.js:14567:3)
      at saveFullBackupHistory (src/scripts/storage.js:14593:3)
      at Object.recordFullBackupHistoryEntry (tests/unit/storage.test.js:3392:7)

  console.log
    DEBUG: getSafeLocalStorage returning object

      at Proxy.apply (src/scripts/modules/base.js:92:26)

  console.warn
    MOCK SET: cameraPowerPlanner_fullBackups = [{"createdAt":"2024-01-01T00:00:00Z-0"},{"createdA

      61 |       return undefined;
      62 |     }
    > 63 |     return originalFn(...args);
         |            ^
      64 |   };
      65 | };
      66 |

      at console.<anonymous> (tests/setup/jest.setup.cjs:63:12)
      at console.apply [as warn] (src/scripts/modules/base.js:92:26)
      at Proxy.apply (src/scripts/modules/base.js:92:26)
      at Proxy.apply (src/scripts/modules/base.js:92:26)
      at Proxy.apply (src/scripts/modules/base.js:92:26)
      at Object.warn (tests/unit/storage.test.js:11:15)
      at setItem (src/scripts/storage.js:8463:17)
      at saveJSONToStorage (src/scripts/storage.js:14568:3)
      at saveFullBackupHistory (src/scripts/storage.js:14593:3)
      at Object.recordFullBackupHistoryEntry (tests/unit/storage.test.js:3392:7)

  console.warn
    MOCK SET: cameraPowerPlanner_fullBackups__backup = [{"createdAt":"2024-01-01T00:00:00Z-0"},{"createdA

      61 |       return undefined;
      62 |     }
    > 63 |     return originalFn(...args);
         |            ^
      64 |   };
      65 | };
      66 |

      at console.<anonymous> (tests/setup/jest.setup.cjs:63:12)
      at console.apply [as warn] (src/scripts/modules/base.js:92:26)
      at Proxy.apply (src/scripts/modules/base.js:92:26)
      at Proxy.apply (src/scripts/modules/base.js:92:26)
      at Proxy.apply (src/scripts/modules/base.js:92:26)
      at Object.warn (tests/unit/storage.test.js:11:15)
      at setItem (src/scripts/storage.js:8524:19)
      at tryStoreCandidate (src/scripts/storage.js:8540:13)
      at attemptBackupWrite (src/scripts/storage.js:8617:26)
      at saveJSONToStorage (src/scripts/storage.js:14568:3)
      at saveFullBackupHistory (src/scripts/storage.js:14593:3)
      at Object.recordFullBackupHistoryEntry (tests/unit/storage.test.js:3392:7)

  console.log
    DEBUG: getSafeLocalStorage returning object

      at Proxy.apply (src/scripts/modules/base.js:92:26)

  console.warn
    MOCK SET: cameraPowerPlanner_fullBackups__legacyMigrationBackup = [{"createdAt":"2026-01-16T20:14:37.757Z","data":[{

      61 |       return undefined;
      62 |     }
    > 63 |     return originalFn(...args);
         |            ^
      64 |   };
      65 | };
      66 |

      at console.<anonymous> (tests/setup/jest.setup.cjs:63:12)
      at console.apply [as warn] (src/scripts/modules/base.js:92:26)
      at Proxy.apply (src/scripts/modules/base.js:92:26)
      at Proxy.apply (src/scripts/modules/base.js:92:26)
      at Proxy.apply (src/scripts/modules/base.js:92:26)
      at Object.warn (tests/unit/storage.test.js:11:15)
      at setItem (src/scripts/storage.js:5514:19)
      at tryStoreList (src/scripts/storage.js:5521:20)
      at createStorageMigrationBackup (src/scripts/storage.js:5239:3)
      at ensurePreWriteMigrationBackup (src/scripts/storage.js:14567:3)
      at saveFullBackupHistory (src/scripts/storage.js:14593:3)
      at Object.recordFullBackupHistoryEntry (tests/unit/storage.test.js:3392:7)

  console.log
    DEBUG: getSafeLocalStorage returning object

      at Proxy.apply (src/scripts/modules/base.js:92:26)

  console.warn
    MOCK SET: cameraPowerPlanner_fullBackups = [{"createdAt":"2024-01-01T00:00:00Z-0"},{"createdA

      61 |       return undefined;
      62 |     }
    > 63 |     return originalFn(...args);
         |            ^
      64 |   };
      65 | };
      66 |

      at console.<anonymous> (tests/setup/jest.setup.cjs:63:12)
      at console.apply [as warn] (src/scripts/modules/base.js:92:26)
      at Proxy.apply (src/scripts/modules/base.js:92:26)
      at Proxy.apply (src/scripts/modules/base.js:92:26)
      at Proxy.apply (src/scripts/modules/base.js:92:26)
      at Object.warn (tests/unit/storage.test.js:11:15)
      at setItem (src/scripts/storage.js:8463:17)
      at saveJSONToStorage (src/scripts/storage.js:14568:3)
      at saveFullBackupHistory (src/scripts/storage.js:14593:3)
      at Object.recordFullBackupHistoryEntry (tests/unit/storage.test.js:3392:7)

  console.warn
    MOCK SET: cameraPowerPlanner_fullBackups__backup = [{"createdAt":"2024-01-01T00:00:00Z-0"},{"createdA

      61 |       return undefined;
      62 |     }
    > 63 |     return originalFn(...args);
         |            ^
      64 |   };
      65 | };
      66 |

      at console.<anonymous> (tests/setup/jest.setup.cjs:63:12)
      at console.apply [as warn] (src/scripts/modules/base.js:92:26)
      at Proxy.apply (src/scripts/modules/base.js:92:26)
      at Proxy.apply (src/scripts/modules/base.js:92:26)
      at Proxy.apply (src/scripts/modules/base.js:92:26)
      at Object.warn (tests/unit/storage.test.js:11:15)
      at setItem (src/scripts/storage.js:8524:19)
      at tryStoreCandidate (src/scripts/storage.js:8540:13)
      at attemptBackupWrite (src/scripts/storage.js:8617:26)
      at saveJSONToStorage (src/scripts/storage.js:14568:3)
      at saveFullBackupHistory (src/scripts/storage.js:14593:3)
      at Object.recordFullBackupHistoryEntry (tests/unit/storage.test.js:3392:7)

  console.log
    DEBUG: getSafeLocalStorage returning object

      at Proxy.apply (src/scripts/modules/base.js:92:26)

  console.warn
    MOCK SET: cameraPowerPlanner_fullBackups__legacyMigrationBackup = [{"createdAt":"2026-01-16T20:14:37.770Z","data":[{

      61 |       return undefined;
      62 |     }
    > 63 |     return originalFn(...args);
         |            ^
      64 |   };
      65 | };
      66 |

      at console.<anonymous> (tests/setup/jest.setup.cjs:63:12)
      at console.apply [as warn] (src/scripts/modules/base.js:92:26)
      at Proxy.apply (src/scripts/modules/base.js:92:26)
      at Proxy.apply (src/scripts/modules/base.js:92:26)
      at Proxy.apply (src/scripts/modules/base.js:92:26)
      at Object.warn (tests/unit/storage.test.js:11:15)
      at setItem (src/scripts/storage.js:5514:19)
      at tryStoreList (src/scripts/storage.js:5521:20)
      at createStorageMigrationBackup (src/scripts/storage.js:5239:3)
      at ensurePreWriteMigrationBackup (src/scripts/storage.js:14567:3)
      at saveFullBackupHistory (src/scripts/storage.js:14593:3)
      at Object.recordFullBackupHistoryEntry (tests/unit/storage.test.js:3392:7)

  console.log
    DEBUG: getSafeLocalStorage returning object

      at Proxy.apply (src/scripts/modules/base.js:92:26)

  console.warn
    MOCK SET: cameraPowerPlanner_fullBackups = [{"createdAt":"2024-01-01T00:00:00Z-0"},{"createdA

      61 |       return undefined;
      62 |     }
    > 63 |     return originalFn(...args);
         |            ^
      64 |   };
      65 | };
      66 |

      at console.<anonymous> (tests/setup/jest.setup.cjs:63:12)
      at console.apply [as warn] (src/scripts/modules/base.js:92:26)
      at Proxy.apply (src/scripts/modules/base.js:92:26)
      at Proxy.apply (src/scripts/modules/base.js:92:26)
      at Proxy.apply (src/scripts/modules/base.js:92:26)
      at Object.warn (tests/unit/storage.test.js:11:15)
      at setItem (src/scripts/storage.js:8463:17)
      at saveJSONToStorage (src/scripts/storage.js:14568:3)
      at saveFullBackupHistory (src/scripts/storage.js:14593:3)
      at Object.recordFullBackupHistoryEntry (tests/unit/storage.test.js:3392:7)

  console.warn
    MOCK SET: cameraPowerPlanner_fullBackups__backup = [{"createdAt":"2024-01-01T00:00:00Z-0"},{"createdA

      61 |       return undefined;
      62 |     }
    > 63 |     return originalFn(...args);
         |            ^
      64 |   };
      65 | };
      66 |

      at console.<anonymous> (tests/setup/jest.setup.cjs:63:12)
      at console.apply [as warn] (src/scripts/modules/base.js:92:26)
      at Proxy.apply (src/scripts/modules/base.js:92:26)
      at Proxy.apply (src/scripts/modules/base.js:92:26)
      at Proxy.apply (src/scripts/modules/base.js:92:26)
      at Object.warn (tests/unit/storage.test.js:11:15)
      at setItem (src/scripts/storage.js:8524:19)
      at tryStoreCandidate (src/scripts/storage.js:8540:13)
      at attemptBackupWrite (src/scripts/storage.js:8617:26)
      at saveJSONToStorage (src/scripts/storage.js:14568:3)
      at saveFullBackupHistory (src/scripts/storage.js:14593:3)
      at Object.recordFullBackupHistoryEntry (tests/unit/storage.test.js:3392:7)

  console.log
    DEBUG: getSafeLocalStorage returning object

      at Proxy.apply (src/scripts/modules/base.js:92:26)

  console.warn
    MOCK SET: cameraPowerPlanner_fullBackups__legacyMigrationBackup = [{"createdAt":"2026-01-16T20:14:37.775Z","data":[{

      61 |       return undefined;
      62 |     }
    > 63 |     return originalFn(...args);
         |            ^
      64 |   };
      65 | };
      66 |

      at console.<anonymous> (tests/setup/jest.setup.cjs:63:12)
      at console.apply [as warn] (src/scripts/modules/base.js:92:26)
      at Proxy.apply (src/scripts/modules/base.js:92:26)
      at Proxy.apply (src/scripts/modules/base.js:92:26)
      at Proxy.apply (src/scripts/modules/base.js:92:26)
      at Object.warn (tests/unit/storage.test.js:11:15)
      at setItem (src/scripts/storage.js:5514:19)
      at tryStoreList (src/scripts/storage.js:5521:20)
      at createStorageMigrationBackup (src/scripts/storage.js:5239:3)
      at ensurePreWriteMigrationBackup (src/scripts/storage.js:14567:3)
      at saveFullBackupHistory (src/scripts/storage.js:14593:3)
      at Object.recordFullBackupHistoryEntry (tests/unit/storage.test.js:3392:7)

  console.log
    DEBUG: getSafeLocalStorage returning object

      at Proxy.apply (src/scripts/modules/base.js:92:26)

  console.warn
    MOCK SET: cameraPowerPlanner_fullBackups = [{"createdAt":"2024-01-01T00:00:00Z-0"},{"createdA

      61 |       return undefined;
      62 |     }
    > 63 |     return originalFn(...args);
         |            ^
      64 |   };
      65 | };
      66 |

      at console.<anonymous> (tests/setup/jest.setup.cjs:63:12)
      at console.apply [as warn] (src/scripts/modules/base.js:92:26)
      at Proxy.apply (src/scripts/modules/base.js:92:26)
      at Proxy.apply (src/scripts/modules/base.js:92:26)
      at Proxy.apply (src/scripts/modules/base.js:92:26)
      at Object.warn (tests/unit/storage.test.js:11:15)
      at setItem (src/scripts/storage.js:8463:17)
      at saveJSONToStorage (src/scripts/storage.js:14568:3)
      at saveFullBackupHistory (src/scripts/storage.js:14593:3)
      at Object.recordFullBackupHistoryEntry (tests/unit/storage.test.js:3392:7)

  console.warn
    MOCK SET: cameraPowerPlanner_fullBackups__backup = [{"createdAt":"2024-01-01T00:00:00Z-0"},{"createdA

      61 |       return undefined;
      62 |     }
    > 63 |     return originalFn(...args);
         |            ^
      64 |   };
      65 | };
      66 |

      at console.<anonymous> (tests/setup/jest.setup.cjs:63:12)
      at console.apply [as warn] (src/scripts/modules/base.js:92:26)
      at Proxy.apply (src/scripts/modules/base.js:92:26)
      at Proxy.apply (src/scripts/modules/base.js:92:26)
      at Proxy.apply (src/scripts/modules/base.js:92:26)
      at Object.warn (tests/unit/storage.test.js:11:15)
      at setItem (src/scripts/storage.js:8524:19)
      at tryStoreCandidate (src/scripts/storage.js:8540:13)
      at attemptBackupWrite (src/scripts/storage.js:8617:26)
      at saveJSONToStorage (src/scripts/storage.js:14568:3)
      at saveFullBackupHistory (src/scripts/storage.js:14593:3)
      at Object.recordFullBackupHistoryEntry (tests/unit/storage.test.js:3392:7)

  console.log
    DEBUG: getSafeLocalStorage returning object

      at Proxy.apply (src/scripts/modules/base.js:92:26)

  console.warn
    MOCK SET: cameraPowerPlanner_fullBackups__legacyMigrationBackup = [{"createdAt":"2026-01-16T20:14:37.778Z","data":[{

      61 |       return undefined;
      62 |     }
    > 63 |     return originalFn(...args);
         |            ^
      64 |   };
      65 | };
      66 |

      at console.<anonymous> (tests/setup/jest.setup.cjs:63:12)
      at console.apply [as warn] (src/scripts/modules/base.js:92:26)
      at Proxy.apply (src/scripts/modules/base.js:92:26)
      at Proxy.apply (src/scripts/modules/base.js:92:26)
      at Proxy.apply (src/scripts/modules/base.js:92:26)
      at Object.warn (tests/unit/storage.test.js:11:15)
      at setItem (src/scripts/storage.js:5514:19)
      at tryStoreList (src/scripts/storage.js:5521:20)
      at createStorageMigrationBackup (src/scripts/storage.js:5239:3)
      at ensurePreWriteMigrationBackup (src/scripts/storage.js:14567:3)
      at saveFullBackupHistory (src/scripts/storage.js:14593:3)
      at Object.recordFullBackupHistoryEntry (tests/unit/storage.test.js:3392:7)

  console.log
    DEBUG: getSafeLocalStorage returning object

      at Proxy.apply (src/scripts/modules/base.js:92:26)

  console.warn
    MOCK SET: cameraPowerPlanner_fullBackups = [{"createdAt":"2024-01-01T00:00:00Z-0"},{"createdA

      61 |       return undefined;
      62 |     }
    > 63 |     return originalFn(...args);
         |            ^
      64 |   };
      65 | };
      66 |

      at console.<anonymous> (tests/setup/jest.setup.cjs:63:12)
      at console.apply [as warn] (src/scripts/modules/base.js:92:26)
      at Proxy.apply (src/scripts/modules/base.js:92:26)
      at Proxy.apply (src/scripts/modules/base.js:92:26)
      at Proxy.apply (src/scripts/modules/base.js:92:26)
      at Object.warn (tests/unit/storage.test.js:11:15)
      at setItem (src/scripts/storage.js:8463:17)
      at saveJSONToStorage (src/scripts/storage.js:14568:3)
      at saveFullBackupHistory (src/scripts/storage.js:14593:3)
      at Object.recordFullBackupHistoryEntry (tests/unit/storage.test.js:3392:7)

  console.warn
    MOCK SET: cameraPowerPlanner_fullBackups__backup = [{"createdAt":"2024-01-01T00:00:00Z-0"},{"createdA

      61 |       return undefined;
      62 |     }
    > 63 |     return originalFn(...args);
         |            ^
      64 |   };
      65 | };
      66 |

      at console.<anonymous> (tests/setup/jest.setup.cjs:63:12)
      at console.apply [as warn] (src/scripts/modules/base.js:92:26)
      at Proxy.apply (src/scripts/modules/base.js:92:26)
      at Proxy.apply (src/scripts/modules/base.js:92:26)
      at Proxy.apply (src/scripts/modules/base.js:92:26)
      at Object.warn (tests/unit/storage.test.js:11:15)
      at setItem (src/scripts/storage.js:8524:19)
      at tryStoreCandidate (src/scripts/storage.js:8540:13)
      at attemptBackupWrite (src/scripts/storage.js:8617:26)
      at saveJSONToStorage (src/scripts/storage.js:14568:3)
      at saveFullBackupHistory (src/scripts/storage.js:14593:3)
      at Object.recordFullBackupHistoryEntry (tests/unit/storage.test.js:3392:7)

  console.log
    DEBUG: getSafeLocalStorage returning object

      at Proxy.apply (src/scripts/modules/base.js:92:26)

  console.warn
    MOCK SET: cameraPowerPlanner_fullBackups__legacyMigrationBackup = [{"createdAt":"2026-01-16T20:14:37.781Z","data":[{

      61 |       return undefined;
      62 |     }
    > 63 |     return originalFn(...args);
         |            ^
      64 |   };
      65 | };
      66 |

      at console.<anonymous> (tests/setup/jest.setup.cjs:63:12)
      at console.apply [as warn] (src/scripts/modules/base.js:92:26)
      at Proxy.apply (src/scripts/modules/base.js:92:26)
      at Proxy.apply (src/scripts/modules/base.js:92:26)
      at Proxy.apply (src/scripts/modules/base.js:92:26)
      at Object.warn (tests/unit/storage.test.js:11:15)
      at setItem (src/scripts/storage.js:5514:19)
      at tryStoreList (src/scripts/storage.js:5521:20)
      at createStorageMigrationBackup (src/scripts/storage.js:5239:3)
      at ensurePreWriteMigrationBackup (src/scripts/storage.js:14567:3)
      at saveFullBackupHistory (src/scripts/storage.js:14593:3)
      at Object.recordFullBackupHistoryEntry (tests/unit/storage.test.js:3392:7)

  console.log
    DEBUG: getSafeLocalStorage returning object

      at Proxy.apply (src/scripts/modules/base.js:92:26)

  console.warn
    MOCK SET: cameraPowerPlanner_fullBackups = [{"createdAt":"2024-01-01T00:00:00Z-0"},{"createdA

      61 |       return undefined;
      62 |     }
    > 63 |     return originalFn(...args);
         |            ^
      64 |   };
      65 | };
      66 |

      at console.<anonymous> (tests/setup/jest.setup.cjs:63:12)
      at console.apply [as warn] (src/scripts/modules/base.js:92:26)
      at Proxy.apply (src/scripts/modules/base.js:92:26)
      at Proxy.apply (src/scripts/modules/base.js:92:26)
      at Proxy.apply (src/scripts/modules/base.js:92:26)
      at Object.warn (tests/unit/storage.test.js:11:15)
      at setItem (src/scripts/storage.js:8463:17)
      at saveJSONToStorage (src/scripts/storage.js:14568:3)
      at saveFullBackupHistory (src/scripts/storage.js:14593:3)
      at Object.recordFullBackupHistoryEntry (tests/unit/storage.test.js:3392:7)

  console.warn
    MOCK SET: cameraPowerPlanner_fullBackups__backup = [{"createdAt":"2024-01-01T00:00:00Z-0"},{"createdA

      61 |       return undefined;
      62 |     }
    > 63 |     return originalFn(...args);
         |            ^
      64 |   };
      65 | };
      66 |

      at console.<anonymous> (tests/setup/jest.setup.cjs:63:12)
      at console.apply [as warn] (src/scripts/modules/base.js:92:26)
      at Proxy.apply (src/scripts/modules/base.js:92:26)
      at Proxy.apply (src/scripts/modules/base.js:92:26)
      at Proxy.apply (src/scripts/modules/base.js:92:26)
      at Object.warn (tests/unit/storage.test.js:11:15)
      at setItem (src/scripts/storage.js:8524:19)
      at tryStoreCandidate (src/scripts/storage.js:8540:13)
      at attemptBackupWrite (src/scripts/storage.js:8617:26)
      at saveJSONToStorage (src/scripts/storage.js:14568:3)
      at saveFullBackupHistory (src/scripts/storage.js:14593:3)
      at Object.recordFullBackupHistoryEntry (tests/unit/storage.test.js:3392:7)

  console.log
    DEBUG: getSafeLocalStorage returning object

      at Proxy.apply (src/scripts/modules/base.js:92:26)

  console.warn
    MOCK SET: cameraPowerPlanner_fullBackups__legacyMigrationBackup = [{"createdAt":"2026-01-16T20:14:37.784Z","data":[{

      61 |       return undefined;
      62 |     }
    > 63 |     return originalFn(...args);
         |            ^
      64 |   };
      65 | };
      66 |

      at console.<anonymous> (tests/setup/jest.setup.cjs:63:12)
      at console.apply [as warn] (src/scripts/modules/base.js:92:26)
      at Proxy.apply (src/scripts/modules/base.js:92:26)
      at Proxy.apply (src/scripts/modules/base.js:92:26)
      at Proxy.apply (src/scripts/modules/base.js:92:26)
      at Object.warn (tests/unit/storage.test.js:11:15)
      at setItem (src/scripts/storage.js:5514:19)
      at tryStoreList (src/scripts/storage.js:5521:20)
      at createStorageMigrationBackup (src/scripts/storage.js:5239:3)
      at ensurePreWriteMigrationBackup (src/scripts/storage.js:14567:3)
      at saveFullBackupHistory (src/scripts/storage.js:14593:3)
      at Object.recordFullBackupHistoryEntry (tests/unit/storage.test.js:3392:7)

  console.log
    DEBUG: getSafeLocalStorage returning object

      at Proxy.apply (src/scripts/modules/base.js:92:26)

  console.warn
    MOCK SET: cameraPowerPlanner_fullBackups = [{"createdAt":"2024-01-01T00:00:00Z-0"},{"createdA

      61 |       return undefined;
      62 |     }
    > 63 |     return originalFn(...args);
         |            ^
      64 |   };
      65 | };
      66 |

      at console.<anonymous> (tests/setup/jest.setup.cjs:63:12)
      at console.apply [as warn] (src/scripts/modules/base.js:92:26)
      at Proxy.apply (src/scripts/modules/base.js:92:26)
      at Proxy.apply (src/scripts/modules/base.js:92:26)
      at Proxy.apply (src/scripts/modules/base.js:92:26)
      at Object.warn (tests/unit/storage.test.js:11:15)
      at setItem (src/scripts/storage.js:8463:17)
      at saveJSONToStorage (src/scripts/storage.js:14568:3)
      at saveFullBackupHistory (src/scripts/storage.js:14593:3)
      at Object.recordFullBackupHistoryEntry (tests/unit/storage.test.js:3392:7)

  console.warn
    MOCK SET: cameraPowerPlanner_fullBackups__backup = [{"createdAt":"2024-01-01T00:00:00Z-0"},{"createdA

      61 |       return undefined;
      62 |     }
    > 63 |     return originalFn(...args);
         |            ^
      64 |   };
      65 | };
      66 |

      at console.<anonymous> (tests/setup/jest.setup.cjs:63:12)
      at console.apply [as warn] (src/scripts/modules/base.js:92:26)
      at Proxy.apply (src/scripts/modules/base.js:92:26)
      at Proxy.apply (src/scripts/modules/base.js:92:26)
      at Proxy.apply (src/scripts/modules/base.js:92:26)
      at Object.warn (tests/unit/storage.test.js:11:15)
      at setItem (src/scripts/storage.js:8524:19)
      at tryStoreCandidate (src/scripts/storage.js:8540:13)
      at attemptBackupWrite (src/scripts/storage.js:8617:26)
      at saveJSONToStorage (src/scripts/storage.js:14568:3)
      at saveFullBackupHistory (src/scripts/storage.js:14593:3)
      at Object.recordFullBackupHistoryEntry (tests/unit/storage.test.js:3392:7)

  console.log
    DEBUG: getSafeLocalStorage returning object

      at Proxy.apply (src/scripts/modules/base.js:92:26)

  console.warn
    MOCK SET: cameraPowerPlanner_fullBackups__legacyMigrationBackup = [{"createdAt":"2026-01-16T20:14:37.787Z","data":[{

      61 |       return undefined;
      62 |     }
    > 63 |     return originalFn(...args);
         |            ^
      64 |   };
      65 | };
      66 |

      at console.<anonymous> (tests/setup/jest.setup.cjs:63:12)
      at console.apply [as warn] (src/scripts/modules/base.js:92:26)
      at Proxy.apply (src/scripts/modules/base.js:92:26)
      at Proxy.apply (src/scripts/modules/base.js:92:26)
      at Proxy.apply (src/scripts/modules/base.js:92:26)
      at Object.warn (tests/unit/storage.test.js:11:15)
      at setItem (src/scripts/storage.js:5514:19)
      at tryStoreList (src/scripts/storage.js:5521:20)
      at createStorageMigrationBackup (src/scripts/storage.js:5239:3)
      at ensurePreWriteMigrationBackup (src/scripts/storage.js:14567:3)
      at saveFullBackupHistory (src/scripts/storage.js:14593:3)
      at Object.recordFullBackupHistoryEntry (tests/unit/storage.test.js:3392:7)

  console.log
    DEBUG: getSafeLocalStorage returning object

      at Proxy.apply (src/scripts/modules/base.js:92:26)

  console.warn
    MOCK SET: cameraPowerPlanner_fullBackups = [{"createdAt":"2024-01-01T00:00:00Z-0"},{"createdA

      61 |       return undefined;
      62 |     }
    > 63 |     return originalFn(...args);
         |            ^
      64 |   };
      65 | };
      66 |

      at console.<anonymous> (tests/setup/jest.setup.cjs:63:12)
      at console.apply [as warn] (src/scripts/modules/base.js:92:26)
      at Proxy.apply (src/scripts/modules/base.js:92:26)
      at Proxy.apply (src/scripts/modules/base.js:92:26)
      at Proxy.apply (src/scripts/modules/base.js:92:26)
      at Object.warn (tests/unit/storage.test.js:11:15)
      at setItem (src/scripts/storage.js:8463:17)
      at saveJSONToStorage (src/scripts/storage.js:14568:3)
      at saveFullBackupHistory (src/scripts/storage.js:14593:3)
      at Object.recordFullBackupHistoryEntry (tests/unit/storage.test.js:3392:7)

  console.warn
    MOCK SET: cameraPowerPlanner_fullBackups__backup = [{"createdAt":"2024-01-01T00:00:00Z-0"},{"createdA

      61 |       return undefined;
      62 |     }
    > 63 |     return originalFn(...args);
         |            ^
      64 |   };
      65 | };
      66 |

      at console.<anonymous> (tests/setup/jest.setup.cjs:63:12)
      at console.apply [as warn] (src/scripts/modules/base.js:92:26)
      at Proxy.apply (src/scripts/modules/base.js:92:26)
      at Proxy.apply (src/scripts/modules/base.js:92:26)
      at Proxy.apply (src/scripts/modules/base.js:92:26)
      at Object.warn (tests/unit/storage.test.js:11:15)
      at setItem (src/scripts/storage.js:8524:19)
      at tryStoreCandidate (src/scripts/storage.js:8540:13)
      at attemptBackupWrite (src/scripts/storage.js:8617:26)
      at saveJSONToStorage (src/scripts/storage.js:14568:3)
      at saveFullBackupHistory (src/scripts/storage.js:14593:3)
      at Object.recordFullBackupHistoryEntry (tests/unit/storage.test.js:3392:7)

  console.log
    DEBUG: getSafeLocalStorage returning object

      at Proxy.apply (src/scripts/modules/base.js:92:26)

  console.warn
    MOCK SET: cameraPowerPlanner_fullBackups__legacyMigrationBackup = [{"createdAt":"2026-01-16T20:14:37.790Z","data":[{

      61 |       return undefined;
      62 |     }
    > 63 |     return originalFn(...args);
         |            ^
      64 |   };
      65 | };
      66 |

      at console.<anonymous> (tests/setup/jest.setup.cjs:63:12)
      at console.apply [as warn] (src/scripts/modules/base.js:92:26)
      at Proxy.apply (src/scripts/modules/base.js:92:26)
      at Proxy.apply (src/scripts/modules/base.js:92:26)
      at Proxy.apply (src/scripts/modules/base.js:92:26)
      at Object.warn (tests/unit/storage.test.js:11:15)
      at setItem (src/scripts/storage.js:5514:19)
      at tryStoreList (src/scripts/storage.js:5521:20)
      at createStorageMigrationBackup (src/scripts/storage.js:5239:3)
      at ensurePreWriteMigrationBackup (src/scripts/storage.js:14567:3)
      at saveFullBackupHistory (src/scripts/storage.js:14593:3)
      at Object.recordFullBackupHistoryEntry (tests/unit/storage.test.js:3392:7)

  console.log
    DEBUG: getSafeLocalStorage returning object

      at Proxy.apply (src/scripts/modules/base.js:92:26)

  console.warn
    MOCK SET: cameraPowerPlanner_fullBackups = [{"createdAt":"2024-01-01T00:00:00Z-0"},{"createdA

      61 |       return undefined;
      62 |     }
    > 63 |     return originalFn(...args);
         |            ^
      64 |   };
      65 | };
      66 |

      at console.<anonymous> (tests/setup/jest.setup.cjs:63:12)
      at console.apply [as warn] (src/scripts/modules/base.js:92:26)
      at Proxy.apply (src/scripts/modules/base.js:92:26)
      at Proxy.apply (src/scripts/modules/base.js:92:26)
      at Proxy.apply (src/scripts/modules/base.js:92:26)
      at Object.warn (tests/unit/storage.test.js:11:15)
      at setItem (src/scripts/storage.js:8463:17)
      at saveJSONToStorage (src/scripts/storage.js:14568:3)
      at saveFullBackupHistory (src/scripts/storage.js:14593:3)
      at Object.recordFullBackupHistoryEntry (tests/unit/storage.test.js:3392:7)

  console.warn
    MOCK SET: cameraPowerPlanner_fullBackups__backup = [{"createdAt":"2024-01-01T00:00:00Z-0"},{"createdA

      61 |       return undefined;
      62 |     }
    > 63 |     return originalFn(...args);
         |            ^
      64 |   };
      65 | };
      66 |

      at console.<anonymous> (tests/setup/jest.setup.cjs:63:12)
      at console.apply [as warn] (src/scripts/modules/base.js:92:26)
      at Proxy.apply (src/scripts/modules/base.js:92:26)
      at Proxy.apply (src/scripts/modules/base.js:92:26)
      at Proxy.apply (src/scripts/modules/base.js:92:26)
      at Object.warn (tests/unit/storage.test.js:11:15)
      at setItem (src/scripts/storage.js:8524:19)
      at tryStoreCandidate (src/scripts/storage.js:8540:13)
      at attemptBackupWrite (src/scripts/storage.js:8617:26)
      at saveJSONToStorage (src/scripts/storage.js:14568:3)
      at saveFullBackupHistory (src/scripts/storage.js:14593:3)
      at Object.recordFullBackupHistoryEntry (tests/unit/storage.test.js:3392:7)

  console.log
    DEBUG: getSafeLocalStorage returning object

      at Proxy.apply (src/scripts/modules/base.js:92:26)

  console.warn
    MOCK SET: cameraPowerPlanner_fullBackups__legacyMigrationBackup = [{"createdAt":"2026-01-16T20:14:37.793Z","data":[{

      61 |       return undefined;
      62 |     }
    > 63 |     return originalFn(...args);
         |            ^
      64 |   };
      65 | };
      66 |

      at console.<anonymous> (tests/setup/jest.setup.cjs:63:12)
      at console.apply [as warn] (src/scripts/modules/base.js:92:26)
      at Proxy.apply (src/scripts/modules/base.js:92:26)
      at Proxy.apply (src/scripts/modules/base.js:92:26)
      at Proxy.apply (src/scripts/modules/base.js:92:26)
      at Object.warn (tests/unit/storage.test.js:11:15)
      at setItem (src/scripts/storage.js:5514:19)
      at tryStoreList (src/scripts/storage.js:5521:20)
      at createStorageMigrationBackup (src/scripts/storage.js:5239:3)
      at ensurePreWriteMigrationBackup (src/scripts/storage.js:14567:3)
      at saveFullBackupHistory (src/scripts/storage.js:14593:3)
      at Object.recordFullBackupHistoryEntry (tests/unit/storage.test.js:3392:7)

  console.log
    DEBUG: getSafeLocalStorage returning object

      at Proxy.apply (src/scripts/modules/base.js:92:26)

  console.warn
    MOCK SET: cameraPowerPlanner_fullBackups = [{"createdAt":"2024-01-01T00:00:00Z-0"},{"createdA

      61 |       return undefined;
      62 |     }
    > 63 |     return originalFn(...args);
         |            ^
      64 |   };
      65 | };
      66 |

      at console.<anonymous> (tests/setup/jest.setup.cjs:63:12)
      at console.apply [as warn] (src/scripts/modules/base.js:92:26)
      at Proxy.apply (src/scripts/modules/base.js:92:26)
      at Proxy.apply (src/scripts/modules/base.js:92:26)
      at Proxy.apply (src/scripts/modules/base.js:92:26)
      at Object.warn (tests/unit/storage.test.js:11:15)
      at setItem (src/scripts/storage.js:8463:17)
      at saveJSONToStorage (src/scripts/storage.js:14568:3)
      at saveFullBackupHistory (src/scripts/storage.js:14593:3)
      at Object.recordFullBackupHistoryEntry (tests/unit/storage.test.js:3392:7)

  console.warn
    MOCK SET: cameraPowerPlanner_fullBackups__backup = [{"createdAt":"2024-01-01T00:00:00Z-0"},{"createdA

      61 |       return undefined;
      62 |     }
    > 63 |     return originalFn(...args);
         |            ^
      64 |   };
      65 | };
      66 |

      at console.<anonymous> (tests/setup/jest.setup.cjs:63:12)
      at console.apply [as warn] (src/scripts/modules/base.js:92:26)
      at Proxy.apply (src/scripts/modules/base.js:92:26)
      at Proxy.apply (src/scripts/modules/base.js:92:26)
      at Proxy.apply (src/scripts/modules/base.js:92:26)
      at Object.warn (tests/unit/storage.test.js:11:15)
      at setItem (src/scripts/storage.js:8524:19)
      at tryStoreCandidate (src/scripts/storage.js:8540:13)
      at attemptBackupWrite (src/scripts/storage.js:8617:26)
      at saveJSONToStorage (src/scripts/storage.js:14568:3)
      at saveFullBackupHistory (src/scripts/storage.js:14593:3)
      at Object.recordFullBackupHistoryEntry (tests/unit/storage.test.js:3392:7)

  console.log
    DEBUG: getSafeLocalStorage returning object

      at Proxy.apply (src/scripts/modules/base.js:92:26)

  console.warn
    MOCK SET: cameraPowerPlanner_fullBackups__legacyMigrationBackup = [{"createdAt":"2026-01-16T20:14:37.798Z","data":[{

      61 |       return undefined;
      62 |     }
    > 63 |     return originalFn(...args);
         |            ^
      64 |   };
      65 | };
      66 |

      at console.<anonymous> (tests/setup/jest.setup.cjs:63:12)
      at console.apply [as warn] (src/scripts/modules/base.js:92:26)
      at Proxy.apply (src/scripts/modules/base.js:92:26)
      at Proxy.apply (src/scripts/modules/base.js:92:26)
      at Proxy.apply (src/scripts/modules/base.js:92:26)
      at Object.warn (tests/unit/storage.test.js:11:15)
      at setItem (src/scripts/storage.js:5514:19)
      at tryStoreList (src/scripts/storage.js:5521:20)
      at createStorageMigrationBackup (src/scripts/storage.js:5239:3)
      at ensurePreWriteMigrationBackup (src/scripts/storage.js:14567:3)
      at saveFullBackupHistory (src/scripts/storage.js:14593:3)
      at Object.recordFullBackupHistoryEntry (tests/unit/storage.test.js:3392:7)

  console.log
    DEBUG: getSafeLocalStorage returning object

      at Proxy.apply (src/scripts/modules/base.js:92:26)

  console.warn
    MOCK SET: cameraPowerPlanner_fullBackups = [{"createdAt":"2024-01-01T00:00:00Z-0"},{"createdA

      61 |       return undefined;
      62 |     }
    > 63 |     return originalFn(...args);
         |            ^
      64 |   };
      65 | };
      66 |

      at console.<anonymous> (tests/setup/jest.setup.cjs:63:12)
      at console.apply [as warn] (src/scripts/modules/base.js:92:26)
      at Proxy.apply (src/scripts/modules/base.js:92:26)
      at Proxy.apply (src/scripts/modules/base.js:92:26)
      at Proxy.apply (src/scripts/modules/base.js:92:26)
      at Object.warn (tests/unit/storage.test.js:11:15)
      at setItem (src/scripts/storage.js:8463:17)
      at saveJSONToStorage (src/scripts/storage.js:14568:3)
      at saveFullBackupHistory (src/scripts/storage.js:14593:3)
      at Object.recordFullBackupHistoryEntry (tests/unit/storage.test.js:3392:7)

  console.warn
    MOCK SET: cameraPowerPlanner_fullBackups__backup = [{"createdAt":"2024-01-01T00:00:00Z-0"},{"createdA

      61 |       return undefined;
      62 |     }
    > 63 |     return originalFn(...args);
         |            ^
      64 |   };
      65 | };
      66 |

      at console.<anonymous> (tests/setup/jest.setup.cjs:63:12)
      at console.apply [as warn] (src/scripts/modules/base.js:92:26)
      at Proxy.apply (src/scripts/modules/base.js:92:26)
      at Proxy.apply (src/scripts/modules/base.js:92:26)
      at Proxy.apply (src/scripts/modules/base.js:92:26)
      at Object.warn (tests/unit/storage.test.js:11:15)
      at setItem (src/scripts/storage.js:8524:19)
      at tryStoreCandidate (src/scripts/storage.js:8540:13)
      at attemptBackupWrite (src/scripts/storage.js:8617:26)
      at saveJSONToStorage (src/scripts/storage.js:14568:3)
      at saveFullBackupHistory (src/scripts/storage.js:14593:3)
      at Object.recordFullBackupHistoryEntry (tests/unit/storage.test.js:3392:7)

  console.log
    DEBUG: getSafeLocalStorage returning object

      at Proxy.apply (src/scripts/modules/base.js:92:26)

  console.warn
    MOCK SET: cameraPowerPlanner_fullBackups__legacyMigrationBackup = [{"createdAt":"2026-01-16T20:14:37.801Z","data":[{

      61 |       return undefined;
      62 |     }
    > 63 |     return originalFn(...args);
         |            ^
      64 |   };
      65 | };
      66 |

      at console.<anonymous> (tests/setup/jest.setup.cjs:63:12)
      at console.apply [as warn] (src/scripts/modules/base.js:92:26)
      at Proxy.apply (src/scripts/modules/base.js:92:26)
      at Proxy.apply (src/scripts/modules/base.js:92:26)
      at Proxy.apply (src/scripts/modules/base.js:92:26)
      at Object.warn (tests/unit/storage.test.js:11:15)
      at setItem (src/scripts/storage.js:5514:19)
      at tryStoreList (src/scripts/storage.js:5521:20)
      at createStorageMigrationBackup (src/scripts/storage.js:5239:3)
      at ensurePreWriteMigrationBackup (src/scripts/storage.js:14567:3)
      at saveFullBackupHistory (src/scripts/storage.js:14593:3)
      at Object.recordFullBackupHistoryEntry (tests/unit/storage.test.js:3392:7)

  console.log
    DEBUG: getSafeLocalStorage returning object

      at Proxy.apply (src/scripts/modules/base.js:92:26)

  console.warn
    MOCK SET: cameraPowerPlanner_fullBackups = [{"createdAt":"2024-01-01T00:00:00Z-0"},{"createdA

      61 |       return undefined;
      62 |     }
    > 63 |     return originalFn(...args);
         |            ^
      64 |   };
      65 | };
      66 |

      at console.<anonymous> (tests/setup/jest.setup.cjs:63:12)
      at console.apply [as warn] (src/scripts/modules/base.js:92:26)
      at Proxy.apply (src/scripts/modules/base.js:92:26)
      at Proxy.apply (src/scripts/modules/base.js:92:26)
      at Proxy.apply (src/scripts/modules/base.js:92:26)
      at Object.warn (tests/unit/storage.test.js:11:15)
      at setItem (src/scripts/storage.js:8463:17)
      at saveJSONToStorage (src/scripts/storage.js:14568:3)
      at saveFullBackupHistory (src/scripts/storage.js:14593:3)
      at Object.recordFullBackupHistoryEntry (tests/unit/storage.test.js:3392:7)

  console.warn
    MOCK SET: cameraPowerPlanner_fullBackups__backup = [{"createdAt":"2024-01-01T00:00:00Z-0"},{"createdA

      61 |       return undefined;
      62 |     }
    > 63 |     return originalFn(...args);
         |            ^
      64 |   };
      65 | };
      66 |

      at console.<anonymous> (tests/setup/jest.setup.cjs:63:12)
      at console.apply [as warn] (src/scripts/modules/base.js:92:26)
      at Proxy.apply (src/scripts/modules/base.js:92:26)
      at Proxy.apply (src/scripts/modules/base.js:92:26)
      at Proxy.apply (src/scripts/modules/base.js:92:26)
      at Object.warn (tests/unit/storage.test.js:11:15)
      at setItem (src/scripts/storage.js:8524:19)
      at tryStoreCandidate (src/scripts/storage.js:8540:13)
      at attemptBackupWrite (src/scripts/storage.js:8617:26)
      at saveJSONToStorage (src/scripts/storage.js:14568:3)
      at saveFullBackupHistory (src/scripts/storage.js:14593:3)
      at Object.recordFullBackupHistoryEntry (tests/unit/storage.test.js:3392:7)

  console.log
    DEBUG: getSafeLocalStorage returning object

      at Proxy.apply (src/scripts/modules/base.js:92:26)

  console.warn
    MOCK SET: cameraPowerPlanner_fullBackups__legacyMigrationBackup = [{"createdAt":"2026-01-16T20:14:37.804Z","data":[{

      61 |       return undefined;
      62 |     }
    > 63 |     return originalFn(...args);
         |            ^
      64 |   };
      65 | };
      66 |

      at console.<anonymous> (tests/setup/jest.setup.cjs:63:12)
      at console.apply [as warn] (src/scripts/modules/base.js:92:26)
      at Proxy.apply (src/scripts/modules/base.js:92:26)
      at Proxy.apply (src/scripts/modules/base.js:92:26)
      at Proxy.apply (src/scripts/modules/base.js:92:26)
      at Object.warn (tests/unit/storage.test.js:11:15)
      at setItem (src/scripts/storage.js:5514:19)
      at tryStoreList (src/scripts/storage.js:5521:20)
      at createStorageMigrationBackup (src/scripts/storage.js:5239:3)
      at ensurePreWriteMigrationBackup (src/scripts/storage.js:14567:3)
      at saveFullBackupHistory (src/scripts/storage.js:14593:3)
      at Object.recordFullBackupHistoryEntry (tests/unit/storage.test.js:3392:7)

  console.log
    DEBUG: getSafeLocalStorage returning object

      at Proxy.apply (src/scripts/modules/base.js:92:26)

  console.warn
    MOCK SET: cameraPowerPlanner_fullBackups = [{"createdAt":"2024-01-01T00:00:00Z-0"},{"createdA

      61 |       return undefined;
      62 |     }
    > 63 |     return originalFn(...args);
         |            ^
      64 |   };
      65 | };
      66 |

      at console.<anonymous> (tests/setup/jest.setup.cjs:63:12)
      at console.apply [as warn] (src/scripts/modules/base.js:92:26)
      at Proxy.apply (src/scripts/modules/base.js:92:26)
      at Proxy.apply (src/scripts/modules/base.js:92:26)
      at Proxy.apply (src/scripts/modules/base.js:92:26)
      at Object.warn (tests/unit/storage.test.js:11:15)
      at setItem (src/scripts/storage.js:8463:17)
      at saveJSONToStorage (src/scripts/storage.js:14568:3)
      at saveFullBackupHistory (src/scripts/storage.js:14593:3)
      at Object.recordFullBackupHistoryEntry (tests/unit/storage.test.js:3392:7)

  console.warn
    MOCK SET: cameraPowerPlanner_fullBackups__backup = [{"createdAt":"2024-01-01T00:00:00Z-0"},{"createdA

      61 |       return undefined;
      62 |     }
    > 63 |     return originalFn(...args);
         |            ^
      64 |   };
      65 | };
      66 |

      at console.<anonymous> (tests/setup/jest.setup.cjs:63:12)
      at console.apply [as warn] (src/scripts/modules/base.js:92:26)
      at Proxy.apply (src/scripts/modules/base.js:92:26)
      at Proxy.apply (src/scripts/modules/base.js:92:26)
      at Proxy.apply (src/scripts/modules/base.js:92:26)
      at Object.warn (tests/unit/storage.test.js:11:15)
      at setItem (src/scripts/storage.js:8524:19)
      at tryStoreCandidate (src/scripts/storage.js:8540:13)
      at attemptBackupWrite (src/scripts/storage.js:8617:26)
      at saveJSONToStorage (src/scripts/storage.js:14568:3)
      at saveFullBackupHistory (src/scripts/storage.js:14593:3)
      at Object.recordFullBackupHistoryEntry (tests/unit/storage.test.js:3392:7)

  console.log
    DEBUG: getSafeLocalStorage returning object

      at Proxy.apply (src/scripts/modules/base.js:92:26)

  console.warn
    MOCK SET: cameraPowerPlanner_fullBackups__legacyMigrationBackup = [{"createdAt":"2026-01-16T20:14:37.806Z","data":[{

      61 |       return undefined;
      62 |     }
    > 63 |     return originalFn(...args);
         |            ^
      64 |   };
      65 | };
      66 |

      at console.<anonymous> (tests/setup/jest.setup.cjs:63:12)
      at console.apply [as warn] (src/scripts/modules/base.js:92:26)
      at Proxy.apply (src/scripts/modules/base.js:92:26)
      at Proxy.apply (src/scripts/modules/base.js:92:26)
      at Proxy.apply (src/scripts/modules/base.js:92:26)
      at Object.warn (tests/unit/storage.test.js:11:15)
      at setItem (src/scripts/storage.js:5514:19)
      at tryStoreList (src/scripts/storage.js:5521:20)
      at createStorageMigrationBackup (src/scripts/storage.js:5239:3)
      at ensurePreWriteMigrationBackup (src/scripts/storage.js:14567:3)
      at saveFullBackupHistory (src/scripts/storage.js:14593:3)
      at Object.recordFullBackupHistoryEntry (tests/unit/storage.test.js:3392:7)

  console.log
    DEBUG: getSafeLocalStorage returning object

      at Proxy.apply (src/scripts/modules/base.js:92:26)

  console.warn
    MOCK SET: cameraPowerPlanner_fullBackups = [{"createdAt":"2024-01-01T00:00:00Z-0"},{"createdA

      61 |       return undefined;
      62 |     }
    > 63 |     return originalFn(...args);
         |            ^
      64 |   };
      65 | };
      66 |

      at console.<anonymous> (tests/setup/jest.setup.cjs:63:12)
      at console.apply [as warn] (src/scripts/modules/base.js:92:26)
      at Proxy.apply (src/scripts/modules/base.js:92:26)
      at Proxy.apply (src/scripts/modules/base.js:92:26)
      at Proxy.apply (src/scripts/modules/base.js:92:26)
      at Object.warn (tests/unit/storage.test.js:11:15)
      at setItem (src/scripts/storage.js:8463:17)
      at saveJSONToStorage (src/scripts/storage.js:14568:3)
      at saveFullBackupHistory (src/scripts/storage.js:14593:3)
      at Object.recordFullBackupHistoryEntry (tests/unit/storage.test.js:3392:7)

  console.warn
    MOCK SET: cameraPowerPlanner_fullBackups__backup = [{"createdAt":"2024-01-01T00:00:00Z-0"},{"createdA

      61 |       return undefined;
      62 |     }
    > 63 |     return originalFn(...args);
         |            ^
      64 |   };
      65 | };
      66 |

      at console.<anonymous> (tests/setup/jest.setup.cjs:63:12)
      at console.apply [as warn] (src/scripts/modules/base.js:92:26)
      at Proxy.apply (src/scripts/modules/base.js:92:26)
      at Proxy.apply (src/scripts/modules/base.js:92:26)
      at Proxy.apply (src/scripts/modules/base.js:92:26)
      at Object.warn (tests/unit/storage.test.js:11:15)
      at setItem (src/scripts/storage.js:8524:19)
      at tryStoreCandidate (src/scripts/storage.js:8540:13)
      at attemptBackupWrite (src/scripts/storage.js:8617:26)
      at saveJSONToStorage (src/scripts/storage.js:14568:3)
      at saveFullBackupHistory (src/scripts/storage.js:14593:3)
      at Object.recordFullBackupHistoryEntry (tests/unit/storage.test.js:3392:7)

  console.log
    DEBUG: getSafeLocalStorage returning object

      at Proxy.apply (src/scripts/modules/base.js:92:26)

  console.warn
    MOCK SET: cameraPowerPlanner_fullBackups__legacyMigrationBackup = [{"createdAt":"2026-01-16T20:14:37.809Z","data":[{

      61 |       return undefined;
      62 |     }
    > 63 |     return originalFn(...args);
         |            ^
      64 |   };
      65 | };
      66 |

      at console.<anonymous> (tests/setup/jest.setup.cjs:63:12)
      at console.apply [as warn] (src/scripts/modules/base.js:92:26)
      at Proxy.apply (src/scripts/modules/base.js:92:26)
      at Proxy.apply (src/scripts/modules/base.js:92:26)
      at Proxy.apply (src/scripts/modules/base.js:92:26)
      at Object.warn (tests/unit/storage.test.js:11:15)
      at setItem (src/scripts/storage.js:5514:19)
      at tryStoreList (src/scripts/storage.js:5521:20)
      at createStorageMigrationBackup (src/scripts/storage.js:5239:3)
      at ensurePreWriteMigrationBackup (src/scripts/storage.js:14567:3)
      at saveFullBackupHistory (src/scripts/storage.js:14593:3)
      at Object.recordFullBackupHistoryEntry (tests/unit/storage.test.js:3392:7)

  console.log
    DEBUG: getSafeLocalStorage returning object

      at Proxy.apply (src/scripts/modules/base.js:92:26)

  console.warn
    MOCK SET: cameraPowerPlanner_fullBackups = [{"createdAt":"2024-01-01T00:00:00Z-0"},{"createdA

      61 |       return undefined;
      62 |     }
    > 63 |     return originalFn(...args);
         |            ^
      64 |   };
      65 | };
      66 |

      at console.<anonymous> (tests/setup/jest.setup.cjs:63:12)
      at console.apply [as warn] (src/scripts/modules/base.js:92:26)
      at Proxy.apply (src/scripts/modules/base.js:92:26)
      at Proxy.apply (src/scripts/modules/base.js:92:26)
      at Proxy.apply (src/scripts/modules/base.js:92:26)
      at Object.warn (tests/unit/storage.test.js:11:15)
      at setItem (src/scripts/storage.js:8463:17)
      at saveJSONToStorage (src/scripts/storage.js:14568:3)
      at saveFullBackupHistory (src/scripts/storage.js:14593:3)
      at Object.recordFullBackupHistoryEntry (tests/unit/storage.test.js:3392:7)

  console.warn
    MOCK SET: cameraPowerPlanner_fullBackups__backup = [{"createdAt":"2024-01-01T00:00:00Z-0"},{"createdA

      61 |       return undefined;
      62 |     }
    > 63 |     return originalFn(...args);
         |            ^
      64 |   };
      65 | };
      66 |

      at console.<anonymous> (tests/setup/jest.setup.cjs:63:12)
      at console.apply [as warn] (src/scripts/modules/base.js:92:26)
      at Proxy.apply (src/scripts/modules/base.js:92:26)
      at Proxy.apply (src/scripts/modules/base.js:92:26)
      at Proxy.apply (src/scripts/modules/base.js:92:26)
      at Object.warn (tests/unit/storage.test.js:11:15)
      at setItem (src/scripts/storage.js:8524:19)
      at tryStoreCandidate (src/scripts/storage.js:8540:13)
      at attemptBackupWrite (src/scripts/storage.js:8617:26)
      at saveJSONToStorage (src/scripts/storage.js:14568:3)
      at saveFullBackupHistory (src/scripts/storage.js:14593:3)
      at Object.recordFullBackupHistoryEntry (tests/unit/storage.test.js:3392:7)

  console.log
    DEBUG: getSafeLocalStorage returning object

      at Proxy.apply (src/scripts/modules/base.js:92:26)

  console.warn
    MOCK SET: cameraPowerPlanner_fullBackups__legacyMigrationBackup = [{"createdAt":"2026-01-16T20:14:37.813Z","data":[{

      61 |       return undefined;
      62 |     }
    > 63 |     return originalFn(...args);
         |            ^
      64 |   };
      65 | };
      66 |

      at console.<anonymous> (tests/setup/jest.setup.cjs:63:12)
      at console.apply [as warn] (src/scripts/modules/base.js:92:26)
      at Proxy.apply (src/scripts/modules/base.js:92:26)
      at Proxy.apply (src/scripts/modules/base.js:92:26)
      at Proxy.apply (src/scripts/modules/base.js:92:26)
      at Object.warn (tests/unit/storage.test.js:11:15)
      at setItem (src/scripts/storage.js:5514:19)
      at tryStoreList (src/scripts/storage.js:5521:20)
      at createStorageMigrationBackup (src/scripts/storage.js:5239:3)
      at ensurePreWriteMigrationBackup (src/scripts/storage.js:14567:3)
      at saveFullBackupHistory (src/scripts/storage.js:14593:3)
      at Object.recordFullBackupHistoryEntry (tests/unit/storage.test.js:3392:7)

  console.log
    DEBUG: getSafeLocalStorage returning object

      at Proxy.apply (src/scripts/modules/base.js:92:26)

  console.warn
    MOCK SET: cameraPowerPlanner_fullBackups = [{"createdAt":"2024-01-01T00:00:00Z-0"},{"createdA

      61 |       return undefined;
      62 |     }
    > 63 |     return originalFn(...args);
         |            ^
      64 |   };
      65 | };
      66 |

      at console.<anonymous> (tests/setup/jest.setup.cjs:63:12)
      at console.apply [as warn] (src/scripts/modules/base.js:92:26)
      at Proxy.apply (src/scripts/modules/base.js:92:26)
      at Proxy.apply (src/scripts/modules/base.js:92:26)
      at Proxy.apply (src/scripts/modules/base.js:92:26)
      at Object.warn (tests/unit/storage.test.js:11:15)
      at setItem (src/scripts/storage.js:8463:17)
      at saveJSONToStorage (src/scripts/storage.js:14568:3)
      at saveFullBackupHistory (src/scripts/storage.js:14593:3)
      at Object.recordFullBackupHistoryEntry (tests/unit/storage.test.js:3392:7)

  console.warn
    MOCK SET: cameraPowerPlanner_fullBackups__backup = [{"createdAt":"2024-01-01T00:00:00Z-0"},{"createdA

      61 |       return undefined;
      62 |     }
    > 63 |     return originalFn(...args);
         |            ^
      64 |   };
      65 | };
      66 |

      at console.<anonymous> (tests/setup/jest.setup.cjs:63:12)
      at console.apply [as warn] (src/scripts/modules/base.js:92:26)
      at Proxy.apply (src/scripts/modules/base.js:92:26)
      at Proxy.apply (src/scripts/modules/base.js:92:26)
      at Proxy.apply (src/scripts/modules/base.js:92:26)
      at Object.warn (tests/unit/storage.test.js:11:15)
      at setItem (src/scripts/storage.js:8524:19)
      at tryStoreCandidate (src/scripts/storage.js:8540:13)
      at attemptBackupWrite (src/scripts/storage.js:8617:26)
      at saveJSONToStorage (src/scripts/storage.js:14568:3)
      at saveFullBackupHistory (src/scripts/storage.js:14593:3)
      at Object.recordFullBackupHistoryEntry (tests/unit/storage.test.js:3392:7)

  console.log
    DEBUG: getSafeLocalStorage returning object

      at Proxy.apply (src/scripts/modules/base.js:92:26)

  console.warn
    MOCK SET: cameraPowerPlanner_fullBackups__legacyMigrationBackup = [{"createdAt":"2026-01-16T20:14:37.816Z","data":[{

      61 |       return undefined;
      62 |     }
    > 63 |     return originalFn(...args);
         |            ^
      64 |   };
      65 | };
      66 |

      at console.<anonymous> (tests/setup/jest.setup.cjs:63:12)
      at console.apply [as warn] (src/scripts/modules/base.js:92:26)
      at Proxy.apply (src/scripts/modules/base.js:92:26)
      at Proxy.apply (src/scripts/modules/base.js:92:26)
      at Proxy.apply (src/scripts/modules/base.js:92:26)
      at Object.warn (tests/unit/storage.test.js:11:15)
      at setItem (src/scripts/storage.js:5514:19)
      at tryStoreList (src/scripts/storage.js:5521:20)
      at createStorageMigrationBackup (src/scripts/storage.js:5239:3)
      at ensurePreWriteMigrationBackup (src/scripts/storage.js:14567:3)
      at saveFullBackupHistory (src/scripts/storage.js:14593:3)
      at Object.recordFullBackupHistoryEntry (tests/unit/storage.test.js:3392:7)

  console.log
    DEBUG: getSafeLocalStorage returning object

      at Proxy.apply (src/scripts/modules/base.js:92:26)

  console.warn
    MOCK SET: cameraPowerPlanner_fullBackups = [{"createdAt":"2024-01-01T00:00:00Z-0"},{"createdA

      61 |       return undefined;
      62 |     }
    > 63 |     return originalFn(...args);
         |            ^
      64 |   };
      65 | };
      66 |

      at console.<anonymous> (tests/setup/jest.setup.cjs:63:12)
      at console.apply [as warn] (src/scripts/modules/base.js:92:26)
      at Proxy.apply (src/scripts/modules/base.js:92:26)
      at Proxy.apply (src/scripts/modules/base.js:92:26)
      at Proxy.apply (src/scripts/modules/base.js:92:26)
      at Object.warn (tests/unit/storage.test.js:11:15)
      at setItem (src/scripts/storage.js:8463:17)
      at saveJSONToStorage (src/scripts/storage.js:14568:3)
      at saveFullBackupHistory (src/scripts/storage.js:14593:3)
      at Object.recordFullBackupHistoryEntry (tests/unit/storage.test.js:3392:7)

  console.warn
    MOCK SET: cameraPowerPlanner_fullBackups__backup = [{"createdAt":"2024-01-01T00:00:00Z-0"},{"createdA

      61 |       return undefined;
      62 |     }
    > 63 |     return originalFn(...args);
         |            ^
      64 |   };
      65 | };
      66 |

      at console.<anonymous> (tests/setup/jest.setup.cjs:63:12)
      at console.apply [as warn] (src/scripts/modules/base.js:92:26)
      at Proxy.apply (src/scripts/modules/base.js:92:26)
      at Proxy.apply (src/scripts/modules/base.js:92:26)
      at Proxy.apply (src/scripts/modules/base.js:92:26)
      at Object.warn (tests/unit/storage.test.js:11:15)
      at setItem (src/scripts/storage.js:8524:19)
      at tryStoreCandidate (src/scripts/storage.js:8540:13)
      at attemptBackupWrite (src/scripts/storage.js:8617:26)
      at saveJSONToStorage (src/scripts/storage.js:14568:3)
      at saveFullBackupHistory (src/scripts/storage.js:14593:3)
      at Object.recordFullBackupHistoryEntry (tests/unit/storage.test.js:3392:7)

  console.log
    DEBUG: getSafeLocalStorage returning object

      at Proxy.apply (src/scripts/modules/base.js:92:26)

  console.warn
    MOCK SET: cameraPowerPlanner_fullBackups__legacyMigrationBackup = [{"createdAt":"2026-01-16T20:14:37.821Z","data":[{

      61 |       return undefined;
      62 |     }
    > 63 |     return originalFn(...args);
         |            ^
      64 |   };
      65 | };
      66 |

      at console.<anonymous> (tests/setup/jest.setup.cjs:63:12)
      at console.apply [as warn] (src/scripts/modules/base.js:92:26)
      at Proxy.apply (src/scripts/modules/base.js:92:26)
      at Proxy.apply (src/scripts/modules/base.js:92:26)
      at Proxy.apply (src/scripts/modules/base.js:92:26)
      at Object.warn (tests/unit/storage.test.js:11:15)
      at setItem (src/scripts/storage.js:5514:19)
      at tryStoreList (src/scripts/storage.js:5521:20)
      at createStorageMigrationBackup (src/scripts/storage.js:5239:3)
      at ensurePreWriteMigrationBackup (src/scripts/storage.js:14567:3)
      at saveFullBackupHistory (src/scripts/storage.js:14593:3)
      at Object.recordFullBackupHistoryEntry (tests/unit/storage.test.js:3392:7)

  console.log
    DEBUG: getSafeLocalStorage returning object

      at Proxy.apply (src/scripts/modules/base.js:92:26)

  console.warn
    MOCK SET: cameraPowerPlanner_fullBackups = [{"createdAt":"2024-01-01T00:00:00Z-0"},{"createdA

      61 |       return undefined;
      62 |     }
    > 63 |     return originalFn(...args);
         |            ^
      64 |   };
      65 | };
      66 |

      at console.<anonymous> (tests/setup/jest.setup.cjs:63:12)
      at console.apply [as warn] (src/scripts/modules/base.js:92:26)
      at Proxy.apply (src/scripts/modules/base.js:92:26)
      at Proxy.apply (src/scripts/modules/base.js:92:26)
      at Proxy.apply (src/scripts/modules/base.js:92:26)
      at Object.warn (tests/unit/storage.test.js:11:15)
      at setItem (src/scripts/storage.js:8463:17)
      at saveJSONToStorage (src/scripts/storage.js:14568:3)
      at saveFullBackupHistory (src/scripts/storage.js:14593:3)
      at Object.recordFullBackupHistoryEntry (tests/unit/storage.test.js:3392:7)

  console.warn
    MOCK SET: cameraPowerPlanner_fullBackups__backup = [{"createdAt":"2024-01-01T00:00:00Z-0"},{"createdA

      61 |       return undefined;
      62 |     }
    > 63 |     return originalFn(...args);
         |            ^
      64 |   };
      65 | };
      66 |

      at console.<anonymous> (tests/setup/jest.setup.cjs:63:12)
      at console.apply [as warn] (src/scripts/modules/base.js:92:26)
      at Proxy.apply (src/scripts/modules/base.js:92:26)
      at Proxy.apply (src/scripts/modules/base.js:92:26)
      at Proxy.apply (src/scripts/modules/base.js:92:26)
      at Object.warn (tests/unit/storage.test.js:11:15)
      at setItem (src/scripts/storage.js:8524:19)
      at tryStoreCandidate (src/scripts/storage.js:8540:13)
      at attemptBackupWrite (src/scripts/storage.js:8617:26)
      at saveJSONToStorage (src/scripts/storage.js:14568:3)
      at saveFullBackupHistory (src/scripts/storage.js:14593:3)
      at Object.recordFullBackupHistoryEntry (tests/unit/storage.test.js:3392:7)

  console.log
    DEBUG: getSafeLocalStorage returning object

      at Proxy.apply (src/scripts/modules/base.js:92:26)

  console.warn
    MOCK SET: cameraPowerPlanner_fullBackups__legacyMigrationBackup = [{"createdAt":"2026-01-16T20:14:37.824Z","data":[{

      61 |       return undefined;
      62 |     }
    > 63 |     return originalFn(...args);
         |            ^
      64 |   };
      65 | };
      66 |

      at console.<anonymous> (tests/setup/jest.setup.cjs:63:12)
      at console.apply [as warn] (src/scripts/modules/base.js:92:26)
      at Proxy.apply (src/scripts/modules/base.js:92:26)
      at Proxy.apply (src/scripts/modules/base.js:92:26)
      at Proxy.apply (src/scripts/modules/base.js:92:26)
      at Object.warn (tests/unit/storage.test.js:11:15)
      at setItem (src/scripts/storage.js:5514:19)
      at tryStoreList (src/scripts/storage.js:5521:20)
      at createStorageMigrationBackup (src/scripts/storage.js:5239:3)
      at ensurePreWriteMigrationBackup (src/scripts/storage.js:14567:3)
      at saveFullBackupHistory (src/scripts/storage.js:14593:3)
      at Object.recordFullBackupHistoryEntry (tests/unit/storage.test.js:3392:7)

  console.log
    DEBUG: getSafeLocalStorage returning object

      at Proxy.apply (src/scripts/modules/base.js:92:26)

  console.warn
    MOCK SET: cameraPowerPlanner_fullBackups = [{"createdAt":"2024-01-01T00:00:00Z-0"},{"createdA

      61 |       return undefined;
      62 |     }
    > 63 |     return originalFn(...args);
         |            ^
      64 |   };
      65 | };
      66 |

      at console.<anonymous> (tests/setup/jest.setup.cjs:63:12)
      at console.apply [as warn] (src/scripts/modules/base.js:92:26)
      at Proxy.apply (src/scripts/modules/base.js:92:26)
      at Proxy.apply (src/scripts/modules/base.js:92:26)
      at Proxy.apply (src/scripts/modules/base.js:92:26)
      at Object.warn (tests/unit/storage.test.js:11:15)
      at setItem (src/scripts/storage.js:8463:17)
      at saveJSONToStorage (src/scripts/storage.js:14568:3)
      at saveFullBackupHistory (src/scripts/storage.js:14593:3)
      at Object.recordFullBackupHistoryEntry (tests/unit/storage.test.js:3392:7)

  console.warn
    MOCK SET: cameraPowerPlanner_fullBackups__backup = [{"createdAt":"2024-01-01T00:00:00Z-0"},{"createdA

      61 |       return undefined;
      62 |     }
    > 63 |     return originalFn(...args);
         |            ^
      64 |   };
      65 | };
      66 |

      at console.<anonymous> (tests/setup/jest.setup.cjs:63:12)
      at console.apply [as warn] (src/scripts/modules/base.js:92:26)
      at Proxy.apply (src/scripts/modules/base.js:92:26)
      at Proxy.apply (src/scripts/modules/base.js:92:26)
      at Proxy.apply (src/scripts/modules/base.js:92:26)
      at Object.warn (tests/unit/storage.test.js:11:15)
      at setItem (src/scripts/storage.js:8524:19)
      at tryStoreCandidate (src/scripts/storage.js:8540:13)
      at attemptBackupWrite (src/scripts/storage.js:8617:26)
      at saveJSONToStorage (src/scripts/storage.js:14568:3)
      at saveFullBackupHistory (src/scripts/storage.js:14593:3)
      at Object.recordFullBackupHistoryEntry (tests/unit/storage.test.js:3392:7)

  console.log
    DEBUG: getSafeLocalStorage returning object

      at Proxy.apply (src/scripts/modules/base.js:92:26)

  console.warn
    MOCK SET: cameraPowerPlanner_fullBackups__legacyMigrationBackup = [{"createdAt":"2026-01-16T20:14:37.826Z","data":[{

      61 |       return undefined;
      62 |     }
    > 63 |     return originalFn(...args);
         |            ^
      64 |   };
      65 | };
      66 |

      at console.<anonymous> (tests/setup/jest.setup.cjs:63:12)
      at console.apply [as warn] (src/scripts/modules/base.js:92:26)
      at Proxy.apply (src/scripts/modules/base.js:92:26)
      at Proxy.apply (src/scripts/modules/base.js:92:26)
      at Proxy.apply (src/scripts/modules/base.js:92:26)
      at Object.warn (tests/unit/storage.test.js:11:15)
      at setItem (src/scripts/storage.js:5514:19)
      at tryStoreList (src/scripts/storage.js:5521:20)
      at createStorageMigrationBackup (src/scripts/storage.js:5239:3)
      at ensurePreWriteMigrationBackup (src/scripts/storage.js:14567:3)
      at saveFullBackupHistory (src/scripts/storage.js:14593:3)
      at Object.recordFullBackupHistoryEntry (tests/unit/storage.test.js:3392:7)

  console.log
    DEBUG: getSafeLocalStorage returning object

      at Proxy.apply (src/scripts/modules/base.js:92:26)

  console.warn
    MOCK SET: cameraPowerPlanner_fullBackups = [{"createdAt":"2024-01-01T00:00:00Z-0"},{"createdA

      61 |       return undefined;
      62 |     }
    > 63 |     return originalFn(...args);
         |            ^
      64 |   };
      65 | };
      66 |

      at console.<anonymous> (tests/setup/jest.setup.cjs:63:12)
      at console.apply [as warn] (src/scripts/modules/base.js:92:26)
      at Proxy.apply (src/scripts/modules/base.js:92:26)
      at Proxy.apply (src/scripts/modules/base.js:92:26)
      at Proxy.apply (src/scripts/modules/base.js:92:26)
      at Object.warn (tests/unit/storage.test.js:11:15)
      at setItem (src/scripts/storage.js:8463:17)
      at saveJSONToStorage (src/scripts/storage.js:14568:3)
      at saveFullBackupHistory (src/scripts/storage.js:14593:3)
      at Object.recordFullBackupHistoryEntry (tests/unit/storage.test.js:3392:7)

  console.warn
    MOCK SET: cameraPowerPlanner_fullBackups__backup = [{"createdAt":"2024-01-01T00:00:00Z-0"},{"createdA

      61 |       return undefined;
      62 |     }
    > 63 |     return originalFn(...args);
         |            ^
      64 |   };
      65 | };
      66 |

      at console.<anonymous> (tests/setup/jest.setup.cjs:63:12)
      at console.apply [as warn] (src/scripts/modules/base.js:92:26)
      at Proxy.apply (src/scripts/modules/base.js:92:26)
      at Proxy.apply (src/scripts/modules/base.js:92:26)
      at Proxy.apply (src/scripts/modules/base.js:92:26)
      at Object.warn (tests/unit/storage.test.js:11:15)
      at setItem (src/scripts/storage.js:8524:19)
      at tryStoreCandidate (src/scripts/storage.js:8540:13)
      at attemptBackupWrite (src/scripts/storage.js:8617:26)
      at saveJSONToStorage (src/scripts/storage.js:14568:3)
      at saveFullBackupHistory (src/scripts/storage.js:14593:3)
      at Object.recordFullBackupHistoryEntry (tests/unit/storage.test.js:3392:7)

  console.log
    DEBUG: getSafeLocalStorage returning object

      at Proxy.apply (src/scripts/modules/base.js:92:26)

  console.warn
    MOCK SET: cameraPowerPlanner_fullBackups__legacyMigrationBackup = [{"createdAt":"2026-01-16T20:14:37.830Z","data":[{

      61 |       return undefined;
      62 |     }
    > 63 |     return originalFn(...args);
         |            ^
      64 |   };
      65 | };
      66 |

      at console.<anonymous> (tests/setup/jest.setup.cjs:63:12)
      at console.apply [as warn] (src/scripts/modules/base.js:92:26)
      at Proxy.apply (src/scripts/modules/base.js:92:26)
      at Proxy.apply (src/scripts/modules/base.js:92:26)
      at Proxy.apply (src/scripts/modules/base.js:92:26)
      at Object.warn (tests/unit/storage.test.js:11:15)
      at setItem (src/scripts/storage.js:5514:19)
      at tryStoreList (src/scripts/storage.js:5521:20)
      at createStorageMigrationBackup (src/scripts/storage.js:5239:3)
      at ensurePreWriteMigrationBackup (src/scripts/storage.js:14567:3)
      at saveFullBackupHistory (src/scripts/storage.js:14593:3)
      at Object.recordFullBackupHistoryEntry (tests/unit/storage.test.js:3392:7)

  console.log
    DEBUG: getSafeLocalStorage returning object

      at Proxy.apply (src/scripts/modules/base.js:92:26)

  console.warn
    MOCK SET: cameraPowerPlanner_fullBackups = [{"createdAt":"2024-01-01T00:00:00Z-0"},{"createdA

      61 |       return undefined;
      62 |     }
    > 63 |     return originalFn(...args);
         |            ^
      64 |   };
      65 | };
      66 |

      at console.<anonymous> (tests/setup/jest.setup.cjs:63:12)
      at console.apply [as warn] (src/scripts/modules/base.js:92:26)
      at Proxy.apply (src/scripts/modules/base.js:92:26)
      at Proxy.apply (src/scripts/modules/base.js:92:26)
      at Proxy.apply (src/scripts/modules/base.js:92:26)
      at Object.warn (tests/unit/storage.test.js:11:15)
      at setItem (src/scripts/storage.js:8463:17)
      at saveJSONToStorage (src/scripts/storage.js:14568:3)
      at saveFullBackupHistory (src/scripts/storage.js:14593:3)
      at Object.recordFullBackupHistoryEntry (tests/unit/storage.test.js:3392:7)

  console.warn
    MOCK SET: cameraPowerPlanner_fullBackups__backup = [{"createdAt":"2024-01-01T00:00:00Z-0"},{"createdA

      61 |       return undefined;
      62 |     }
    > 63 |     return originalFn(...args);
         |            ^
      64 |   };
      65 | };
      66 |

      at console.<anonymous> (tests/setup/jest.setup.cjs:63:12)
      at console.apply [as warn] (src/scripts/modules/base.js:92:26)
      at Proxy.apply (src/scripts/modules/base.js:92:26)
      at Proxy.apply (src/scripts/modules/base.js:92:26)
      at Proxy.apply (src/scripts/modules/base.js:92:26)
      at Object.warn (tests/unit/storage.test.js:11:15)
      at setItem (src/scripts/storage.js:8524:19)
      at tryStoreCandidate (src/scripts/storage.js:8540:13)
      at attemptBackupWrite (src/scripts/storage.js:8617:26)
      at saveJSONToStorage (src/scripts/storage.js:14568:3)
      at saveFullBackupHistory (src/scripts/storage.js:14593:3)
      at Object.recordFullBackupHistoryEntry (tests/unit/storage.test.js:3392:7)

  console.log
    DEBUG: getSafeLocalStorage returning object

      at Proxy.apply (src/scripts/modules/base.js:92:26)

  console.warn
    MOCK SET: cameraPowerPlanner_fullBackups__legacyMigrationBackup = [{"createdAt":"2026-01-16T20:14:37.833Z","data":[{

      61 |       return undefined;
      62 |     }
    > 63 |     return originalFn(...args);
         |            ^
      64 |   };
      65 | };
      66 |

      at console.<anonymous> (tests/setup/jest.setup.cjs:63:12)
      at console.apply [as warn] (src/scripts/modules/base.js:92:26)
      at Proxy.apply (src/scripts/modules/base.js:92:26)
      at Proxy.apply (src/scripts/modules/base.js:92:26)
      at Proxy.apply (src/scripts/modules/base.js:92:26)
      at Object.warn (tests/unit/storage.test.js:11:15)
      at setItem (src/scripts/storage.js:5514:19)
      at tryStoreList (src/scripts/storage.js:5521:20)
      at createStorageMigrationBackup (src/scripts/storage.js:5239:3)
      at ensurePreWriteMigrationBackup (src/scripts/storage.js:14567:3)
      at saveFullBackupHistory (src/scripts/storage.js:14593:3)
      at Object.recordFullBackupHistoryEntry (tests/unit/storage.test.js:3392:7)

  console.log
    DEBUG: getSafeLocalStorage returning object

      at Proxy.apply (src/scripts/modules/base.js:92:26)

  console.warn
    MOCK SET: cameraPowerPlanner_fullBackups = [{"createdAt":"2024-01-01T00:00:00Z-0"},{"createdA

      61 |       return undefined;
      62 |     }
    > 63 |     return originalFn(...args);
         |            ^
      64 |   };
      65 | };
      66 |

      at console.<anonymous> (tests/setup/jest.setup.cjs:63:12)
      at console.apply [as warn] (src/scripts/modules/base.js:92:26)
      at Proxy.apply (src/scripts/modules/base.js:92:26)
      at Proxy.apply (src/scripts/modules/base.js:92:26)
      at Proxy.apply (src/scripts/modules/base.js:92:26)
      at Object.warn (tests/unit/storage.test.js:11:15)
      at setItem (src/scripts/storage.js:8463:17)
      at saveJSONToStorage (src/scripts/storage.js:14568:3)
      at saveFullBackupHistory (src/scripts/storage.js:14593:3)
      at Object.recordFullBackupHistoryEntry (tests/unit/storage.test.js:3392:7)

  console.warn
    MOCK SET: cameraPowerPlanner_fullBackups__backup = [{"createdAt":"2024-01-01T00:00:00Z-0"},{"createdA

      61 |       return undefined;
      62 |     }
    > 63 |     return originalFn(...args);
         |            ^
      64 |   };
      65 | };
      66 |

      at console.<anonymous> (tests/setup/jest.setup.cjs:63:12)
      at console.apply [as warn] (src/scripts/modules/base.js:92:26)
      at Proxy.apply (src/scripts/modules/base.js:92:26)
      at Proxy.apply (src/scripts/modules/base.js:92:26)
      at Proxy.apply (src/scripts/modules/base.js:92:26)
      at Object.warn (tests/unit/storage.test.js:11:15)
      at setItem (src/scripts/storage.js:8524:19)
      at tryStoreCandidate (src/scripts/storage.js:8540:13)
      at attemptBackupWrite (src/scripts/storage.js:8617:26)
      at saveJSONToStorage (src/scripts/storage.js:14568:3)
      at saveFullBackupHistory (src/scripts/storage.js:14593:3)
      at Object.recordFullBackupHistoryEntry (tests/unit/storage.test.js:3392:7)

  console.log
    DEBUG: getSafeLocalStorage returning object

      at Proxy.apply (src/scripts/modules/base.js:92:26)

  console.warn
    MOCK SET: cameraPowerPlanner_fullBackups__legacyMigrationBackup = [{"createdAt":"2026-01-16T20:14:37.836Z","data":[{

      61 |       return undefined;
      62 |     }
    > 63 |     return originalFn(...args);
         |            ^
      64 |   };
      65 | };
      66 |

      at console.<anonymous> (tests/setup/jest.setup.cjs:63:12)
      at console.apply [as warn] (src/scripts/modules/base.js:92:26)
      at Proxy.apply (src/scripts/modules/base.js:92:26)
      at Proxy.apply (src/scripts/modules/base.js:92:26)
      at Proxy.apply (src/scripts/modules/base.js:92:26)
      at Object.warn (tests/unit/storage.test.js:11:15)
      at setItem (src/scripts/storage.js:5514:19)
      at tryStoreList (src/scripts/storage.js:5521:20)
      at createStorageMigrationBackup (src/scripts/storage.js:5239:3)
      at ensurePreWriteMigrationBackup (src/scripts/storage.js:14567:3)
      at saveFullBackupHistory (src/scripts/storage.js:14593:3)
      at Object.recordFullBackupHistoryEntry (tests/unit/storage.test.js:3392:7)

  console.log
    DEBUG: getSafeLocalStorage returning object

      at Proxy.apply (src/scripts/modules/base.js:92:26)

  console.warn
    MOCK SET: cameraPowerPlanner_fullBackups = [{"createdAt":"2024-01-01T00:00:00Z-0"},{"createdA

      61 |       return undefined;
      62 |     }
    > 63 |     return originalFn(...args);
         |            ^
      64 |   };
      65 | };
      66 |

      at console.<anonymous> (tests/setup/jest.setup.cjs:63:12)
      at console.apply [as warn] (src/scripts/modules/base.js:92:26)
      at Proxy.apply (src/scripts/modules/base.js:92:26)
      at Proxy.apply (src/scripts/modules/base.js:92:26)
      at Proxy.apply (src/scripts/modules/base.js:92:26)
      at Object.warn (tests/unit/storage.test.js:11:15)
      at setItem (src/scripts/storage.js:8463:17)
      at saveJSONToStorage (src/scripts/storage.js:14568:3)
      at saveFullBackupHistory (src/scripts/storage.js:14593:3)
      at Object.recordFullBackupHistoryEntry (tests/unit/storage.test.js:3392:7)

  console.warn
    MOCK SET: cameraPowerPlanner_fullBackups__backup = [{"createdAt":"2024-01-01T00:00:00Z-0"},{"createdA

      61 |       return undefined;
      62 |     }
    > 63 |     return originalFn(...args);
         |            ^
      64 |   };
      65 | };
      66 |

      at console.<anonymous> (tests/setup/jest.setup.cjs:63:12)
      at console.apply [as warn] (src/scripts/modules/base.js:92:26)
      at Proxy.apply (src/scripts/modules/base.js:92:26)
      at Proxy.apply (src/scripts/modules/base.js:92:26)
      at Proxy.apply (src/scripts/modules/base.js:92:26)
      at Object.warn (tests/unit/storage.test.js:11:15)
      at setItem (src/scripts/storage.js:8524:19)
      at tryStoreCandidate (src/scripts/storage.js:8540:13)
      at attemptBackupWrite (src/scripts/storage.js:8617:26)
      at saveJSONToStorage (src/scripts/storage.js:14568:3)
      at saveFullBackupHistory (src/scripts/storage.js:14593:3)
      at Object.recordFullBackupHistoryEntry (tests/unit/storage.test.js:3392:7)

  console.log
    DEBUG: getSafeLocalStorage returning object

      at Proxy.apply (src/scripts/modules/base.js:92:26)

  console.warn
    MOCK SET: cameraPowerPlanner_fullBackups__legacyMigrationBackup = [{"createdAt":"2026-01-16T20:14:37.839Z","data":[{

      61 |       return undefined;
      62 |     }
    > 63 |     return originalFn(...args);
         |            ^
      64 |   };
      65 | };
      66 |

      at console.<anonymous> (tests/setup/jest.setup.cjs:63:12)
      at console.apply [as warn] (src/scripts/modules/base.js:92:26)
      at Proxy.apply (src/scripts/modules/base.js:92:26)
      at Proxy.apply (src/scripts/modules/base.js:92:26)
      at Proxy.apply (src/scripts/modules/base.js:92:26)
      at Object.warn (tests/unit/storage.test.js:11:15)
      at setItem (src/scripts/storage.js:5514:19)
      at tryStoreList (src/scripts/storage.js:5521:20)
      at createStorageMigrationBackup (src/scripts/storage.js:5239:3)
      at ensurePreWriteMigrationBackup (src/scripts/storage.js:14567:3)
      at saveFullBackupHistory (src/scripts/storage.js:14593:3)
      at Object.recordFullBackupHistoryEntry (tests/unit/storage.test.js:3392:7)

  console.log
    DEBUG: getSafeLocalStorage returning object

      at Proxy.apply (src/scripts/modules/base.js:92:26)

  console.warn
    MOCK SET: cameraPowerPlanner_fullBackups = [{"createdAt":"2024-01-01T00:00:00Z-0"},{"createdA

      61 |       return undefined;
      62 |     }
    > 63 |     return originalFn(...args);
         |            ^
      64 |   };
      65 | };
      66 |

      at console.<anonymous> (tests/setup/jest.setup.cjs:63:12)
      at console.apply [as warn] (src/scripts/modules/base.js:92:26)
      at Proxy.apply (src/scripts/modules/base.js:92:26)
      at Proxy.apply (src/scripts/modules/base.js:92:26)
      at Proxy.apply (src/scripts/modules/base.js:92:26)
      at Object.warn (tests/unit/storage.test.js:11:15)
      at setItem (src/scripts/storage.js:8463:17)
      at saveJSONToStorage (src/scripts/storage.js:14568:3)
      at saveFullBackupHistory (src/scripts/storage.js:14593:3)
      at Object.recordFullBackupHistoryEntry (tests/unit/storage.test.js:3392:7)

  console.warn
    MOCK SET: cameraPowerPlanner_fullBackups__backup = [{"createdAt":"2024-01-01T00:00:00Z-0"},{"createdA

      61 |       return undefined;
      62 |     }
    > 63 |     return originalFn(...args);
         |            ^
      64 |   };
      65 | };
      66 |

      at console.<anonymous> (tests/setup/jest.setup.cjs:63:12)
      at console.apply [as warn] (src/scripts/modules/base.js:92:26)
      at Proxy.apply (src/scripts/modules/base.js:92:26)
      at Proxy.apply (src/scripts/modules/base.js:92:26)
      at Proxy.apply (src/scripts/modules/base.js:92:26)
      at Object.warn (tests/unit/storage.test.js:11:15)
      at setItem (src/scripts/storage.js:8524:19)
      at tryStoreCandidate (src/scripts/storage.js:8540:13)
      at attemptBackupWrite (src/scripts/storage.js:8617:26)
      at saveJSONToStorage (src/scripts/storage.js:14568:3)
      at saveFullBackupHistory (src/scripts/storage.js:14593:3)
      at Object.recordFullBackupHistoryEntry (tests/unit/storage.test.js:3392:7)

  console.log
    DEBUG: getSafeLocalStorage returning object

      at Proxy.apply (src/scripts/modules/base.js:92:26)

  console.warn
    MOCK SET: cameraPowerPlanner_fullBackups__legacyMigrationBackup = [{"createdAt":"2026-01-16T20:14:37.843Z","data":[{

      61 |       return undefined;
      62 |     }
    > 63 |     return originalFn(...args);
         |            ^
      64 |   };
      65 | };
      66 |

      at console.<anonymous> (tests/setup/jest.setup.cjs:63:12)
      at console.apply [as warn] (src/scripts/modules/base.js:92:26)
      at Proxy.apply (src/scripts/modules/base.js:92:26)
      at Proxy.apply (src/scripts/modules/base.js:92:26)
      at Proxy.apply (src/scripts/modules/base.js:92:26)
      at Object.warn (tests/unit/storage.test.js:11:15)
      at setItem (src/scripts/storage.js:5514:19)
      at tryStoreList (src/scripts/storage.js:5521:20)
      at createStorageMigrationBackup (src/scripts/storage.js:5239:3)
      at ensurePreWriteMigrationBackup (src/scripts/storage.js:14567:3)
      at saveFullBackupHistory (src/scripts/storage.js:14593:3)
      at Object.recordFullBackupHistoryEntry (tests/unit/storage.test.js:3392:7)

  console.log
    DEBUG: getSafeLocalStorage returning object

      at Proxy.apply (src/scripts/modules/base.js:92:26)

  console.warn
    MOCK SET: cameraPowerPlanner_fullBackups = [{"createdAt":"2024-01-01T00:00:00Z-0"},{"createdA

      61 |       return undefined;
      62 |     }
    > 63 |     return originalFn(...args);
         |            ^
      64 |   };
      65 | };
      66 |

      at console.<anonymous> (tests/setup/jest.setup.cjs:63:12)
      at console.apply [as warn] (src/scripts/modules/base.js:92:26)
      at Proxy.apply (src/scripts/modules/base.js:92:26)
      at Proxy.apply (src/scripts/modules/base.js:92:26)
      at Proxy.apply (src/scripts/modules/base.js:92:26)
      at Object.warn (tests/unit/storage.test.js:11:15)
      at setItem (src/scripts/storage.js:8463:17)
      at saveJSONToStorage (src/scripts/storage.js:14568:3)
      at saveFullBackupHistory (src/scripts/storage.js:14593:3)
      at Object.recordFullBackupHistoryEntry (tests/unit/storage.test.js:3392:7)

  console.warn
    MOCK SET: cameraPowerPlanner_fullBackups__backup = [{"createdAt":"2024-01-01T00:00:00Z-0"},{"createdA

      61 |       return undefined;
      62 |     }
    > 63 |     return originalFn(...args);
         |            ^
      64 |   };
      65 | };
      66 |

      at console.<anonymous> (tests/setup/jest.setup.cjs:63:12)
      at console.apply [as warn] (src/scripts/modules/base.js:92:26)
      at Proxy.apply (src/scripts/modules/base.js:92:26)
      at Proxy.apply (src/scripts/modules/base.js:92:26)
      at Proxy.apply (src/scripts/modules/base.js:92:26)
      at Object.warn (tests/unit/storage.test.js:11:15)
      at setItem (src/scripts/storage.js:8524:19)
      at tryStoreCandidate (src/scripts/storage.js:8540:13)
      at attemptBackupWrite (src/scripts/storage.js:8617:26)
      at saveJSONToStorage (src/scripts/storage.js:14568:3)
      at saveFullBackupHistory (src/scripts/storage.js:14593:3)
      at Object.recordFullBackupHistoryEntry (tests/unit/storage.test.js:3392:7)

  console.log
    DEBUG: getSafeLocalStorage returning object

      at Proxy.apply (src/scripts/modules/base.js:92:26)

  console.warn
    MOCK SET: cameraPowerPlanner_fullBackups__legacyMigrationBackup = [{"createdAt":"2026-01-16T20:14:37.846Z","data":[{

      61 |       return undefined;
      62 |     }
    > 63 |     return originalFn(...args);
         |            ^
      64 |   };
      65 | };
      66 |

      at console.<anonymous> (tests/setup/jest.setup.cjs:63:12)
      at console.apply [as warn] (src/scripts/modules/base.js:92:26)
      at Proxy.apply (src/scripts/modules/base.js:92:26)
      at Proxy.apply (src/scripts/modules/base.js:92:26)
      at Proxy.apply (src/scripts/modules/base.js:92:26)
      at Object.warn (tests/unit/storage.test.js:11:15)
      at setItem (src/scripts/storage.js:5514:19)
      at tryStoreList (src/scripts/storage.js:5521:20)
      at createStorageMigrationBackup (src/scripts/storage.js:5239:3)
      at ensurePreWriteMigrationBackup (src/scripts/storage.js:14567:3)
      at saveFullBackupHistory (src/scripts/storage.js:14593:3)
      at Object.recordFullBackupHistoryEntry (tests/unit/storage.test.js:3392:7)

  console.log
    DEBUG: getSafeLocalStorage returning object

      at Proxy.apply (src/scripts/modules/base.js:92:26)

  console.warn
    MOCK SET: cameraPowerPlanner_fullBackups = [{"createdAt":"2024-01-01T00:00:00Z-0"},{"createdA

      61 |       return undefined;
      62 |     }
    > 63 |     return originalFn(...args);
         |            ^
      64 |   };
      65 | };
      66 |

      at console.<anonymous> (tests/setup/jest.setup.cjs:63:12)
      at console.apply [as warn] (src/scripts/modules/base.js:92:26)
      at Proxy.apply (src/scripts/modules/base.js:92:26)
      at Proxy.apply (src/scripts/modules/base.js:92:26)
      at Proxy.apply (src/scripts/modules/base.js:92:26)
      at Object.warn (tests/unit/storage.test.js:11:15)
      at setItem (src/scripts/storage.js:8463:17)
      at saveJSONToStorage (src/scripts/storage.js:14568:3)
      at saveFullBackupHistory (src/scripts/storage.js:14593:3)
      at Object.recordFullBackupHistoryEntry (tests/unit/storage.test.js:3392:7)

  console.warn
    MOCK SET: cameraPowerPlanner_fullBackups__backup = [{"createdAt":"2024-01-01T00:00:00Z-0"},{"createdA

      61 |       return undefined;
      62 |     }
    > 63 |     return originalFn(...args);
         |            ^
      64 |   };
      65 | };
      66 |

      at console.<anonymous> (tests/setup/jest.setup.cjs:63:12)
      at console.apply [as warn] (src/scripts/modules/base.js:92:26)
      at Proxy.apply (src/scripts/modules/base.js:92:26)
      at Proxy.apply (src/scripts/modules/base.js:92:26)
      at Proxy.apply (src/scripts/modules/base.js:92:26)
      at Object.warn (tests/unit/storage.test.js:11:15)
      at setItem (src/scripts/storage.js:8524:19)
      at tryStoreCandidate (src/scripts/storage.js:8540:13)
      at attemptBackupWrite (src/scripts/storage.js:8617:26)
      at saveJSONToStorage (src/scripts/storage.js:14568:3)
      at saveFullBackupHistory (src/scripts/storage.js:14593:3)
      at Object.recordFullBackupHistoryEntry (tests/unit/storage.test.js:3392:7)

  console.log
    DEBUG: getSafeLocalStorage returning object

      at Proxy.apply (src/scripts/modules/base.js:92:26)

  console.warn
    MOCK SET: cameraPowerPlanner_fullBackups__legacyMigrationBackup = [{"createdAt":"2026-01-16T20:14:37.849Z","data":[{

      61 |       return undefined;
      62 |     }
    > 63 |     return originalFn(...args);
         |            ^
      64 |   };
      65 | };
      66 |

      at console.<anonymous> (tests/setup/jest.setup.cjs:63:12)
      at console.apply [as warn] (src/scripts/modules/base.js:92:26)
      at Proxy.apply (src/scripts/modules/base.js:92:26)
      at Proxy.apply (src/scripts/modules/base.js:92:26)
      at Proxy.apply (src/scripts/modules/base.js:92:26)
      at Object.warn (tests/unit/storage.test.js:11:15)
      at setItem (src/scripts/storage.js:5514:19)
      at tryStoreList (src/scripts/storage.js:5521:20)
      at createStorageMigrationBackup (src/scripts/storage.js:5239:3)
      at ensurePreWriteMigrationBackup (src/scripts/storage.js:14567:3)
      at saveFullBackupHistory (src/scripts/storage.js:14593:3)
      at Object.recordFullBackupHistoryEntry (tests/unit/storage.test.js:3392:7)

  console.log
    DEBUG: getSafeLocalStorage returning object

      at Proxy.apply (src/scripts/modules/base.js:92:26)

  console.warn
    MOCK SET: cameraPowerPlanner_fullBackups = [{"createdAt":"2024-01-01T00:00:00Z-0"},{"createdA

      61 |       return undefined;
      62 |     }
    > 63 |     return originalFn(...args);
         |            ^
      64 |   };
      65 | };
      66 |

      at console.<anonymous> (tests/setup/jest.setup.cjs:63:12)
      at console.apply [as warn] (src/scripts/modules/base.js:92:26)
      at Proxy.apply (src/scripts/modules/base.js:92:26)
      at Proxy.apply (src/scripts/modules/base.js:92:26)
      at Proxy.apply (src/scripts/modules/base.js:92:26)
      at Object.warn (tests/unit/storage.test.js:11:15)
      at setItem (src/scripts/storage.js:8463:17)
      at saveJSONToStorage (src/scripts/storage.js:14568:3)
      at saveFullBackupHistory (src/scripts/storage.js:14593:3)
      at Object.recordFullBackupHistoryEntry (tests/unit/storage.test.js:3392:7)

  console.warn
    MOCK SET: cameraPowerPlanner_fullBackups__backup = [{"createdAt":"2024-01-01T00:00:00Z-0"},{"createdA

      61 |       return undefined;
      62 |     }
    > 63 |     return originalFn(...args);
         |            ^
      64 |   };
      65 | };
      66 |

      at console.<anonymous> (tests/setup/jest.setup.cjs:63:12)
      at console.apply [as warn] (src/scripts/modules/base.js:92:26)
      at Proxy.apply (src/scripts/modules/base.js:92:26)
      at Proxy.apply (src/scripts/modules/base.js:92:26)
      at Proxy.apply (src/scripts/modules/base.js:92:26)
      at Object.warn (tests/unit/storage.test.js:11:15)
      at setItem (src/scripts/storage.js:8524:19)
      at tryStoreCandidate (src/scripts/storage.js:8540:13)
      at attemptBackupWrite (src/scripts/storage.js:8617:26)
      at saveJSONToStorage (src/scripts/storage.js:14568:3)
      at saveFullBackupHistory (src/scripts/storage.js:14593:3)
      at Object.recordFullBackupHistoryEntry (tests/unit/storage.test.js:3392:7)

  console.log
    DEBUG: getSafeLocalStorage returning object

      at Proxy.apply (src/scripts/modules/base.js:92:26)

  console.warn
    MOCK SET: cameraPowerPlanner_fullBackups__legacyMigrationBackup = [{"createdAt":"2026-01-16T20:14:37.852Z","data":[{

      61 |       return undefined;
      62 |     }
    > 63 |     return originalFn(...args);
         |            ^
      64 |   };
      65 | };
      66 |

      at console.<anonymous> (tests/setup/jest.setup.cjs:63:12)
      at console.apply [as warn] (src/scripts/modules/base.js:92:26)
      at Proxy.apply (src/scripts/modules/base.js:92:26)
      at Proxy.apply (src/scripts/modules/base.js:92:26)
      at Proxy.apply (src/scripts/modules/base.js:92:26)
      at Object.warn (tests/unit/storage.test.js:11:15)
      at setItem (src/scripts/storage.js:5514:19)
      at tryStoreList (src/scripts/storage.js:5521:20)
      at createStorageMigrationBackup (src/scripts/storage.js:5239:3)
      at ensurePreWriteMigrationBackup (src/scripts/storage.js:14567:3)
      at saveFullBackupHistory (src/scripts/storage.js:14593:3)
      at Object.recordFullBackupHistoryEntry (tests/unit/storage.test.js:3392:7)

  console.log
    DEBUG: getSafeLocalStorage returning object

      at Proxy.apply (src/scripts/modules/base.js:92:26)

  console.warn
    MOCK SET: cameraPowerPlanner_fullBackups = [{"createdAt":"2024-01-01T00:00:00Z-0"},{"createdA

      61 |       return undefined;
      62 |     }
    > 63 |     return originalFn(...args);
         |            ^
      64 |   };
      65 | };
      66 |

      at console.<anonymous> (tests/setup/jest.setup.cjs:63:12)
      at console.apply [as warn] (src/scripts/modules/base.js:92:26)
      at Proxy.apply (src/scripts/modules/base.js:92:26)
      at Proxy.apply (src/scripts/modules/base.js:92:26)
      at Proxy.apply (src/scripts/modules/base.js:92:26)
      at Object.warn (tests/unit/storage.test.js:11:15)
      at setItem (src/scripts/storage.js:8463:17)
      at saveJSONToStorage (src/scripts/storage.js:14568:3)
      at saveFullBackupHistory (src/scripts/storage.js:14593:3)
      at Object.recordFullBackupHistoryEntry (tests/unit/storage.test.js:3392:7)

  console.warn
    MOCK SET: cameraPowerPlanner_fullBackups__backup = [{"createdAt":"2024-01-01T00:00:00Z-0"},{"createdA

      61 |       return undefined;
      62 |     }
    > 63 |     return originalFn(...args);
         |            ^
      64 |   };
      65 | };
      66 |

      at console.<anonymous> (tests/setup/jest.setup.cjs:63:12)
      at console.apply [as warn] (src/scripts/modules/base.js:92:26)
      at Proxy.apply (src/scripts/modules/base.js:92:26)
      at Proxy.apply (src/scripts/modules/base.js:92:26)
      at Proxy.apply (src/scripts/modules/base.js:92:26)
      at Object.warn (tests/unit/storage.test.js:11:15)
      at setItem (src/scripts/storage.js:8524:19)
      at tryStoreCandidate (src/scripts/storage.js:8540:13)
      at attemptBackupWrite (src/scripts/storage.js:8617:26)
      at saveJSONToStorage (src/scripts/storage.js:14568:3)
      at saveFullBackupHistory (src/scripts/storage.js:14593:3)
      at Object.recordFullBackupHistoryEntry (tests/unit/storage.test.js:3392:7)

  console.log
    DEBUG: getSafeLocalStorage returning object

      at Proxy.apply (src/scripts/modules/base.js:92:26)

  console.warn
    MOCK SET: cameraPowerPlanner_fullBackups__legacyMigrationBackup = [{"createdAt":"2026-01-16T20:14:37.855Z","data":[{

      61 |       return undefined;
      62 |     }
    > 63 |     return originalFn(...args);
         |            ^
      64 |   };
      65 | };
      66 |

      at console.<anonymous> (tests/setup/jest.setup.cjs:63:12)
      at console.apply [as warn] (src/scripts/modules/base.js:92:26)
      at Proxy.apply (src/scripts/modules/base.js:92:26)
      at Proxy.apply (src/scripts/modules/base.js:92:26)
      at Proxy.apply (src/scripts/modules/base.js:92:26)
      at Object.warn (tests/unit/storage.test.js:11:15)
      at setItem (src/scripts/storage.js:5514:19)
      at tryStoreList (src/scripts/storage.js:5521:20)
      at createStorageMigrationBackup (src/scripts/storage.js:5239:3)
      at ensurePreWriteMigrationBackup (src/scripts/storage.js:14567:3)
      at saveFullBackupHistory (src/scripts/storage.js:14593:3)
      at Object.recordFullBackupHistoryEntry (tests/unit/storage.test.js:3392:7)

  console.log
    DEBUG: getSafeLocalStorage returning object

      at Proxy.apply (src/scripts/modules/base.js:92:26)

  console.warn
    MOCK SET: cameraPowerPlanner_fullBackups = [{"createdAt":"2024-01-01T00:00:00Z-0"},{"createdA

      61 |       return undefined;
      62 |     }
    > 63 |     return originalFn(...args);
         |            ^
      64 |   };
      65 | };
      66 |

      at console.<anonymous> (tests/setup/jest.setup.cjs:63:12)
      at console.apply [as warn] (src/scripts/modules/base.js:92:26)
      at Proxy.apply (src/scripts/modules/base.js:92:26)
      at Proxy.apply (src/scripts/modules/base.js:92:26)
      at Proxy.apply (src/scripts/modules/base.js:92:26)
      at Object.warn (tests/unit/storage.test.js:11:15)
      at setItem (src/scripts/storage.js:8463:17)
      at saveJSONToStorage (src/scripts/storage.js:14568:3)
      at saveFullBackupHistory (src/scripts/storage.js:14593:3)
      at Object.recordFullBackupHistoryEntry (tests/unit/storage.test.js:3392:7)

  console.warn
    MOCK SET: cameraPowerPlanner_fullBackups__backup = [{"createdAt":"2024-01-01T00:00:00Z-0"},{"createdA

      61 |       return undefined;
      62 |     }
    > 63 |     return originalFn(...args);
         |            ^
      64 |   };
      65 | };
      66 |

      at console.<anonymous> (tests/setup/jest.setup.cjs:63:12)
      at console.apply [as warn] (src/scripts/modules/base.js:92:26)
      at Proxy.apply (src/scripts/modules/base.js:92:26)
      at Proxy.apply (src/scripts/modules/base.js:92:26)
      at Proxy.apply (src/scripts/modules/base.js:92:26)
      at Object.warn (tests/unit/storage.test.js:11:15)
      at setItem (src/scripts/storage.js:8524:19)
      at tryStoreCandidate (src/scripts/storage.js:8540:13)
      at attemptBackupWrite (src/scripts/storage.js:8617:26)
      at saveJSONToStorage (src/scripts/storage.js:14568:3)
      at saveFullBackupHistory (src/scripts/storage.js:14593:3)
      at Object.recordFullBackupHistoryEntry (tests/unit/storage.test.js:3392:7)

  console.log
    DEBUG: getSafeLocalStorage returning object

      at Proxy.apply (src/scripts/modules/base.js:92:26)

  console.warn
    MOCK SET: cameraPowerPlanner_fullBackups__legacyMigrationBackup = [{"createdAt":"2026-01-16T20:14:37.857Z","data":[{

      61 |       return undefined;
      62 |     }
    > 63 |     return originalFn(...args);
         |            ^
      64 |   };
      65 | };
      66 |

      at console.<anonymous> (tests/setup/jest.setup.cjs:63:12)
      at console.apply [as warn] (src/scripts/modules/base.js:92:26)
      at Proxy.apply (src/scripts/modules/base.js:92:26)
      at Proxy.apply (src/scripts/modules/base.js:92:26)
      at Proxy.apply (src/scripts/modules/base.js:92:26)
      at Object.warn (tests/unit/storage.test.js:11:15)
      at setItem (src/scripts/storage.js:5514:19)
      at tryStoreList (src/scripts/storage.js:5521:20)
      at createStorageMigrationBackup (src/scripts/storage.js:5239:3)
      at ensurePreWriteMigrationBackup (src/scripts/storage.js:14567:3)
      at saveFullBackupHistory (src/scripts/storage.js:14593:3)
      at Object.recordFullBackupHistoryEntry (tests/unit/storage.test.js:3392:7)

  console.log
    DEBUG: getSafeLocalStorage returning object

      at Proxy.apply (src/scripts/modules/base.js:92:26)

  console.warn
    MOCK SET: cameraPowerPlanner_fullBackups = [{"createdAt":"2024-01-01T00:00:00Z-0"},{"createdA

      61 |       return undefined;
      62 |     }
    > 63 |     return originalFn(...args);
         |            ^
      64 |   };
      65 | };
      66 |

      at console.<anonymous> (tests/setup/jest.setup.cjs:63:12)
      at console.apply [as warn] (src/scripts/modules/base.js:92:26)
      at Proxy.apply (src/scripts/modules/base.js:92:26)
      at Proxy.apply (src/scripts/modules/base.js:92:26)
      at Proxy.apply (src/scripts/modules/base.js:92:26)
      at Object.warn (tests/unit/storage.test.js:11:15)
      at setItem (src/scripts/storage.js:8463:17)
      at saveJSONToStorage (src/scripts/storage.js:14568:3)
      at saveFullBackupHistory (src/scripts/storage.js:14593:3)
      at Object.recordFullBackupHistoryEntry (tests/unit/storage.test.js:3392:7)

  console.warn
    MOCK SET: cameraPowerPlanner_fullBackups__backup = [{"createdAt":"2024-01-01T00:00:00Z-0"},{"createdA

      61 |       return undefined;
      62 |     }
    > 63 |     return originalFn(...args);
         |            ^
      64 |   };
      65 | };
      66 |

      at console.<anonymous> (tests/setup/jest.setup.cjs:63:12)
      at console.apply [as warn] (src/scripts/modules/base.js:92:26)
      at Proxy.apply (src/scripts/modules/base.js:92:26)
      at Proxy.apply (src/scripts/modules/base.js:92:26)
      at Proxy.apply (src/scripts/modules/base.js:92:26)
      at Object.warn (tests/unit/storage.test.js:11:15)
      at setItem (src/scripts/storage.js:8524:19)
      at tryStoreCandidate (src/scripts/storage.js:8540:13)
      at attemptBackupWrite (src/scripts/storage.js:8617:26)
      at saveJSONToStorage (src/scripts/storage.js:14568:3)
      at saveFullBackupHistory (src/scripts/storage.js:14593:3)
      at Object.recordFullBackupHistoryEntry (tests/unit/storage.test.js:3392:7)

  console.log
    DEBUG: getSafeLocalStorage returning object

      at Proxy.apply (src/scripts/modules/base.js:92:26)

  console.warn
    MOCK SET: cameraPowerPlanner_fullBackups__legacyMigrationBackup = [{"createdAt":"2026-01-16T20:14:37.860Z","data":[{

      61 |       return undefined;
      62 |     }
    > 63 |     return originalFn(...args);
         |            ^
      64 |   };
      65 | };
      66 |

      at console.<anonymous> (tests/setup/jest.setup.cjs:63:12)
      at console.apply [as warn] (src/scripts/modules/base.js:92:26)
      at Proxy.apply (src/scripts/modules/base.js:92:26)
      at Proxy.apply (src/scripts/modules/base.js:92:26)
      at Proxy.apply (src/scripts/modules/base.js:92:26)
      at Object.warn (tests/unit/storage.test.js:11:15)
      at setItem (src/scripts/storage.js:5514:19)
      at tryStoreList (src/scripts/storage.js:5521:20)
      at createStorageMigrationBackup (src/scripts/storage.js:5239:3)
      at ensurePreWriteMigrationBackup (src/scripts/storage.js:14567:3)
      at saveFullBackupHistory (src/scripts/storage.js:14593:3)
      at Object.recordFullBackupHistoryEntry (tests/unit/storage.test.js:3392:7)

  console.log
    DEBUG: getSafeLocalStorage returning object

      at Proxy.apply (src/scripts/modules/base.js:92:26)

  console.warn
    MOCK SET: cameraPowerPlanner_fullBackups = [{"createdAt":"2024-01-01T00:00:00Z-0"},{"createdA

      61 |       return undefined;
      62 |     }
    > 63 |     return originalFn(...args);
         |            ^
      64 |   };
      65 | };
      66 |

      at console.<anonymous> (tests/setup/jest.setup.cjs:63:12)
      at console.apply [as warn] (src/scripts/modules/base.js:92:26)
      at Proxy.apply (src/scripts/modules/base.js:92:26)
      at Proxy.apply (src/scripts/modules/base.js:92:26)
      at Proxy.apply (src/scripts/modules/base.js:92:26)
      at Object.warn (tests/unit/storage.test.js:11:15)
      at setItem (src/scripts/storage.js:8463:17)
      at saveJSONToStorage (src/scripts/storage.js:14568:3)
      at saveFullBackupHistory (src/scripts/storage.js:14593:3)
      at Object.recordFullBackupHistoryEntry (tests/unit/storage.test.js:3392:7)

  console.warn
    MOCK SET: cameraPowerPlanner_fullBackups__backup = [{"createdAt":"2024-01-01T00:00:00Z-0"},{"createdA

      61 |       return undefined;
      62 |     }
    > 63 |     return originalFn(...args);
         |            ^
      64 |   };
      65 | };
      66 |

      at console.<anonymous> (tests/setup/jest.setup.cjs:63:12)
      at console.apply [as warn] (src/scripts/modules/base.js:92:26)
      at Proxy.apply (src/scripts/modules/base.js:92:26)
      at Proxy.apply (src/scripts/modules/base.js:92:26)
      at Proxy.apply (src/scripts/modules/base.js:92:26)
      at Object.warn (tests/unit/storage.test.js:11:15)
      at setItem (src/scripts/storage.js:8524:19)
      at tryStoreCandidate (src/scripts/storage.js:8540:13)
      at attemptBackupWrite (src/scripts/storage.js:8617:26)
      at saveJSONToStorage (src/scripts/storage.js:14568:3)
      at saveFullBackupHistory (src/scripts/storage.js:14593:3)
      at Object.recordFullBackupHistoryEntry (tests/unit/storage.test.js:3392:7)

  console.log
    DEBUG: getSafeLocalStorage returning object

      at Proxy.apply (src/scripts/modules/base.js:92:26)

  console.warn
    MOCK SET: cameraPowerPlanner_fullBackups__legacyMigrationBackup = [{"createdAt":"2026-01-16T20:14:37.864Z","data":[{

      61 |       return undefined;
      62 |     }
    > 63 |     return originalFn(...args);
         |            ^
      64 |   };
      65 | };
      66 |

      at console.<anonymous> (tests/setup/jest.setup.cjs:63:12)
      at console.apply [as warn] (src/scripts/modules/base.js:92:26)
      at Proxy.apply (src/scripts/modules/base.js:92:26)
      at Proxy.apply (src/scripts/modules/base.js:92:26)
      at Proxy.apply (src/scripts/modules/base.js:92:26)
      at Object.warn (tests/unit/storage.test.js:11:15)
      at setItem (src/scripts/storage.js:5514:19)
      at tryStoreList (src/scripts/storage.js:5521:20)
      at createStorageMigrationBackup (src/scripts/storage.js:5239:3)
      at ensurePreWriteMigrationBackup (src/scripts/storage.js:14567:3)
      at saveFullBackupHistory (src/scripts/storage.js:14593:3)
      at Object.recordFullBackupHistoryEntry (tests/unit/storage.test.js:3392:7)

  console.log
    DEBUG: getSafeLocalStorage returning object

      at Proxy.apply (src/scripts/modules/base.js:92:26)

  console.warn
    MOCK SET: cameraPowerPlanner_fullBackups = [{"createdAt":"2024-01-01T00:00:00Z-0"},{"createdA

      61 |       return undefined;
      62 |     }
    > 63 |     return originalFn(...args);
         |            ^
      64 |   };
      65 | };
      66 |

      at console.<anonymous> (tests/setup/jest.setup.cjs:63:12)
      at console.apply [as warn] (src/scripts/modules/base.js:92:26)
      at Proxy.apply (src/scripts/modules/base.js:92:26)
      at Proxy.apply (src/scripts/modules/base.js:92:26)
      at Proxy.apply (src/scripts/modules/base.js:92:26)
      at Object.warn (tests/unit/storage.test.js:11:15)
      at setItem (src/scripts/storage.js:8463:17)
      at saveJSONToStorage (src/scripts/storage.js:14568:3)
      at saveFullBackupHistory (src/scripts/storage.js:14593:3)
      at Object.recordFullBackupHistoryEntry (tests/unit/storage.test.js:3392:7)

  console.warn
    MOCK SET: cameraPowerPlanner_fullBackups__backup = [{"createdAt":"2024-01-01T00:00:00Z-0"},{"createdA

      61 |       return undefined;
      62 |     }
    > 63 |     return originalFn(...args);
         |            ^
      64 |   };
      65 | };
      66 |

      at console.<anonymous> (tests/setup/jest.setup.cjs:63:12)
      at console.apply [as warn] (src/scripts/modules/base.js:92:26)
      at Proxy.apply (src/scripts/modules/base.js:92:26)
      at Proxy.apply (src/scripts/modules/base.js:92:26)
      at Proxy.apply (src/scripts/modules/base.js:92:26)
      at Object.warn (tests/unit/storage.test.js:11:15)
      at setItem (src/scripts/storage.js:8524:19)
      at tryStoreCandidate (src/scripts/storage.js:8540:13)
      at attemptBackupWrite (src/scripts/storage.js:8617:26)
      at saveJSONToStorage (src/scripts/storage.js:14568:3)
      at saveFullBackupHistory (src/scripts/storage.js:14593:3)
      at Object.recordFullBackupHistoryEntry (tests/unit/storage.test.js:3392:7)

  console.log
    DEBUG: getSafeLocalStorage returning object

      at Proxy.apply (src/scripts/modules/base.js:92:26)

  console.warn
    MOCK SET: cameraPowerPlanner_fullBackups__legacyMigrationBackup = [{"createdAt":"2026-01-16T20:14:37.867Z","data":[{

      61 |       return undefined;
      62 |     }
    > 63 |     return originalFn(...args);
         |            ^
      64 |   };
      65 | };
      66 |

      at console.<anonymous> (tests/setup/jest.setup.cjs:63:12)
      at console.apply [as warn] (src/scripts/modules/base.js:92:26)
      at Proxy.apply (src/scripts/modules/base.js:92:26)
      at Proxy.apply (src/scripts/modules/base.js:92:26)
      at Proxy.apply (src/scripts/modules/base.js:92:26)
      at Object.warn (tests/unit/storage.test.js:11:15)
      at setItem (src/scripts/storage.js:5514:19)
      at tryStoreList (src/scripts/storage.js:5521:20)
      at createStorageMigrationBackup (src/scripts/storage.js:5239:3)
      at ensurePreWriteMigrationBackup (src/scripts/storage.js:14567:3)
      at saveFullBackupHistory (src/scripts/storage.js:14593:3)
      at Object.recordFullBackupHistoryEntry (tests/unit/storage.test.js:3392:7)

  console.log
    DEBUG: getSafeLocalStorage returning object

      at Proxy.apply (src/scripts/modules/base.js:92:26)

  console.warn
    MOCK SET: cameraPowerPlanner_fullBackups = [{"createdAt":"2024-01-01T00:00:00Z-0"},{"createdA

      61 |       return undefined;
      62 |     }
    > 63 |     return originalFn(...args);
         |            ^
      64 |   };
      65 | };
      66 |

      at console.<anonymous> (tests/setup/jest.setup.cjs:63:12)
      at console.apply [as warn] (src/scripts/modules/base.js:92:26)
      at Proxy.apply (src/scripts/modules/base.js:92:26)
      at Proxy.apply (src/scripts/modules/base.js:92:26)
      at Proxy.apply (src/scripts/modules/base.js:92:26)
      at Object.warn (tests/unit/storage.test.js:11:15)
      at setItem (src/scripts/storage.js:8463:17)
      at saveJSONToStorage (src/scripts/storage.js:14568:3)
      at saveFullBackupHistory (src/scripts/storage.js:14593:3)
      at Object.recordFullBackupHistoryEntry (tests/unit/storage.test.js:3392:7)

  console.warn
    MOCK SET: cameraPowerPlanner_fullBackups__backup = [{"createdAt":"2024-01-01T00:00:00Z-0"},{"createdA

      61 |       return undefined;
      62 |     }
    > 63 |     return originalFn(...args);
         |            ^
      64 |   };
      65 | };
      66 |

      at console.<anonymous> (tests/setup/jest.setup.cjs:63:12)
      at console.apply [as warn] (src/scripts/modules/base.js:92:26)
      at Proxy.apply (src/scripts/modules/base.js:92:26)
      at Proxy.apply (src/scripts/modules/base.js:92:26)
      at Proxy.apply (src/scripts/modules/base.js:92:26)
      at Object.warn (tests/unit/storage.test.js:11:15)
      at setItem (src/scripts/storage.js:8524:19)
      at tryStoreCandidate (src/scripts/storage.js:8540:13)
      at attemptBackupWrite (src/scripts/storage.js:8617:26)
      at saveJSONToStorage (src/scripts/storage.js:14568:3)
      at saveFullBackupHistory (src/scripts/storage.js:14593:3)
      at Object.recordFullBackupHistoryEntry (tests/unit/storage.test.js:3392:7)

  console.log
    DEBUG: getSafeLocalStorage returning object

      at Proxy.apply (src/scripts/modules/base.js:92:26)

  console.warn
    MOCK SET: cameraPowerPlanner_fullBackups__legacyMigrationBackup = [{"createdAt":"2026-01-16T20:14:37.870Z","data":[{

      61 |       return undefined;
      62 |     }
    > 63 |     return originalFn(...args);
         |            ^
      64 |   };
      65 | };
      66 |

      at console.<anonymous> (tests/setup/jest.setup.cjs:63:12)
      at console.apply [as warn] (src/scripts/modules/base.js:92:26)
      at Proxy.apply (src/scripts/modules/base.js:92:26)
      at Proxy.apply (src/scripts/modules/base.js:92:26)
      at Proxy.apply (src/scripts/modules/base.js:92:26)
      at Object.warn (tests/unit/storage.test.js:11:15)
      at setItem (src/scripts/storage.js:5514:19)
      at tryStoreList (src/scripts/storage.js:5521:20)
      at createStorageMigrationBackup (src/scripts/storage.js:5239:3)
      at ensurePreWriteMigrationBackup (src/scripts/storage.js:14567:3)
      at saveFullBackupHistory (src/scripts/storage.js:14593:3)
      at Object.recordFullBackupHistoryEntry (tests/unit/storage.test.js:3392:7)

  console.log
    DEBUG: getSafeLocalStorage returning object

      at Proxy.apply (src/scripts/modules/base.js:92:26)

  console.warn
    MOCK SET: cameraPowerPlanner_fullBackups = [{"createdAt":"2024-01-01T00:00:00Z-0"},{"createdA

      61 |       return undefined;
      62 |     }
    > 63 |     return originalFn(...args);
         |            ^
      64 |   };
      65 | };
      66 |

      at console.<anonymous> (tests/setup/jest.setup.cjs:63:12)
      at console.apply [as warn] (src/scripts/modules/base.js:92:26)
      at Proxy.apply (src/scripts/modules/base.js:92:26)
      at Proxy.apply (src/scripts/modules/base.js:92:26)
      at Proxy.apply (src/scripts/modules/base.js:92:26)
      at Object.warn (tests/unit/storage.test.js:11:15)
      at setItem (src/scripts/storage.js:8463:17)
      at saveJSONToStorage (src/scripts/storage.js:14568:3)
      at saveFullBackupHistory (src/scripts/storage.js:14593:3)
      at Object.recordFullBackupHistoryEntry (tests/unit/storage.test.js:3392:7)

  console.warn
    MOCK SET: cameraPowerPlanner_fullBackups__backup = [{"createdAt":"2024-01-01T00:00:00Z-0"},{"createdA

      61 |       return undefined;
      62 |     }
    > 63 |     return originalFn(...args);
         |            ^
      64 |   };
      65 | };
      66 |

      at console.<anonymous> (tests/setup/jest.setup.cjs:63:12)
      at console.apply [as warn] (src/scripts/modules/base.js:92:26)
      at Proxy.apply (src/scripts/modules/base.js:92:26)
      at Proxy.apply (src/scripts/modules/base.js:92:26)
      at Proxy.apply (src/scripts/modules/base.js:92:26)
      at Object.warn (tests/unit/storage.test.js:11:15)
      at setItem (src/scripts/storage.js:8524:19)
      at tryStoreCandidate (src/scripts/storage.js:8540:13)
      at attemptBackupWrite (src/scripts/storage.js:8617:26)
      at saveJSONToStorage (src/scripts/storage.js:14568:3)
      at saveFullBackupHistory (src/scripts/storage.js:14593:3)
      at Object.recordFullBackupHistoryEntry (tests/unit/storage.test.js:3392:7)

  console.log
    DEBUG: getSafeLocalStorage returning object

      at Proxy.apply (src/scripts/modules/base.js:92:26)

  console.warn
    MOCK SET: cameraPowerPlanner_fullBackups__legacyMigrationBackup = [{"createdAt":"2026-01-16T20:14:37.873Z","data":[{

      61 |       return undefined;
      62 |     }
    > 63 |     return originalFn(...args);
         |            ^
      64 |   };
      65 | };
      66 |

      at console.<anonymous> (tests/setup/jest.setup.cjs:63:12)
      at console.apply [as warn] (src/scripts/modules/base.js:92:26)
      at Proxy.apply (src/scripts/modules/base.js:92:26)
      at Proxy.apply (src/scripts/modules/base.js:92:26)
      at Proxy.apply (src/scripts/modules/base.js:92:26)
      at Object.warn (tests/unit/storage.test.js:11:15)
      at setItem (src/scripts/storage.js:5514:19)
      at tryStoreList (src/scripts/storage.js:5521:20)
      at createStorageMigrationBackup (src/scripts/storage.js:5239:3)
      at ensurePreWriteMigrationBackup (src/scripts/storage.js:14567:3)
      at saveFullBackupHistory (src/scripts/storage.js:14593:3)
      at Object.recordFullBackupHistoryEntry (tests/unit/storage.test.js:3392:7)

  console.log
    DEBUG: getSafeLocalStorage returning object

      at Proxy.apply (src/scripts/modules/base.js:92:26)

  console.warn
    MOCK SET: cameraPowerPlanner_fullBackups = [{"createdAt":"2024-01-01T00:00:00Z-0"},{"createdA

      61 |       return undefined;
      62 |     }
    > 63 |     return originalFn(...args);
         |            ^
      64 |   };
      65 | };
      66 |

      at console.<anonymous> (tests/setup/jest.setup.cjs:63:12)
      at console.apply [as warn] (src/scripts/modules/base.js:92:26)
      at Proxy.apply (src/scripts/modules/base.js:92:26)
      at Proxy.apply (src/scripts/modules/base.js:92:26)
      at Proxy.apply (src/scripts/modules/base.js:92:26)
      at Object.warn (tests/unit/storage.test.js:11:15)
      at setItem (src/scripts/storage.js:8463:17)
      at saveJSONToStorage (src/scripts/storage.js:14568:3)
      at saveFullBackupHistory (src/scripts/storage.js:14593:3)
      at Object.recordFullBackupHistoryEntry (tests/unit/storage.test.js:3392:7)

  console.warn
    MOCK SET: cameraPowerPlanner_fullBackups__backup = [{"createdAt":"2024-01-01T00:00:00Z-0"},{"createdA

      61 |       return undefined;
      62 |     }
    > 63 |     return originalFn(...args);
         |            ^
      64 |   };
      65 | };
      66 |

      at console.<anonymous> (tests/setup/jest.setup.cjs:63:12)
      at console.apply [as warn] (src/scripts/modules/base.js:92:26)
      at Proxy.apply (src/scripts/modules/base.js:92:26)
      at Proxy.apply (src/scripts/modules/base.js:92:26)
      at Proxy.apply (src/scripts/modules/base.js:92:26)
      at Object.warn (tests/unit/storage.test.js:11:15)
      at setItem (src/scripts/storage.js:8524:19)
      at tryStoreCandidate (src/scripts/storage.js:8540:13)
      at attemptBackupWrite (src/scripts/storage.js:8617:26)
      at saveJSONToStorage (src/scripts/storage.js:14568:3)
      at saveFullBackupHistory (src/scripts/storage.js:14593:3)
      at Object.recordFullBackupHistoryEntry (tests/unit/storage.test.js:3392:7)

  console.log
    DEBUG: getSafeLocalStorage returning object

      at Proxy.apply (src/scripts/modules/base.js:92:26)

  console.warn
    MOCK SET: cameraPowerPlanner_fullBackups__legacyMigrationBackup = [{"createdAt":"2026-01-16T20:14:37.876Z","data":[{

      61 |       return undefined;
      62 |     }
    > 63 |     return originalFn(...args);
         |            ^
      64 |   };
      65 | };
      66 |

      at console.<anonymous> (tests/setup/jest.setup.cjs:63:12)
      at console.apply [as warn] (src/scripts/modules/base.js:92:26)
      at Proxy.apply (src/scripts/modules/base.js:92:26)
      at Proxy.apply (src/scripts/modules/base.js:92:26)
      at Proxy.apply (src/scripts/modules/base.js:92:26)
      at Object.warn (tests/unit/storage.test.js:11:15)
      at setItem (src/scripts/storage.js:5514:19)
      at tryStoreList (src/scripts/storage.js:5521:20)
      at createStorageMigrationBackup (src/scripts/storage.js:5239:3)
      at ensurePreWriteMigrationBackup (src/scripts/storage.js:14567:3)
      at saveFullBackupHistory (src/scripts/storage.js:14593:3)
      at Object.recordFullBackupHistoryEntry (tests/unit/storage.test.js:3392:7)

  console.log
    DEBUG: getSafeLocalStorage returning object

      at Proxy.apply (src/scripts/modules/base.js:92:26)

  console.warn
    MOCK SET: cameraPowerPlanner_fullBackups = [{"createdAt":"2024-01-01T00:00:00Z-0"},{"createdA

      61 |       return undefined;
      62 |     }
    > 63 |     return originalFn(...args);
         |            ^
      64 |   };
      65 | };
      66 |

      at console.<anonymous> (tests/setup/jest.setup.cjs:63:12)
      at console.apply [as warn] (src/scripts/modules/base.js:92:26)
      at Proxy.apply (src/scripts/modules/base.js:92:26)
      at Proxy.apply (src/scripts/modules/base.js:92:26)
      at Proxy.apply (src/scripts/modules/base.js:92:26)
      at Object.warn (tests/unit/storage.test.js:11:15)
      at setItem (src/scripts/storage.js:8463:17)
      at saveJSONToStorage (src/scripts/storage.js:14568:3)
      at saveFullBackupHistory (src/scripts/storage.js:14593:3)
      at Object.recordFullBackupHistoryEntry (tests/unit/storage.test.js:3392:7)

  console.warn
    MOCK SET: cameraPowerPlanner_fullBackups__backup = [{"createdAt":"2024-01-01T00:00:00Z-0"},{"createdA

      61 |       return undefined;
      62 |     }
    > 63 |     return originalFn(...args);
         |            ^
      64 |   };
      65 | };
      66 |

      at console.<anonymous> (tests/setup/jest.setup.cjs:63:12)
      at console.apply [as warn] (src/scripts/modules/base.js:92:26)
      at Proxy.apply (src/scripts/modules/base.js:92:26)
      at Proxy.apply (src/scripts/modules/base.js:92:26)
      at Proxy.apply (src/scripts/modules/base.js:92:26)
      at Object.warn (tests/unit/storage.test.js:11:15)
      at setItem (src/scripts/storage.js:8524:19)
      at tryStoreCandidate (src/scripts/storage.js:8540:13)
      at attemptBackupWrite (src/scripts/storage.js:8617:26)
      at saveJSONToStorage (src/scripts/storage.js:14568:3)
      at saveFullBackupHistory (src/scripts/storage.js:14593:3)
      at Object.recordFullBackupHistoryEntry (tests/unit/storage.test.js:3392:7)

  console.log
    DEBUG: getSafeLocalStorage returning object

      at Proxy.apply (src/scripts/modules/base.js:92:26)

  console.warn
    MOCK SET: cameraPowerPlanner_fullBackups__legacyMigrationBackup = [{"createdAt":"2026-01-16T20:14:37.879Z","data":[{

      61 |       return undefined;
      62 |     }
    > 63 |     return originalFn(...args);
         |            ^
      64 |   };
      65 | };
      66 |

      at console.<anonymous> (tests/setup/jest.setup.cjs:63:12)
      at console.apply [as warn] (src/scripts/modules/base.js:92:26)
      at Proxy.apply (src/scripts/modules/base.js:92:26)
      at Proxy.apply (src/scripts/modules/base.js:92:26)
      at Proxy.apply (src/scripts/modules/base.js:92:26)
      at Object.warn (tests/unit/storage.test.js:11:15)
      at setItem (src/scripts/storage.js:5514:19)
      at tryStoreList (src/scripts/storage.js:5521:20)
      at createStorageMigrationBackup (src/scripts/storage.js:5239:3)
      at ensurePreWriteMigrationBackup (src/scripts/storage.js:14567:3)
      at saveFullBackupHistory (src/scripts/storage.js:14593:3)
      at Object.recordFullBackupHistoryEntry (tests/unit/storage.test.js:3392:7)

  console.log
    DEBUG: getSafeLocalStorage returning object

      at Proxy.apply (src/scripts/modules/base.js:92:26)

  console.warn
    MOCK SET: cameraPowerPlanner_fullBackups = [{"createdAt":"2024-01-01T00:00:00Z-0"},{"createdA

      61 |       return undefined;
      62 |     }
    > 63 |     return originalFn(...args);
         |            ^
      64 |   };
      65 | };
      66 |

      at console.<anonymous> (tests/setup/jest.setup.cjs:63:12)
      at console.apply [as warn] (src/scripts/modules/base.js:92:26)
      at Proxy.apply (src/scripts/modules/base.js:92:26)
      at Proxy.apply (src/scripts/modules/base.js:92:26)
      at Proxy.apply (src/scripts/modules/base.js:92:26)
      at Object.warn (tests/unit/storage.test.js:11:15)
      at setItem (src/scripts/storage.js:8463:17)
      at saveJSONToStorage (src/scripts/storage.js:14568:3)
      at saveFullBackupHistory (src/scripts/storage.js:14593:3)
      at Object.recordFullBackupHistoryEntry (tests/unit/storage.test.js:3392:7)

  console.warn
    MOCK SET: cameraPowerPlanner_fullBackups__backup = [{"createdAt":"2024-01-01T00:00:00Z-0"},{"createdA

      61 |       return undefined;
      62 |     }
    > 63 |     return originalFn(...args);
         |            ^
      64 |   };
      65 | };
      66 |

      at console.<anonymous> (tests/setup/jest.setup.cjs:63:12)
      at console.apply [as warn] (src/scripts/modules/base.js:92:26)
      at Proxy.apply (src/scripts/modules/base.js:92:26)
      at Proxy.apply (src/scripts/modules/base.js:92:26)
      at Proxy.apply (src/scripts/modules/base.js:92:26)
      at Object.warn (tests/unit/storage.test.js:11:15)
      at setItem (src/scripts/storage.js:8524:19)
      at tryStoreCandidate (src/scripts/storage.js:8540:13)
      at attemptBackupWrite (src/scripts/storage.js:8617:26)
      at saveJSONToStorage (src/scripts/storage.js:14568:3)
      at saveFullBackupHistory (src/scripts/storage.js:14593:3)
      at Object.recordFullBackupHistoryEntry (tests/unit/storage.test.js:3392:7)

  console.log
    DEBUG: getSafeLocalStorage returning object

      at Proxy.apply (src/scripts/modules/base.js:92:26)

  console.warn
    MOCK SET: cameraPowerPlanner_fullBackups__legacyMigrationBackup = [{"createdAt":"2026-01-16T20:14:37.881Z","data":[{

      61 |       return undefined;
      62 |     }
    > 63 |     return originalFn(...args);
         |            ^
      64 |   };
      65 | };
      66 |

      at console.<anonymous> (tests/setup/jest.setup.cjs:63:12)
      at console.apply [as warn] (src/scripts/modules/base.js:92:26)
      at Proxy.apply (src/scripts/modules/base.js:92:26)
      at Proxy.apply (src/scripts/modules/base.js:92:26)
      at Proxy.apply (src/scripts/modules/base.js:92:26)
      at Object.warn (tests/unit/storage.test.js:11:15)
      at setItem (src/scripts/storage.js:5514:19)
      at tryStoreList (src/scripts/storage.js:5521:20)
      at createStorageMigrationBackup (src/scripts/storage.js:5239:3)
      at ensurePreWriteMigrationBackup (src/scripts/storage.js:14567:3)
      at saveFullBackupHistory (src/scripts/storage.js:14593:3)
      at Object.recordFullBackupHistoryEntry (tests/unit/storage.test.js:3392:7)

  console.log
    DEBUG: getSafeLocalStorage returning object

      at Proxy.apply (src/scripts/modules/base.js:92:26)

  console.warn
    MOCK SET: cameraPowerPlanner_fullBackups = [{"createdAt":"2024-01-01T00:00:00Z-0"},{"createdA

      61 |       return undefined;
      62 |     }
    > 63 |     return originalFn(...args);
         |            ^
      64 |   };
      65 | };
      66 |

      at console.<anonymous> (tests/setup/jest.setup.cjs:63:12)
      at console.apply [as warn] (src/scripts/modules/base.js:92:26)
      at Proxy.apply (src/scripts/modules/base.js:92:26)
      at Proxy.apply (src/scripts/modules/base.js:92:26)
      at Proxy.apply (src/scripts/modules/base.js:92:26)
      at Object.warn (tests/unit/storage.test.js:11:15)
      at setItem (src/scripts/storage.js:8463:17)
      at saveJSONToStorage (src/scripts/storage.js:14568:3)
      at saveFullBackupHistory (src/scripts/storage.js:14593:3)
      at Object.recordFullBackupHistoryEntry (tests/unit/storage.test.js:3392:7)

  console.warn
    MOCK SET: cameraPowerPlanner_fullBackups__backup = [{"createdAt":"2024-01-01T00:00:00Z-0"},{"createdA

      61 |       return undefined;
      62 |     }
    > 63 |     return originalFn(...args);
         |            ^
      64 |   };
      65 | };
      66 |

      at console.<anonymous> (tests/setup/jest.setup.cjs:63:12)
      at console.apply [as warn] (src/scripts/modules/base.js:92:26)
      at Proxy.apply (src/scripts/modules/base.js:92:26)
      at Proxy.apply (src/scripts/modules/base.js:92:26)
      at Proxy.apply (src/scripts/modules/base.js:92:26)
      at Object.warn (tests/unit/storage.test.js:11:15)
      at setItem (src/scripts/storage.js:8524:19)
      at tryStoreCandidate (src/scripts/storage.js:8540:13)
      at attemptBackupWrite (src/scripts/storage.js:8617:26)
      at saveJSONToStorage (src/scripts/storage.js:14568:3)
      at saveFullBackupHistory (src/scripts/storage.js:14593:3)
      at Object.recordFullBackupHistoryEntry (tests/unit/storage.test.js:3392:7)

  console.log
    DEBUG: getSafeLocalStorage returning object

      at Proxy.apply (src/scripts/modules/base.js:92:26)

  console.warn
    MOCK SET: cameraPowerPlanner_fullBackups__legacyMigrationBackup = [{"createdAt":"2026-01-16T20:14:37.886Z","data":[{

      61 |       return undefined;
      62 |     }
    > 63 |     return originalFn(...args);
         |            ^
      64 |   };
      65 | };
      66 |

      at console.<anonymous> (tests/setup/jest.setup.cjs:63:12)
      at console.apply [as warn] (src/scripts/modules/base.js:92:26)
      at Proxy.apply (src/scripts/modules/base.js:92:26)
      at Proxy.apply (src/scripts/modules/base.js:92:26)
      at Proxy.apply (src/scripts/modules/base.js:92:26)
      at Object.warn (tests/unit/storage.test.js:11:15)
      at setItem (src/scripts/storage.js:5514:19)
      at tryStoreList (src/scripts/storage.js:5521:20)
      at createStorageMigrationBackup (src/scripts/storage.js:5239:3)
      at ensurePreWriteMigrationBackup (src/scripts/storage.js:14567:3)
      at saveFullBackupHistory (src/scripts/storage.js:14593:3)
      at Object.recordFullBackupHistoryEntry (tests/unit/storage.test.js:3392:7)

  console.log
    DEBUG: getSafeLocalStorage returning object

      at Proxy.apply (src/scripts/modules/base.js:92:26)

  console.warn
    MOCK SET: cameraPowerPlanner_fullBackups = [{"createdAt":"2024-01-01T00:00:00Z-0"},{"createdA

      61 |       return undefined;
      62 |     }
    > 63 |     return originalFn(...args);
         |            ^
      64 |   };
      65 | };
      66 |

      at console.<anonymous> (tests/setup/jest.setup.cjs:63:12)
      at console.apply [as warn] (src/scripts/modules/base.js:92:26)
      at Proxy.apply (src/scripts/modules/base.js:92:26)
      at Proxy.apply (src/scripts/modules/base.js:92:26)
      at Proxy.apply (src/scripts/modules/base.js:92:26)
      at Object.warn (tests/unit/storage.test.js:11:15)
      at setItem (src/scripts/storage.js:8463:17)
      at saveJSONToStorage (src/scripts/storage.js:14568:3)
      at saveFullBackupHistory (src/scripts/storage.js:14593:3)
      at Object.recordFullBackupHistoryEntry (tests/unit/storage.test.js:3392:7)

  console.warn
    MOCK SET: cameraPowerPlanner_fullBackups__backup = [{"createdAt":"2024-01-01T00:00:00Z-0"},{"createdA

      61 |       return undefined;
      62 |     }
    > 63 |     return originalFn(...args);
         |            ^
      64 |   };
      65 | };
      66 |

      at console.<anonymous> (tests/setup/jest.setup.cjs:63:12)
      at console.apply [as warn] (src/scripts/modules/base.js:92:26)
      at Proxy.apply (src/scripts/modules/base.js:92:26)
      at Proxy.apply (src/scripts/modules/base.js:92:26)
      at Proxy.apply (src/scripts/modules/base.js:92:26)
      at Object.warn (tests/unit/storage.test.js:11:15)
      at setItem (src/scripts/storage.js:8524:19)
      at tryStoreCandidate (src/scripts/storage.js:8540:13)
      at attemptBackupWrite (src/scripts/storage.js:8617:26)
      at saveJSONToStorage (src/scripts/storage.js:14568:3)
      at saveFullBackupHistory (src/scripts/storage.js:14593:3)
      at Object.recordFullBackupHistoryEntry (tests/unit/storage.test.js:3392:7)

  console.log
    DEBUG: getSafeLocalStorage returning object

      at Proxy.apply (src/scripts/modules/base.js:92:26)

  console.warn
    MOCK SET: cameraPowerPlanner_fullBackups__legacyMigrationBackup = [{"createdAt":"2026-01-16T20:14:37.889Z","data":[{

      61 |       return undefined;
      62 |     }
    > 63 |     return originalFn(...args);
         |            ^
      64 |   };
      65 | };
      66 |

      at console.<anonymous> (tests/setup/jest.setup.cjs:63:12)
      at console.apply [as warn] (src/scripts/modules/base.js:92:26)
      at Proxy.apply (src/scripts/modules/base.js:92:26)
      at Proxy.apply (src/scripts/modules/base.js:92:26)
      at Proxy.apply (src/scripts/modules/base.js:92:26)
      at Object.warn (tests/unit/storage.test.js:11:15)
      at setItem (src/scripts/storage.js:5514:19)
      at tryStoreList (src/scripts/storage.js:5521:20)
      at createStorageMigrationBackup (src/scripts/storage.js:5239:3)
      at ensurePreWriteMigrationBackup (src/scripts/storage.js:14567:3)
      at saveFullBackupHistory (src/scripts/storage.js:14593:3)
      at Object.recordFullBackupHistoryEntry (tests/unit/storage.test.js:3392:7)

  console.log
    DEBUG: getSafeLocalStorage returning object

      at Proxy.apply (src/scripts/modules/base.js:92:26)

  console.warn
    MOCK SET: cameraPowerPlanner_fullBackups = [{"createdAt":"2024-01-01T00:00:00Z-0"},{"createdA

      61 |       return undefined;
      62 |     }
    > 63 |     return originalFn(...args);
         |            ^
      64 |   };
      65 | };
      66 |

      at console.<anonymous> (tests/setup/jest.setup.cjs:63:12)
      at console.apply [as warn] (src/scripts/modules/base.js:92:26)
      at Proxy.apply (src/scripts/modules/base.js:92:26)
      at Proxy.apply (src/scripts/modules/base.js:92:26)
      at Proxy.apply (src/scripts/modules/base.js:92:26)
      at Object.warn (tests/unit/storage.test.js:11:15)
      at setItem (src/scripts/storage.js:8463:17)
      at saveJSONToStorage (src/scripts/storage.js:14568:3)
      at saveFullBackupHistory (src/scripts/storage.js:14593:3)
      at Object.recordFullBackupHistoryEntry (tests/unit/storage.test.js:3392:7)

  console.warn
    MOCK SET: cameraPowerPlanner_fullBackups__backup = [{"createdAt":"2024-01-01T00:00:00Z-0"},{"createdA

      61 |       return undefined;
      62 |     }
    > 63 |     return originalFn(...args);
         |            ^
      64 |   };
      65 | };
      66 |

      at console.<anonymous> (tests/setup/jest.setup.cjs:63:12)
      at console.apply [as warn] (src/scripts/modules/base.js:92:26)
      at Proxy.apply (src/scripts/modules/base.js:92:26)
      at Proxy.apply (src/scripts/modules/base.js:92:26)
      at Proxy.apply (src/scripts/modules/base.js:92:26)
      at Object.warn (tests/unit/storage.test.js:11:15)
      at setItem (src/scripts/storage.js:8524:19)
      at tryStoreCandidate (src/scripts/storage.js:8540:13)
      at attemptBackupWrite (src/scripts/storage.js:8617:26)
      at saveJSONToStorage (src/scripts/storage.js:14568:3)
      at saveFullBackupHistory (src/scripts/storage.js:14593:3)
      at Object.recordFullBackupHistoryEntry (tests/unit/storage.test.js:3392:7)

  console.log
    DEBUG: getSafeLocalStorage returning object

      at Proxy.apply (src/scripts/modules/base.js:92:26)

  console.warn
    MOCK SET: cameraPowerPlanner_fullBackups__legacyMigrationBackup = [{"createdAt":"2026-01-16T20:14:37.891Z","data":[{

      61 |       return undefined;
      62 |     }
    > 63 |     return originalFn(...args);
         |            ^
      64 |   };
      65 | };
      66 |

      at console.<anonymous> (tests/setup/jest.setup.cjs:63:12)
      at console.apply [as warn] (src/scripts/modules/base.js:92:26)
      at Proxy.apply (src/scripts/modules/base.js:92:26)
      at Proxy.apply (src/scripts/modules/base.js:92:26)
      at Proxy.apply (src/scripts/modules/base.js:92:26)
      at Object.warn (tests/unit/storage.test.js:11:15)
      at setItem (src/scripts/storage.js:5514:19)
      at tryStoreList (src/scripts/storage.js:5521:20)
      at createStorageMigrationBackup (src/scripts/storage.js:5239:3)
      at ensurePreWriteMigrationBackup (src/scripts/storage.js:14567:3)
      at saveFullBackupHistory (src/scripts/storage.js:14593:3)
      at Object.recordFullBackupHistoryEntry (tests/unit/storage.test.js:3392:7)

  console.log
    DEBUG: getSafeLocalStorage returning object

      at Proxy.apply (src/scripts/modules/base.js:92:26)

  console.warn
    MOCK SET: cameraPowerPlanner_fullBackups = [{"createdAt":"2024-01-01T00:00:00Z-0"},{"createdA

      61 |       return undefined;
      62 |     }
    > 63 |     return originalFn(...args);
         |            ^
      64 |   };
      65 | };
      66 |

      at console.<anonymous> (tests/setup/jest.setup.cjs:63:12)
      at console.apply [as warn] (src/scripts/modules/base.js:92:26)
      at Proxy.apply (src/scripts/modules/base.js:92:26)
      at Proxy.apply (src/scripts/modules/base.js:92:26)
      at Proxy.apply (src/scripts/modules/base.js:92:26)
      at Object.warn (tests/unit/storage.test.js:11:15)
      at setItem (src/scripts/storage.js:8463:17)
      at saveJSONToStorage (src/scripts/storage.js:14568:3)
      at saveFullBackupHistory (src/scripts/storage.js:14593:3)
      at Object.recordFullBackupHistoryEntry (tests/unit/storage.test.js:3392:7)

  console.warn
    MOCK SET: cameraPowerPlanner_fullBackups__backup = [{"createdAt":"2024-01-01T00:00:00Z-0"},{"createdA

      61 |       return undefined;
      62 |     }
    > 63 |     return originalFn(...args);
         |            ^
      64 |   };
      65 | };
      66 |

      at console.<anonymous> (tests/setup/jest.setup.cjs:63:12)
      at console.apply [as warn] (src/scripts/modules/base.js:92:26)
      at Proxy.apply (src/scripts/modules/base.js:92:26)
      at Proxy.apply (src/scripts/modules/base.js:92:26)
      at Proxy.apply (src/scripts/modules/base.js:92:26)
      at Object.warn (tests/unit/storage.test.js:11:15)
      at setItem (src/scripts/storage.js:8524:19)
      at tryStoreCandidate (src/scripts/storage.js:8540:13)
      at attemptBackupWrite (src/scripts/storage.js:8617:26)
      at saveJSONToStorage (src/scripts/storage.js:14568:3)
      at saveFullBackupHistory (src/scripts/storage.js:14593:3)
      at Object.recordFullBackupHistoryEntry (tests/unit/storage.test.js:3392:7)

  console.log
    DEBUG: getSafeLocalStorage returning object

      at Proxy.apply (src/scripts/modules/base.js:92:26)

  console.warn
    MOCK SET: cameraPowerPlanner_fullBackups__legacyMigrationBackup = [{"createdAt":"2026-01-16T20:14:37.894Z","data":[{

      61 |       return undefined;
      62 |     }
    > 63 |     return originalFn(...args);
         |            ^
      64 |   };
      65 | };
      66 |

      at console.<anonymous> (tests/setup/jest.setup.cjs:63:12)
      at console.apply [as warn] (src/scripts/modules/base.js:92:26)
      at Proxy.apply (src/scripts/modules/base.js:92:26)
      at Proxy.apply (src/scripts/modules/base.js:92:26)
      at Proxy.apply (src/scripts/modules/base.js:92:26)
      at Object.warn (tests/unit/storage.test.js:11:15)
      at setItem (src/scripts/storage.js:5514:19)
      at tryStoreList (src/scripts/storage.js:5521:20)
      at createStorageMigrationBackup (src/scripts/storage.js:5239:3)
      at ensurePreWriteMigrationBackup (src/scripts/storage.js:14567:3)
      at saveFullBackupHistory (src/scripts/storage.js:14593:3)
      at Object.recordFullBackupHistoryEntry (tests/unit/storage.test.js:3392:7)

  console.log
    DEBUG: getSafeLocalStorage returning object

      at Proxy.apply (src/scripts/modules/base.js:92:26)

  console.warn
    MOCK SET: cameraPowerPlanner_fullBackups = [{"createdAt":"2024-01-01T00:00:00Z-0"},{"createdA

      61 |       return undefined;
      62 |     }
    > 63 |     return originalFn(...args);
         |            ^
      64 |   };
      65 | };
      66 |

      at console.<anonymous> (tests/setup/jest.setup.cjs:63:12)
      at console.apply [as warn] (src/scripts/modules/base.js:92:26)
      at Proxy.apply (src/scripts/modules/base.js:92:26)
      at Proxy.apply (src/scripts/modules/base.js:92:26)
      at Proxy.apply (src/scripts/modules/base.js:92:26)
      at Object.warn (tests/unit/storage.test.js:11:15)
      at setItem (src/scripts/storage.js:8463:17)
      at saveJSONToStorage (src/scripts/storage.js:14568:3)
      at saveFullBackupHistory (src/scripts/storage.js:14593:3)
      at Object.recordFullBackupHistoryEntry (tests/unit/storage.test.js:3392:7)

  console.warn
    MOCK SET: cameraPowerPlanner_fullBackups__backup = [{"createdAt":"2024-01-01T00:00:00Z-0"},{"createdA

      61 |       return undefined;
      62 |     }
    > 63 |     return originalFn(...args);
         |            ^
      64 |   };
      65 | };
      66 |

      at console.<anonymous> (tests/setup/jest.setup.cjs:63:12)
      at console.apply [as warn] (src/scripts/modules/base.js:92:26)
      at Proxy.apply (src/scripts/modules/base.js:92:26)
      at Proxy.apply (src/scripts/modules/base.js:92:26)
      at Proxy.apply (src/scripts/modules/base.js:92:26)
      at Object.warn (tests/unit/storage.test.js:11:15)
      at setItem (src/scripts/storage.js:8524:19)
      at tryStoreCandidate (src/scripts/storage.js:8540:13)
      at attemptBackupWrite (src/scripts/storage.js:8617:26)
      at saveJSONToStorage (src/scripts/storage.js:14568:3)
      at saveFullBackupHistory (src/scripts/storage.js:14593:3)
      at Object.recordFullBackupHistoryEntry (tests/unit/storage.test.js:3392:7)

  console.log
    DEBUG: getSafeLocalStorage returning object

      at Proxy.apply (src/scripts/modules/base.js:92:26)

  console.warn
    MOCK SET: cameraPowerPlanner_fullBackups__legacyMigrationBackup = [{"createdAt":"2026-01-16T20:14:37.897Z","data":[{

      61 |       return undefined;
      62 |     }
    > 63 |     return originalFn(...args);
         |            ^
      64 |   };
      65 | };
      66 |

      at console.<anonymous> (tests/setup/jest.setup.cjs:63:12)
      at console.apply [as warn] (src/scripts/modules/base.js:92:26)
      at Proxy.apply (src/scripts/modules/base.js:92:26)
      at Proxy.apply (src/scripts/modules/base.js:92:26)
      at Proxy.apply (src/scripts/modules/base.js:92:26)
      at Object.warn (tests/unit/storage.test.js:11:15)
      at setItem (src/scripts/storage.js:5514:19)
      at tryStoreList (src/scripts/storage.js:5521:20)
      at createStorageMigrationBackup (src/scripts/storage.js:5239:3)
      at ensurePreWriteMigrationBackup (src/scripts/storage.js:14567:3)
      at saveFullBackupHistory (src/scripts/storage.js:14593:3)
      at Object.recordFullBackupHistoryEntry (tests/unit/storage.test.js:3392:7)

  console.log
    DEBUG: getSafeLocalStorage returning object

      at Proxy.apply (src/scripts/modules/base.js:92:26)

  console.warn
    MOCK SET: cameraPowerPlanner_fullBackups = [{"createdAt":"2024-01-01T00:00:00Z-0"},{"createdA

      61 |       return undefined;
      62 |     }
    > 63 |     return originalFn(...args);
         |            ^
      64 |   };
      65 | };
      66 |

      at console.<anonymous> (tests/setup/jest.setup.cjs:63:12)
      at console.apply [as warn] (src/scripts/modules/base.js:92:26)
      at Proxy.apply (src/scripts/modules/base.js:92:26)
      at Proxy.apply (src/scripts/modules/base.js:92:26)
      at Proxy.apply (src/scripts/modules/base.js:92:26)
      at Object.warn (tests/unit/storage.test.js:11:15)
      at setItem (src/scripts/storage.js:8463:17)
      at saveJSONToStorage (src/scripts/storage.js:14568:3)
      at saveFullBackupHistory (src/scripts/storage.js:14593:3)
      at Object.recordFullBackupHistoryEntry (tests/unit/storage.test.js:3392:7)

  console.warn
    MOCK SET: cameraPowerPlanner_fullBackups__backup = [{"createdAt":"2024-01-01T00:00:00Z-0"},{"createdA

      61 |       return undefined;
      62 |     }
    > 63 |     return originalFn(...args);
         |            ^
      64 |   };
      65 | };
      66 |

      at console.<anonymous> (tests/setup/jest.setup.cjs:63:12)
      at console.apply [as warn] (src/scripts/modules/base.js:92:26)
      at Proxy.apply (src/scripts/modules/base.js:92:26)
      at Proxy.apply (src/scripts/modules/base.js:92:26)
      at Proxy.apply (src/scripts/modules/base.js:92:26)
      at Object.warn (tests/unit/storage.test.js:11:15)
      at setItem (src/scripts/storage.js:8524:19)
      at tryStoreCandidate (src/scripts/storage.js:8540:13)
      at attemptBackupWrite (src/scripts/storage.js:8617:26)
      at saveJSONToStorage (src/scripts/storage.js:14568:3)
      at saveFullBackupHistory (src/scripts/storage.js:14593:3)
      at Object.recordFullBackupHistoryEntry (tests/unit/storage.test.js:3392:7)

  console.log
    DEBUG: getSafeLocalStorage returning object

      at Proxy.apply (src/scripts/modules/base.js:92:26)

  console.warn
    MOCK SET: cameraPowerPlanner_fullBackups__legacyMigrationBackup = [{"createdAt":"2026-01-16T20:14:37.900Z","data":[{

      61 |       return undefined;
      62 |     }
    > 63 |     return originalFn(...args);
         |            ^
      64 |   };
      65 | };
      66 |

      at console.<anonymous> (tests/setup/jest.setup.cjs:63:12)
      at console.apply [as warn] (src/scripts/modules/base.js:92:26)
      at Proxy.apply (src/scripts/modules/base.js:92:26)
      at Proxy.apply (src/scripts/modules/base.js:92:26)
      at Proxy.apply (src/scripts/modules/base.js:92:26)
      at Object.warn (tests/unit/storage.test.js:11:15)
      at setItem (src/scripts/storage.js:5514:19)
      at tryStoreList (src/scripts/storage.js:5521:20)
      at createStorageMigrationBackup (src/scripts/storage.js:5239:3)
      at ensurePreWriteMigrationBackup (src/scripts/storage.js:14567:3)
      at saveFullBackupHistory (src/scripts/storage.js:14593:3)
      at Object.recordFullBackupHistoryEntry (tests/unit/storage.test.js:3392:7)

  console.log
    DEBUG: getSafeLocalStorage returning object

      at Proxy.apply (src/scripts/modules/base.js:92:26)

  console.warn
    MOCK SET: cameraPowerPlanner_fullBackups = [{"createdAt":"2024-01-01T00:00:00Z-0"},{"createdA

      61 |       return undefined;
      62 |     }
    > 63 |     return originalFn(...args);
         |            ^
      64 |   };
      65 | };
      66 |

      at console.<anonymous> (tests/setup/jest.setup.cjs:63:12)
      at console.apply [as warn] (src/scripts/modules/base.js:92:26)
      at Proxy.apply (src/scripts/modules/base.js:92:26)
      at Proxy.apply (src/scripts/modules/base.js:92:26)
      at Proxy.apply (src/scripts/modules/base.js:92:26)
      at Object.warn (tests/unit/storage.test.js:11:15)
      at setItem (src/scripts/storage.js:8463:17)
      at saveJSONToStorage (src/scripts/storage.js:14568:3)
      at saveFullBackupHistory (src/scripts/storage.js:14593:3)
      at Object.recordFullBackupHistoryEntry (tests/unit/storage.test.js:3392:7)

  console.warn
    MOCK SET: cameraPowerPlanner_fullBackups__backup = [{"createdAt":"2024-01-01T00:00:00Z-0"},{"createdA

      61 |       return undefined;
      62 |     }
    > 63 |     return originalFn(...args);
         |            ^
      64 |   };
      65 | };
      66 |

      at console.<anonymous> (tests/setup/jest.setup.cjs:63:12)
      at console.apply [as warn] (src/scripts/modules/base.js:92:26)
      at Proxy.apply (src/scripts/modules/base.js:92:26)
      at Proxy.apply (src/scripts/modules/base.js:92:26)
      at Proxy.apply (src/scripts/modules/base.js:92:26)
      at Object.warn (tests/unit/storage.test.js:11:15)
      at setItem (src/scripts/storage.js:8524:19)
      at tryStoreCandidate (src/scripts/storage.js:8540:13)
      at attemptBackupWrite (src/scripts/storage.js:8617:26)
      at saveJSONToStorage (src/scripts/storage.js:14568:3)
      at saveFullBackupHistory (src/scripts/storage.js:14593:3)
      at Object.recordFullBackupHistoryEntry (tests/unit/storage.test.js:3392:7)

  console.log
    DEBUG: getSafeLocalStorage returning object

      at Proxy.apply (src/scripts/modules/base.js:92:26)

  console.warn
    MOCK SET: cameraPowerPlanner_fullBackups__legacyMigrationBackup = [{"createdAt":"2026-01-16T20:14:37.903Z","data":[{

      61 |       return undefined;
      62 |     }
    > 63 |     return originalFn(...args);
         |            ^
      64 |   };
      65 | };
      66 |

      at console.<anonymous> (tests/setup/jest.setup.cjs:63:12)
      at console.apply [as warn] (src/scripts/modules/base.js:92:26)
      at Proxy.apply (src/scripts/modules/base.js:92:26)
      at Proxy.apply (src/scripts/modules/base.js:92:26)
      at Proxy.apply (src/scripts/modules/base.js:92:26)
      at Object.warn (tests/unit/storage.test.js:11:15)
      at setItem (src/scripts/storage.js:5514:19)
      at tryStoreList (src/scripts/storage.js:5521:20)
      at createStorageMigrationBackup (src/scripts/storage.js:5239:3)
      at ensurePreWriteMigrationBackup (src/scripts/storage.js:14567:3)
      at saveFullBackupHistory (src/scripts/storage.js:14593:3)
      at Object.recordFullBackupHistoryEntry (tests/unit/storage.test.js:3392:7)

  console.log
    DEBUG: getSafeLocalStorage returning object

      at Proxy.apply (src/scripts/modules/base.js:92:26)

  console.warn
    MOCK SET: cameraPowerPlanner_fullBackups = [{"createdAt":"2024-01-01T00:00:00Z-0"},{"createdA

      61 |       return undefined;
      62 |     }
    > 63 |     return originalFn(...args);
         |            ^
      64 |   };
      65 | };
      66 |

      at console.<anonymous> (tests/setup/jest.setup.cjs:63:12)
      at console.apply [as warn] (src/scripts/modules/base.js:92:26)
      at Proxy.apply (src/scripts/modules/base.js:92:26)
      at Proxy.apply (src/scripts/modules/base.js:92:26)
      at Proxy.apply (src/scripts/modules/base.js:92:26)
      at Object.warn (tests/unit/storage.test.js:11:15)
      at setItem (src/scripts/storage.js:8463:17)
      at saveJSONToStorage (src/scripts/storage.js:14568:3)
      at saveFullBackupHistory (src/scripts/storage.js:14593:3)
      at Object.recordFullBackupHistoryEntry (tests/unit/storage.test.js:3392:7)

  console.warn
    MOCK SET: cameraPowerPlanner_fullBackups__backup = [{"createdAt":"2024-01-01T00:00:00Z-0"},{"createdA

      61 |       return undefined;
      62 |     }
    > 63 |     return originalFn(...args);
         |            ^
      64 |   };
      65 | };
      66 |

      at console.<anonymous> (tests/setup/jest.setup.cjs:63:12)
      at console.apply [as warn] (src/scripts/modules/base.js:92:26)
      at Proxy.apply (src/scripts/modules/base.js:92:26)
      at Proxy.apply (src/scripts/modules/base.js:92:26)
      at Proxy.apply (src/scripts/modules/base.js:92:26)
      at Object.warn (tests/unit/storage.test.js:11:15)
      at setItem (src/scripts/storage.js:8524:19)
      at tryStoreCandidate (src/scripts/storage.js:8540:13)
      at attemptBackupWrite (src/scripts/storage.js:8617:26)
      at saveJSONToStorage (src/scripts/storage.js:14568:3)
      at saveFullBackupHistory (src/scripts/storage.js:14593:3)
      at Object.recordFullBackupHistoryEntry (tests/unit/storage.test.js:3392:7)

  console.log
    DEBUG: getSafeLocalStorage returning object

      at Proxy.apply (src/scripts/modules/base.js:92:26)

  console.warn
    MOCK SET: cameraPowerPlanner_fullBackups__legacyMigrationBackup = [{"createdAt":"2026-01-16T20:14:37.907Z","data":[{

      61 |       return undefined;
      62 |     }
    > 63 |     return originalFn(...args);
         |            ^
      64 |   };
      65 | };
      66 |

      at console.<anonymous> (tests/setup/jest.setup.cjs:63:12)
      at console.apply [as warn] (src/scripts/modules/base.js:92:26)
      at Proxy.apply (src/scripts/modules/base.js:92:26)
      at Proxy.apply (src/scripts/modules/base.js:92:26)
      at Proxy.apply (src/scripts/modules/base.js:92:26)
      at Object.warn (tests/unit/storage.test.js:11:15)
      at setItem (src/scripts/storage.js:5514:19)
      at tryStoreList (src/scripts/storage.js:5521:20)
      at createStorageMigrationBackup (src/scripts/storage.js:5239:3)
      at ensurePreWriteMigrationBackup (src/scripts/storage.js:14567:3)
      at saveFullBackupHistory (src/scripts/storage.js:14593:3)
      at Object.recordFullBackupHistoryEntry (tests/unit/storage.test.js:3392:7)

  console.log
    DEBUG: getSafeLocalStorage returning object

      at Proxy.apply (src/scripts/modules/base.js:92:26)

  console.warn
    MOCK SET: cameraPowerPlanner_fullBackups = [{"createdAt":"2024-01-01T00:00:00Z-0"},{"createdA

      61 |       return undefined;
      62 |     }
    > 63 |     return originalFn(...args);
         |            ^
      64 |   };
      65 | };
      66 |

      at console.<anonymous> (tests/setup/jest.setup.cjs:63:12)
      at console.apply [as warn] (src/scripts/modules/base.js:92:26)
      at Proxy.apply (src/scripts/modules/base.js:92:26)
      at Proxy.apply (src/scripts/modules/base.js:92:26)
      at Proxy.apply (src/scripts/modules/base.js:92:26)
      at Object.warn (tests/unit/storage.test.js:11:15)
      at setItem (src/scripts/storage.js:8463:17)
      at saveJSONToStorage (src/scripts/storage.js:14568:3)
      at saveFullBackupHistory (src/scripts/storage.js:14593:3)
      at Object.recordFullBackupHistoryEntry (tests/unit/storage.test.js:3392:7)

  console.warn
    MOCK SET: cameraPowerPlanner_fullBackups__backup = [{"createdAt":"2024-01-01T00:00:00Z-0"},{"createdA

      61 |       return undefined;
      62 |     }
    > 63 |     return originalFn(...args);
         |            ^
      64 |   };
      65 | };
      66 |

      at console.<anonymous> (tests/setup/jest.setup.cjs:63:12)
      at console.apply [as warn] (src/scripts/modules/base.js:92:26)
      at Proxy.apply (src/scripts/modules/base.js:92:26)
      at Proxy.apply (src/scripts/modules/base.js:92:26)
      at Proxy.apply (src/scripts/modules/base.js:92:26)
      at Object.warn (tests/unit/storage.test.js:11:15)
      at setItem (src/scripts/storage.js:8524:19)
      at tryStoreCandidate (src/scripts/storage.js:8540:13)
      at attemptBackupWrite (src/scripts/storage.js:8617:26)
      at saveJSONToStorage (src/scripts/storage.js:14568:3)
      at saveFullBackupHistory (src/scripts/storage.js:14593:3)
      at Object.recordFullBackupHistoryEntry (tests/unit/storage.test.js:3392:7)

  console.log
    DEBUG: getSafeLocalStorage returning object

      at Proxy.apply (src/scripts/modules/base.js:92:26)

  console.warn
    MOCK SET: cameraPowerPlanner_fullBackups__legacyMigrationBackup = [{"createdAt":"2026-01-16T20:14:37.910Z","data":[{

      61 |       return undefined;
      62 |     }
    > 63 |     return originalFn(...args);
         |            ^
      64 |   };
      65 | };
      66 |

      at console.<anonymous> (tests/setup/jest.setup.cjs:63:12)
      at console.apply [as warn] (src/scripts/modules/base.js:92:26)
      at Proxy.apply (src/scripts/modules/base.js:92:26)
      at Proxy.apply (src/scripts/modules/base.js:92:26)
      at Proxy.apply (src/scripts/modules/base.js:92:26)
      at Object.warn (tests/unit/storage.test.js:11:15)
      at setItem (src/scripts/storage.js:5514:19)
      at tryStoreList (src/scripts/storage.js:5521:20)
      at createStorageMigrationBackup (src/scripts/storage.js:5239:3)
      at ensurePreWriteMigrationBackup (src/scripts/storage.js:14567:3)
      at saveFullBackupHistory (src/scripts/storage.js:14593:3)
      at Object.recordFullBackupHistoryEntry (tests/unit/storage.test.js:3392:7)

  console.log
    DEBUG: getSafeLocalStorage returning object

      at Proxy.apply (src/scripts/modules/base.js:92:26)

  console.warn
    MOCK SET: cameraPowerPlanner_fullBackups = [{"createdAt":"2024-01-01T00:00:00Z-0"},{"createdA

      61 |       return undefined;
      62 |     }
    > 63 |     return originalFn(...args);
         |            ^
      64 |   };
      65 | };
      66 |

      at console.<anonymous> (tests/setup/jest.setup.cjs:63:12)
      at console.apply [as warn] (src/scripts/modules/base.js:92:26)
      at Proxy.apply (src/scripts/modules/base.js:92:26)
      at Proxy.apply (src/scripts/modules/base.js:92:26)
      at Proxy.apply (src/scripts/modules/base.js:92:26)
      at Object.warn (tests/unit/storage.test.js:11:15)
      at setItem (src/scripts/storage.js:8463:17)
      at saveJSONToStorage (src/scripts/storage.js:14568:3)
      at saveFullBackupHistory (src/scripts/storage.js:14593:3)
      at Object.recordFullBackupHistoryEntry (tests/unit/storage.test.js:3392:7)

  console.warn
    MOCK SET: cameraPowerPlanner_fullBackups__backup = [{"createdAt":"2024-01-01T00:00:00Z-0"},{"createdA

      61 |       return undefined;
      62 |     }
    > 63 |     return originalFn(...args);
         |            ^
      64 |   };
      65 | };
      66 |

      at console.<anonymous> (tests/setup/jest.setup.cjs:63:12)
      at console.apply [as warn] (src/scripts/modules/base.js:92:26)
      at Proxy.apply (src/scripts/modules/base.js:92:26)
      at Proxy.apply (src/scripts/modules/base.js:92:26)
      at Proxy.apply (src/scripts/modules/base.js:92:26)
      at Object.warn (tests/unit/storage.test.js:11:15)
      at setItem (src/scripts/storage.js:8524:19)
      at tryStoreCandidate (src/scripts/storage.js:8540:13)
      at attemptBackupWrite (src/scripts/storage.js:8617:26)
      at saveJSONToStorage (src/scripts/storage.js:14568:3)
      at saveFullBackupHistory (src/scripts/storage.js:14593:3)
      at Object.recordFullBackupHistoryEntry (tests/unit/storage.test.js:3392:7)

  console.log
    DEBUG: getSafeLocalStorage returning object

      at Proxy.apply (src/scripts/modules/base.js:92:26)

  console.warn
    MOCK SET: cameraPowerPlanner_fullBackups__legacyMigrationBackup = [{"createdAt":"2026-01-16T20:14:37.913Z","data":[{

      61 |       return undefined;
      62 |     }
    > 63 |     return originalFn(...args);
         |            ^
      64 |   };
      65 | };
      66 |

      at console.<anonymous> (tests/setup/jest.setup.cjs:63:12)
      at console.apply [as warn] (src/scripts/modules/base.js:92:26)
      at Proxy.apply (src/scripts/modules/base.js:92:26)
      at Proxy.apply (src/scripts/modules/base.js:92:26)
      at Proxy.apply (src/scripts/modules/base.js:92:26)
      at Object.warn (tests/unit/storage.test.js:11:15)
      at setItem (src/scripts/storage.js:5514:19)
      at tryStoreList (src/scripts/storage.js:5521:20)
      at createStorageMigrationBackup (src/scripts/storage.js:5239:3)
      at ensurePreWriteMigrationBackup (src/scripts/storage.js:14567:3)
      at saveFullBackupHistory (src/scripts/storage.js:14593:3)
      at Object.recordFullBackupHistoryEntry (tests/unit/storage.test.js:3392:7)

  console.log
    DEBUG: getSafeLocalStorage returning object

      at Proxy.apply (src/scripts/modules/base.js:92:26)

  console.warn
    MOCK SET: cameraPowerPlanner_fullBackups = [{"createdAt":"2024-01-01T00:00:00Z-0"},{"createdA

      61 |       return undefined;
      62 |     }
    > 63 |     return originalFn(...args);
         |            ^
      64 |   };
      65 | };
      66 |

      at console.<anonymous> (tests/setup/jest.setup.cjs:63:12)
      at console.apply [as warn] (src/scripts/modules/base.js:92:26)
      at Proxy.apply (src/scripts/modules/base.js:92:26)
      at Proxy.apply (src/scripts/modules/base.js:92:26)
      at Proxy.apply (src/scripts/modules/base.js:92:26)
      at Object.warn (tests/unit/storage.test.js:11:15)
      at setItem (src/scripts/storage.js:8463:17)
      at saveJSONToStorage (src/scripts/storage.js:14568:3)
      at saveFullBackupHistory (src/scripts/storage.js:14593:3)
      at Object.recordFullBackupHistoryEntry (tests/unit/storage.test.js:3392:7)

  console.warn
    MOCK SET: cameraPowerPlanner_fullBackups__backup = [{"createdAt":"2024-01-01T00:00:00Z-0"},{"createdA

      61 |       return undefined;
      62 |     }
    > 63 |     return originalFn(...args);
         |            ^
      64 |   };
      65 | };
      66 |

      at console.<anonymous> (tests/setup/jest.setup.cjs:63:12)
      at console.apply [as warn] (src/scripts/modules/base.js:92:26)
      at Proxy.apply (src/scripts/modules/base.js:92:26)
      at Proxy.apply (src/scripts/modules/base.js:92:26)
      at Proxy.apply (src/scripts/modules/base.js:92:26)
      at Object.warn (tests/unit/storage.test.js:11:15)
      at setItem (src/scripts/storage.js:8524:19)
      at tryStoreCandidate (src/scripts/storage.js:8540:13)
      at attemptBackupWrite (src/scripts/storage.js:8617:26)
      at saveJSONToStorage (src/scripts/storage.js:14568:3)
      at saveFullBackupHistory (src/scripts/storage.js:14593:3)
      at Object.recordFullBackupHistoryEntry (tests/unit/storage.test.js:3392:7)

  console.log
    DEBUG: getSafeLocalStorage returning object

      at Proxy.apply (src/scripts/modules/base.js:92:26)

  console.warn
    MOCK SET: cameraPowerPlanner_fullBackups__legacyMigrationBackup = [{"createdAt":"2026-01-16T20:14:37.916Z","data":[{

      61 |       return undefined;
      62 |     }
    > 63 |     return originalFn(...args);
         |            ^
      64 |   };
      65 | };
      66 |

      at console.<anonymous> (tests/setup/jest.setup.cjs:63:12)
      at console.apply [as warn] (src/scripts/modules/base.js:92:26)
      at Proxy.apply (src/scripts/modules/base.js:92:26)
      at Proxy.apply (src/scripts/modules/base.js:92:26)
      at Proxy.apply (src/scripts/modules/base.js:92:26)
      at Object.warn (tests/unit/storage.test.js:11:15)
      at setItem (src/scripts/storage.js:5514:19)
      at tryStoreList (src/scripts/storage.js:5521:20)
      at createStorageMigrationBackup (src/scripts/storage.js:5239:3)
      at ensurePreWriteMigrationBackup (src/scripts/storage.js:14567:3)
      at saveFullBackupHistory (src/scripts/storage.js:14593:3)
      at Object.recordFullBackupHistoryEntry (tests/unit/storage.test.js:3392:7)

  console.log
    DEBUG: getSafeLocalStorage returning object

      at Proxy.apply (src/scripts/modules/base.js:92:26)

  console.warn
    MOCK SET: cameraPowerPlanner_fullBackups = [{"createdAt":"2024-01-01T00:00:00Z-0"},{"createdA

      61 |       return undefined;
      62 |     }
    > 63 |     return originalFn(...args);
         |            ^
      64 |   };
      65 | };
      66 |

      at console.<anonymous> (tests/setup/jest.setup.cjs:63:12)
      at console.apply [as warn] (src/scripts/modules/base.js:92:26)
      at Proxy.apply (src/scripts/modules/base.js:92:26)
      at Proxy.apply (src/scripts/modules/base.js:92:26)
      at Proxy.apply (src/scripts/modules/base.js:92:26)
      at Object.warn (tests/unit/storage.test.js:11:15)
      at setItem (src/scripts/storage.js:8463:17)
      at saveJSONToStorage (src/scripts/storage.js:14568:3)
      at saveFullBackupHistory (src/scripts/storage.js:14593:3)
      at Object.recordFullBackupHistoryEntry (tests/unit/storage.test.js:3392:7)

  console.warn
    MOCK SET: cameraPowerPlanner_fullBackups__backup = [{"createdAt":"2024-01-01T00:00:00Z-0"},{"createdA

      61 |       return undefined;
      62 |     }
    > 63 |     return originalFn(...args);
         |            ^
      64 |   };
      65 | };
      66 |

      at console.<anonymous> (tests/setup/jest.setup.cjs:63:12)
      at console.apply [as warn] (src/scripts/modules/base.js:92:26)
      at Proxy.apply (src/scripts/modules/base.js:92:26)
      at Proxy.apply (src/scripts/modules/base.js:92:26)
      at Proxy.apply (src/scripts/modules/base.js:92:26)
      at Object.warn (tests/unit/storage.test.js:11:15)
      at setItem (src/scripts/storage.js:8524:19)
      at tryStoreCandidate (src/scripts/storage.js:8540:13)
      at attemptBackupWrite (src/scripts/storage.js:8617:26)
      at saveJSONToStorage (src/scripts/storage.js:14568:3)
      at saveFullBackupHistory (src/scripts/storage.js:14593:3)
      at Object.recordFullBackupHistoryEntry (tests/unit/storage.test.js:3392:7)

  console.log
    DEBUG: getSafeLocalStorage returning object

      at Proxy.apply (src/scripts/modules/base.js:92:26)

  console.warn
    MOCK SET: cameraPowerPlanner_fullBackups__legacyMigrationBackup = [{"createdAt":"2026-01-16T20:14:37.919Z","data":[{

      61 |       return undefined;
      62 |     }
    > 63 |     return originalFn(...args);
         |            ^
      64 |   };
      65 | };
      66 |

      at console.<anonymous> (tests/setup/jest.setup.cjs:63:12)
      at console.apply [as warn] (src/scripts/modules/base.js:92:26)
      at Proxy.apply (src/scripts/modules/base.js:92:26)
      at Proxy.apply (src/scripts/modules/base.js:92:26)
      at Proxy.apply (src/scripts/modules/base.js:92:26)
      at Object.warn (tests/unit/storage.test.js:11:15)
      at setItem (src/scripts/storage.js:5514:19)
      at tryStoreList (src/scripts/storage.js:5521:20)
      at createStorageMigrationBackup (src/scripts/storage.js:5239:3)
      at ensurePreWriteMigrationBackup (src/scripts/storage.js:14567:3)
      at saveFullBackupHistory (src/scripts/storage.js:14593:3)
      at Object.recordFullBackupHistoryEntry (tests/unit/storage.test.js:3392:7)

  console.log
    DEBUG: getSafeLocalStorage returning object

      at Proxy.apply (src/scripts/modules/base.js:92:26)

  console.warn
    MOCK SET: cameraPowerPlanner_fullBackups = [{"createdAt":"2024-01-01T00:00:00Z-0"},{"createdA

      61 |       return undefined;
      62 |     }
    > 63 |     return originalFn(...args);
         |            ^
      64 |   };
      65 | };
      66 |

      at console.<anonymous> (tests/setup/jest.setup.cjs:63:12)
      at console.apply [as warn] (src/scripts/modules/base.js:92:26)
      at Proxy.apply (src/scripts/modules/base.js:92:26)
      at Proxy.apply (src/scripts/modules/base.js:92:26)
      at Proxy.apply (src/scripts/modules/base.js:92:26)
      at Object.warn (tests/unit/storage.test.js:11:15)
      at setItem (src/scripts/storage.js:8463:17)
      at saveJSONToStorage (src/scripts/storage.js:14568:3)
      at saveFullBackupHistory (src/scripts/storage.js:14593:3)
      at Object.recordFullBackupHistoryEntry (tests/unit/storage.test.js:3392:7)

  console.warn
    MOCK SET: cameraPowerPlanner_fullBackups__backup = [{"createdAt":"2024-01-01T00:00:00Z-0"},{"createdA

      61 |       return undefined;
      62 |     }
    > 63 |     return originalFn(...args);
         |            ^
      64 |   };
      65 | };
      66 |

      at console.<anonymous> (tests/setup/jest.setup.cjs:63:12)
      at console.apply [as warn] (src/scripts/modules/base.js:92:26)
      at Proxy.apply (src/scripts/modules/base.js:92:26)
      at Proxy.apply (src/scripts/modules/base.js:92:26)
      at Proxy.apply (src/scripts/modules/base.js:92:26)
      at Object.warn (tests/unit/storage.test.js:11:15)
      at setItem (src/scripts/storage.js:8524:19)
      at tryStoreCandidate (src/scripts/storage.js:8540:13)
      at attemptBackupWrite (src/scripts/storage.js:8617:26)
      at saveJSONToStorage (src/scripts/storage.js:14568:3)
      at saveFullBackupHistory (src/scripts/storage.js:14593:3)
      at Object.recordFullBackupHistoryEntry (tests/unit/storage.test.js:3392:7)

  console.log
    DEBUG: getSafeLocalStorage returning object

      at Proxy.apply (src/scripts/modules/base.js:92:26)

  console.warn
    MOCK SET: cameraPowerPlanner_fullBackups__legacyMigrationBackup = [{"createdAt":"2026-01-16T20:14:37.922Z","data":[{

      61 |       return undefined;
      62 |     }
    > 63 |     return originalFn(...args);
         |            ^
      64 |   };
      65 | };
      66 |

      at console.<anonymous> (tests/setup/jest.setup.cjs:63:12)
      at console.apply [as warn] (src/scripts/modules/base.js:92:26)
      at Proxy.apply (src/scripts/modules/base.js:92:26)
      at Proxy.apply (src/scripts/modules/base.js:92:26)
      at Proxy.apply (src/scripts/modules/base.js:92:26)
      at Object.warn (tests/unit/storage.test.js:11:15)
      at setItem (src/scripts/storage.js:5514:19)
      at tryStoreList (src/scripts/storage.js:5521:20)
      at createStorageMigrationBackup (src/scripts/storage.js:5239:3)
      at ensurePreWriteMigrationBackup (src/scripts/storage.js:14567:3)
      at saveFullBackupHistory (src/scripts/storage.js:14593:3)
      at Object.recordFullBackupHistoryEntry (tests/unit/storage.test.js:3392:7)

  console.log
    DEBUG: getSafeLocalStorage returning object

      at Proxy.apply (src/scripts/modules/base.js:92:26)

  console.warn
    MOCK SET: cameraPowerPlanner_fullBackups = [{"createdAt":"2024-01-01T00:00:00Z-0"},{"createdA

      61 |       return undefined;
      62 |     }
    > 63 |     return originalFn(...args);
         |            ^
      64 |   };
      65 | };
      66 |

      at console.<anonymous> (tests/setup/jest.setup.cjs:63:12)
      at console.apply [as warn] (src/scripts/modules/base.js:92:26)
      at Proxy.apply (src/scripts/modules/base.js:92:26)
      at Proxy.apply (src/scripts/modules/base.js:92:26)
      at Proxy.apply (src/scripts/modules/base.js:92:26)
      at Object.warn (tests/unit/storage.test.js:11:15)
      at setItem (src/scripts/storage.js:8463:17)
      at saveJSONToStorage (src/scripts/storage.js:14568:3)
      at saveFullBackupHistory (src/scripts/storage.js:14593:3)
      at Object.recordFullBackupHistoryEntry (tests/unit/storage.test.js:3392:7)

  console.warn
    MOCK SET: cameraPowerPlanner_fullBackups__backup = [{"createdAt":"2024-01-01T00:00:00Z-0"},{"createdA

      61 |       return undefined;
      62 |     }
    > 63 |     return originalFn(...args);
         |            ^
      64 |   };
      65 | };
      66 |

      at console.<anonymous> (tests/setup/jest.setup.cjs:63:12)
      at console.apply [as warn] (src/scripts/modules/base.js:92:26)
      at Proxy.apply (src/scripts/modules/base.js:92:26)
      at Proxy.apply (src/scripts/modules/base.js:92:26)
      at Proxy.apply (src/scripts/modules/base.js:92:26)
      at Object.warn (tests/unit/storage.test.js:11:15)
      at setItem (src/scripts/storage.js:8524:19)
      at tryStoreCandidate (src/scripts/storage.js:8540:13)
      at attemptBackupWrite (src/scripts/storage.js:8617:26)
      at saveJSONToStorage (src/scripts/storage.js:14568:3)
      at saveFullBackupHistory (src/scripts/storage.js:14593:3)
      at Object.recordFullBackupHistoryEntry (tests/unit/storage.test.js:3392:7)

  console.log
    DEBUG: getSafeLocalStorage returning object

      at Proxy.apply (src/scripts/modules/base.js:92:26)

  console.warn
    MOCK SET: cameraPowerPlanner_fullBackups__legacyMigrationBackup = [{"createdAt":"2026-01-16T20:14:37.924Z","data":[{

      61 |       return undefined;
      62 |     }
    > 63 |     return originalFn(...args);
         |            ^
      64 |   };
      65 | };
      66 |

      at console.<anonymous> (tests/setup/jest.setup.cjs:63:12)
      at console.apply [as warn] (src/scripts/modules/base.js:92:26)
      at Proxy.apply (src/scripts/modules/base.js:92:26)
      at Proxy.apply (src/scripts/modules/base.js:92:26)
      at Proxy.apply (src/scripts/modules/base.js:92:26)
      at Object.warn (tests/unit/storage.test.js:11:15)
      at setItem (src/scripts/storage.js:5514:19)
      at tryStoreList (src/scripts/storage.js:5521:20)
      at createStorageMigrationBackup (src/scripts/storage.js:5239:3)
      at ensurePreWriteMigrationBackup (src/scripts/storage.js:14567:3)
      at saveFullBackupHistory (src/scripts/storage.js:14593:3)
      at Object.recordFullBackupHistoryEntry (tests/unit/storage.test.js:3392:7)

  console.log
    DEBUG: getSafeLocalStorage returning object

      at Proxy.apply (src/scripts/modules/base.js:92:26)

  console.warn
    MOCK SET: cameraPowerPlanner_fullBackups = [{"createdAt":"2024-01-01T00:00:00Z-0"},{"createdA

      61 |       return undefined;
      62 |     }
    > 63 |     return originalFn(...args);
         |            ^
      64 |   };
      65 | };
      66 |

      at console.<anonymous> (tests/setup/jest.setup.cjs:63:12)
      at console.apply [as warn] (src/scripts/modules/base.js:92:26)
      at Proxy.apply (src/scripts/modules/base.js:92:26)
      at Proxy.apply (src/scripts/modules/base.js:92:26)
      at Proxy.apply (src/scripts/modules/base.js:92:26)
      at Object.warn (tests/unit/storage.test.js:11:15)
      at setItem (src/scripts/storage.js:8463:17)
      at saveJSONToStorage (src/scripts/storage.js:14568:3)
      at saveFullBackupHistory (src/scripts/storage.js:14593:3)
      at Object.recordFullBackupHistoryEntry (tests/unit/storage.test.js:3392:7)

  console.warn
    MOCK SET: cameraPowerPlanner_fullBackups__backup = [{"createdAt":"2024-01-01T00:00:00Z-0"},{"createdA

      61 |       return undefined;
      62 |     }
    > 63 |     return originalFn(...args);
         |            ^
      64 |   };
      65 | };
      66 |

      at console.<anonymous> (tests/setup/jest.setup.cjs:63:12)
      at console.apply [as warn] (src/scripts/modules/base.js:92:26)
      at Proxy.apply (src/scripts/modules/base.js:92:26)
      at Proxy.apply (src/scripts/modules/base.js:92:26)
      at Proxy.apply (src/scripts/modules/base.js:92:26)
      at Object.warn (tests/unit/storage.test.js:11:15)
      at setItem (src/scripts/storage.js:8524:19)
      at tryStoreCandidate (src/scripts/storage.js:8540:13)
      at attemptBackupWrite (src/scripts/storage.js:8617:26)
      at saveJSONToStorage (src/scripts/storage.js:14568:3)
      at saveFullBackupHistory (src/scripts/storage.js:14593:3)
      at Object.recordFullBackupHistoryEntry (tests/unit/storage.test.js:3392:7)

  console.log
    DEBUG: getSafeLocalStorage returning object

      at Proxy.apply (src/scripts/modules/base.js:92:26)

  console.warn
    MOCK SET: cameraPowerPlanner_fullBackups__legacyMigrationBackup = [{"createdAt":"2026-01-16T20:14:37.929Z","data":[{

      61 |       return undefined;
      62 |     }
    > 63 |     return originalFn(...args);
         |            ^
      64 |   };
      65 | };
      66 |

      at console.<anonymous> (tests/setup/jest.setup.cjs:63:12)
      at console.apply [as warn] (src/scripts/modules/base.js:92:26)
      at Proxy.apply (src/scripts/modules/base.js:92:26)
      at Proxy.apply (src/scripts/modules/base.js:92:26)
      at Proxy.apply (src/scripts/modules/base.js:92:26)
      at Object.warn (tests/unit/storage.test.js:11:15)
      at setItem (src/scripts/storage.js:5514:19)
      at tryStoreList (src/scripts/storage.js:5521:20)
      at createStorageMigrationBackup (src/scripts/storage.js:5239:3)
      at ensurePreWriteMigrationBackup (src/scripts/storage.js:14567:3)
      at saveFullBackupHistory (src/scripts/storage.js:14593:3)
      at Object.recordFullBackupHistoryEntry (tests/unit/storage.test.js:3392:7)

  console.log
    DEBUG: getSafeLocalStorage returning object

      at Proxy.apply (src/scripts/modules/base.js:92:26)

  console.warn
    MOCK SET: cameraPowerPlanner_fullBackups = [{"createdAt":"2024-01-01T00:00:00Z-0"},{"createdA

      61 |       return undefined;
      62 |     }
    > 63 |     return originalFn(...args);
         |            ^
      64 |   };
      65 | };
      66 |

      at console.<anonymous> (tests/setup/jest.setup.cjs:63:12)
      at console.apply [as warn] (src/scripts/modules/base.js:92:26)
      at Proxy.apply (src/scripts/modules/base.js:92:26)
      at Proxy.apply (src/scripts/modules/base.js:92:26)
      at Proxy.apply (src/scripts/modules/base.js:92:26)
      at Object.warn (tests/unit/storage.test.js:11:15)
      at setItem (src/scripts/storage.js:8463:17)
      at saveJSONToStorage (src/scripts/storage.js:14568:3)
      at saveFullBackupHistory (src/scripts/storage.js:14593:3)
      at Object.recordFullBackupHistoryEntry (tests/unit/storage.test.js:3392:7)

  console.warn
    MOCK SET: cameraPowerPlanner_fullBackups__backup = [{"createdAt":"2024-01-01T00:00:00Z-0"},{"createdA

      61 |       return undefined;
      62 |     }
    > 63 |     return originalFn(...args);
         |            ^
      64 |   };
      65 | };
      66 |

      at console.<anonymous> (tests/setup/jest.setup.cjs:63:12)
      at console.apply [as warn] (src/scripts/modules/base.js:92:26)
      at Proxy.apply (src/scripts/modules/base.js:92:26)
      at Proxy.apply (src/scripts/modules/base.js:92:26)
      at Proxy.apply (src/scripts/modules/base.js:92:26)
      at Object.warn (tests/unit/storage.test.js:11:15)
      at setItem (src/scripts/storage.js:8524:19)
      at tryStoreCandidate (src/scripts/storage.js:8540:13)
      at attemptBackupWrite (src/scripts/storage.js:8617:26)
      at saveJSONToStorage (src/scripts/storage.js:14568:3)
      at saveFullBackupHistory (src/scripts/storage.js:14593:3)
      at Object.recordFullBackupHistoryEntry (tests/unit/storage.test.js:3392:7)

  console.log
    DEBUG: getSafeLocalStorage returning object

      at Proxy.apply (src/scripts/modules/base.js:92:26)

  console.warn
    MOCK SET: cameraPowerPlanner_fullBackups__legacyMigrationBackup = [{"createdAt":"2026-01-16T20:14:37.932Z","data":[{

      61 |       return undefined;
      62 |     }
    > 63 |     return originalFn(...args);
         |            ^
      64 |   };
      65 | };
      66 |

      at console.<anonymous> (tests/setup/jest.setup.cjs:63:12)
      at console.apply [as warn] (src/scripts/modules/base.js:92:26)
      at Proxy.apply (src/scripts/modules/base.js:92:26)
      at Proxy.apply (src/scripts/modules/base.js:92:26)
      at Proxy.apply (src/scripts/modules/base.js:92:26)
      at Object.warn (tests/unit/storage.test.js:11:15)
      at setItem (src/scripts/storage.js:5514:19)
      at tryStoreList (src/scripts/storage.js:5521:20)
      at createStorageMigrationBackup (src/scripts/storage.js:5239:3)
      at ensurePreWriteMigrationBackup (src/scripts/storage.js:14567:3)
      at saveFullBackupHistory (src/scripts/storage.js:14593:3)
      at Object.recordFullBackupHistoryEntry (tests/unit/storage.test.js:3392:7)

  console.log
    DEBUG: getSafeLocalStorage returning object

      at Proxy.apply (src/scripts/modules/base.js:92:26)

  console.warn
    MOCK SET: cameraPowerPlanner_fullBackups = [{"createdAt":"2024-01-01T00:00:00Z-0"},{"createdA

      61 |       return undefined;
      62 |     }
    > 63 |     return originalFn(...args);
         |            ^
      64 |   };
      65 | };
      66 |

      at console.<anonymous> (tests/setup/jest.setup.cjs:63:12)
      at console.apply [as warn] (src/scripts/modules/base.js:92:26)
      at Proxy.apply (src/scripts/modules/base.js:92:26)
      at Proxy.apply (src/scripts/modules/base.js:92:26)
      at Proxy.apply (src/scripts/modules/base.js:92:26)
      at Object.warn (tests/unit/storage.test.js:11:15)
      at setItem (src/scripts/storage.js:8463:17)
      at saveJSONToStorage (src/scripts/storage.js:14568:3)
      at saveFullBackupHistory (src/scripts/storage.js:14593:3)
      at Object.recordFullBackupHistoryEntry (tests/unit/storage.test.js:3392:7)

  console.warn
    MOCK SET: cameraPowerPlanner_fullBackups__backup = [{"createdAt":"2024-01-01T00:00:00Z-0"},{"createdA

      61 |       return undefined;
      62 |     }
    > 63 |     return originalFn(...args);
         |            ^
      64 |   };
      65 | };
      66 |

      at console.<anonymous> (tests/setup/jest.setup.cjs:63:12)
      at console.apply [as warn] (src/scripts/modules/base.js:92:26)
      at Proxy.apply (src/scripts/modules/base.js:92:26)
      at Proxy.apply (src/scripts/modules/base.js:92:26)
      at Proxy.apply (src/scripts/modules/base.js:92:26)
      at Object.warn (tests/unit/storage.test.js:11:15)
      at setItem (src/scripts/storage.js:8524:19)
      at tryStoreCandidate (src/scripts/storage.js:8540:13)
      at attemptBackupWrite (src/scripts/storage.js:8617:26)
      at saveJSONToStorage (src/scripts/storage.js:14568:3)
      at saveFullBackupHistory (src/scripts/storage.js:14593:3)
      at Object.recordFullBackupHistoryEntry (tests/unit/storage.test.js:3392:7)

  console.log
    DEBUG: getSafeLocalStorage returning object

      at Proxy.apply (src/scripts/modules/base.js:92:26)

  console.warn
    MOCK SET: cameraPowerPlanner_fullBackups__legacyMigrationBackup = [{"createdAt":"2026-01-16T20:14:37.934Z","data":[{

      61 |       return undefined;
      62 |     }
    > 63 |     return originalFn(...args);
         |            ^
      64 |   };
      65 | };
      66 |

      at console.<anonymous> (tests/setup/jest.setup.cjs:63:12)
      at console.apply [as warn] (src/scripts/modules/base.js:92:26)
      at Proxy.apply (src/scripts/modules/base.js:92:26)
      at Proxy.apply (src/scripts/modules/base.js:92:26)
      at Proxy.apply (src/scripts/modules/base.js:92:26)
      at Object.warn (tests/unit/storage.test.js:11:15)
      at setItem (src/scripts/storage.js:5514:19)
      at tryStoreList (src/scripts/storage.js:5521:20)
      at createStorageMigrationBackup (src/scripts/storage.js:5239:3)
      at ensurePreWriteMigrationBackup (src/scripts/storage.js:14567:3)
      at saveFullBackupHistory (src/scripts/storage.js:14593:3)
      at Object.recordFullBackupHistoryEntry (tests/unit/storage.test.js:3392:7)

  console.log
    DEBUG: getSafeLocalStorage returning object

      at Proxy.apply (src/scripts/modules/base.js:92:26)

  console.warn
    MOCK SET: cameraPowerPlanner_fullBackups = [{"createdAt":"2024-01-01T00:00:00Z-0"},{"createdA

      61 |       return undefined;
      62 |     }
    > 63 |     return originalFn(...args);
         |            ^
      64 |   };
      65 | };
      66 |

      at console.<anonymous> (tests/setup/jest.setup.cjs:63:12)
      at console.apply [as warn] (src/scripts/modules/base.js:92:26)
      at Proxy.apply (src/scripts/modules/base.js:92:26)
      at Proxy.apply (src/scripts/modules/base.js:92:26)
      at Proxy.apply (src/scripts/modules/base.js:92:26)
      at Object.warn (tests/unit/storage.test.js:11:15)
      at setItem (src/scripts/storage.js:8463:17)
      at saveJSONToStorage (src/scripts/storage.js:14568:3)
      at saveFullBackupHistory (src/scripts/storage.js:14593:3)
      at Object.recordFullBackupHistoryEntry (tests/unit/storage.test.js:3392:7)

  console.warn
    MOCK SET: cameraPowerPlanner_fullBackups__backup = [{"createdAt":"2024-01-01T00:00:00Z-0"},{"createdA

      61 |       return undefined;
      62 |     }
    > 63 |     return originalFn(...args);
         |            ^
      64 |   };
      65 | };
      66 |

      at console.<anonymous> (tests/setup/jest.setup.cjs:63:12)
      at console.apply [as warn] (src/scripts/modules/base.js:92:26)
      at Proxy.apply (src/scripts/modules/base.js:92:26)
      at Proxy.apply (src/scripts/modules/base.js:92:26)
      at Proxy.apply (src/scripts/modules/base.js:92:26)
      at Object.warn (tests/unit/storage.test.js:11:15)
      at setItem (src/scripts/storage.js:8524:19)
      at tryStoreCandidate (src/scripts/storage.js:8540:13)
      at attemptBackupWrite (src/scripts/storage.js:8617:26)
      at saveJSONToStorage (src/scripts/storage.js:14568:3)
      at saveFullBackupHistory (src/scripts/storage.js:14593:3)
      at Object.recordFullBackupHistoryEntry (tests/unit/storage.test.js:3392:7)

  console.log
    DEBUG: getSafeLocalStorage returning object

      at Proxy.apply (src/scripts/modules/base.js:92:26)

  console.warn
    MOCK SET: cameraPowerPlanner_fullBackups__legacyMigrationBackup = [{"createdAt":"2026-01-16T20:14:37.937Z","data":[{

      61 |       return undefined;
      62 |     }
    > 63 |     return originalFn(...args);
         |            ^
      64 |   };
      65 | };
      66 |

      at console.<anonymous> (tests/setup/jest.setup.cjs:63:12)
      at console.apply [as warn] (src/scripts/modules/base.js:92:26)
      at Proxy.apply (src/scripts/modules/base.js:92:26)
      at Proxy.apply (src/scripts/modules/base.js:92:26)
      at Proxy.apply (src/scripts/modules/base.js:92:26)
      at Object.warn (tests/unit/storage.test.js:11:15)
      at setItem (src/scripts/storage.js:5514:19)
      at tryStoreList (src/scripts/storage.js:5521:20)
      at createStorageMigrationBackup (src/scripts/storage.js:5239:3)
      at ensurePreWriteMigrationBackup (src/scripts/storage.js:14567:3)
      at saveFullBackupHistory (src/scripts/storage.js:14593:3)
      at Object.recordFullBackupHistoryEntry (tests/unit/storage.test.js:3392:7)

  console.log
    DEBUG: getSafeLocalStorage returning object

      at Proxy.apply (src/scripts/modules/base.js:92:26)

  console.warn
    MOCK SET: cameraPowerPlanner_fullBackups = [{"createdAt":"2024-01-01T00:00:00Z-0"},{"createdA

      61 |       return undefined;
      62 |     }
    > 63 |     return originalFn(...args);
         |            ^
      64 |   };
      65 | };
      66 |

      at console.<anonymous> (tests/setup/jest.setup.cjs:63:12)
      at console.apply [as warn] (src/scripts/modules/base.js:92:26)
      at Proxy.apply (src/scripts/modules/base.js:92:26)
      at Proxy.apply (src/scripts/modules/base.js:92:26)
      at Proxy.apply (src/scripts/modules/base.js:92:26)
      at Object.warn (tests/unit/storage.test.js:11:15)
      at setItem (src/scripts/storage.js:8463:17)
      at saveJSONToStorage (src/scripts/storage.js:14568:3)
      at saveFullBackupHistory (src/scripts/storage.js:14593:3)
      at Object.recordFullBackupHistoryEntry (tests/unit/storage.test.js:3392:7)

  console.warn
    MOCK SET: cameraPowerPlanner_fullBackups__backup = [{"createdAt":"2024-01-01T00:00:00Z-0"},{"createdA

      61 |       return undefined;
      62 |     }
    > 63 |     return originalFn(...args);
         |            ^
      64 |   };
      65 | };
      66 |

      at console.<anonymous> (tests/setup/jest.setup.cjs:63:12)
      at console.apply [as warn] (src/scripts/modules/base.js:92:26)
      at Proxy.apply (src/scripts/modules/base.js:92:26)
      at Proxy.apply (src/scripts/modules/base.js:92:26)
      at Proxy.apply (src/scripts/modules/base.js:92:26)
      at Object.warn (tests/unit/storage.test.js:11:15)
      at setItem (src/scripts/storage.js:8524:19)
      at tryStoreCandidate (src/scripts/storage.js:8540:13)
      at attemptBackupWrite (src/scripts/storage.js:8617:26)
      at saveJSONToStorage (src/scripts/storage.js:14568:3)
      at saveFullBackupHistory (src/scripts/storage.js:14593:3)
      at Object.recordFullBackupHistoryEntry (tests/unit/storage.test.js:3392:7)

  console.log
    DEBUG: getSafeLocalStorage returning object

      at Proxy.apply (src/scripts/modules/base.js:92:26)

  console.warn
    MOCK SET: cameraPowerPlanner_fullBackups__legacyMigrationBackup = [{"createdAt":"2026-01-16T20:14:37.940Z","data":[{

      61 |       return undefined;
      62 |     }
    > 63 |     return originalFn(...args);
         |            ^
      64 |   };
      65 | };
      66 |

      at console.<anonymous> (tests/setup/jest.setup.cjs:63:12)
      at console.apply [as warn] (src/scripts/modules/base.js:92:26)
      at Proxy.apply (src/scripts/modules/base.js:92:26)
      at Proxy.apply (src/scripts/modules/base.js:92:26)
      at Proxy.apply (src/scripts/modules/base.js:92:26)
      at Object.warn (tests/unit/storage.test.js:11:15)
      at setItem (src/scripts/storage.js:5514:19)
      at tryStoreList (src/scripts/storage.js:5521:20)
      at createStorageMigrationBackup (src/scripts/storage.js:5239:3)
      at ensurePreWriteMigrationBackup (src/scripts/storage.js:14567:3)
      at saveFullBackupHistory (src/scripts/storage.js:14593:3)
      at Object.recordFullBackupHistoryEntry (tests/unit/storage.test.js:3392:7)

  console.log
    DEBUG: getSafeLocalStorage returning object

      at Proxy.apply (src/scripts/modules/base.js:92:26)

  console.warn
    MOCK SET: cameraPowerPlanner_fullBackups = [{"createdAt":"2024-01-01T00:00:00Z-0"},{"createdA

      61 |       return undefined;
      62 |     }
    > 63 |     return originalFn(...args);
         |            ^
      64 |   };
      65 | };
      66 |

      at console.<anonymous> (tests/setup/jest.setup.cjs:63:12)
      at console.apply [as warn] (src/scripts/modules/base.js:92:26)
      at Proxy.apply (src/scripts/modules/base.js:92:26)
      at Proxy.apply (src/scripts/modules/base.js:92:26)
      at Proxy.apply (src/scripts/modules/base.js:92:26)
      at Object.warn (tests/unit/storage.test.js:11:15)
      at setItem (src/scripts/storage.js:8463:17)
      at saveJSONToStorage (src/scripts/storage.js:14568:3)
      at saveFullBackupHistory (src/scripts/storage.js:14593:3)
      at Object.recordFullBackupHistoryEntry (tests/unit/storage.test.js:3392:7)

  console.warn
    MOCK SET: cameraPowerPlanner_fullBackups__backup = [{"createdAt":"2024-01-01T00:00:00Z-0"},{"createdA

      61 |       return undefined;
      62 |     }
    > 63 |     return originalFn(...args);
         |            ^
      64 |   };
      65 | };
      66 |

      at console.<anonymous> (tests/setup/jest.setup.cjs:63:12)
      at console.apply [as warn] (src/scripts/modules/base.js:92:26)
      at Proxy.apply (src/scripts/modules/base.js:92:26)
      at Proxy.apply (src/scripts/modules/base.js:92:26)
      at Proxy.apply (src/scripts/modules/base.js:92:26)
      at Object.warn (tests/unit/storage.test.js:11:15)
      at setItem (src/scripts/storage.js:8524:19)
      at tryStoreCandidate (src/scripts/storage.js:8540:13)
      at attemptBackupWrite (src/scripts/storage.js:8617:26)
      at saveJSONToStorage (src/scripts/storage.js:14568:3)
      at saveFullBackupHistory (src/scripts/storage.js:14593:3)
      at Object.recordFullBackupHistoryEntry (tests/unit/storage.test.js:3392:7)

  console.log
    DEBUG: getSafeLocalStorage returning object

      at Proxy.apply (src/scripts/modules/base.js:92:26)

  console.warn
    MOCK SET: cameraPowerPlanner_fullBackups__legacyMigrationBackup = [{"createdAt":"2026-01-16T20:14:37.943Z","data":[{

      61 |       return undefined;
      62 |     }
    > 63 |     return originalFn(...args);
         |            ^
      64 |   };
      65 | };
      66 |

      at console.<anonymous> (tests/setup/jest.setup.cjs:63:12)
      at console.apply [as warn] (src/scripts/modules/base.js:92:26)
      at Proxy.apply (src/scripts/modules/base.js:92:26)
      at Proxy.apply (src/scripts/modules/base.js:92:26)
      at Proxy.apply (src/scripts/modules/base.js:92:26)
      at Object.warn (tests/unit/storage.test.js:11:15)
      at setItem (src/scripts/storage.js:5514:19)
      at tryStoreList (src/scripts/storage.js:5521:20)
      at createStorageMigrationBackup (src/scripts/storage.js:5239:3)
      at ensurePreWriteMigrationBackup (src/scripts/storage.js:14567:3)
      at saveFullBackupHistory (src/scripts/storage.js:14593:3)
      at Object.recordFullBackupHistoryEntry (tests/unit/storage.test.js:3392:7)

  console.log
    DEBUG: getSafeLocalStorage returning object

      at Proxy.apply (src/scripts/modules/base.js:92:26)

  console.warn
    MOCK SET: cameraPowerPlanner_fullBackups = [{"createdAt":"2024-01-01T00:00:00Z-0"},{"createdA

      61 |       return undefined;
      62 |     }
    > 63 |     return originalFn(...args);
         |            ^
      64 |   };
      65 | };
      66 |

      at console.<anonymous> (tests/setup/jest.setup.cjs:63:12)
      at console.apply [as warn] (src/scripts/modules/base.js:92:26)
      at Proxy.apply (src/scripts/modules/base.js:92:26)
      at Proxy.apply (src/scripts/modules/base.js:92:26)
      at Proxy.apply (src/scripts/modules/base.js:92:26)
      at Object.warn (tests/unit/storage.test.js:11:15)
      at setItem (src/scripts/storage.js:8463:17)
      at saveJSONToStorage (src/scripts/storage.js:14568:3)
      at saveFullBackupHistory (src/scripts/storage.js:14593:3)
      at Object.recordFullBackupHistoryEntry (tests/unit/storage.test.js:3392:7)

  console.warn
    MOCK SET: cameraPowerPlanner_fullBackups__backup = [{"createdAt":"2024-01-01T00:00:00Z-0"},{"createdA

      61 |       return undefined;
      62 |     }
    > 63 |     return originalFn(...args);
         |            ^
      64 |   };
      65 | };
      66 |

      at console.<anonymous> (tests/setup/jest.setup.cjs:63:12)
      at console.apply [as warn] (src/scripts/modules/base.js:92:26)
      at Proxy.apply (src/scripts/modules/base.js:92:26)
      at Proxy.apply (src/scripts/modules/base.js:92:26)
      at Proxy.apply (src/scripts/modules/base.js:92:26)
      at Object.warn (tests/unit/storage.test.js:11:15)
      at setItem (src/scripts/storage.js:8524:19)
      at tryStoreCandidate (src/scripts/storage.js:8540:13)
      at attemptBackupWrite (src/scripts/storage.js:8617:26)
      at saveJSONToStorage (src/scripts/storage.js:14568:3)
      at saveFullBackupHistory (src/scripts/storage.js:14593:3)
      at Object.recordFullBackupHistoryEntry (tests/unit/storage.test.js:3392:7)

  console.log
    DEBUG: getSafeLocalStorage returning object

      at Proxy.apply (src/scripts/modules/base.js:92:26)

  console.warn
    MOCK SET: cameraPowerPlanner_fullBackups__legacyMigrationBackup = [{"createdAt":"2026-01-16T20:14:37.946Z","data":[{

      61 |       return undefined;
      62 |     }
    > 63 |     return originalFn(...args);
         |            ^
      64 |   };
      65 | };
      66 |

      at console.<anonymous> (tests/setup/jest.setup.cjs:63:12)
      at console.apply [as warn] (src/scripts/modules/base.js:92:26)
      at Proxy.apply (src/scripts/modules/base.js:92:26)
      at Proxy.apply (src/scripts/modules/base.js:92:26)
      at Proxy.apply (src/scripts/modules/base.js:92:26)
      at Object.warn (tests/unit/storage.test.js:11:15)
      at setItem (src/scripts/storage.js:5514:19)
      at tryStoreList (src/scripts/storage.js:5521:20)
      at createStorageMigrationBackup (src/scripts/storage.js:5239:3)
      at ensurePreWriteMigrationBackup (src/scripts/storage.js:14567:3)
      at saveFullBackupHistory (src/scripts/storage.js:14593:3)
      at Object.recordFullBackupHistoryEntry (tests/unit/storage.test.js:3392:7)

  console.log
    DEBUG: getSafeLocalStorage returning object

      at Proxy.apply (src/scripts/modules/base.js:92:26)

  console.warn
    MOCK SET: cameraPowerPlanner_fullBackups = [{"createdAt":"2024-01-01T00:00:00Z-0"},{"createdA

      61 |       return undefined;
      62 |     }
    > 63 |     return originalFn(...args);
         |            ^
      64 |   };
      65 | };
      66 |

      at console.<anonymous> (tests/setup/jest.setup.cjs:63:12)
      at console.apply [as warn] (src/scripts/modules/base.js:92:26)
      at Proxy.apply (src/scripts/modules/base.js:92:26)
      at Proxy.apply (src/scripts/modules/base.js:92:26)
      at Proxy.apply (src/scripts/modules/base.js:92:26)
      at Object.warn (tests/unit/storage.test.js:11:15)
      at setItem (src/scripts/storage.js:8463:17)
      at saveJSONToStorage (src/scripts/storage.js:14568:3)
      at saveFullBackupHistory (src/scripts/storage.js:14593:3)
      at Object.recordFullBackupHistoryEntry (tests/unit/storage.test.js:3392:7)

  console.warn
    MOCK SET: cameraPowerPlanner_fullBackups__backup = [{"createdAt":"2024-01-01T00:00:00Z-0"},{"createdA

      61 |       return undefined;
      62 |     }
    > 63 |     return originalFn(...args);
         |            ^
      64 |   };
      65 | };
      66 |

      at console.<anonymous> (tests/setup/jest.setup.cjs:63:12)
      at console.apply [as warn] (src/scripts/modules/base.js:92:26)
      at Proxy.apply (src/scripts/modules/base.js:92:26)
      at Proxy.apply (src/scripts/modules/base.js:92:26)
      at Proxy.apply (src/scripts/modules/base.js:92:26)
      at Object.warn (tests/unit/storage.test.js:11:15)
      at setItem (src/scripts/storage.js:8524:19)
      at tryStoreCandidate (src/scripts/storage.js:8540:13)
      at attemptBackupWrite (src/scripts/storage.js:8617:26)
      at saveJSONToStorage (src/scripts/storage.js:14568:3)
      at saveFullBackupHistory (src/scripts/storage.js:14593:3)
      at Object.recordFullBackupHistoryEntry (tests/unit/storage.test.js:3392:7)

  console.log
    DEBUG: getSafeLocalStorage returning object

      at Proxy.apply (src/scripts/modules/base.js:92:26)

  console.warn
    MOCK SET: cameraPowerPlanner_fullBackups__legacyMigrationBackup = [{"createdAt":"2026-01-16T20:14:37.950Z","data":[{

      61 |       return undefined;
      62 |     }
    > 63 |     return originalFn(...args);
         |            ^
      64 |   };
      65 | };
      66 |

      at console.<anonymous> (tests/setup/jest.setup.cjs:63:12)
      at console.apply [as warn] (src/scripts/modules/base.js:92:26)
      at Proxy.apply (src/scripts/modules/base.js:92:26)
      at Proxy.apply (src/scripts/modules/base.js:92:26)
      at Proxy.apply (src/scripts/modules/base.js:92:26)
      at Object.warn (tests/unit/storage.test.js:11:15)
      at setItem (src/scripts/storage.js:5514:19)
      at tryStoreList (src/scripts/storage.js:5521:20)
      at createStorageMigrationBackup (src/scripts/storage.js:5239:3)
      at ensurePreWriteMigrationBackup (src/scripts/storage.js:14567:3)
      at saveFullBackupHistory (src/scripts/storage.js:14593:3)
      at Object.recordFullBackupHistoryEntry (tests/unit/storage.test.js:3392:7)

  console.log
    DEBUG: getSafeLocalStorage returning object

      at Proxy.apply (src/scripts/modules/base.js:92:26)

  console.warn
    MOCK SET: cameraPowerPlanner_fullBackups = [{"createdAt":"2024-01-01T00:00:00Z-0"},{"createdA

      61 |       return undefined;
      62 |     }
    > 63 |     return originalFn(...args);
         |            ^
      64 |   };
      65 | };
      66 |

      at console.<anonymous> (tests/setup/jest.setup.cjs:63:12)
      at console.apply [as warn] (src/scripts/modules/base.js:92:26)
      at Proxy.apply (src/scripts/modules/base.js:92:26)
      at Proxy.apply (src/scripts/modules/base.js:92:26)
      at Proxy.apply (src/scripts/modules/base.js:92:26)
      at Object.warn (tests/unit/storage.test.js:11:15)
      at setItem (src/scripts/storage.js:8463:17)
      at saveJSONToStorage (src/scripts/storage.js:14568:3)
      at saveFullBackupHistory (src/scripts/storage.js:14593:3)
      at Object.recordFullBackupHistoryEntry (tests/unit/storage.test.js:3392:7)

  console.warn
    MOCK SET: cameraPowerPlanner_fullBackups__backup = [{"createdAt":"2024-01-01T00:00:00Z-0"},{"createdA

      61 |       return undefined;
      62 |     }
    > 63 |     return originalFn(...args);
         |            ^
      64 |   };
      65 | };
      66 |

      at console.<anonymous> (tests/setup/jest.setup.cjs:63:12)
      at console.apply [as warn] (src/scripts/modules/base.js:92:26)
      at Proxy.apply (src/scripts/modules/base.js:92:26)
      at Proxy.apply (src/scripts/modules/base.js:92:26)
      at Proxy.apply (src/scripts/modules/base.js:92:26)
      at Object.warn (tests/unit/storage.test.js:11:15)
      at setItem (src/scripts/storage.js:8524:19)
      at tryStoreCandidate (src/scripts/storage.js:8540:13)
      at attemptBackupWrite (src/scripts/storage.js:8617:26)
      at saveJSONToStorage (src/scripts/storage.js:14568:3)
      at saveFullBackupHistory (src/scripts/storage.js:14593:3)
      at Object.recordFullBackupHistoryEntry (tests/unit/storage.test.js:3392:7)

  console.log
    DEBUG: getSafeLocalStorage returning object

      at Proxy.apply (src/scripts/modules/base.js:92:26)

  console.warn
    MOCK SET: cameraPowerPlanner_fullBackups__legacyMigrationBackup = [{"createdAt":"2026-01-16T20:14:37.953Z","data":[{

      61 |       return undefined;
      62 |     }
    > 63 |     return originalFn(...args);
         |            ^
      64 |   };
      65 | };
      66 |

      at console.<anonymous> (tests/setup/jest.setup.cjs:63:12)
      at console.apply [as warn] (src/scripts/modules/base.js:92:26)
      at Proxy.apply (src/scripts/modules/base.js:92:26)
      at Proxy.apply (src/scripts/modules/base.js:92:26)
      at Proxy.apply (src/scripts/modules/base.js:92:26)
      at Object.warn (tests/unit/storage.test.js:11:15)
      at setItem (src/scripts/storage.js:5514:19)
      at tryStoreList (src/scripts/storage.js:5521:20)
      at createStorageMigrationBackup (src/scripts/storage.js:5239:3)
      at ensurePreWriteMigrationBackup (src/scripts/storage.js:14567:3)
      at saveFullBackupHistory (src/scripts/storage.js:14593:3)
      at Object.recordFullBackupHistoryEntry (tests/unit/storage.test.js:3392:7)

  console.log
    DEBUG: getSafeLocalStorage returning object

      at Proxy.apply (src/scripts/modules/base.js:92:26)

  console.warn
    MOCK SET: cameraPowerPlanner_fullBackups = [{"createdAt":"2024-01-01T00:00:00Z-0"},{"createdA

      61 |       return undefined;
      62 |     }
    > 63 |     return originalFn(...args);
         |            ^
      64 |   };
      65 | };
      66 |

      at console.<anonymous> (tests/setup/jest.setup.cjs:63:12)
      at console.apply [as warn] (src/scripts/modules/base.js:92:26)
      at Proxy.apply (src/scripts/modules/base.js:92:26)
      at Proxy.apply (src/scripts/modules/base.js:92:26)
      at Proxy.apply (src/scripts/modules/base.js:92:26)
      at Object.warn (tests/unit/storage.test.js:11:15)
      at setItem (src/scripts/storage.js:8463:17)
      at saveJSONToStorage (src/scripts/storage.js:14568:3)
      at saveFullBackupHistory (src/scripts/storage.js:14593:3)
      at Object.recordFullBackupHistoryEntry (tests/unit/storage.test.js:3392:7)

  console.warn
    MOCK SET: cameraPowerPlanner_fullBackups__backup = [{"createdAt":"2024-01-01T00:00:00Z-0"},{"createdA

      61 |       return undefined;
      62 |     }
    > 63 |     return originalFn(...args);
         |            ^
      64 |   };
      65 | };
      66 |

      at console.<anonymous> (tests/setup/jest.setup.cjs:63:12)
      at console.apply [as warn] (src/scripts/modules/base.js:92:26)
      at Proxy.apply (src/scripts/modules/base.js:92:26)
      at Proxy.apply (src/scripts/modules/base.js:92:26)
      at Proxy.apply (src/scripts/modules/base.js:92:26)
      at Object.warn (tests/unit/storage.test.js:11:15)
      at setItem (src/scripts/storage.js:8524:19)
      at tryStoreCandidate (src/scripts/storage.js:8540:13)
      at attemptBackupWrite (src/scripts/storage.js:8617:26)
      at saveJSONToStorage (src/scripts/storage.js:14568:3)
      at saveFullBackupHistory (src/scripts/storage.js:14593:3)
      at Object.recordFullBackupHistoryEntry (tests/unit/storage.test.js:3392:7)

  console.log
    DEBUG: getSafeLocalStorage returning object

      at Proxy.apply (src/scripts/modules/base.js:92:26)

  console.warn
    MOCK SET: cameraPowerPlanner_fullBackups__legacyMigrationBackup = [{"createdAt":"2026-01-16T20:14:37.956Z","data":[{

      61 |       return undefined;
      62 |     }
    > 63 |     return originalFn(...args);
         |            ^
      64 |   };
      65 | };
      66 |

      at console.<anonymous> (tests/setup/jest.setup.cjs:63:12)
      at console.apply [as warn] (src/scripts/modules/base.js:92:26)
      at Proxy.apply (src/scripts/modules/base.js:92:26)
      at Proxy.apply (src/scripts/modules/base.js:92:26)
      at Proxy.apply (src/scripts/modules/base.js:92:26)
      at Object.warn (tests/unit/storage.test.js:11:15)
      at setItem (src/scripts/storage.js:5514:19)
      at tryStoreList (src/scripts/storage.js:5521:20)
      at createStorageMigrationBackup (src/scripts/storage.js:5239:3)
      at ensurePreWriteMigrationBackup (src/scripts/storage.js:14567:3)
      at saveFullBackupHistory (src/scripts/storage.js:14593:3)
      at Object.recordFullBackupHistoryEntry (tests/unit/storage.test.js:3392:7)

  console.log
    DEBUG: getSafeLocalStorage returning object

      at Proxy.apply (src/scripts/modules/base.js:92:26)

  console.warn
    MOCK SET: cameraPowerPlanner_fullBackups = [{"createdAt":"2024-01-01T00:00:00Z-0"},{"createdA

      61 |       return undefined;
      62 |     }
    > 63 |     return originalFn(...args);
         |            ^
      64 |   };
      65 | };
      66 |

      at console.<anonymous> (tests/setup/jest.setup.cjs:63:12)
      at console.apply [as warn] (src/scripts/modules/base.js:92:26)
      at Proxy.apply (src/scripts/modules/base.js:92:26)
      at Proxy.apply (src/scripts/modules/base.js:92:26)
      at Proxy.apply (src/scripts/modules/base.js:92:26)
      at Object.warn (tests/unit/storage.test.js:11:15)
      at setItem (src/scripts/storage.js:8463:17)
      at saveJSONToStorage (src/scripts/storage.js:14568:3)
      at saveFullBackupHistory (src/scripts/storage.js:14593:3)
      at Object.recordFullBackupHistoryEntry (tests/unit/storage.test.js:3392:7)

  console.warn
    MOCK SET: cameraPowerPlanner_fullBackups__backup = [{"createdAt":"2024-01-01T00:00:00Z-0"},{"createdA

      61 |       return undefined;
      62 |     }
    > 63 |     return originalFn(...args);
         |            ^
      64 |   };
      65 | };
      66 |

      at console.<anonymous> (tests/setup/jest.setup.cjs:63:12)
      at console.apply [as warn] (src/scripts/modules/base.js:92:26)
      at Proxy.apply (src/scripts/modules/base.js:92:26)
      at Proxy.apply (src/scripts/modules/base.js:92:26)
      at Proxy.apply (src/scripts/modules/base.js:92:26)
      at Object.warn (tests/unit/storage.test.js:11:15)
      at setItem (src/scripts/storage.js:8524:19)
      at tryStoreCandidate (src/scripts/storage.js:8540:13)
      at attemptBackupWrite (src/scripts/storage.js:8617:26)
      at saveJSONToStorage (src/scripts/storage.js:14568:3)
      at saveFullBackupHistory (src/scripts/storage.js:14593:3)
      at Object.recordFullBackupHistoryEntry (tests/unit/storage.test.js:3392:7)

  console.log
    DEBUG: getSafeLocalStorage returning object

      at Proxy.apply (src/scripts/modules/base.js:92:26)

  console.warn
    MOCK SET: cameraPowerPlanner_fullBackups__legacyMigrationBackup = [{"createdAt":"2026-01-16T20:14:37.959Z","data":[{

      61 |       return undefined;
      62 |     }
    > 63 |     return originalFn(...args);
         |            ^
      64 |   };
      65 | };
      66 |

      at console.<anonymous> (tests/setup/jest.setup.cjs:63:12)
      at console.apply [as warn] (src/scripts/modules/base.js:92:26)
      at Proxy.apply (src/scripts/modules/base.js:92:26)
      at Proxy.apply (src/scripts/modules/base.js:92:26)
      at Proxy.apply (src/scripts/modules/base.js:92:26)
      at Object.warn (tests/unit/storage.test.js:11:15)
      at setItem (src/scripts/storage.js:5514:19)
      at tryStoreList (src/scripts/storage.js:5521:20)
      at createStorageMigrationBackup (src/scripts/storage.js:5239:3)
      at ensurePreWriteMigrationBackup (src/scripts/storage.js:14567:3)
      at saveFullBackupHistory (src/scripts/storage.js:14593:3)
      at Object.recordFullBackupHistoryEntry (tests/unit/storage.test.js:3392:7)

  console.log
    DEBUG: getSafeLocalStorage returning object

      at Proxy.apply (src/scripts/modules/base.js:92:26)

  console.warn
    MOCK SET: cameraPowerPlanner_fullBackups = [{"createdAt":"2024-01-01T00:00:00Z-0"},{"createdA

      61 |       return undefined;
      62 |     }
    > 63 |     return originalFn(...args);
         |            ^
      64 |   };
      65 | };
      66 |

      at console.<anonymous> (tests/setup/jest.setup.cjs:63:12)
      at console.apply [as warn] (src/scripts/modules/base.js:92:26)
      at Proxy.apply (src/scripts/modules/base.js:92:26)
      at Proxy.apply (src/scripts/modules/base.js:92:26)
      at Proxy.apply (src/scripts/modules/base.js:92:26)
      at Object.warn (tests/unit/storage.test.js:11:15)
      at setItem (src/scripts/storage.js:8463:17)
      at saveJSONToStorage (src/scripts/storage.js:14568:3)
      at saveFullBackupHistory (src/scripts/storage.js:14593:3)
      at Object.recordFullBackupHistoryEntry (tests/unit/storage.test.js:3392:7)

  console.warn
    MOCK SET: cameraPowerPlanner_fullBackups__backup = [{"createdAt":"2024-01-01T00:00:00Z-0"},{"createdA

      61 |       return undefined;
      62 |     }
    > 63 |     return originalFn(...args);
         |            ^
      64 |   };
      65 | };
      66 |

      at console.<anonymous> (tests/setup/jest.setup.cjs:63:12)
      at console.apply [as warn] (src/scripts/modules/base.js:92:26)
      at Proxy.apply (src/scripts/modules/base.js:92:26)
      at Proxy.apply (src/scripts/modules/base.js:92:26)
      at Proxy.apply (src/scripts/modules/base.js:92:26)
      at Object.warn (tests/unit/storage.test.js:11:15)
      at setItem (src/scripts/storage.js:8524:19)
      at tryStoreCandidate (src/scripts/storage.js:8540:13)
      at attemptBackupWrite (src/scripts/storage.js:8617:26)
      at saveJSONToStorage (src/scripts/storage.js:14568:3)
      at saveFullBackupHistory (src/scripts/storage.js:14593:3)
      at Object.recordFullBackupHistoryEntry (tests/unit/storage.test.js:3392:7)

  console.log
    DEBUG: getSafeLocalStorage returning object

      at Proxy.apply (src/scripts/modules/base.js:92:26)

  console.warn
    MOCK SET: cameraPowerPlanner_fullBackups__legacyMigrationBackup = [{"createdAt":"2026-01-16T20:14:37.962Z","data":[{

      61 |       return undefined;
      62 |     }
    > 63 |     return originalFn(...args);
         |            ^
      64 |   };
      65 | };
      66 |

      at console.<anonymous> (tests/setup/jest.setup.cjs:63:12)
      at console.apply [as warn] (src/scripts/modules/base.js:92:26)
      at Proxy.apply (src/scripts/modules/base.js:92:26)
      at Proxy.apply (src/scripts/modules/base.js:92:26)
      at Proxy.apply (src/scripts/modules/base.js:92:26)
      at Object.warn (tests/unit/storage.test.js:11:15)
      at setItem (src/scripts/storage.js:5514:19)
      at tryStoreList (src/scripts/storage.js:5521:20)
      at createStorageMigrationBackup (src/scripts/storage.js:5239:3)
      at ensurePreWriteMigrationBackup (src/scripts/storage.js:14567:3)
      at saveFullBackupHistory (src/scripts/storage.js:14593:3)
      at Object.recordFullBackupHistoryEntry (tests/unit/storage.test.js:3392:7)

  console.log
    DEBUG: getSafeLocalStorage returning object

      at Proxy.apply (src/scripts/modules/base.js:92:26)

  console.warn
    MOCK SET: cameraPowerPlanner_fullBackups = [{"createdAt":"2024-01-01T00:00:00Z-0"},{"createdA

      61 |       return undefined;
      62 |     }
    > 63 |     return originalFn(...args);
         |            ^
      64 |   };
      65 | };
      66 |

      at console.<anonymous> (tests/setup/jest.setup.cjs:63:12)
      at console.apply [as warn] (src/scripts/modules/base.js:92:26)
      at Proxy.apply (src/scripts/modules/base.js:92:26)
      at Proxy.apply (src/scripts/modules/base.js:92:26)
      at Proxy.apply (src/scripts/modules/base.js:92:26)
      at Object.warn (tests/unit/storage.test.js:11:15)
      at setItem (src/scripts/storage.js:8463:17)
      at saveJSONToStorage (src/scripts/storage.js:14568:3)
      at saveFullBackupHistory (src/scripts/storage.js:14593:3)
      at Object.recordFullBackupHistoryEntry (tests/unit/storage.test.js:3392:7)

  console.warn
    MOCK SET: cameraPowerPlanner_fullBackups__backup = [{"createdAt":"2024-01-01T00:00:00Z-0"},{"createdA

      61 |       return undefined;
      62 |     }
    > 63 |     return originalFn(...args);
         |            ^
      64 |   };
      65 | };
      66 |

      at console.<anonymous> (tests/setup/jest.setup.cjs:63:12)
      at console.apply [as warn] (src/scripts/modules/base.js:92:26)
      at Proxy.apply (src/scripts/modules/base.js:92:26)
      at Proxy.apply (src/scripts/modules/base.js:92:26)
      at Proxy.apply (src/scripts/modules/base.js:92:26)
      at Object.warn (tests/unit/storage.test.js:11:15)
      at setItem (src/scripts/storage.js:8524:19)
      at tryStoreCandidate (src/scripts/storage.js:8540:13)
      at attemptBackupWrite (src/scripts/storage.js:8617:26)
      at saveJSONToStorage (src/scripts/storage.js:14568:3)
      at saveFullBackupHistory (src/scripts/storage.js:14593:3)
      at Object.recordFullBackupHistoryEntry (tests/unit/storage.test.js:3392:7)

  console.log
    DEBUG: getSafeLocalStorage returning object

      at Proxy.apply (src/scripts/modules/base.js:92:26)

  console.warn
    MOCK SET: cameraPowerPlanner_fullBackups__legacyMigrationBackup = [{"createdAt":"2026-01-16T20:14:37.965Z","data":[{

      61 |       return undefined;
      62 |     }
    > 63 |     return originalFn(...args);
         |            ^
      64 |   };
      65 | };
      66 |

      at console.<anonymous> (tests/setup/jest.setup.cjs:63:12)
      at console.apply [as warn] (src/scripts/modules/base.js:92:26)
      at Proxy.apply (src/scripts/modules/base.js:92:26)
      at Proxy.apply (src/scripts/modules/base.js:92:26)
      at Proxy.apply (src/scripts/modules/base.js:92:26)
      at Object.warn (tests/unit/storage.test.js:11:15)
      at setItem (src/scripts/storage.js:5514:19)
      at tryStoreList (src/scripts/storage.js:5521:20)
      at createStorageMigrationBackup (src/scripts/storage.js:5239:3)
      at ensurePreWriteMigrationBackup (src/scripts/storage.js:14567:3)
      at saveFullBackupHistory (src/scripts/storage.js:14593:3)
      at Object.recordFullBackupHistoryEntry (tests/unit/storage.test.js:3392:7)

  console.log
    DEBUG: getSafeLocalStorage returning object

      at Proxy.apply (src/scripts/modules/base.js:92:26)

  console.warn
    MOCK SET: cameraPowerPlanner_fullBackups = [{"createdAt":"2024-01-01T00:00:00Z-0"},{"createdA

      61 |       return undefined;
      62 |     }
    > 63 |     return originalFn(...args);
         |            ^
      64 |   };
      65 | };
      66 |

      at console.<anonymous> (tests/setup/jest.setup.cjs:63:12)
      at console.apply [as warn] (src/scripts/modules/base.js:92:26)
      at Proxy.apply (src/scripts/modules/base.js:92:26)
      at Proxy.apply (src/scripts/modules/base.js:92:26)
      at Proxy.apply (src/scripts/modules/base.js:92:26)
      at Object.warn (tests/unit/storage.test.js:11:15)
      at setItem (src/scripts/storage.js:8463:17)
      at saveJSONToStorage (src/scripts/storage.js:14568:3)
      at saveFullBackupHistory (src/scripts/storage.js:14593:3)
      at Object.recordFullBackupHistoryEntry (tests/unit/storage.test.js:3392:7)

  console.warn
    MOCK SET: cameraPowerPlanner_fullBackups__backup = [{"createdAt":"2024-01-01T00:00:00Z-0"},{"createdA

      61 |       return undefined;
      62 |     }
    > 63 |     return originalFn(...args);
         |            ^
      64 |   };
      65 | };
      66 |

      at console.<anonymous> (tests/setup/jest.setup.cjs:63:12)
      at console.apply [as warn] (src/scripts/modules/base.js:92:26)
      at Proxy.apply (src/scripts/modules/base.js:92:26)
      at Proxy.apply (src/scripts/modules/base.js:92:26)
      at Proxy.apply (src/scripts/modules/base.js:92:26)
      at Object.warn (tests/unit/storage.test.js:11:15)
      at setItem (src/scripts/storage.js:8524:19)
      at tryStoreCandidate (src/scripts/storage.js:8540:13)
      at attemptBackupWrite (src/scripts/storage.js:8617:26)
      at saveJSONToStorage (src/scripts/storage.js:14568:3)
      at saveFullBackupHistory (src/scripts/storage.js:14593:3)
      at Object.recordFullBackupHistoryEntry (tests/unit/storage.test.js:3392:7)

  console.log
    DEBUG: getSafeLocalStorage returning object

      at Proxy.apply (src/scripts/modules/base.js:92:26)

  console.warn
    MOCK SET: cameraPowerPlanner_fullBackups__legacyMigrationBackup = [{"createdAt":"2026-01-16T20:14:37.968Z","data":[{

      61 |       return undefined;
      62 |     }
    > 63 |     return originalFn(...args);
         |            ^
      64 |   };
      65 | };
      66 |

      at console.<anonymous> (tests/setup/jest.setup.cjs:63:12)
      at console.apply [as warn] (src/scripts/modules/base.js:92:26)
      at Proxy.apply (src/scripts/modules/base.js:92:26)
      at Proxy.apply (src/scripts/modules/base.js:92:26)
      at Proxy.apply (src/scripts/modules/base.js:92:26)
      at Object.warn (tests/unit/storage.test.js:11:15)
      at setItem (src/scripts/storage.js:5514:19)
      at tryStoreList (src/scripts/storage.js:5521:20)
      at createStorageMigrationBackup (src/scripts/storage.js:5239:3)
      at ensurePreWriteMigrationBackup (src/scripts/storage.js:14567:3)
      at saveFullBackupHistory (src/scripts/storage.js:14593:3)
      at Object.recordFullBackupHistoryEntry (tests/unit/storage.test.js:3392:7)

  console.log
    DEBUG: getSafeLocalStorage returning object

      at Proxy.apply (src/scripts/modules/base.js:92:26)

  console.warn
    MOCK SET: cameraPowerPlanner_fullBackups = [{"createdAt":"2024-01-01T00:00:00Z-0"},{"createdA

      61 |       return undefined;
      62 |     }
    > 63 |     return originalFn(...args);
         |            ^
      64 |   };
      65 | };
      66 |

      at console.<anonymous> (tests/setup/jest.setup.cjs:63:12)
      at console.apply [as warn] (src/scripts/modules/base.js:92:26)
      at Proxy.apply (src/scripts/modules/base.js:92:26)
      at Proxy.apply (src/scripts/modules/base.js:92:26)
      at Proxy.apply (src/scripts/modules/base.js:92:26)
      at Object.warn (tests/unit/storage.test.js:11:15)
      at setItem (src/scripts/storage.js:8463:17)
      at saveJSONToStorage (src/scripts/storage.js:14568:3)
      at saveFullBackupHistory (src/scripts/storage.js:14593:3)
      at Object.recordFullBackupHistoryEntry (tests/unit/storage.test.js:3392:7)

  console.warn
    MOCK SET: cameraPowerPlanner_fullBackups__backup = [{"createdAt":"2024-01-01T00:00:00Z-0"},{"createdA

      61 |       return undefined;
      62 |     }
    > 63 |     return originalFn(...args);
         |            ^
      64 |   };
      65 | };
      66 |

      at console.<anonymous> (tests/setup/jest.setup.cjs:63:12)
      at console.apply [as warn] (src/scripts/modules/base.js:92:26)
      at Proxy.apply (src/scripts/modules/base.js:92:26)
      at Proxy.apply (src/scripts/modules/base.js:92:26)
      at Proxy.apply (src/scripts/modules/base.js:92:26)
      at Object.warn (tests/unit/storage.test.js:11:15)
      at setItem (src/scripts/storage.js:8524:19)
      at tryStoreCandidate (src/scripts/storage.js:8540:13)
      at attemptBackupWrite (src/scripts/storage.js:8617:26)
      at saveJSONToStorage (src/scripts/storage.js:14568:3)
      at saveFullBackupHistory (src/scripts/storage.js:14593:3)
      at Object.recordFullBackupHistoryEntry (tests/unit/storage.test.js:3392:7)

  console.log
    DEBUG: getSafeLocalStorage returning object

      at Proxy.apply (src/scripts/modules/base.js:92:26)

  console.warn
    MOCK SET: cameraPowerPlanner_fullBackups__legacyMigrationBackup = [{"createdAt":"2026-01-16T20:14:37.973Z","data":[{

      61 |       return undefined;
      62 |     }
    > 63 |     return originalFn(...args);
         |            ^
      64 |   };
      65 | };
      66 |

      at console.<anonymous> (tests/setup/jest.setup.cjs:63:12)
      at console.apply [as warn] (src/scripts/modules/base.js:92:26)
      at Proxy.apply (src/scripts/modules/base.js:92:26)
      at Proxy.apply (src/scripts/modules/base.js:92:26)
      at Proxy.apply (src/scripts/modules/base.js:92:26)
      at Object.warn (tests/unit/storage.test.js:11:15)
      at setItem (src/scripts/storage.js:5514:19)
      at tryStoreList (src/scripts/storage.js:5521:20)
      at createStorageMigrationBackup (src/scripts/storage.js:5239:3)
      at ensurePreWriteMigrationBackup (src/scripts/storage.js:14567:3)
      at saveFullBackupHistory (src/scripts/storage.js:14593:3)
      at Object.recordFullBackupHistoryEntry (tests/unit/storage.test.js:3392:7)

  console.log
    DEBUG: getSafeLocalStorage returning object

      at Proxy.apply (src/scripts/modules/base.js:92:26)

  console.warn
    MOCK SET: cameraPowerPlanner_fullBackups = [{"createdAt":"2024-01-01T00:00:00Z-0"},{"createdA

      61 |       return undefined;
      62 |     }
    > 63 |     return originalFn(...args);
         |            ^
      64 |   };
      65 | };
      66 |

      at console.<anonymous> (tests/setup/jest.setup.cjs:63:12)
      at console.apply [as warn] (src/scripts/modules/base.js:92:26)
      at Proxy.apply (src/scripts/modules/base.js:92:26)
      at Proxy.apply (src/scripts/modules/base.js:92:26)
      at Proxy.apply (src/scripts/modules/base.js:92:26)
      at Object.warn (tests/unit/storage.test.js:11:15)
      at setItem (src/scripts/storage.js:8463:17)
      at saveJSONToStorage (src/scripts/storage.js:14568:3)
      at saveFullBackupHistory (src/scripts/storage.js:14593:3)
      at Object.recordFullBackupHistoryEntry (tests/unit/storage.test.js:3392:7)

  console.warn
    MOCK SET: cameraPowerPlanner_fullBackups__backup = [{"createdAt":"2024-01-01T00:00:00Z-0"},{"createdA

      61 |       return undefined;
      62 |     }
    > 63 |     return originalFn(...args);
         |            ^
      64 |   };
      65 | };
      66 |

      at console.<anonymous> (tests/setup/jest.setup.cjs:63:12)
      at console.apply [as warn] (src/scripts/modules/base.js:92:26)
      at Proxy.apply (src/scripts/modules/base.js:92:26)
      at Proxy.apply (src/scripts/modules/base.js:92:26)
      at Proxy.apply (src/scripts/modules/base.js:92:26)
      at Object.warn (tests/unit/storage.test.js:11:15)
      at setItem (src/scripts/storage.js:8524:19)
      at tryStoreCandidate (src/scripts/storage.js:8540:13)
      at attemptBackupWrite (src/scripts/storage.js:8617:26)
      at saveJSONToStorage (src/scripts/storage.js:14568:3)
      at saveFullBackupHistory (src/scripts/storage.js:14593:3)
      at Object.recordFullBackupHistoryEntry (tests/unit/storage.test.js:3392:7)

  console.log
    DEBUG: getSafeLocalStorage returning object

      at Proxy.apply (src/scripts/modules/base.js:92:26)

  console.warn
    MOCK SET: cameraPowerPlanner_fullBackups__legacyMigrationBackup = [{"createdAt":"2026-01-16T20:14:37.976Z","data":[{

      61 |       return undefined;
      62 |     }
    > 63 |     return originalFn(...args);
         |            ^
      64 |   };
      65 | };
      66 |

      at console.<anonymous> (tests/setup/jest.setup.cjs:63:12)
      at console.apply [as warn] (src/scripts/modules/base.js:92:26)
      at Proxy.apply (src/scripts/modules/base.js:92:26)
      at Proxy.apply (src/scripts/modules/base.js:92:26)
      at Proxy.apply (src/scripts/modules/base.js:92:26)
      at Object.warn (tests/unit/storage.test.js:11:15)
      at setItem (src/scripts/storage.js:5514:19)
      at tryStoreList (src/scripts/storage.js:5521:20)
      at createStorageMigrationBackup (src/scripts/storage.js:5239:3)
      at ensurePreWriteMigrationBackup (src/scripts/storage.js:14567:3)
      at saveFullBackupHistory (src/scripts/storage.js:14593:3)
      at Object.recordFullBackupHistoryEntry (tests/unit/storage.test.js:3392:7)

  console.log
    DEBUG: getSafeLocalStorage returning object

      at Proxy.apply (src/scripts/modules/base.js:92:26)

  console.warn
    MOCK SET: cameraPowerPlanner_fullBackups = [{"createdAt":"2024-01-01T00:00:00Z-0"},{"createdA

      61 |       return undefined;
      62 |     }
    > 63 |     return originalFn(...args);
         |            ^
      64 |   };
      65 | };
      66 |

      at console.<anonymous> (tests/setup/jest.setup.cjs:63:12)
      at console.apply [as warn] (src/scripts/modules/base.js:92:26)
      at Proxy.apply (src/scripts/modules/base.js:92:26)
      at Proxy.apply (src/scripts/modules/base.js:92:26)
      at Proxy.apply (src/scripts/modules/base.js:92:26)
      at Object.warn (tests/unit/storage.test.js:11:15)
      at setItem (src/scripts/storage.js:8463:17)
      at saveJSONToStorage (src/scripts/storage.js:14568:3)
      at saveFullBackupHistory (src/scripts/storage.js:14593:3)
      at Object.recordFullBackupHistoryEntry (tests/unit/storage.test.js:3392:7)

  console.warn
    MOCK SET: cameraPowerPlanner_fullBackups__backup = [{"createdAt":"2024-01-01T00:00:00Z-0"},{"createdA

      61 |       return undefined;
      62 |     }
    > 63 |     return originalFn(...args);
         |            ^
      64 |   };
      65 | };
      66 |

      at console.<anonymous> (tests/setup/jest.setup.cjs:63:12)
      at console.apply [as warn] (src/scripts/modules/base.js:92:26)
      at Proxy.apply (src/scripts/modules/base.js:92:26)
      at Proxy.apply (src/scripts/modules/base.js:92:26)
      at Proxy.apply (src/scripts/modules/base.js:92:26)
      at Object.warn (tests/unit/storage.test.js:11:15)
      at setItem (src/scripts/storage.js:8524:19)
      at tryStoreCandidate (src/scripts/storage.js:8540:13)
      at attemptBackupWrite (src/scripts/storage.js:8617:26)
      at saveJSONToStorage (src/scripts/storage.js:14568:3)
      at saveFullBackupHistory (src/scripts/storage.js:14593:3)
      at Object.recordFullBackupHistoryEntry (tests/unit/storage.test.js:3392:7)

  console.log
    DEBUG: getSafeLocalStorage returning object

      at Proxy.apply (src/scripts/modules/base.js:92:26)

  console.warn
    MOCK SET: cameraPowerPlanner_fullBackups__legacyMigrationBackup = [{"createdAt":"2026-01-16T20:14:37.979Z","data":[{

      61 |       return undefined;
      62 |     }
    > 63 |     return originalFn(...args);
         |            ^
      64 |   };
      65 | };
      66 |

      at console.<anonymous> (tests/setup/jest.setup.cjs:63:12)
      at console.apply [as warn] (src/scripts/modules/base.js:92:26)
      at Proxy.apply (src/scripts/modules/base.js:92:26)
      at Proxy.apply (src/scripts/modules/base.js:92:26)
      at Proxy.apply (src/scripts/modules/base.js:92:26)
      at Object.warn (tests/unit/storage.test.js:11:15)
      at setItem (src/scripts/storage.js:5514:19)
      at tryStoreList (src/scripts/storage.js:5521:20)
      at createStorageMigrationBackup (src/scripts/storage.js:5239:3)
      at ensurePreWriteMigrationBackup (src/scripts/storage.js:14567:3)
      at saveFullBackupHistory (src/scripts/storage.js:14593:3)
      at Object.recordFullBackupHistoryEntry (tests/unit/storage.test.js:3392:7)

  console.log
    DEBUG: getSafeLocalStorage returning object

      at Proxy.apply (src/scripts/modules/base.js:92:26)

  console.warn
    MOCK SET: cameraPowerPlanner_fullBackups = [{"createdAt":"2024-01-01T00:00:00Z-0"},{"createdA

      61 |       return undefined;
      62 |     }
    > 63 |     return originalFn(...args);
         |            ^
      64 |   };
      65 | };
      66 |

      at console.<anonymous> (tests/setup/jest.setup.cjs:63:12)
      at console.apply [as warn] (src/scripts/modules/base.js:92:26)
      at Proxy.apply (src/scripts/modules/base.js:92:26)
      at Proxy.apply (src/scripts/modules/base.js:92:26)
      at Proxy.apply (src/scripts/modules/base.js:92:26)
      at Object.warn (tests/unit/storage.test.js:11:15)
      at setItem (src/scripts/storage.js:8463:17)
      at saveJSONToStorage (src/scripts/storage.js:14568:3)
      at saveFullBackupHistory (src/scripts/storage.js:14593:3)
      at Object.recordFullBackupHistoryEntry (tests/unit/storage.test.js:3392:7)

  console.warn
    MOCK SET: cameraPowerPlanner_fullBackups__backup = [{"createdAt":"2024-01-01T00:00:00Z-0"},{"createdA

      61 |       return undefined;
      62 |     }
    > 63 |     return originalFn(...args);
         |            ^
      64 |   };
      65 | };
      66 |

      at console.<anonymous> (tests/setup/jest.setup.cjs:63:12)
      at console.apply [as warn] (src/scripts/modules/base.js:92:26)
      at Proxy.apply (src/scripts/modules/base.js:92:26)
      at Proxy.apply (src/scripts/modules/base.js:92:26)
      at Proxy.apply (src/scripts/modules/base.js:92:26)
      at Object.warn (tests/unit/storage.test.js:11:15)
      at setItem (src/scripts/storage.js:8524:19)
      at tryStoreCandidate (src/scripts/storage.js:8540:13)
      at attemptBackupWrite (src/scripts/storage.js:8617:26)
      at saveJSONToStorage (src/scripts/storage.js:14568:3)
      at saveFullBackupHistory (src/scripts/storage.js:14593:3)
      at Object.recordFullBackupHistoryEntry (tests/unit/storage.test.js:3392:7)

  console.log
    DEBUG: getSafeLocalStorage returning object

      at Proxy.apply (src/scripts/modules/base.js:92:26)

  console.warn
    MOCK SET: cameraPowerPlanner_fullBackups__legacyMigrationBackup = [{"createdAt":"2026-01-16T20:14:37.982Z","data":[{

      61 |       return undefined;
      62 |     }
    > 63 |     return originalFn(...args);
         |            ^
      64 |   };
      65 | };
      66 |

      at console.<anonymous> (tests/setup/jest.setup.cjs:63:12)
      at console.apply [as warn] (src/scripts/modules/base.js:92:26)
      at Proxy.apply (src/scripts/modules/base.js:92:26)
      at Proxy.apply (src/scripts/modules/base.js:92:26)
      at Proxy.apply (src/scripts/modules/base.js:92:26)
      at Object.warn (tests/unit/storage.test.js:11:15)
      at setItem (src/scripts/storage.js:5514:19)
      at tryStoreList (src/scripts/storage.js:5521:20)
      at createStorageMigrationBackup (src/scripts/storage.js:5239:3)
      at ensurePreWriteMigrationBackup (src/scripts/storage.js:14567:3)
      at saveFullBackupHistory (src/scripts/storage.js:14593:3)
      at Object.recordFullBackupHistoryEntry (tests/unit/storage.test.js:3392:7)

  console.log
    DEBUG: getSafeLocalStorage returning object

      at Proxy.apply (src/scripts/modules/base.js:92:26)

  console.warn
    MOCK SET: cameraPowerPlanner_fullBackups = [{"createdAt":"2024-01-01T00:00:00Z-0"},{"createdA

      61 |       return undefined;
      62 |     }
    > 63 |     return originalFn(...args);
         |            ^
      64 |   };
      65 | };
      66 |

      at console.<anonymous> (tests/setup/jest.setup.cjs:63:12)
      at console.apply [as warn] (src/scripts/modules/base.js:92:26)
      at Proxy.apply (src/scripts/modules/base.js:92:26)
      at Proxy.apply (src/scripts/modules/base.js:92:26)
      at Proxy.apply (src/scripts/modules/base.js:92:26)
      at Object.warn (tests/unit/storage.test.js:11:15)
      at setItem (src/scripts/storage.js:8463:17)
      at saveJSONToStorage (src/scripts/storage.js:14568:3)
      at saveFullBackupHistory (src/scripts/storage.js:14593:3)
      at Object.recordFullBackupHistoryEntry (tests/unit/storage.test.js:3392:7)

  console.warn
    MOCK SET: cameraPowerPlanner_fullBackups__backup = [{"createdAt":"2024-01-01T00:00:00Z-0"},{"createdA

      61 |       return undefined;
      62 |     }
    > 63 |     return originalFn(...args);
         |            ^
      64 |   };
      65 | };
      66 |

      at console.<anonymous> (tests/setup/jest.setup.cjs:63:12)
      at console.apply [as warn] (src/scripts/modules/base.js:92:26)
      at Proxy.apply (src/scripts/modules/base.js:92:26)
      at Proxy.apply (src/scripts/modules/base.js:92:26)
      at Proxy.apply (src/scripts/modules/base.js:92:26)
      at Object.warn (tests/unit/storage.test.js:11:15)
      at setItem (src/scripts/storage.js:8524:19)
      at tryStoreCandidate (src/scripts/storage.js:8540:13)
      at attemptBackupWrite (src/scripts/storage.js:8617:26)
      at saveJSONToStorage (src/scripts/storage.js:14568:3)
      at saveFullBackupHistory (src/scripts/storage.js:14593:3)
      at Object.recordFullBackupHistoryEntry (tests/unit/storage.test.js:3392:7)

  console.log
    DEBUG: getSafeLocalStorage returning object

      at Proxy.apply (src/scripts/modules/base.js:92:26)

  console.warn
    MOCK SET: cameraPowerPlanner_fullBackups__legacyMigrationBackup = [{"createdAt":"2026-01-16T20:14:37.985Z","data":[{

      61 |       return undefined;
      62 |     }
    > 63 |     return originalFn(...args);
         |            ^
      64 |   };
      65 | };
      66 |

      at console.<anonymous> (tests/setup/jest.setup.cjs:63:12)
      at console.apply [as warn] (src/scripts/modules/base.js:92:26)
      at Proxy.apply (src/scripts/modules/base.js:92:26)
      at Proxy.apply (src/scripts/modules/base.js:92:26)
      at Proxy.apply (src/scripts/modules/base.js:92:26)
      at Object.warn (tests/unit/storage.test.js:11:15)
      at setItem (src/scripts/storage.js:5514:19)
      at tryStoreList (src/scripts/storage.js:5521:20)
      at createStorageMigrationBackup (src/scripts/storage.js:5239:3)
      at ensurePreWriteMigrationBackup (src/scripts/storage.js:14567:3)
      at saveFullBackupHistory (src/scripts/storage.js:14593:3)
      at Object.recordFullBackupHistoryEntry (tests/unit/storage.test.js:3392:7)

  console.log
    DEBUG: getSafeLocalStorage returning object

      at Proxy.apply (src/scripts/modules/base.js:92:26)

  console.warn
    MOCK SET: cameraPowerPlanner_fullBackups = [{"createdAt":"2024-01-01T00:00:00Z-0"},{"createdA

      61 |       return undefined;
      62 |     }
    > 63 |     return originalFn(...args);
         |            ^
      64 |   };
      65 | };
      66 |

      at console.<anonymous> (tests/setup/jest.setup.cjs:63:12)
      at console.apply [as warn] (src/scripts/modules/base.js:92:26)
      at Proxy.apply (src/scripts/modules/base.js:92:26)
      at Proxy.apply (src/scripts/modules/base.js:92:26)
      at Proxy.apply (src/scripts/modules/base.js:92:26)
      at Object.warn (tests/unit/storage.test.js:11:15)
      at setItem (src/scripts/storage.js:8463:17)
      at saveJSONToStorage (src/scripts/storage.js:14568:3)
      at saveFullBackupHistory (src/scripts/storage.js:14593:3)
      at Object.recordFullBackupHistoryEntry (tests/unit/storage.test.js:3392:7)

  console.warn
    MOCK SET: cameraPowerPlanner_fullBackups__backup = [{"createdAt":"2024-01-01T00:00:00Z-0"},{"createdA

      61 |       return undefined;
      62 |     }
    > 63 |     return originalFn(...args);
         |            ^
      64 |   };
      65 | };
      66 |

      at console.<anonymous> (tests/setup/jest.setup.cjs:63:12)
      at console.apply [as warn] (src/scripts/modules/base.js:92:26)
      at Proxy.apply (src/scripts/modules/base.js:92:26)
      at Proxy.apply (src/scripts/modules/base.js:92:26)
      at Proxy.apply (src/scripts/modules/base.js:92:26)
      at Object.warn (tests/unit/storage.test.js:11:15)
      at setItem (src/scripts/storage.js:8524:19)
      at tryStoreCandidate (src/scripts/storage.js:8540:13)
      at attemptBackupWrite (src/scripts/storage.js:8617:26)
      at saveJSONToStorage (src/scripts/storage.js:14568:3)
      at saveFullBackupHistory (src/scripts/storage.js:14593:3)
      at Object.recordFullBackupHistoryEntry (tests/unit/storage.test.js:3392:7)

  console.log
    DEBUG: getSafeLocalStorage returning object

      at Proxy.apply (src/scripts/modules/base.js:92:26)

  console.warn
    MOCK SET: cameraPowerPlanner_fullBackups__legacyMigrationBackup = [{"createdAt":"2026-01-16T20:14:37.988Z","data":[{

      61 |       return undefined;
      62 |     }
    > 63 |     return originalFn(...args);
         |            ^
      64 |   };
      65 | };
      66 |

      at console.<anonymous> (tests/setup/jest.setup.cjs:63:12)
      at console.apply [as warn] (src/scripts/modules/base.js:92:26)
      at Proxy.apply (src/scripts/modules/base.js:92:26)
      at Proxy.apply (src/scripts/modules/base.js:92:26)
      at Proxy.apply (src/scripts/modules/base.js:92:26)
      at Object.warn (tests/unit/storage.test.js:11:15)
      at setItem (src/scripts/storage.js:5514:19)
      at tryStoreList (src/scripts/storage.js:5521:20)
      at createStorageMigrationBackup (src/scripts/storage.js:5239:3)
      at ensurePreWriteMigrationBackup (src/scripts/storage.js:14567:3)
      at saveFullBackupHistory (src/scripts/storage.js:14593:3)
      at Object.recordFullBackupHistoryEntry (tests/unit/storage.test.js:3392:7)

  console.log
    DEBUG: getSafeLocalStorage returning object

      at Proxy.apply (src/scripts/modules/base.js:92:26)

  console.warn
    MOCK SET: cameraPowerPlanner_fullBackups = [{"createdAt":"2024-01-01T00:00:00Z-0"},{"createdA

      61 |       return undefined;
      62 |     }
    > 63 |     return originalFn(...args);
         |            ^
      64 |   };
      65 | };
      66 |

      at console.<anonymous> (tests/setup/jest.setup.cjs:63:12)
      at console.apply [as warn] (src/scripts/modules/base.js:92:26)
      at Proxy.apply (src/scripts/modules/base.js:92:26)
      at Proxy.apply (src/scripts/modules/base.js:92:26)
      at Proxy.apply (src/scripts/modules/base.js:92:26)
      at Object.warn (tests/unit/storage.test.js:11:15)
      at setItem (src/scripts/storage.js:8463:17)
      at saveJSONToStorage (src/scripts/storage.js:14568:3)
      at saveFullBackupHistory (src/scripts/storage.js:14593:3)
      at Object.recordFullBackupHistoryEntry (tests/unit/storage.test.js:3392:7)

  console.warn
    MOCK SET: cameraPowerPlanner_fullBackups__backup = [{"createdAt":"2024-01-01T00:00:00Z-0"},{"createdA

      61 |       return undefined;
      62 |     }
    > 63 |     return originalFn(...args);
         |            ^
      64 |   };
      65 | };
      66 |

      at console.<anonymous> (tests/setup/jest.setup.cjs:63:12)
      at console.apply [as warn] (src/scripts/modules/base.js:92:26)
      at Proxy.apply (src/scripts/modules/base.js:92:26)
      at Proxy.apply (src/scripts/modules/base.js:92:26)
      at Proxy.apply (src/scripts/modules/base.js:92:26)
      at Object.warn (tests/unit/storage.test.js:11:15)
      at setItem (src/scripts/storage.js:8524:19)
      at tryStoreCandidate (src/scripts/storage.js:8540:13)
      at attemptBackupWrite (src/scripts/storage.js:8617:26)
      at saveJSONToStorage (src/scripts/storage.js:14568:3)
      at saveFullBackupHistory (src/scripts/storage.js:14593:3)
      at Object.recordFullBackupHistoryEntry (tests/unit/storage.test.js:3392:7)

  console.log
    DEBUG: getSafeLocalStorage returning object

      at Proxy.apply (src/scripts/modules/base.js:92:26)

  console.warn
    MOCK SET: cameraPowerPlanner_fullBackups__legacyMigrationBackup = [{"createdAt":"2026-01-16T20:14:37.993Z","data":[{

      61 |       return undefined;
      62 |     }
    > 63 |     return originalFn(...args);
         |            ^
      64 |   };
      65 | };
      66 |

      at console.<anonymous> (tests/setup/jest.setup.cjs:63:12)
      at console.apply [as warn] (src/scripts/modules/base.js:92:26)
      at Proxy.apply (src/scripts/modules/base.js:92:26)
      at Proxy.apply (src/scripts/modules/base.js:92:26)
      at Proxy.apply (src/scripts/modules/base.js:92:26)
      at Object.warn (tests/unit/storage.test.js:11:15)
      at setItem (src/scripts/storage.js:5514:19)
      at tryStoreList (src/scripts/storage.js:5521:20)
      at createStorageMigrationBackup (src/scripts/storage.js:5239:3)
      at ensurePreWriteMigrationBackup (src/scripts/storage.js:14567:3)
      at saveFullBackupHistory (src/scripts/storage.js:14593:3)
      at Object.recordFullBackupHistoryEntry (tests/unit/storage.test.js:3392:7)

  console.log
    DEBUG: getSafeLocalStorage returning object

      at Proxy.apply (src/scripts/modules/base.js:92:26)

  console.warn
    MOCK SET: cameraPowerPlanner_fullBackups = [{"createdAt":"2024-01-01T00:00:00Z-0"},{"createdA

      61 |       return undefined;
      62 |     }
    > 63 |     return originalFn(...args);
         |            ^
      64 |   };
      65 | };
      66 |

      at console.<anonymous> (tests/setup/jest.setup.cjs:63:12)
      at console.apply [as warn] (src/scripts/modules/base.js:92:26)
      at Proxy.apply (src/scripts/modules/base.js:92:26)
      at Proxy.apply (src/scripts/modules/base.js:92:26)
      at Proxy.apply (src/scripts/modules/base.js:92:26)
      at Object.warn (tests/unit/storage.test.js:11:15)
      at setItem (src/scripts/storage.js:8463:17)
      at saveJSONToStorage (src/scripts/storage.js:14568:3)
      at saveFullBackupHistory (src/scripts/storage.js:14593:3)
      at Object.recordFullBackupHistoryEntry (tests/unit/storage.test.js:3392:7)

  console.warn
    MOCK SET: cameraPowerPlanner_fullBackups__backup = [{"createdAt":"2024-01-01T00:00:00Z-0"},{"createdA

      61 |       return undefined;
      62 |     }
    > 63 |     return originalFn(...args);
         |            ^
      64 |   };
      65 | };
      66 |

      at console.<anonymous> (tests/setup/jest.setup.cjs:63:12)
      at console.apply [as warn] (src/scripts/modules/base.js:92:26)
      at Proxy.apply (src/scripts/modules/base.js:92:26)
      at Proxy.apply (src/scripts/modules/base.js:92:26)
      at Proxy.apply (src/scripts/modules/base.js:92:26)
      at Object.warn (tests/unit/storage.test.js:11:15)
      at setItem (src/scripts/storage.js:8524:19)
      at tryStoreCandidate (src/scripts/storage.js:8540:13)
      at attemptBackupWrite (src/scripts/storage.js:8617:26)
      at saveJSONToStorage (src/scripts/storage.js:14568:3)
      at saveFullBackupHistory (src/scripts/storage.js:14593:3)
      at Object.recordFullBackupHistoryEntry (tests/unit/storage.test.js:3392:7)

  console.log
    DEBUG: getSafeLocalStorage returning object

      at Proxy.apply (src/scripts/modules/base.js:92:26)

  console.warn
    MOCK SET: cameraPowerPlanner_fullBackups__legacyMigrationBackup = [{"createdAt":"2026-01-16T20:14:37.996Z","data":[{

      61 |       return undefined;
      62 |     }
    > 63 |     return originalFn(...args);
         |            ^
      64 |   };
      65 | };
      66 |

      at console.<anonymous> (tests/setup/jest.setup.cjs:63:12)
      at console.apply [as warn] (src/scripts/modules/base.js:92:26)
      at Proxy.apply (src/scripts/modules/base.js:92:26)
      at Proxy.apply (src/scripts/modules/base.js:92:26)
      at Proxy.apply (src/scripts/modules/base.js:92:26)
      at Object.warn (tests/unit/storage.test.js:11:15)
      at setItem (src/scripts/storage.js:5514:19)
      at tryStoreList (src/scripts/storage.js:5521:20)
      at createStorageMigrationBackup (src/scripts/storage.js:5239:3)
      at ensurePreWriteMigrationBackup (src/scripts/storage.js:14567:3)
      at saveFullBackupHistory (src/scripts/storage.js:14593:3)
      at Object.recordFullBackupHistoryEntry (tests/unit/storage.test.js:3392:7)

  console.log
    DEBUG: getSafeLocalStorage returning object

      at Proxy.apply (src/scripts/modules/base.js:92:26)

  console.warn
    MOCK SET: cameraPowerPlanner_fullBackups = [{"createdAt":"2024-01-01T00:00:00Z-0"},{"createdA

      61 |       return undefined;
      62 |     }
    > 63 |     return originalFn(...args);
         |            ^
      64 |   };
      65 | };
      66 |

      at console.<anonymous> (tests/setup/jest.setup.cjs:63:12)
      at console.apply [as warn] (src/scripts/modules/base.js:92:26)
      at Proxy.apply (src/scripts/modules/base.js:92:26)
      at Proxy.apply (src/scripts/modules/base.js:92:26)
      at Proxy.apply (src/scripts/modules/base.js:92:26)
      at Object.warn (tests/unit/storage.test.js:11:15)
      at setItem (src/scripts/storage.js:8463:17)
      at saveJSONToStorage (src/scripts/storage.js:14568:3)
      at saveFullBackupHistory (src/scripts/storage.js:14593:3)
      at Object.recordFullBackupHistoryEntry (tests/unit/storage.test.js:3392:7)

  console.warn
    MOCK SET: cameraPowerPlanner_fullBackups__backup = [{"createdAt":"2024-01-01T00:00:00Z-0"},{"createdA

      61 |       return undefined;
      62 |     }
    > 63 |     return originalFn(...args);
         |            ^
      64 |   };
      65 | };
      66 |

      at console.<anonymous> (tests/setup/jest.setup.cjs:63:12)
      at console.apply [as warn] (src/scripts/modules/base.js:92:26)
      at Proxy.apply (src/scripts/modules/base.js:92:26)
      at Proxy.apply (src/scripts/modules/base.js:92:26)
      at Proxy.apply (src/scripts/modules/base.js:92:26)
      at Object.warn (tests/unit/storage.test.js:11:15)
      at setItem (src/scripts/storage.js:8524:19)
      at tryStoreCandidate (src/scripts/storage.js:8540:13)
      at attemptBackupWrite (src/scripts/storage.js:8617:26)
      at saveJSONToStorage (src/scripts/storage.js:14568:3)
      at saveFullBackupHistory (src/scripts/storage.js:14593:3)
      at Object.recordFullBackupHistoryEntry (tests/unit/storage.test.js:3392:7)

  console.log
    DEBUG: getSafeLocalStorage returning object

      at Proxy.apply (src/scripts/modules/base.js:92:26)

  console.warn
    MOCK SET: cameraPowerPlanner_fullBackups__legacyMigrationBackup = [{"createdAt":"2026-01-16T20:14:37.999Z","data":[{

      61 |       return undefined;
      62 |     }
    > 63 |     return originalFn(...args);
         |            ^
      64 |   };
      65 | };
      66 |

      at console.<anonymous> (tests/setup/jest.setup.cjs:63:12)
      at console.apply [as warn] (src/scripts/modules/base.js:92:26)
      at Proxy.apply (src/scripts/modules/base.js:92:26)
      at Proxy.apply (src/scripts/modules/base.js:92:26)
      at Proxy.apply (src/scripts/modules/base.js:92:26)
      at Object.warn (tests/unit/storage.test.js:11:15)
      at setItem (src/scripts/storage.js:5514:19)
      at tryStoreList (src/scripts/storage.js:5521:20)
      at createStorageMigrationBackup (src/scripts/storage.js:5239:3)
      at ensurePreWriteMigrationBackup (src/scripts/storage.js:14567:3)
      at saveFullBackupHistory (src/scripts/storage.js:14593:3)
      at Object.recordFullBackupHistoryEntry (tests/unit/storage.test.js:3392:7)

  console.log
    DEBUG: getSafeLocalStorage returning object

      at Proxy.apply (src/scripts/modules/base.js:92:26)

  console.warn
    MOCK SET: cameraPowerPlanner_fullBackups = [{"createdAt":"2024-01-01T00:00:00Z-0"},{"createdA

      61 |       return undefined;
      62 |     }
    > 63 |     return originalFn(...args);
         |            ^
      64 |   };
      65 | };
      66 |

      at console.<anonymous> (tests/setup/jest.setup.cjs:63:12)
      at console.apply [as warn] (src/scripts/modules/base.js:92:26)
      at Proxy.apply (src/scripts/modules/base.js:92:26)
      at Proxy.apply (src/scripts/modules/base.js:92:26)
      at Proxy.apply (src/scripts/modules/base.js:92:26)
      at Object.warn (tests/unit/storage.test.js:11:15)
      at setItem (src/scripts/storage.js:8463:17)
      at saveJSONToStorage (src/scripts/storage.js:14568:3)
      at saveFullBackupHistory (src/scripts/storage.js:14593:3)
      at Object.recordFullBackupHistoryEntry (tests/unit/storage.test.js:3392:7)

  console.warn
    MOCK SET: cameraPowerPlanner_fullBackups__backup = [{"createdAt":"2024-01-01T00:00:00Z-0"},{"createdA

      61 |       return undefined;
      62 |     }
    > 63 |     return originalFn(...args);
         |            ^
      64 |   };
      65 | };
      66 |

      at console.<anonymous> (tests/setup/jest.setup.cjs:63:12)
      at console.apply [as warn] (src/scripts/modules/base.js:92:26)
      at Proxy.apply (src/scripts/modules/base.js:92:26)
      at Proxy.apply (src/scripts/modules/base.js:92:26)
      at Proxy.apply (src/scripts/modules/base.js:92:26)
      at Object.warn (tests/unit/storage.test.js:11:15)
      at setItem (src/scripts/storage.js:8524:19)
      at tryStoreCandidate (src/scripts/storage.js:8540:13)
      at attemptBackupWrite (src/scripts/storage.js:8617:26)
      at saveJSONToStorage (src/scripts/storage.js:14568:3)
      at saveFullBackupHistory (src/scripts/storage.js:14593:3)
      at Object.recordFullBackupHistoryEntry (tests/unit/storage.test.js:3392:7)

  console.log
    DEBUG: getSafeLocalStorage returning object

      at Proxy.apply (src/scripts/modules/base.js:92:26)

  console.warn
    MOCK SET: cameraPowerPlanner_fullBackups__legacyMigrationBackup = [{"createdAt":"2026-01-16T20:14:38.002Z","data":[{

      61 |       return undefined;
      62 |     }
    > 63 |     return originalFn(...args);
         |            ^
      64 |   };
      65 | };
      66 |

      at console.<anonymous> (tests/setup/jest.setup.cjs:63:12)
      at console.apply [as warn] (src/scripts/modules/base.js:92:26)
      at Proxy.apply (src/scripts/modules/base.js:92:26)
      at Proxy.apply (src/scripts/modules/base.js:92:26)
      at Proxy.apply (src/scripts/modules/base.js:92:26)
      at Object.warn (tests/unit/storage.test.js:11:15)
      at setItem (src/scripts/storage.js:5514:19)
      at tryStoreList (src/scripts/storage.js:5521:20)
      at createStorageMigrationBackup (src/scripts/storage.js:5239:3)
      at ensurePreWriteMigrationBackup (src/scripts/storage.js:14567:3)
      at saveFullBackupHistory (src/scripts/storage.js:14593:3)
      at Object.recordFullBackupHistoryEntry (tests/unit/storage.test.js:3392:7)

  console.log
    DEBUG: getSafeLocalStorage returning object

      at Proxy.apply (src/scripts/modules/base.js:92:26)

  console.warn
    MOCK SET: cameraPowerPlanner_fullBackups = [{"createdAt":"2024-01-01T00:00:00Z-0"},{"createdA

      61 |       return undefined;
      62 |     }
    > 63 |     return originalFn(...args);
         |            ^
      64 |   };
      65 | };
      66 |

      at console.<anonymous> (tests/setup/jest.setup.cjs:63:12)
      at console.apply [as warn] (src/scripts/modules/base.js:92:26)
      at Proxy.apply (src/scripts/modules/base.js:92:26)
      at Proxy.apply (src/scripts/modules/base.js:92:26)
      at Proxy.apply (src/scripts/modules/base.js:92:26)
      at Object.warn (tests/unit/storage.test.js:11:15)
      at setItem (src/scripts/storage.js:8463:17)
      at saveJSONToStorage (src/scripts/storage.js:14568:3)
      at saveFullBackupHistory (src/scripts/storage.js:14593:3)
      at Object.recordFullBackupHistoryEntry (tests/unit/storage.test.js:3392:7)

  console.warn
    MOCK SET: cameraPowerPlanner_fullBackups__backup = [{"createdAt":"2024-01-01T00:00:00Z-0"},{"createdA

      61 |       return undefined;
      62 |     }
    > 63 |     return originalFn(...args);
         |            ^
      64 |   };
      65 | };
      66 |

      at console.<anonymous> (tests/setup/jest.setup.cjs:63:12)
      at console.apply [as warn] (src/scripts/modules/base.js:92:26)
      at Proxy.apply (src/scripts/modules/base.js:92:26)
      at Proxy.apply (src/scripts/modules/base.js:92:26)
      at Proxy.apply (src/scripts/modules/base.js:92:26)
      at Object.warn (tests/unit/storage.test.js:11:15)
      at setItem (src/scripts/storage.js:8524:19)
      at tryStoreCandidate (src/scripts/storage.js:8540:13)
      at attemptBackupWrite (src/scripts/storage.js:8617:26)
      at saveJSONToStorage (src/scripts/storage.js:14568:3)
      at saveFullBackupHistory (src/scripts/storage.js:14593:3)
      at Object.recordFullBackupHistoryEntry (tests/unit/storage.test.js:3392:7)

  console.log
    DEBUG: getSafeLocalStorage returning object

      at Proxy.apply (src/scripts/modules/base.js:92:26)

  console.warn
    MOCK SET: cameraPowerPlanner_fullBackups__legacyMigrationBackup = [{"createdAt":"2026-01-16T20:14:38.005Z","data":[{

      61 |       return undefined;
      62 |     }
    > 63 |     return originalFn(...args);
         |            ^
      64 |   };
      65 | };
      66 |

      at console.<anonymous> (tests/setup/jest.setup.cjs:63:12)
      at console.apply [as warn] (src/scripts/modules/base.js:92:26)
      at Proxy.apply (src/scripts/modules/base.js:92:26)
      at Proxy.apply (src/scripts/modules/base.js:92:26)
      at Proxy.apply (src/scripts/modules/base.js:92:26)
      at Object.warn (tests/unit/storage.test.js:11:15)
      at setItem (src/scripts/storage.js:5514:19)
      at tryStoreList (src/scripts/storage.js:5521:20)
      at createStorageMigrationBackup (src/scripts/storage.js:5239:3)
      at ensurePreWriteMigrationBackup (src/scripts/storage.js:14567:3)
      at saveFullBackupHistory (src/scripts/storage.js:14593:3)
      at Object.recordFullBackupHistoryEntry (tests/unit/storage.test.js:3392:7)

  console.log
    DEBUG: getSafeLocalStorage returning object

      at Proxy.apply (src/scripts/modules/base.js:92:26)

  console.warn
    MOCK SET: cameraPowerPlanner_fullBackups = [{"createdAt":"2024-01-01T00:00:00Z-0"},{"createdA

      61 |       return undefined;
      62 |     }
    > 63 |     return originalFn(...args);
         |            ^
      64 |   };
      65 | };
      66 |

      at console.<anonymous> (tests/setup/jest.setup.cjs:63:12)
      at console.apply [as warn] (src/scripts/modules/base.js:92:26)
      at Proxy.apply (src/scripts/modules/base.js:92:26)
      at Proxy.apply (src/scripts/modules/base.js:92:26)
      at Proxy.apply (src/scripts/modules/base.js:92:26)
      at Object.warn (tests/unit/storage.test.js:11:15)
      at setItem (src/scripts/storage.js:8463:17)
      at saveJSONToStorage (src/scripts/storage.js:14568:3)
      at saveFullBackupHistory (src/scripts/storage.js:14593:3)
      at Object.recordFullBackupHistoryEntry (tests/unit/storage.test.js:3392:7)

  console.warn
    MOCK SET: cameraPowerPlanner_fullBackups__backup = [{"createdAt":"2024-01-01T00:00:00Z-0"},{"createdA

      61 |       return undefined;
      62 |     }
    > 63 |     return originalFn(...args);
         |            ^
      64 |   };
      65 | };
      66 |

      at console.<anonymous> (tests/setup/jest.setup.cjs:63:12)
      at console.apply [as warn] (src/scripts/modules/base.js:92:26)
      at Proxy.apply (src/scripts/modules/base.js:92:26)
      at Proxy.apply (src/scripts/modules/base.js:92:26)
      at Proxy.apply (src/scripts/modules/base.js:92:26)
      at Object.warn (tests/unit/storage.test.js:11:15)
      at setItem (src/scripts/storage.js:8524:19)
      at tryStoreCandidate (src/scripts/storage.js:8540:13)
      at attemptBackupWrite (src/scripts/storage.js:8617:26)
      at saveJSONToStorage (src/scripts/storage.js:14568:3)
      at saveFullBackupHistory (src/scripts/storage.js:14593:3)
      at Object.recordFullBackupHistoryEntry (tests/unit/storage.test.js:3392:7)

  console.log
    DEBUG: getSafeLocalStorage returning object

      at Proxy.apply (src/scripts/modules/base.js:92:26)

  console.warn
    MOCK SET: cameraPowerPlanner_fullBackups__legacyMigrationBackup = [{"createdAt":"2026-01-16T20:14:38.008Z","data":[{

      61 |       return undefined;
      62 |     }
    > 63 |     return originalFn(...args);
         |            ^
      64 |   };
      65 | };
      66 |

      at console.<anonymous> (tests/setup/jest.setup.cjs:63:12)
      at console.apply [as warn] (src/scripts/modules/base.js:92:26)
      at Proxy.apply (src/scripts/modules/base.js:92:26)
      at Proxy.apply (src/scripts/modules/base.js:92:26)
      at Proxy.apply (src/scripts/modules/base.js:92:26)
      at Object.warn (tests/unit/storage.test.js:11:15)
      at setItem (src/scripts/storage.js:5514:19)
      at tryStoreList (src/scripts/storage.js:5521:20)
      at createStorageMigrationBackup (src/scripts/storage.js:5239:3)
      at ensurePreWriteMigrationBackup (src/scripts/storage.js:14567:3)
      at saveFullBackupHistory (src/scripts/storage.js:14593:3)
      at Object.recordFullBackupHistoryEntry (tests/unit/storage.test.js:3392:7)

  console.log
    DEBUG: getSafeLocalStorage returning object

      at Proxy.apply (src/scripts/modules/base.js:92:26)

  console.warn
    MOCK SET: cameraPowerPlanner_fullBackups = [{"createdAt":"2024-01-01T00:00:00Z-0"},{"createdA

      61 |       return undefined;
      62 |     }
    > 63 |     return originalFn(...args);
         |            ^
      64 |   };
      65 | };
      66 |

      at console.<anonymous> (tests/setup/jest.setup.cjs:63:12)
      at console.apply [as warn] (src/scripts/modules/base.js:92:26)
      at Proxy.apply (src/scripts/modules/base.js:92:26)
      at Proxy.apply (src/scripts/modules/base.js:92:26)
      at Proxy.apply (src/scripts/modules/base.js:92:26)
      at Object.warn (tests/unit/storage.test.js:11:15)
      at setItem (src/scripts/storage.js:8463:17)
      at saveJSONToStorage (src/scripts/storage.js:14568:3)
      at saveFullBackupHistory (src/scripts/storage.js:14593:3)
      at Object.recordFullBackupHistoryEntry (tests/unit/storage.test.js:3392:7)

  console.warn
    MOCK SET: cameraPowerPlanner_fullBackups__backup = [{"createdAt":"2024-01-01T00:00:00Z-0"},{"createdA

      61 |       return undefined;
      62 |     }
    > 63 |     return originalFn(...args);
         |            ^
      64 |   };
      65 | };
      66 |

      at console.<anonymous> (tests/setup/jest.setup.cjs:63:12)
      at console.apply [as warn] (src/scripts/modules/base.js:92:26)
      at Proxy.apply (src/scripts/modules/base.js:92:26)
      at Proxy.apply (src/scripts/modules/base.js:92:26)
      at Proxy.apply (src/scripts/modules/base.js:92:26)
      at Object.warn (tests/unit/storage.test.js:11:15)
      at setItem (src/scripts/storage.js:8524:19)
      at tryStoreCandidate (src/scripts/storage.js:8540:13)
      at attemptBackupWrite (src/scripts/storage.js:8617:26)
      at saveJSONToStorage (src/scripts/storage.js:14568:3)
      at saveFullBackupHistory (src/scripts/storage.js:14593:3)
      at Object.recordFullBackupHistoryEntry (tests/unit/storage.test.js:3392:7)

  console.log
    DEBUG: getSafeLocalStorage returning object

      at Proxy.apply (src/scripts/modules/base.js:92:26)

  console.warn
    MOCK SET: cameraPowerPlanner_fullBackups__legacyMigrationBackup = [{"createdAt":"2026-01-16T20:14:38.011Z","data":[{

      61 |       return undefined;
      62 |     }
    > 63 |     return originalFn(...args);
         |            ^
      64 |   };
      65 | };
      66 |

      at console.<anonymous> (tests/setup/jest.setup.cjs:63:12)
      at console.apply [as warn] (src/scripts/modules/base.js:92:26)
      at Proxy.apply (src/scripts/modules/base.js:92:26)
      at Proxy.apply (src/scripts/modules/base.js:92:26)
      at Proxy.apply (src/scripts/modules/base.js:92:26)
      at Object.warn (tests/unit/storage.test.js:11:15)
      at setItem (src/scripts/storage.js:5514:19)
      at tryStoreList (src/scripts/storage.js:5521:20)
      at createStorageMigrationBackup (src/scripts/storage.js:5239:3)
      at ensurePreWriteMigrationBackup (src/scripts/storage.js:14567:3)
      at saveFullBackupHistory (src/scripts/storage.js:14593:3)
      at Object.recordFullBackupHistoryEntry (tests/unit/storage.test.js:3392:7)

  console.log
    DEBUG: getSafeLocalStorage returning object

      at Proxy.apply (src/scripts/modules/base.js:92:26)

  console.warn
    MOCK SET: cameraPowerPlanner_fullBackups = [{"createdAt":"2024-01-01T00:00:00Z-0"},{"createdA

      61 |       return undefined;
      62 |     }
    > 63 |     return originalFn(...args);
         |            ^
      64 |   };
      65 | };
      66 |

      at console.<anonymous> (tests/setup/jest.setup.cjs:63:12)
      at console.apply [as warn] (src/scripts/modules/base.js:92:26)
      at Proxy.apply (src/scripts/modules/base.js:92:26)
      at Proxy.apply (src/scripts/modules/base.js:92:26)
      at Proxy.apply (src/scripts/modules/base.js:92:26)
      at Object.warn (tests/unit/storage.test.js:11:15)
      at setItem (src/scripts/storage.js:8463:17)
      at saveJSONToStorage (src/scripts/storage.js:14568:3)
      at saveFullBackupHistory (src/scripts/storage.js:14593:3)
      at Object.recordFullBackupHistoryEntry (tests/unit/storage.test.js:3392:7)

  console.warn
    MOCK SET: cameraPowerPlanner_fullBackups__backup = [{"createdAt":"2024-01-01T00:00:00Z-0"},{"createdA

      61 |       return undefined;
      62 |     }
    > 63 |     return originalFn(...args);
         |            ^
      64 |   };
      65 | };
      66 |

      at console.<anonymous> (tests/setup/jest.setup.cjs:63:12)
      at console.apply [as warn] (src/scripts/modules/base.js:92:26)
      at Proxy.apply (src/scripts/modules/base.js:92:26)
      at Proxy.apply (src/scripts/modules/base.js:92:26)
      at Proxy.apply (src/scripts/modules/base.js:92:26)
      at Object.warn (tests/unit/storage.test.js:11:15)
      at setItem (src/scripts/storage.js:8524:19)
      at tryStoreCandidate (src/scripts/storage.js:8540:13)
      at attemptBackupWrite (src/scripts/storage.js:8617:26)
      at saveJSONToStorage (src/scripts/storage.js:14568:3)
      at saveFullBackupHistory (src/scripts/storage.js:14593:3)
      at Object.recordFullBackupHistoryEntry (tests/unit/storage.test.js:3392:7)

  console.log
    DEBUG: getSafeLocalStorage returning object

      at Proxy.apply (src/scripts/modules/base.js:92:26)

  console.warn
    MOCK SET: cameraPowerPlanner_fullBackups__legacyMigrationBackup = [{"createdAt":"2026-01-16T20:14:38.015Z","data":[{

      61 |       return undefined;
      62 |     }
    > 63 |     return originalFn(...args);
         |            ^
      64 |   };
      65 | };
      66 |

      at console.<anonymous> (tests/setup/jest.setup.cjs:63:12)
      at console.apply [as warn] (src/scripts/modules/base.js:92:26)
      at Proxy.apply (src/scripts/modules/base.js:92:26)
      at Proxy.apply (src/scripts/modules/base.js:92:26)
      at Proxy.apply (src/scripts/modules/base.js:92:26)
      at Object.warn (tests/unit/storage.test.js:11:15)
      at setItem (src/scripts/storage.js:5514:19)
      at tryStoreList (src/scripts/storage.js:5521:20)
      at createStorageMigrationBackup (src/scripts/storage.js:5239:3)
      at ensurePreWriteMigrationBackup (src/scripts/storage.js:14567:3)
      at saveFullBackupHistory (src/scripts/storage.js:14593:3)
      at Object.recordFullBackupHistoryEntry (tests/unit/storage.test.js:3392:7)

  console.log
    DEBUG: getSafeLocalStorage returning object

      at Proxy.apply (src/scripts/modules/base.js:92:26)

  console.warn
    MOCK SET: cameraPowerPlanner_fullBackups = [{"createdAt":"2024-01-01T00:00:00Z-0"},{"createdA

      61 |       return undefined;
      62 |     }
    > 63 |     return originalFn(...args);
         |            ^
      64 |   };
      65 | };
      66 |

      at console.<anonymous> (tests/setup/jest.setup.cjs:63:12)
      at console.apply [as warn] (src/scripts/modules/base.js:92:26)
      at Proxy.apply (src/scripts/modules/base.js:92:26)
      at Proxy.apply (src/scripts/modules/base.js:92:26)
      at Proxy.apply (src/scripts/modules/base.js:92:26)
      at Object.warn (tests/unit/storage.test.js:11:15)
      at setItem (src/scripts/storage.js:8463:17)
      at saveJSONToStorage (src/scripts/storage.js:14568:3)
      at saveFullBackupHistory (src/scripts/storage.js:14593:3)
      at Object.recordFullBackupHistoryEntry (tests/unit/storage.test.js:3392:7)

  console.warn
    MOCK SET: cameraPowerPlanner_fullBackups__backup = [{"createdAt":"2024-01-01T00:00:00Z-0"},{"createdA

      61 |       return undefined;
      62 |     }
    > 63 |     return originalFn(...args);
         |            ^
      64 |   };
      65 | };
      66 |

      at console.<anonymous> (tests/setup/jest.setup.cjs:63:12)
      at console.apply [as warn] (src/scripts/modules/base.js:92:26)
      at Proxy.apply (src/scripts/modules/base.js:92:26)
      at Proxy.apply (src/scripts/modules/base.js:92:26)
      at Proxy.apply (src/scripts/modules/base.js:92:26)
      at Object.warn (tests/unit/storage.test.js:11:15)
      at setItem (src/scripts/storage.js:8524:19)
      at tryStoreCandidate (src/scripts/storage.js:8540:13)
      at attemptBackupWrite (src/scripts/storage.js:8617:26)
      at saveJSONToStorage (src/scripts/storage.js:14568:3)
      at saveFullBackupHistory (src/scripts/storage.js:14593:3)
      at Object.recordFullBackupHistoryEntry (tests/unit/storage.test.js:3392:7)

  console.log
    DEBUG: getSafeLocalStorage returning object

      at Proxy.apply (src/scripts/modules/base.js:92:26)

  console.warn
    MOCK SET: cameraPowerPlanner_fullBackups__legacyMigrationBackup = [{"createdAt":"2026-01-16T20:14:38.018Z","data":[{

      61 |       return undefined;
      62 |     }
    > 63 |     return originalFn(...args);
         |            ^
      64 |   };
      65 | };
      66 |

      at console.<anonymous> (tests/setup/jest.setup.cjs:63:12)
      at console.apply [as warn] (src/scripts/modules/base.js:92:26)
      at Proxy.apply (src/scripts/modules/base.js:92:26)
      at Proxy.apply (src/scripts/modules/base.js:92:26)
      at Proxy.apply (src/scripts/modules/base.js:92:26)
      at Object.warn (tests/unit/storage.test.js:11:15)
      at setItem (src/scripts/storage.js:5514:19)
      at tryStoreList (src/scripts/storage.js:5521:20)
      at createStorageMigrationBackup (src/scripts/storage.js:5239:3)
      at ensurePreWriteMigrationBackup (src/scripts/storage.js:14567:3)
      at saveFullBackupHistory (src/scripts/storage.js:14593:3)
      at Object.recordFullBackupHistoryEntry (tests/unit/storage.test.js:3392:7)

  console.log
    DEBUG: getSafeLocalStorage returning object

      at Proxy.apply (src/scripts/modules/base.js:92:26)

  console.warn
    MOCK SET: cameraPowerPlanner_fullBackups = [{"createdAt":"2024-01-01T00:00:00Z-0"},{"createdA

      61 |       return undefined;
      62 |     }
    > 63 |     return originalFn(...args);
         |            ^
      64 |   };
      65 | };
      66 |

      at console.<anonymous> (tests/setup/jest.setup.cjs:63:12)
      at console.apply [as warn] (src/scripts/modules/base.js:92:26)
      at Proxy.apply (src/scripts/modules/base.js:92:26)
      at Proxy.apply (src/scripts/modules/base.js:92:26)
      at Proxy.apply (src/scripts/modules/base.js:92:26)
      at Object.warn (tests/unit/storage.test.js:11:15)
      at setItem (src/scripts/storage.js:8463:17)
      at saveJSONToStorage (src/scripts/storage.js:14568:3)
      at saveFullBackupHistory (src/scripts/storage.js:14593:3)
      at Object.recordFullBackupHistoryEntry (tests/unit/storage.test.js:3392:7)

  console.warn
    MOCK SET: cameraPowerPlanner_fullBackups__backup = [{"createdAt":"2024-01-01T00:00:00Z-0"},{"createdA

      61 |       return undefined;
      62 |     }
    > 63 |     return originalFn(...args);
         |            ^
      64 |   };
      65 | };
      66 |

      at console.<anonymous> (tests/setup/jest.setup.cjs:63:12)
      at console.apply [as warn] (src/scripts/modules/base.js:92:26)
      at Proxy.apply (src/scripts/modules/base.js:92:26)
      at Proxy.apply (src/scripts/modules/base.js:92:26)
      at Proxy.apply (src/scripts/modules/base.js:92:26)
      at Object.warn (tests/unit/storage.test.js:11:15)
      at setItem (src/scripts/storage.js:8524:19)
      at tryStoreCandidate (src/scripts/storage.js:8540:13)
      at attemptBackupWrite (src/scripts/storage.js:8617:26)
      at saveJSONToStorage (src/scripts/storage.js:14568:3)
      at saveFullBackupHistory (src/scripts/storage.js:14593:3)
      at Object.recordFullBackupHistoryEntry (tests/unit/storage.test.js:3392:7)

  console.log
    DEBUG: getSafeLocalStorage returning object

      at Proxy.apply (src/scripts/modules/base.js:92:26)

  console.warn
    MOCK SET: cameraPowerPlanner_fullBackups__legacyMigrationBackup = [{"createdAt":"2026-01-16T20:14:38.021Z","data":[{

      61 |       return undefined;
      62 |     }
    > 63 |     return originalFn(...args);
         |            ^
      64 |   };
      65 | };
      66 |

      at console.<anonymous> (tests/setup/jest.setup.cjs:63:12)
      at console.apply [as warn] (src/scripts/modules/base.js:92:26)
      at Proxy.apply (src/scripts/modules/base.js:92:26)
      at Proxy.apply (src/scripts/modules/base.js:92:26)
      at Proxy.apply (src/scripts/modules/base.js:92:26)
      at Object.warn (tests/unit/storage.test.js:11:15)
      at setItem (src/scripts/storage.js:5514:19)
      at tryStoreList (src/scripts/storage.js:5521:20)
      at createStorageMigrationBackup (src/scripts/storage.js:5239:3)
      at ensurePreWriteMigrationBackup (src/scripts/storage.js:14567:3)
      at saveFullBackupHistory (src/scripts/storage.js:14593:3)
      at Object.recordFullBackupHistoryEntry (tests/unit/storage.test.js:3392:7)

  console.log
    DEBUG: getSafeLocalStorage returning object

      at Proxy.apply (src/scripts/modules/base.js:92:26)

  console.warn
    MOCK SET: cameraPowerPlanner_fullBackups = [{"createdAt":"2024-01-01T00:00:00Z-0"},{"createdA

      61 |       return undefined;
      62 |     }
    > 63 |     return originalFn(...args);
         |            ^
      64 |   };
      65 | };
      66 |

      at console.<anonymous> (tests/setup/jest.setup.cjs:63:12)
      at console.apply [as warn] (src/scripts/modules/base.js:92:26)
      at Proxy.apply (src/scripts/modules/base.js:92:26)
      at Proxy.apply (src/scripts/modules/base.js:92:26)
      at Proxy.apply (src/scripts/modules/base.js:92:26)
      at Object.warn (tests/unit/storage.test.js:11:15)
      at setItem (src/scripts/storage.js:8463:17)
      at saveJSONToStorage (src/scripts/storage.js:14568:3)
      at saveFullBackupHistory (src/scripts/storage.js:14593:3)
      at Object.recordFullBackupHistoryEntry (tests/unit/storage.test.js:3392:7)

  console.warn
    MOCK SET: cameraPowerPlanner_fullBackups__backup = [{"createdAt":"2024-01-01T00:00:00Z-0"},{"createdA

      61 |       return undefined;
      62 |     }
    > 63 |     return originalFn(...args);
         |            ^
      64 |   };
      65 | };
      66 |

      at console.<anonymous> (tests/setup/jest.setup.cjs:63:12)
      at console.apply [as warn] (src/scripts/modules/base.js:92:26)
      at Proxy.apply (src/scripts/modules/base.js:92:26)
      at Proxy.apply (src/scripts/modules/base.js:92:26)
      at Proxy.apply (src/scripts/modules/base.js:92:26)
      at Object.warn (tests/unit/storage.test.js:11:15)
      at setItem (src/scripts/storage.js:8524:19)
      at tryStoreCandidate (src/scripts/storage.js:8540:13)
      at attemptBackupWrite (src/scripts/storage.js:8617:26)
      at saveJSONToStorage (src/scripts/storage.js:14568:3)
      at saveFullBackupHistory (src/scripts/storage.js:14593:3)
      at Object.recordFullBackupHistoryEntry (tests/unit/storage.test.js:3392:7)

  console.log
    DEBUG: getSafeLocalStorage returning object

      at Proxy.apply (src/scripts/modules/base.js:92:26)

  console.warn
    MOCK SET: cameraPowerPlanner_fullBackups__legacyMigrationBackup = [{"createdAt":"2026-01-16T20:14:38.024Z","data":[{

      61 |       return undefined;
      62 |     }
    > 63 |     return originalFn(...args);
         |            ^
      64 |   };
      65 | };
      66 |

      at console.<anonymous> (tests/setup/jest.setup.cjs:63:12)
      at console.apply [as warn] (src/scripts/modules/base.js:92:26)
      at Proxy.apply (src/scripts/modules/base.js:92:26)
      at Proxy.apply (src/scripts/modules/base.js:92:26)
      at Proxy.apply (src/scripts/modules/base.js:92:26)
      at Object.warn (tests/unit/storage.test.js:11:15)
      at setItem (src/scripts/storage.js:5514:19)
      at tryStoreList (src/scripts/storage.js:5521:20)
      at createStorageMigrationBackup (src/scripts/storage.js:5239:3)
      at ensurePreWriteMigrationBackup (src/scripts/storage.js:14567:3)
      at saveFullBackupHistory (src/scripts/storage.js:14593:3)
      at Object.recordFullBackupHistoryEntry (tests/unit/storage.test.js:3392:7)

  console.log
    DEBUG: getSafeLocalStorage returning object

      at Proxy.apply (src/scripts/modules/base.js:92:26)

  console.warn
    MOCK SET: cameraPowerPlanner_fullBackups = [{"createdAt":"2024-01-01T00:00:00Z-0"},{"createdA

      61 |       return undefined;
      62 |     }
    > 63 |     return originalFn(...args);
         |            ^
      64 |   };
      65 | };
      66 |

      at console.<anonymous> (tests/setup/jest.setup.cjs:63:12)
      at console.apply [as warn] (src/scripts/modules/base.js:92:26)
      at Proxy.apply (src/scripts/modules/base.js:92:26)
      at Proxy.apply (src/scripts/modules/base.js:92:26)
      at Proxy.apply (src/scripts/modules/base.js:92:26)
      at Object.warn (tests/unit/storage.test.js:11:15)
      at setItem (src/scripts/storage.js:8463:17)
      at saveJSONToStorage (src/scripts/storage.js:14568:3)
      at saveFullBackupHistory (src/scripts/storage.js:14593:3)
      at Object.recordFullBackupHistoryEntry (tests/unit/storage.test.js:3392:7)

  console.warn
    MOCK SET: cameraPowerPlanner_fullBackups__backup = [{"createdAt":"2024-01-01T00:00:00Z-0"},{"createdA

      61 |       return undefined;
      62 |     }
    > 63 |     return originalFn(...args);
         |            ^
      64 |   };
      65 | };
      66 |

      at console.<anonymous> (tests/setup/jest.setup.cjs:63:12)
      at console.apply [as warn] (src/scripts/modules/base.js:92:26)
      at Proxy.apply (src/scripts/modules/base.js:92:26)
      at Proxy.apply (src/scripts/modules/base.js:92:26)
      at Proxy.apply (src/scripts/modules/base.js:92:26)
      at Object.warn (tests/unit/storage.test.js:11:15)
      at setItem (src/scripts/storage.js:8524:19)
      at tryStoreCandidate (src/scripts/storage.js:8540:13)
      at attemptBackupWrite (src/scripts/storage.js:8617:26)
      at saveJSONToStorage (src/scripts/storage.js:14568:3)
      at saveFullBackupHistory (src/scripts/storage.js:14593:3)
      at Object.recordFullBackupHistoryEntry (tests/unit/storage.test.js:3392:7)

  console.log
    DEBUG: getSafeLocalStorage returning object

      at Proxy.apply (src/scripts/modules/base.js:92:26)

  console.warn
    MOCK SET: cameraPowerPlanner_fullBackups__legacyMigrationBackup = [{"createdAt":"2026-01-16T20:14:38.027Z","data":[{

      61 |       return undefined;
      62 |     }
    > 63 |     return originalFn(...args);
         |            ^
      64 |   };
      65 | };
      66 |

      at console.<anonymous> (tests/setup/jest.setup.cjs:63:12)
      at console.apply [as warn] (src/scripts/modules/base.js:92:26)
      at Proxy.apply (src/scripts/modules/base.js:92:26)
      at Proxy.apply (src/scripts/modules/base.js:92:26)
      at Proxy.apply (src/scripts/modules/base.js:92:26)
      at Object.warn (tests/unit/storage.test.js:11:15)
      at setItem (src/scripts/storage.js:5514:19)
      at tryStoreList (src/scripts/storage.js:5521:20)
      at createStorageMigrationBackup (src/scripts/storage.js:5239:3)
      at ensurePreWriteMigrationBackup (src/scripts/storage.js:14567:3)
      at saveFullBackupHistory (src/scripts/storage.js:14593:3)
      at Object.recordFullBackupHistoryEntry (tests/unit/storage.test.js:3392:7)

  console.log
    DEBUG: getSafeLocalStorage returning object

      at Proxy.apply (src/scripts/modules/base.js:92:26)

  console.warn
    MOCK SET: cameraPowerPlanner_fullBackups = [{"createdAt":"2024-01-01T00:00:00Z-0"},{"createdA

      61 |       return undefined;
      62 |     }
    > 63 |     return originalFn(...args);
         |            ^
      64 |   };
      65 | };
      66 |

      at console.<anonymous> (tests/setup/jest.setup.cjs:63:12)
      at console.apply [as warn] (src/scripts/modules/base.js:92:26)
      at Proxy.apply (src/scripts/modules/base.js:92:26)
      at Proxy.apply (src/scripts/modules/base.js:92:26)
      at Proxy.apply (src/scripts/modules/base.js:92:26)
      at Object.warn (tests/unit/storage.test.js:11:15)
      at setItem (src/scripts/storage.js:8463:17)
      at saveJSONToStorage (src/scripts/storage.js:14568:3)
      at saveFullBackupHistory (src/scripts/storage.js:14593:3)
      at Object.recordFullBackupHistoryEntry (tests/unit/storage.test.js:3392:7)

  console.warn
    MOCK SET: cameraPowerPlanner_fullBackups__backup = [{"createdAt":"2024-01-01T00:00:00Z-0"},{"createdA

      61 |       return undefined;
      62 |     }
    > 63 |     return originalFn(...args);
         |            ^
      64 |   };
      65 | };
      66 |

      at console.<anonymous> (tests/setup/jest.setup.cjs:63:12)
      at console.apply [as warn] (src/scripts/modules/base.js:92:26)
      at Proxy.apply (src/scripts/modules/base.js:92:26)
      at Proxy.apply (src/scripts/modules/base.js:92:26)
      at Proxy.apply (src/scripts/modules/base.js:92:26)
      at Object.warn (tests/unit/storage.test.js:11:15)
      at setItem (src/scripts/storage.js:8524:19)
      at tryStoreCandidate (src/scripts/storage.js:8540:13)
      at attemptBackupWrite (src/scripts/storage.js:8617:26)
      at saveJSONToStorage (src/scripts/storage.js:14568:3)
      at saveFullBackupHistory (src/scripts/storage.js:14593:3)
      at Object.recordFullBackupHistoryEntry (tests/unit/storage.test.js:3392:7)

  console.log
    DEBUG: getSafeLocalStorage returning object

      at Proxy.apply (src/scripts/modules/base.js:92:26)

  console.warn
    MOCK SET: cameraPowerPlanner_fullBackups__legacyMigrationBackup = [{"createdAt":"2026-01-16T20:14:38.030Z","data":[{

      61 |       return undefined;
      62 |     }
    > 63 |     return originalFn(...args);
         |            ^
      64 |   };
      65 | };
      66 |

      at console.<anonymous> (tests/setup/jest.setup.cjs:63:12)
      at console.apply [as warn] (src/scripts/modules/base.js:92:26)
      at Proxy.apply (src/scripts/modules/base.js:92:26)
      at Proxy.apply (src/scripts/modules/base.js:92:26)
      at Proxy.apply (src/scripts/modules/base.js:92:26)
      at Object.warn (tests/unit/storage.test.js:11:15)
      at setItem (src/scripts/storage.js:5514:19)
      at tryStoreList (src/scripts/storage.js:5521:20)
      at createStorageMigrationBackup (src/scripts/storage.js:5239:3)
      at ensurePreWriteMigrationBackup (src/scripts/storage.js:14567:3)
      at saveFullBackupHistory (src/scripts/storage.js:14593:3)
      at Object.recordFullBackupHistoryEntry (tests/unit/storage.test.js:3392:7)

  console.log
    DEBUG: getSafeLocalStorage returning object

      at Proxy.apply (src/scripts/modules/base.js:92:26)

  console.warn
    MOCK SET: cameraPowerPlanner_fullBackups = [{"createdAt":"2024-01-01T00:00:00Z-0"},{"createdA

      61 |       return undefined;
      62 |     }
    > 63 |     return originalFn(...args);
         |            ^
      64 |   };
      65 | };
      66 |

      at console.<anonymous> (tests/setup/jest.setup.cjs:63:12)
      at console.apply [as warn] (src/scripts/modules/base.js:92:26)
      at Proxy.apply (src/scripts/modules/base.js:92:26)
      at Proxy.apply (src/scripts/modules/base.js:92:26)
      at Proxy.apply (src/scripts/modules/base.js:92:26)
      at Object.warn (tests/unit/storage.test.js:11:15)
      at setItem (src/scripts/storage.js:8463:17)
      at saveJSONToStorage (src/scripts/storage.js:14568:3)
      at saveFullBackupHistory (src/scripts/storage.js:14593:3)
      at Object.recordFullBackupHistoryEntry (tests/unit/storage.test.js:3392:7)

  console.warn
    MOCK SET: cameraPowerPlanner_fullBackups__backup = [{"createdAt":"2024-01-01T00:00:00Z-0"},{"createdA

      61 |       return undefined;
      62 |     }
    > 63 |     return originalFn(...args);
         |            ^
      64 |   };
      65 | };
      66 |

      at console.<anonymous> (tests/setup/jest.setup.cjs:63:12)
      at console.apply [as warn] (src/scripts/modules/base.js:92:26)
      at Proxy.apply (src/scripts/modules/base.js:92:26)
      at Proxy.apply (src/scripts/modules/base.js:92:26)
      at Proxy.apply (src/scripts/modules/base.js:92:26)
      at Object.warn (tests/unit/storage.test.js:11:15)
      at setItem (src/scripts/storage.js:8524:19)
      at tryStoreCandidate (src/scripts/storage.js:8540:13)
      at attemptBackupWrite (src/scripts/storage.js:8617:26)
      at saveJSONToStorage (src/scripts/storage.js:14568:3)
      at saveFullBackupHistory (src/scripts/storage.js:14593:3)
      at Object.recordFullBackupHistoryEntry (tests/unit/storage.test.js:3392:7)

  console.log
    DEBUG: getSafeLocalStorage returning object

      at Proxy.apply (src/scripts/modules/base.js:92:26)

  console.warn
    MOCK SET: cameraPowerPlanner_fullBackups__legacyMigrationBackup = [{"createdAt":"2026-01-16T20:14:38.033Z","data":[{

      61 |       return undefined;
      62 |     }
    > 63 |     return originalFn(...args);
         |            ^
      64 |   };
      65 | };
      66 |

      at console.<anonymous> (tests/setup/jest.setup.cjs:63:12)
      at console.apply [as warn] (src/scripts/modules/base.js:92:26)
      at Proxy.apply (src/scripts/modules/base.js:92:26)
      at Proxy.apply (src/scripts/modules/base.js:92:26)
      at Proxy.apply (src/scripts/modules/base.js:92:26)
      at Object.warn (tests/unit/storage.test.js:11:15)
      at setItem (src/scripts/storage.js:5514:19)
      at tryStoreList (src/scripts/storage.js:5521:20)
      at createStorageMigrationBackup (src/scripts/storage.js:5239:3)
      at ensurePreWriteMigrationBackup (src/scripts/storage.js:14567:3)
      at saveFullBackupHistory (src/scripts/storage.js:14593:3)
      at Object.recordFullBackupHistoryEntry (tests/unit/storage.test.js:3392:7)

  console.log
    DEBUG: getSafeLocalStorage returning object

      at Proxy.apply (src/scripts/modules/base.js:92:26)

  console.warn
    MOCK SET: cameraPowerPlanner_fullBackups = [{"createdAt":"2024-01-01T00:00:00Z-0"},{"createdA

      61 |       return undefined;
      62 |     }
    > 63 |     return originalFn(...args);
         |            ^
      64 |   };
      65 | };
      66 |

      at console.<anonymous> (tests/setup/jest.setup.cjs:63:12)
      at console.apply [as warn] (src/scripts/modules/base.js:92:26)
      at Proxy.apply (src/scripts/modules/base.js:92:26)
      at Proxy.apply (src/scripts/modules/base.js:92:26)
      at Proxy.apply (src/scripts/modules/base.js:92:26)
      at Object.warn (tests/unit/storage.test.js:11:15)
      at setItem (src/scripts/storage.js:8463:17)
      at saveJSONToStorage (src/scripts/storage.js:14568:3)
      at saveFullBackupHistory (src/scripts/storage.js:14593:3)
      at Object.recordFullBackupHistoryEntry (tests/unit/storage.test.js:3392:7)

  console.warn
    MOCK SET: cameraPowerPlanner_fullBackups__backup = [{"createdAt":"2024-01-01T00:00:00Z-0"},{"createdA

      61 |       return undefined;
      62 |     }
    > 63 |     return originalFn(...args);
         |            ^
      64 |   };
      65 | };
      66 |

      at console.<anonymous> (tests/setup/jest.setup.cjs:63:12)
      at console.apply [as warn] (src/scripts/modules/base.js:92:26)
      at Proxy.apply (src/scripts/modules/base.js:92:26)
      at Proxy.apply (src/scripts/modules/base.js:92:26)
      at Proxy.apply (src/scripts/modules/base.js:92:26)
      at Object.warn (tests/unit/storage.test.js:11:15)
      at setItem (src/scripts/storage.js:8524:19)
      at tryStoreCandidate (src/scripts/storage.js:8540:13)
      at attemptBackupWrite (src/scripts/storage.js:8617:26)
      at saveJSONToStorage (src/scripts/storage.js:14568:3)
      at saveFullBackupHistory (src/scripts/storage.js:14593:3)
      at Object.recordFullBackupHistoryEntry (tests/unit/storage.test.js:3392:7)

  console.log
    DEBUG: getSafeLocalStorage returning object

      at Proxy.apply (src/scripts/modules/base.js:92:26)

  console.warn
    MOCK SET: cameraPowerPlanner_fullBackups__legacyMigrationBackup = [{"createdAt":"2026-01-16T20:14:38.037Z","data":[{

      61 |       return undefined;
      62 |     }
    > 63 |     return originalFn(...args);
         |            ^
      64 |   };
      65 | };
      66 |

      at console.<anonymous> (tests/setup/jest.setup.cjs:63:12)
      at console.apply [as warn] (src/scripts/modules/base.js:92:26)
      at Proxy.apply (src/scripts/modules/base.js:92:26)
      at Proxy.apply (src/scripts/modules/base.js:92:26)
      at Proxy.apply (src/scripts/modules/base.js:92:26)
      at Object.warn (tests/unit/storage.test.js:11:15)
      at setItem (src/scripts/storage.js:5514:19)
      at tryStoreList (src/scripts/storage.js:5521:20)
      at createStorageMigrationBackup (src/scripts/storage.js:5239:3)
      at ensurePreWriteMigrationBackup (src/scripts/storage.js:14567:3)
      at saveFullBackupHistory (src/scripts/storage.js:14593:3)
      at Object.recordFullBackupHistoryEntry (tests/unit/storage.test.js:3392:7)

  console.log
    DEBUG: getSafeLocalStorage returning object

      at Proxy.apply (src/scripts/modules/base.js:92:26)

  console.warn
    MOCK SET: cameraPowerPlanner_fullBackups = [{"createdAt":"2024-01-01T00:00:00Z-0"},{"createdA

      61 |       return undefined;
      62 |     }
    > 63 |     return originalFn(...args);
         |            ^
      64 |   };
      65 | };
      66 |

      at console.<anonymous> (tests/setup/jest.setup.cjs:63:12)
      at console.apply [as warn] (src/scripts/modules/base.js:92:26)
      at Proxy.apply (src/scripts/modules/base.js:92:26)
      at Proxy.apply (src/scripts/modules/base.js:92:26)
      at Proxy.apply (src/scripts/modules/base.js:92:26)
      at Object.warn (tests/unit/storage.test.js:11:15)
      at setItem (src/scripts/storage.js:8463:17)
      at saveJSONToStorage (src/scripts/storage.js:14568:3)
      at saveFullBackupHistory (src/scripts/storage.js:14593:3)
      at Object.recordFullBackupHistoryEntry (tests/unit/storage.test.js:3392:7)

  console.warn
    MOCK SET: cameraPowerPlanner_fullBackups__backup = [{"createdAt":"2024-01-01T00:00:00Z-0"},{"createdA

      61 |       return undefined;
      62 |     }
    > 63 |     return originalFn(...args);
         |            ^
      64 |   };
      65 | };
      66 |

      at console.<anonymous> (tests/setup/jest.setup.cjs:63:12)
      at console.apply [as warn] (src/scripts/modules/base.js:92:26)
      at Proxy.apply (src/scripts/modules/base.js:92:26)
      at Proxy.apply (src/scripts/modules/base.js:92:26)
      at Proxy.apply (src/scripts/modules/base.js:92:26)
      at Object.warn (tests/unit/storage.test.js:11:15)
      at setItem (src/scripts/storage.js:8524:19)
      at tryStoreCandidate (src/scripts/storage.js:8540:13)
      at attemptBackupWrite (src/scripts/storage.js:8617:26)
      at saveJSONToStorage (src/scripts/storage.js:14568:3)
      at saveFullBackupHistory (src/scripts/storage.js:14593:3)
      at Object.recordFullBackupHistoryEntry (tests/unit/storage.test.js:3392:7)

  console.log
    DEBUG: getSafeLocalStorage returning object

      at Proxy.apply (src/scripts/modules/base.js:92:26)

  console.warn
    MOCK SET: cameraPowerPlanner_fullBackups__legacyMigrationBackup = [{"createdAt":"2026-01-16T20:14:38.040Z","data":[{

      61 |       return undefined;
      62 |     }
    > 63 |     return originalFn(...args);
         |            ^
      64 |   };
      65 | };
      66 |

      at console.<anonymous> (tests/setup/jest.setup.cjs:63:12)
      at console.apply [as warn] (src/scripts/modules/base.js:92:26)
      at Proxy.apply (src/scripts/modules/base.js:92:26)
      at Proxy.apply (src/scripts/modules/base.js:92:26)
      at Proxy.apply (src/scripts/modules/base.js:92:26)
      at Object.warn (tests/unit/storage.test.js:11:15)
      at setItem (src/scripts/storage.js:5514:19)
      at tryStoreList (src/scripts/storage.js:5521:20)
      at createStorageMigrationBackup (src/scripts/storage.js:5239:3)
      at ensurePreWriteMigrationBackup (src/scripts/storage.js:14567:3)
      at saveFullBackupHistory (src/scripts/storage.js:14593:3)
      at Object.recordFullBackupHistoryEntry (tests/unit/storage.test.js:3392:7)

  console.log
    DEBUG: getSafeLocalStorage returning object

      at Proxy.apply (src/scripts/modules/base.js:92:26)

  console.warn
    MOCK SET: cameraPowerPlanner_fullBackups = [{"createdAt":"2024-01-01T00:00:00Z-0"},{"createdA

      61 |       return undefined;
      62 |     }
    > 63 |     return originalFn(...args);
         |            ^
      64 |   };
      65 | };
      66 |

      at console.<anonymous> (tests/setup/jest.setup.cjs:63:12)
      at console.apply [as warn] (src/scripts/modules/base.js:92:26)
      at Proxy.apply (src/scripts/modules/base.js:92:26)
      at Proxy.apply (src/scripts/modules/base.js:92:26)
      at Proxy.apply (src/scripts/modules/base.js:92:26)
      at Object.warn (tests/unit/storage.test.js:11:15)
      at setItem (src/scripts/storage.js:8463:17)
      at saveJSONToStorage (src/scripts/storage.js:14568:3)
      at saveFullBackupHistory (src/scripts/storage.js:14593:3)
      at Object.recordFullBackupHistoryEntry (tests/unit/storage.test.js:3392:7)

  console.warn
    MOCK SET: cameraPowerPlanner_fullBackups__backup = [{"createdAt":"2024-01-01T00:00:00Z-0"},{"createdA

      61 |       return undefined;
      62 |     }
    > 63 |     return originalFn(...args);
         |            ^
      64 |   };
      65 | };
      66 |

      at console.<anonymous> (tests/setup/jest.setup.cjs:63:12)
      at console.apply [as warn] (src/scripts/modules/base.js:92:26)
      at Proxy.apply (src/scripts/modules/base.js:92:26)
      at Proxy.apply (src/scripts/modules/base.js:92:26)
      at Proxy.apply (src/scripts/modules/base.js:92:26)
      at Object.warn (tests/unit/storage.test.js:11:15)
      at setItem (src/scripts/storage.js:8524:19)
      at tryStoreCandidate (src/scripts/storage.js:8540:13)
      at attemptBackupWrite (src/scripts/storage.js:8617:26)
      at saveJSONToStorage (src/scripts/storage.js:14568:3)
      at saveFullBackupHistory (src/scripts/storage.js:14593:3)
      at Object.recordFullBackupHistoryEntry (tests/unit/storage.test.js:3392:7)

  console.log
    DEBUG: getSafeLocalStorage returning object

      at Proxy.apply (src/scripts/modules/base.js:92:26)

  console.warn
    MOCK SET: cameraPowerPlanner_fullBackups__legacyMigrationBackup = [{"createdAt":"2026-01-16T20:14:38.043Z","data":[{

      61 |       return undefined;
      62 |     }
    > 63 |     return originalFn(...args);
         |            ^
      64 |   };
      65 | };
      66 |

      at console.<anonymous> (tests/setup/jest.setup.cjs:63:12)
      at console.apply [as warn] (src/scripts/modules/base.js:92:26)
      at Proxy.apply (src/scripts/modules/base.js:92:26)
      at Proxy.apply (src/scripts/modules/base.js:92:26)
      at Proxy.apply (src/scripts/modules/base.js:92:26)
      at Object.warn (tests/unit/storage.test.js:11:15)
      at setItem (src/scripts/storage.js:5514:19)
      at tryStoreList (src/scripts/storage.js:5521:20)
      at createStorageMigrationBackup (src/scripts/storage.js:5239:3)
      at ensurePreWriteMigrationBackup (src/scripts/storage.js:14567:3)
      at saveFullBackupHistory (src/scripts/storage.js:14593:3)
      at Object.recordFullBackupHistoryEntry (tests/unit/storage.test.js:3392:7)

  console.log
    DEBUG: getSafeLocalStorage returning object

      at Proxy.apply (src/scripts/modules/base.js:92:26)

  console.warn
    MOCK SET: cameraPowerPlanner_fullBackups = [{"createdAt":"2024-01-01T00:00:00Z-0"},{"createdA

      61 |       return undefined;
      62 |     }
    > 63 |     return originalFn(...args);
         |            ^
      64 |   };
      65 | };
      66 |

      at console.<anonymous> (tests/setup/jest.setup.cjs:63:12)
      at console.apply [as warn] (src/scripts/modules/base.js:92:26)
      at Proxy.apply (src/scripts/modules/base.js:92:26)
      at Proxy.apply (src/scripts/modules/base.js:92:26)
      at Proxy.apply (src/scripts/modules/base.js:92:26)
      at Object.warn (tests/unit/storage.test.js:11:15)
      at setItem (src/scripts/storage.js:8463:17)
      at saveJSONToStorage (src/scripts/storage.js:14568:3)
      at saveFullBackupHistory (src/scripts/storage.js:14593:3)
      at Object.recordFullBackupHistoryEntry (tests/unit/storage.test.js:3392:7)

  console.warn
    MOCK SET: cameraPowerPlanner_fullBackups__backup = [{"createdAt":"2024-01-01T00:00:00Z-0"},{"createdA

      61 |       return undefined;
      62 |     }
    > 63 |     return originalFn(...args);
         |            ^
      64 |   };
      65 | };
      66 |

      at console.<anonymous> (tests/setup/jest.setup.cjs:63:12)
      at console.apply [as warn] (src/scripts/modules/base.js:92:26)
      at Proxy.apply (src/scripts/modules/base.js:92:26)
      at Proxy.apply (src/scripts/modules/base.js:92:26)
      at Proxy.apply (src/scripts/modules/base.js:92:26)
      at Object.warn (tests/unit/storage.test.js:11:15)
      at setItem (src/scripts/storage.js:8524:19)
      at tryStoreCandidate (src/scripts/storage.js:8540:13)
      at attemptBackupWrite (src/scripts/storage.js:8617:26)
      at saveJSONToStorage (src/scripts/storage.js:14568:3)
      at saveFullBackupHistory (src/scripts/storage.js:14593:3)
      at Object.recordFullBackupHistoryEntry (tests/unit/storage.test.js:3392:7)

  console.log
    DEBUG: getSafeLocalStorage returning object

      at Proxy.apply (src/scripts/modules/base.js:92:26)

  console.warn
    MOCK SET: cameraPowerPlanner_fullBackups__legacyMigrationBackup = [{"createdAt":"2026-01-16T20:14:38.046Z","data":[{

      61 |       return undefined;
      62 |     }
    > 63 |     return originalFn(...args);
         |            ^
      64 |   };
      65 | };
      66 |

      at console.<anonymous> (tests/setup/jest.setup.cjs:63:12)
      at console.apply [as warn] (src/scripts/modules/base.js:92:26)
      at Proxy.apply (src/scripts/modules/base.js:92:26)
      at Proxy.apply (src/scripts/modules/base.js:92:26)
      at Proxy.apply (src/scripts/modules/base.js:92:26)
      at Object.warn (tests/unit/storage.test.js:11:15)
      at setItem (src/scripts/storage.js:5514:19)
      at tryStoreList (src/scripts/storage.js:5521:20)
      at createStorageMigrationBackup (src/scripts/storage.js:5239:3)
      at ensurePreWriteMigrationBackup (src/scripts/storage.js:14567:3)
      at saveFullBackupHistory (src/scripts/storage.js:14593:3)
      at Object.recordFullBackupHistoryEntry (tests/unit/storage.test.js:3392:7)

  console.log
    DEBUG: getSafeLocalStorage returning object

      at Proxy.apply (src/scripts/modules/base.js:92:26)

  console.warn
    MOCK SET: cameraPowerPlanner_fullBackups = [{"createdAt":"2024-01-01T00:00:00Z-0"},{"createdA

      61 |       return undefined;
      62 |     }
    > 63 |     return originalFn(...args);
         |            ^
      64 |   };
      65 | };
      66 |

      at console.<anonymous> (tests/setup/jest.setup.cjs:63:12)
      at console.apply [as warn] (src/scripts/modules/base.js:92:26)
      at Proxy.apply (src/scripts/modules/base.js:92:26)
      at Proxy.apply (src/scripts/modules/base.js:92:26)
      at Proxy.apply (src/scripts/modules/base.js:92:26)
      at Object.warn (tests/unit/storage.test.js:11:15)
      at setItem (src/scripts/storage.js:8463:17)
      at saveJSONToStorage (src/scripts/storage.js:14568:3)
      at saveFullBackupHistory (src/scripts/storage.js:14593:3)
      at Object.recordFullBackupHistoryEntry (tests/unit/storage.test.js:3392:7)

  console.warn
    MOCK SET: cameraPowerPlanner_fullBackups__backup = [{"createdAt":"2024-01-01T00:00:00Z-0"},{"createdA

      61 |       return undefined;
      62 |     }
    > 63 |     return originalFn(...args);
         |            ^
      64 |   };
      65 | };
      66 |

      at console.<anonymous> (tests/setup/jest.setup.cjs:63:12)
      at console.apply [as warn] (src/scripts/modules/base.js:92:26)
      at Proxy.apply (src/scripts/modules/base.js:92:26)
      at Proxy.apply (src/scripts/modules/base.js:92:26)
      at Proxy.apply (src/scripts/modules/base.js:92:26)
      at Object.warn (tests/unit/storage.test.js:11:15)
      at setItem (src/scripts/storage.js:8524:19)
      at tryStoreCandidate (src/scripts/storage.js:8540:13)
      at attemptBackupWrite (src/scripts/storage.js:8617:26)
      at saveJSONToStorage (src/scripts/storage.js:14568:3)
      at saveFullBackupHistory (src/scripts/storage.js:14593:3)
      at Object.recordFullBackupHistoryEntry (tests/unit/storage.test.js:3392:7)

  console.log
    DEBUG: getSafeLocalStorage returning object

      at Proxy.apply (src/scripts/modules/base.js:92:26)

  console.warn
    MOCK SET: cameraPowerPlanner_fullBackups__legacyMigrationBackup = [{"createdAt":"2026-01-16T20:14:38.049Z","data":[{

      61 |       return undefined;
      62 |     }
    > 63 |     return originalFn(...args);
         |            ^
      64 |   };
      65 | };
      66 |

      at console.<anonymous> (tests/setup/jest.setup.cjs:63:12)
      at console.apply [as warn] (src/scripts/modules/base.js:92:26)
      at Proxy.apply (src/scripts/modules/base.js:92:26)
      at Proxy.apply (src/scripts/modules/base.js:92:26)
      at Proxy.apply (src/scripts/modules/base.js:92:26)
      at Object.warn (tests/unit/storage.test.js:11:15)
      at setItem (src/scripts/storage.js:5514:19)
      at tryStoreList (src/scripts/storage.js:5521:20)
      at createStorageMigrationBackup (src/scripts/storage.js:5239:3)
      at ensurePreWriteMigrationBackup (src/scripts/storage.js:14567:3)
      at saveFullBackupHistory (src/scripts/storage.js:14593:3)
      at Object.recordFullBackupHistoryEntry (tests/unit/storage.test.js:3392:7)

  console.log
    DEBUG: getSafeLocalStorage returning object

      at Proxy.apply (src/scripts/modules/base.js:92:26)

  console.warn
    MOCK SET: cameraPowerPlanner_fullBackups = [{"createdAt":"2024-01-01T00:00:00Z-0"},{"createdA

      61 |       return undefined;
      62 |     }
    > 63 |     return originalFn(...args);
         |            ^
      64 |   };
      65 | };
      66 |

      at console.<anonymous> (tests/setup/jest.setup.cjs:63:12)
      at console.apply [as warn] (src/scripts/modules/base.js:92:26)
      at Proxy.apply (src/scripts/modules/base.js:92:26)
      at Proxy.apply (src/scripts/modules/base.js:92:26)
      at Proxy.apply (src/scripts/modules/base.js:92:26)
      at Object.warn (tests/unit/storage.test.js:11:15)
      at setItem (src/scripts/storage.js:8463:17)
      at saveJSONToStorage (src/scripts/storage.js:14568:3)
      at saveFullBackupHistory (src/scripts/storage.js:14593:3)
      at Object.recordFullBackupHistoryEntry (tests/unit/storage.test.js:3392:7)

  console.warn
    MOCK SET: cameraPowerPlanner_fullBackups__backup = [{"createdAt":"2024-01-01T00:00:00Z-0"},{"createdA

      61 |       return undefined;
      62 |     }
    > 63 |     return originalFn(...args);
         |            ^
      64 |   };
      65 | };
      66 |

      at console.<anonymous> (tests/setup/jest.setup.cjs:63:12)
      at console.apply [as warn] (src/scripts/modules/base.js:92:26)
      at Proxy.apply (src/scripts/modules/base.js:92:26)
      at Proxy.apply (src/scripts/modules/base.js:92:26)
      at Proxy.apply (src/scripts/modules/base.js:92:26)
      at Object.warn (tests/unit/storage.test.js:11:15)
      at setItem (src/scripts/storage.js:8524:19)
      at tryStoreCandidate (src/scripts/storage.js:8540:13)
      at attemptBackupWrite (src/scripts/storage.js:8617:26)
      at saveJSONToStorage (src/scripts/storage.js:14568:3)
      at saveFullBackupHistory (src/scripts/storage.js:14593:3)
      at Object.recordFullBackupHistoryEntry (tests/unit/storage.test.js:3392:7)

  console.log
    DEBUG: getSafeLocalStorage returning object

      at Proxy.apply (src/scripts/modules/base.js:92:26)

  console.warn
    MOCK SET: cameraPowerPlanner_fullBackups__legacyMigrationBackup = [{"createdAt":"2026-01-16T20:14:38.052Z","data":[{

      61 |       return undefined;
      62 |     }
    > 63 |     return originalFn(...args);
         |            ^
      64 |   };
      65 | };
      66 |

      at console.<anonymous> (tests/setup/jest.setup.cjs:63:12)
      at console.apply [as warn] (src/scripts/modules/base.js:92:26)
      at Proxy.apply (src/scripts/modules/base.js:92:26)
      at Proxy.apply (src/scripts/modules/base.js:92:26)
      at Proxy.apply (src/scripts/modules/base.js:92:26)
      at Object.warn (tests/unit/storage.test.js:11:15)
      at setItem (src/scripts/storage.js:5514:19)
      at tryStoreList (src/scripts/storage.js:5521:20)
      at createStorageMigrationBackup (src/scripts/storage.js:5239:3)
      at ensurePreWriteMigrationBackup (src/scripts/storage.js:14567:3)
      at saveFullBackupHistory (src/scripts/storage.js:14593:3)
      at Object.recordFullBackupHistoryEntry (tests/unit/storage.test.js:3392:7)

  console.log
    DEBUG: getSafeLocalStorage returning object

      at Proxy.apply (src/scripts/modules/base.js:92:26)

  console.warn
    MOCK SET: cameraPowerPlanner_fullBackups = [{"createdAt":"2024-01-01T00:00:00Z-0"},{"createdA

      61 |       return undefined;
      62 |     }
    > 63 |     return originalFn(...args);
         |            ^
      64 |   };
      65 | };
      66 |

      at console.<anonymous> (tests/setup/jest.setup.cjs:63:12)
      at console.apply [as warn] (src/scripts/modules/base.js:92:26)
      at Proxy.apply (src/scripts/modules/base.js:92:26)
      at Proxy.apply (src/scripts/modules/base.js:92:26)
      at Proxy.apply (src/scripts/modules/base.js:92:26)
      at Object.warn (tests/unit/storage.test.js:11:15)
      at setItem (src/scripts/storage.js:8463:17)
      at saveJSONToStorage (src/scripts/storage.js:14568:3)
      at saveFullBackupHistory (src/scripts/storage.js:14593:3)
      at Object.recordFullBackupHistoryEntry (tests/unit/storage.test.js:3392:7)

  console.warn
    MOCK SET: cameraPowerPlanner_fullBackups__backup = [{"createdAt":"2024-01-01T00:00:00Z-0"},{"createdA

      61 |       return undefined;
      62 |     }
    > 63 |     return originalFn(...args);
         |            ^
      64 |   };
      65 | };
      66 |

      at console.<anonymous> (tests/setup/jest.setup.cjs:63:12)
      at console.apply [as warn] (src/scripts/modules/base.js:92:26)
      at Proxy.apply (src/scripts/modules/base.js:92:26)
      at Proxy.apply (src/scripts/modules/base.js:92:26)
      at Proxy.apply (src/scripts/modules/base.js:92:26)
      at Object.warn (tests/unit/storage.test.js:11:15)
      at setItem (src/scripts/storage.js:8524:19)
      at tryStoreCandidate (src/scripts/storage.js:8540:13)
      at attemptBackupWrite (src/scripts/storage.js:8617:26)
      at saveJSONToStorage (src/scripts/storage.js:14568:3)
      at saveFullBackupHistory (src/scripts/storage.js:14593:3)
      at Object.recordFullBackupHistoryEntry (tests/unit/storage.test.js:3392:7)

  console.log
    DEBUG: getSafeLocalStorage returning object

      at Proxy.apply (src/scripts/modules/base.js:92:26)

  console.warn
    MOCK SET: cameraPowerPlanner_fullBackups__legacyMigrationBackup = [{"createdAt":"2026-01-16T20:14:38.057Z","data":[{

      61 |       return undefined;
      62 |     }
    > 63 |     return originalFn(...args);
         |            ^
      64 |   };
      65 | };
      66 |

      at console.<anonymous> (tests/setup/jest.setup.cjs:63:12)
      at console.apply [as warn] (src/scripts/modules/base.js:92:26)
      at Proxy.apply (src/scripts/modules/base.js:92:26)
      at Proxy.apply (src/scripts/modules/base.js:92:26)
      at Proxy.apply (src/scripts/modules/base.js:92:26)
      at Object.warn (tests/unit/storage.test.js:11:15)
      at setItem (src/scripts/storage.js:5514:19)
      at tryStoreList (src/scripts/storage.js:5521:20)
      at createStorageMigrationBackup (src/scripts/storage.js:5239:3)
      at ensurePreWriteMigrationBackup (src/scripts/storage.js:14567:3)
      at saveFullBackupHistory (src/scripts/storage.js:14593:3)
      at Object.recordFullBackupHistoryEntry (tests/unit/storage.test.js:3392:7)

  console.log
    DEBUG: getSafeLocalStorage returning object

      at Proxy.apply (src/scripts/modules/base.js:92:26)

  console.warn
    MOCK SET: cameraPowerPlanner_fullBackups = [{"createdAt":"2024-01-01T00:00:00Z-0"},{"createdA

      61 |       return undefined;
      62 |     }
    > 63 |     return originalFn(...args);
         |            ^
      64 |   };
      65 | };
      66 |

      at console.<anonymous> (tests/setup/jest.setup.cjs:63:12)
      at console.apply [as warn] (src/scripts/modules/base.js:92:26)
      at Proxy.apply (src/scripts/modules/base.js:92:26)
      at Proxy.apply (src/scripts/modules/base.js:92:26)
      at Proxy.apply (src/scripts/modules/base.js:92:26)
      at Object.warn (tests/unit/storage.test.js:11:15)
      at setItem (src/scripts/storage.js:8463:17)
      at saveJSONToStorage (src/scripts/storage.js:14568:3)
      at saveFullBackupHistory (src/scripts/storage.js:14593:3)
      at Object.recordFullBackupHistoryEntry (tests/unit/storage.test.js:3392:7)

  console.warn
    MOCK SET: cameraPowerPlanner_fullBackups__backup = [{"createdAt":"2024-01-01T00:00:00Z-0"},{"createdA

      61 |       return undefined;
      62 |     }
    > 63 |     return originalFn(...args);
         |            ^
      64 |   };
      65 | };
      66 |

      at console.<anonymous> (tests/setup/jest.setup.cjs:63:12)
      at console.apply [as warn] (src/scripts/modules/base.js:92:26)
      at Proxy.apply (src/scripts/modules/base.js:92:26)
      at Proxy.apply (src/scripts/modules/base.js:92:26)
      at Proxy.apply (src/scripts/modules/base.js:92:26)
      at Object.warn (tests/unit/storage.test.js:11:15)
      at setItem (src/scripts/storage.js:8524:19)
      at tryStoreCandidate (src/scripts/storage.js:8540:13)
      at attemptBackupWrite (src/scripts/storage.js:8617:26)
      at saveJSONToStorage (src/scripts/storage.js:14568:3)
      at saveFullBackupHistory (src/scripts/storage.js:14593:3)
      at Object.recordFullBackupHistoryEntry (tests/unit/storage.test.js:3392:7)

  console.log
    DEBUG: getSafeLocalStorage returning object

      at Proxy.apply (src/scripts/modules/base.js:92:26)

  console.warn
    MOCK SET: cameraPowerPlanner_fullBackups__legacyMigrationBackup = [{"createdAt":"2026-01-16T20:14:38.060Z","data":[{

      61 |       return undefined;
      62 |     }
    > 63 |     return originalFn(...args);
         |            ^
      64 |   };
      65 | };
      66 |

      at console.<anonymous> (tests/setup/jest.setup.cjs:63:12)
      at console.apply [as warn] (src/scripts/modules/base.js:92:26)
      at Proxy.apply (src/scripts/modules/base.js:92:26)
      at Proxy.apply (src/scripts/modules/base.js:92:26)
      at Proxy.apply (src/scripts/modules/base.js:92:26)
      at Object.warn (tests/unit/storage.test.js:11:15)
      at setItem (src/scripts/storage.js:5514:19)
      at tryStoreList (src/scripts/storage.js:5521:20)
      at createStorageMigrationBackup (src/scripts/storage.js:5239:3)
      at ensurePreWriteMigrationBackup (src/scripts/storage.js:14567:3)
      at saveFullBackupHistory (src/scripts/storage.js:14593:3)
      at Object.recordFullBackupHistoryEntry (tests/unit/storage.test.js:3392:7)

  console.log
    DEBUG: getSafeLocalStorage returning object

      at Proxy.apply (src/scripts/modules/base.js:92:26)

  console.warn
    MOCK SET: cameraPowerPlanner_fullBackups = [{"createdAt":"2024-01-01T00:00:00Z-0"},{"createdA

      61 |       return undefined;
      62 |     }
    > 63 |     return originalFn(...args);
         |            ^
      64 |   };
      65 | };
      66 |

      at console.<anonymous> (tests/setup/jest.setup.cjs:63:12)
      at console.apply [as warn] (src/scripts/modules/base.js:92:26)
      at Proxy.apply (src/scripts/modules/base.js:92:26)
      at Proxy.apply (src/scripts/modules/base.js:92:26)
      at Proxy.apply (src/scripts/modules/base.js:92:26)
      at Object.warn (tests/unit/storage.test.js:11:15)
      at setItem (src/scripts/storage.js:8463:17)
      at saveJSONToStorage (src/scripts/storage.js:14568:3)
      at saveFullBackupHistory (src/scripts/storage.js:14593:3)
      at Object.recordFullBackupHistoryEntry (tests/unit/storage.test.js:3392:7)

  console.warn
    MOCK SET: cameraPowerPlanner_fullBackups__backup = [{"createdAt":"2024-01-01T00:00:00Z-0"},{"createdA

      61 |       return undefined;
      62 |     }
    > 63 |     return originalFn(...args);
         |            ^
      64 |   };
      65 | };
      66 |

      at console.<anonymous> (tests/setup/jest.setup.cjs:63:12)
      at console.apply [as warn] (src/scripts/modules/base.js:92:26)
      at Proxy.apply (src/scripts/modules/base.js:92:26)
      at Proxy.apply (src/scripts/modules/base.js:92:26)
      at Proxy.apply (src/scripts/modules/base.js:92:26)
      at Object.warn (tests/unit/storage.test.js:11:15)
      at setItem (src/scripts/storage.js:8524:19)
      at tryStoreCandidate (src/scripts/storage.js:8540:13)
      at attemptBackupWrite (src/scripts/storage.js:8617:26)
      at saveJSONToStorage (src/scripts/storage.js:14568:3)
      at saveFullBackupHistory (src/scripts/storage.js:14593:3)
      at Object.recordFullBackupHistoryEntry (tests/unit/storage.test.js:3392:7)

  console.log
    DEBUG: getSafeLocalStorage returning object

      at Proxy.apply (src/scripts/modules/base.js:92:26)

  console.warn
    MOCK SET: cameraPowerPlanner_fullBackups__legacyMigrationBackup = [{"createdAt":"2026-01-16T20:14:38.064Z","data":[{

      61 |       return undefined;
      62 |     }
    > 63 |     return originalFn(...args);
         |            ^
      64 |   };
      65 | };
      66 |

      at console.<anonymous> (tests/setup/jest.setup.cjs:63:12)
      at console.apply [as warn] (src/scripts/modules/base.js:92:26)
      at Proxy.apply (src/scripts/modules/base.js:92:26)
      at Proxy.apply (src/scripts/modules/base.js:92:26)
      at Proxy.apply (src/scripts/modules/base.js:92:26)
      at Object.warn (tests/unit/storage.test.js:11:15)
      at setItem (src/scripts/storage.js:5514:19)
      at tryStoreList (src/scripts/storage.js:5521:20)
      at createStorageMigrationBackup (src/scripts/storage.js:5239:3)
      at ensurePreWriteMigrationBackup (src/scripts/storage.js:14567:3)
      at saveFullBackupHistory (src/scripts/storage.js:14593:3)
      at Object.recordFullBackupHistoryEntry (tests/unit/storage.test.js:3392:7)

  console.log
    DEBUG: getSafeLocalStorage returning object

      at Proxy.apply (src/scripts/modules/base.js:92:26)

  console.warn
    MOCK SET: cameraPowerPlanner_fullBackups = [{"createdAt":"2024-01-01T00:00:00Z-0"},{"createdA

      61 |       return undefined;
      62 |     }
    > 63 |     return originalFn(...args);
         |            ^
      64 |   };
      65 | };
      66 |

      at console.<anonymous> (tests/setup/jest.setup.cjs:63:12)
      at console.apply [as warn] (src/scripts/modules/base.js:92:26)
      at Proxy.apply (src/scripts/modules/base.js:92:26)
      at Proxy.apply (src/scripts/modules/base.js:92:26)
      at Proxy.apply (src/scripts/modules/base.js:92:26)
      at Object.warn (tests/unit/storage.test.js:11:15)
      at setItem (src/scripts/storage.js:8463:17)
      at saveJSONToStorage (src/scripts/storage.js:14568:3)
      at saveFullBackupHistory (src/scripts/storage.js:14593:3)
      at Object.recordFullBackupHistoryEntry (tests/unit/storage.test.js:3392:7)

  console.warn
    MOCK SET: cameraPowerPlanner_fullBackups__backup = [{"createdAt":"2024-01-01T00:00:00Z-0"},{"createdA

      61 |       return undefined;
      62 |     }
    > 63 |     return originalFn(...args);
         |            ^
      64 |   };
      65 | };
      66 |

      at console.<anonymous> (tests/setup/jest.setup.cjs:63:12)
      at console.apply [as warn] (src/scripts/modules/base.js:92:26)
      at Proxy.apply (src/scripts/modules/base.js:92:26)
      at Proxy.apply (src/scripts/modules/base.js:92:26)
      at Proxy.apply (src/scripts/modules/base.js:92:26)
      at Object.warn (tests/unit/storage.test.js:11:15)
      at setItem (src/scripts/storage.js:8524:19)
      at tryStoreCandidate (src/scripts/storage.js:8540:13)
      at attemptBackupWrite (src/scripts/storage.js:8617:26)
      at saveJSONToStorage (src/scripts/storage.js:14568:3)
      at saveFullBackupHistory (src/scripts/storage.js:14593:3)
      at Object.recordFullBackupHistoryEntry (tests/unit/storage.test.js:3392:7)

  console.log
    DEBUG: getSafeLocalStorage returning object

      at Proxy.apply (src/scripts/modules/base.js:92:26)

  console.warn
    MOCK SET: cameraPowerPlanner_fullBackups__legacyMigrationBackup = [{"createdAt":"2026-01-16T20:14:38.066Z","data":[{

      61 |       return undefined;
      62 |     }
    > 63 |     return originalFn(...args);
         |            ^
      64 |   };
      65 | };
      66 |

      at console.<anonymous> (tests/setup/jest.setup.cjs:63:12)
      at console.apply [as warn] (src/scripts/modules/base.js:92:26)
      at Proxy.apply (src/scripts/modules/base.js:92:26)
      at Proxy.apply (src/scripts/modules/base.js:92:26)
      at Proxy.apply (src/scripts/modules/base.js:92:26)
      at Object.warn (tests/unit/storage.test.js:11:15)
      at setItem (src/scripts/storage.js:5514:19)
      at tryStoreList (src/scripts/storage.js:5521:20)
      at createStorageMigrationBackup (src/scripts/storage.js:5239:3)
      at ensurePreWriteMigrationBackup (src/scripts/storage.js:14567:3)
      at saveFullBackupHistory (src/scripts/storage.js:14593:3)
      at Object.recordFullBackupHistoryEntry (tests/unit/storage.test.js:3392:7)

  console.log
    DEBUG: getSafeLocalStorage returning object

      at Proxy.apply (src/scripts/modules/base.js:92:26)

  console.warn
    MOCK SET: cameraPowerPlanner_fullBackups = [{"createdAt":"2024-01-01T00:00:00Z-0"},{"createdA

      61 |       return undefined;
      62 |     }
    > 63 |     return originalFn(...args);
         |            ^
      64 |   };
      65 | };
      66 |

      at console.<anonymous> (tests/setup/jest.setup.cjs:63:12)
      at console.apply [as warn] (src/scripts/modules/base.js:92:26)
      at Proxy.apply (src/scripts/modules/base.js:92:26)
      at Proxy.apply (src/scripts/modules/base.js:92:26)
      at Proxy.apply (src/scripts/modules/base.js:92:26)
      at Object.warn (tests/unit/storage.test.js:11:15)
      at setItem (src/scripts/storage.js:8463:17)
      at saveJSONToStorage (src/scripts/storage.js:14568:3)
      at saveFullBackupHistory (src/scripts/storage.js:14593:3)
      at Object.recordFullBackupHistoryEntry (tests/unit/storage.test.js:3392:7)

  console.warn
    MOCK SET: cameraPowerPlanner_fullBackups__backup = [{"createdAt":"2024-01-01T00:00:00Z-0"},{"createdA

      61 |       return undefined;
      62 |     }
    > 63 |     return originalFn(...args);
         |            ^
      64 |   };
      65 | };
      66 |

      at console.<anonymous> (tests/setup/jest.setup.cjs:63:12)
      at console.apply [as warn] (src/scripts/modules/base.js:92:26)
      at Proxy.apply (src/scripts/modules/base.js:92:26)
      at Proxy.apply (src/scripts/modules/base.js:92:26)
      at Proxy.apply (src/scripts/modules/base.js:92:26)
      at Object.warn (tests/unit/storage.test.js:11:15)
      at setItem (src/scripts/storage.js:8524:19)
      at tryStoreCandidate (src/scripts/storage.js:8540:13)
      at attemptBackupWrite (src/scripts/storage.js:8617:26)
      at saveJSONToStorage (src/scripts/storage.js:14568:3)
      at saveFullBackupHistory (src/scripts/storage.js:14593:3)
      at Object.recordFullBackupHistoryEntry (tests/unit/storage.test.js:3392:7)

  console.log
    DEBUG: getSafeLocalStorage returning object

      at Proxy.apply (src/scripts/modules/base.js:92:26)

  console.warn
    MOCK SET: cameraPowerPlanner_fullBackups__legacyMigrationBackup = [{"createdAt":"2026-01-16T20:14:38.070Z","data":[{

      61 |       return undefined;
      62 |     }
    > 63 |     return originalFn(...args);
         |            ^
      64 |   };
      65 | };
      66 |

      at console.<anonymous> (tests/setup/jest.setup.cjs:63:12)
      at console.apply [as warn] (src/scripts/modules/base.js:92:26)
      at Proxy.apply (src/scripts/modules/base.js:92:26)
      at Proxy.apply (src/scripts/modules/base.js:92:26)
      at Proxy.apply (src/scripts/modules/base.js:92:26)
      at Object.warn (tests/unit/storage.test.js:11:15)
      at setItem (src/scripts/storage.js:5514:19)
      at tryStoreList (src/scripts/storage.js:5521:20)
      at createStorageMigrationBackup (src/scripts/storage.js:5239:3)
      at ensurePreWriteMigrationBackup (src/scripts/storage.js:14567:3)
      at saveFullBackupHistory (src/scripts/storage.js:14593:3)
      at Object.recordFullBackupHistoryEntry (tests/unit/storage.test.js:3392:7)

  console.log
    DEBUG: getSafeLocalStorage returning object

      at Proxy.apply (src/scripts/modules/base.js:92:26)

  console.warn
    MOCK SET: cameraPowerPlanner_fullBackups = [{"createdAt":"2024-01-01T00:00:00Z-0"},{"createdA

      61 |       return undefined;
      62 |     }
    > 63 |     return originalFn(...args);
         |            ^
      64 |   };
      65 | };
      66 |

      at console.<anonymous> (tests/setup/jest.setup.cjs:63:12)
      at console.apply [as warn] (src/scripts/modules/base.js:92:26)
      at Proxy.apply (src/scripts/modules/base.js:92:26)
      at Proxy.apply (src/scripts/modules/base.js:92:26)
      at Proxy.apply (src/scripts/modules/base.js:92:26)
      at Object.warn (tests/unit/storage.test.js:11:15)
      at setItem (src/scripts/storage.js:8463:17)
      at saveJSONToStorage (src/scripts/storage.js:14568:3)
      at saveFullBackupHistory (src/scripts/storage.js:14593:3)
      at Object.recordFullBackupHistoryEntry (tests/unit/storage.test.js:3392:7)

  console.warn
    MOCK SET: cameraPowerPlanner_fullBackups__backup = [{"createdAt":"2024-01-01T00:00:00Z-0"},{"createdA

      61 |       return undefined;
      62 |     }
    > 63 |     return originalFn(...args);
         |            ^
      64 |   };
      65 | };
      66 |

      at console.<anonymous> (tests/setup/jest.setup.cjs:63:12)
      at console.apply [as warn] (src/scripts/modules/base.js:92:26)
      at Proxy.apply (src/scripts/modules/base.js:92:26)
      at Proxy.apply (src/scripts/modules/base.js:92:26)
      at Proxy.apply (src/scripts/modules/base.js:92:26)
      at Object.warn (tests/unit/storage.test.js:11:15)
      at setItem (src/scripts/storage.js:8524:19)
      at tryStoreCandidate (src/scripts/storage.js:8540:13)
      at attemptBackupWrite (src/scripts/storage.js:8617:26)
      at saveJSONToStorage (src/scripts/storage.js:14568:3)
      at saveFullBackupHistory (src/scripts/storage.js:14593:3)
      at Object.recordFullBackupHistoryEntry (tests/unit/storage.test.js:3392:7)

  console.log
    DEBUG: getSafeLocalStorage returning object

      at Proxy.apply (src/scripts/modules/base.js:92:26)

  console.warn
    MOCK SET: cameraPowerPlanner_fullBackups__legacyMigrationBackup = [{"createdAt":"2026-01-16T20:14:38.073Z","data":[{

      61 |       return undefined;
      62 |     }
    > 63 |     return originalFn(...args);
         |            ^
      64 |   };
      65 | };
      66 |

      at console.<anonymous> (tests/setup/jest.setup.cjs:63:12)
      at console.apply [as warn] (src/scripts/modules/base.js:92:26)
      at Proxy.apply (src/scripts/modules/base.js:92:26)
      at Proxy.apply (src/scripts/modules/base.js:92:26)
      at Proxy.apply (src/scripts/modules/base.js:92:26)
      at Object.warn (tests/unit/storage.test.js:11:15)
      at setItem (src/scripts/storage.js:5514:19)
      at tryStoreList (src/scripts/storage.js:5521:20)
      at createStorageMigrationBackup (src/scripts/storage.js:5239:3)
      at ensurePreWriteMigrationBackup (src/scripts/storage.js:14567:3)
      at saveFullBackupHistory (src/scripts/storage.js:14593:3)
      at Object.recordFullBackupHistoryEntry (tests/unit/storage.test.js:3392:7)

  console.log
    DEBUG: getSafeLocalStorage returning object

      at Proxy.apply (src/scripts/modules/base.js:92:26)

  console.warn
    MOCK SET: cameraPowerPlanner_fullBackups = [{"createdAt":"2024-01-01T00:00:00Z-0"},{"createdA

      61 |       return undefined;
      62 |     }
    > 63 |     return originalFn(...args);
         |            ^
      64 |   };
      65 | };
      66 |

      at console.<anonymous> (tests/setup/jest.setup.cjs:63:12)
      at console.apply [as warn] (src/scripts/modules/base.js:92:26)
      at Proxy.apply (src/scripts/modules/base.js:92:26)
      at Proxy.apply (src/scripts/modules/base.js:92:26)
      at Proxy.apply (src/scripts/modules/base.js:92:26)
      at Object.warn (tests/unit/storage.test.js:11:15)
      at setItem (src/scripts/storage.js:8463:17)
      at saveJSONToStorage (src/scripts/storage.js:14568:3)
      at saveFullBackupHistory (src/scripts/storage.js:14593:3)
      at Object.recordFullBackupHistoryEntry (tests/unit/storage.test.js:3392:7)

  console.warn
    MOCK SET: cameraPowerPlanner_fullBackups__backup = [{"createdAt":"2024-01-01T00:00:00Z-0"},{"createdA

      61 |       return undefined;
      62 |     }
    > 63 |     return originalFn(...args);
         |            ^
      64 |   };
      65 | };
      66 |

      at console.<anonymous> (tests/setup/jest.setup.cjs:63:12)
      at console.apply [as warn] (src/scripts/modules/base.js:92:26)
      at Proxy.apply (src/scripts/modules/base.js:92:26)
      at Proxy.apply (src/scripts/modules/base.js:92:26)
      at Proxy.apply (src/scripts/modules/base.js:92:26)
      at Object.warn (tests/unit/storage.test.js:11:15)
      at setItem (src/scripts/storage.js:8524:19)
      at tryStoreCandidate (src/scripts/storage.js:8540:13)
      at attemptBackupWrite (src/scripts/storage.js:8617:26)
      at saveJSONToStorage (src/scripts/storage.js:14568:3)
      at saveFullBackupHistory (src/scripts/storage.js:14593:3)
      at Object.recordFullBackupHistoryEntry (tests/unit/storage.test.js:3392:7)

  console.log
    DEBUG: getSafeLocalStorage returning object

      at Proxy.apply (src/scripts/modules/base.js:92:26)

  console.warn
    MOCK SET: cameraPowerPlanner_fullBackups__legacyMigrationBackup = [{"createdAt":"2026-01-16T20:14:38.076Z","data":[{

      61 |       return undefined;
      62 |     }
    > 63 |     return originalFn(...args);
         |            ^
      64 |   };
      65 | };
      66 |

      at console.<anonymous> (tests/setup/jest.setup.cjs:63:12)
      at console.apply [as warn] (src/scripts/modules/base.js:92:26)
      at Proxy.apply (src/scripts/modules/base.js:92:26)
      at Proxy.apply (src/scripts/modules/base.js:92:26)
      at Proxy.apply (src/scripts/modules/base.js:92:26)
      at Object.warn (tests/unit/storage.test.js:11:15)
      at setItem (src/scripts/storage.js:5514:19)
      at tryStoreList (src/scripts/storage.js:5521:20)
      at createStorageMigrationBackup (src/scripts/storage.js:5239:3)
      at ensurePreWriteMigrationBackup (src/scripts/storage.js:14567:3)
      at saveFullBackupHistory (src/scripts/storage.js:14593:3)
      at Object.recordFullBackupHistoryEntry (tests/unit/storage.test.js:3392:7)

  console.log
    DEBUG: getSafeLocalStorage returning object

      at Proxy.apply (src/scripts/modules/base.js:92:26)

  console.warn
    MOCK SET: cameraPowerPlanner_fullBackups = [{"createdAt":"2024-01-01T00:00:00Z-0"},{"createdA

      61 |       return undefined;
      62 |     }
    > 63 |     return originalFn(...args);
         |            ^
      64 |   };
      65 | };
      66 |

      at console.<anonymous> (tests/setup/jest.setup.cjs:63:12)
      at console.apply [as warn] (src/scripts/modules/base.js:92:26)
      at Proxy.apply (src/scripts/modules/base.js:92:26)
      at Proxy.apply (src/scripts/modules/base.js:92:26)
      at Proxy.apply (src/scripts/modules/base.js:92:26)
      at Object.warn (tests/unit/storage.test.js:11:15)
      at setItem (src/scripts/storage.js:8463:17)
      at saveJSONToStorage (src/scripts/storage.js:14568:3)
      at saveFullBackupHistory (src/scripts/storage.js:14593:3)
      at Object.recordFullBackupHistoryEntry (tests/unit/storage.test.js:3392:7)

  console.warn
    MOCK SET: cameraPowerPlanner_fullBackups__backup = [{"createdAt":"2024-01-01T00:00:00Z-0"},{"createdA

      61 |       return undefined;
      62 |     }
    > 63 |     return originalFn(...args);
         |            ^
      64 |   };
      65 | };
      66 |

      at console.<anonymous> (tests/setup/jest.setup.cjs:63:12)
      at console.apply [as warn] (src/scripts/modules/base.js:92:26)
      at Proxy.apply (src/scripts/modules/base.js:92:26)
      at Proxy.apply (src/scripts/modules/base.js:92:26)
      at Proxy.apply (src/scripts/modules/base.js:92:26)
      at Object.warn (tests/unit/storage.test.js:11:15)
      at setItem (src/scripts/storage.js:8524:19)
      at tryStoreCandidate (src/scripts/storage.js:8540:13)
      at attemptBackupWrite (src/scripts/storage.js:8617:26)
      at saveJSONToStorage (src/scripts/storage.js:14568:3)
      at saveFullBackupHistory (src/scripts/storage.js:14593:3)
      at Object.recordFullBackupHistoryEntry (tests/unit/storage.test.js:3392:7)

  console.log
    DEBUG: getSafeLocalStorage returning object

      at Proxy.apply (src/scripts/modules/base.js:92:26)

  console.warn
    MOCK SET: cameraPowerPlanner_fullBackups__legacyMigrationBackup = [{"createdAt":"2026-01-16T20:14:38.081Z","data":[{

      61 |       return undefined;
      62 |     }
    > 63 |     return originalFn(...args);
         |            ^
      64 |   };
      65 | };
      66 |

      at console.<anonymous> (tests/setup/jest.setup.cjs:63:12)
      at console.apply [as warn] (src/scripts/modules/base.js:92:26)
      at Proxy.apply (src/scripts/modules/base.js:92:26)
      at Proxy.apply (src/scripts/modules/base.js:92:26)
      at Proxy.apply (src/scripts/modules/base.js:92:26)
      at Object.warn (tests/unit/storage.test.js:11:15)
      at setItem (src/scripts/storage.js:5514:19)
      at tryStoreList (src/scripts/storage.js:5521:20)
      at createStorageMigrationBackup (src/scripts/storage.js:5239:3)
      at ensurePreWriteMigrationBackup (src/scripts/storage.js:14567:3)
      at saveFullBackupHistory (src/scripts/storage.js:14593:3)
      at Object.recordFullBackupHistoryEntry (tests/unit/storage.test.js:3392:7)

  console.log
    DEBUG: getSafeLocalStorage returning object

      at Proxy.apply (src/scripts/modules/base.js:92:26)

  console.warn
    MOCK SET: cameraPowerPlanner_fullBackups = [{"createdAt":"2024-01-01T00:00:00Z-0"},{"createdA

      61 |       return undefined;
      62 |     }
    > 63 |     return originalFn(...args);
         |            ^
      64 |   };
      65 | };
      66 |

      at console.<anonymous> (tests/setup/jest.setup.cjs:63:12)
      at console.apply [as warn] (src/scripts/modules/base.js:92:26)
      at Proxy.apply (src/scripts/modules/base.js:92:26)
      at Proxy.apply (src/scripts/modules/base.js:92:26)
      at Proxy.apply (src/scripts/modules/base.js:92:26)
      at Object.warn (tests/unit/storage.test.js:11:15)
      at setItem (src/scripts/storage.js:8463:17)
      at saveJSONToStorage (src/scripts/storage.js:14568:3)
      at saveFullBackupHistory (src/scripts/storage.js:14593:3)
      at Object.recordFullBackupHistoryEntry (tests/unit/storage.test.js:3392:7)

  console.warn
    MOCK SET: cameraPowerPlanner_fullBackups__backup = [{"createdAt":"2024-01-01T00:00:00Z-0"},{"createdA

      61 |       return undefined;
      62 |     }
    > 63 |     return originalFn(...args);
         |            ^
      64 |   };
      65 | };
      66 |

      at console.<anonymous> (tests/setup/jest.setup.cjs:63:12)
      at console.apply [as warn] (src/scripts/modules/base.js:92:26)
      at Proxy.apply (src/scripts/modules/base.js:92:26)
      at Proxy.apply (src/scripts/modules/base.js:92:26)
      at Proxy.apply (src/scripts/modules/base.js:92:26)
      at Object.warn (tests/unit/storage.test.js:11:15)
      at setItem (src/scripts/storage.js:8524:19)
      at tryStoreCandidate (src/scripts/storage.js:8540:13)
      at attemptBackupWrite (src/scripts/storage.js:8617:26)
      at saveJSONToStorage (src/scripts/storage.js:14568:3)
      at saveFullBackupHistory (src/scripts/storage.js:14593:3)
      at Object.recordFullBackupHistoryEntry (tests/unit/storage.test.js:3392:7)

  console.log
    DEBUG: getSafeLocalStorage returning object

      at Proxy.apply (src/scripts/modules/base.js:92:26)

  console.warn
    MOCK SET: cameraPowerPlanner_fullBackups__legacyMigrationBackup = [{"createdAt":"2026-01-16T20:14:38.084Z","data":[{

      61 |       return undefined;
      62 |     }
    > 63 |     return originalFn(...args);
         |            ^
      64 |   };
      65 | };
      66 |

      at console.<anonymous> (tests/setup/jest.setup.cjs:63:12)
      at console.apply [as warn] (src/scripts/modules/base.js:92:26)
      at Proxy.apply (src/scripts/modules/base.js:92:26)
      at Proxy.apply (src/scripts/modules/base.js:92:26)
      at Proxy.apply (src/scripts/modules/base.js:92:26)
      at Object.warn (tests/unit/storage.test.js:11:15)
      at setItem (src/scripts/storage.js:5514:19)
      at tryStoreList (src/scripts/storage.js:5521:20)
      at createStorageMigrationBackup (src/scripts/storage.js:5239:3)
      at ensurePreWriteMigrationBackup (src/scripts/storage.js:14567:3)
      at saveFullBackupHistory (src/scripts/storage.js:14593:3)
      at Object.recordFullBackupHistoryEntry (tests/unit/storage.test.js:3392:7)

  console.log
    DEBUG: getSafeLocalStorage returning object

      at Proxy.apply (src/scripts/modules/base.js:92:26)

  console.warn
    MOCK SET: cameraPowerPlanner_fullBackups = [{"createdAt":"2024-01-01T00:00:00Z-0"},{"createdA

      61 |       return undefined;
      62 |     }
    > 63 |     return originalFn(...args);
         |            ^
      64 |   };
      65 | };
      66 |

      at console.<anonymous> (tests/setup/jest.setup.cjs:63:12)
      at console.apply [as warn] (src/scripts/modules/base.js:92:26)
      at Proxy.apply (src/scripts/modules/base.js:92:26)
      at Proxy.apply (src/scripts/modules/base.js:92:26)
      at Proxy.apply (src/scripts/modules/base.js:92:26)
      at Object.warn (tests/unit/storage.test.js:11:15)
      at setItem (src/scripts/storage.js:8463:17)
      at saveJSONToStorage (src/scripts/storage.js:14568:3)
      at saveFullBackupHistory (src/scripts/storage.js:14593:3)
      at Object.recordFullBackupHistoryEntry (tests/unit/storage.test.js:3392:7)

  console.warn
    MOCK SET: cameraPowerPlanner_fullBackups__backup = [{"createdAt":"2024-01-01T00:00:00Z-0"},{"createdA

      61 |       return undefined;
      62 |     }
    > 63 |     return originalFn(...args);
         |            ^
      64 |   };
      65 | };
      66 |

      at console.<anonymous> (tests/setup/jest.setup.cjs:63:12)
      at console.apply [as warn] (src/scripts/modules/base.js:92:26)
      at Proxy.apply (src/scripts/modules/base.js:92:26)
      at Proxy.apply (src/scripts/modules/base.js:92:26)
      at Proxy.apply (src/scripts/modules/base.js:92:26)
      at Object.warn (tests/unit/storage.test.js:11:15)
      at setItem (src/scripts/storage.js:8524:19)
      at tryStoreCandidate (src/scripts/storage.js:8540:13)
      at attemptBackupWrite (src/scripts/storage.js:8617:26)
      at saveJSONToStorage (src/scripts/storage.js:14568:3)
      at saveFullBackupHistory (src/scripts/storage.js:14593:3)
      at Object.recordFullBackupHistoryEntry (tests/unit/storage.test.js:3392:7)

  console.log
    DEBUG: getSafeLocalStorage returning object

      at Proxy.apply (src/scripts/modules/base.js:92:26)

  console.warn
    MOCK SET: cameraPowerPlanner_fullBackups__legacyMigrationBackup = [{"createdAt":"2026-01-16T20:14:38.087Z","data":[{

      61 |       return undefined;
      62 |     }
    > 63 |     return originalFn(...args);
         |            ^
      64 |   };
      65 | };
      66 |

      at console.<anonymous> (tests/setup/jest.setup.cjs:63:12)
      at console.apply [as warn] (src/scripts/modules/base.js:92:26)
      at Proxy.apply (src/scripts/modules/base.js:92:26)
      at Proxy.apply (src/scripts/modules/base.js:92:26)
      at Proxy.apply (src/scripts/modules/base.js:92:26)
      at Object.warn (tests/unit/storage.test.js:11:15)
      at setItem (src/scripts/storage.js:5514:19)
      at tryStoreList (src/scripts/storage.js:5521:20)
      at createStorageMigrationBackup (src/scripts/storage.js:5239:3)
      at ensurePreWriteMigrationBackup (src/scripts/storage.js:14567:3)
      at saveFullBackupHistory (src/scripts/storage.js:14593:3)
      at Object.recordFullBackupHistoryEntry (tests/unit/storage.test.js:3392:7)

  console.log
    DEBUG: getSafeLocalStorage returning object

      at Proxy.apply (src/scripts/modules/base.js:92:26)

  console.warn
    MOCK SET: cameraPowerPlanner_fullBackups = [{"createdAt":"2024-01-01T00:00:00Z-0"},{"createdA

      61 |       return undefined;
      62 |     }
    > 63 |     return originalFn(...args);
         |            ^
      64 |   };
      65 | };
      66 |

      at console.<anonymous> (tests/setup/jest.setup.cjs:63:12)
      at console.apply [as warn] (src/scripts/modules/base.js:92:26)
      at Proxy.apply (src/scripts/modules/base.js:92:26)
      at Proxy.apply (src/scripts/modules/base.js:92:26)
      at Proxy.apply (src/scripts/modules/base.js:92:26)
      at Object.warn (tests/unit/storage.test.js:11:15)
      at setItem (src/scripts/storage.js:8463:17)
      at saveJSONToStorage (src/scripts/storage.js:14568:3)
      at saveFullBackupHistory (src/scripts/storage.js:14593:3)
      at Object.recordFullBackupHistoryEntry (tests/unit/storage.test.js:3392:7)

  console.warn
    MOCK SET: cameraPowerPlanner_fullBackups__backup = [{"createdAt":"2024-01-01T00:00:00Z-0"},{"createdA

      61 |       return undefined;
      62 |     }
    > 63 |     return originalFn(...args);
         |            ^
      64 |   };
      65 | };
      66 |

      at console.<anonymous> (tests/setup/jest.setup.cjs:63:12)
      at console.apply [as warn] (src/scripts/modules/base.js:92:26)
      at Proxy.apply (src/scripts/modules/base.js:92:26)
      at Proxy.apply (src/scripts/modules/base.js:92:26)
      at Proxy.apply (src/scripts/modules/base.js:92:26)
      at Object.warn (tests/unit/storage.test.js:11:15)
      at setItem (src/scripts/storage.js:8524:19)
      at tryStoreCandidate (src/scripts/storage.js:8540:13)
      at attemptBackupWrite (src/scripts/storage.js:8617:26)
      at saveJSONToStorage (src/scripts/storage.js:14568:3)
      at saveFullBackupHistory (src/scripts/storage.js:14593:3)
      at Object.recordFullBackupHistoryEntry (tests/unit/storage.test.js:3392:7)

  console.log
    DEBUG: getSafeLocalStorage returning object

      at Proxy.apply (src/scripts/modules/base.js:92:26)

  console.warn
    MOCK SET: cameraPowerPlanner_fullBackups__legacyMigrationBackup = [{"createdAt":"2026-01-16T20:14:38.091Z","data":[{

      61 |       return undefined;
      62 |     }
    > 63 |     return originalFn(...args);
         |            ^
      64 |   };
      65 | };
      66 |

      at console.<anonymous> (tests/setup/jest.setup.cjs:63:12)
      at console.apply [as warn] (src/scripts/modules/base.js:92:26)
      at Proxy.apply (src/scripts/modules/base.js:92:26)
      at Proxy.apply (src/scripts/modules/base.js:92:26)
      at Proxy.apply (src/scripts/modules/base.js:92:26)
      at Object.warn (tests/unit/storage.test.js:11:15)
      at setItem (src/scripts/storage.js:5514:19)
      at tryStoreList (src/scripts/storage.js:5521:20)
      at createStorageMigrationBackup (src/scripts/storage.js:5239:3)
      at ensurePreWriteMigrationBackup (src/scripts/storage.js:14567:3)
      at saveFullBackupHistory (src/scripts/storage.js:14593:3)
      at Object.recordFullBackupHistoryEntry (tests/unit/storage.test.js:3392:7)

  console.log
    DEBUG: getSafeLocalStorage returning object

      at Proxy.apply (src/scripts/modules/base.js:92:26)

  console.warn
    MOCK SET: cameraPowerPlanner_fullBackups = [{"createdAt":"2024-01-01T00:00:00Z-0"},{"createdA

      61 |       return undefined;
      62 |     }
    > 63 |     return originalFn(...args);
         |            ^
      64 |   };
      65 | };
      66 |

      at console.<anonymous> (tests/setup/jest.setup.cjs:63:12)
      at console.apply [as warn] (src/scripts/modules/base.js:92:26)
      at Proxy.apply (src/scripts/modules/base.js:92:26)
      at Proxy.apply (src/scripts/modules/base.js:92:26)
      at Proxy.apply (src/scripts/modules/base.js:92:26)
      at Object.warn (tests/unit/storage.test.js:11:15)
      at setItem (src/scripts/storage.js:8463:17)
      at saveJSONToStorage (src/scripts/storage.js:14568:3)
      at saveFullBackupHistory (src/scripts/storage.js:14593:3)
      at Object.recordFullBackupHistoryEntry (tests/unit/storage.test.js:3392:7)

  console.warn
    MOCK SET: cameraPowerPlanner_fullBackups__backup = [{"createdAt":"2024-01-01T00:00:00Z-0"},{"createdA

      61 |       return undefined;
      62 |     }
    > 63 |     return originalFn(...args);
         |            ^
      64 |   };
      65 | };
      66 |

      at console.<anonymous> (tests/setup/jest.setup.cjs:63:12)
      at console.apply [as warn] (src/scripts/modules/base.js:92:26)
      at Proxy.apply (src/scripts/modules/base.js:92:26)
      at Proxy.apply (src/scripts/modules/base.js:92:26)
      at Proxy.apply (src/scripts/modules/base.js:92:26)
      at Object.warn (tests/unit/storage.test.js:11:15)
      at setItem (src/scripts/storage.js:8524:19)
      at tryStoreCandidate (src/scripts/storage.js:8540:13)
      at attemptBackupWrite (src/scripts/storage.js:8617:26)
      at saveJSONToStorage (src/scripts/storage.js:14568:3)
      at saveFullBackupHistory (src/scripts/storage.js:14593:3)
      at Object.recordFullBackupHistoryEntry (tests/unit/storage.test.js:3392:7)

  console.log
    DEBUG: getSafeLocalStorage returning object

      at Proxy.apply (src/scripts/modules/base.js:92:26)

  console.warn
    MOCK SET: cameraPowerPlanner_fullBackups__legacyMigrationBackup = [{"createdAt":"2026-01-16T20:14:38.094Z","data":[{

      61 |       return undefined;
      62 |     }
    > 63 |     return originalFn(...args);
         |            ^
      64 |   };
      65 | };
      66 |

      at console.<anonymous> (tests/setup/jest.setup.cjs:63:12)
      at console.apply [as warn] (src/scripts/modules/base.js:92:26)
      at Proxy.apply (src/scripts/modules/base.js:92:26)
      at Proxy.apply (src/scripts/modules/base.js:92:26)
      at Proxy.apply (src/scripts/modules/base.js:92:26)
      at Object.warn (tests/unit/storage.test.js:11:15)
      at setItem (src/scripts/storage.js:5514:19)
      at tryStoreList (src/scripts/storage.js:5521:20)
      at createStorageMigrationBackup (src/scripts/storage.js:5239:3)
      at ensurePreWriteMigrationBackup (src/scripts/storage.js:14567:3)
      at saveFullBackupHistory (src/scripts/storage.js:14593:3)
      at Object.recordFullBackupHistoryEntry (tests/unit/storage.test.js:3392:7)

  console.log
    DEBUG: getSafeLocalStorage returning object

      at Proxy.apply (src/scripts/modules/base.js:92:26)

  console.warn
    MOCK SET: cameraPowerPlanner_fullBackups = [{"createdAt":"2024-01-01T00:00:00Z-0"},{"createdA

      61 |       return undefined;
      62 |     }
    > 63 |     return originalFn(...args);
         |            ^
      64 |   };
      65 | };
      66 |

      at console.<anonymous> (tests/setup/jest.setup.cjs:63:12)
      at console.apply [as warn] (src/scripts/modules/base.js:92:26)
      at Proxy.apply (src/scripts/modules/base.js:92:26)
      at Proxy.apply (src/scripts/modules/base.js:92:26)
      at Proxy.apply (src/scripts/modules/base.js:92:26)
      at Object.warn (tests/unit/storage.test.js:11:15)
      at setItem (src/scripts/storage.js:8463:17)
      at saveJSONToStorage (src/scripts/storage.js:14568:3)
      at saveFullBackupHistory (src/scripts/storage.js:14593:3)
      at Object.recordFullBackupHistoryEntry (tests/unit/storage.test.js:3392:7)

  console.warn
    MOCK SET: cameraPowerPlanner_fullBackups__backup = [{"createdAt":"2024-01-01T00:00:00Z-0"},{"createdA

      61 |       return undefined;
      62 |     }
    > 63 |     return originalFn(...args);
         |            ^
      64 |   };
      65 | };
      66 |

      at console.<anonymous> (tests/setup/jest.setup.cjs:63:12)
      at console.apply [as warn] (src/scripts/modules/base.js:92:26)
      at Proxy.apply (src/scripts/modules/base.js:92:26)
      at Proxy.apply (src/scripts/modules/base.js:92:26)
      at Proxy.apply (src/scripts/modules/base.js:92:26)
      at Object.warn (tests/unit/storage.test.js:11:15)
      at setItem (src/scripts/storage.js:8524:19)
      at tryStoreCandidate (src/scripts/storage.js:8540:13)
      at attemptBackupWrite (src/scripts/storage.js:8617:26)
      at saveJSONToStorage (src/scripts/storage.js:14568:3)
      at saveFullBackupHistory (src/scripts/storage.js:14593:3)
      at Object.recordFullBackupHistoryEntry (tests/unit/storage.test.js:3392:7)

  console.log
    DEBUG: getSafeLocalStorage returning object

      at Proxy.apply (src/scripts/modules/base.js:92:26)

  console.warn
    MOCK SET: cameraPowerPlanner_fullBackups__legacyMigrationBackup = [{"createdAt":"2026-01-16T20:14:38.097Z","data":[{

      61 |       return undefined;
      62 |     }
    > 63 |     return originalFn(...args);
         |            ^
      64 |   };
      65 | };
      66 |

      at console.<anonymous> (tests/setup/jest.setup.cjs:63:12)
      at console.apply [as warn] (src/scripts/modules/base.js:92:26)
      at Proxy.apply (src/scripts/modules/base.js:92:26)
      at Proxy.apply (src/scripts/modules/base.js:92:26)
      at Proxy.apply (src/scripts/modules/base.js:92:26)
      at Object.warn (tests/unit/storage.test.js:11:15)
      at setItem (src/scripts/storage.js:5514:19)
      at tryStoreList (src/scripts/storage.js:5521:20)
      at createStorageMigrationBackup (src/scripts/storage.js:5239:3)
      at ensurePreWriteMigrationBackup (src/scripts/storage.js:14567:3)
      at saveFullBackupHistory (src/scripts/storage.js:14593:3)
      at Object.recordFullBackupHistoryEntry (tests/unit/storage.test.js:3392:7)

  console.log
    DEBUG: getSafeLocalStorage returning object

      at Proxy.apply (src/scripts/modules/base.js:92:26)

  console.warn
    MOCK SET: cameraPowerPlanner_fullBackups = [{"createdAt":"2024-01-01T00:00:00Z-0"},{"createdA

      61 |       return undefined;
      62 |     }
    > 63 |     return originalFn(...args);
         |            ^
      64 |   };
      65 | };
      66 |

      at console.<anonymous> (tests/setup/jest.setup.cjs:63:12)
      at console.apply [as warn] (src/scripts/modules/base.js:92:26)
      at Proxy.apply (src/scripts/modules/base.js:92:26)
      at Proxy.apply (src/scripts/modules/base.js:92:26)
      at Proxy.apply (src/scripts/modules/base.js:92:26)
      at Object.warn (tests/unit/storage.test.js:11:15)
      at setItem (src/scripts/storage.js:8463:17)
      at saveJSONToStorage (src/scripts/storage.js:14568:3)
      at saveFullBackupHistory (src/scripts/storage.js:14593:3)
      at Object.recordFullBackupHistoryEntry (tests/unit/storage.test.js:3392:7)

  console.warn
    MOCK SET: cameraPowerPlanner_fullBackups__backup = [{"createdAt":"2024-01-01T00:00:00Z-0"},{"createdA

      61 |       return undefined;
      62 |     }
    > 63 |     return originalFn(...args);
         |            ^
      64 |   };
      65 | };
      66 |

      at console.<anonymous> (tests/setup/jest.setup.cjs:63:12)
      at console.apply [as warn] (src/scripts/modules/base.js:92:26)
      at Proxy.apply (src/scripts/modules/base.js:92:26)
      at Proxy.apply (src/scripts/modules/base.js:92:26)
      at Proxy.apply (src/scripts/modules/base.js:92:26)
      at Object.warn (tests/unit/storage.test.js:11:15)
      at setItem (src/scripts/storage.js:8524:19)
      at tryStoreCandidate (src/scripts/storage.js:8540:13)
      at attemptBackupWrite (src/scripts/storage.js:8617:26)
      at saveJSONToStorage (src/scripts/storage.js:14568:3)
      at saveFullBackupHistory (src/scripts/storage.js:14593:3)
      at Object.recordFullBackupHistoryEntry (tests/unit/storage.test.js:3392:7)

  console.log
    DEBUG: getSafeLocalStorage returning object

      at Proxy.apply (src/scripts/modules/base.js:92:26)

  console.warn
    MOCK SET: cameraPowerPlanner_fullBackups__legacyMigrationBackup = [{"createdAt":"2026-01-16T20:14:38.100Z","data":[{

      61 |       return undefined;
      62 |     }
    > 63 |     return originalFn(...args);
         |            ^
      64 |   };
      65 | };
      66 |

      at console.<anonymous> (tests/setup/jest.setup.cjs:63:12)
      at console.apply [as warn] (src/scripts/modules/base.js:92:26)
      at Proxy.apply (src/scripts/modules/base.js:92:26)
      at Proxy.apply (src/scripts/modules/base.js:92:26)
      at Proxy.apply (src/scripts/modules/base.js:92:26)
      at Object.warn (tests/unit/storage.test.js:11:15)
      at setItem (src/scripts/storage.js:5514:19)
      at tryStoreList (src/scripts/storage.js:5521:20)
      at createStorageMigrationBackup (src/scripts/storage.js:5239:3)
      at ensurePreWriteMigrationBackup (src/scripts/storage.js:14567:3)
      at saveFullBackupHistory (src/scripts/storage.js:14593:3)
      at Object.recordFullBackupHistoryEntry (tests/unit/storage.test.js:3392:7)

  console.log
    DEBUG: getSafeLocalStorage returning object

      at Proxy.apply (src/scripts/modules/base.js:92:26)

  console.warn
    MOCK SET: cameraPowerPlanner_fullBackups = [{"createdAt":"2024-01-01T00:00:00Z-0"},{"createdA

      61 |       return undefined;
      62 |     }
    > 63 |     return originalFn(...args);
         |            ^
      64 |   };
      65 | };
      66 |

      at console.<anonymous> (tests/setup/jest.setup.cjs:63:12)
      at console.apply [as warn] (src/scripts/modules/base.js:92:26)
      at Proxy.apply (src/scripts/modules/base.js:92:26)
      at Proxy.apply (src/scripts/modules/base.js:92:26)
      at Proxy.apply (src/scripts/modules/base.js:92:26)
      at Object.warn (tests/unit/storage.test.js:11:15)
      at setItem (src/scripts/storage.js:8463:17)
      at saveJSONToStorage (src/scripts/storage.js:14568:3)
      at saveFullBackupHistory (src/scripts/storage.js:14593:3)
      at Object.recordFullBackupHistoryEntry (tests/unit/storage.test.js:3392:7)

  console.warn
    MOCK SET: cameraPowerPlanner_fullBackups__backup = [{"createdAt":"2024-01-01T00:00:00Z-0"},{"createdA

      61 |       return undefined;
      62 |     }
    > 63 |     return originalFn(...args);
         |            ^
      64 |   };
      65 | };
      66 |

      at console.<anonymous> (tests/setup/jest.setup.cjs:63:12)
      at console.apply [as warn] (src/scripts/modules/base.js:92:26)
      at Proxy.apply (src/scripts/modules/base.js:92:26)
      at Proxy.apply (src/scripts/modules/base.js:92:26)
      at Proxy.apply (src/scripts/modules/base.js:92:26)
      at Object.warn (tests/unit/storage.test.js:11:15)
      at setItem (src/scripts/storage.js:8524:19)
      at tryStoreCandidate (src/scripts/storage.js:8540:13)
      at attemptBackupWrite (src/scripts/storage.js:8617:26)
      at saveJSONToStorage (src/scripts/storage.js:14568:3)
      at saveFullBackupHistory (src/scripts/storage.js:14593:3)
      at Object.recordFullBackupHistoryEntry (tests/unit/storage.test.js:3392:7)

  console.log
    DEBUG: getSafeLocalStorage returning object

      at Proxy.apply (src/scripts/modules/base.js:92:26)

  console.warn
    MOCK SET: cameraPowerPlanner_fullBackups__legacyMigrationBackup = [{"createdAt":"2026-01-16T20:14:38.105Z","data":[{

      61 |       return undefined;
      62 |     }
    > 63 |     return originalFn(...args);
         |            ^
      64 |   };
      65 | };
      66 |

      at console.<anonymous> (tests/setup/jest.setup.cjs:63:12)
      at console.apply [as warn] (src/scripts/modules/base.js:92:26)
      at Proxy.apply (src/scripts/modules/base.js:92:26)
      at Proxy.apply (src/scripts/modules/base.js:92:26)
      at Proxy.apply (src/scripts/modules/base.js:92:26)
      at Object.warn (tests/unit/storage.test.js:11:15)
      at setItem (src/scripts/storage.js:5514:19)
      at tryStoreList (src/scripts/storage.js:5521:20)
      at createStorageMigrationBackup (src/scripts/storage.js:5239:3)
      at ensurePreWriteMigrationBackup (src/scripts/storage.js:14567:3)
      at saveFullBackupHistory (src/scripts/storage.js:14593:3)
      at Object.recordFullBackupHistoryEntry (tests/unit/storage.test.js:3392:7)

  console.log
    DEBUG: getSafeLocalStorage returning object

      at Proxy.apply (src/scripts/modules/base.js:92:26)

  console.warn
    MOCK SET: cameraPowerPlanner_fullBackups = [{"createdAt":"2024-01-01T00:00:00Z-0"},{"createdA

      61 |       return undefined;
      62 |     }
    > 63 |     return originalFn(...args);
         |            ^
      64 |   };
      65 | };
      66 |

      at console.<anonymous> (tests/setup/jest.setup.cjs:63:12)
      at console.apply [as warn] (src/scripts/modules/base.js:92:26)
      at Proxy.apply (src/scripts/modules/base.js:92:26)
      at Proxy.apply (src/scripts/modules/base.js:92:26)
      at Proxy.apply (src/scripts/modules/base.js:92:26)
      at Object.warn (tests/unit/storage.test.js:11:15)
      at setItem (src/scripts/storage.js:8463:17)
      at saveJSONToStorage (src/scripts/storage.js:14568:3)
      at saveFullBackupHistory (src/scripts/storage.js:14593:3)
      at Object.recordFullBackupHistoryEntry (tests/unit/storage.test.js:3392:7)

  console.warn
    MOCK SET: cameraPowerPlanner_fullBackups__backup = [{"createdAt":"2024-01-01T00:00:00Z-0"},{"createdA

      61 |       return undefined;
      62 |     }
    > 63 |     return originalFn(...args);
         |            ^
      64 |   };
      65 | };
      66 |

      at console.<anonymous> (tests/setup/jest.setup.cjs:63:12)
      at console.apply [as warn] (src/scripts/modules/base.js:92:26)
      at Proxy.apply (src/scripts/modules/base.js:92:26)
      at Proxy.apply (src/scripts/modules/base.js:92:26)
      at Proxy.apply (src/scripts/modules/base.js:92:26)
      at Object.warn (tests/unit/storage.test.js:11:15)
      at setItem (src/scripts/storage.js:8524:19)
      at tryStoreCandidate (src/scripts/storage.js:8540:13)
      at attemptBackupWrite (src/scripts/storage.js:8617:26)
      at saveJSONToStorage (src/scripts/storage.js:14568:3)
      at saveFullBackupHistory (src/scripts/storage.js:14593:3)
      at Object.recordFullBackupHistoryEntry (tests/unit/storage.test.js:3392:7)

  console.log
    DEBUG: getSafeLocalStorage returning object

      at Proxy.apply (src/scripts/modules/base.js:92:26)

  console.warn
    MOCK SET: cameraPowerPlanner_fullBackups__legacyMigrationBackup = [{"createdAt":"2026-01-16T20:14:38.108Z","data":[{

      61 |       return undefined;
      62 |     }
    > 63 |     return originalFn(...args);
         |            ^
      64 |   };
      65 | };
      66 |

      at console.<anonymous> (tests/setup/jest.setup.cjs:63:12)
      at console.apply [as warn] (src/scripts/modules/base.js:92:26)
      at Proxy.apply (src/scripts/modules/base.js:92:26)
      at Proxy.apply (src/scripts/modules/base.js:92:26)
      at Proxy.apply (src/scripts/modules/base.js:92:26)
      at Object.warn (tests/unit/storage.test.js:11:15)
      at setItem (src/scripts/storage.js:5514:19)
      at tryStoreList (src/scripts/storage.js:5521:20)
      at createStorageMigrationBackup (src/scripts/storage.js:5239:3)
      at ensurePreWriteMigrationBackup (src/scripts/storage.js:14567:3)
      at saveFullBackupHistory (src/scripts/storage.js:14593:3)
      at Object.recordFullBackupHistoryEntry (tests/unit/storage.test.js:3392:7)

  console.log
    DEBUG: getSafeLocalStorage returning object

      at Proxy.apply (src/scripts/modules/base.js:92:26)

  console.warn
    MOCK SET: cameraPowerPlanner_fullBackups = [{"createdAt":"2024-01-01T00:00:00Z-0"},{"createdA

      61 |       return undefined;
      62 |     }
    > 63 |     return originalFn(...args);
         |            ^
      64 |   };
      65 | };
      66 |

      at console.<anonymous> (tests/setup/jest.setup.cjs:63:12)
      at console.apply [as warn] (src/scripts/modules/base.js:92:26)
      at Proxy.apply (src/scripts/modules/base.js:92:26)
      at Proxy.apply (src/scripts/modules/base.js:92:26)
      at Proxy.apply (src/scripts/modules/base.js:92:26)
      at Object.warn (tests/unit/storage.test.js:11:15)
      at setItem (src/scripts/storage.js:8463:17)
      at saveJSONToStorage (src/scripts/storage.js:14568:3)
      at saveFullBackupHistory (src/scripts/storage.js:14593:3)
      at Object.recordFullBackupHistoryEntry (tests/unit/storage.test.js:3392:7)

  console.warn
    MOCK SET: cameraPowerPlanner_fullBackups__backup = [{"createdAt":"2024-01-01T00:00:00Z-0"},{"createdA

      61 |       return undefined;
      62 |     }
    > 63 |     return originalFn(...args);
         |            ^
      64 |   };
      65 | };
      66 |

      at console.<anonymous> (tests/setup/jest.setup.cjs:63:12)
      at console.apply [as warn] (src/scripts/modules/base.js:92:26)
      at Proxy.apply (src/scripts/modules/base.js:92:26)
      at Proxy.apply (src/scripts/modules/base.js:92:26)
      at Proxy.apply (src/scripts/modules/base.js:92:26)
      at Object.warn (tests/unit/storage.test.js:11:15)
      at setItem (src/scripts/storage.js:8524:19)
      at tryStoreCandidate (src/scripts/storage.js:8540:13)
      at attemptBackupWrite (src/scripts/storage.js:8617:26)
      at saveJSONToStorage (src/scripts/storage.js:14568:3)
      at saveFullBackupHistory (src/scripts/storage.js:14593:3)
      at Object.recordFullBackupHistoryEntry (tests/unit/storage.test.js:3392:7)

  console.log
    DEBUG: getSafeLocalStorage returning object

      at Proxy.apply (src/scripts/modules/base.js:92:26)

  console.warn
    MOCK SET: cameraPowerPlanner_fullBackups__legacyMigrationBackup = [{"createdAt":"2026-01-16T20:14:38.111Z","data":[{

      61 |       return undefined;
      62 |     }
    > 63 |     return originalFn(...args);
         |            ^
      64 |   };
      65 | };
      66 |

      at console.<anonymous> (tests/setup/jest.setup.cjs:63:12)
      at console.apply [as warn] (src/scripts/modules/base.js:92:26)
      at Proxy.apply (src/scripts/modules/base.js:92:26)
      at Proxy.apply (src/scripts/modules/base.js:92:26)
      at Proxy.apply (src/scripts/modules/base.js:92:26)
      at Object.warn (tests/unit/storage.test.js:11:15)
      at setItem (src/scripts/storage.js:5514:19)
      at tryStoreList (src/scripts/storage.js:5521:20)
      at createStorageMigrationBackup (src/scripts/storage.js:5239:3)
      at ensurePreWriteMigrationBackup (src/scripts/storage.js:14567:3)
      at saveFullBackupHistory (src/scripts/storage.js:14593:3)
      at Object.recordFullBackupHistoryEntry (tests/unit/storage.test.js:3392:7)

  console.log
    DEBUG: getSafeLocalStorage returning object

      at Proxy.apply (src/scripts/modules/base.js:92:26)

  console.warn
    MOCK SET: cameraPowerPlanner_fullBackups = [{"createdAt":"2024-01-01T00:00:00Z-0"},{"createdA

      61 |       return undefined;
      62 |     }
    > 63 |     return originalFn(...args);
         |            ^
      64 |   };
      65 | };
      66 |

      at console.<anonymous> (tests/setup/jest.setup.cjs:63:12)
      at console.apply [as warn] (src/scripts/modules/base.js:92:26)
      at Proxy.apply (src/scripts/modules/base.js:92:26)
      at Proxy.apply (src/scripts/modules/base.js:92:26)
      at Proxy.apply (src/scripts/modules/base.js:92:26)
      at Object.warn (tests/unit/storage.test.js:11:15)
      at setItem (src/scripts/storage.js:8463:17)
      at saveJSONToStorage (src/scripts/storage.js:14568:3)
      at saveFullBackupHistory (src/scripts/storage.js:14593:3)
      at Object.recordFullBackupHistoryEntry (tests/unit/storage.test.js:3392:7)

  console.warn
    MOCK SET: cameraPowerPlanner_fullBackups__backup = [{"createdAt":"2024-01-01T00:00:00Z-0"},{"createdA

      61 |       return undefined;
      62 |     }
    > 63 |     return originalFn(...args);
         |            ^
      64 |   };
      65 | };
      66 |

      at console.<anonymous> (tests/setup/jest.setup.cjs:63:12)
      at console.apply [as warn] (src/scripts/modules/base.js:92:26)
      at Proxy.apply (src/scripts/modules/base.js:92:26)
      at Proxy.apply (src/scripts/modules/base.js:92:26)
      at Proxy.apply (src/scripts/modules/base.js:92:26)
      at Object.warn (tests/unit/storage.test.js:11:15)
      at setItem (src/scripts/storage.js:8524:19)
      at tryStoreCandidate (src/scripts/storage.js:8540:13)
      at attemptBackupWrite (src/scripts/storage.js:8617:26)
      at saveJSONToStorage (src/scripts/storage.js:14568:3)
      at saveFullBackupHistory (src/scripts/storage.js:14593:3)
      at Object.recordFullBackupHistoryEntry (tests/unit/storage.test.js:3392:7)

  console.log
    DEBUG: getSafeLocalStorage returning object

      at Proxy.apply (src/scripts/modules/base.js:92:26)

  console.warn
    MOCK SET: cameraPowerPlanner_fullBackups__legacyMigrationBackup = [{"createdAt":"2026-01-16T20:14:38.114Z","data":[{

      61 |       return undefined;
      62 |     }
    > 63 |     return originalFn(...args);
         |            ^
      64 |   };
      65 | };
      66 |

      at console.<anonymous> (tests/setup/jest.setup.cjs:63:12)
      at console.apply [as warn] (src/scripts/modules/base.js:92:26)
      at Proxy.apply (src/scripts/modules/base.js:92:26)
      at Proxy.apply (src/scripts/modules/base.js:92:26)
      at Proxy.apply (src/scripts/modules/base.js:92:26)
      at Object.warn (tests/unit/storage.test.js:11:15)
      at setItem (src/scripts/storage.js:5514:19)
      at tryStoreList (src/scripts/storage.js:5521:20)
      at createStorageMigrationBackup (src/scripts/storage.js:5239:3)
      at ensurePreWriteMigrationBackup (src/scripts/storage.js:14567:3)
      at saveFullBackupHistory (src/scripts/storage.js:14593:3)
      at Object.recordFullBackupHistoryEntry (tests/unit/storage.test.js:3392:7)

  console.log
    DEBUG: getSafeLocalStorage returning object

      at Proxy.apply (src/scripts/modules/base.js:92:26)

  console.warn
    MOCK SET: cameraPowerPlanner_fullBackups = [{"createdAt":"2024-01-01T00:00:00Z-0"},{"createdA

      61 |       return undefined;
      62 |     }
    > 63 |     return originalFn(...args);
         |            ^
      64 |   };
      65 | };
      66 |

      at console.<anonymous> (tests/setup/jest.setup.cjs:63:12)
      at console.apply [as warn] (src/scripts/modules/base.js:92:26)
      at Proxy.apply (src/scripts/modules/base.js:92:26)
      at Proxy.apply (src/scripts/modules/base.js:92:26)
      at Proxy.apply (src/scripts/modules/base.js:92:26)
      at Object.warn (tests/unit/storage.test.js:11:15)
      at setItem (src/scripts/storage.js:8463:17)
      at saveJSONToStorage (src/scripts/storage.js:14568:3)
      at saveFullBackupHistory (src/scripts/storage.js:14593:3)
      at Object.recordFullBackupHistoryEntry (tests/unit/storage.test.js:3392:7)

  console.warn
    MOCK SET: cameraPowerPlanner_fullBackups__backup = [{"createdAt":"2024-01-01T00:00:00Z-0"},{"createdA

      61 |       return undefined;
      62 |     }
    > 63 |     return originalFn(...args);
         |            ^
      64 |   };
      65 | };
      66 |

      at console.<anonymous> (tests/setup/jest.setup.cjs:63:12)
      at console.apply [as warn] (src/scripts/modules/base.js:92:26)
      at Proxy.apply (src/scripts/modules/base.js:92:26)
      at Proxy.apply (src/scripts/modules/base.js:92:26)
      at Proxy.apply (src/scripts/modules/base.js:92:26)
      at Object.warn (tests/unit/storage.test.js:11:15)
      at setItem (src/scripts/storage.js:8524:19)
      at tryStoreCandidate (src/scripts/storage.js:8540:13)
      at attemptBackupWrite (src/scripts/storage.js:8617:26)
      at saveJSONToStorage (src/scripts/storage.js:14568:3)
      at saveFullBackupHistory (src/scripts/storage.js:14593:3)
      at Object.recordFullBackupHistoryEntry (tests/unit/storage.test.js:3392:7)

  console.log
    DEBUG: getSafeLocalStorage returning object

      at Proxy.apply (src/scripts/modules/base.js:92:26)

  console.warn
    MOCK SET: cameraPowerPlanner_fullBackups__legacyMigrationBackup = [{"createdAt":"2026-01-16T20:14:38.117Z","data":[{

      61 |       return undefined;
      62 |     }
    > 63 |     return originalFn(...args);
         |            ^
      64 |   };
      65 | };
      66 |

      at console.<anonymous> (tests/setup/jest.setup.cjs:63:12)
      at console.apply [as warn] (src/scripts/modules/base.js:92:26)
      at Proxy.apply (src/scripts/modules/base.js:92:26)
      at Proxy.apply (src/scripts/modules/base.js:92:26)
      at Proxy.apply (src/scripts/modules/base.js:92:26)
      at Object.warn (tests/unit/storage.test.js:11:15)
      at setItem (src/scripts/storage.js:5514:19)
      at tryStoreList (src/scripts/storage.js:5521:20)
      at createStorageMigrationBackup (src/scripts/storage.js:5239:3)
      at ensurePreWriteMigrationBackup (src/scripts/storage.js:14567:3)
      at saveFullBackupHistory (src/scripts/storage.js:14593:3)
      at Object.recordFullBackupHistoryEntry (tests/unit/storage.test.js:3392:7)

  console.log
    DEBUG: getSafeLocalStorage returning object

      at Proxy.apply (src/scripts/modules/base.js:92:26)

  console.warn
    MOCK SET: cameraPowerPlanner_fullBackups = [{"createdAt":"2024-01-01T00:00:00Z-0"},{"createdA

      61 |       return undefined;
      62 |     }
    > 63 |     return originalFn(...args);
         |            ^
      64 |   };
      65 | };
      66 |

      at console.<anonymous> (tests/setup/jest.setup.cjs:63:12)
      at console.apply [as warn] (src/scripts/modules/base.js:92:26)
      at Proxy.apply (src/scripts/modules/base.js:92:26)
      at Proxy.apply (src/scripts/modules/base.js:92:26)
      at Proxy.apply (src/scripts/modules/base.js:92:26)
      at Object.warn (tests/unit/storage.test.js:11:15)
      at setItem (src/scripts/storage.js:8463:17)
      at saveJSONToStorage (src/scripts/storage.js:14568:3)
      at saveFullBackupHistory (src/scripts/storage.js:14593:3)
      at Object.recordFullBackupHistoryEntry (tests/unit/storage.test.js:3392:7)

  console.warn
    MOCK SET: cameraPowerPlanner_fullBackups__backup = [{"createdAt":"2024-01-01T00:00:00Z-0"},{"createdA

      61 |       return undefined;
      62 |     }
    > 63 |     return originalFn(...args);
         |            ^
      64 |   };
      65 | };
      66 |

      at console.<anonymous> (tests/setup/jest.setup.cjs:63:12)
      at console.apply [as warn] (src/scripts/modules/base.js:92:26)
      at Proxy.apply (src/scripts/modules/base.js:92:26)
      at Proxy.apply (src/scripts/modules/base.js:92:26)
      at Proxy.apply (src/scripts/modules/base.js:92:26)
      at Object.warn (tests/unit/storage.test.js:11:15)
      at setItem (src/scripts/storage.js:8524:19)
      at tryStoreCandidate (src/scripts/storage.js:8540:13)
      at attemptBackupWrite (src/scripts/storage.js:8617:26)
      at saveJSONToStorage (src/scripts/storage.js:14568:3)
      at saveFullBackupHistory (src/scripts/storage.js:14593:3)
      at Object.recordFullBackupHistoryEntry (tests/unit/storage.test.js:3392:7)

  console.log
    DEBUG: getSafeLocalStorage returning object

      at Proxy.apply (src/scripts/modules/base.js:92:26)

  console.warn
    MOCK SET: cameraPowerPlanner_fullBackups__legacyMigrationBackup = [{"createdAt":"2026-01-16T20:14:38.120Z","data":[{

      61 |       return undefined;
      62 |     }
    > 63 |     return originalFn(...args);
         |            ^
      64 |   };
      65 | };
      66 |

      at console.<anonymous> (tests/setup/jest.setup.cjs:63:12)
      at console.apply [as warn] (src/scripts/modules/base.js:92:26)
      at Proxy.apply (src/scripts/modules/base.js:92:26)
      at Proxy.apply (src/scripts/modules/base.js:92:26)
      at Proxy.apply (src/scripts/modules/base.js:92:26)
      at Object.warn (tests/unit/storage.test.js:11:15)
      at setItem (src/scripts/storage.js:5514:19)
      at tryStoreList (src/scripts/storage.js:5521:20)
      at createStorageMigrationBackup (src/scripts/storage.js:5239:3)
      at ensurePreWriteMigrationBackup (src/scripts/storage.js:14567:3)
      at saveFullBackupHistory (src/scripts/storage.js:14593:3)
      at Object.recordFullBackupHistoryEntry (tests/unit/storage.test.js:3392:7)

  console.log
    DEBUG: getSafeLocalStorage returning object

      at Proxy.apply (src/scripts/modules/base.js:92:26)

  console.warn
    MOCK SET: cameraPowerPlanner_fullBackups = [{"createdAt":"2024-01-01T00:00:00Z-0"},{"createdA

      61 |       return undefined;
      62 |     }
    > 63 |     return originalFn(...args);
         |            ^
      64 |   };
      65 | };
      66 |

      at console.<anonymous> (tests/setup/jest.setup.cjs:63:12)
      at console.apply [as warn] (src/scripts/modules/base.js:92:26)
      at Proxy.apply (src/scripts/modules/base.js:92:26)
      at Proxy.apply (src/scripts/modules/base.js:92:26)
      at Proxy.apply (src/scripts/modules/base.js:92:26)
      at Object.warn (tests/unit/storage.test.js:11:15)
      at setItem (src/scripts/storage.js:8463:17)
      at saveJSONToStorage (src/scripts/storage.js:14568:3)
      at saveFullBackupHistory (src/scripts/storage.js:14593:3)
      at Object.recordFullBackupHistoryEntry (tests/unit/storage.test.js:3392:7)

  console.warn
    MOCK SET: cameraPowerPlanner_fullBackups__backup = [{"createdAt":"2024-01-01T00:00:00Z-0"},{"createdA

      61 |       return undefined;
      62 |     }
    > 63 |     return originalFn(...args);
         |            ^
      64 |   };
      65 | };
      66 |

      at console.<anonymous> (tests/setup/jest.setup.cjs:63:12)
      at console.apply [as warn] (src/scripts/modules/base.js:92:26)
      at Proxy.apply (src/scripts/modules/base.js:92:26)
      at Proxy.apply (src/scripts/modules/base.js:92:26)
      at Proxy.apply (src/scripts/modules/base.js:92:26)
      at Object.warn (tests/unit/storage.test.js:11:15)
      at setItem (src/scripts/storage.js:8524:19)
      at tryStoreCandidate (src/scripts/storage.js:8540:13)
      at attemptBackupWrite (src/scripts/storage.js:8617:26)
      at saveJSONToStorage (src/scripts/storage.js:14568:3)
      at saveFullBackupHistory (src/scripts/storage.js:14593:3)
      at Object.recordFullBackupHistoryEntry (tests/unit/storage.test.js:3392:7)

  console.log
    DEBUG: getSafeLocalStorage returning object

      at Proxy.apply (src/scripts/modules/base.js:92:26)

  console.warn
    MOCK SET: cameraPowerPlanner_fullBackups__legacyMigrationBackup = [{"createdAt":"2026-01-16T20:14:38.125Z","data":[{

      61 |       return undefined;
      62 |     }
    > 63 |     return originalFn(...args);
         |            ^
      64 |   };
      65 | };
      66 |

      at console.<anonymous> (tests/setup/jest.setup.cjs:63:12)
      at console.apply [as warn] (src/scripts/modules/base.js:92:26)
      at Proxy.apply (src/scripts/modules/base.js:92:26)
      at Proxy.apply (src/scripts/modules/base.js:92:26)
      at Proxy.apply (src/scripts/modules/base.js:92:26)
      at Object.warn (tests/unit/storage.test.js:11:15)
      at setItem (src/scripts/storage.js:5514:19)
      at tryStoreList (src/scripts/storage.js:5521:20)
      at createStorageMigrationBackup (src/scripts/storage.js:5239:3)
      at ensurePreWriteMigrationBackup (src/scripts/storage.js:14567:3)
      at saveFullBackupHistory (src/scripts/storage.js:14593:3)
      at Object.recordFullBackupHistoryEntry (tests/unit/storage.test.js:3392:7)

  console.log
    DEBUG: getSafeLocalStorage returning object

      at Proxy.apply (src/scripts/modules/base.js:92:26)

  console.warn
    MOCK SET: cameraPowerPlanner_fullBackups = [{"createdAt":"2024-01-01T00:00:00Z-0"},{"createdA

      61 |       return undefined;
      62 |     }
    > 63 |     return originalFn(...args);
         |            ^
      64 |   };
      65 | };
      66 |

      at console.<anonymous> (tests/setup/jest.setup.cjs:63:12)
      at console.apply [as warn] (src/scripts/modules/base.js:92:26)
      at Proxy.apply (src/scripts/modules/base.js:92:26)
      at Proxy.apply (src/scripts/modules/base.js:92:26)
      at Proxy.apply (src/scripts/modules/base.js:92:26)
      at Object.warn (tests/unit/storage.test.js:11:15)
      at setItem (src/scripts/storage.js:8463:17)
      at saveJSONToStorage (src/scripts/storage.js:14568:3)
      at saveFullBackupHistory (src/scripts/storage.js:14593:3)
      at Object.recordFullBackupHistoryEntry (tests/unit/storage.test.js:3392:7)

  console.warn
    MOCK SET: cameraPowerPlanner_fullBackups__backup = [{"createdAt":"2024-01-01T00:00:00Z-0"},{"createdA

      61 |       return undefined;
      62 |     }
    > 63 |     return originalFn(...args);
         |            ^
      64 |   };
      65 | };
      66 |

      at console.<anonymous> (tests/setup/jest.setup.cjs:63:12)
      at console.apply [as warn] (src/scripts/modules/base.js:92:26)
      at Proxy.apply (src/scripts/modules/base.js:92:26)
      at Proxy.apply (src/scripts/modules/base.js:92:26)
      at Proxy.apply (src/scripts/modules/base.js:92:26)
      at Object.warn (tests/unit/storage.test.js:11:15)
      at setItem (src/scripts/storage.js:8524:19)
      at tryStoreCandidate (src/scripts/storage.js:8540:13)
      at attemptBackupWrite (src/scripts/storage.js:8617:26)
      at saveJSONToStorage (src/scripts/storage.js:14568:3)
      at saveFullBackupHistory (src/scripts/storage.js:14593:3)
      at Object.recordFullBackupHistoryEntry (tests/unit/storage.test.js:3392:7)

  console.log
    DEBUG: getSafeLocalStorage returning object

      at Proxy.apply (src/scripts/modules/base.js:92:26)

  console.warn
    MOCK SET: cameraPowerPlanner_fullBackups__legacyMigrationBackup = [{"createdAt":"2026-01-16T20:14:38.128Z","data":[{

      61 |       return undefined;
      62 |     }
    > 63 |     return originalFn(...args);
         |            ^
      64 |   };
      65 | };
      66 |

      at console.<anonymous> (tests/setup/jest.setup.cjs:63:12)
      at console.apply [as warn] (src/scripts/modules/base.js:92:26)
      at Proxy.apply (src/scripts/modules/base.js:92:26)
      at Proxy.apply (src/scripts/modules/base.js:92:26)
      at Proxy.apply (src/scripts/modules/base.js:92:26)
      at Object.warn (tests/unit/storage.test.js:11:15)
      at setItem (src/scripts/storage.js:5514:19)
      at tryStoreList (src/scripts/storage.js:5521:20)
      at createStorageMigrationBackup (src/scripts/storage.js:5239:3)
      at ensurePreWriteMigrationBackup (src/scripts/storage.js:14567:3)
      at saveFullBackupHistory (src/scripts/storage.js:14593:3)
      at Object.recordFullBackupHistoryEntry (tests/unit/storage.test.js:3392:7)

  console.log
    DEBUG: getSafeLocalStorage returning object

      at Proxy.apply (src/scripts/modules/base.js:92:26)

  console.warn
    MOCK SET: cameraPowerPlanner_fullBackups = [{"createdAt":"2024-01-01T00:00:00Z-1"},{"createdA

      61 |       return undefined;
      62 |     }
    > 63 |     return originalFn(...args);
         |            ^
      64 |   };
      65 | };
      66 |

      at console.<anonymous> (tests/setup/jest.setup.cjs:63:12)
      at console.apply [as warn] (src/scripts/modules/base.js:92:26)
      at Proxy.apply (src/scripts/modules/base.js:92:26)
      at Proxy.apply (src/scripts/modules/base.js:92:26)
      at Proxy.apply (src/scripts/modules/base.js:92:26)
      at Object.warn (tests/unit/storage.test.js:11:15)
      at setItem (src/scripts/storage.js:8463:17)
      at saveJSONToStorage (src/scripts/storage.js:14568:3)
      at saveFullBackupHistory (src/scripts/storage.js:14593:3)
      at Object.recordFullBackupHistoryEntry (tests/unit/storage.test.js:3392:7)

  console.warn
    MOCK SET: cameraPowerPlanner_fullBackups__backup = [{"createdAt":"2024-01-01T00:00:00Z-1"},{"createdA

      61 |       return undefined;
      62 |     }
    > 63 |     return originalFn(...args);
         |            ^
      64 |   };
      65 | };
      66 |

      at console.<anonymous> (tests/setup/jest.setup.cjs:63:12)
      at console.apply [as warn] (src/scripts/modules/base.js:92:26)
      at Proxy.apply (src/scripts/modules/base.js:92:26)
      at Proxy.apply (src/scripts/modules/base.js:92:26)
      at Proxy.apply (src/scripts/modules/base.js:92:26)
      at Object.warn (tests/unit/storage.test.js:11:15)
      at setItem (src/scripts/storage.js:8524:19)
      at tryStoreCandidate (src/scripts/storage.js:8540:13)
      at attemptBackupWrite (src/scripts/storage.js:8617:26)
      at saveJSONToStorage (src/scripts/storage.js:14568:3)
      at saveFullBackupHistory (src/scripts/storage.js:14593:3)
      at Object.recordFullBackupHistoryEntry (tests/unit/storage.test.js:3392:7)

  console.log
    DEBUG: getSafeLocalStorage returning object

      at Proxy.apply (src/scripts/modules/base.js:92:26)

  console.warn
    MOCK SET: cameraPowerPlanner_fullBackups__legacyMigrationBackup = [{"createdAt":"2026-01-16T20:14:38.131Z","data":[{

      61 |       return undefined;
      62 |     }
    > 63 |     return originalFn(...args);
         |            ^
      64 |   };
      65 | };
      66 |

      at console.<anonymous> (tests/setup/jest.setup.cjs:63:12)
      at console.apply [as warn] (src/scripts/modules/base.js:92:26)
      at Proxy.apply (src/scripts/modules/base.js:92:26)
      at Proxy.apply (src/scripts/modules/base.js:92:26)
      at Proxy.apply (src/scripts/modules/base.js:92:26)
      at Object.warn (tests/unit/storage.test.js:11:15)
      at setItem (src/scripts/storage.js:5514:19)
      at tryStoreList (src/scripts/storage.js:5521:20)
      at createStorageMigrationBackup (src/scripts/storage.js:5239:3)
      at ensurePreWriteMigrationBackup (src/scripts/storage.js:14567:3)
      at saveFullBackupHistory (src/scripts/storage.js:14593:3)
      at Object.recordFullBackupHistoryEntry (tests/unit/storage.test.js:3392:7)

  console.log
    DEBUG: getSafeLocalStorage returning object

      at Proxy.apply (src/scripts/modules/base.js:92:26)

  console.warn
    MOCK SET: cameraPowerPlanner_fullBackups = [{"createdAt":"2024-01-01T00:00:00Z-2"},{"createdA

      61 |       return undefined;
      62 |     }
    > 63 |     return originalFn(...args);
         |            ^
      64 |   };
      65 | };
      66 |

      at console.<anonymous> (tests/setup/jest.setup.cjs:63:12)
      at console.apply [as warn] (src/scripts/modules/base.js:92:26)
      at Proxy.apply (src/scripts/modules/base.js:92:26)
      at Proxy.apply (src/scripts/modules/base.js:92:26)
      at Proxy.apply (src/scripts/modules/base.js:92:26)
      at Object.warn (tests/unit/storage.test.js:11:15)
      at setItem (src/scripts/storage.js:8463:17)
      at saveJSONToStorage (src/scripts/storage.js:14568:3)
      at saveFullBackupHistory (src/scripts/storage.js:14593:3)
      at Object.recordFullBackupHistoryEntry (tests/unit/storage.test.js:3392:7)

  console.warn
    MOCK SET: cameraPowerPlanner_fullBackups__backup = [{"createdAt":"2024-01-01T00:00:00Z-2"},{"createdA

      61 |       return undefined;
      62 |     }
    > 63 |     return originalFn(...args);
         |            ^
      64 |   };
      65 | };
      66 |

      at console.<anonymous> (tests/setup/jest.setup.cjs:63:12)
      at console.apply [as warn] (src/scripts/modules/base.js:92:26)
      at Proxy.apply (src/scripts/modules/base.js:92:26)
      at Proxy.apply (src/scripts/modules/base.js:92:26)
      at Proxy.apply (src/scripts/modules/base.js:92:26)
      at Object.warn (tests/unit/storage.test.js:11:15)
      at setItem (src/scripts/storage.js:8524:19)
      at tryStoreCandidate (src/scripts/storage.js:8540:13)
      at attemptBackupWrite (src/scripts/storage.js:8617:26)
      at saveJSONToStorage (src/scripts/storage.js:14568:3)
      at saveFullBackupHistory (src/scripts/storage.js:14593:3)
      at Object.recordFullBackupHistoryEntry (tests/unit/storage.test.js:3392:7)

  console.log
    DEBUG: getSafeLocalStorage returning object

      at Proxy.apply (src/scripts/modules/base.js:92:26)

  console.warn
    MOCK SET: cameraPowerPlanner_fullBackups__legacyMigrationBackup = [{"createdAt":"2026-01-16T20:14:38.134Z","data":[{

      61 |       return undefined;
      62 |     }
    > 63 |     return originalFn(...args);
         |            ^
      64 |   };
      65 | };
      66 |

      at console.<anonymous> (tests/setup/jest.setup.cjs:63:12)
      at console.apply [as warn] (src/scripts/modules/base.js:92:26)
      at Proxy.apply (src/scripts/modules/base.js:92:26)
      at Proxy.apply (src/scripts/modules/base.js:92:26)
      at Proxy.apply (src/scripts/modules/base.js:92:26)
      at Object.warn (tests/unit/storage.test.js:11:15)
      at setItem (src/scripts/storage.js:5514:19)
      at tryStoreList (src/scripts/storage.js:5521:20)
      at createStorageMigrationBackup (src/scripts/storage.js:5239:3)
      at ensurePreWriteMigrationBackup (src/scripts/storage.js:14567:3)
      at saveFullBackupHistory (src/scripts/storage.js:14593:3)
      at Object.recordFullBackupHistoryEntry (tests/unit/storage.test.js:3392:7)

  console.log
    DEBUG: getSafeLocalStorage returning object

      at Proxy.apply (src/scripts/modules/base.js:92:26)

  console.warn
    MOCK SET: cameraPowerPlanner_fullBackups = [{"createdAt":"2024-01-01T00:00:00Z-3"},{"createdA

      61 |       return undefined;
      62 |     }
    > 63 |     return originalFn(...args);
         |            ^
      64 |   };
      65 | };
      66 |

      at console.<anonymous> (tests/setup/jest.setup.cjs:63:12)
      at console.apply [as warn] (src/scripts/modules/base.js:92:26)
      at Proxy.apply (src/scripts/modules/base.js:92:26)
      at Proxy.apply (src/scripts/modules/base.js:92:26)
      at Proxy.apply (src/scripts/modules/base.js:92:26)
      at Object.warn (tests/unit/storage.test.js:11:15)
      at setItem (src/scripts/storage.js:8463:17)
      at saveJSONToStorage (src/scripts/storage.js:14568:3)
      at saveFullBackupHistory (src/scripts/storage.js:14593:3)
      at Object.recordFullBackupHistoryEntry (tests/unit/storage.test.js:3392:7)

  console.warn
    MOCK SET: cameraPowerPlanner_fullBackups__backup = [{"createdAt":"2024-01-01T00:00:00Z-3"},{"createdA

      61 |       return undefined;
      62 |     }
    > 63 |     return originalFn(...args);
         |            ^
      64 |   };
      65 | };
      66 |

      at console.<anonymous> (tests/setup/jest.setup.cjs:63:12)
      at console.apply [as warn] (src/scripts/modules/base.js:92:26)
      at Proxy.apply (src/scripts/modules/base.js:92:26)
      at Proxy.apply (src/scripts/modules/base.js:92:26)
      at Proxy.apply (src/scripts/modules/base.js:92:26)
      at Object.warn (tests/unit/storage.test.js:11:15)
      at setItem (src/scripts/storage.js:8524:19)
      at tryStoreCandidate (src/scripts/storage.js:8540:13)
      at attemptBackupWrite (src/scripts/storage.js:8617:26)
      at saveJSONToStorage (src/scripts/storage.js:14568:3)
      at saveFullBackupHistory (src/scripts/storage.js:14593:3)
      at Object.recordFullBackupHistoryEntry (tests/unit/storage.test.js:3392:7)

  console.log
    DEBUG: getSafeLocalStorage returning object

      at Proxy.apply (src/scripts/modules/base.js:92:26)

  console.warn
    MOCK SET: cameraPowerPlanner_fullBackups__legacyMigrationBackup = [{"createdAt":"2026-01-16T20:14:38.138Z","data":[{

      61 |       return undefined;
      62 |     }
    > 63 |     return originalFn(...args);
         |            ^
      64 |   };
      65 | };
      66 |

      at console.<anonymous> (tests/setup/jest.setup.cjs:63:12)
      at console.apply [as warn] (src/scripts/modules/base.js:92:26)
      at Proxy.apply (src/scripts/modules/base.js:92:26)
      at Proxy.apply (src/scripts/modules/base.js:92:26)
      at Proxy.apply (src/scripts/modules/base.js:92:26)
      at Object.warn (tests/unit/storage.test.js:11:15)
      at setItem (src/scripts/storage.js:5514:19)
      at tryStoreList (src/scripts/storage.js:5521:20)
      at createStorageMigrationBackup (src/scripts/storage.js:5239:3)
      at ensurePreWriteMigrationBackup (src/scripts/storage.js:14567:3)
      at saveFullBackupHistory (src/scripts/storage.js:14593:3)
      at Object.recordFullBackupHistoryEntry (tests/unit/storage.test.js:3392:7)

  console.log
    DEBUG: getSafeLocalStorage returning object

      at Proxy.apply (src/scripts/modules/base.js:92:26)

  console.warn
    MOCK SET: cameraPowerPlanner_fullBackups = [{"createdAt":"2024-01-01T00:00:00Z-4"},{"createdA

      61 |       return undefined;
      62 |     }
    > 63 |     return originalFn(...args);
         |            ^
      64 |   };
      65 | };
      66 |

      at console.<anonymous> (tests/setup/jest.setup.cjs:63:12)
      at console.apply [as warn] (src/scripts/modules/base.js:92:26)
      at Proxy.apply (src/scripts/modules/base.js:92:26)
      at Proxy.apply (src/scripts/modules/base.js:92:26)
      at Proxy.apply (src/scripts/modules/base.js:92:26)
      at Object.warn (tests/unit/storage.test.js:11:15)
      at setItem (src/scripts/storage.js:8463:17)
      at saveJSONToStorage (src/scripts/storage.js:14568:3)
      at saveFullBackupHistory (src/scripts/storage.js:14593:3)
      at Object.recordFullBackupHistoryEntry (tests/unit/storage.test.js:3392:7)

  console.warn
    MOCK SET: cameraPowerPlanner_fullBackups__backup = [{"createdAt":"2024-01-01T00:00:00Z-4"},{"createdA

      61 |       return undefined;
      62 |     }
    > 63 |     return originalFn(...args);
         |            ^
      64 |   };
      65 | };
      66 |

      at console.<anonymous> (tests/setup/jest.setup.cjs:63:12)
      at console.apply [as warn] (src/scripts/modules/base.js:92:26)
      at Proxy.apply (src/scripts/modules/base.js:92:26)
      at Proxy.apply (src/scripts/modules/base.js:92:26)
      at Proxy.apply (src/scripts/modules/base.js:92:26)
      at Object.warn (tests/unit/storage.test.js:11:15)
      at setItem (src/scripts/storage.js:8524:19)
      at tryStoreCandidate (src/scripts/storage.js:8540:13)
      at attemptBackupWrite (src/scripts/storage.js:8617:26)
      at saveJSONToStorage (src/scripts/storage.js:14568:3)
      at saveFullBackupHistory (src/scripts/storage.js:14593:3)
      at Object.recordFullBackupHistoryEntry (tests/unit/storage.test.js:3392:7)

  console.log
    DEBUG: getSafeLocalStorage returning object

      at Proxy.apply (src/scripts/modules/base.js:92:26)

  console.warn
    MOCK SET: cameraPowerPlanner_fullBackups__legacyMigrationBackup = [{"createdAt":"2026-01-16T20:14:38.140Z","data":[{

      61 |       return undefined;
      62 |     }
    > 63 |     return originalFn(...args);
         |            ^
      64 |   };
      65 | };
      66 |

      at console.<anonymous> (tests/setup/jest.setup.cjs:63:12)
      at console.apply [as warn] (src/scripts/modules/base.js:92:26)
      at Proxy.apply (src/scripts/modules/base.js:92:26)
      at Proxy.apply (src/scripts/modules/base.js:92:26)
      at Proxy.apply (src/scripts/modules/base.js:92:26)
      at Object.warn (tests/unit/storage.test.js:11:15)
      at setItem (src/scripts/storage.js:5514:19)
      at tryStoreList (src/scripts/storage.js:5521:20)
      at createStorageMigrationBackup (src/scripts/storage.js:5239:3)
      at ensurePreWriteMigrationBackup (src/scripts/storage.js:14567:3)
      at saveFullBackupHistory (src/scripts/storage.js:14593:3)
      at Object.recordFullBackupHistoryEntry (tests/unit/storage.test.js:3392:7)

  console.log
    DEBUG: getSafeLocalStorage returning object

      at Proxy.apply (src/scripts/modules/base.js:92:26)

  console.warn
    MOCK SET: cameraPowerPlanner_fullBackups = [{"createdAt":"2024-01-01T00:00:00Z-5"},{"createdA

      61 |       return undefined;
      62 |     }
    > 63 |     return originalFn(...args);
         |            ^
      64 |   };
      65 | };
      66 |

      at console.<anonymous> (tests/setup/jest.setup.cjs:63:12)
      at console.apply [as warn] (src/scripts/modules/base.js:92:26)
      at Proxy.apply (src/scripts/modules/base.js:92:26)
      at Proxy.apply (src/scripts/modules/base.js:92:26)
      at Proxy.apply (src/scripts/modules/base.js:92:26)
      at Object.warn (tests/unit/storage.test.js:11:15)
      at setItem (src/scripts/storage.js:8463:17)
      at saveJSONToStorage (src/scripts/storage.js:14568:3)
      at saveFullBackupHistory (src/scripts/storage.js:14593:3)
      at Object.recordFullBackupHistoryEntry (tests/unit/storage.test.js:3392:7)

  console.warn
    MOCK SET: cameraPowerPlanner_fullBackups__backup = [{"createdAt":"2024-01-01T00:00:00Z-5"},{"createdA

      61 |       return undefined;
      62 |     }
    > 63 |     return originalFn(...args);
         |            ^
      64 |   };
      65 | };
      66 |

      at console.<anonymous> (tests/setup/jest.setup.cjs:63:12)
      at console.apply [as warn] (src/scripts/modules/base.js:92:26)
      at Proxy.apply (src/scripts/modules/base.js:92:26)
      at Proxy.apply (src/scripts/modules/base.js:92:26)
      at Proxy.apply (src/scripts/modules/base.js:92:26)
      at Object.warn (tests/unit/storage.test.js:11:15)
      at setItem (src/scripts/storage.js:8524:19)
      at tryStoreCandidate (src/scripts/storage.js:8540:13)
      at attemptBackupWrite (src/scripts/storage.js:8617:26)
      at saveJSONToStorage (src/scripts/storage.js:14568:3)
      at saveFullBackupHistory (src/scripts/storage.js:14593:3)
      at Object.recordFullBackupHistoryEntry (tests/unit/storage.test.js:3392:7)

  console.log
    DEBUG: getSafeLocalStorage returning object

      at Proxy.apply (src/scripts/modules/base.js:92:26)

  console.log
    DEBUG: getSafeLocalStorage returning object

      at Proxy.apply (src/scripts/modules/base.js:92:26)

  console.warn
    MOCK SET: cameraPowerPlanner_fullBackups = [{"createdAt":"2024-02-02T12:00:00Z","fileName":"b

      61 |       return undefined;
      62 |     }
    > 63 |     return originalFn(...args);
         |            ^
      64 |   };
      65 | };
      66 |

      at console.<anonymous> (tests/setup/jest.setup.cjs:63:12)
      at console.apply [as warn] (src/scripts/modules/base.js:92:26)
      at Proxy.apply (src/scripts/modules/base.js:92:26)
      at Proxy.apply (src/scripts/modules/base.js:92:26)
      at Proxy.apply (src/scripts/modules/base.js:92:26)
      at Object.warn (tests/unit/storage.test.js:11:15)
      at setItem (src/scripts/storage.js:8463:17)
      at saveJSONToStorage (src/scripts/storage.js:14568:3)
      at Object.saveFullBackupHistory (tests/unit/storage.test.js:3404:5)

  console.warn
    MOCK SET: cameraPowerPlanner_fullBackups__backup = [{"createdAt":"2024-02-02T12:00:00Z","fileName":"b

      61 |       return undefined;
      62 |     }
    > 63 |     return originalFn(...args);
         |            ^
      64 |   };
      65 | };
      66 |

      at console.<anonymous> (tests/setup/jest.setup.cjs:63:12)
      at console.apply [as warn] (src/scripts/modules/base.js:92:26)
      at Proxy.apply (src/scripts/modules/base.js:92:26)
      at Proxy.apply (src/scripts/modules/base.js:92:26)
      at Proxy.apply (src/scripts/modules/base.js:92:26)
      at Object.warn (tests/unit/storage.test.js:11:15)
      at setItem (src/scripts/storage.js:8524:19)
      at tryStoreCandidate (src/scripts/storage.js:8540:13)
      at attemptBackupWrite (src/scripts/storage.js:8617:26)
      at saveJSONToStorage (src/scripts/storage.js:14568:3)
      at Object.saveFullBackupHistory (tests/unit/storage.test.js:3404:5)

  console.log
    DEBUG: getSafeLocalStorage returning object

      at Proxy.apply (src/scripts/modules/base.js:92:26)

  console.log
    DEBUG: getSafeLocalStorage returning object

      at Proxy.apply (src/scripts/modules/base.js:92:26)

  console.log
    DEBUG: getSafeLocalStorage returning object

      at Proxy.apply (src/scripts/modules/base.js:92:26)

  console.warn
    MOCK SET: cameraPowerPlanner_fullBackups = [{"createdAt":"2024-07-04T10:20:30Z","fileName":"p

      61 |       return undefined;
      62 |     }
    > 63 |     return originalFn(...args);
         |            ^
      64 |   };
      65 | };
      66 |

      at console.<anonymous> (tests/setup/jest.setup.cjs:63:12)
      at console.apply [as warn] (src/scripts/modules/base.js:92:26)
      at Proxy.apply (src/scripts/modules/base.js:92:26)
      at Proxy.apply (src/scripts/modules/base.js:92:26)
      at Proxy.apply (src/scripts/modules/base.js:92:26)
      at Object.warn (tests/unit/storage.test.js:11:15)
      at setItem (src/scripts/storage.js:8463:17)
      at saveJSONToStorage (src/scripts/storage.js:14568:3)
      at Object.saveFullBackupHistory (tests/unit/storage.test.js:3411:5)

  console.warn
    MOCK SET: cameraPowerPlanner_fullBackups__backup = [{"createdAt":"2024-07-04T10:20:30Z","fileName":"p

      61 |       return undefined;
      62 |     }
    > 63 |     return originalFn(...args);
         |            ^
      64 |   };
      65 | };
      66 |

      at console.<anonymous> (tests/setup/jest.setup.cjs:63:12)
      at console.apply [as warn] (src/scripts/modules/base.js:92:26)
      at Proxy.apply (src/scripts/modules/base.js:92:26)
      at Proxy.apply (src/scripts/modules/base.js:92:26)
      at Proxy.apply (src/scripts/modules/base.js:92:26)
      at Object.warn (tests/unit/storage.test.js:11:15)
      at setItem (src/scripts/storage.js:8524:19)
      at tryStoreCandidate (src/scripts/storage.js:8540:13)
      at attemptBackupWrite (src/scripts/storage.js:8617:26)
      at saveJSONToStorage (src/scripts/storage.js:14568:3)
      at Object.saveFullBackupHistory (tests/unit/storage.test.js:3411:5)

  console.log
    DEBUG: getSafeLocalStorage returning object

      at Proxy.apply (src/scripts/modules/base.js:92:26)

  console.warn
    MOCK SET: cameraPowerPlanner_fullBackups = [" 2024-03-03T08:30:00Z "]

      61 |       return undefined;
      62 |     }
    > 63 |     return originalFn(...args);
         |            ^
      64 |   };
      65 | };
      66 |

      at console.<anonymous> (tests/setup/jest.setup.cjs:63:12)
      at console.apply [as warn] (src/scripts/modules/base.js:92:26)
      at Proxy.apply (src/scripts/modules/base.js:92:26)
      at Proxy.apply (src/scripts/modules/base.js:92:26)
      at Proxy.apply (src/scripts/modules/base.js:92:26)
      at Object.warn (tests/unit/storage.test.js:11:15)
      at Object.setItem (tests/unit/storage.test.js:3430:18)

  console.log
    DEBUG: getSafeLocalStorage returning object

      at Proxy.apply (src/scripts/modules/base.js:92:26)

  console.log
    DEBUG: getSafeLocalStorage returning object

      at Proxy.apply (src/scripts/modules/base.js:92:26)

  console.error
    DEBUG: importAllData CALLED [ 'fullBackupHistory' ]

      61 |       return undefined;
      62 |     }
    > 63 |     return originalFn(...args);
         |            ^
      64 |   };
      65 | };
      66 |

      at console.<anonymous> (tests/setup/jest.setup.cjs:63:12)
      at Proxy.apply (src/scripts/modules/base.js:92:26)
      at error (src/scripts/storage.js:17633:11)
      at Object.importAllData (tests/unit/storage.test.js:3436:5)

  console.log
    DEBUG: getSafeLocalStorage returning object

      at Proxy.apply (src/scripts/modules/base.js:92:26)

  console.log
    DEBUG: getSafeLocalStorage returning object

      at Proxy.apply (src/scripts/modules/base.js:92:26)

  console.warn
    MOCK SET: cameraPowerPlanner_fullBackups = [{"createdAt":"2024-04-01T00:00:00Z"},{"createdAt"

      61 |       return undefined;
      62 |     }
    > 63 |     return originalFn(...args);
         |            ^
      64 |   };
      65 | };
      66 |

      at console.<anonymous> (tests/setup/jest.setup.cjs:63:12)
      at console.apply [as warn] (src/scripts/modules/base.js:92:26)
      at Proxy.apply (src/scripts/modules/base.js:92:26)
      at Proxy.apply (src/scripts/modules/base.js:92:26)
      at Proxy.apply (src/scripts/modules/base.js:92:26)
      at Object.warn (tests/unit/storage.test.js:11:15)
      at setItem (src/scripts/storage.js:8463:17)
      at saveJSONToStorage (src/scripts/storage.js:14568:3)
      at saveFullBackupHistory (src/scripts/storage.js:18013:5)
      at Object.importAllData (tests/unit/storage.test.js:3436:5)

  console.warn
    MOCK SET: cameraPowerPlanner_fullBackups__backup = [{"createdAt":"2024-04-01T00:00:00Z"},{"createdAt"

      61 |       return undefined;
      62 |     }
    > 63 |     return originalFn(...args);
         |            ^
      64 |   };
      65 | };
      66 |

      at console.<anonymous> (tests/setup/jest.setup.cjs:63:12)
      at console.apply [as warn] (src/scripts/modules/base.js:92:26)
      at Proxy.apply (src/scripts/modules/base.js:92:26)
      at Proxy.apply (src/scripts/modules/base.js:92:26)
      at Proxy.apply (src/scripts/modules/base.js:92:26)
      at Object.warn (tests/unit/storage.test.js:11:15)
      at setItem (src/scripts/storage.js:8524:19)
      at tryStoreCandidate (src/scripts/storage.js:8540:13)
      at attemptBackupWrite (src/scripts/storage.js:8617:26)
      at saveJSONToStorage (src/scripts/storage.js:14568:3)
      at saveFullBackupHistory (src/scripts/storage.js:18013:5)
      at Object.importAllData (tests/unit/storage.test.js:3436:5)

  console.log
    DEBUG: getSafeLocalStorage returning object

      at Proxy.apply (src/scripts/modules/base.js:92:26)

  console.log
    DEBUG: getSafeLocalStorage returning object

      at Proxy.apply (src/scripts/modules/base.js:92:26)

  console.error
    DEBUG: importAllData CALLED [ 'fullBackupHistory' ]

      61 |       return undefined;
      62 |     }
    > 63 |     return originalFn(...args);
         |            ^
      64 |   };
      65 | };
      66 |

      at console.<anonymous> (tests/setup/jest.setup.cjs:63:12)
      at Proxy.apply (src/scripts/modules/base.js:92:26)
      at error (src/scripts/storage.js:17633:11)
      at Object.importAllData (tests/unit/storage.test.js:3456:5)

  console.log
    DEBUG: getSafeLocalStorage returning object

      at Proxy.apply (src/scripts/modules/base.js:92:26)

  console.log
    DEBUG: getSafeLocalStorage returning object

      at Proxy.apply (src/scripts/modules/base.js:92:26)

  console.warn
    MOCK SET: cameraPowerPlanner_fullBackups = [{"createdAt":"2024-05-01T09:10:11Z","fileName":"A

      61 |       return undefined;
      62 |     }
    > 63 |     return originalFn(...args);
         |            ^
      64 |   };
      65 | };
      66 |

      at console.<anonymous> (tests/setup/jest.setup.cjs:63:12)
      at console.apply [as warn] (src/scripts/modules/base.js:92:26)
      at Proxy.apply (src/scripts/modules/base.js:92:26)
      at Proxy.apply (src/scripts/modules/base.js:92:26)
      at Proxy.apply (src/scripts/modules/base.js:92:26)
      at Object.warn (tests/unit/storage.test.js:11:15)
      at setItem (src/scripts/storage.js:8463:17)
      at saveJSONToStorage (src/scripts/storage.js:14568:3)
      at saveFullBackupHistory (src/scripts/storage.js:18013:5)
      at Object.importAllData (tests/unit/storage.test.js:3456:5)

  console.warn
    MOCK SET: cameraPowerPlanner_fullBackups__backup = [{"createdAt":"2024-05-01T09:10:11Z","fileName":"A

      61 |       return undefined;
      62 |     }
    > 63 |     return originalFn(...args);
         |            ^
      64 |   };
      65 | };
      66 |

      at console.<anonymous> (tests/setup/jest.setup.cjs:63:12)
      at console.apply [as warn] (src/scripts/modules/base.js:92:26)
      at Proxy.apply (src/scripts/modules/base.js:92:26)
      at Proxy.apply (src/scripts/modules/base.js:92:26)
      at Proxy.apply (src/scripts/modules/base.js:92:26)
      at Object.warn (tests/unit/storage.test.js:11:15)
      at setItem (src/scripts/storage.js:8524:19)
      at tryStoreCandidate (src/scripts/storage.js:8540:13)
      at attemptBackupWrite (src/scripts/storage.js:8617:26)
      at saveJSONToStorage (src/scripts/storage.js:14568:3)
      at saveFullBackupHistory (src/scripts/storage.js:18013:5)
      at Object.importAllData (tests/unit/storage.test.js:3456:5)

  console.error
    DEBUG: importAllData CALLED [ 'fullBackups' ]

      61 |       return undefined;
      62 |     }
    > 63 |     return originalFn(...args);
         |            ^
      64 |   };
      65 | };
      66 |

      at console.<anonymous> (tests/setup/jest.setup.cjs:63:12)
      at Proxy.apply (src/scripts/modules/base.js:92:26)
      at error (src/scripts/storage.js:17633:11)
      at Object.importAllData (tests/unit/storage.test.js:3478:5)

  console.log
    DEBUG: getSafeLocalStorage returning object

      at Proxy.apply (src/scripts/modules/base.js:92:26)

  console.log
    DEBUG: getSafeLocalStorage returning object

      at Proxy.apply (src/scripts/modules/base.js:92:26)

  console.warn
    MOCK SET: cameraPowerPlanner_fullBackups = [{"createdAt":"2024-06-01T18:19:20Z","fileName":"l

      61 |       return undefined;
      62 |     }
    > 63 |     return originalFn(...args);
         |            ^
      64 |   };
      65 | };
      66 |

      at console.<anonymous> (tests/setup/jest.setup.cjs:63:12)
      at console.apply [as warn] (src/scripts/modules/base.js:92:26)
      at Proxy.apply (src/scripts/modules/base.js:92:26)
      at Proxy.apply (src/scripts/modules/base.js:92:26)
      at Proxy.apply (src/scripts/modules/base.js:92:26)
      at Object.warn (tests/unit/storage.test.js:11:15)
      at setItem (src/scripts/storage.js:8463:17)
      at saveJSONToStorage (src/scripts/storage.js:14568:3)
      at saveFullBackupHistory (src/scripts/storage.js:18016:5)
      at Object.importAllData (tests/unit/storage.test.js:3478:5)

  console.warn
    MOCK SET: cameraPowerPlanner_fullBackups__backup = [{"createdAt":"2024-06-01T18:19:20Z","fileName":"l

      61 |       return undefined;
      62 |     }
    > 63 |     return originalFn(...args);
         |            ^
      64 |   };
      65 | };
      66 |

      at console.<anonymous> (tests/setup/jest.setup.cjs:63:12)
      at console.apply [as warn] (src/scripts/modules/base.js:92:26)
      at Proxy.apply (src/scripts/modules/base.js:92:26)
      at Proxy.apply (src/scripts/modules/base.js:92:26)
      at Proxy.apply (src/scripts/modules/base.js:92:26)
      at Object.warn (tests/unit/storage.test.js:11:15)
      at setItem (src/scripts/storage.js:8524:19)
      at tryStoreCandidate (src/scripts/storage.js:8540:13)
      at attemptBackupWrite (src/scripts/storage.js:8617:26)
      at saveJSONToStorage (src/scripts/storage.js:14568:3)
      at saveFullBackupHistory (src/scripts/storage.js:18016:5)
      at Object.importAllData (tests/unit/storage.test.js:3478:5)

  console.error
    DEBUG: importAllData CALLED [ 'fullBackupHistory' ]

      61 |       return undefined;
      62 |     }
    > 63 |     return originalFn(...args);
         |            ^
      64 |   };
      65 | };
      66 |

      at console.<anonymous> (tests/setup/jest.setup.cjs:63:12)
      at Proxy.apply (src/scripts/modules/base.js:92:26)
      at error (src/scripts/storage.js:17633:11)
      at Object.importAllData (tests/unit/storage.test.js:3491:5)

  console.log
    DEBUG: getSafeLocalStorage returning object

      at Proxy.apply (src/scripts/modules/base.js:92:26)

  console.log
    DEBUG: getSafeLocalStorage returning object

      at Proxy.apply (src/scripts/modules/base.js:92:26)

  console.warn
    MOCK SET: cameraPowerPlanner_fullBackups = [{"createdAt":"2024-02-02T00:00:00Z","fileName":"b

      61 |       return undefined;
      62 |     }
    > 63 |     return originalFn(...args);
         |            ^
      64 |   };
      65 | };
      66 |

      at console.<anonymous> (tests/setup/jest.setup.cjs:63:12)
      at console.apply [as warn] (src/scripts/modules/base.js:92:26)
      at Proxy.apply (src/scripts/modules/base.js:92:26)
      at Proxy.apply (src/scripts/modules/base.js:92:26)
      at Proxy.apply (src/scripts/modules/base.js:92:26)
      at Object.warn (tests/unit/storage.test.js:11:15)
      at setItem (src/scripts/storage.js:8463:17)
      at saveJSONToStorage (src/scripts/storage.js:14568:3)
      at saveFullBackupHistory (src/scripts/storage.js:18013:5)
      at Object.importAllData (tests/unit/storage.test.js:3491:5)

  console.warn
    MOCK SET: cameraPowerPlanner_fullBackups__backup = [{"createdAt":"2024-02-02T00:00:00Z","fileName":"b

      61 |       return undefined;
      62 |     }
    > 63 |     return originalFn(...args);
         |            ^
      64 |   };
      65 | };
      66 |

      at console.<anonymous> (tests/setup/jest.setup.cjs:63:12)
      at console.apply [as warn] (src/scripts/modules/base.js:92:26)
      at Proxy.apply (src/scripts/modules/base.js:92:26)
      at Proxy.apply (src/scripts/modules/base.js:92:26)
      at Proxy.apply (src/scripts/modules/base.js:92:26)
      at Object.warn (tests/unit/storage.test.js:11:15)
      at setItem (src/scripts/storage.js:8524:19)
      at tryStoreCandidate (src/scripts/storage.js:8540:13)
      at attemptBackupWrite (src/scripts/storage.js:8617:26)
      at saveJSONToStorage (src/scripts/storage.js:14568:3)
      at saveFullBackupHistory (src/scripts/storage.js:18013:5)
      at Object.importAllData (tests/unit/storage.test.js:3491:5)

  console.warn
    MOCK SET: cameraPowerPlanner_devices = {"cameras":{"Legacy":{}}}

      61 |       return undefined;
      62 |     }
    > 63 |     return originalFn(...args);
         |            ^
      64 |   };
      65 | };
      66 |

      at console.<anonymous> (tests/setup/jest.setup.cjs:63:12)
      at console.apply [as warn] (src/scripts/modules/base.js:92:26)
      at Proxy.apply (src/scripts/modules/base.js:92:26)
      at Proxy.apply (src/scripts/modules/base.js:92:26)
      at Proxy.apply (src/scripts/modules/base.js:92:26)
      at Object.warn (tests/unit/storage.test.js:11:15)
      at setItem (tests/unit/storage.test.js:3587:18)

  console.log
    DEBUG: getSafeLocalStorage returning object

      at Proxy.apply (src/scripts/modules/base.js:92:26)

  console.warn
    MOCK SET: cameraPowerPlanner_devices__legacyMigrationBackup = {"createdAt":"2026-01-16T20:14:38.182Z","data":{"c

      61 |       return undefined;
      62 |     }
    > 63 |     return originalFn(...args);
         |            ^
      64 |   };
      65 | };
      66 |

      at console.<anonymous> (tests/setup/jest.setup.cjs:63:12)
      at console.apply [as warn] (src/scripts/modules/base.js:92:26)
      at Proxy.apply (src/scripts/modules/base.js:92:26)
      at Proxy.apply (src/scripts/modules/base.js:92:26)
      at Proxy.apply (src/scripts/modules/base.js:92:26)
      at Object.warn (tests/unit/storage.test.js:11:15)
      at setItem (src/scripts/storage.js:5565:15)
      at tryStoreSerialized (src/scripts/storage.js:5587:26)
      at createStorageMigrationBackup (src/scripts/storage.js:5239:3)
      at ensurePreWriteMigrationBackup (src/scripts/storage.js:9468:3)
      at saveDeviceData (tests/unit/storage.test.js:3520:24)
      at save (tests/unit/storage.test.js:3590:5)

  console.log
    DEBUG: getSafeLocalStorage returning object

      at Proxy.apply (src/scripts/modules/base.js:92:26)

  console.warn
    MOCK SET: cameraPowerPlanner_devices = {"cameras":{},"monitors":{},"video":{},"viewfinder

      61 |       return undefined;
      62 |     }
    > 63 |     return originalFn(...args);
         |            ^
      64 |   };
      65 | };
      66 |

      at console.<anonymous> (tests/setup/jest.setup.cjs:63:12)
      at console.apply [as warn] (src/scripts/modules/base.js:92:26)
      at Proxy.apply (src/scripts/modules/base.js:92:26)
      at Proxy.apply (src/scripts/modules/base.js:92:26)
      at Proxy.apply (src/scripts/modules/base.js:92:26)
      at Object.warn (tests/unit/storage.test.js:11:15)
      at setItem (src/scripts/storage.js:8463:17)
      at saveJSONToStorage (src/scripts/storage.js:9469:3)
      at saveDeviceData (tests/unit/storage.test.js:3520:24)
      at save (tests/unit/storage.test.js:3590:5)

  console.warn
    MOCK SET: cameraPowerPlanner_devices__backup = {"cameras":{},"monitors":{},"video":{},"viewfinder

      61 |       return undefined;
      62 |     }
    > 63 |     return originalFn(...args);
         |            ^
      64 |   };
      65 | };
      66 |

      at console.<anonymous> (tests/setup/jest.setup.cjs:63:12)
      at console.apply [as warn] (src/scripts/modules/base.js:92:26)
      at Proxy.apply (src/scripts/modules/base.js:92:26)
      at Proxy.apply (src/scripts/modules/base.js:92:26)
      at Proxy.apply (src/scripts/modules/base.js:92:26)
      at Object.warn (tests/unit/storage.test.js:11:15)
      at setItem (src/scripts/storage.js:8524:19)
      at tryStoreCandidate (src/scripts/storage.js:8540:13)
      at attemptBackupWrite (src/scripts/storage.js:8617:26)
      at saveJSONToStorage (src/scripts/storage.js:9469:3)
      at saveDeviceData (tests/unit/storage.test.js:3520:24)
      at save (tests/unit/storage.test.js:3590:5)

  console.warn
    MOCK SET: cameraPowerPlanner_session = {"activeSetup":"Legacy"}

      61 |       return undefined;
      62 |     }
    > 63 |     return originalFn(...args);
         |            ^
      64 |   };
      65 | };
      66 |

      at console.<anonymous> (tests/setup/jest.setup.cjs:63:12)
      at console.apply [as warn] (src/scripts/modules/base.js:92:26)
      at Proxy.apply (src/scripts/modules/base.js:92:26)
      at Proxy.apply (src/scripts/modules/base.js:92:26)
      at Proxy.apply (src/scripts/modules/base.js:92:26)
      at Object.warn (tests/unit/storage.test.js:11:15)
      at setItem (tests/unit/storage.test.js:3587:18)

  console.log
    DEBUG: getSafeLocalStorage returning object

      at Proxy.apply (src/scripts/modules/base.js:92:26)

  console.warn
    MOCK SET: cameraPowerPlanner_session__legacyMigrationBackup = {"createdAt":"2026-01-16T20:14:38.188Z","data":{"a

      61 |       return undefined;
      62 |     }
    > 63 |     return originalFn(...args);
         |            ^
      64 |   };
      65 | };
      66 |

      at console.<anonymous> (tests/setup/jest.setup.cjs:63:12)
      at console.apply [as warn] (src/scripts/modules/base.js:92:26)
      at Proxy.apply (src/scripts/modules/base.js:92:26)
      at Proxy.apply (src/scripts/modules/base.js:92:26)
      at Proxy.apply (src/scripts/modules/base.js:92:26)
      at Object.warn (tests/unit/storage.test.js:11:15)
      at setItem (src/scripts/storage.js:5565:15)
      at tryStoreSerialized (src/scripts/storage.js:5587:26)
      at createStorageMigrationBackup (src/scripts/storage.js:5239:3)
      at ensurePreWriteMigrationBackup (src/scripts/storage.js:9274:3)
      at saveSessionState (tests/unit/storage.test.js:3527:24)
      at save (tests/unit/storage.test.js:3590:5)

  console.log
    DEBUG: getSafeLocalStorage returning object

      at Proxy.apply (src/scripts/modules/base.js:92:26)

  console.warn
    MOCK SET: cameraPowerPlanner_session = {"activeSetup":"Current"}

      61 |       return undefined;
      62 |     }
    > 63 |     return originalFn(...args);
         |            ^
      64 |   };
      65 | };
      66 |

      at console.<anonymous> (tests/setup/jest.setup.cjs:63:12)
      at console.apply [as warn] (src/scripts/modules/base.js:92:26)
      at Proxy.apply (src/scripts/modules/base.js:92:26)
      at Proxy.apply (src/scripts/modules/base.js:92:26)
      at Proxy.apply (src/scripts/modules/base.js:92:26)
      at Object.warn (tests/unit/storage.test.js:11:15)
      at setItem (src/scripts/storage.js:8463:17)
      at saveJSONToStorage (src/scripts/storage.js:9314:3)
      at saveSessionState (tests/unit/storage.test.js:3527:24)
      at save (tests/unit/storage.test.js:3590:5)

  console.warn
    MOCK SET: cameraPowerPlanner_session__backup = {"activeSetup":"Current"}

      61 |       return undefined;
      62 |     }
    > 63 |     return originalFn(...args);
         |            ^
      64 |   };
      65 | };
      66 |

      at console.<anonymous> (tests/setup/jest.setup.cjs:63:12)
      at console.apply [as warn] (src/scripts/modules/base.js:92:26)
      at Proxy.apply (src/scripts/modules/base.js:92:26)
      at Proxy.apply (src/scripts/modules/base.js:92:26)
      at Proxy.apply (src/scripts/modules/base.js:92:26)
      at Object.warn (tests/unit/storage.test.js:11:15)
      at setItem (src/scripts/storage.js:8524:19)
      at tryStoreCandidate (src/scripts/storage.js:8540:13)
      at attemptBackupWrite (src/scripts/storage.js:8617:26)
      at saveJSONToStorage (src/scripts/storage.js:9314:3)
      at saveSessionState (tests/unit/storage.test.js:3527:24)
      at save (tests/unit/storage.test.js:3590:5)

  console.warn
    MOCK SET: cameraPowerPlanner_setups = {"Legacy":{"name":"Legacy","items":[]}}

      61 |       return undefined;
      62 |     }
    > 63 |     return originalFn(...args);
         |            ^
      64 |   };
      65 | };
      66 |

      at console.<anonymous> (tests/setup/jest.setup.cjs:63:12)
      at console.apply [as warn] (src/scripts/modules/base.js:92:26)
      at Proxy.apply (src/scripts/modules/base.js:92:26)
      at Proxy.apply (src/scripts/modules/base.js:92:26)
      at Proxy.apply (src/scripts/modules/base.js:92:26)
      at Object.warn (tests/unit/storage.test.js:11:15)
      at setItem (tests/unit/storage.test.js:3587:18)

  console.log
    DEBUG: getSafeLocalStorage returning object

      at Proxy.apply (src/scripts/modules/base.js:92:26)

  console.warn
    MOCK SET: cameraPowerPlanner_setups__legacyMigrationBackup = {"createdAt":"2026-01-16T20:14:38.194Z","data":{"L

      61 |       return undefined;
      62 |     }
    > 63 |     return originalFn(...args);
         |            ^
      64 |   };
      65 | };
      66 |

      at console.<anonymous> (tests/setup/jest.setup.cjs:63:12)
      at console.apply [as warn] (src/scripts/modules/base.js:92:26)
      at Proxy.apply (src/scripts/modules/base.js:92:26)
      at Proxy.apply (src/scripts/modules/base.js:92:26)
      at Proxy.apply (src/scripts/modules/base.js:92:26)
      at Object.warn (tests/unit/storage.test.js:11:15)
      at setItem (src/scripts/storage.js:5565:15)
      at tryStoreSerialized (src/scripts/storage.js:5587:26)
      at createStorageMigrationBackup (src/scripts/storage.js:5239:3)
      at ensurePreWriteMigrationBackup (src/scripts/storage.js:9581:3)
      at saveSetups (tests/unit/storage.test.js:3534:24)
      at save (tests/unit/storage.test.js:3590:5)

  console.log
    DEBUG: getSafeLocalStorage returning object

      at Proxy.apply (src/scripts/modules/base.js:92:26)

  console.warn
    MOCK SET: cameraPowerPlanner_setups = {"Next":{"name":"Next","items":[]}}

      61 |       return undefined;
      62 |     }
    > 63 |     return originalFn(...args);
         |            ^
      64 |   };
      65 | };
      66 |

      at console.<anonymous> (tests/setup/jest.setup.cjs:63:12)
      at console.apply [as warn] (src/scripts/modules/base.js:92:26)
      at Proxy.apply (src/scripts/modules/base.js:92:26)
      at Proxy.apply (src/scripts/modules/base.js:92:26)
      at Proxy.apply (src/scripts/modules/base.js:92:26)
      at Object.warn (tests/unit/storage.test.js:11:15)
      at setItem (src/scripts/storage.js:8463:17)
      at saveJSONToStorage (src/scripts/storage.js:9582:3)
      at saveSetups (tests/unit/storage.test.js:3534:24)
      at save (tests/unit/storage.test.js:3590:5)

  console.warn
    MOCK SET: cameraPowerPlanner_setups__backup = {"Next":{"name":"Next","items":[]}}

      61 |       return undefined;
      62 |     }
    > 63 |     return originalFn(...args);
         |            ^
      64 |   };
      65 | };
      66 |

      at console.<anonymous> (tests/setup/jest.setup.cjs:63:12)
      at console.apply [as warn] (src/scripts/modules/base.js:92:26)
      at Proxy.apply (src/scripts/modules/base.js:92:26)
      at Proxy.apply (src/scripts/modules/base.js:92:26)
      at Proxy.apply (src/scripts/modules/base.js:92:26)
      at Object.warn (tests/unit/storage.test.js:11:15)
      at setItem (src/scripts/storage.js:8524:19)
      at tryStoreCandidate (src/scripts/storage.js:8540:13)
      at attemptBackupWrite (src/scripts/storage.js:8617:26)
      at saveJSONToStorage (src/scripts/storage.js:9582:3)
      at saveSetups (tests/unit/storage.test.js:3534:24)
      at save (tests/unit/storage.test.js:3590:5)

  console.warn
    MOCK SET: cameraPowerPlanner_favorites = {"camera":"A"}

      61 |       return undefined;
      62 |     }
    > 63 |     return originalFn(...args);
         |            ^
      64 |   };
      65 | };
      66 |

      at console.<anonymous> (tests/setup/jest.setup.cjs:63:12)
      at console.apply [as warn] (src/scripts/modules/base.js:92:26)
      at Proxy.apply (src/scripts/modules/base.js:92:26)
      at Proxy.apply (src/scripts/modules/base.js:92:26)
      at Proxy.apply (src/scripts/modules/base.js:92:26)
      at Object.warn (tests/unit/storage.test.js:11:15)
      at setItem (tests/unit/storage.test.js:3587:18)

  console.log
    DEBUG: getSafeLocalStorage returning object

      at Proxy.apply (src/scripts/modules/base.js:92:26)

  console.warn
    MOCK SET: cameraPowerPlanner_favorites__legacyMigrationBackup = {"createdAt":"2026-01-16T20:14:38.201Z","data":{"c

      61 |       return undefined;
      62 |     }
    > 63 |     return originalFn(...args);
         |            ^
      64 |   };
      65 | };
      66 |

      at console.<anonymous> (tests/setup/jest.setup.cjs:63:12)
      at console.apply [as warn] (src/scripts/modules/base.js:92:26)
      at Proxy.apply (src/scripts/modules/base.js:92:26)
      at Proxy.apply (src/scripts/modules/base.js:92:26)
      at Proxy.apply (src/scripts/modules/base.js:92:26)
      at Object.warn (tests/unit/storage.test.js:11:15)
      at setItem (src/scripts/storage.js:5565:15)
      at tryStoreSerialized (src/scripts/storage.js:5587:26)
      at createStorageMigrationBackup (src/scripts/storage.js:5239:3)
      at ensurePreWriteMigrationBackup (src/scripts/storage.js:14018:3)
      at saveFavorites (tests/unit/storage.test.js:3541:24)
      at save (tests/unit/storage.test.js:3590:5)

  console.log
    DEBUG: getSafeLocalStorage returning object

      at Proxy.apply (src/scripts/modules/base.js:92:26)

  console.warn
    MOCK SET: cameraPowerPlanner_favorites = {"camera":"B"}

      61 |       return undefined;
      62 |     }
    > 63 |     return originalFn(...args);
         |            ^
      64 |   };
      65 | };
      66 |

      at console.<anonymous> (tests/setup/jest.setup.cjs:63:12)
      at console.apply [as warn] (src/scripts/modules/base.js:92:26)
      at Proxy.apply (src/scripts/modules/base.js:92:26)
      at Proxy.apply (src/scripts/modules/base.js:92:26)
      at Proxy.apply (src/scripts/modules/base.js:92:26)
      at Object.warn (tests/unit/storage.test.js:11:15)
      at setItem (src/scripts/storage.js:8463:17)
      at saveJSONToStorage (src/scripts/storage.js:14019:3)
      at saveFavorites (tests/unit/storage.test.js:3541:24)
      at save (tests/unit/storage.test.js:3590:5)

  console.warn
    MOCK SET: cameraPowerPlanner_favorites__backup = {"camera":"B"}

      61 |       return undefined;
      62 |     }
    > 63 |     return originalFn(...args);
         |            ^
      64 |   };
      65 | };
      66 |

      at console.<anonymous> (tests/setup/jest.setup.cjs:63:12)
      at console.apply [as warn] (src/scripts/modules/base.js:92:26)
      at Proxy.apply (src/scripts/modules/base.js:92:26)
      at Proxy.apply (src/scripts/modules/base.js:92:26)
      at Proxy.apply (src/scripts/modules/base.js:92:26)
      at Object.warn (tests/unit/storage.test.js:11:15)
      at setItem (src/scripts/storage.js:8524:19)
      at tryStoreCandidate (src/scripts/storage.js:8540:13)
      at attemptBackupWrite (src/scripts/storage.js:8617:26)
      at saveJSONToStorage (src/scripts/storage.js:14019:3)
      at saveFavorites (tests/unit/storage.test.js:3541:24)
      at save (tests/unit/storage.test.js:3590:5)

  console.warn
    MOCK SET: cameraPowerPlanner_feedback = {"note":"Original"}

      61 |       return undefined;
      62 |     }
    > 63 |     return originalFn(...args);
         |            ^
      64 |   };
      65 | };
      66 |

      at console.<anonymous> (tests/setup/jest.setup.cjs:63:12)
      at console.apply [as warn] (src/scripts/modules/base.js:92:26)
      at Proxy.apply (src/scripts/modules/base.js:92:26)
      at Proxy.apply (src/scripts/modules/base.js:92:26)
      at Proxy.apply (src/scripts/modules/base.js:92:26)
      at Object.warn (tests/unit/storage.test.js:11:15)
      at setItem (tests/unit/storage.test.js:3587:18)

  console.log
    DEBUG: getSafeLocalStorage returning object

      at Proxy.apply (src/scripts/modules/base.js:92:26)

  console.warn
    MOCK SET: cameraPowerPlanner_feedback__legacyMigrationBackup = {"createdAt":"2026-01-16T20:14:38.209Z","data":{"n

      61 |       return undefined;
      62 |     }
    > 63 |     return originalFn(...args);
         |            ^
      64 |   };
      65 | };
      66 |

      at console.<anonymous> (tests/setup/jest.setup.cjs:63:12)
      at console.apply [as warn] (src/scripts/modules/base.js:92:26)
      at Proxy.apply (src/scripts/modules/base.js:92:26)
      at Proxy.apply (src/scripts/modules/base.js:92:26)
      at Proxy.apply (src/scripts/modules/base.js:92:26)
      at Object.warn (tests/unit/storage.test.js:11:15)
      at setItem (src/scripts/storage.js:5565:15)
      at tryStoreSerialized (src/scripts/storage.js:5587:26)
      at createStorageMigrationBackup (src/scripts/storage.js:5239:3)
      at ensurePreWriteMigrationBackup (src/scripts/storage.js:14434:3)
      at saveFeedback (tests/unit/storage.test.js:3548:24)
      at save (tests/unit/storage.test.js:3590:5)

  console.log
    DEBUG: getSafeLocalStorage returning object

      at Proxy.apply (src/scripts/modules/base.js:92:26)

  console.warn
    MOCK SET: cameraPowerPlanner_feedback = {"note":"Updated"}

      61 |       return undefined;
      62 |     }
    > 63 |     return originalFn(...args);
         |            ^
      64 |   };
      65 | };
      66 |

      at console.<anonymous> (tests/setup/jest.setup.cjs:63:12)
      at console.apply [as warn] (src/scripts/modules/base.js:92:26)
      at Proxy.apply (src/scripts/modules/base.js:92:26)
      at Proxy.apply (src/scripts/modules/base.js:92:26)
      at Proxy.apply (src/scripts/modules/base.js:92:26)
      at Object.warn (tests/unit/storage.test.js:11:15)
      at setItem (src/scripts/storage.js:8463:17)
      at saveJSONToStorage (src/scripts/storage.js:14435:3)
      at saveFeedback (tests/unit/storage.test.js:3548:24)
      at save (tests/unit/storage.test.js:3590:5)

  console.warn
    MOCK SET: cameraPowerPlanner_feedback__backup = {"note":"Updated"}

      61 |       return undefined;
      62 |     }
    > 63 |     return originalFn(...args);
         |            ^
      64 |   };
      65 | };
      66 |

      at console.<anonymous> (tests/setup/jest.setup.cjs:63:12)
      at console.apply [as warn] (src/scripts/modules/base.js:92:26)
      at Proxy.apply (src/scripts/modules/base.js:92:26)
      at Proxy.apply (src/scripts/modules/base.js:92:26)
      at Proxy.apply (src/scripts/modules/base.js:92:26)
      at Object.warn (tests/unit/storage.test.js:11:15)
      at setItem (src/scripts/storage.js:8524:19)
      at tryStoreCandidate (src/scripts/storage.js:8540:13)
      at attemptBackupWrite (src/scripts/storage.js:8617:26)
      at saveJSONToStorage (src/scripts/storage.js:14435:3)
      at saveFeedback (tests/unit/storage.test.js:3548:24)
      at save (tests/unit/storage.test.js:3590:5)

  console.warn
    MOCK SET: cameraPowerPlanner_autoGearRules = [{"id":"legacy-rule"}]

      61 |       return undefined;
      62 |     }
    > 63 |     return originalFn(...args);
         |            ^
      64 |   };
      65 | };
      66 |

      at console.<anonymous> (tests/setup/jest.setup.cjs:63:12)
      at console.apply [as warn] (src/scripts/modules/base.js:92:26)
      at Proxy.apply (src/scripts/modules/base.js:92:26)
      at Proxy.apply (src/scripts/modules/base.js:92:26)
      at Proxy.apply (src/scripts/modules/base.js:92:26)
      at Object.warn (tests/unit/storage.test.js:11:15)
      at setItem (tests/unit/storage.test.js:3587:18)

  console.log
    DEBUG: getSafeLocalStorage returning object

      at Proxy.apply (src/scripts/modules/base.js:92:26)

  console.warn
    MOCK SET: cameraPowerPlanner_autoGearRules__legacyMigrationBackup = {"createdAt":"2026-01-16T20:14:38.213Z","data":[{"

      61 |       return undefined;
      62 |     }
    > 63 |     return originalFn(...args);
         |            ^
      64 |   };
      65 | };
      66 |

      at console.<anonymous> (tests/setup/jest.setup.cjs:63:12)
      at console.apply [as warn] (src/scripts/modules/base.js:92:26)
      at Proxy.apply (src/scripts/modules/base.js:92:26)
      at Proxy.apply (src/scripts/modules/base.js:92:26)
      at Proxy.apply (src/scripts/modules/base.js:92:26)
      at Object.warn (tests/unit/storage.test.js:11:15)
      at setItem (src/scripts/storage.js:5565:15)
      at tryStoreSerialized (src/scripts/storage.js:5587:26)
      at createStorageMigrationBackup (src/scripts/storage.js:5239:3)
      at ensurePreWriteMigrationBackup (src/scripts/storage.js:15083:3)
      at saveAutoGearRules (tests/unit/storage.test.js:3555:24)
      at save (tests/unit/storage.test.js:3590:5)

  console.log
    DEBUG: getSafeLocalStorage returning object

      at Proxy.apply (src/scripts/modules/base.js:92:26)

  console.warn
    MOCK SET: cameraPowerPlanner_autoGearRules = [{"id":"current-rule"}]

      61 |       return undefined;
      62 |     }
    > 63 |     return originalFn(...args);
         |            ^
      64 |   };
      65 | };
      66 |

      at console.<anonymous> (tests/setup/jest.setup.cjs:63:12)
      at console.apply [as warn] (src/scripts/modules/base.js:92:26)
      at Proxy.apply (src/scripts/modules/base.js:92:26)
      at Proxy.apply (src/scripts/modules/base.js:92:26)
      at Proxy.apply (src/scripts/modules/base.js:92:26)
      at Object.warn (tests/unit/storage.test.js:11:15)
      at setItem (src/scripts/storage.js:8463:17)
      at saveJSONToStorage (src/scripts/storage.js:15084:3)
      at saveAutoGearRules (tests/unit/storage.test.js:3555:24)
      at save (tests/unit/storage.test.js:3590:5)

  console.warn
    MOCK SET: cameraPowerPlanner_autoGearRules__backup = [{"id":"current-rule"}]

      61 |       return undefined;
      62 |     }
    > 63 |     return originalFn(...args);
         |            ^
      64 |   };
      65 | };
      66 |

      at console.<anonymous> (tests/setup/jest.setup.cjs:63:12)
      at console.apply [as warn] (src/scripts/modules/base.js:92:26)
      at Proxy.apply (src/scripts/modules/base.js:92:26)
      at Proxy.apply (src/scripts/modules/base.js:92:26)
      at Proxy.apply (src/scripts/modules/base.js:92:26)
      at Object.warn (tests/unit/storage.test.js:11:15)
      at setItem (src/scripts/storage.js:8524:19)
      at tryStoreCandidate (src/scripts/storage.js:8540:13)
      at attemptBackupWrite (src/scripts/storage.js:8617:26)
      at saveJSONToStorage (src/scripts/storage.js:15084:3)
      at saveAutoGearRules (tests/unit/storage.test.js:3555:24)
      at save (tests/unit/storage.test.js:3590:5)

  console.warn
    MOCK SET: cameraPowerPlanner_autoGearBackups = [{"id":"legacy-backup"}]

      61 |       return undefined;
      62 |     }
    > 63 |     return originalFn(...args);
         |            ^
      64 |   };
      65 | };
      66 |

      at console.<anonymous> (tests/setup/jest.setup.cjs:63:12)
      at console.apply [as warn] (src/scripts/modules/base.js:92:26)
      at Proxy.apply (src/scripts/modules/base.js:92:26)
      at Proxy.apply (src/scripts/modules/base.js:92:26)
      at Proxy.apply (src/scripts/modules/base.js:92:26)
      at Object.warn (tests/unit/storage.test.js:11:15)
      at setItem (tests/unit/storage.test.js:3587:18)

  console.log
    DEBUG: getSafeLocalStorage returning object

      at Proxy.apply (src/scripts/modules/base.js:92:26)

  console.warn
    MOCK SET: cameraPowerPlanner_autoGearBackups__legacyMigrationBackup = {"createdAt":"2026-01-16T20:14:38.217Z","data":[{"

      61 |       return undefined;
      62 |     }
    > 63 |     return originalFn(...args);
         |            ^
      64 |   };
      65 | };
      66 |

      at console.<anonymous> (tests/setup/jest.setup.cjs:63:12)
      at console.apply [as warn] (src/scripts/modules/base.js:92:26)
      at Proxy.apply (src/scripts/modules/base.js:92:26)
      at Proxy.apply (src/scripts/modules/base.js:92:26)
      at Proxy.apply (src/scripts/modules/base.js:92:26)
      at Object.warn (tests/unit/storage.test.js:11:15)
      at setItem (src/scripts/storage.js:5565:15)
      at tryStoreSerialized (src/scripts/storage.js:5587:26)
      at createStorageMigrationBackup (src/scripts/storage.js:5239:3)
      at ensurePreWriteMigrationBackup (src/scripts/storage.js:15160:3)
      at saveAutoGearBackups (tests/unit/storage.test.js:3562:24)
      at save (tests/unit/storage.test.js:3590:5)

  console.warn
    MOCK SET: cameraPowerPlanner_autoGearPresets = [{"id":"preset-a"}]

      61 |       return undefined;
      62 |     }
    > 63 |     return originalFn(...args);
         |            ^
      64 |   };
      65 | };
      66 |

      at console.<anonymous> (tests/setup/jest.setup.cjs:63:12)
      at console.apply [as warn] (src/scripts/modules/base.js:92:26)
      at Proxy.apply (src/scripts/modules/base.js:92:26)
      at Proxy.apply (src/scripts/modules/base.js:92:26)
      at Proxy.apply (src/scripts/modules/base.js:92:26)
      at Object.warn (tests/unit/storage.test.js:11:15)
      at setItem (tests/unit/storage.test.js:3587:18)

  console.log
    DEBUG: getSafeLocalStorage returning object

      at Proxy.apply (src/scripts/modules/base.js:92:26)

  console.warn
    MOCK SET: cameraPowerPlanner_autoGearPresets__legacyMigrationBackup = {"createdAt":"2026-01-16T20:14:38.219Z","data":[{"

      61 |       return undefined;
      62 |     }
    > 63 |     return originalFn(...args);
         |            ^
      64 |   };
      65 | };
      66 |

      at console.<anonymous> (tests/setup/jest.setup.cjs:63:12)
      at console.apply [as warn] (src/scripts/modules/base.js:92:26)
      at Proxy.apply (src/scripts/modules/base.js:92:26)
      at Proxy.apply (src/scripts/modules/base.js:92:26)
      at Proxy.apply (src/scripts/modules/base.js:92:26)
      at Object.warn (tests/unit/storage.test.js:11:15)
      at setItem (src/scripts/storage.js:5565:15)
      at tryStoreSerialized (src/scripts/storage.js:5587:26)
      at createStorageMigrationBackup (src/scripts/storage.js:5239:3)
      at ensurePreWriteMigrationBackup (src/scripts/storage.js:15350:3)
      at saveAutoGearPresets (tests/unit/storage.test.js:3569:24)
      at save (tests/unit/storage.test.js:3590:5)

  console.log
    DEBUG: getSafeLocalStorage returning object

      at Proxy.apply (src/scripts/modules/base.js:92:26)

  console.warn
    MOCK SET: cameraPowerPlanner_autoGearPresets = [{"id":"preset-b"}]

      61 |       return undefined;
      62 |     }
    > 63 |     return originalFn(...args);
         |            ^
      64 |   };
      65 | };
      66 |

      at console.<anonymous> (tests/setup/jest.setup.cjs:63:12)
      at console.apply [as warn] (src/scripts/modules/base.js:92:26)
      at Proxy.apply (src/scripts/modules/base.js:92:26)
      at Proxy.apply (src/scripts/modules/base.js:92:26)
      at Proxy.apply (src/scripts/modules/base.js:92:26)
      at Object.warn (tests/unit/storage.test.js:11:15)
      at setItem (src/scripts/storage.js:8463:17)
      at saveJSONToStorage (src/scripts/storage.js:15374:3)
      at saveAutoGearPresets (tests/unit/storage.test.js:3569:24)
      at save (tests/unit/storage.test.js:3590:5)

  console.warn
    MOCK SET: cameraPowerPlanner_autoGearPresets__backup = [{"id":"preset-b"}]

      61 |       return undefined;
      62 |     }
    > 63 |     return originalFn(...args);
         |            ^
      64 |   };
      65 | };
      66 |

      at console.<anonymous> (tests/setup/jest.setup.cjs:63:12)
      at console.apply [as warn] (src/scripts/modules/base.js:92:26)
      at Proxy.apply (src/scripts/modules/base.js:92:26)
      at Proxy.apply (src/scripts/modules/base.js:92:26)
      at Proxy.apply (src/scripts/modules/base.js:92:26)
      at Object.warn (tests/unit/storage.test.js:11:15)
      at setItem (src/scripts/storage.js:8524:19)
      at tryStoreCandidate (src/scripts/storage.js:8540:13)
      at attemptBackupWrite (src/scripts/storage.js:8617:26)
      at saveJSONToStorage (src/scripts/storage.js:15374:3)
      at saveAutoGearPresets (tests/unit/storage.test.js:3569:24)
      at save (tests/unit/storage.test.js:3590:5)

  console.warn
    MOCK SET: cameraPowerPlanner_autoGearMonitorDefaults = {"monitor":"Legacy"}

      61 |       return undefined;
      62 |     }
    > 63 |     return originalFn(...args);
         |            ^
      64 |   };
      65 | };
      66 |

      at console.<anonymous> (tests/setup/jest.setup.cjs:63:12)
      at console.apply [as warn] (src/scripts/modules/base.js:92:26)
      at Proxy.apply (src/scripts/modules/base.js:92:26)
      at Proxy.apply (src/scripts/modules/base.js:92:26)
      at Proxy.apply (src/scripts/modules/base.js:92:26)
      at Object.warn (tests/unit/storage.test.js:11:15)
      at setItem (tests/unit/storage.test.js:3587:18)

  console.log
    DEBUG: getSafeLocalStorage returning object

      at Proxy.apply (src/scripts/modules/base.js:92:26)

  console.warn
    MOCK SET: cameraPowerPlanner_autoGearMonitorDefaults__legacyMigrationBackup = {"createdAt":"2026-01-16T20:14:38.223Z","data":{"m

      61 |       return undefined;
      62 |     }
    > 63 |     return originalFn(...args);
         |            ^
      64 |   };
      65 | };
      66 |

      at console.<anonymous> (tests/setup/jest.setup.cjs:63:12)
      at console.apply [as warn] (src/scripts/modules/base.js:92:26)
      at Proxy.apply (src/scripts/modules/base.js:92:26)
      at Proxy.apply (src/scripts/modules/base.js:92:26)
      at Proxy.apply (src/scripts/modules/base.js:92:26)
      at Object.warn (tests/unit/storage.test.js:11:15)
      at setItem (src/scripts/storage.js:5565:15)
      at tryStoreSerialized (src/scripts/storage.js:5587:26)
      at createStorageMigrationBackup (src/scripts/storage.js:5239:3)
      at ensurePreWriteMigrationBackup (src/scripts/storage.js:15417:3)
      at saveAutoGearMonitorDefaults (tests/unit/storage.test.js:3576:24)
      at save (tests/unit/storage.test.js:3590:5)

  console.warn
    MOCK SET: cameraPowerPlanner_fullBackups = [{"createdAt":"2024-01-01T00:00:00Z"}]

      61 |       return undefined;
      62 |     }
    > 63 |     return originalFn(...args);
         |            ^
      64 |   };
      65 | };
      66 |

      at console.<anonymous> (tests/setup/jest.setup.cjs:63:12)
      at console.apply [as warn] (src/scripts/modules/base.js:92:26)
      at Proxy.apply (src/scripts/modules/base.js:92:26)
      at Proxy.apply (src/scripts/modules/base.js:92:26)
      at Proxy.apply (src/scripts/modules/base.js:92:26)
      at Object.warn (tests/unit/storage.test.js:11:15)
      at setItem (tests/unit/storage.test.js:3587:18)

  console.log
    DEBUG: getSafeLocalStorage returning object

      at Proxy.apply (src/scripts/modules/base.js:92:26)

  console.warn
    MOCK SET: cameraPowerPlanner_fullBackups__legacyMigrationBackup = {"createdAt":"2026-01-16T20:14:38.224Z","data":[{"

      61 |       return undefined;
      62 |     }
    > 63 |     return originalFn(...args);
         |            ^
      64 |   };
      65 | };
      66 |

      at console.<anonymous> (tests/setup/jest.setup.cjs:63:12)
      at console.apply [as warn] (src/scripts/modules/base.js:92:26)
      at Proxy.apply (src/scripts/modules/base.js:92:26)
      at Proxy.apply (src/scripts/modules/base.js:92:26)
      at Proxy.apply (src/scripts/modules/base.js:92:26)
      at Object.warn (tests/unit/storage.test.js:11:15)
      at setItem (src/scripts/storage.js:5565:15)
      at tryStoreSerialized (src/scripts/storage.js:5587:26)
      at createStorageMigrationBackup (src/scripts/storage.js:5239:3)
      at ensurePreWriteMigrationBackup (src/scripts/storage.js:14567:3)
      at saveFullBackupHistory (tests/unit/storage.test.js:3583:24)
      at save (tests/unit/storage.test.js:3590:5)

  console.log
    DEBUG: getSafeLocalStorage returning object

      at Proxy.apply (src/scripts/modules/base.js:92:26)

  console.warn
    MOCK SET: cameraPowerPlanner_fullBackups = [{"createdAt":"2024-02-02T00:00:00Z"}]

      61 |       return undefined;
      62 |     }
    > 63 |     return originalFn(...args);
         |            ^
      64 |   };
      65 | };
      66 |

      at console.<anonymous> (tests/setup/jest.setup.cjs:63:12)
      at console.apply [as warn] (src/scripts/modules/base.js:92:26)
      at Proxy.apply (src/scripts/modules/base.js:92:26)
      at Proxy.apply (src/scripts/modules/base.js:92:26)
      at Proxy.apply (src/scripts/modules/base.js:92:26)
      at Object.warn (tests/unit/storage.test.js:11:15)
      at setItem (src/scripts/storage.js:8463:17)
      at saveJSONToStorage (src/scripts/storage.js:14568:3)
      at saveFullBackupHistory (tests/unit/storage.test.js:3583:24)
      at save (tests/unit/storage.test.js:3590:5)

  console.warn
    MOCK SET: cameraPowerPlanner_fullBackups__backup = [{"createdAt":"2024-02-02T00:00:00Z"}]

      61 |       return undefined;
      62 |     }
    > 63 |     return originalFn(...args);
         |            ^
      64 |   };
      65 | };
      66 |

      at console.<anonymous> (tests/setup/jest.setup.cjs:63:12)
      at console.apply [as warn] (src/scripts/modules/base.js:92:26)
      at Proxy.apply (src/scripts/modules/base.js:92:26)
      at Proxy.apply (src/scripts/modules/base.js:92:26)
      at Proxy.apply (src/scripts/modules/base.js:92:26)
      at Object.warn (tests/unit/storage.test.js:11:15)
      at setItem (src/scripts/storage.js:8524:19)
      at tryStoreCandidate (src/scripts/storage.js:8540:13)
      at attemptBackupWrite (src/scripts/storage.js:8617:26)
      at saveJSONToStorage (src/scripts/storage.js:14568:3)
      at saveFullBackupHistory (tests/unit/storage.test.js:3583:24)
      at save (tests/unit/storage.test.js:3590:5)

  console.warn
    MOCK SET: cameraPowerPlanner_project = {"Legacy":{"gearList":"","projectInfo":null}}

      61 |       return undefined;
      62 |     }
    > 63 |     return originalFn(...args);
         |            ^
      64 |   };
      65 | };
      66 |

      at console.<anonymous> (tests/setup/jest.setup.cjs:63:12)
      at console.apply [as warn] (src/scripts/modules/base.js:92:26)
      at Proxy.apply (src/scripts/modules/base.js:92:26)
      at Proxy.apply (src/scripts/modules/base.js:92:26)
      at Proxy.apply (src/scripts/modules/base.js:92:26)
      at Object.warn (tests/unit/storage.test.js:11:15)
      at Object.setItem (tests/unit/storage.test.js:3598:18)

  console.log
    DEBUG: getSafeLocalStorage returning object

      at Proxy.apply (src/scripts/modules/base.js:92:26)

  console.log
    DEBUG: getSafeLocalStorage returning object

      at Proxy.apply (src/scripts/modules/base.js:92:26)

  console.log
    DEBUG: getSafeLocalStorage returning object

      at Proxy.apply (src/scripts/modules/base.js:92:26)

  console.warn
    MOCK SET: cameraPowerPlanner_project__legacyMigrationBackup = {"createdAt":"2026-01-16T20:14:38.229Z","data":{"L

      61 |       return undefined;
      62 |     }
    > 63 |     return originalFn(...args);
         |            ^
      64 |   };
      65 | };
      66 |

      at console.<anonymous> (tests/setup/jest.setup.cjs:63:12)
      at console.apply [as warn] (src/scripts/modules/base.js:92:26)
      at Proxy.apply (src/scripts/modules/base.js:92:26)
      at Proxy.apply (src/scripts/modules/base.js:92:26)
      at Proxy.apply (src/scripts/modules/base.js:92:26)
      at Object.warn (tests/unit/storage.test.js:11:15)
      at setItem (src/scripts/storage.js:5565:15)
      at tryStoreSerialized (src/scripts/storage.js:5587:26)
      at createStorageMigrationBackup (src/scripts/storage.js:13355:7)
      at Object.saveProject (tests/unit/storage.test.js:3601:5)

  console.log
    DEBUG: getSafeLocalStorage returning object

      at Proxy.apply (src/scripts/modules/base.js:92:26)

  console.log
    DEBUG: getSafeLocalStorage returning object

      at Proxy.apply (src/scripts/modules/base.js:92:26)

  console.log
    DEBUG: getSafeLocalStorage returning object

      at Proxy.apply (src/scripts/modules/base.js:92:26)

  console.warn
    MOCK SET: cameraPowerPlanner_project__legacyMigrationBackup = [{"createdAt":"2026-01-16T20:14:38.229Z","data":{"

      61 |       return undefined;
      62 |     }
    > 63 |     return originalFn(...args);
         |            ^
      64 |   };
      65 | };
      66 |

      at console.<anonymous> (tests/setup/jest.setup.cjs:63:12)
      at console.apply [as warn] (src/scripts/modules/base.js:92:26)
      at Proxy.apply (src/scripts/modules/base.js:92:26)
      at Proxy.apply (src/scripts/modules/base.js:92:26)
      at Proxy.apply (src/scripts/modules/base.js:92:26)
      at Object.warn (tests/unit/storage.test.js:11:15)
      at setItem (src/scripts/storage.js:5514:19)
      at tryStoreList (src/scripts/storage.js:5521:20)
      at createStorageMigrationBackup (src/scripts/storage.js:13397:7)
      at Object.saveProject (tests/unit/storage.test.js:3601:5)

  console.log
    DEBUG: getSafeLocalStorage returning object

      at Proxy.apply (src/scripts/modules/base.js:92:26)

  console.log
    DEBUG: getSafeLocalStorage returning object

      at Proxy.apply (src/scripts/modules/base.js:92:26)

  console.warn
    MOCK SET: cameraPowerPlanner_prj_New Project = {"gearList":"","projectInfo":null,"gearListAndProj

      61 |       return undefined;
      62 |     }
    > 63 |     return originalFn(...args);
         |            ^
      64 |   };
      65 | };
      66 |

      at console.<anonymous> (tests/setup/jest.setup.cjs:63:12)
      at console.apply [as warn] (src/scripts/modules/base.js:92:26)
      at Proxy.apply (src/scripts/modules/base.js:92:26)
      at Proxy.apply (src/scripts/modules/base.js:92:26)
      at Proxy.apply (src/scripts/modules/base.js:92:26)
      at Object.warn (tests/unit/storage.test.js:11:15)
      at setItem (src/scripts/storage.js:8463:17)
      at saveJSONToStorage (src/scripts/storage.js:12780:18)
      at persistProjectShard (src/scripts/storage.js:13513:20)
      at Object.saveProject (tests/unit/storage.test.js:3601:5)

  console.log
    DEBUG: getSafeLocalStorage returning object

      at Proxy.apply (src/scripts/modules/base.js:92:26)

  console.log
    DEBUG: getSafeLocalStorage returning object

      at Proxy.apply (src/scripts/modules/base.js:92:26)
          at Array.forEach (<anonymous>)

  console.log
    DEBUG: getSafeLocalStorage returning object

      at Proxy.apply (src/scripts/modules/base.js:92:26)
          at Array.forEach (<anonymous>)

  console.warn
    MOCK SET: cameraPowerPlanner_prj_Legacy = {"gearList":"","projectInfo":null,"gearListAndProj

      61 |       return undefined;
      62 |     }
    > 63 |     return originalFn(...args);
         |            ^
      64 |   };
      65 | };
      66 |

      at console.<anonymous> (tests/setup/jest.setup.cjs:63:12)
      at console.apply [as warn] (src/scripts/modules/base.js:92:26)
      at Proxy.apply (src/scripts/modules/base.js:92:26)
      at Proxy.apply (src/scripts/modules/base.js:92:26)
      at Proxy.apply (src/scripts/modules/base.js:92:26)
      at Object.warn (tests/unit/storage.test.js:11:15)
      at setItem (src/scripts/storage.js:8463:17)
      at saveJSONToStorage (src/scripts/storage.js:12780:18)
      at persistProjectShard (src/scripts/storage.js:12828:5)
          at Array.forEach (<anonymous>)
      at forEach (src/scripts/storage.js:12827:25)
      at persistAllProjects (src/scripts/storage.js:13535:5)
      at Object.saveProject (tests/unit/storage.test.js:3601:5)

  console.log
    DEBUG: getSafeLocalStorage returning object

      at Proxy.apply (src/scripts/modules/base.js:92:26)
          at Array.forEach (<anonymous>)

  console.log
    DEBUG: getSafeLocalStorage returning object

      at Proxy.apply (src/scripts/modules/base.js:92:26)
          at Array.forEach (<anonymous>)

  console.warn
    MOCK SET: cameraPowerPlanner_project__legacyMigrationBackup = [{"createdAt":"2026-01-16T20:14:38.229Z","data":{"

      61 |       return undefined;
      62 |     }
    > 63 |     return originalFn(...args);
         |            ^
      64 |   };
      65 | };
      66 |

      at console.<anonymous> (tests/setup/jest.setup.cjs:63:12)
      at console.apply [as warn] (src/scripts/modules/base.js:92:26)
      at Proxy.apply (src/scripts/modules/base.js:92:26)
      at Proxy.apply (src/scripts/modules/base.js:92:26)
      at Proxy.apply (src/scripts/modules/base.js:92:26)
      at Object.warn (tests/unit/storage.test.js:11:15)
      at setItem (src/scripts/storage.js:5514:19)
      at tryStoreList (src/scripts/storage.js:5521:20)
      at createStorageMigrationBackup (src/scripts/storage.js:12735:7)
      at cleanupMonolithicProjectStorage (src/scripts/storage.js:12832:3)
      at persistAllProjects (src/scripts/storage.js:13535:5)
      at Object.saveProject (tests/unit/storage.test.js:3601:5)

  console.log
    DEBUG: getSafeLocalStorage returning object

      at Proxy.apply (src/scripts/modules/base.js:92:26)

  console.warn
    MOCK SET: cameraPowerPlanner_project_rev = 1

      61 |       return undefined;
      62 |     }
    > 63 |     return originalFn(...args);
         |            ^
      64 |   };
      65 | };
      66 |

      at console.<anonymous> (tests/setup/jest.setup.cjs:63:12)
      at console.apply [as warn] (src/scripts/modules/base.js:92:26)
      at Proxy.apply (src/scripts/modules/base.js:92:26)
      at Proxy.apply (src/scripts/modules/base.js:92:26)
      at Proxy.apply (src/scripts/modules/base.js:92:26)
      at Object.warn (tests/unit/storage.test.js:11:15)
      at setItem (src/scripts/storage.js:8463:17)
      at saveJSONToStorage (src/scripts/storage.js:1859:3)
      at bumpProjectStorageRevision (src/scripts/storage.js:12834:3)
      at persistAllProjects (src/scripts/storage.js:13535:5)
      at Object.saveProject (tests/unit/storage.test.js:3601:5)

  console.warn
    MOCK SET: cameraPowerPlanner_project_rev__backup = 1

      61 |       return undefined;
      62 |     }
    > 63 |     return originalFn(...args);
         |            ^
      64 |   };
      65 | };
      66 |

      at console.<anonymous> (tests/setup/jest.setup.cjs:63:12)
      at console.apply [as warn] (src/scripts/modules/base.js:92:26)
      at Proxy.apply (src/scripts/modules/base.js:92:26)
      at Proxy.apply (src/scripts/modules/base.js:92:26)
      at Proxy.apply (src/scripts/modules/base.js:92:26)
      at Object.warn (tests/unit/storage.test.js:11:15)
      at setItem (src/scripts/storage.js:8524:19)
      at tryStoreCandidate (src/scripts/storage.js:8540:13)
      at attemptBackupWrite (src/scripts/storage.js:8617:26)
      at saveJSONToStorage (src/scripts/storage.js:1859:3)
      at bumpProjectStorageRevision (src/scripts/storage.js:12834:3)
      at persistAllProjects (src/scripts/storage.js:13535:5)
      at Object.saveProject (tests/unit/storage.test.js:3601:5)

  console.warn
    MOCK SET: cameraPowerPlanner_devices = {"cameras":{},"monitors":{},"video":{},"viewfinder

      61 |       return undefined;
      62 |     }
    > 63 |     return originalFn(...args);
         |            ^
      64 |   };
      65 | };
      66 |

      at console.<anonymous> (tests/setup/jest.setup.cjs:63:12)
      at console.apply [as warn] (src/scripts/modules/base.js:92:26)
      at Proxy.apply (src/scripts/modules/base.js:92:26)
      at Proxy.apply (src/scripts/modules/base.js:92:26)
      at Proxy.apply (src/scripts/modules/base.js:92:26)
      at Object.warn (tests/unit/storage.test.js:11:15)
      at Object.setItem (tests/unit/storage.test.js:3611:18)

  console.warn
    MOCK SET: cameraPowerPlanner_devices__legacyMigrationBackup = {"cameras":{"Legacy":{"brand":"Old","model":"Camer

      61 |       return undefined;
      62 |     }
    > 63 |     return originalFn(...args);
         |            ^
      64 |   };
      65 | };
      66 |

      at console.<anonymous> (tests/setup/jest.setup.cjs:63:12)
      at console.apply [as warn] (src/scripts/modules/base.js:92:26)
      at Proxy.apply (src/scripts/modules/base.js:92:26)
      at Proxy.apply (src/scripts/modules/base.js:92:26)
      at Proxy.apply (src/scripts/modules/base.js:92:26)
      at Object.warn (tests/unit/storage.test.js:11:15)
      at Object.setItem (tests/unit/storage.test.js:3612:18)

  console.log
    DEBUG: getSafeLocalStorage returning object

      at Proxy.apply (src/scripts/modules/base.js:92:26)

  console.warn
    MOCK SET: cameraPowerPlanner_devices__legacyMigrationBackup = {"data":{"cameras":{"Legacy":{"brand":"Old","model

      61 |       return undefined;
      62 |     }
    > 63 |     return originalFn(...args);
         |            ^
      64 |   };
      65 | };
      66 |

      at console.<anonymous> (tests/setup/jest.setup.cjs:63:12)
      at console.apply [as warn] (src/scripts/modules/base.js:92:26)
      at Proxy.apply (src/scripts/modules/base.js:92:26)
      at Proxy.apply (src/scripts/modules/base.js:92:26)
      at Proxy.apply (src/scripts/modules/base.js:92:26)
      at Object.warn (tests/unit/storage.test.js:11:15)
      at setItem (src/scripts/storage.js:5457:13)
      at upgradeLegacyMigrationBackupEntry (src/scripts/storage.js:5482:9)
      at createStorageMigrationBackup (src/scripts/storage.js:5239:3)
      at ensurePreWriteMigrationBackup (src/scripts/storage.js:9468:3)
      at Object.saveDeviceData (tests/unit/storage.test.js:3614:5)

  console.warn
    MOCK SET: cameraPowerPlanner_devices__legacyMigrationBackup = [{"data":{"cameras":{"Legacy":{"brand":"Old","mode

      61 |       return undefined;
      62 |     }
    > 63 |     return originalFn(...args);
         |            ^
      64 |   };
      65 | };
      66 |

      at console.<anonymous> (tests/setup/jest.setup.cjs:63:12)
      at console.apply [as warn] (src/scripts/modules/base.js:92:26)
      at Proxy.apply (src/scripts/modules/base.js:92:26)
      at Proxy.apply (src/scripts/modules/base.js:92:26)
      at Proxy.apply (src/scripts/modules/base.js:92:26)
      at Object.warn (tests/unit/storage.test.js:11:15)
      at setItem (src/scripts/storage.js:5514:19)
      at tryStoreList (src/scripts/storage.js:5521:20)
      at createStorageMigrationBackup (src/scripts/storage.js:5239:3)
      at ensurePreWriteMigrationBackup (src/scripts/storage.js:9468:3)
      at Object.saveDeviceData (tests/unit/storage.test.js:3614:5)

  console.log
    DEBUG: getSafeLocalStorage returning object

      at Proxy.apply (src/scripts/modules/base.js:92:26)

  console.warn
    MOCK SET: cameraPowerPlanner_devices__backup = {"cameras":{},"monitors":{},"video":{},"viewfinder

      61 |       return undefined;
      62 |     }
    > 63 |     return originalFn(...args);
         |            ^
      64 |   };
      65 | };
      66 |

      at console.<anonymous> (tests/setup/jest.setup.cjs:63:12)
      at console.apply [as warn] (src/scripts/modules/base.js:92:26)
      at Proxy.apply (src/scripts/modules/base.js:92:26)
      at Proxy.apply (src/scripts/modules/base.js:92:26)
      at Proxy.apply (src/scripts/modules/base.js:92:26)
      at Object.warn (tests/unit/storage.test.js:11:15)
      at setItem (src/scripts/storage.js:8524:19)
      at tryStoreCandidate (src/scripts/storage.js:8540:13)
      at attemptBackupWrite (src/scripts/storage.js:8617:26)
      at saveJSONToStorage (src/scripts/storage.js:9469:3)
      at Object.saveDeviceData (tests/unit/storage.test.js:3614:5)

  console.warn
    MOCK SET: cameraPowerPlanner_devices = {"cameras":{},"monitors":{},"video":{},"viewfinder

      61 |       return undefined;
      62 |     }
    > 63 |     return originalFn(...args);
         |            ^
      64 |   };
      65 | };
      66 |

      at console.<anonymous> (tests/setup/jest.setup.cjs:63:12)
      at console.apply [as warn] (src/scripts/modules/base.js:92:26)
      at Proxy.apply (src/scripts/modules/base.js:92:26)
      at Proxy.apply (src/scripts/modules/base.js:92:26)
      at Proxy.apply (src/scripts/modules/base.js:92:26)
      at Object.warn (tests/unit/storage.test.js:11:15)
      at Object.setItem (tests/unit/storage.test.js:3634:18)

  console.warn
    MOCK SET: cameraPowerPlanner_devices__legacyMigrationBackup = legacy-string

      61 |       return undefined;
      62 |     }
    > 63 |     return originalFn(...args);
         |            ^
      64 |   };
      65 | };
      66 |

      at console.<anonymous> (tests/setup/jest.setup.cjs:63:12)
      at console.apply [as warn] (src/scripts/modules/base.js:92:26)
      at Proxy.apply (src/scripts/modules/base.js:92:26)
      at Proxy.apply (src/scripts/modules/base.js:92:26)
      at Proxy.apply (src/scripts/modules/base.js:92:26)
      at Object.warn (tests/unit/storage.test.js:11:15)
      at Object.setItem (tests/unit/storage.test.js:3635:18)

  console.log
    DEBUG: getSafeLocalStorage returning object

      at Proxy.apply (src/scripts/modules/base.js:92:26)

  console.warn
    MOCK SET: cameraPowerPlanner_devices__legacyMigrationBackup = {"createdAt":"2026-01-16T20:14:38.246Z","data":"le

      61 |       return undefined;
      62 |     }
    > 63 |     return originalFn(...args);
         |            ^
      64 |   };
      65 | };
      66 |

      at console.<anonymous> (tests/setup/jest.setup.cjs:63:12)
      at console.apply [as warn] (src/scripts/modules/base.js:92:26)
      at Proxy.apply (src/scripts/modules/base.js:92:26)
      at Proxy.apply (src/scripts/modules/base.js:92:26)
      at Proxy.apply (src/scripts/modules/base.js:92:26)
      at Object.warn (tests/unit/storage.test.js:11:15)
      at setItem (src/scripts/storage.js:5457:13)
      at upgradeLegacyMigrationBackupEntry (src/scripts/storage.js:5482:9)
      at createStorageMigrationBackup (src/scripts/storage.js:5239:3)
      at ensurePreWriteMigrationBackup (src/scripts/storage.js:9468:3)
      at Object.saveDeviceData (tests/unit/storage.test.js:3637:5)

  console.warn
    MOCK SET: cameraPowerPlanner_devices__legacyMigrationBackup = [{"createdAt":"2026-01-16T20:14:38.246Z","data":"l

      61 |       return undefined;
      62 |     }
    > 63 |     return originalFn(...args);
         |            ^
      64 |   };
      65 | };
      66 |

      at console.<anonymous> (tests/setup/jest.setup.cjs:63:12)
      at console.apply [as warn] (src/scripts/modules/base.js:92:26)
      at Proxy.apply (src/scripts/modules/base.js:92:26)
      at Proxy.apply (src/scripts/modules/base.js:92:26)
      at Proxy.apply (src/scripts/modules/base.js:92:26)
      at Object.warn (tests/unit/storage.test.js:11:15)
      at setItem (src/scripts/storage.js:5514:19)
      at tryStoreList (src/scripts/storage.js:5521:20)
      at createStorageMigrationBackup (src/scripts/storage.js:5239:3)
      at ensurePreWriteMigrationBackup (src/scripts/storage.js:9468:3)
      at Object.saveDeviceData (tests/unit/storage.test.js:3637:5)

  console.log
    DEBUG: getSafeLocalStorage returning object

      at Proxy.apply (src/scripts/modules/base.js:92:26)

  console.warn
    MOCK SET: cameraPowerPlanner_devices__backup = {"cameras":{},"monitors":{},"video":{},"viewfinder

      61 |       return undefined;
      62 |     }
    > 63 |     return originalFn(...args);
         |            ^
      64 |   };
      65 | };
      66 |

      at console.<anonymous> (tests/setup/jest.setup.cjs:63:12)
      at console.apply [as warn] (src/scripts/modules/base.js:92:26)
      at Proxy.apply (src/scripts/modules/base.js:92:26)
      at Proxy.apply (src/scripts/modules/base.js:92:26)
      at Proxy.apply (src/scripts/modules/base.js:92:26)
      at Object.warn (tests/unit/storage.test.js:11:15)
      at setItem (src/scripts/storage.js:8524:19)
      at tryStoreCandidate (src/scripts/storage.js:8540:13)
      at attemptBackupWrite (src/scripts/storage.js:8617:26)
      at saveJSONToStorage (src/scripts/storage.js:9469:3)
      at Object.saveDeviceData (tests/unit/storage.test.js:3637:5)

  console.warn
    MOCK SET: cameraPowerPlanner_devices = {"cameras":{},"monitors":{},"video":{},"viewfinder

      61 |       return undefined;
      62 |     }
    > 63 |     return originalFn(...args);
         |            ^
      64 |   };
      65 | };
      66 |

      at console.<anonymous> (tests/setup/jest.setup.cjs:63:12)
      at console.apply [as warn] (src/scripts/modules/base.js:92:26)
      at Proxy.apply (src/scripts/modules/base.js:92:26)
      at Proxy.apply (src/scripts/modules/base.js:92:26)
      at Proxy.apply (src/scripts/modules/base.js:92:26)
      at Object.warn (tests/unit/storage.test.js:11:15)
      at Object.setItem (tests/unit/storage.test.js:3655:18)

  console.warn
    MOCK SET: cameraPowerPlanner_devices__legacyMigrationBackup = {"createdAt":1700000000000,"data":{"cameras":{"Leg

      61 |       return undefined;
      62 |     }
    > 63 |     return originalFn(...args);
         |            ^
      64 |   };
      65 | };
      66 |

      at console.<anonymous> (tests/setup/jest.setup.cjs:63:12)
      at console.apply [as warn] (src/scripts/modules/base.js:92:26)
      at Proxy.apply (src/scripts/modules/base.js:92:26)
      at Proxy.apply (src/scripts/modules/base.js:92:26)
      at Proxy.apply (src/scripts/modules/base.js:92:26)
      at Object.warn (tests/unit/storage.test.js:11:15)
      at Object.setItem (tests/unit/storage.test.js:3656:18)

  console.log
    DEBUG: getSafeLocalStorage returning object

      at Proxy.apply (src/scripts/modules/base.js:92:26)

  console.warn
    MOCK SET: cameraPowerPlanner_devices__legacyMigrationBackup = {"createdAt":"2023-11-14T22:13:20.000Z","data":{"c

      61 |       return undefined;
      62 |     }
    > 63 |     return originalFn(...args);
         |            ^
      64 |   };
      65 | };
      66 |

      at console.<anonymous> (tests/setup/jest.setup.cjs:63:12)
      at console.apply [as warn] (src/scripts/modules/base.js:92:26)
      at Proxy.apply (src/scripts/modules/base.js:92:26)
      at Proxy.apply (src/scripts/modules/base.js:92:26)
      at Proxy.apply (src/scripts/modules/base.js:92:26)
      at Object.warn (tests/unit/storage.test.js:11:15)
      at setItem (src/scripts/storage.js:5457:13)
      at upgradeLegacyMigrationBackupEntry (src/scripts/storage.js:5482:9)
      at createStorageMigrationBackup (src/scripts/storage.js:5239:3)
      at ensurePreWriteMigrationBackup (src/scripts/storage.js:9468:3)
      at Object.saveDeviceData (tests/unit/storage.test.js:3658:5)

  console.warn
    MOCK SET: cameraPowerPlanner_devices__legacyMigrationBackup = [{"createdAt":"2023-11-14T22:13:20.000Z","data":{"

      61 |       return undefined;
      62 |     }
    > 63 |     return originalFn(...args);
         |            ^
      64 |   };
      65 | };
      66 |

      at console.<anonymous> (tests/setup/jest.setup.cjs:63:12)
      at console.apply [as warn] (src/scripts/modules/base.js:92:26)
      at Proxy.apply (src/scripts/modules/base.js:92:26)
      at Proxy.apply (src/scripts/modules/base.js:92:26)
      at Proxy.apply (src/scripts/modules/base.js:92:26)
      at Object.warn (tests/unit/storage.test.js:11:15)
      at setItem (src/scripts/storage.js:5514:19)
      at tryStoreList (src/scripts/storage.js:5521:20)
      at createStorageMigrationBackup (src/scripts/storage.js:5239:3)
      at ensurePreWriteMigrationBackup (src/scripts/storage.js:9468:3)
      at Object.saveDeviceData (tests/unit/storage.test.js:3658:5)

  console.log
    DEBUG: getSafeLocalStorage returning object

      at Proxy.apply (src/scripts/modules/base.js:92:26)

  console.warn
    MOCK SET: cameraPowerPlanner_devices__backup = {"cameras":{},"monitors":{},"video":{},"viewfinder

      61 |       return undefined;
      62 |     }
    > 63 |     return originalFn(...args);
         |            ^
      64 |   };
      65 | };
      66 |

      at console.<anonymous> (tests/setup/jest.setup.cjs:63:12)
      at console.apply [as warn] (src/scripts/modules/base.js:92:26)
      at Proxy.apply (src/scripts/modules/base.js:92:26)
      at Proxy.apply (src/scripts/modules/base.js:92:26)
      at Proxy.apply (src/scripts/modules/base.js:92:26)
      at Object.warn (tests/unit/storage.test.js:11:15)
      at setItem (src/scripts/storage.js:8524:19)
      at tryStoreCandidate (src/scripts/storage.js:8540:13)
      at attemptBackupWrite (src/scripts/storage.js:8617:26)
      at saveJSONToStorage (src/scripts/storage.js:9469:3)
      at Object.saveDeviceData (tests/unit/storage.test.js:3658:5)

  console.warn
    MOCK SET: cameraPowerPlanner_cameraColors = {"A":"#aa0000","B":"#00aa00","C":"#0000aa","D":"#a

      61 |       return undefined;
      62 |     }
    > 63 |     return originalFn(...args);
         |            ^
      64 |   };
      65 | };
      66 |

      at console.<anonymous> (tests/setup/jest.setup.cjs:63:12)
      at console.apply [as warn] (src/scripts/modules/base.js:92:26)
      at Proxy.apply (src/scripts/modules/base.js:92:26)
      at Proxy.apply (src/scripts/modules/base.js:92:26)
      at Proxy.apply (src/scripts/modules/base.js:92:26)
      at Object.warn (tests/unit/storage.test.js:11:15)
      at Object.setItem (tests/unit/storage.test.js:3679:18)

  console.log
    DEBUG: getSafeLocalStorage returning object

      at Proxy.apply (src/scripts/modules/base.js:92:26)

  console.log
    DEBUG: getSafeLocalStorage returning object

      at Proxy.apply (src/scripts/modules/base.js:92:26)

  console.log
    DEBUG: getSafeLocalStorage returning object

      at Proxy.apply (src/scripts/modules/base.js:92:26)

  console.log
    DEBUG: getSafeLocalStorage returning object

      at Proxy.apply (src/scripts/modules/base.js:92:26)

  console.log
    DEBUG: getSafeLocalStorage returning object

      at Proxy.apply (src/scripts/modules/base.js:92:26)

  console.log
    DEBUG: getSafeLocalStorage returning object

      at Proxy.apply (src/scripts/modules/base.js:92:26)

  console.log
    DEBUG: getSafeLocalStorage returning object

      at Proxy.apply (src/scripts/modules/base.js:92:26)

  console.log
    DEBUG: getSafeLocalStorage returning object

      at Proxy.apply (src/scripts/modules/base.js:92:26)

  console.log
    DEBUG: getSafeLocalStorage returning object

      at Proxy.apply (src/scripts/modules/base.js:92:26)

  console.log
    DEBUG: getSafeLocalStorage returning object

      at Proxy.apply (src/scripts/modules/base.js:92:26)

  console.log
    DEBUG: getSafeLocalStorage returning object

      at Proxy.apply (src/scripts/modules/base.js:92:26)

  console.log
    DEBUG: getSafeLocalStorage returning object

      at Proxy.apply (src/scripts/modules/base.js:92:26)

  console.log
    DEBUG: getSafeLocalStorage returning object

      at Proxy.apply (src/scripts/modules/base.js:92:26)

  console.log
    DEBUG: getSafeLocalStorage returning object

      at Proxy.apply (src/scripts/modules/base.js:92:26)

  console.log
    DEBUG: getSafeLocalStorage returning object

      at Proxy.apply (src/scripts/modules/base.js:92:26)

  console.log
    DEBUG: getSafeLocalStorage returning object

      at Proxy.apply (src/scripts/modules/base.js:92:26)

  console.log
    DEBUG: getSafeLocalStorage returning object

      at Proxy.apply (src/scripts/modules/base.js:92:26)

  console.log
    DEBUG: getSafeLocalStorage returning object

      at Proxy.apply (src/scripts/modules/base.js:92:26)

  console.log
    DEBUG: getSafeLocalStorage returning object

      at Proxy.apply (src/scripts/modules/base.js:92:26)

  console.log
    DEBUG: getSafeLocalStorage returning object

      at Proxy.apply (src/scripts/modules/base.js:92:26)

  console.log
    DEBUG: getSafeLocalStorage returning object

      at Proxy.apply (src/scripts/modules/base.js:92:26)

  console.log
    DEBUG: getSafeLocalStorage returning object

      at Proxy.apply (src/scripts/modules/base.js:92:26)

  console.log
    DEBUG: getSafeLocalStorage returning object

      at Proxy.apply (src/scripts/modules/base.js:92:26)

  console.log
    DEBUG: getSafeLocalStorage returning object

      at Proxy.apply (src/scripts/modules/base.js:92:26)

  console.log
    DEBUG: getSafeLocalStorage returning object

      at Proxy.apply (src/scripts/modules/base.js:92:26)

  console.log
    DEBUG: readLocalStorageValue fallback for darkMode

      at Proxy.apply (src/scripts/modules/base.js:92:26)

  console.log
    DEBUG: legacyStorage available: true

      at Proxy.apply (src/scripts/modules/base.js:92:26)

  console.log
    DEBUG: legacyValue for darkMode : null

      at Proxy.apply (src/scripts/modules/base.js:92:26)

  console.log
    DEBUG: getSafeLocalStorage returning object

      at Proxy.apply (src/scripts/modules/base.js:92:26)

  console.log
    DEBUG: readLocalStorageValue fallback for pinkMode

      at Proxy.apply (src/scripts/modules/base.js:92:26)

  console.log
    DEBUG: legacyStorage available: true

      at Proxy.apply (src/scripts/modules/base.js:92:26)

  console.log
    DEBUG: legacyValue for pinkMode : null

      at Proxy.apply (src/scripts/modules/base.js:92:26)

  console.log
    DEBUG: getSafeLocalStorage returning object

      at Proxy.apply (src/scripts/modules/base.js:92:26)

  console.log
    DEBUG: readLocalStorageValue fallback for highContrast

      at Proxy.apply (src/scripts/modules/base.js:92:26)

  console.log
    DEBUG: legacyStorage available: true

      at Proxy.apply (src/scripts/modules/base.js:92:26)

  console.log
    DEBUG: legacyValue for highContrast : null

      at Proxy.apply (src/scripts/modules/base.js:92:26)

  console.log
    DEBUG: getSafeLocalStorage returning object

      at Proxy.apply (src/scripts/modules/base.js:92:26)

  console.log
    DEBUG: readLocalStorageValue fallback for reduceMotion

      at Proxy.apply (src/scripts/modules/base.js:92:26)

  console.log
    DEBUG: legacyStorage available: true

      at Proxy.apply (src/scripts/modules/base.js:92:26)

  console.log
    DEBUG: legacyValue for reduceMotion : null

      at Proxy.apply (src/scripts/modules/base.js:92:26)

  console.log
    DEBUG: getSafeLocalStorage returning object

      at Proxy.apply (src/scripts/modules/base.js:92:26)

  console.log
    DEBUG: readLocalStorageValue fallback for relaxedSpacing

      at Proxy.apply (src/scripts/modules/base.js:92:26)

  console.log
    DEBUG: legacyStorage available: true

      at Proxy.apply (src/scripts/modules/base.js:92:26)

  console.log
    DEBUG: legacyValue for relaxedSpacing : null

      at Proxy.apply (src/scripts/modules/base.js:92:26)

  console.log
    DEBUG: getSafeLocalStorage returning object

      at Proxy.apply (src/scripts/modules/base.js:92:26)

  console.log
    DEBUG: readLocalStorageValue fallback for showAutoBackups

      at Proxy.apply (src/scripts/modules/base.js:92:26)

  console.log
    DEBUG: legacyStorage available: true

      at Proxy.apply (src/scripts/modules/base.js:92:26)

  console.log
    DEBUG: legacyValue for showAutoBackups : null

      at Proxy.apply (src/scripts/modules/base.js:92:26)

  console.log
    DEBUG: getSafeLocalStorage returning object

      at Proxy.apply (src/scripts/modules/base.js:92:26)

  console.log
    DEBUG: readLocalStorageValue fallback for accentColor

      at Proxy.apply (src/scripts/modules/base.js:92:26)

  console.log
    DEBUG: legacyStorage available: true

      at Proxy.apply (src/scripts/modules/base.js:92:26)

  console.log
    DEBUG: legacyValue for accentColor : null

      at Proxy.apply (src/scripts/modules/base.js:92:26)

  console.log
    DEBUG: getSafeLocalStorage returning object

      at Proxy.apply (src/scripts/modules/base.js:92:26)

  console.log
    DEBUG: readLocalStorageValue fallback for fontSize

      at Proxy.apply (src/scripts/modules/base.js:92:26)

  console.log
    DEBUG: legacyStorage available: true

      at Proxy.apply (src/scripts/modules/base.js:92:26)

  console.log
    DEBUG: legacyValue for fontSize : null

      at Proxy.apply (src/scripts/modules/base.js:92:26)

  console.log
    DEBUG: getSafeLocalStorage returning object

      at Proxy.apply (src/scripts/modules/base.js:92:26)

  console.log
    DEBUG: readLocalStorageValue fallback for fontFamily

      at Proxy.apply (src/scripts/modules/base.js:92:26)

  console.log
    DEBUG: legacyStorage available: true

      at Proxy.apply (src/scripts/modules/base.js:92:26)

  console.log
    DEBUG: legacyValue for fontFamily : null

      at Proxy.apply (src/scripts/modules/base.js:92:26)

  console.log
    DEBUG: getSafeLocalStorage returning object

      at Proxy.apply (src/scripts/modules/base.js:92:26)

  console.log
    DEBUG: readLocalStorageValue fallback for language

      at Proxy.apply (src/scripts/modules/base.js:92:26)

  console.log
    DEBUG: legacyStorage available: true

      at Proxy.apply (src/scripts/modules/base.js:92:26)

  console.log
    DEBUG: legacyValue for language : null

      at Proxy.apply (src/scripts/modules/base.js:92:26)

  console.log
    DEBUG: getSafeLocalStorage returning object

      at Proxy.apply (src/scripts/modules/base.js:92:26)

  console.log
    DEBUG: getSafeLocalStorage returning object

      at Proxy.apply (src/scripts/modules/base.js:92:26)

  console.log
    DEBUG: readLocalStorageValue fallback for iosPwaHelpShown

      at Proxy.apply (src/scripts/modules/base.js:92:26)

  console.log
    DEBUG: legacyStorage available: true

      at Proxy.apply (src/scripts/modules/base.js:92:26)

  console.log
    DEBUG: legacyValue for iosPwaHelpShown : null

      at Proxy.apply (src/scripts/modules/base.js:92:26)

  console.log
    DEBUG: getSafeLocalStorage returning object

      at Proxy.apply (src/scripts/modules/base.js:92:26)

  console.log
    DEBUG: getSafeLocalStorage returning object

      at Proxy.apply (src/scripts/modules/base.js:92:26)

  console.log
    DEBUG: getSafeLocalStorage returning object

      at Proxy.apply (src/scripts/modules/base.js:92:26)

  console.log
    DEBUG: getSafeLocalStorage returning object

      at Proxy.apply (src/scripts/modules/base.js:92:26)

  console.log
    DEBUG: getSafeLocalStorage returning object

      at Proxy.apply (src/scripts/modules/base.js:92:26)

  console.log
    DEBUG: getSafeLocalStorage returning object

      at Proxy.apply (src/scripts/modules/base.js:92:26)

  console.error
    DEBUG: importAllData CALLED [
      'devices',
      'setups',
      'session',
      'feedback',
      'project',
      'favorites',
      'contacts',
      'ownGear',
      'autoGearRules',
      'autoGearBackups',
      'autoGearSeeded',
      'autoGearPresets',
      'autoGearMonitorDefaults',
      'autoGearActivePresetId',
      'autoGearAutoPresetId',
      'autoGearShowBackups',
      'autoGearBackupRetention',
      'fullBackupHistory',
      'preferences',
      'customLogo',
      'customFonts'
    ]

      61 |       return undefined;
      62 |     }
    > 63 |     return originalFn(...args);
         |            ^
      64 |   };
      65 | };
      66 |

      at console.<anonymous> (tests/setup/jest.setup.cjs:63:12)
      at Proxy.apply (src/scripts/modules/base.js:92:26)
      at error (src/scripts/storage.js:17633:11)
      at Object.importAllData (tests/unit/storage.test.js:3695:7)

  console.log
    DEBUG: getSafeLocalStorage returning object

      at Proxy.apply (src/scripts/modules/base.js:92:26)

  console.log
    DEBUG: getSafeLocalStorage returning object

      at Proxy.apply (src/scripts/modules/base.js:92:26)

  console.log
    DEBUG: getSafeLocalStorage returning object

      at Proxy.apply (src/scripts/modules/base.js:92:26)

  console.warn
    MOCK SET: cameraPowerPlanner_setups = {}

      61 |       return undefined;
      62 |     }
    > 63 |     return originalFn(...args);
         |            ^
      64 |   };
      65 | };
      66 |

      at console.<anonymous> (tests/setup/jest.setup.cjs:63:12)
      at console.apply [as warn] (src/scripts/modules/base.js:92:26)
      at Proxy.apply (src/scripts/modules/base.js:92:26)
      at Proxy.apply (src/scripts/modules/base.js:92:26)
      at Proxy.apply (src/scripts/modules/base.js:92:26)
      at Object.warn (tests/unit/storage.test.js:11:15)
      at setItem (src/scripts/storage.js:8463:17)
      at saveJSONToStorage (src/scripts/storage.js:9582:3)
      at saveSetups (src/scripts/storage.js:17677:5)
      at Object.importAllData (tests/unit/storage.test.js:3695:7)

  console.warn
    MOCK SET: cameraPowerPlanner_setups__backup = {}

      61 |       return undefined;
      62 |     }
    > 63 |     return originalFn(...args);
         |            ^
      64 |   };
      65 | };
      66 |

      at console.<anonymous> (tests/setup/jest.setup.cjs:63:12)
      at console.apply [as warn] (src/scripts/modules/base.js:92:26)
      at Proxy.apply (src/scripts/modules/base.js:92:26)
      at Proxy.apply (src/scripts/modules/base.js:92:26)
      at Proxy.apply (src/scripts/modules/base.js:92:26)
      at Object.warn (tests/unit/storage.test.js:11:15)
      at setItem (src/scripts/storage.js:8524:19)
      at tryStoreCandidate (src/scripts/storage.js:8540:13)
      at attemptBackupWrite (src/scripts/storage.js:8617:26)
      at saveJSONToStorage (src/scripts/storage.js:9582:3)
      at saveSetups (src/scripts/storage.js:17677:5)
      at Object.importAllData (tests/unit/storage.test.js:3695:7)

  console.log
    DEBUG: getSafeLocalStorage returning object

      at Proxy.apply (src/scripts/modules/base.js:92:26)

  console.log
    DEBUG: getSafeLocalStorage returning object

      at Proxy.apply (src/scripts/modules/base.js:92:26)

  console.log
    DEBUG: getSafeLocalStorage returning object

      at Proxy.apply (src/scripts/modules/base.js:92:26)

  console.warn
    MOCK SET: cameraPowerPlanner_feedback = {}

      61 |       return undefined;
      62 |     }
    > 63 |     return originalFn(...args);
         |            ^
      64 |   };
      65 | };
      66 |

      at console.<anonymous> (tests/setup/jest.setup.cjs:63:12)
      at console.apply [as warn] (src/scripts/modules/base.js:92:26)
      at Proxy.apply (src/scripts/modules/base.js:92:26)
      at Proxy.apply (src/scripts/modules/base.js:92:26)
      at Proxy.apply (src/scripts/modules/base.js:92:26)
      at Object.warn (tests/unit/storage.test.js:11:15)
      at setItem (src/scripts/storage.js:8463:17)
      at saveJSONToStorage (src/scripts/storage.js:14435:3)
      at saveFeedback (src/scripts/storage.js:17683:5)
      at Object.importAllData (tests/unit/storage.test.js:3695:7)

  console.warn
    MOCK SET: cameraPowerPlanner_feedback__backup = {}

      61 |       return undefined;
      62 |     }
    > 63 |     return originalFn(...args);
         |            ^
      64 |   };
      65 | };
      66 |

      at console.<anonymous> (tests/setup/jest.setup.cjs:63:12)
      at console.apply [as warn] (src/scripts/modules/base.js:92:26)
      at Proxy.apply (src/scripts/modules/base.js:92:26)
      at Proxy.apply (src/scripts/modules/base.js:92:26)
      at Proxy.apply (src/scripts/modules/base.js:92:26)
      at Object.warn (tests/unit/storage.test.js:11:15)
      at setItem (src/scripts/storage.js:8524:19)
      at tryStoreCandidate (src/scripts/storage.js:8540:13)
      at attemptBackupWrite (src/scripts/storage.js:8617:26)
      at saveJSONToStorage (src/scripts/storage.js:14435:3)
      at saveFeedback (src/scripts/storage.js:17683:5)
      at Object.importAllData (tests/unit/storage.test.js:3695:7)

  console.log
    DEBUG: getSafeLocalStorage returning object

      at Proxy.apply (src/scripts/modules/base.js:92:26)

  console.log
    DEBUG: getSafeLocalStorage returning object

      at Proxy.apply (src/scripts/modules/base.js:92:26)

  console.warn
    MOCK SET: cameraPowerPlanner_favorites = {}

      61 |       return undefined;
      62 |     }
    > 63 |     return originalFn(...args);
         |            ^
      64 |   };
      65 | };
      66 |

      at console.<anonymous> (tests/setup/jest.setup.cjs:63:12)
      at console.apply [as warn] (src/scripts/modules/base.js:92:26)
      at Proxy.apply (src/scripts/modules/base.js:92:26)
      at Proxy.apply (src/scripts/modules/base.js:92:26)
      at Proxy.apply (src/scripts/modules/base.js:92:26)
      at Object.warn (tests/unit/storage.test.js:11:15)
      at setItem (src/scripts/storage.js:8463:17)
      at saveJSONToStorage (src/scripts/storage.js:14019:3)
      at saveFavorites (src/scripts/storage.js:17686:5)
      at Object.importAllData (tests/unit/storage.test.js:3695:7)

  console.warn
    MOCK SET: cameraPowerPlanner_favorites__backup = {}

      61 |       return undefined;
      62 |     }
    > 63 |     return originalFn(...args);
         |            ^
      64 |   };
      65 | };
      66 |

      at console.<anonymous> (tests/setup/jest.setup.cjs:63:12)
      at console.apply [as warn] (src/scripts/modules/base.js:92:26)
      at Proxy.apply (src/scripts/modules/base.js:92:26)
      at Proxy.apply (src/scripts/modules/base.js:92:26)
      at Proxy.apply (src/scripts/modules/base.js:92:26)
      at Object.warn (tests/unit/storage.test.js:11:15)
      at setItem (src/scripts/storage.js:8524:19)
      at tryStoreCandidate (src/scripts/storage.js:8540:13)
      at attemptBackupWrite (src/scripts/storage.js:8617:26)
      at saveJSONToStorage (src/scripts/storage.js:14019:3)
      at saveFavorites (src/scripts/storage.js:17686:5)
      at Object.importAllData (tests/unit/storage.test.js:3695:7)

  console.log
    DEBUG: getSafeLocalStorage returning object

      at Proxy.apply (src/scripts/modules/base.js:92:26)

  console.log
    DEBUG: getSafeLocalStorage returning object

      at Proxy.apply (src/scripts/modules/base.js:92:26)

  console.warn
    MOCK SET: cameraPowerPlanner_contacts = []

      61 |       return undefined;
      62 |     }
    > 63 |     return originalFn(...args);
         |            ^
      64 |   };
      65 | };
      66 |

      at console.<anonymous> (tests/setup/jest.setup.cjs:63:12)
      at console.apply [as warn] (src/scripts/modules/base.js:92:26)
      at Proxy.apply (src/scripts/modules/base.js:92:26)
      at Proxy.apply (src/scripts/modules/base.js:92:26)
      at Proxy.apply (src/scripts/modules/base.js:92:26)
      at Object.warn (tests/unit/storage.test.js:11:15)
      at setItem (src/scripts/storage.js:8463:17)
      at saveJSONToStorage (src/scripts/storage.js:14273:3)
      at saveContacts (src/scripts/storage.js:17693:7)
      at Object.importAllData (tests/unit/storage.test.js:3695:7)

  console.warn
    MOCK SET: cameraPowerPlanner_contacts__backup = []

      61 |       return undefined;
      62 |     }
    > 63 |     return originalFn(...args);
         |            ^
      64 |   };
      65 | };
      66 |

      at console.<anonymous> (tests/setup/jest.setup.cjs:63:12)
      at console.apply [as warn] (src/scripts/modules/base.js:92:26)
      at Proxy.apply (src/scripts/modules/base.js:92:26)
      at Proxy.apply (src/scripts/modules/base.js:92:26)
      at Proxy.apply (src/scripts/modules/base.js:92:26)
      at Object.warn (tests/unit/storage.test.js:11:15)
      at setItem (src/scripts/storage.js:8524:19)
      at tryStoreCandidate (src/scripts/storage.js:8540:13)
      at attemptBackupWrite (src/scripts/storage.js:8617:26)
      at saveJSONToStorage (src/scripts/storage.js:14273:3)
      at saveContacts (src/scripts/storage.js:17693:7)
      at Object.importAllData (tests/unit/storage.test.js:3695:7)

  console.log
    DEBUG: getSafeLocalStorage returning object

      at Proxy.apply (src/scripts/modules/base.js:92:26)

  console.error
    DEBUG: safeSetLocalStorage EXEC cameraPowerPlanner_temperatureUnit fahrenheit

      61 |       return undefined;
      62 |     }
    > 63 |     return originalFn(...args);
         |            ^
      64 |   };
      65 | };
      66 |

      at console.<anonymous> (tests/setup/jest.setup.cjs:63:12)
      at Proxy.apply (src/scripts/modules/base.js:92:26)
      at error (src/scripts/storage.js:16657:11)
      at safeSetLocalStorage (src/scripts/storage.js:17747:11)
      at Object.importAllData (tests/unit/storage.test.js:3695:7)

  console.log
    DEBUG: isIndexedDB calculated: true

      at Proxy.apply (src/scripts/modules/base.js:92:26)

  console.warn
    Unable to persist storage key during import cameraPowerPlanner_temperatureUnit ReferenceError: AUTO_GEAR_SHOW_BACKUPS_STORAGE_KEY is not defined
        at AUTO_GEAR_SHOW_BACKUPS_STORAGE_KEY (/Users/lucazanner/Documents/GitHub/cine-power-planner/src/scripts/storage.js:16809:9)
        at safeSetLocalStorage (/Users/lucazanner/Documents/GitHub/cine-power-planner/src/scripts/storage.js:17747:11)
        at Object.importAllData (/Users/lucazanner/Documents/GitHub/cine-power-planner/tests/unit/storage.test.js:3695:7)
        at Promise.finally.completed (/Users/lucazanner/Documents/GitHub/cine-power-planner/node_modules/jest-circus/build/jestAdapterInit.js:1557:28)
        at new Promise (<anonymous>)
        at callAsyncCircusFn (/Users/lucazanner/Documents/GitHub/cine-power-planner/node_modules/jest-circus/build/jestAdapterInit.js:1497:10)
        at _callCircusTest (/Users/lucazanner/Documents/GitHub/cine-power-planner/node_modules/jest-circus/build/jestAdapterInit.js:1007:40)
        at _runTest (/Users/lucazanner/Documents/GitHub/cine-power-planner/node_modules/jest-circus/build/jestAdapterInit.js:947:3)
        at /Users/lucazanner/Documents/GitHub/cine-power-planner/node_modules/jest-circus/build/jestAdapterInit.js:849:7
        at _runTestsForDescribeBlock (/Users/lucazanner/Documents/GitHub/cine-power-planner/node_modules/jest-circus/build/jestAdapterInit.js:862:11)
        at _runTestsForDescribeBlock (/Users/lucazanner/Documents/GitHub/cine-power-planner/node_modules/jest-circus/build/jestAdapterInit.js:857:11)
        at run (/Users/lucazanner/Documents/GitHub/cine-power-planner/node_modules/jest-circus/build/jestAdapterInit.js:761:3)
        at runAndTransformResultsToJestFormat (/Users/lucazanner/Documents/GitHub/cine-power-planner/node_modules/jest-circus/build/jestAdapterInit.js:1918:21)
        at jestAdapter (/Users/lucazanner/Documents/GitHub/cine-power-planner/node_modules/jest-circus/build/runner.js:101:19)
        at runTestInternal (/Users/lucazanner/Documents/GitHub/cine-power-planner/node_modules/jest-runner/build/index.js:275:16)
        at runTest (/Users/lucazanner/Documents/GitHub/cine-power-planner/node_modules/jest-runner/build/index.js:343:7)

      61 |       return undefined;
      62 |     }
    > 63 |     return originalFn(...args);
         |            ^
      64 |   };
      65 | };
      66 |

      at console.<anonymous> (tests/setup/jest.setup.cjs:63:12)
      at console.apply [as warn] (src/scripts/modules/base.js:92:26)
      at Proxy.apply (src/scripts/modules/base.js:92:26)
      at Proxy.apply (src/scripts/modules/base.js:92:26)
      at Proxy.apply (src/scripts/modules/base.js:92:26)
      at warn (src/scripts/storage.js:16818:13)
      at safeSetLocalStorage (src/scripts/storage.js:17747:11)
      at Object.importAllData (tests/unit/storage.test.js:3695:7)

  console.warn
    MOCK SET: __storage_test__ = 1

      61 |       return undefined;
      62 |     }
    > 63 |     return originalFn(...args);
         |            ^
      64 |   };
      65 | };
      66 |

      at console.<anonymous> (tests/setup/jest.setup.cjs:63:12)
      at console.apply [as warn] (src/scripts/modules/base.js:92:26)
      at Proxy.apply (src/scripts/modules/base.js:92:26)
      at Proxy.apply (src/scripts/modules/base.js:92:26)
      at Proxy.apply (src/scripts/modules/base.js:92:26)
      at Object.warn (tests/unit/storage.test.js:11:15)
      at setItem (src/scripts/storage.js:5846:13)
      at verifyStorage (src/scripts/storage.js:6155:26)
      at downgradeSafeLocalStorageToMemory (src/scripts/storage.js:16819:5)
      at safeSetLocalStorage (src/scripts/storage.js:17747:11)
      at Object.importAllData (tests/unit/storage.test.js:3695:7)

  console.warn
    MOCK SET: cameraPowerPlanner_setups = {}

      61 |       return undefined;
      62 |     }
    > 63 |     return originalFn(...args);
         |            ^
      64 |   };
      65 | };
      66 |

      at console.<anonymous> (tests/setup/jest.setup.cjs:63:12)
      at console.apply [as warn] (src/scripts/modules/base.js:92:26)
      at Proxy.apply (src/scripts/modules/base.js:92:26)
      at Proxy.apply (src/scripts/modules/base.js:92:26)
      at Proxy.apply (src/scripts/modules/base.js:92:26)
      at Object.warn (tests/unit/storage.test.js:11:15)
      at setItem (src/scripts/storage.js:6179:25)
          at Array.forEach (<anonymous>)
      at forEach (src/scripts/storage.js:6172:25)
      at downgradeSafeLocalStorageToMemory (src/scripts/storage.js:16819:5)
      at safeSetLocalStorage (src/scripts/storage.js:17747:11)
      at Object.importAllData (tests/unit/storage.test.js:3695:7)

  console.warn
    MOCK SET: cameraPowerPlanner_setups__backup = {}

      61 |       return undefined;
      62 |     }
    > 63 |     return originalFn(...args);
         |            ^
      64 |   };
      65 | };
      66 |

      at console.<anonymous> (tests/setup/jest.setup.cjs:63:12)
      at console.apply [as warn] (src/scripts/modules/base.js:92:26)
      at Proxy.apply (src/scripts/modules/base.js:92:26)
      at Proxy.apply (src/scripts/modules/base.js:92:26)
      at Proxy.apply (src/scripts/modules/base.js:92:26)
      at Object.warn (tests/unit/storage.test.js:11:15)
      at setItem (src/scripts/storage.js:6179:25)
          at Array.forEach (<anonymous>)
      at forEach (src/scripts/storage.js:6172:25)
      at downgradeSafeLocalStorageToMemory (src/scripts/storage.js:16819:5)
      at safeSetLocalStorage (src/scripts/storage.js:17747:11)
      at Object.importAllData (tests/unit/storage.test.js:3695:7)

  console.warn
    MOCK SET: cameraPowerPlanner_feedback = {}

      61 |       return undefined;
      62 |     }
    > 63 |     return originalFn(...args);
         |            ^
      64 |   };
      65 | };
      66 |

      at console.<anonymous> (tests/setup/jest.setup.cjs:63:12)
      at console.apply [as warn] (src/scripts/modules/base.js:92:26)
      at Proxy.apply (src/scripts/modules/base.js:92:26)
      at Proxy.apply (src/scripts/modules/base.js:92:26)
      at Proxy.apply (src/scripts/modules/base.js:92:26)
      at Object.warn (tests/unit/storage.test.js:11:15)
      at setItem (src/scripts/storage.js:6179:25)
          at Array.forEach (<anonymous>)
      at forEach (src/scripts/storage.js:6172:25)
      at downgradeSafeLocalStorageToMemory (src/scripts/storage.js:16819:5)
      at safeSetLocalStorage (src/scripts/storage.js:17747:11)
      at Object.importAllData (tests/unit/storage.test.js:3695:7)

  console.warn
    MOCK SET: cameraPowerPlanner_feedback__backup = {}

      61 |       return undefined;
      62 |     }
    > 63 |     return originalFn(...args);
         |            ^
      64 |   };
      65 | };
      66 |

      at console.<anonymous> (tests/setup/jest.setup.cjs:63:12)
      at console.apply [as warn] (src/scripts/modules/base.js:92:26)
      at Proxy.apply (src/scripts/modules/base.js:92:26)
      at Proxy.apply (src/scripts/modules/base.js:92:26)
      at Proxy.apply (src/scripts/modules/base.js:92:26)
      at Object.warn (tests/unit/storage.test.js:11:15)
      at setItem (src/scripts/storage.js:6179:25)
          at Array.forEach (<anonymous>)
      at forEach (src/scripts/storage.js:6172:25)
      at downgradeSafeLocalStorageToMemory (src/scripts/storage.js:16819:5)
      at safeSetLocalStorage (src/scripts/storage.js:17747:11)
      at Object.importAllData (tests/unit/storage.test.js:3695:7)

  console.warn
    MOCK SET: cameraPowerPlanner_favorites = {}

      61 |       return undefined;
      62 |     }
    > 63 |     return originalFn(...args);
         |            ^
      64 |   };
      65 | };
      66 |

      at console.<anonymous> (tests/setup/jest.setup.cjs:63:12)
      at console.apply [as warn] (src/scripts/modules/base.js:92:26)
      at Proxy.apply (src/scripts/modules/base.js:92:26)
      at Proxy.apply (src/scripts/modules/base.js:92:26)
      at Proxy.apply (src/scripts/modules/base.js:92:26)
      at Object.warn (tests/unit/storage.test.js:11:15)
      at setItem (src/scripts/storage.js:6179:25)
          at Array.forEach (<anonymous>)
      at forEach (src/scripts/storage.js:6172:25)
      at downgradeSafeLocalStorageToMemory (src/scripts/storage.js:16819:5)
      at safeSetLocalStorage (src/scripts/storage.js:17747:11)
      at Object.importAllData (tests/unit/storage.test.js:3695:7)

  console.warn
    MOCK SET: cameraPowerPlanner_favorites__backup = {}

      61 |       return undefined;
      62 |     }
    > 63 |     return originalFn(...args);
         |            ^
      64 |   };
      65 | };
      66 |

      at console.<anonymous> (tests/setup/jest.setup.cjs:63:12)
      at console.apply [as warn] (src/scripts/modules/base.js:92:26)
      at Proxy.apply (src/scripts/modules/base.js:92:26)
      at Proxy.apply (src/scripts/modules/base.js:92:26)
      at Proxy.apply (src/scripts/modules/base.js:92:26)
      at Object.warn (tests/unit/storage.test.js:11:15)
      at setItem (src/scripts/storage.js:6179:25)
          at Array.forEach (<anonymous>)
      at forEach (src/scripts/storage.js:6172:25)
      at downgradeSafeLocalStorageToMemory (src/scripts/storage.js:16819:5)
      at safeSetLocalStorage (src/scripts/storage.js:17747:11)
      at Object.importAllData (tests/unit/storage.test.js:3695:7)

  console.warn
    MOCK SET: cameraPowerPlanner_contacts = []

      61 |       return undefined;
      62 |     }
    > 63 |     return originalFn(...args);
         |            ^
      64 |   };
      65 | };
      66 |

      at console.<anonymous> (tests/setup/jest.setup.cjs:63:12)
      at console.apply [as warn] (src/scripts/modules/base.js:92:26)
      at Proxy.apply (src/scripts/modules/base.js:92:26)
      at Proxy.apply (src/scripts/modules/base.js:92:26)
      at Proxy.apply (src/scripts/modules/base.js:92:26)
      at Object.warn (tests/unit/storage.test.js:11:15)
      at setItem (src/scripts/storage.js:6179:25)
          at Array.forEach (<anonymous>)
      at forEach (src/scripts/storage.js:6172:25)
      at downgradeSafeLocalStorageToMemory (src/scripts/storage.js:16819:5)
      at safeSetLocalStorage (src/scripts/storage.js:17747:11)
      at Object.importAllData (tests/unit/storage.test.js:3695:7)

  console.warn
    MOCK SET: cameraPowerPlanner_contacts__backup = []

      61 |       return undefined;
      62 |     }
    > 63 |     return originalFn(...args);
         |            ^
      64 |   };
      65 | };
      66 |

      at console.<anonymous> (tests/setup/jest.setup.cjs:63:12)
      at console.apply [as warn] (src/scripts/modules/base.js:92:26)
      at Proxy.apply (src/scripts/modules/base.js:92:26)
      at Proxy.apply (src/scripts/modules/base.js:92:26)
      at Proxy.apply (src/scripts/modules/base.js:92:26)
      at Object.warn (tests/unit/storage.test.js:11:15)
      at setItem (src/scripts/storage.js:6179:25)
          at Array.forEach (<anonymous>)
      at forEach (src/scripts/storage.js:6172:25)
      at downgradeSafeLocalStorageToMemory (src/scripts/storage.js:16819:5)
      at safeSetLocalStorage (src/scripts/storage.js:17747:11)
      at Object.importAllData (tests/unit/storage.test.js:3695:7)

  console.warn
    Downgraded planner storage to sessionStorage after write access errors. ReferenceError: AUTO_GEAR_SHOW_BACKUPS_STORAGE_KEY is not defined
        at AUTO_GEAR_SHOW_BACKUPS_STORAGE_KEY (/Users/lucazanner/Documents/GitHub/cine-power-planner/src/scripts/storage.js:16809:9)
        at safeSetLocalStorage (/Users/lucazanner/Documents/GitHub/cine-power-planner/src/scripts/storage.js:17747:11)
        at Object.importAllData (/Users/lucazanner/Documents/GitHub/cine-power-planner/tests/unit/storage.test.js:3695:7)
        at Promise.finally.completed (/Users/lucazanner/Documents/GitHub/cine-power-planner/node_modules/jest-circus/build/jestAdapterInit.js:1557:28)
        at new Promise (<anonymous>)
        at callAsyncCircusFn (/Users/lucazanner/Documents/GitHub/cine-power-planner/node_modules/jest-circus/build/jestAdapterInit.js:1497:10)
        at _callCircusTest (/Users/lucazanner/Documents/GitHub/cine-power-planner/node_modules/jest-circus/build/jestAdapterInit.js:1007:40)
        at _runTest (/Users/lucazanner/Documents/GitHub/cine-power-planner/node_modules/jest-circus/build/jestAdapterInit.js:947:3)
        at /Users/lucazanner/Documents/GitHub/cine-power-planner/node_modules/jest-circus/build/jestAdapterInit.js:849:7
        at _runTestsForDescribeBlock (/Users/lucazanner/Documents/GitHub/cine-power-planner/node_modules/jest-circus/build/jestAdapterInit.js:862:11)
        at _runTestsForDescribeBlock (/Users/lucazanner/Documents/GitHub/cine-power-planner/node_modules/jest-circus/build/jestAdapterInit.js:857:11)
        at run (/Users/lucazanner/Documents/GitHub/cine-power-planner/node_modules/jest-circus/build/jestAdapterInit.js:761:3)
        at runAndTransformResultsToJestFormat (/Users/lucazanner/Documents/GitHub/cine-power-planner/node_modules/jest-circus/build/jestAdapterInit.js:1918:21)
        at jestAdapter (/Users/lucazanner/Documents/GitHub/cine-power-planner/node_modules/jest-circus/build/runner.js:101:19)
        at runTestInternal (/Users/lucazanner/Documents/GitHub/cine-power-planner/node_modules/jest-runner/build/index.js:275:16)
        at runTest (/Users/lucazanner/Documents/GitHub/cine-power-planner/node_modules/jest-runner/build/index.js:343:7)

      61 |       return undefined;
      62 |     }
    > 63 |     return originalFn(...args);
         |            ^
      64 |   };
      65 | };
      66 |

      at console.<anonymous> (tests/setup/jest.setup.cjs:63:12)
      at console.apply [as warn] (src/scripts/modules/base.js:92:26)
      at Proxy.apply (src/scripts/modules/base.js:92:26)
      at Proxy.apply (src/scripts/modules/base.js:92:26)
      at Proxy.apply (src/scripts/modules/base.js:92:26)
      at warn (src/scripts/storage.js:6193:11)
      at downgradeSafeLocalStorageToMemory (src/scripts/storage.js:16819:5)
      at safeSetLocalStorage (src/scripts/storage.js:17747:11)
      at Object.importAllData (tests/unit/storage.test.js:3695:7)

  console.warn
    MOCK SET: __storage_test__ = 1

      61 |       return undefined;
      62 |     }
    > 63 |     return originalFn(...args);
         |            ^
      64 |   };
      65 | };
      66 |

      at console.<anonymous> (tests/setup/jest.setup.cjs:63:12)
      at console.apply [as warn] (src/scripts/modules/base.js:92:26)
      at Proxy.apply (src/scripts/modules/base.js:92:26)
      at Proxy.apply (src/scripts/modules/base.js:92:26)
      at Proxy.apply (src/scripts/modules/base.js:92:26)
      at Object.warn (tests/unit/storage.test.js:11:15)
      at setItem (src/scripts/storage.js:5846:13)
      at verifyStorage (src/scripts/storage.js:6228:18)
      at attemptLocalStorageUpgrade (src/scripts/storage.js:6286:5)
      at getSafeLocalStorage (src/scripts/storage.js:16652:19)
      at safeSetLocalStorage (src/scripts/storage.js:17794:17)
      at Object.importAllData (tests/unit/storage.test.js:3695:7)

  console.log
    DEBUG: getSafeLocalStorage returning object

      at Proxy.apply (src/scripts/modules/base.js:92:26)

  console.error
    DEBUG: safeSetLocalStorage EXEC cineRentalPrintSections {"sections":{"project":false,"devices":true,"diagram":false},"layout":"rental"}

      61 |       return undefined;
      62 |     }
    > 63 |     return originalFn(...args);
         |            ^
      64 |   };
      65 | };
      66 |

      at console.<anonymous> (tests/setup/jest.setup.cjs:63:12)
      at Proxy.apply (src/scripts/modules/base.js:92:26)
      at error (src/scripts/storage.js:16657:11)
      at safeSetLocalStorage (src/scripts/storage.js:17794:17)
      at Object.importAllData (tests/unit/storage.test.js:3695:7)

  console.log
    DEBUG: isIndexedDB calculated: true

      at Proxy.apply (src/scripts/modules/base.js:92:26)

  console.warn
    Unable to persist storage key during import cineRentalPrintSections ReferenceError: AUTO_GEAR_SHOW_BACKUPS_STORAGE_KEY is not defined
        at AUTO_GEAR_SHOW_BACKUPS_STORAGE_KEY (/Users/lucazanner/Documents/GitHub/cine-power-planner/src/scripts/storage.js:16809:9)
        at safeSetLocalStorage (/Users/lucazanner/Documents/GitHub/cine-power-planner/src/scripts/storage.js:17794:17)
        at Object.importAllData (/Users/lucazanner/Documents/GitHub/cine-power-planner/tests/unit/storage.test.js:3695:7)
        at Promise.finally.completed (/Users/lucazanner/Documents/GitHub/cine-power-planner/node_modules/jest-circus/build/jestAdapterInit.js:1557:28)
        at new Promise (<anonymous>)
        at callAsyncCircusFn (/Users/lucazanner/Documents/GitHub/cine-power-planner/node_modules/jest-circus/build/jestAdapterInit.js:1497:10)
        at _callCircusTest (/Users/lucazanner/Documents/GitHub/cine-power-planner/node_modules/jest-circus/build/jestAdapterInit.js:1007:40)
        at _runTest (/Users/lucazanner/Documents/GitHub/cine-power-planner/node_modules/jest-circus/build/jestAdapterInit.js:947:3)
        at /Users/lucazanner/Documents/GitHub/cine-power-planner/node_modules/jest-circus/build/jestAdapterInit.js:849:7
        at _runTestsForDescribeBlock (/Users/lucazanner/Documents/GitHub/cine-power-planner/node_modules/jest-circus/build/jestAdapterInit.js:862:11)
        at _runTestsForDescribeBlock (/Users/lucazanner/Documents/GitHub/cine-power-planner/node_modules/jest-circus/build/jestAdapterInit.js:857:11)
        at run (/Users/lucazanner/Documents/GitHub/cine-power-planner/node_modules/jest-circus/build/jestAdapterInit.js:761:3)
        at runAndTransformResultsToJestFormat (/Users/lucazanner/Documents/GitHub/cine-power-planner/node_modules/jest-circus/build/jestAdapterInit.js:1918:21)
        at jestAdapter (/Users/lucazanner/Documents/GitHub/cine-power-planner/node_modules/jest-circus/build/runner.js:101:19)
        at runTestInternal (/Users/lucazanner/Documents/GitHub/cine-power-planner/node_modules/jest-runner/build/index.js:275:16)
        at runTest (/Users/lucazanner/Documents/GitHub/cine-power-planner/node_modules/jest-runner/build/index.js:343:7)

      61 |       return undefined;
      62 |     }
    > 63 |     return originalFn(...args);
         |            ^
      64 |   };
      65 | };
      66 |

      at console.<anonymous> (tests/setup/jest.setup.cjs:63:12)
      at console.apply [as warn] (src/scripts/modules/base.js:92:26)
      at Proxy.apply (src/scripts/modules/base.js:92:26)
      at Proxy.apply (src/scripts/modules/base.js:92:26)
      at Proxy.apply (src/scripts/modules/base.js:92:26)
      at warn (src/scripts/storage.js:16818:13)
      at safeSetLocalStorage (src/scripts/storage.js:17794:17)
      at Object.importAllData (tests/unit/storage.test.js:3695:7)

  console.warn
    MOCK SET: __storage_test__ = 1

      61 |       return undefined;
      62 |     }
    > 63 |     return originalFn(...args);
         |            ^
      64 |   };
      65 | };
      66 |

      at console.<anonymous> (tests/setup/jest.setup.cjs:63:12)
      at console.apply [as warn] (src/scripts/modules/base.js:92:26)
      at Proxy.apply (src/scripts/modules/base.js:92:26)
      at Proxy.apply (src/scripts/modules/base.js:92:26)
      at Proxy.apply (src/scripts/modules/base.js:92:26)
      at Object.warn (tests/unit/storage.test.js:11:15)
      at setItem (src/scripts/storage.js:5846:13)
      at verifyStorage (src/scripts/storage.js:6155:26)
      at downgradeSafeLocalStorageToMemory (src/scripts/storage.js:16819:5)
      at safeSetLocalStorage (src/scripts/storage.js:17794:17)
      at Object.importAllData (tests/unit/storage.test.js:3695:7)

  console.warn
    MOCK SET: cameraPowerPlanner_setups = {}

      61 |       return undefined;
      62 |     }
    > 63 |     return originalFn(...args);
         |            ^
      64 |   };
      65 | };
      66 |

      at console.<anonymous> (tests/setup/jest.setup.cjs:63:12)
      at console.apply [as warn] (src/scripts/modules/base.js:92:26)
      at Proxy.apply (src/scripts/modules/base.js:92:26)
      at Proxy.apply (src/scripts/modules/base.js:92:26)
      at Proxy.apply (src/scripts/modules/base.js:92:26)
      at Object.warn (tests/unit/storage.test.js:11:15)
      at setItem (src/scripts/storage.js:6179:25)
          at Array.forEach (<anonymous>)
      at forEach (src/scripts/storage.js:6172:25)
      at downgradeSafeLocalStorageToMemory (src/scripts/storage.js:16819:5)
      at safeSetLocalStorage (src/scripts/storage.js:17794:17)
      at Object.importAllData (tests/unit/storage.test.js:3695:7)

  console.warn
    MOCK SET: cameraPowerPlanner_setups__backup = {}

      61 |       return undefined;
      62 |     }
    > 63 |     return originalFn(...args);
         |            ^
      64 |   };
      65 | };
      66 |

      at console.<anonymous> (tests/setup/jest.setup.cjs:63:12)
      at console.apply [as warn] (src/scripts/modules/base.js:92:26)
      at Proxy.apply (src/scripts/modules/base.js:92:26)
      at Proxy.apply (src/scripts/modules/base.js:92:26)
      at Proxy.apply (src/scripts/modules/base.js:92:26)
      at Object.warn (tests/unit/storage.test.js:11:15)
      at setItem (src/scripts/storage.js:6179:25)
          at Array.forEach (<anonymous>)
      at forEach (src/scripts/storage.js:6172:25)
      at downgradeSafeLocalStorageToMemory (src/scripts/storage.js:16819:5)
      at safeSetLocalStorage (src/scripts/storage.js:17794:17)
      at Object.importAllData (tests/unit/storage.test.js:3695:7)

  console.warn
    MOCK SET: cameraPowerPlanner_feedback = {}

      61 |       return undefined;
      62 |     }
    > 63 |     return originalFn(...args);
         |            ^
      64 |   };
      65 | };
      66 |

      at console.<anonymous> (tests/setup/jest.setup.cjs:63:12)
      at console.apply [as warn] (src/scripts/modules/base.js:92:26)
      at Proxy.apply (src/scripts/modules/base.js:92:26)
      at Proxy.apply (src/scripts/modules/base.js:92:26)
      at Proxy.apply (src/scripts/modules/base.js:92:26)
      at Object.warn (tests/unit/storage.test.js:11:15)
      at setItem (src/scripts/storage.js:6179:25)
          at Array.forEach (<anonymous>)
      at forEach (src/scripts/storage.js:6172:25)
      at downgradeSafeLocalStorageToMemory (src/scripts/storage.js:16819:5)
      at safeSetLocalStorage (src/scripts/storage.js:17794:17)
      at Object.importAllData (tests/unit/storage.test.js:3695:7)

  console.warn
    MOCK SET: cameraPowerPlanner_feedback__backup = {}

      61 |       return undefined;
      62 |     }
    > 63 |     return originalFn(...args);
         |            ^
      64 |   };
      65 | };
      66 |

      at console.<anonymous> (tests/setup/jest.setup.cjs:63:12)
      at console.apply [as warn] (src/scripts/modules/base.js:92:26)
      at Proxy.apply (src/scripts/modules/base.js:92:26)
      at Proxy.apply (src/scripts/modules/base.js:92:26)
      at Proxy.apply (src/scripts/modules/base.js:92:26)
      at Object.warn (tests/unit/storage.test.js:11:15)
      at setItem (src/scripts/storage.js:6179:25)
          at Array.forEach (<anonymous>)
      at forEach (src/scripts/storage.js:6172:25)
      at downgradeSafeLocalStorageToMemory (src/scripts/storage.js:16819:5)
      at safeSetLocalStorage (src/scripts/storage.js:17794:17)
      at Object.importAllData (tests/unit/storage.test.js:3695:7)

  console.warn
    MOCK SET: cameraPowerPlanner_favorites = {}

      61 |       return undefined;
      62 |     }
    > 63 |     return originalFn(...args);
         |            ^
      64 |   };
      65 | };
      66 |

      at console.<anonymous> (tests/setup/jest.setup.cjs:63:12)
      at console.apply [as warn] (src/scripts/modules/base.js:92:26)
      at Proxy.apply (src/scripts/modules/base.js:92:26)
      at Proxy.apply (src/scripts/modules/base.js:92:26)
      at Proxy.apply (src/scripts/modules/base.js:92:26)
      at Object.warn (tests/unit/storage.test.js:11:15)
      at setItem (src/scripts/storage.js:6179:25)
          at Array.forEach (<anonymous>)
      at forEach (src/scripts/storage.js:6172:25)
      at downgradeSafeLocalStorageToMemory (src/scripts/storage.js:16819:5)
      at safeSetLocalStorage (src/scripts/storage.js:17794:17)
      at Object.importAllData (tests/unit/storage.test.js:3695:7)

  console.warn
    MOCK SET: cameraPowerPlanner_favorites__backup = {}

      61 |       return undefined;
      62 |     }
    > 63 |     return originalFn(...args);
         |            ^
      64 |   };
      65 | };
      66 |

      at console.<anonymous> (tests/setup/jest.setup.cjs:63:12)
      at console.apply [as warn] (src/scripts/modules/base.js:92:26)
      at Proxy.apply (src/scripts/modules/base.js:92:26)
      at Proxy.apply (src/scripts/modules/base.js:92:26)
      at Proxy.apply (src/scripts/modules/base.js:92:26)
      at Object.warn (tests/unit/storage.test.js:11:15)
      at setItem (src/scripts/storage.js:6179:25)
          at Array.forEach (<anonymous>)
      at forEach (src/scripts/storage.js:6172:25)
      at downgradeSafeLocalStorageToMemory (src/scripts/storage.js:16819:5)
      at safeSetLocalStorage (src/scripts/storage.js:17794:17)
      at Object.importAllData (tests/unit/storage.test.js:3695:7)

  console.warn
    MOCK SET: cameraPowerPlanner_contacts = []

      61 |       return undefined;
      62 |     }
    > 63 |     return originalFn(...args);
         |            ^
      64 |   };
      65 | };
      66 |

      at console.<anonymous> (tests/setup/jest.setup.cjs:63:12)
      at console.apply [as warn] (src/scripts/modules/base.js:92:26)
      at Proxy.apply (src/scripts/modules/base.js:92:26)
      at Proxy.apply (src/scripts/modules/base.js:92:26)
      at Proxy.apply (src/scripts/modules/base.js:92:26)
      at Object.warn (tests/unit/storage.test.js:11:15)
      at setItem (src/scripts/storage.js:6179:25)
          at Array.forEach (<anonymous>)
      at forEach (src/scripts/storage.js:6172:25)
      at downgradeSafeLocalStorageToMemory (src/scripts/storage.js:16819:5)
      at safeSetLocalStorage (src/scripts/storage.js:17794:17)
      at Object.importAllData (tests/unit/storage.test.js:3695:7)

  console.warn
    MOCK SET: cameraPowerPlanner_contacts__backup = []

      61 |       return undefined;
      62 |     }
    > 63 |     return originalFn(...args);
         |            ^
      64 |   };
      65 | };
      66 |

      at console.<anonymous> (tests/setup/jest.setup.cjs:63:12)
      at console.apply [as warn] (src/scripts/modules/base.js:92:26)
      at Proxy.apply (src/scripts/modules/base.js:92:26)
      at Proxy.apply (src/scripts/modules/base.js:92:26)
      at Proxy.apply (src/scripts/modules/base.js:92:26)
      at Object.warn (tests/unit/storage.test.js:11:15)
      at setItem (src/scripts/storage.js:6179:25)
          at Array.forEach (<anonymous>)
      at forEach (src/scripts/storage.js:6172:25)
      at downgradeSafeLocalStorageToMemory (src/scripts/storage.js:16819:5)
      at safeSetLocalStorage (src/scripts/storage.js:17794:17)
      at Object.importAllData (tests/unit/storage.test.js:3695:7)

  console.warn
    Downgraded planner storage to sessionStorage after write access errors. ReferenceError: AUTO_GEAR_SHOW_BACKUPS_STORAGE_KEY is not defined
        at AUTO_GEAR_SHOW_BACKUPS_STORAGE_KEY (/Users/lucazanner/Documents/GitHub/cine-power-planner/src/scripts/storage.js:16809:9)
        at safeSetLocalStorage (/Users/lucazanner/Documents/GitHub/cine-power-planner/src/scripts/storage.js:17794:17)
        at Object.importAllData (/Users/lucazanner/Documents/GitHub/cine-power-planner/tests/unit/storage.test.js:3695:7)
        at Promise.finally.completed (/Users/lucazanner/Documents/GitHub/cine-power-planner/node_modules/jest-circus/build/jestAdapterInit.js:1557:28)
        at new Promise (<anonymous>)
        at callAsyncCircusFn (/Users/lucazanner/Documents/GitHub/cine-power-planner/node_modules/jest-circus/build/jestAdapterInit.js:1497:10)
        at _callCircusTest (/Users/lucazanner/Documents/GitHub/cine-power-planner/node_modules/jest-circus/build/jestAdapterInit.js:1007:40)
        at _runTest (/Users/lucazanner/Documents/GitHub/cine-power-planner/node_modules/jest-circus/build/jestAdapterInit.js:947:3)
        at /Users/lucazanner/Documents/GitHub/cine-power-planner/node_modules/jest-circus/build/jestAdapterInit.js:849:7
        at _runTestsForDescribeBlock (/Users/lucazanner/Documents/GitHub/cine-power-planner/node_modules/jest-circus/build/jestAdapterInit.js:862:11)
        at _runTestsForDescribeBlock (/Users/lucazanner/Documents/GitHub/cine-power-planner/node_modules/jest-circus/build/jestAdapterInit.js:857:11)
        at run (/Users/lucazanner/Documents/GitHub/cine-power-planner/node_modules/jest-circus/build/jestAdapterInit.js:761:3)
        at runAndTransformResultsToJestFormat (/Users/lucazanner/Documents/GitHub/cine-power-planner/node_modules/jest-circus/build/jestAdapterInit.js:1918:21)
        at jestAdapter (/Users/lucazanner/Documents/GitHub/cine-power-planner/node_modules/jest-circus/build/runner.js:101:19)
        at runTestInternal (/Users/lucazanner/Documents/GitHub/cine-power-planner/node_modules/jest-runner/build/index.js:275:16)
        at runTest (/Users/lucazanner/Documents/GitHub/cine-power-planner/node_modules/jest-runner/build/index.js:343:7)

      61 |       return undefined;
      62 |     }
    > 63 |     return originalFn(...args);
         |            ^
      64 |   };
      65 | };
      66 |

      at console.<anonymous> (tests/setup/jest.setup.cjs:63:12)
      at console.apply [as warn] (src/scripts/modules/base.js:92:26)
      at Proxy.apply (src/scripts/modules/base.js:92:26)
      at Proxy.apply (src/scripts/modules/base.js:92:26)
      at Proxy.apply (src/scripts/modules/base.js:92:26)
      at warn (src/scripts/storage.js:6193:11)
      at downgradeSafeLocalStorageToMemory (src/scripts/storage.js:16819:5)
      at safeSetLocalStorage (src/scripts/storage.js:17794:17)
      at Object.importAllData (tests/unit/storage.test.js:3695:7)

  console.warn
    MOCK SET: cameraPowerPlanner_cameraColors = {"A":"#aa0000","B":"#00aa00","C":"#0000aa","D":"#a

      61 |       return undefined;
      62 |     }
    > 63 |     return originalFn(...args);
         |            ^
      64 |   };
      65 | };
      66 |

      at console.<anonymous> (tests/setup/jest.setup.cjs:63:12)
      at console.apply [as warn] (src/scripts/modules/base.js:92:26)
      at Proxy.apply (src/scripts/modules/base.js:92:26)
      at Proxy.apply (src/scripts/modules/base.js:92:26)
      at Proxy.apply (src/scripts/modules/base.js:92:26)
      at Object.warn (tests/unit/storage.test.js:11:15)
      at Object.setItem (tests/unit/storage.test.js:3691:20)
      at setCameraLetterColors (src/scripts/storage.js:17868:20)
      at applyImportedCameraColors (src/scripts/storage.js:17896:9)
      at Object.importAllData (tests/unit/storage.test.js:3695:7)

  console.warn
    MOCK SET: __storage_test__ = 1

      61 |       return undefined;
      62 |     }
    > 63 |     return originalFn(...args);
         |            ^
      64 |   };
      65 | };
      66 |

      at console.<anonymous> (tests/setup/jest.setup.cjs:63:12)
      at console.apply [as warn] (src/scripts/modules/base.js:92:26)
      at Proxy.apply (src/scripts/modules/base.js:92:26)
      at Proxy.apply (src/scripts/modules/base.js:92:26)
      at Proxy.apply (src/scripts/modules/base.js:92:26)
      at Object.warn (tests/unit/storage.test.js:11:15)
      at setItem (src/scripts/storage.js:5846:13)
      at verifyStorage (src/scripts/storage.js:6228:18)
      at attemptLocalStorageUpgrade (src/scripts/storage.js:6286:5)
      at getSafeLocalStorage (src/scripts/storage.js:16652:19)
      at safeSetLocalStorage (src/scripts/storage.js:17886:13)
      at applyImportedCameraColors (src/scripts/storage.js:17896:9)
      at Object.importAllData (tests/unit/storage.test.js:3695:7)

  console.log
    DEBUG: getSafeLocalStorage returning object

      at Proxy.apply (src/scripts/modules/base.js:92:26)

  console.error
    DEBUG: safeSetLocalStorage EXEC cameraPowerPlanner_cameraColors {"A":"#aa0000","B":"#00aa00","C":"#0000aa","D":"#aaaa00"}

      61 |       return undefined;
      62 |     }
    > 63 |     return originalFn(...args);
         |            ^
      64 |   };
      65 | };
      66 |

      at console.<anonymous> (tests/setup/jest.setup.cjs:63:12)
      at Proxy.apply (src/scripts/modules/base.js:92:26)
      at error (src/scripts/storage.js:16657:11)
      at safeSetLocalStorage (src/scripts/storage.js:17886:13)
      at applyImportedCameraColors (src/scripts/storage.js:17896:9)
      at Object.importAllData (tests/unit/storage.test.js:3695:7)

  console.log
    DEBUG: isIndexedDB calculated: true

      at Proxy.apply (src/scripts/modules/base.js:92:26)

  console.warn
    Unable to persist storage key during import cameraPowerPlanner_cameraColors ReferenceError: AUTO_GEAR_SHOW_BACKUPS_STORAGE_KEY is not defined
        at AUTO_GEAR_SHOW_BACKUPS_STORAGE_KEY (/Users/lucazanner/Documents/GitHub/cine-power-planner/src/scripts/storage.js:16809:9)
        at safeSetLocalStorage (/Users/lucazanner/Documents/GitHub/cine-power-planner/src/scripts/storage.js:17886:13)
        at applyImportedCameraColors (/Users/lucazanner/Documents/GitHub/cine-power-planner/src/scripts/storage.js:17896:9)
        at Object.importAllData (/Users/lucazanner/Documents/GitHub/cine-power-planner/tests/unit/storage.test.js:3695:7)
        at Promise.finally.completed (/Users/lucazanner/Documents/GitHub/cine-power-planner/node_modules/jest-circus/build/jestAdapterInit.js:1557:28)
        at new Promise (<anonymous>)
        at callAsyncCircusFn (/Users/lucazanner/Documents/GitHub/cine-power-planner/node_modules/jest-circus/build/jestAdapterInit.js:1497:10)
        at _callCircusTest (/Users/lucazanner/Documents/GitHub/cine-power-planner/node_modules/jest-circus/build/jestAdapterInit.js:1007:40)
        at _runTest (/Users/lucazanner/Documents/GitHub/cine-power-planner/node_modules/jest-circus/build/jestAdapterInit.js:947:3)
        at /Users/lucazanner/Documents/GitHub/cine-power-planner/node_modules/jest-circus/build/jestAdapterInit.js:849:7
        at _runTestsForDescribeBlock (/Users/lucazanner/Documents/GitHub/cine-power-planner/node_modules/jest-circus/build/jestAdapterInit.js:862:11)
        at _runTestsForDescribeBlock (/Users/lucazanner/Documents/GitHub/cine-power-planner/node_modules/jest-circus/build/jestAdapterInit.js:857:11)
        at run (/Users/lucazanner/Documents/GitHub/cine-power-planner/node_modules/jest-circus/build/jestAdapterInit.js:761:3)
        at runAndTransformResultsToJestFormat (/Users/lucazanner/Documents/GitHub/cine-power-planner/node_modules/jest-circus/build/jestAdapterInit.js:1918:21)
        at jestAdapter (/Users/lucazanner/Documents/GitHub/cine-power-planner/node_modules/jest-circus/build/runner.js:101:19)
        at runTestInternal (/Users/lucazanner/Documents/GitHub/cine-power-planner/node_modules/jest-runner/build/index.js:275:16)
        at runTest (/Users/lucazanner/Documents/GitHub/cine-power-planner/node_modules/jest-runner/build/index.js:343:7)

      61 |       return undefined;
      62 |     }
    > 63 |     return originalFn(...args);
         |            ^
      64 |   };
      65 | };
      66 |

      at console.<anonymous> (tests/setup/jest.setup.cjs:63:12)
      at console.apply [as warn] (src/scripts/modules/base.js:92:26)
      at Proxy.apply (src/scripts/modules/base.js:92:26)
      at Proxy.apply (src/scripts/modules/base.js:92:26)
      at Proxy.apply (src/scripts/modules/base.js:92:26)
      at warn (src/scripts/storage.js:16818:13)
      at safeSetLocalStorage (src/scripts/storage.js:17886:13)
      at applyImportedCameraColors (src/scripts/storage.js:17896:9)
      at Object.importAllData (tests/unit/storage.test.js:3695:7)

  console.warn
    MOCK SET: __storage_test__ = 1

      61 |       return undefined;
      62 |     }
    > 63 |     return originalFn(...args);
         |            ^
      64 |   };
      65 | };
      66 |

      at console.<anonymous> (tests/setup/jest.setup.cjs:63:12)
      at console.apply [as warn] (src/scripts/modules/base.js:92:26)
      at Proxy.apply (src/scripts/modules/base.js:92:26)
      at Proxy.apply (src/scripts/modules/base.js:92:26)
      at Proxy.apply (src/scripts/modules/base.js:92:26)
      at Object.warn (tests/unit/storage.test.js:11:15)
      at setItem (src/scripts/storage.js:5846:13)
      at verifyStorage (src/scripts/storage.js:6155:26)
      at downgradeSafeLocalStorageToMemory (src/scripts/storage.js:16819:5)
      at safeSetLocalStorage (src/scripts/storage.js:17886:13)
      at applyImportedCameraColors (src/scripts/storage.js:17896:9)
      at Object.importAllData (tests/unit/storage.test.js:3695:7)

  console.warn
    MOCK SET: cameraPowerPlanner_setups = {}

      61 |       return undefined;
      62 |     }
    > 63 |     return originalFn(...args);
         |            ^
      64 |   };
      65 | };
      66 |

      at console.<anonymous> (tests/setup/jest.setup.cjs:63:12)
      at console.apply [as warn] (src/scripts/modules/base.js:92:26)
      at Proxy.apply (src/scripts/modules/base.js:92:26)
      at Proxy.apply (src/scripts/modules/base.js:92:26)
      at Proxy.apply (src/scripts/modules/base.js:92:26)
      at Object.warn (tests/unit/storage.test.js:11:15)
      at setItem (src/scripts/storage.js:6179:25)
          at Array.forEach (<anonymous>)
      at forEach (src/scripts/storage.js:6172:25)
      at downgradeSafeLocalStorageToMemory (src/scripts/storage.js:16819:5)
      at safeSetLocalStorage (src/scripts/storage.js:17886:13)
      at applyImportedCameraColors (src/scripts/storage.js:17896:9)
      at Object.importAllData (tests/unit/storage.test.js:3695:7)

  console.warn
    MOCK SET: cameraPowerPlanner_setups__backup = {}

      61 |       return undefined;
      62 |     }
    > 63 |     return originalFn(...args);
         |            ^
      64 |   };
      65 | };
      66 |

      at console.<anonymous> (tests/setup/jest.setup.cjs:63:12)
      at console.apply [as warn] (src/scripts/modules/base.js:92:26)
      at Proxy.apply (src/scripts/modules/base.js:92:26)
      at Proxy.apply (src/scripts/modules/base.js:92:26)
      at Proxy.apply (src/scripts/modules/base.js:92:26)
      at Object.warn (tests/unit/storage.test.js:11:15)
      at setItem (src/scripts/storage.js:6179:25)
          at Array.forEach (<anonymous>)
      at forEach (src/scripts/storage.js:6172:25)
      at downgradeSafeLocalStorageToMemory (src/scripts/storage.js:16819:5)
      at safeSetLocalStorage (src/scripts/storage.js:17886:13)
      at applyImportedCameraColors (src/scripts/storage.js:17896:9)
      at Object.importAllData (tests/unit/storage.test.js:3695:7)

  console.warn
    MOCK SET: cameraPowerPlanner_feedback = {}

      61 |       return undefined;
      62 |     }
    > 63 |     return originalFn(...args);
         |            ^
      64 |   };
      65 | };
      66 |

      at console.<anonymous> (tests/setup/jest.setup.cjs:63:12)
      at console.apply [as warn] (src/scripts/modules/base.js:92:26)
      at Proxy.apply (src/scripts/modules/base.js:92:26)
      at Proxy.apply (src/scripts/modules/base.js:92:26)
      at Proxy.apply (src/scripts/modules/base.js:92:26)
      at Object.warn (tests/unit/storage.test.js:11:15)
      at setItem (src/scripts/storage.js:6179:25)
          at Array.forEach (<anonymous>)
      at forEach (src/scripts/storage.js:6172:25)
      at downgradeSafeLocalStorageToMemory (src/scripts/storage.js:16819:5)
      at safeSetLocalStorage (src/scripts/storage.js:17886:13)
      at applyImportedCameraColors (src/scripts/storage.js:17896:9)
      at Object.importAllData (tests/unit/storage.test.js:3695:7)

  console.warn
    MOCK SET: cameraPowerPlanner_feedback__backup = {}

      61 |       return undefined;
      62 |     }
    > 63 |     return originalFn(...args);
         |            ^
      64 |   };
      65 | };
      66 |

      at console.<anonymous> (tests/setup/jest.setup.cjs:63:12)
      at console.apply [as warn] (src/scripts/modules/base.js:92:26)
      at Proxy.apply (src/scripts/modules/base.js:92:26)
      at Proxy.apply (src/scripts/modules/base.js:92:26)
      at Proxy.apply (src/scripts/modules/base.js:92:26)
      at Object.warn (tests/unit/storage.test.js:11:15)
      at setItem (src/scripts/storage.js:6179:25)
          at Array.forEach (<anonymous>)
      at forEach (src/scripts/storage.js:6172:25)
      at downgradeSafeLocalStorageToMemory (src/scripts/storage.js:16819:5)
      at safeSetLocalStorage (src/scripts/storage.js:17886:13)
      at applyImportedCameraColors (src/scripts/storage.js:17896:9)
      at Object.importAllData (tests/unit/storage.test.js:3695:7)

  console.warn
    MOCK SET: cameraPowerPlanner_favorites = {}

      61 |       return undefined;
      62 |     }
    > 63 |     return originalFn(...args);
         |            ^
      64 |   };
      65 | };
      66 |

      at console.<anonymous> (tests/setup/jest.setup.cjs:63:12)
      at console.apply [as warn] (src/scripts/modules/base.js:92:26)
      at Proxy.apply (src/scripts/modules/base.js:92:26)
      at Proxy.apply (src/scripts/modules/base.js:92:26)
      at Proxy.apply (src/scripts/modules/base.js:92:26)
      at Object.warn (tests/unit/storage.test.js:11:15)
      at setItem (src/scripts/storage.js:6179:25)
          at Array.forEach (<anonymous>)
      at forEach (src/scripts/storage.js:6172:25)
      at downgradeSafeLocalStorageToMemory (src/scripts/storage.js:16819:5)
      at safeSetLocalStorage (src/scripts/storage.js:17886:13)
      at applyImportedCameraColors (src/scripts/storage.js:17896:9)
      at Object.importAllData (tests/unit/storage.test.js:3695:7)

  console.warn
    MOCK SET: cameraPowerPlanner_favorites__backup = {}

      61 |       return undefined;
      62 |     }
    > 63 |     return originalFn(...args);
         |            ^
      64 |   };
      65 | };
      66 |

      at console.<anonymous> (tests/setup/jest.setup.cjs:63:12)
      at console.apply [as warn] (src/scripts/modules/base.js:92:26)
      at Proxy.apply (src/scripts/modules/base.js:92:26)
      at Proxy.apply (src/scripts/modules/base.js:92:26)
      at Proxy.apply (src/scripts/modules/base.js:92:26)
      at Object.warn (tests/unit/storage.test.js:11:15)
      at setItem (src/scripts/storage.js:6179:25)
          at Array.forEach (<anonymous>)
      at forEach (src/scripts/storage.js:6172:25)
      at downgradeSafeLocalStorageToMemory (src/scripts/storage.js:16819:5)
      at safeSetLocalStorage (src/scripts/storage.js:17886:13)
      at applyImportedCameraColors (src/scripts/storage.js:17896:9)
      at Object.importAllData (tests/unit/storage.test.js:3695:7)

  console.warn
    MOCK SET: cameraPowerPlanner_contacts = []

      61 |       return undefined;
      62 |     }
    > 63 |     return originalFn(...args);
         |            ^
      64 |   };
      65 | };
      66 |

      at console.<anonymous> (tests/setup/jest.setup.cjs:63:12)
      at console.apply [as warn] (src/scripts/modules/base.js:92:26)
      at Proxy.apply (src/scripts/modules/base.js:92:26)
      at Proxy.apply (src/scripts/modules/base.js:92:26)
      at Proxy.apply (src/scripts/modules/base.js:92:26)
      at Object.warn (tests/unit/storage.test.js:11:15)
      at setItem (src/scripts/storage.js:6179:25)
          at Array.forEach (<anonymous>)
      at forEach (src/scripts/storage.js:6172:25)
      at downgradeSafeLocalStorageToMemory (src/scripts/storage.js:16819:5)
      at safeSetLocalStorage (src/scripts/storage.js:17886:13)
      at applyImportedCameraColors (src/scripts/storage.js:17896:9)
      at Object.importAllData (tests/unit/storage.test.js:3695:7)

  console.warn
    MOCK SET: cameraPowerPlanner_contacts__backup = []

      61 |       return undefined;
      62 |     }
    > 63 |     return originalFn(...args);
         |            ^
      64 |   };
      65 | };
      66 |

      at console.<anonymous> (tests/setup/jest.setup.cjs:63:12)
      at console.apply [as warn] (src/scripts/modules/base.js:92:26)
      at Proxy.apply (src/scripts/modules/base.js:92:26)
      at Proxy.apply (src/scripts/modules/base.js:92:26)
      at Proxy.apply (src/scripts/modules/base.js:92:26)
      at Object.warn (tests/unit/storage.test.js:11:15)
      at setItem (src/scripts/storage.js:6179:25)
          at Array.forEach (<anonymous>)
      at forEach (src/scripts/storage.js:6172:25)
      at downgradeSafeLocalStorageToMemory (src/scripts/storage.js:16819:5)
      at safeSetLocalStorage (src/scripts/storage.js:17886:13)
      at applyImportedCameraColors (src/scripts/storage.js:17896:9)
      at Object.importAllData (tests/unit/storage.test.js:3695:7)

  console.warn
    MOCK SET: cameraPowerPlanner_cameraColors = {"A":"#aa0000","B":"#00aa00","C":"#0000aa","D":"#a

      61 |       return undefined;
      62 |     }
    > 63 |     return originalFn(...args);
         |            ^
      64 |   };
      65 | };
      66 |

      at console.<anonymous> (tests/setup/jest.setup.cjs:63:12)
      at console.apply [as warn] (src/scripts/modules/base.js:92:26)
      at Proxy.apply (src/scripts/modules/base.js:92:26)
      at Proxy.apply (src/scripts/modules/base.js:92:26)
      at Proxy.apply (src/scripts/modules/base.js:92:26)
      at Object.warn (tests/unit/storage.test.js:11:15)
      at setItem (src/scripts/storage.js:6179:25)
          at Array.forEach (<anonymous>)
      at forEach (src/scripts/storage.js:6172:25)
      at downgradeSafeLocalStorageToMemory (src/scripts/storage.js:16819:5)
      at safeSetLocalStorage (src/scripts/storage.js:17886:13)
      at applyImportedCameraColors (src/scripts/storage.js:17896:9)
      at Object.importAllData (tests/unit/storage.test.js:3695:7)

  console.warn
    Downgraded planner storage to sessionStorage after write access errors. ReferenceError: AUTO_GEAR_SHOW_BACKUPS_STORAGE_KEY is not defined
        at AUTO_GEAR_SHOW_BACKUPS_STORAGE_KEY (/Users/lucazanner/Documents/GitHub/cine-power-planner/src/scripts/storage.js:16809:9)
        at safeSetLocalStorage (/Users/lucazanner/Documents/GitHub/cine-power-planner/src/scripts/storage.js:17886:13)
        at applyImportedCameraColors (/Users/lucazanner/Documents/GitHub/cine-power-planner/src/scripts/storage.js:17896:9)
        at Object.importAllData (/Users/lucazanner/Documents/GitHub/cine-power-planner/tests/unit/storage.test.js:3695:7)
        at Promise.finally.completed (/Users/lucazanner/Documents/GitHub/cine-power-planner/node_modules/jest-circus/build/jestAdapterInit.js:1557:28)
        at new Promise (<anonymous>)
        at callAsyncCircusFn (/Users/lucazanner/Documents/GitHub/cine-power-planner/node_modules/jest-circus/build/jestAdapterInit.js:1497:10)
        at _callCircusTest (/Users/lucazanner/Documents/GitHub/cine-power-planner/node_modules/jest-circus/build/jestAdapterInit.js:1007:40)
        at _runTest (/Users/lucazanner/Documents/GitHub/cine-power-planner/node_modules/jest-circus/build/jestAdapterInit.js:947:3)
        at /Users/lucazanner/Documents/GitHub/cine-power-planner/node_modules/jest-circus/build/jestAdapterInit.js:849:7
        at _runTestsForDescribeBlock (/Users/lucazanner/Documents/GitHub/cine-power-planner/node_modules/jest-circus/build/jestAdapterInit.js:862:11)
        at _runTestsForDescribeBlock (/Users/lucazanner/Documents/GitHub/cine-power-planner/node_modules/jest-circus/build/jestAdapterInit.js:857:11)
        at run (/Users/lucazanner/Documents/GitHub/cine-power-planner/node_modules/jest-circus/build/jestAdapterInit.js:761:3)
        at runAndTransformResultsToJestFormat (/Users/lucazanner/Documents/GitHub/cine-power-planner/node_modules/jest-circus/build/jestAdapterInit.js:1918:21)
        at jestAdapter (/Users/lucazanner/Documents/GitHub/cine-power-planner/node_modules/jest-circus/build/runner.js:101:19)
        at runTestInternal (/Users/lucazanner/Documents/GitHub/cine-power-planner/node_modules/jest-runner/build/index.js:275:16)
        at runTest (/Users/lucazanner/Documents/GitHub/cine-power-planner/node_modules/jest-runner/build/index.js:343:7)

      61 |       return undefined;
      62 |     }
    > 63 |     return originalFn(...args);
         |            ^
      64 |   };
      65 | };
      66 |

      at console.<anonymous> (tests/setup/jest.setup.cjs:63:12)
      at console.apply [as warn] (src/scripts/modules/base.js:92:26)
      at Proxy.apply (src/scripts/modules/base.js:92:26)
      at Proxy.apply (src/scripts/modules/base.js:92:26)
      at Proxy.apply (src/scripts/modules/base.js:92:26)
      at warn (src/scripts/storage.js:6193:11)
      at downgradeSafeLocalStorageToMemory (src/scripts/storage.js:16819:5)
      at safeSetLocalStorage (src/scripts/storage.js:17886:13)
      at applyImportedCameraColors (src/scripts/storage.js:17896:9)
      at Object.importAllData (tests/unit/storage.test.js:3695:7)

  console.warn
    MOCK SET: __storage_test__ = 1

      61 |       return undefined;
      62 |     }
    > 63 |     return originalFn(...args);
         |            ^
      64 |   };
      65 | };
      66 |

      at console.<anonymous> (tests/setup/jest.setup.cjs:63:12)
      at console.apply [as warn] (src/scripts/modules/base.js:92:26)
      at Proxy.apply (src/scripts/modules/base.js:92:26)
      at Proxy.apply (src/scripts/modules/base.js:92:26)
      at Proxy.apply (src/scripts/modules/base.js:92:26)
      at Object.warn (tests/unit/storage.test.js:11:15)
      at setItem (src/scripts/storage.js:5846:13)
      at verifyStorage (src/scripts/storage.js:6228:18)
      at attemptLocalStorageUpgrade (src/scripts/storage.js:6286:5)
      at getSafeLocalStorage (src/scripts/storage.js:16652:19)
      at safeSetLocalStorage (src/scripts/storage.js:17925:7)
      at Object.importAllData (tests/unit/storage.test.js:3695:7)

  console.log
    DEBUG: getSafeLocalStorage returning object

      at Proxy.apply (src/scripts/modules/base.js:92:26)

  console.error
    DEBUG: safeSetLocalStorage EXEC customLogo data:image/png;base64,snapshot

      61 |       return undefined;
      62 |     }
    > 63 |     return originalFn(...args);
         |            ^
      64 |   };
      65 | };
      66 |

      at console.<anonymous> (tests/setup/jest.setup.cjs:63:12)
      at Proxy.apply (src/scripts/modules/base.js:92:26)
      at error (src/scripts/storage.js:16657:11)
      at safeSetLocalStorage (src/scripts/storage.js:17925:7)
      at Object.importAllData (tests/unit/storage.test.js:3695:7)

  console.log
    DEBUG: isIndexedDB calculated: true

      at Proxy.apply (src/scripts/modules/base.js:92:26)

  console.warn
    Unable to persist storage key during import customLogo ReferenceError: AUTO_GEAR_SHOW_BACKUPS_STORAGE_KEY is not defined
        at AUTO_GEAR_SHOW_BACKUPS_STORAGE_KEY (/Users/lucazanner/Documents/GitHub/cine-power-planner/src/scripts/storage.js:16809:9)
        at safeSetLocalStorage (/Users/lucazanner/Documents/GitHub/cine-power-planner/src/scripts/storage.js:17925:7)
        at Object.importAllData (/Users/lucazanner/Documents/GitHub/cine-power-planner/tests/unit/storage.test.js:3695:7)
        at Promise.finally.completed (/Users/lucazanner/Documents/GitHub/cine-power-planner/node_modules/jest-circus/build/jestAdapterInit.js:1557:28)
        at new Promise (<anonymous>)
        at callAsyncCircusFn (/Users/lucazanner/Documents/GitHub/cine-power-planner/node_modules/jest-circus/build/jestAdapterInit.js:1497:10)
        at _callCircusTest (/Users/lucazanner/Documents/GitHub/cine-power-planner/node_modules/jest-circus/build/jestAdapterInit.js:1007:40)
        at _runTest (/Users/lucazanner/Documents/GitHub/cine-power-planner/node_modules/jest-circus/build/jestAdapterInit.js:947:3)
        at /Users/lucazanner/Documents/GitHub/cine-power-planner/node_modules/jest-circus/build/jestAdapterInit.js:849:7
        at _runTestsForDescribeBlock (/Users/lucazanner/Documents/GitHub/cine-power-planner/node_modules/jest-circus/build/jestAdapterInit.js:862:11)
        at _runTestsForDescribeBlock (/Users/lucazanner/Documents/GitHub/cine-power-planner/node_modules/jest-circus/build/jestAdapterInit.js:857:11)
        at run (/Users/lucazanner/Documents/GitHub/cine-power-planner/node_modules/jest-circus/build/jestAdapterInit.js:761:3)
        at runAndTransformResultsToJestFormat (/Users/lucazanner/Documents/GitHub/cine-power-planner/node_modules/jest-circus/build/jestAdapterInit.js:1918:21)
        at jestAdapter (/Users/lucazanner/Documents/GitHub/cine-power-planner/node_modules/jest-circus/build/runner.js:101:19)
        at runTestInternal (/Users/lucazanner/Documents/GitHub/cine-power-planner/node_modules/jest-runner/build/index.js:275:16)
        at runTest (/Users/lucazanner/Documents/GitHub/cine-power-planner/node_modules/jest-runner/build/index.js:343:7)

      61 |       return undefined;
      62 |     }
    > 63 |     return originalFn(...args);
         |            ^
      64 |   };
      65 | };
      66 |

      at console.<anonymous> (tests/setup/jest.setup.cjs:63:12)
      at console.apply [as warn] (src/scripts/modules/base.js:92:26)
      at Proxy.apply (src/scripts/modules/base.js:92:26)
      at Proxy.apply (src/scripts/modules/base.js:92:26)
      at Proxy.apply (src/scripts/modules/base.js:92:26)
      at warn (src/scripts/storage.js:16818:13)
      at safeSetLocalStorage (src/scripts/storage.js:17925:7)
      at Object.importAllData (tests/unit/storage.test.js:3695:7)

  console.warn
    MOCK SET: __storage_test__ = 1

      61 |       return undefined;
      62 |     }
    > 63 |     return originalFn(...args);
         |            ^
      64 |   };
      65 | };
      66 |

      at console.<anonymous> (tests/setup/jest.setup.cjs:63:12)
      at console.apply [as warn] (src/scripts/modules/base.js:92:26)
      at Proxy.apply (src/scripts/modules/base.js:92:26)
      at Proxy.apply (src/scripts/modules/base.js:92:26)
      at Proxy.apply (src/scripts/modules/base.js:92:26)
      at Object.warn (tests/unit/storage.test.js:11:15)
      at setItem (src/scripts/storage.js:5846:13)
      at verifyStorage (src/scripts/storage.js:6155:26)
      at downgradeSafeLocalStorageToMemory (src/scripts/storage.js:16819:5)
      at safeSetLocalStorage (src/scripts/storage.js:17925:7)
      at Object.importAllData (tests/unit/storage.test.js:3695:7)

  console.warn
    MOCK SET: cameraPowerPlanner_setups = {}

      61 |       return undefined;
      62 |     }
    > 63 |     return originalFn(...args);
         |            ^
      64 |   };
      65 | };
      66 |

      at console.<anonymous> (tests/setup/jest.setup.cjs:63:12)
      at console.apply [as warn] (src/scripts/modules/base.js:92:26)
      at Proxy.apply (src/scripts/modules/base.js:92:26)
      at Proxy.apply (src/scripts/modules/base.js:92:26)
      at Proxy.apply (src/scripts/modules/base.js:92:26)
      at Object.warn (tests/unit/storage.test.js:11:15)
      at setItem (src/scripts/storage.js:6179:25)
          at Array.forEach (<anonymous>)
      at forEach (src/scripts/storage.js:6172:25)
      at downgradeSafeLocalStorageToMemory (src/scripts/storage.js:16819:5)
      at safeSetLocalStorage (src/scripts/storage.js:17925:7)
      at Object.importAllData (tests/unit/storage.test.js:3695:7)

  console.warn
    MOCK SET: cameraPowerPlanner_setups__backup = {}

      61 |       return undefined;
      62 |     }
    > 63 |     return originalFn(...args);
         |            ^
      64 |   };
      65 | };
      66 |

      at console.<anonymous> (tests/setup/jest.setup.cjs:63:12)
      at console.apply [as warn] (src/scripts/modules/base.js:92:26)
      at Proxy.apply (src/scripts/modules/base.js:92:26)
      at Proxy.apply (src/scripts/modules/base.js:92:26)
      at Proxy.apply (src/scripts/modules/base.js:92:26)
      at Object.warn (tests/unit/storage.test.js:11:15)
      at setItem (src/scripts/storage.js:6179:25)
          at Array.forEach (<anonymous>)
      at forEach (src/scripts/storage.js:6172:25)
      at downgradeSafeLocalStorageToMemory (src/scripts/storage.js:16819:5)
      at safeSetLocalStorage (src/scripts/storage.js:17925:7)
      at Object.importAllData (tests/unit/storage.test.js:3695:7)

  console.warn
    MOCK SET: cameraPowerPlanner_feedback = {}

      61 |       return undefined;
      62 |     }
    > 63 |     return originalFn(...args);
         |            ^
      64 |   };
      65 | };
      66 |

      at console.<anonymous> (tests/setup/jest.setup.cjs:63:12)
      at console.apply [as warn] (src/scripts/modules/base.js:92:26)
      at Proxy.apply (src/scripts/modules/base.js:92:26)
      at Proxy.apply (src/scripts/modules/base.js:92:26)
      at Proxy.apply (src/scripts/modules/base.js:92:26)
      at Object.warn (tests/unit/storage.test.js:11:15)
      at setItem (src/scripts/storage.js:6179:25)
          at Array.forEach (<anonymous>)
      at forEach (src/scripts/storage.js:6172:25)
      at downgradeSafeLocalStorageToMemory (src/scripts/storage.js:16819:5)
      at safeSetLocalStorage (src/scripts/storage.js:17925:7)
      at Object.importAllData (tests/unit/storage.test.js:3695:7)

  console.warn
    MOCK SET: cameraPowerPlanner_feedback__backup = {}

      61 |       return undefined;
      62 |     }
    > 63 |     return originalFn(...args);
         |            ^
      64 |   };
      65 | };
      66 |

      at console.<anonymous> (tests/setup/jest.setup.cjs:63:12)
      at console.apply [as warn] (src/scripts/modules/base.js:92:26)
      at Proxy.apply (src/scripts/modules/base.js:92:26)
      at Proxy.apply (src/scripts/modules/base.js:92:26)
      at Proxy.apply (src/scripts/modules/base.js:92:26)
      at Object.warn (tests/unit/storage.test.js:11:15)
      at setItem (src/scripts/storage.js:6179:25)
          at Array.forEach (<anonymous>)
      at forEach (src/scripts/storage.js:6172:25)
      at downgradeSafeLocalStorageToMemory (src/scripts/storage.js:16819:5)
      at safeSetLocalStorage (src/scripts/storage.js:17925:7)
      at Object.importAllData (tests/unit/storage.test.js:3695:7)

  console.warn
    MOCK SET: cameraPowerPlanner_favorites = {}

      61 |       return undefined;
      62 |     }
    > 63 |     return originalFn(...args);
         |            ^
      64 |   };
      65 | };
      66 |

      at console.<anonymous> (tests/setup/jest.setup.cjs:63:12)
      at console.apply [as warn] (src/scripts/modules/base.js:92:26)
      at Proxy.apply (src/scripts/modules/base.js:92:26)
      at Proxy.apply (src/scripts/modules/base.js:92:26)
      at Proxy.apply (src/scripts/modules/base.js:92:26)
      at Object.warn (tests/unit/storage.test.js:11:15)
      at setItem (src/scripts/storage.js:6179:25)
          at Array.forEach (<anonymous>)
      at forEach (src/scripts/storage.js:6172:25)
      at downgradeSafeLocalStorageToMemory (src/scripts/storage.js:16819:5)
      at safeSetLocalStorage (src/scripts/storage.js:17925:7)
      at Object.importAllData (tests/unit/storage.test.js:3695:7)

  console.warn
    MOCK SET: cameraPowerPlanner_favorites__backup = {}

      61 |       return undefined;
      62 |     }
    > 63 |     return originalFn(...args);
         |            ^
      64 |   };
      65 | };
      66 |

      at console.<anonymous> (tests/setup/jest.setup.cjs:63:12)
      at console.apply [as warn] (src/scripts/modules/base.js:92:26)
      at Proxy.apply (src/scripts/modules/base.js:92:26)
      at Proxy.apply (src/scripts/modules/base.js:92:26)
      at Proxy.apply (src/scripts/modules/base.js:92:26)
      at Object.warn (tests/unit/storage.test.js:11:15)
      at setItem (src/scripts/storage.js:6179:25)
          at Array.forEach (<anonymous>)
      at forEach (src/scripts/storage.js:6172:25)
      at downgradeSafeLocalStorageToMemory (src/scripts/storage.js:16819:5)
      at safeSetLocalStorage (src/scripts/storage.js:17925:7)
      at Object.importAllData (tests/unit/storage.test.js:3695:7)

  console.warn
    MOCK SET: cameraPowerPlanner_contacts = []

      61 |       return undefined;
      62 |     }
    > 63 |     return originalFn(...args);
         |            ^
      64 |   };
      65 | };
      66 |

      at console.<anonymous> (tests/setup/jest.setup.cjs:63:12)
      at console.apply [as warn] (src/scripts/modules/base.js:92:26)
      at Proxy.apply (src/scripts/modules/base.js:92:26)
      at Proxy.apply (src/scripts/modules/base.js:92:26)
      at Proxy.apply (src/scripts/modules/base.js:92:26)
      at Object.warn (tests/unit/storage.test.js:11:15)
      at setItem (src/scripts/storage.js:6179:25)
          at Array.forEach (<anonymous>)
      at forEach (src/scripts/storage.js:6172:25)
      at downgradeSafeLocalStorageToMemory (src/scripts/storage.js:16819:5)
      at safeSetLocalStorage (src/scripts/storage.js:17925:7)
      at Object.importAllData (tests/unit/storage.test.js:3695:7)

  console.warn
    MOCK SET: cameraPowerPlanner_contacts__backup = []

      61 |       return undefined;
      62 |     }
    > 63 |     return originalFn(...args);
         |            ^
      64 |   };
      65 | };
      66 |

      at console.<anonymous> (tests/setup/jest.setup.cjs:63:12)
      at console.apply [as warn] (src/scripts/modules/base.js:92:26)
      at Proxy.apply (src/scripts/modules/base.js:92:26)
      at Proxy.apply (src/scripts/modules/base.js:92:26)
      at Proxy.apply (src/scripts/modules/base.js:92:26)
      at Object.warn (tests/unit/storage.test.js:11:15)
      at setItem (src/scripts/storage.js:6179:25)
          at Array.forEach (<anonymous>)
      at forEach (src/scripts/storage.js:6172:25)
      at downgradeSafeLocalStorageToMemory (src/scripts/storage.js:16819:5)
      at safeSetLocalStorage (src/scripts/storage.js:17925:7)
      at Object.importAllData (tests/unit/storage.test.js:3695:7)

  console.warn
    MOCK SET: cameraPowerPlanner_cameraColors = {"A":"#aa0000","B":"#00aa00","C":"#0000aa","D":"#a

      61 |       return undefined;
      62 |     }
    > 63 |     return originalFn(...args);
         |            ^
      64 |   };
      65 | };
      66 |

      at console.<anonymous> (tests/setup/jest.setup.cjs:63:12)
      at console.apply [as warn] (src/scripts/modules/base.js:92:26)
      at Proxy.apply (src/scripts/modules/base.js:92:26)
      at Proxy.apply (src/scripts/modules/base.js:92:26)
      at Proxy.apply (src/scripts/modules/base.js:92:26)
      at Object.warn (tests/unit/storage.test.js:11:15)
      at setItem (src/scripts/storage.js:6179:25)
          at Array.forEach (<anonymous>)
      at forEach (src/scripts/storage.js:6172:25)
      at downgradeSafeLocalStorageToMemory (src/scripts/storage.js:16819:5)
      at safeSetLocalStorage (src/scripts/storage.js:17925:7)
      at Object.importAllData (tests/unit/storage.test.js:3695:7)

  console.warn
    Downgraded planner storage to sessionStorage after write access errors. ReferenceError: AUTO_GEAR_SHOW_BACKUPS_STORAGE_KEY is not defined
        at AUTO_GEAR_SHOW_BACKUPS_STORAGE_KEY (/Users/lucazanner/Documents/GitHub/cine-power-planner/src/scripts/storage.js:16809:9)
        at safeSetLocalStorage (/Users/lucazanner/Documents/GitHub/cine-power-planner/src/scripts/storage.js:17925:7)
        at Object.importAllData (/Users/lucazanner/Documents/GitHub/cine-power-planner/tests/unit/storage.test.js:3695:7)
        at Promise.finally.completed (/Users/lucazanner/Documents/GitHub/cine-power-planner/node_modules/jest-circus/build/jestAdapterInit.js:1557:28)
        at new Promise (<anonymous>)
        at callAsyncCircusFn (/Users/lucazanner/Documents/GitHub/cine-power-planner/node_modules/jest-circus/build/jestAdapterInit.js:1497:10)
        at _callCircusTest (/Users/lucazanner/Documents/GitHub/cine-power-planner/node_modules/jest-circus/build/jestAdapterInit.js:1007:40)
        at _runTest (/Users/lucazanner/Documents/GitHub/cine-power-planner/node_modules/jest-circus/build/jestAdapterInit.js:947:3)
        at /Users/lucazanner/Documents/GitHub/cine-power-planner/node_modules/jest-circus/build/jestAdapterInit.js:849:7
        at _runTestsForDescribeBlock (/Users/lucazanner/Documents/GitHub/cine-power-planner/node_modules/jest-circus/build/jestAdapterInit.js:862:11)
        at _runTestsForDescribeBlock (/Users/lucazanner/Documents/GitHub/cine-power-planner/node_modules/jest-circus/build/jestAdapterInit.js:857:11)
        at run (/Users/lucazanner/Documents/GitHub/cine-power-planner/node_modules/jest-circus/build/jestAdapterInit.js:761:3)
        at runAndTransformResultsToJestFormat (/Users/lucazanner/Documents/GitHub/cine-power-planner/node_modules/jest-circus/build/jestAdapterInit.js:1918:21)
        at jestAdapter (/Users/lucazanner/Documents/GitHub/cine-power-planner/node_modules/jest-circus/build/runner.js:101:19)
        at runTestInternal (/Users/lucazanner/Documents/GitHub/cine-power-planner/node_modules/jest-runner/build/index.js:275:16)
        at runTest (/Users/lucazanner/Documents/GitHub/cine-power-planner/node_modules/jest-runner/build/index.js:343:7)

      61 |       return undefined;
      62 |     }
    > 63 |     return originalFn(...args);
         |            ^
      64 |   };
      65 | };
      66 |

      at console.<anonymous> (tests/setup/jest.setup.cjs:63:12)
      at console.apply [as warn] (src/scripts/modules/base.js:92:26)
      at Proxy.apply (src/scripts/modules/base.js:92:26)
      at Proxy.apply (src/scripts/modules/base.js:92:26)
      at Proxy.apply (src/scripts/modules/base.js:92:26)
      at warn (src/scripts/storage.js:6193:11)
      at downgradeSafeLocalStorageToMemory (src/scripts/storage.js:16819:5)
      at safeSetLocalStorage (src/scripts/storage.js:17925:7)
      at Object.importAllData (tests/unit/storage.test.js:3695:7)

  console.warn
    MOCK SET: __storage_test__ = 1

      61 |       return undefined;
      62 |     }
    > 63 |     return originalFn(...args);
         |            ^
      64 |   };
      65 | };
      66 |

      at console.<anonymous> (tests/setup/jest.setup.cjs:63:12)
      at console.apply [as warn] (src/scripts/modules/base.js:92:26)
      at Proxy.apply (src/scripts/modules/base.js:92:26)
      at Proxy.apply (src/scripts/modules/base.js:92:26)
      at Proxy.apply (src/scripts/modules/base.js:92:26)
      at Object.warn (tests/unit/storage.test.js:11:15)
      at setItem (src/scripts/storage.js:5846:13)
      at verifyStorage (src/scripts/storage.js:6228:18)
      at attemptLocalStorageUpgrade (src/scripts/storage.js:6286:5)
      at getSafeLocalStorage (src/scripts/storage.js:16652:19)
      at safeSetLocalStorage (src/scripts/storage.js:17934:9)
      at Object.importAllData (tests/unit/storage.test.js:3695:7)

  console.log
    DEBUG: getSafeLocalStorage returning object

      at Proxy.apply (src/scripts/modules/base.js:92:26)

  console.error
    DEBUG: safeSetLocalStorage EXEC cameraPowerPlanner_customFonts [{"id":"snap-font","name":"Snapshot Font","data":"data:font/woff;base64,AAAA"}]

      61 |       return undefined;
      62 |     }
    > 63 |     return originalFn(...args);
         |            ^
      64 |   };
      65 | };
      66 |

      at console.<anonymous> (tests/setup/jest.setup.cjs:63:12)
      at Proxy.apply (src/scripts/modules/base.js:92:26)
      at error (src/scripts/storage.js:16657:11)
      at safeSetLocalStorage (src/scripts/storage.js:17934:9)
      at Object.importAllData (tests/unit/storage.test.js:3695:7)

  console.log
    DEBUG: isIndexedDB calculated: true

      at Proxy.apply (src/scripts/modules/base.js:92:26)

  console.warn
    Unable to persist storage key during import cameraPowerPlanner_customFonts ReferenceError: AUTO_GEAR_SHOW_BACKUPS_STORAGE_KEY is not defined
        at AUTO_GEAR_SHOW_BACKUPS_STORAGE_KEY (/Users/lucazanner/Documents/GitHub/cine-power-planner/src/scripts/storage.js:16809:9)
        at safeSetLocalStorage (/Users/lucazanner/Documents/GitHub/cine-power-planner/src/scripts/storage.js:17934:9)
        at Object.importAllData (/Users/lucazanner/Documents/GitHub/cine-power-planner/tests/unit/storage.test.js:3695:7)
        at Promise.finally.completed (/Users/lucazanner/Documents/GitHub/cine-power-planner/node_modules/jest-circus/build/jestAdapterInit.js:1557:28)
        at new Promise (<anonymous>)
        at callAsyncCircusFn (/Users/lucazanner/Documents/GitHub/cine-power-planner/node_modules/jest-circus/build/jestAdapterInit.js:1497:10)
        at _callCircusTest (/Users/lucazanner/Documents/GitHub/cine-power-planner/node_modules/jest-circus/build/jestAdapterInit.js:1007:40)
        at _runTest (/Users/lucazanner/Documents/GitHub/cine-power-planner/node_modules/jest-circus/build/jestAdapterInit.js:947:3)
        at /Users/lucazanner/Documents/GitHub/cine-power-planner/node_modules/jest-circus/build/jestAdapterInit.js:849:7
        at _runTestsForDescribeBlock (/Users/lucazanner/Documents/GitHub/cine-power-planner/node_modules/jest-circus/build/jestAdapterInit.js:862:11)
        at _runTestsForDescribeBlock (/Users/lucazanner/Documents/GitHub/cine-power-planner/node_modules/jest-circus/build/jestAdapterInit.js:857:11)
        at run (/Users/lucazanner/Documents/GitHub/cine-power-planner/node_modules/jest-circus/build/jestAdapterInit.js:761:3)
        at runAndTransformResultsToJestFormat (/Users/lucazanner/Documents/GitHub/cine-power-planner/node_modules/jest-circus/build/jestAdapterInit.js:1918:21)
        at jestAdapter (/Users/lucazanner/Documents/GitHub/cine-power-planner/node_modules/jest-circus/build/runner.js:101:19)
        at runTestInternal (/Users/lucazanner/Documents/GitHub/cine-power-planner/node_modules/jest-runner/build/index.js:275:16)
        at runTest (/Users/lucazanner/Documents/GitHub/cine-power-planner/node_modules/jest-runner/build/index.js:343:7)

      61 |       return undefined;
      62 |     }
    > 63 |     return originalFn(...args);
         |            ^
      64 |   };
      65 | };
      66 |

      at console.<anonymous> (tests/setup/jest.setup.cjs:63:12)
      at console.apply [as warn] (src/scripts/modules/base.js:92:26)
      at Proxy.apply (src/scripts/modules/base.js:92:26)
      at Proxy.apply (src/scripts/modules/base.js:92:26)
      at Proxy.apply (src/scripts/modules/base.js:92:26)
      at warn (src/scripts/storage.js:16818:13)
      at safeSetLocalStorage (src/scripts/storage.js:17934:9)
      at Object.importAllData (tests/unit/storage.test.js:3695:7)

  console.warn
    MOCK SET: __storage_test__ = 1

      61 |       return undefined;
      62 |     }
    > 63 |     return originalFn(...args);
         |            ^
      64 |   };
      65 | };
      66 |

      at console.<anonymous> (tests/setup/jest.setup.cjs:63:12)
      at console.apply [as warn] (src/scripts/modules/base.js:92:26)
      at Proxy.apply (src/scripts/modules/base.js:92:26)
      at Proxy.apply (src/scripts/modules/base.js:92:26)
      at Proxy.apply (src/scripts/modules/base.js:92:26)
      at Object.warn (tests/unit/storage.test.js:11:15)
      at setItem (src/scripts/storage.js:5846:13)
      at verifyStorage (src/scripts/storage.js:6155:26)
      at downgradeSafeLocalStorageToMemory (src/scripts/storage.js:16819:5)
      at safeSetLocalStorage (src/scripts/storage.js:17934:9)
      at Object.importAllData (tests/unit/storage.test.js:3695:7)

  console.warn
    MOCK SET: cameraPowerPlanner_setups = {}

      61 |       return undefined;
      62 |     }
    > 63 |     return originalFn(...args);
         |            ^
      64 |   };
      65 | };
      66 |

      at console.<anonymous> (tests/setup/jest.setup.cjs:63:12)
      at console.apply [as warn] (src/scripts/modules/base.js:92:26)
      at Proxy.apply (src/scripts/modules/base.js:92:26)
      at Proxy.apply (src/scripts/modules/base.js:92:26)
      at Proxy.apply (src/scripts/modules/base.js:92:26)
      at Object.warn (tests/unit/storage.test.js:11:15)
      at setItem (src/scripts/storage.js:6179:25)
          at Array.forEach (<anonymous>)
      at forEach (src/scripts/storage.js:6172:25)
      at downgradeSafeLocalStorageToMemory (src/scripts/storage.js:16819:5)
      at safeSetLocalStorage (src/scripts/storage.js:17934:9)
      at Object.importAllData (tests/unit/storage.test.js:3695:7)

  console.warn
    MOCK SET: cameraPowerPlanner_setups__backup = {}

      61 |       return undefined;
      62 |     }
    > 63 |     return originalFn(...args);
         |            ^
      64 |   };
      65 | };
      66 |

      at console.<anonymous> (tests/setup/jest.setup.cjs:63:12)
      at console.apply [as warn] (src/scripts/modules/base.js:92:26)
      at Proxy.apply (src/scripts/modules/base.js:92:26)
      at Proxy.apply (src/scripts/modules/base.js:92:26)
      at Proxy.apply (src/scripts/modules/base.js:92:26)
      at Object.warn (tests/unit/storage.test.js:11:15)
      at setItem (src/scripts/storage.js:6179:25)
          at Array.forEach (<anonymous>)
      at forEach (src/scripts/storage.js:6172:25)
      at downgradeSafeLocalStorageToMemory (src/scripts/storage.js:16819:5)
      at safeSetLocalStorage (src/scripts/storage.js:17934:9)
      at Object.importAllData (tests/unit/storage.test.js:3695:7)

  console.warn
    MOCK SET: cameraPowerPlanner_feedback = {}

      61 |       return undefined;
      62 |     }
    > 63 |     return originalFn(...args);
         |            ^
      64 |   };
      65 | };
      66 |

      at console.<anonymous> (tests/setup/jest.setup.cjs:63:12)
      at console.apply [as warn] (src/scripts/modules/base.js:92:26)
      at Proxy.apply (src/scripts/modules/base.js:92:26)
      at Proxy.apply (src/scripts/modules/base.js:92:26)
      at Proxy.apply (src/scripts/modules/base.js:92:26)
      at Object.warn (tests/unit/storage.test.js:11:15)
      at setItem (src/scripts/storage.js:6179:25)
          at Array.forEach (<anonymous>)
      at forEach (src/scripts/storage.js:6172:25)
      at downgradeSafeLocalStorageToMemory (src/scripts/storage.js:16819:5)
      at safeSetLocalStorage (src/scripts/storage.js:17934:9)
      at Object.importAllData (tests/unit/storage.test.js:3695:7)

  console.warn
    MOCK SET: cameraPowerPlanner_feedback__backup = {}

      61 |       return undefined;
      62 |     }
    > 63 |     return originalFn(...args);
         |            ^
      64 |   };
      65 | };
      66 |

      at console.<anonymous> (tests/setup/jest.setup.cjs:63:12)
      at console.apply [as warn] (src/scripts/modules/base.js:92:26)
      at Proxy.apply (src/scripts/modules/base.js:92:26)
      at Proxy.apply (src/scripts/modules/base.js:92:26)
      at Proxy.apply (src/scripts/modules/base.js:92:26)
      at Object.warn (tests/unit/storage.test.js:11:15)
      at setItem (src/scripts/storage.js:6179:25)
          at Array.forEach (<anonymous>)
      at forEach (src/scripts/storage.js:6172:25)
      at downgradeSafeLocalStorageToMemory (src/scripts/storage.js:16819:5)
      at safeSetLocalStorage (src/scripts/storage.js:17934:9)
      at Object.importAllData (tests/unit/storage.test.js:3695:7)

  console.warn
    MOCK SET: cameraPowerPlanner_favorites = {}

      61 |       return undefined;
      62 |     }
    > 63 |     return originalFn(...args);
         |            ^
      64 |   };
      65 | };
      66 |

      at console.<anonymous> (tests/setup/jest.setup.cjs:63:12)
      at console.apply [as warn] (src/scripts/modules/base.js:92:26)
      at Proxy.apply (src/scripts/modules/base.js:92:26)
      at Proxy.apply (src/scripts/modules/base.js:92:26)
      at Proxy.apply (src/scripts/modules/base.js:92:26)
      at Object.warn (tests/unit/storage.test.js:11:15)
      at setItem (src/scripts/storage.js:6179:25)
          at Array.forEach (<anonymous>)
      at forEach (src/scripts/storage.js:6172:25)
      at downgradeSafeLocalStorageToMemory (src/scripts/storage.js:16819:5)
      at safeSetLocalStorage (src/scripts/storage.js:17934:9)
      at Object.importAllData (tests/unit/storage.test.js:3695:7)

  console.warn
    MOCK SET: cameraPowerPlanner_favorites__backup = {}

      61 |       return undefined;
      62 |     }
    > 63 |     return originalFn(...args);
         |            ^
      64 |   };
      65 | };
      66 |

      at console.<anonymous> (tests/setup/jest.setup.cjs:63:12)
      at console.apply [as warn] (src/scripts/modules/base.js:92:26)
      at Proxy.apply (src/scripts/modules/base.js:92:26)
      at Proxy.apply (src/scripts/modules/base.js:92:26)
      at Proxy.apply (src/scripts/modules/base.js:92:26)
      at Object.warn (tests/unit/storage.test.js:11:15)
      at setItem (src/scripts/storage.js:6179:25)
          at Array.forEach (<anonymous>)
      at forEach (src/scripts/storage.js:6172:25)
      at downgradeSafeLocalStorageToMemory (src/scripts/storage.js:16819:5)
      at safeSetLocalStorage (src/scripts/storage.js:17934:9)
      at Object.importAllData (tests/unit/storage.test.js:3695:7)

  console.warn
    MOCK SET: cameraPowerPlanner_contacts = []

      61 |       return undefined;
      62 |     }
    > 63 |     return originalFn(...args);
         |            ^
      64 |   };
      65 | };
      66 |

      at console.<anonymous> (tests/setup/jest.setup.cjs:63:12)
      at console.apply [as warn] (src/scripts/modules/base.js:92:26)
      at Proxy.apply (src/scripts/modules/base.js:92:26)
      at Proxy.apply (src/scripts/modules/base.js:92:26)
      at Proxy.apply (src/scripts/modules/base.js:92:26)
      at Object.warn (tests/unit/storage.test.js:11:15)
      at setItem (src/scripts/storage.js:6179:25)
          at Array.forEach (<anonymous>)
      at forEach (src/scripts/storage.js:6172:25)
      at downgradeSafeLocalStorageToMemory (src/scripts/storage.js:16819:5)
      at safeSetLocalStorage (src/scripts/storage.js:17934:9)
      at Object.importAllData (tests/unit/storage.test.js:3695:7)

  console.warn
    MOCK SET: cameraPowerPlanner_contacts__backup = []

      61 |       return undefined;
      62 |     }
    > 63 |     return originalFn(...args);
         |            ^
      64 |   };
      65 | };
      66 |

      at console.<anonymous> (tests/setup/jest.setup.cjs:63:12)
      at console.apply [as warn] (src/scripts/modules/base.js:92:26)
      at Proxy.apply (src/scripts/modules/base.js:92:26)
      at Proxy.apply (src/scripts/modules/base.js:92:26)
      at Proxy.apply (src/scripts/modules/base.js:92:26)
      at Object.warn (tests/unit/storage.test.js:11:15)
      at setItem (src/scripts/storage.js:6179:25)
          at Array.forEach (<anonymous>)
      at forEach (src/scripts/storage.js:6172:25)
      at downgradeSafeLocalStorageToMemory (src/scripts/storage.js:16819:5)
      at safeSetLocalStorage (src/scripts/storage.js:17934:9)
      at Object.importAllData (tests/unit/storage.test.js:3695:7)

  console.warn
    MOCK SET: cameraPowerPlanner_cameraColors = {"A":"#aa0000","B":"#00aa00","C":"#0000aa","D":"#a

      61 |       return undefined;
      62 |     }
    > 63 |     return originalFn(...args);
         |            ^
      64 |   };
      65 | };
      66 |

      at console.<anonymous> (tests/setup/jest.setup.cjs:63:12)
      at console.apply [as warn] (src/scripts/modules/base.js:92:26)
      at Proxy.apply (src/scripts/modules/base.js:92:26)
      at Proxy.apply (src/scripts/modules/base.js:92:26)
      at Proxy.apply (src/scripts/modules/base.js:92:26)
      at Object.warn (tests/unit/storage.test.js:11:15)
      at setItem (src/scripts/storage.js:6179:25)
          at Array.forEach (<anonymous>)
      at forEach (src/scripts/storage.js:6172:25)
      at downgradeSafeLocalStorageToMemory (src/scripts/storage.js:16819:5)
      at safeSetLocalStorage (src/scripts/storage.js:17934:9)
      at Object.importAllData (tests/unit/storage.test.js:3695:7)

  console.warn
    Downgraded planner storage to sessionStorage after write access errors. ReferenceError: AUTO_GEAR_SHOW_BACKUPS_STORAGE_KEY is not defined
        at AUTO_GEAR_SHOW_BACKUPS_STORAGE_KEY (/Users/lucazanner/Documents/GitHub/cine-power-planner/src/scripts/storage.js:16809:9)
        at safeSetLocalStorage (/Users/lucazanner/Documents/GitHub/cine-power-planner/src/scripts/storage.js:17934:9)
        at Object.importAllData (/Users/lucazanner/Documents/GitHub/cine-power-planner/tests/unit/storage.test.js:3695:7)
        at Promise.finally.completed (/Users/lucazanner/Documents/GitHub/cine-power-planner/node_modules/jest-circus/build/jestAdapterInit.js:1557:28)
        at new Promise (<anonymous>)
        at callAsyncCircusFn (/Users/lucazanner/Documents/GitHub/cine-power-planner/node_modules/jest-circus/build/jestAdapterInit.js:1497:10)
        at _callCircusTest (/Users/lucazanner/Documents/GitHub/cine-power-planner/node_modules/jest-circus/build/jestAdapterInit.js:1007:40)
        at _runTest (/Users/lucazanner/Documents/GitHub/cine-power-planner/node_modules/jest-circus/build/jestAdapterInit.js:947:3)
        at /Users/lucazanner/Documents/GitHub/cine-power-planner/node_modules/jest-circus/build/jestAdapterInit.js:849:7
        at _runTestsForDescribeBlock (/Users/lucazanner/Documents/GitHub/cine-power-planner/node_modules/jest-circus/build/jestAdapterInit.js:862:11)
        at _runTestsForDescribeBlock (/Users/lucazanner/Documents/GitHub/cine-power-planner/node_modules/jest-circus/build/jestAdapterInit.js:857:11)
        at run (/Users/lucazanner/Documents/GitHub/cine-power-planner/node_modules/jest-circus/build/jestAdapterInit.js:761:3)
        at runAndTransformResultsToJestFormat (/Users/lucazanner/Documents/GitHub/cine-power-planner/node_modules/jest-circus/build/jestAdapterInit.js:1918:21)
        at jestAdapter (/Users/lucazanner/Documents/GitHub/cine-power-planner/node_modules/jest-circus/build/runner.js:101:19)
        at runTestInternal (/Users/lucazanner/Documents/GitHub/cine-power-planner/node_modules/jest-runner/build/index.js:275:16)
        at runTest (/Users/lucazanner/Documents/GitHub/cine-power-planner/node_modules/jest-runner/build/index.js:343:7)

      61 |       return undefined;
      62 |     }
    > 63 |     return originalFn(...args);
         |            ^
      64 |   };
      65 | };
      66 |

      at console.<anonymous> (tests/setup/jest.setup.cjs:63:12)
      at console.apply [as warn] (src/scripts/modules/base.js:92:26)
      at Proxy.apply (src/scripts/modules/base.js:92:26)
      at Proxy.apply (src/scripts/modules/base.js:92:26)
      at Proxy.apply (src/scripts/modules/base.js:92:26)
      at warn (src/scripts/storage.js:6193:11)
      at downgradeSafeLocalStorageToMemory (src/scripts/storage.js:16819:5)
      at safeSetLocalStorage (src/scripts/storage.js:17934:9)
      at Object.importAllData (tests/unit/storage.test.js:3695:7)

  console.warn
    MOCK SET: __storage_test__ = 1

      61 |       return undefined;
      62 |     }
    > 63 |     return originalFn(...args);
         |            ^
      64 |   };
      65 | };
      66 |

      at console.<anonymous> (tests/setup/jest.setup.cjs:63:12)
      at console.apply [as warn] (src/scripts/modules/base.js:92:26)
      at Proxy.apply (src/scripts/modules/base.js:92:26)
      at Proxy.apply (src/scripts/modules/base.js:92:26)
      at Proxy.apply (src/scripts/modules/base.js:92:26)
      at Object.warn (tests/unit/storage.test.js:11:15)
      at setItem (src/scripts/storage.js:5846:13)
      at verifyStorage (src/scripts/storage.js:6228:18)
      at attemptLocalStorageUpgrade (src/scripts/storage.js:6286:5)
      at getSafeLocalStorage (src/scripts/storage.js:15082:23)
      at fallbackFn (src/scripts/storage.js:17668:7)
      at persistAutoGearValue (src/scripts/storage.js:17969:5)
      at Object.importAllData (tests/unit/storage.test.js:3695:7)

  console.log
    DEBUG: getSafeLocalStorage returning object

      at Proxy.apply (src/scripts/modules/base.js:92:26)

  console.log
    DEBUG: getSafeLocalStorage returning object

      at Proxy.apply (src/scripts/modules/base.js:92:26)

  console.warn
    MOCK SET: cameraPowerPlanner_autoGearRules = []

      61 |       return undefined;
      62 |     }
    > 63 |     return originalFn(...args);
         |            ^
      64 |   };
      65 | };
      66 |

      at console.<anonymous> (tests/setup/jest.setup.cjs:63:12)
      at console.apply [as warn] (src/scripts/modules/base.js:92:26)
      at Proxy.apply (src/scripts/modules/base.js:92:26)
      at Proxy.apply (src/scripts/modules/base.js:92:26)
      at Proxy.apply (src/scripts/modules/base.js:92:26)
      at Object.warn (tests/unit/storage.test.js:11:15)
      at setItem (src/scripts/storage.js:8463:17)
      at saveJSONToStorage (src/scripts/storage.js:15084:3)
      at fallbackFn (src/scripts/storage.js:17668:7)
      at persistAutoGearValue (src/scripts/storage.js:17969:5)
      at Object.importAllData (tests/unit/storage.test.js:3695:7)

  console.warn
    MOCK SET: cameraPowerPlanner_autoGearRules__backup = []

      61 |       return undefined;
      62 |     }
    > 63 |     return originalFn(...args);
         |            ^
      64 |   };
      65 | };
      66 |

      at console.<anonymous> (tests/setup/jest.setup.cjs:63:12)
      at console.apply [as warn] (src/scripts/modules/base.js:92:26)
      at Proxy.apply (src/scripts/modules/base.js:92:26)
      at Proxy.apply (src/scripts/modules/base.js:92:26)
      at Proxy.apply (src/scripts/modules/base.js:92:26)
      at Object.warn (tests/unit/storage.test.js:11:15)
      at setItem (src/scripts/storage.js:8524:19)
      at tryStoreCandidate (src/scripts/storage.js:8540:13)
      at attemptBackupWrite (src/scripts/storage.js:8617:26)
      at saveJSONToStorage (src/scripts/storage.js:15084:3)
      at fallbackFn (src/scripts/storage.js:17668:7)
      at persistAutoGearValue (src/scripts/storage.js:17969:5)
      at Object.importAllData (tests/unit/storage.test.js:3695:7)

  console.log
    DEBUG: getSafeLocalStorage returning object

      at Proxy.apply (src/scripts/modules/base.js:92:26)

  console.log
    DEBUG: getSafeLocalStorage returning object

      at Proxy.apply (src/scripts/modules/base.js:92:26)

  console.log
    DEBUG: getSafeLocalStorage returning object

      at Proxy.apply (src/scripts/modules/base.js:92:26)

  console.log
    DEBUG: getSafeLocalStorage returning object

      at Proxy.apply (src/scripts/modules/base.js:92:26)

  console.warn
    MOCK SET: cameraPowerPlanner_autoGearPresets = []

      61 |       return undefined;
      62 |     }
    > 63 |     return originalFn(...args);
         |            ^
      64 |   };
      65 | };
      66 |

      at console.<anonymous> (tests/setup/jest.setup.cjs:63:12)
      at console.apply [as warn] (src/scripts/modules/base.js:92:26)
      at Proxy.apply (src/scripts/modules/base.js:92:26)
      at Proxy.apply (src/scripts/modules/base.js:92:26)
      at Proxy.apply (src/scripts/modules/base.js:92:26)
      at Object.warn (tests/unit/storage.test.js:11:15)
      at setItem (src/scripts/storage.js:8463:17)
      at saveJSONToStorage (src/scripts/storage.js:15374:3)
      at fallbackFn (src/scripts/storage.js:17668:7)
      at persistAutoGearValue (src/scripts/storage.js:17985:5)
      at Object.importAllData (tests/unit/storage.test.js:3695:7)

  console.warn
    MOCK SET: cameraPowerPlanner_autoGearPresets__backup = []

      61 |       return undefined;
      62 |     }
    > 63 |     return originalFn(...args);
         |            ^
      64 |   };
      65 | };
      66 |

      at console.<anonymous> (tests/setup/jest.setup.cjs:63:12)
      at console.apply [as warn] (src/scripts/modules/base.js:92:26)
      at Proxy.apply (src/scripts/modules/base.js:92:26)
      at Proxy.apply (src/scripts/modules/base.js:92:26)
      at Proxy.apply (src/scripts/modules/base.js:92:26)
      at Object.warn (tests/unit/storage.test.js:11:15)
      at setItem (src/scripts/storage.js:8524:19)
      at tryStoreCandidate (src/scripts/storage.js:8540:13)
      at attemptBackupWrite (src/scripts/storage.js:8617:26)
      at saveJSONToStorage (src/scripts/storage.js:15374:3)
      at fallbackFn (src/scripts/storage.js:17668:7)
      at persistAutoGearValue (src/scripts/storage.js:17985:5)
      at Object.importAllData (tests/unit/storage.test.js:3695:7)

  console.log
    DEBUG: getSafeLocalStorage returning object

      at Proxy.apply (src/scripts/modules/base.js:92:26)

  console.log
    DEBUG: getSafeLocalStorage returning object

      at Proxy.apply (src/scripts/modules/base.js:92:26)

  console.log
    DEBUG: getSafeLocalStorage returning object

      at Proxy.apply (src/scripts/modules/base.js:92:26)

  console.log
    DEBUG: getSafeLocalStorage returning object

      at Proxy.apply (src/scripts/modules/base.js:92:26)

  console.warn
    MOCK SET: cameraPowerPlanner_autoGearBackupRetention = 18

      61 |       return undefined;
      62 |     }
    > 63 |     return originalFn(...args);
         |            ^
      64 |   };
      65 | };
      66 |

      at console.<anonymous> (tests/setup/jest.setup.cjs:63:12)
      at console.apply [as warn] (src/scripts/modules/base.js:92:26)
      at Proxy.apply (src/scripts/modules/base.js:92:26)
      at Proxy.apply (src/scripts/modules/base.js:92:26)
      at Proxy.apply (src/scripts/modules/base.js:92:26)
      at Object.warn (tests/unit/storage.test.js:11:15)
      at setItem (src/scripts/storage.js:8463:17)
      at saveJSONToStorage (src/scripts/storage.js:15820:3)
      at fallbackFn (src/scripts/storage.js:17668:7)
      at persistAutoGearValue (src/scripts/storage.js:18007:7)
      at Object.importAllData (tests/unit/storage.test.js:3695:7)

  console.warn
    MOCK SET: cameraPowerPlanner_autoGearBackupRetention__backup = 18

      61 |       return undefined;
      62 |     }
    > 63 |     return originalFn(...args);
         |            ^
      64 |   };
      65 | };
      66 |

      at console.<anonymous> (tests/setup/jest.setup.cjs:63:12)
      at console.apply [as warn] (src/scripts/modules/base.js:92:26)
      at Proxy.apply (src/scripts/modules/base.js:92:26)
      at Proxy.apply (src/scripts/modules/base.js:92:26)
      at Proxy.apply (src/scripts/modules/base.js:92:26)
      at Object.warn (tests/unit/storage.test.js:11:15)
      at setItem (src/scripts/storage.js:8524:19)
      at tryStoreCandidate (src/scripts/storage.js:8540:13)
      at attemptBackupWrite (src/scripts/storage.js:8617:26)
      at saveJSONToStorage (src/scripts/storage.js:15820:3)
      at fallbackFn (src/scripts/storage.js:17668:7)
      at persistAutoGearValue (src/scripts/storage.js:18007:7)
      at Object.importAllData (tests/unit/storage.test.js:3695:7)

  console.log
    DEBUG: getSafeLocalStorage returning object

      at Proxy.apply (src/scripts/modules/base.js:92:26)

  console.log
    DEBUG: getSafeLocalStorage returning object

      at Proxy.apply (src/scripts/modules/base.js:92:26)

  console.warn
    MOCK SET: cameraPowerPlanner_fullBackups = [{"createdAt":"2024-02-02T00:00:00Z"}]

      61 |       return undefined;
      62 |     }
    > 63 |     return originalFn(...args);
         |            ^
      64 |   };
      65 | };
      66 |

      at console.<anonymous> (tests/setup/jest.setup.cjs:63:12)
      at console.apply [as warn] (src/scripts/modules/base.js:92:26)
      at Proxy.apply (src/scripts/modules/base.js:92:26)
      at Proxy.apply (src/scripts/modules/base.js:92:26)
      at Proxy.apply (src/scripts/modules/base.js:92:26)
      at Object.warn (tests/unit/storage.test.js:11:15)
      at setItem (src/scripts/storage.js:8463:17)
      at saveJSONToStorage (src/scripts/storage.js:14568:3)
      at saveFullBackupHistory (src/scripts/storage.js:18013:5)
      at Object.importAllData (tests/unit/storage.test.js:3695:7)

  console.warn
    MOCK SET: cameraPowerPlanner_fullBackups__backup = [{"createdAt":"2024-02-02T00:00:00Z"}]

      61 |       return undefined;
      62 |     }
    > 63 |     return originalFn(...args);
         |            ^
      64 |   };
      65 | };
      66 |

      at console.<anonymous> (tests/setup/jest.setup.cjs:63:12)
      at console.apply [as warn] (src/scripts/modules/base.js:92:26)
      at Proxy.apply (src/scripts/modules/base.js:92:26)
      at Proxy.apply (src/scripts/modules/base.js:92:26)
      at Proxy.apply (src/scripts/modules/base.js:92:26)
      at Object.warn (tests/unit/storage.test.js:11:15)
      at setItem (src/scripts/storage.js:8524:19)
      at tryStoreCandidate (src/scripts/storage.js:8540:13)
      at attemptBackupWrite (src/scripts/storage.js:8617:26)
      at saveJSONToStorage (src/scripts/storage.js:14568:3)
      at saveFullBackupHistory (src/scripts/storage.js:18013:5)
      at Object.importAllData (tests/unit/storage.test.js:3695:7)

  console.log
    DEBUG: getSafeLocalStorage returning object

      at Proxy.apply (src/scripts/modules/base.js:92:26)

  console.log
    DEBUG: getSafeLocalStorage returning object

      at Proxy.apply (src/scripts/modules/base.js:92:26)

  console.log
    DEBUG: getSafeLocalStorage returning object

      at Proxy.apply (src/scripts/modules/base.js:92:26)

  console.error
    DEBUG: importAllData CALLED [ 'darkMode', 'accentColor', 'customLogo' ]

      61 |       return undefined;
      62 |     }
    > 63 |     return originalFn(...args);
         |            ^
      64 |   };
      65 | };
      66 |

      at console.<anonymous> (tests/setup/jest.setup.cjs:63:12)
      at Proxy.apply (src/scripts/modules/base.js:92:26)
      at error (src/scripts/storage.js:17633:11)
      at Object.importAllData (tests/unit/storage.test.js:3728:5)

  console.log
    DEBUG: readSnapshotEntry checking migration candidate cameraPowerPlanner_devices__legacyMigrationBackup false

      at Proxy.apply (src/scripts/modules/base.js:92:26)

  console.log
    DEBUG: readSnapshotEntry checking migration candidate cinePowerPlanner_devices__legacyMigrationBackup false

      at Proxy.apply (src/scripts/modules/base.js:92:26)

  console.log
    DEBUG: readSnapshotEntry checking migration candidate cameraPowerPlanner_setups__legacyMigrationBackup false

      at Proxy.apply (src/scripts/modules/base.js:92:26)

  console.log
    DEBUG: readSnapshotEntry checking migration candidate cinePowerPlanner_setups__legacyMigrationBackup false

      at Proxy.apply (src/scripts/modules/base.js:92:26)

  console.log
    DEBUG: readSnapshotEntry checking migration candidate cameraPowerPlanner_session__legacyMigrationBackup false

      at Proxy.apply (src/scripts/modules/base.js:92:26)

  console.log
    DEBUG: readSnapshotEntry checking migration candidate cinePowerPlanner_session__legacyMigrationBackup false

      at Proxy.apply (src/scripts/modules/base.js:92:26)

  console.log
    DEBUG: readSnapshotEntry checking migration candidate cameraPowerPlanner_feedback__legacyMigrationBackup false

      at Proxy.apply (src/scripts/modules/base.js:92:26)

  console.log
    DEBUG: readSnapshotEntry checking migration candidate cinePowerPlanner_feedback__legacyMigrationBackup false

      at Proxy.apply (src/scripts/modules/base.js:92:26)

  console.log
    DEBUG: readSnapshotEntry checking migration candidate cameraPowerPlanner_project__legacyMigrationBackup false

      at Proxy.apply (src/scripts/modules/base.js:92:26)

  console.log
    DEBUG: readSnapshotEntry checking migration candidate cinePowerPlanner_project__legacyMigrationBackup false

      at Proxy.apply (src/scripts/modules/base.js:92:26)

  console.log
    DEBUG: readSnapshotEntry checking migration candidate cameraPowerPlanner_favorites__legacyMigrationBackup false

      at Proxy.apply (src/scripts/modules/base.js:92:26)

  console.log
    DEBUG: readSnapshotEntry checking migration candidate cinePowerPlanner_favorites__legacyMigrationBackup false

      at Proxy.apply (src/scripts/modules/base.js:92:26)

  console.log
    DEBUG: readSnapshotEntry checking migration candidate cameraPowerPlanner_contacts__legacyMigrationBackup false

      at Proxy.apply (src/scripts/modules/base.js:92:26)

  console.log
    DEBUG: readSnapshotEntry checking migration candidate cinePowerPlanner_contacts__legacyMigrationBackup false

      at Proxy.apply (src/scripts/modules/base.js:92:26)

  console.log
    DEBUG: readSnapshotEntry checking migration candidate cameraPowerPlanner_ownGear__legacyMigrationBackup false

      at Proxy.apply (src/scripts/modules/base.js:92:26)

  console.log
    DEBUG: readSnapshotEntry checking migration candidate cinePowerPlanner_ownGear__legacyMigrationBackup false

      at Proxy.apply (src/scripts/modules/base.js:92:26)

  console.log
    DEBUG: readSnapshotEntry checking migration candidate cameraPowerPlanner_userProfile__legacyMigrationBackup false

      at Proxy.apply (src/scripts/modules/base.js:92:26)

  console.log
    DEBUG: readSnapshotEntry checking migration candidate cinePowerPlanner_userProfile__legacyMigrationBackup false

      at Proxy.apply (src/scripts/modules/base.js:92:26)

  console.log
    DEBUG: readSnapshotEntry checking migration candidate cameraPowerPlanner_documentationTracker__legacyMigrationBackup false

      at Proxy.apply (src/scripts/modules/base.js:92:26)

  console.log
    DEBUG: readSnapshotEntry checking migration candidate cinePowerPlanner_documentationTracker__legacyMigrationBackup false

      at Proxy.apply (src/scripts/modules/base.js:92:26)

  console.log
    DEBUG: readSnapshotEntry checking migration candidate cameraPowerPlanner_autoGearRules__legacyMigrationBackup false

      at Proxy.apply (src/scripts/modules/base.js:92:26)

  console.log
    DEBUG: readSnapshotEntry checking migration candidate cinePowerPlanner_autoGearRules__legacyMigrationBackup false

      at Proxy.apply (src/scripts/modules/base.js:92:26)

  console.log
    DEBUG: readSnapshotEntry checking migration candidate cameraPowerPlanner_autoGearBackups__legacyMigrationBackup false

      at Proxy.apply (src/scripts/modules/base.js:92:26)

  console.log
    DEBUG: readSnapshotEntry checking migration candidate cinePowerPlanner_autoGearBackups__legacyMigrationBackup false

      at Proxy.apply (src/scripts/modules/base.js:92:26)

  console.log
    DEBUG: readSnapshotEntry checking migration candidate cameraPowerPlanner_autoGearPresets__legacyMigrationBackup false

      at Proxy.apply (src/scripts/modules/base.js:92:26)

  console.log
    DEBUG: readSnapshotEntry checking migration candidate cinePowerPlanner_autoGearPresets__legacyMigrationBackup false

      at Proxy.apply (src/scripts/modules/base.js:92:26)

  console.log
    DEBUG: readSnapshotEntry checking migration candidate cameraPowerPlanner_autoGearMonitorDefaults__legacyMigrationBackup false

      at Proxy.apply (src/scripts/modules/base.js:92:26)

  console.log
    DEBUG: readSnapshotEntry checking migration candidate cinePowerPlanner_autoGearMonitorDefaults__legacyMigrationBackup false

      at Proxy.apply (src/scripts/modules/base.js:92:26)

  console.log
    DEBUG: readSnapshotEntry checking migration candidate cameraPowerPlanner_autoGearBackupRetention__legacyMigrationBackup false

      at Proxy.apply (src/scripts/modules/base.js:92:26)

  console.log
    DEBUG: readSnapshotEntry checking migration candidate cinePowerPlanner_autoGearBackupRetention__legacyMigrationBackup false

      at Proxy.apply (src/scripts/modules/base.js:92:26)

  console.log
    DEBUG: readSnapshotEntry checking migration candidate cameraPowerPlanner_schemaCache__legacyMigrationBackup false

      at Proxy.apply (src/scripts/modules/base.js:92:26)

  console.log
    DEBUG: readSnapshotEntry checking migration candidate cinePowerPlanner_schemaCache__legacyMigrationBackup false

      at Proxy.apply (src/scripts/modules/base.js:92:26)

  console.log
    DEBUG: readSnapshotEntry checking migration candidate cameraPowerPlanner_customFonts__legacyMigrationBackup false

      at Proxy.apply (src/scripts/modules/base.js:92:26)

  console.log
    DEBUG: readSnapshotEntry checking migration candidate cinePowerPlanner_customFonts__legacyMigrationBackup false

      at Proxy.apply (src/scripts/modules/base.js:92:26)

  console.log
    DEBUG: readSnapshotEntry checking migration candidate cameraPowerPlanner_autoGearSeeded__legacyMigrationBackup false

      at Proxy.apply (src/scripts/modules/base.js:92:26)

  console.log
    DEBUG: readSnapshotEntry checking migration candidate cinePowerPlanner_autoGearSeeded__legacyMigrationBackup false

      at Proxy.apply (src/scripts/modules/base.js:92:26)

  console.log
    DEBUG: readSnapshotEntry checking migration candidate cameraPowerPlanner_autoGearActivePreset__legacyMigrationBackup false

      at Proxy.apply (src/scripts/modules/base.js:92:26)

  console.log
    DEBUG: readSnapshotEntry checking migration candidate cinePowerPlanner_autoGearActivePreset__legacyMigrationBackup false

      at Proxy.apply (src/scripts/modules/base.js:92:26)

  console.log
    DEBUG: readSnapshotEntry checking migration candidate cameraPowerPlanner_autoGearAutoPreset__legacyMigrationBackup false

      at Proxy.apply (src/scripts/modules/base.js:92:26)

  console.log
    DEBUG: readSnapshotEntry checking migration candidate cinePowerPlanner_autoGearAutoPreset__legacyMigrationBackup false

      at Proxy.apply (src/scripts/modules/base.js:92:26)

  console.log
    DEBUG: readSnapshotEntry checking migration candidate cameraPowerPlanner_autoGearShowBackups__legacyMigrationBackup false

      at Proxy.apply (src/scripts/modules/base.js:92:26)

  console.log
    DEBUG: readSnapshotEntry checking migration candidate cinePowerPlanner_autoGearShowBackups__legacyMigrationBackup false

      at Proxy.apply (src/scripts/modules/base.js:92:26)

  console.log
    DEBUG: readSnapshotEntry checking migration candidate pinkMode__legacyMigrationBackup false

      at Proxy.apply (src/scripts/modules/base.js:92:26)
          at Array.forEach (<anonymous>)

  console.log
    DEBUG: readSnapshotEntry checking migration candidate highContrast__legacyMigrationBackup false

      at Proxy.apply (src/scripts/modules/base.js:92:26)
          at Array.forEach (<anonymous>)

  console.log
    DEBUG: readSnapshotEntry checking migration candidate reduceMotion__legacyMigrationBackup false

      at Proxy.apply (src/scripts/modules/base.js:92:26)
          at Array.forEach (<anonymous>)

  console.log
    DEBUG: readSnapshotEntry checking migration candidate relaxedSpacing__legacyMigrationBackup false

      at Proxy.apply (src/scripts/modules/base.js:92:26)
          at Array.forEach (<anonymous>)

  console.log
    DEBUG: readSnapshotEntry checking migration candidate showAutoBackups__legacyMigrationBackup false

      at Proxy.apply (src/scripts/modules/base.js:92:26)
          at Array.forEach (<anonymous>)

  console.log
    DEBUG: readSnapshotEntry checking migration candidate fontSize__legacyMigrationBackup false

      at Proxy.apply (src/scripts/modules/base.js:92:26)
          at Array.forEach (<anonymous>)

  console.log
    DEBUG: readSnapshotEntry checking migration candidate fontFamily__legacyMigrationBackup false

      at Proxy.apply (src/scripts/modules/base.js:92:26)
          at Array.forEach (<anonymous>)

  console.log
    DEBUG: readSnapshotEntry checking migration candidate language__legacyMigrationBackup false

      at Proxy.apply (src/scripts/modules/base.js:92:26)
          at Array.forEach (<anonymous>)

  console.log
    DEBUG: readSnapshotEntry checking migration candidate iosPwaHelpShown__legacyMigrationBackup false

      at Proxy.apply (src/scripts/modules/base.js:92:26)
          at Array.forEach (<anonymous>)

  console.log
    DEBUG: readSnapshotEntry checking migration candidate cameraPowerPlanner_cameraColors__legacyMigrationBackup false

      at Proxy.apply (src/scripts/modules/base.js:92:26)
          at Array.forEach (<anonymous>)

  console.log
    DEBUG: readSnapshotEntry checking migration candidate cinePowerPlanner_cameraColors__legacyMigrationBackup false

      at Proxy.apply (src/scripts/modules/base.js:92:26)
          at Array.forEach (<anonymous>)

  console.log
    DEBUG: readSnapshotEntry checking migration candidate cineRentalPrintSections__legacyMigrationBackup false

      at Proxy.apply (src/scripts/modules/base.js:92:26)
          at Array.forEach (<anonymous>)

  console.log
    DEBUG: readSnapshotEntry checking migration candidate cameraPowerPlanner_temperatureUnit__legacyMigrationBackup false

      at Proxy.apply (src/scripts/modules/base.js:92:26)

  console.log
    DEBUG: readSnapshotEntry checking migration candidate cinePowerPlanner_temperatureUnit__legacyMigrationBackup false

      at Proxy.apply (src/scripts/modules/base.js:92:26)

  console.log
    DEBUG: readSnapshotEntry checking migration candidate cameraPowerPlanner_focusScale__legacyMigrationBackup false

      at Proxy.apply (src/scripts/modules/base.js:92:26)

  console.log
    DEBUG: readSnapshotEntry checking migration candidate cinePowerPlanner_focusScale__legacyMigrationBackup false

      at Proxy.apply (src/scripts/modules/base.js:92:26)

  console.log
    DEBUG: readSnapshotEntry checking migration candidate cameraPowerPlanner_cameraColors__legacyMigrationBackup false

      at Proxy.apply (src/scripts/modules/base.js:92:26)

  console.log
    DEBUG: readSnapshotEntry checking migration candidate cinePowerPlanner_cameraColors__legacyMigrationBackup false

      at Proxy.apply (src/scripts/modules/base.js:92:26)

  console.log
    DEBUG: readSnapshotEntry checking migration candidate cameraPowerPlanner_mountVoltages__legacyMigrationBackup false

      at Proxy.apply (src/scripts/modules/base.js:92:26)

  console.log
    DEBUG: readSnapshotEntry checking migration candidate cinePowerPlanner_mountVoltages__legacyMigrationBackup false

      at Proxy.apply (src/scripts/modules/base.js:92:26)

  console.error
    DEBUG: importAllData CALLED [ 'customLogo', 'preferences' ]

      61 |       return undefined;
      62 |     }
    > 63 |     return originalFn(...args);
         |            ^
      64 |   };
      65 | };
      66 |

      at console.<anonymous> (tests/setup/jest.setup.cjs:63:12)
      at Proxy.apply (src/scripts/modules/base.js:92:26)
      at error (src/scripts/storage.js:17633:11)
      at importAllData (src/scripts/storage.js:17648:7)
      at Object.importAllData (tests/unit/storage.test.js:3728:5)

  console.log
    DEBUG: getSafeLocalStorage returning object

      at Proxy.apply (src/scripts/modules/base.js:92:26)
          at Array.forEach (<anonymous>)

  console.error
    DEBUG: safeSetLocalStorage EXEC darkMode true

      61 |       return undefined;
      62 |     }
    > 63 |     return originalFn(...args);
         |            ^
      64 |   };
      65 | };
      66 |

      at console.<anonymous> (tests/setup/jest.setup.cjs:63:12)
      at Proxy.apply (src/scripts/modules/base.js:92:26)
      at error (src/scripts/storage.js:16657:11)
      at safeSetLocalStorage (src/scripts/storage.js:17729:9)
          at Array.forEach (<anonymous>)
      at forEach (src/scripts/storage.js:17727:18)
      at importAllData (src/scripts/storage.js:17648:7)
      at Object.importAllData (tests/unit/storage.test.js:3728:5)

  console.log
    DEBUG: isIndexedDB calculated: true

      at Proxy.apply (src/scripts/modules/base.js:92:26)
          at Array.forEach (<anonymous>)

  console.warn
    Unable to persist storage key during import darkMode ReferenceError: AUTO_GEAR_SHOW_BACKUPS_STORAGE_KEY is not defined
        at AUTO_GEAR_SHOW_BACKUPS_STORAGE_KEY (/Users/lucazanner/Documents/GitHub/cine-power-planner/src/scripts/storage.js:16809:9)
        at safeSetLocalStorage (/Users/lucazanner/Documents/GitHub/cine-power-planner/src/scripts/storage.js:17729:9)
        at Array.forEach (<anonymous>)
        at forEach (/Users/lucazanner/Documents/GitHub/cine-power-planner/src/scripts/storage.js:17727:18)
        at importAllData (/Users/lucazanner/Documents/GitHub/cine-power-planner/src/scripts/storage.js:17648:7)
        at Object.importAllData (/Users/lucazanner/Documents/GitHub/cine-power-planner/tests/unit/storage.test.js:3728:5)
        at Promise.finally.completed (/Users/lucazanner/Documents/GitHub/cine-power-planner/node_modules/jest-circus/build/jestAdapterInit.js:1557:28)
        at new Promise (<anonymous>)
        at callAsyncCircusFn (/Users/lucazanner/Documents/GitHub/cine-power-planner/node_modules/jest-circus/build/jestAdapterInit.js:1497:10)
        at _callCircusTest (/Users/lucazanner/Documents/GitHub/cine-power-planner/node_modules/jest-circus/build/jestAdapterInit.js:1007:40)
        at _runTest (/Users/lucazanner/Documents/GitHub/cine-power-planner/node_modules/jest-circus/build/jestAdapterInit.js:947:3)
        at /Users/lucazanner/Documents/GitHub/cine-power-planner/node_modules/jest-circus/build/jestAdapterInit.js:849:7
        at _runTestsForDescribeBlock (/Users/lucazanner/Documents/GitHub/cine-power-planner/node_modules/jest-circus/build/jestAdapterInit.js:862:11)
        at _runTestsForDescribeBlock (/Users/lucazanner/Documents/GitHub/cine-power-planner/node_modules/jest-circus/build/jestAdapterInit.js:857:11)
        at run (/Users/lucazanner/Documents/GitHub/cine-power-planner/node_modules/jest-circus/build/jestAdapterInit.js:761:3)
        at runAndTransformResultsToJestFormat (/Users/lucazanner/Documents/GitHub/cine-power-planner/node_modules/jest-circus/build/jestAdapterInit.js:1918:21)
        at jestAdapter (/Users/lucazanner/Documents/GitHub/cine-power-planner/node_modules/jest-circus/build/runner.js:101:19)
        at runTestInternal (/Users/lucazanner/Documents/GitHub/cine-power-planner/node_modules/jest-runner/build/index.js:275:16)
        at runTest (/Users/lucazanner/Documents/GitHub/cine-power-planner/node_modules/jest-runner/build/index.js:343:7)

      61 |       return undefined;
      62 |     }
    > 63 |     return originalFn(...args);
         |            ^
      64 |   };
      65 | };
      66 |

      at console.<anonymous> (tests/setup/jest.setup.cjs:63:12)
      at console.apply [as warn] (src/scripts/modules/base.js:92:26)
      at Proxy.apply (src/scripts/modules/base.js:92:26)
      at Proxy.apply (src/scripts/modules/base.js:92:26)
      at Proxy.apply (src/scripts/modules/base.js:92:26)
      at warn (src/scripts/storage.js:16818:13)
      at safeSetLocalStorage (src/scripts/storage.js:17729:9)
          at Array.forEach (<anonymous>)
      at forEach (src/scripts/storage.js:17727:18)
      at importAllData (src/scripts/storage.js:17648:7)
      at Object.importAllData (tests/unit/storage.test.js:3728:5)

  console.warn
    MOCK SET: __storage_test__ = 1

      61 |       return undefined;
      62 |     }
    > 63 |     return originalFn(...args);
         |            ^
      64 |   };
      65 | };
      66 |

      at console.<anonymous> (tests/setup/jest.setup.cjs:63:12)
      at console.apply [as warn] (src/scripts/modules/base.js:92:26)
      at Proxy.apply (src/scripts/modules/base.js:92:26)
      at Proxy.apply (src/scripts/modules/base.js:92:26)
      at Proxy.apply (src/scripts/modules/base.js:92:26)
      at Object.warn (tests/unit/storage.test.js:11:15)
      at setItem (src/scripts/storage.js:5846:13)
      at verifyStorage (src/scripts/storage.js:6155:26)
      at downgradeSafeLocalStorageToMemory (src/scripts/storage.js:16819:5)
      at safeSetLocalStorage (src/scripts/storage.js:17729:9)
          at Array.forEach (<anonymous>)
      at forEach (src/scripts/storage.js:17727:18)
      at importAllData (src/scripts/storage.js:17648:7)
      at Object.importAllData (tests/unit/storage.test.js:3728:5)

  console.warn
    Downgraded planner storage to sessionStorage after write access errors. ReferenceError: AUTO_GEAR_SHOW_BACKUPS_STORAGE_KEY is not defined
        at AUTO_GEAR_SHOW_BACKUPS_STORAGE_KEY (/Users/lucazanner/Documents/GitHub/cine-power-planner/src/scripts/storage.js:16809:9)
        at safeSetLocalStorage (/Users/lucazanner/Documents/GitHub/cine-power-planner/src/scripts/storage.js:17729:9)
        at Array.forEach (<anonymous>)
        at forEach (/Users/lucazanner/Documents/GitHub/cine-power-planner/src/scripts/storage.js:17727:18)
        at importAllData (/Users/lucazanner/Documents/GitHub/cine-power-planner/src/scripts/storage.js:17648:7)
        at Object.importAllData (/Users/lucazanner/Documents/GitHub/cine-power-planner/tests/unit/storage.test.js:3728:5)
        at Promise.finally.completed (/Users/lucazanner/Documents/GitHub/cine-power-planner/node_modules/jest-circus/build/jestAdapterInit.js:1557:28)
        at new Promise (<anonymous>)
        at callAsyncCircusFn (/Users/lucazanner/Documents/GitHub/cine-power-planner/node_modules/jest-circus/build/jestAdapterInit.js:1497:10)
        at _callCircusTest (/Users/lucazanner/Documents/GitHub/cine-power-planner/node_modules/jest-circus/build/jestAdapterInit.js:1007:40)
        at _runTest (/Users/lucazanner/Documents/GitHub/cine-power-planner/node_modules/jest-circus/build/jestAdapterInit.js:947:3)
        at /Users/lucazanner/Documents/GitHub/cine-power-planner/node_modules/jest-circus/build/jestAdapterInit.js:849:7
        at _runTestsForDescribeBlock (/Users/lucazanner/Documents/GitHub/cine-power-planner/node_modules/jest-circus/build/jestAdapterInit.js:862:11)
        at _runTestsForDescribeBlock (/Users/lucazanner/Documents/GitHub/cine-power-planner/node_modules/jest-circus/build/jestAdapterInit.js:857:11)
        at run (/Users/lucazanner/Documents/GitHub/cine-power-planner/node_modules/jest-circus/build/jestAdapterInit.js:761:3)
        at runAndTransformResultsToJestFormat (/Users/lucazanner/Documents/GitHub/cine-power-planner/node_modules/jest-circus/build/jestAdapterInit.js:1918:21)
        at jestAdapter (/Users/lucazanner/Documents/GitHub/cine-power-planner/node_modules/jest-circus/build/runner.js:101:19)
        at runTestInternal (/Users/lucazanner/Documents/GitHub/cine-power-planner/node_modules/jest-runner/build/index.js:275:16)
        at runTest (/Users/lucazanner/Documents/GitHub/cine-power-planner/node_modules/jest-runner/build/index.js:343:7)

      61 |       return undefined;
      62 |     }
    > 63 |     return originalFn(...args);
         |            ^
      64 |   };
      65 | };
      66 |

      at console.<anonymous> (tests/setup/jest.setup.cjs:63:12)
      at console.apply [as warn] (src/scripts/modules/base.js:92:26)
      at Proxy.apply (src/scripts/modules/base.js:92:26)
      at Proxy.apply (src/scripts/modules/base.js:92:26)
      at Proxy.apply (src/scripts/modules/base.js:92:26)
      at warn (src/scripts/storage.js:6193:11)
      at downgradeSafeLocalStorageToMemory (src/scripts/storage.js:16819:5)
      at safeSetLocalStorage (src/scripts/storage.js:17729:9)
          at Array.forEach (<anonymous>)
      at forEach (src/scripts/storage.js:17727:18)
      at importAllData (src/scripts/storage.js:17648:7)
      at Object.importAllData (tests/unit/storage.test.js:3728:5)

  console.warn
    MOCK SET: __storage_test__ = 1

      61 |       return undefined;
      62 |     }
    > 63 |     return originalFn(...args);
         |            ^
      64 |   };
      65 | };
      66 |

      at console.<anonymous> (tests/setup/jest.setup.cjs:63:12)
      at console.apply [as warn] (src/scripts/modules/base.js:92:26)
      at Proxy.apply (src/scripts/modules/base.js:92:26)
      at Proxy.apply (src/scripts/modules/base.js:92:26)
      at Proxy.apply (src/scripts/modules/base.js:92:26)
      at Object.warn (tests/unit/storage.test.js:11:15)
      at setItem (src/scripts/storage.js:5846:13)
      at verifyStorage (src/scripts/storage.js:6228:18)
      at attemptLocalStorageUpgrade (src/scripts/storage.js:6286:5)
      at getSafeLocalStorage (src/scripts/storage.js:16652:19)
      at safeSetLocalStorage (src/scripts/storage.js:17737:11)
          at Array.forEach (<anonymous>)
      at forEach (src/scripts/storage.js:17733:17)
      at importAllData (src/scripts/storage.js:17648:7)
      at Object.importAllData (tests/unit/storage.test.js:3728:5)

  console.log
    DEBUG: getSafeLocalStorage returning object

      at Proxy.apply (src/scripts/modules/base.js:92:26)
          at Array.forEach (<anonymous>)

  console.error
    DEBUG: safeSetLocalStorage EXEC accentColor Ocean

      61 |       return undefined;
      62 |     }
    > 63 |     return originalFn(...args);
         |            ^
      64 |   };
      65 | };
      66 |

      at console.<anonymous> (tests/setup/jest.setup.cjs:63:12)
      at Proxy.apply (src/scripts/modules/base.js:92:26)
      at error (src/scripts/storage.js:16657:11)
      at safeSetLocalStorage (src/scripts/storage.js:17737:11)
          at Array.forEach (<anonymous>)
      at forEach (src/scripts/storage.js:17733:17)
      at importAllData (src/scripts/storage.js:17648:7)
      at Object.importAllData (tests/unit/storage.test.js:3728:5)

  console.log
    DEBUG: isIndexedDB calculated: true

      at Proxy.apply (src/scripts/modules/base.js:92:26)
          at Array.forEach (<anonymous>)

  console.warn
    Unable to persist storage key during import accentColor ReferenceError: AUTO_GEAR_SHOW_BACKUPS_STORAGE_KEY is not defined
        at AUTO_GEAR_SHOW_BACKUPS_STORAGE_KEY (/Users/lucazanner/Documents/GitHub/cine-power-planner/src/scripts/storage.js:16809:9)
        at safeSetLocalStorage (/Users/lucazanner/Documents/GitHub/cine-power-planner/src/scripts/storage.js:17737:11)
        at Array.forEach (<anonymous>)
        at forEach (/Users/lucazanner/Documents/GitHub/cine-power-planner/src/scripts/storage.js:17733:17)
        at importAllData (/Users/lucazanner/Documents/GitHub/cine-power-planner/src/scripts/storage.js:17648:7)
        at Object.importAllData (/Users/lucazanner/Documents/GitHub/cine-power-planner/tests/unit/storage.test.js:3728:5)
        at Promise.finally.completed (/Users/lucazanner/Documents/GitHub/cine-power-planner/node_modules/jest-circus/build/jestAdapterInit.js:1557:28)
        at new Promise (<anonymous>)
        at callAsyncCircusFn (/Users/lucazanner/Documents/GitHub/cine-power-planner/node_modules/jest-circus/build/jestAdapterInit.js:1497:10)
        at _callCircusTest (/Users/lucazanner/Documents/GitHub/cine-power-planner/node_modules/jest-circus/build/jestAdapterInit.js:1007:40)
        at _runTest (/Users/lucazanner/Documents/GitHub/cine-power-planner/node_modules/jest-circus/build/jestAdapterInit.js:947:3)
        at /Users/lucazanner/Documents/GitHub/cine-power-planner/node_modules/jest-circus/build/jestAdapterInit.js:849:7
        at _runTestsForDescribeBlock (/Users/lucazanner/Documents/GitHub/cine-power-planner/node_modules/jest-circus/build/jestAdapterInit.js:862:11)
        at _runTestsForDescribeBlock (/Users/lucazanner/Documents/GitHub/cine-power-planner/node_modules/jest-circus/build/jestAdapterInit.js:857:11)
        at run (/Users/lucazanner/Documents/GitHub/cine-power-planner/node_modules/jest-circus/build/jestAdapterInit.js:761:3)
        at runAndTransformResultsToJestFormat (/Users/lucazanner/Documents/GitHub/cine-power-planner/node_modules/jest-circus/build/jestAdapterInit.js:1918:21)
        at jestAdapter (/Users/lucazanner/Documents/GitHub/cine-power-planner/node_modules/jest-circus/build/runner.js:101:19)
        at runTestInternal (/Users/lucazanner/Documents/GitHub/cine-power-planner/node_modules/jest-runner/build/index.js:275:16)
        at runTest (/Users/lucazanner/Documents/GitHub/cine-power-planner/node_modules/jest-runner/build/index.js:343:7)

      61 |       return undefined;
      62 |     }
    > 63 |     return originalFn(...args);
         |            ^
      64 |   };
      65 | };
      66 |

      at console.<anonymous> (tests/setup/jest.setup.cjs:63:12)
      at console.apply [as warn] (src/scripts/modules/base.js:92:26)
      at Proxy.apply (src/scripts/modules/base.js:92:26)
      at Proxy.apply (src/scripts/modules/base.js:92:26)
      at Proxy.apply (src/scripts/modules/base.js:92:26)
      at warn (src/scripts/storage.js:16818:13)
      at safeSetLocalStorage (src/scripts/storage.js:17737:11)
          at Array.forEach (<anonymous>)
      at forEach (src/scripts/storage.js:17733:17)
      at importAllData (src/scripts/storage.js:17648:7)
      at Object.importAllData (tests/unit/storage.test.js:3728:5)

  console.warn
    MOCK SET: __storage_test__ = 1

      61 |       return undefined;
      62 |     }
    > 63 |     return originalFn(...args);
         |            ^
      64 |   };
      65 | };
      66 |

      at console.<anonymous> (tests/setup/jest.setup.cjs:63:12)
      at console.apply [as warn] (src/scripts/modules/base.js:92:26)
      at Proxy.apply (src/scripts/modules/base.js:92:26)
      at Proxy.apply (src/scripts/modules/base.js:92:26)
      at Proxy.apply (src/scripts/modules/base.js:92:26)
      at Object.warn (tests/unit/storage.test.js:11:15)
      at setItem (src/scripts/storage.js:5846:13)
      at verifyStorage (src/scripts/storage.js:6155:26)
      at downgradeSafeLocalStorageToMemory (src/scripts/storage.js:16819:5)
      at safeSetLocalStorage (src/scripts/storage.js:17737:11)
          at Array.forEach (<anonymous>)
      at forEach (src/scripts/storage.js:17733:17)
      at importAllData (src/scripts/storage.js:17648:7)
      at Object.importAllData (tests/unit/storage.test.js:3728:5)

  console.warn
    Downgraded planner storage to sessionStorage after write access errors. ReferenceError: AUTO_GEAR_SHOW_BACKUPS_STORAGE_KEY is not defined
        at AUTO_GEAR_SHOW_BACKUPS_STORAGE_KEY (/Users/lucazanner/Documents/GitHub/cine-power-planner/src/scripts/storage.js:16809:9)
        at safeSetLocalStorage (/Users/lucazanner/Documents/GitHub/cine-power-planner/src/scripts/storage.js:17737:11)
        at Array.forEach (<anonymous>)
        at forEach (/Users/lucazanner/Documents/GitHub/cine-power-planner/src/scripts/storage.js:17733:17)
        at importAllData (/Users/lucazanner/Documents/GitHub/cine-power-planner/src/scripts/storage.js:17648:7)
        at Object.importAllData (/Users/lucazanner/Documents/GitHub/cine-power-planner/tests/unit/storage.test.js:3728:5)
        at Promise.finally.completed (/Users/lucazanner/Documents/GitHub/cine-power-planner/node_modules/jest-circus/build/jestAdapterInit.js:1557:28)
        at new Promise (<anonymous>)
        at callAsyncCircusFn (/Users/lucazanner/Documents/GitHub/cine-power-planner/node_modules/jest-circus/build/jestAdapterInit.js:1497:10)
        at _callCircusTest (/Users/lucazanner/Documents/GitHub/cine-power-planner/node_modules/jest-circus/build/jestAdapterInit.js:1007:40)
        at _runTest (/Users/lucazanner/Documents/GitHub/cine-power-planner/node_modules/jest-circus/build/jestAdapterInit.js:947:3)
        at /Users/lucazanner/Documents/GitHub/cine-power-planner/node_modules/jest-circus/build/jestAdapterInit.js:849:7
        at _runTestsForDescribeBlock (/Users/lucazanner/Documents/GitHub/cine-power-planner/node_modules/jest-circus/build/jestAdapterInit.js:862:11)
        at _runTestsForDescribeBlock (/Users/lucazanner/Documents/GitHub/cine-power-planner/node_modules/jest-circus/build/jestAdapterInit.js:857:11)
        at run (/Users/lucazanner/Documents/GitHub/cine-power-planner/node_modules/jest-circus/build/jestAdapterInit.js:761:3)
        at runAndTransformResultsToJestFormat (/Users/lucazanner/Documents/GitHub/cine-power-planner/node_modules/jest-circus/build/jestAdapterInit.js:1918:21)
        at jestAdapter (/Users/lucazanner/Documents/GitHub/cine-power-planner/node_modules/jest-circus/build/runner.js:101:19)
        at runTestInternal (/Users/lucazanner/Documents/GitHub/cine-power-planner/node_modules/jest-runner/build/index.js:275:16)
        at runTest (/Users/lucazanner/Documents/GitHub/cine-power-planner/node_modules/jest-runner/build/index.js:343:7)

      61 |       return undefined;
      62 |     }
    > 63 |     return originalFn(...args);
         |            ^
      64 |   };
      65 | };
      66 |

      at console.<anonymous> (tests/setup/jest.setup.cjs:63:12)
      at console.apply [as warn] (src/scripts/modules/base.js:92:26)
      at Proxy.apply (src/scripts/modules/base.js:92:26)
      at Proxy.apply (src/scripts/modules/base.js:92:26)
      at Proxy.apply (src/scripts/modules/base.js:92:26)
      at warn (src/scripts/storage.js:6193:11)
      at downgradeSafeLocalStorageToMemory (src/scripts/storage.js:16819:5)
      at safeSetLocalStorage (src/scripts/storage.js:17737:11)
          at Array.forEach (<anonymous>)
      at forEach (src/scripts/storage.js:17733:17)
      at importAllData (src/scripts/storage.js:17648:7)
      at Object.importAllData (tests/unit/storage.test.js:3728:5)

  console.warn
    MOCK SET: __storage_test__ = 1

      61 |       return undefined;
      62 |     }
    > 63 |     return originalFn(...args);
         |            ^
      64 |   };
      65 | };
      66 |

      at console.<anonymous> (tests/setup/jest.setup.cjs:63:12)
      at console.apply [as warn] (src/scripts/modules/base.js:92:26)
      at Proxy.apply (src/scripts/modules/base.js:92:26)
      at Proxy.apply (src/scripts/modules/base.js:92:26)
      at Proxy.apply (src/scripts/modules/base.js:92:26)
      at Object.warn (tests/unit/storage.test.js:11:15)
      at setItem (src/scripts/storage.js:5846:13)
      at verifyStorage (src/scripts/storage.js:6228:18)
      at attemptLocalStorageUpgrade (src/scripts/storage.js:6286:5)
      at getSafeLocalStorage (src/scripts/storage.js:16652:19)
      at safeSetLocalStorage (src/scripts/storage.js:17925:7)
      at importAllData (src/scripts/storage.js:17648:7)
      at Object.importAllData (tests/unit/storage.test.js:3728:5)

  console.log
    DEBUG: getSafeLocalStorage returning object

      at Proxy.apply (src/scripts/modules/base.js:92:26)

  console.error
    DEBUG: safeSetLocalStorage EXEC customLogo data:image/png;base64,AAA

      61 |       return undefined;
      62 |     }
    > 63 |     return originalFn(...args);
         |            ^
      64 |   };
      65 | };
      66 |

      at console.<anonymous> (tests/setup/jest.setup.cjs:63:12)
      at Proxy.apply (src/scripts/modules/base.js:92:26)
      at error (src/scripts/storage.js:16657:11)
      at safeSetLocalStorage (src/scripts/storage.js:17925:7)
      at importAllData (src/scripts/storage.js:17648:7)
      at Object.importAllData (tests/unit/storage.test.js:3728:5)

  console.log
    DEBUG: isIndexedDB calculated: true

      at Proxy.apply (src/scripts/modules/base.js:92:26)

  console.warn
    Unable to persist storage key during import customLogo ReferenceError: AUTO_GEAR_SHOW_BACKUPS_STORAGE_KEY is not defined
        at AUTO_GEAR_SHOW_BACKUPS_STORAGE_KEY (/Users/lucazanner/Documents/GitHub/cine-power-planner/src/scripts/storage.js:16809:9)
        at safeSetLocalStorage (/Users/lucazanner/Documents/GitHub/cine-power-planner/src/scripts/storage.js:17925:7)
        at importAllData (/Users/lucazanner/Documents/GitHub/cine-power-planner/src/scripts/storage.js:17648:7)
        at Object.importAllData (/Users/lucazanner/Documents/GitHub/cine-power-planner/tests/unit/storage.test.js:3728:5)
        at Promise.finally.completed (/Users/lucazanner/Documents/GitHub/cine-power-planner/node_modules/jest-circus/build/jestAdapterInit.js:1557:28)
        at new Promise (<anonymous>)
        at callAsyncCircusFn (/Users/lucazanner/Documents/GitHub/cine-power-planner/node_modules/jest-circus/build/jestAdapterInit.js:1497:10)
        at _callCircusTest (/Users/lucazanner/Documents/GitHub/cine-power-planner/node_modules/jest-circus/build/jestAdapterInit.js:1007:40)
        at _runTest (/Users/lucazanner/Documents/GitHub/cine-power-planner/node_modules/jest-circus/build/jestAdapterInit.js:947:3)
        at /Users/lucazanner/Documents/GitHub/cine-power-planner/node_modules/jest-circus/build/jestAdapterInit.js:849:7
        at _runTestsForDescribeBlock (/Users/lucazanner/Documents/GitHub/cine-power-planner/node_modules/jest-circus/build/jestAdapterInit.js:862:11)
        at _runTestsForDescribeBlock (/Users/lucazanner/Documents/GitHub/cine-power-planner/node_modules/jest-circus/build/jestAdapterInit.js:857:11)
        at run (/Users/lucazanner/Documents/GitHub/cine-power-planner/node_modules/jest-circus/build/jestAdapterInit.js:761:3)
        at runAndTransformResultsToJestFormat (/Users/lucazanner/Documents/GitHub/cine-power-planner/node_modules/jest-circus/build/jestAdapterInit.js:1918:21)
        at jestAdapter (/Users/lucazanner/Documents/GitHub/cine-power-planner/node_modules/jest-circus/build/runner.js:101:19)
        at runTestInternal (/Users/lucazanner/Documents/GitHub/cine-power-planner/node_modules/jest-runner/build/index.js:275:16)
        at runTest (/Users/lucazanner/Documents/GitHub/cine-power-planner/node_modules/jest-runner/build/index.js:343:7)

      61 |       return undefined;
      62 |     }
    > 63 |     return originalFn(...args);
         |            ^
      64 |   };
      65 | };
      66 |

      at console.<anonymous> (tests/setup/jest.setup.cjs:63:12)
      at console.apply [as warn] (src/scripts/modules/base.js:92:26)
      at Proxy.apply (src/scripts/modules/base.js:92:26)
      at Proxy.apply (src/scripts/modules/base.js:92:26)
      at Proxy.apply (src/scripts/modules/base.js:92:26)
      at warn (src/scripts/storage.js:16818:13)
      at safeSetLocalStorage (src/scripts/storage.js:17925:7)
      at importAllData (src/scripts/storage.js:17648:7)
      at Object.importAllData (tests/unit/storage.test.js:3728:5)

  console.warn
    MOCK SET: __storage_test__ = 1

      61 |       return undefined;
      62 |     }
    > 63 |     return originalFn(...args);
         |            ^
      64 |   };
      65 | };
      66 |

      at console.<anonymous> (tests/setup/jest.setup.cjs:63:12)
      at console.apply [as warn] (src/scripts/modules/base.js:92:26)
      at Proxy.apply (src/scripts/modules/base.js:92:26)
      at Proxy.apply (src/scripts/modules/base.js:92:26)
      at Proxy.apply (src/scripts/modules/base.js:92:26)
      at Object.warn (tests/unit/storage.test.js:11:15)
      at setItem (src/scripts/storage.js:5846:13)
      at verifyStorage (src/scripts/storage.js:6155:26)
      at downgradeSafeLocalStorageToMemory (src/scripts/storage.js:16819:5)
      at safeSetLocalStorage (src/scripts/storage.js:17925:7)
      at importAllData (src/scripts/storage.js:17648:7)
      at Object.importAllData (tests/unit/storage.test.js:3728:5)

  console.warn
    Downgraded planner storage to sessionStorage after write access errors. ReferenceError: AUTO_GEAR_SHOW_BACKUPS_STORAGE_KEY is not defined
        at AUTO_GEAR_SHOW_BACKUPS_STORAGE_KEY (/Users/lucazanner/Documents/GitHub/cine-power-planner/src/scripts/storage.js:16809:9)
        at safeSetLocalStorage (/Users/lucazanner/Documents/GitHub/cine-power-planner/src/scripts/storage.js:17925:7)
        at importAllData (/Users/lucazanner/Documents/GitHub/cine-power-planner/src/scripts/storage.js:17648:7)
        at Object.importAllData (/Users/lucazanner/Documents/GitHub/cine-power-planner/tests/unit/storage.test.js:3728:5)
        at Promise.finally.completed (/Users/lucazanner/Documents/GitHub/cine-power-planner/node_modules/jest-circus/build/jestAdapterInit.js:1557:28)
        at new Promise (<anonymous>)
        at callAsyncCircusFn (/Users/lucazanner/Documents/GitHub/cine-power-planner/node_modules/jest-circus/build/jestAdapterInit.js:1497:10)
        at _callCircusTest (/Users/lucazanner/Documents/GitHub/cine-power-planner/node_modules/jest-circus/build/jestAdapterInit.js:1007:40)
        at _runTest (/Users/lucazanner/Documents/GitHub/cine-power-planner/node_modules/jest-circus/build/jestAdapterInit.js:947:3)
        at /Users/lucazanner/Documents/GitHub/cine-power-planner/node_modules/jest-circus/build/jestAdapterInit.js:849:7
        at _runTestsForDescribeBlock (/Users/lucazanner/Documents/GitHub/cine-power-planner/node_modules/jest-circus/build/jestAdapterInit.js:862:11)
        at _runTestsForDescribeBlock (/Users/lucazanner/Documents/GitHub/cine-power-planner/node_modules/jest-circus/build/jestAdapterInit.js:857:11)
        at run (/Users/lucazanner/Documents/GitHub/cine-power-planner/node_modules/jest-circus/build/jestAdapterInit.js:761:3)
        at runAndTransformResultsToJestFormat (/Users/lucazanner/Documents/GitHub/cine-power-planner/node_modules/jest-circus/build/jestAdapterInit.js:1918:21)
        at jestAdapter (/Users/lucazanner/Documents/GitHub/cine-power-planner/node_modules/jest-circus/build/runner.js:101:19)
        at runTestInternal (/Users/lucazanner/Documents/GitHub/cine-power-planner/node_modules/jest-runner/build/index.js:275:16)
        at runTest (/Users/lucazanner/Documents/GitHub/cine-power-planner/node_modules/jest-runner/build/index.js:343:7)

      61 |       return undefined;
      62 |     }
    > 63 |     return originalFn(...args);
         |            ^
      64 |   };
      65 | };
      66 |

      at console.<anonymous> (tests/setup/jest.setup.cjs:63:12)
      at console.apply [as warn] (src/scripts/modules/base.js:92:26)
      at Proxy.apply (src/scripts/modules/base.js:92:26)
      at Proxy.apply (src/scripts/modules/base.js:92:26)
      at Proxy.apply (src/scripts/modules/base.js:92:26)
      at warn (src/scripts/storage.js:6193:11)
      at downgradeSafeLocalStorageToMemory (src/scripts/storage.js:16819:5)
      at safeSetLocalStorage (src/scripts/storage.js:17925:7)
      at importAllData (src/scripts/storage.js:17648:7)
      at Object.importAllData (tests/unit/storage.test.js:3728:5)

  console.warn
    MOCK SET: __storage_test__ = 1

      61 |       return undefined;
      62 |     }
    > 63 |     return originalFn(...args);
         |            ^
      64 |   };
      65 | };
      66 |

      at console.<anonymous> (tests/setup/jest.setup.cjs:63:12)
      at console.apply [as warn] (src/scripts/modules/base.js:92:26)
      at Proxy.apply (src/scripts/modules/base.js:92:26)
      at Proxy.apply (src/scripts/modules/base.js:92:26)
      at Proxy.apply (src/scripts/modules/base.js:92:26)
      at Object.warn (tests/unit/storage.test.js:11:15)
      at setItem (src/scripts/storage.js:5846:13)
      at verifyStorage (src/scripts/storage.js:6228:18)
      at attemptLocalStorageUpgrade (src/scripts/storage.js:6286:5)
      at getSafeLocalStorage (src/scripts/storage.js:7473:23)
      at migrateLegacyStorageKeys (src/scripts/storage.js:7538:3)
      at applyLegacyStorageMigrations (src/scripts/storage.js:9418:3)
      at loadDeviceData (src/scripts/storage.js:16543:14)
      at Object.exportAllData (tests/unit/storage.test.js:3730:22)

  console.log
    DEBUG: getSafeLocalStorage returning object

      at Proxy.apply (src/scripts/modules/base.js:92:26)

  console.log
    DEBUG: getSafeLocalStorage returning object

      at Proxy.apply (src/scripts/modules/base.js:92:26)

  console.log
    DEBUG: getSafeLocalStorage returning object

      at Proxy.apply (src/scripts/modules/base.js:92:26)

  console.log
    DEBUG: getSafeLocalStorage returning object

      at Proxy.apply (src/scripts/modules/base.js:92:26)

  console.log
    DEBUG: getSafeLocalStorage returning object

      at Proxy.apply (src/scripts/modules/base.js:92:26)

  console.log
    DEBUG: getSafeLocalStorage returning object

      at Proxy.apply (src/scripts/modules/base.js:92:26)

  console.log
    DEBUG: getSafeLocalStorage returning object

      at Proxy.apply (src/scripts/modules/base.js:92:26)

  console.log
    DEBUG: getSafeLocalStorage returning object

      at Proxy.apply (src/scripts/modules/base.js:92:26)

  console.log
    DEBUG: getSafeLocalStorage returning object

      at Proxy.apply (src/scripts/modules/base.js:92:26)

  console.log
    DEBUG: getSafeLocalStorage returning object

      at Proxy.apply (src/scripts/modules/base.js:92:26)

  console.log
    DEBUG: getSafeLocalStorage returning object

      at Proxy.apply (src/scripts/modules/base.js:92:26)

  console.log
    DEBUG: getSafeLocalStorage returning object

      at Proxy.apply (src/scripts/modules/base.js:92:26)

  console.log
    DEBUG: getSafeLocalStorage returning object

      at Proxy.apply (src/scripts/modules/base.js:92:26)

  console.log
    DEBUG: getSafeLocalStorage returning object

      at Proxy.apply (src/scripts/modules/base.js:92:26)

  console.log
    DEBUG: getSafeLocalStorage returning object

      at Proxy.apply (src/scripts/modules/base.js:92:26)

  console.log
    DEBUG: getSafeLocalStorage returning object

      at Proxy.apply (src/scripts/modules/base.js:92:26)

  console.log
    DEBUG: getSafeLocalStorage returning object

      at Proxy.apply (src/scripts/modules/base.js:92:26)

  console.log
    DEBUG: getSafeLocalStorage returning object

      at Proxy.apply (src/scripts/modules/base.js:92:26)

  console.log
    DEBUG: getSafeLocalStorage returning object

      at Proxy.apply (src/scripts/modules/base.js:92:26)

  console.log
    DEBUG: getSafeLocalStorage returning object

      at Proxy.apply (src/scripts/modules/base.js:92:26)

  console.log
    DEBUG: getSafeLocalStorage returning object

      at Proxy.apply (src/scripts/modules/base.js:92:26)

  console.log
    DEBUG: getSafeLocalStorage returning object

      at Proxy.apply (src/scripts/modules/base.js:92:26)

  console.log
    DEBUG: getSafeLocalStorage returning object

      at Proxy.apply (src/scripts/modules/base.js:92:26)

  console.log
    DEBUG: getSafeLocalStorage returning object

      at Proxy.apply (src/scripts/modules/base.js:92:26)

  console.log
    DEBUG: getSafeLocalStorage returning object

      at Proxy.apply (src/scripts/modules/base.js:92:26)

  console.log
    DEBUG: readLocalStorageValue fallback for darkMode

      at Proxy.apply (src/scripts/modules/base.js:92:26)

  console.log
    DEBUG: legacyStorage available: true

      at Proxy.apply (src/scripts/modules/base.js:92:26)

  console.log
    DEBUG: legacyValue for darkMode : null

      at Proxy.apply (src/scripts/modules/base.js:92:26)

  console.log
    DEBUG: getSafeLocalStorage returning object

      at Proxy.apply (src/scripts/modules/base.js:92:26)

  console.log
    DEBUG: readLocalStorageValue fallback for pinkMode

      at Proxy.apply (src/scripts/modules/base.js:92:26)

  console.log
    DEBUG: legacyStorage available: true

      at Proxy.apply (src/scripts/modules/base.js:92:26)

  console.log
    DEBUG: legacyValue for pinkMode : null

      at Proxy.apply (src/scripts/modules/base.js:92:26)

  console.log
    DEBUG: getSafeLocalStorage returning object

      at Proxy.apply (src/scripts/modules/base.js:92:26)

  console.log
    DEBUG: readLocalStorageValue fallback for highContrast

      at Proxy.apply (src/scripts/modules/base.js:92:26)

  console.log
    DEBUG: legacyStorage available: true

      at Proxy.apply (src/scripts/modules/base.js:92:26)

  console.log
    DEBUG: legacyValue for highContrast : null

      at Proxy.apply (src/scripts/modules/base.js:92:26)

  console.log
    DEBUG: getSafeLocalStorage returning object

      at Proxy.apply (src/scripts/modules/base.js:92:26)

  console.log
    DEBUG: readLocalStorageValue fallback for reduceMotion

      at Proxy.apply (src/scripts/modules/base.js:92:26)

  console.log
    DEBUG: legacyStorage available: true

      at Proxy.apply (src/scripts/modules/base.js:92:26)

  console.log
    DEBUG: legacyValue for reduceMotion : null

      at Proxy.apply (src/scripts/modules/base.js:92:26)

  console.log
    DEBUG: getSafeLocalStorage returning object

      at Proxy.apply (src/scripts/modules/base.js:92:26)

  console.log
    DEBUG: readLocalStorageValue fallback for relaxedSpacing

      at Proxy.apply (src/scripts/modules/base.js:92:26)

  console.log
    DEBUG: legacyStorage available: true

      at Proxy.apply (src/scripts/modules/base.js:92:26)

  console.log
    DEBUG: legacyValue for relaxedSpacing : null

      at Proxy.apply (src/scripts/modules/base.js:92:26)

  console.log
    DEBUG: getSafeLocalStorage returning object

      at Proxy.apply (src/scripts/modules/base.js:92:26)

  console.log
    DEBUG: readLocalStorageValue fallback for showAutoBackups

      at Proxy.apply (src/scripts/modules/base.js:92:26)

  console.log
    DEBUG: legacyStorage available: true

      at Proxy.apply (src/scripts/modules/base.js:92:26)

  console.log
    DEBUG: legacyValue for showAutoBackups : null

      at Proxy.apply (src/scripts/modules/base.js:92:26)

  console.log
    DEBUG: getSafeLocalStorage returning object

      at Proxy.apply (src/scripts/modules/base.js:92:26)

  console.log
    DEBUG: readLocalStorageValue fallback for accentColor

      at Proxy.apply (src/scripts/modules/base.js:92:26)

  console.log
    DEBUG: legacyStorage available: true

      at Proxy.apply (src/scripts/modules/base.js:92:26)

  console.log
    DEBUG: legacyValue for accentColor : null

      at Proxy.apply (src/scripts/modules/base.js:92:26)

  console.log
    DEBUG: getSafeLocalStorage returning object

      at Proxy.apply (src/scripts/modules/base.js:92:26)

  console.log
    DEBUG: readLocalStorageValue fallback for fontSize

      at Proxy.apply (src/scripts/modules/base.js:92:26)

  console.log
    DEBUG: legacyStorage available: true

      at Proxy.apply (src/scripts/modules/base.js:92:26)

  console.log
    DEBUG: legacyValue for fontSize : null

      at Proxy.apply (src/scripts/modules/base.js:92:26)

  console.log
    DEBUG: getSafeLocalStorage returning object

      at Proxy.apply (src/scripts/modules/base.js:92:26)

  console.log
    DEBUG: readLocalStorageValue fallback for fontFamily

      at Proxy.apply (src/scripts/modules/base.js:92:26)

  console.log
    DEBUG: legacyStorage available: true

      at Proxy.apply (src/scripts/modules/base.js:92:26)

  console.log
    DEBUG: legacyValue for fontFamily : null

      at Proxy.apply (src/scripts/modules/base.js:92:26)

  console.log
    DEBUG: getSafeLocalStorage returning object

      at Proxy.apply (src/scripts/modules/base.js:92:26)

  console.log
    DEBUG: readLocalStorageValue fallback for language

      at Proxy.apply (src/scripts/modules/base.js:92:26)

  console.log
    DEBUG: legacyStorage available: true

      at Proxy.apply (src/scripts/modules/base.js:92:26)

  console.log
    DEBUG: legacyValue for language : null

      at Proxy.apply (src/scripts/modules/base.js:92:26)

  console.log
    DEBUG: getSafeLocalStorage returning object

      at Proxy.apply (src/scripts/modules/base.js:92:26)

  console.log
    DEBUG: getSafeLocalStorage returning object

      at Proxy.apply (src/scripts/modules/base.js:92:26)

  console.log
    DEBUG: readLocalStorageValue fallback for iosPwaHelpShown

      at Proxy.apply (src/scripts/modules/base.js:92:26)

  console.log
    DEBUG: legacyStorage available: true

      at Proxy.apply (src/scripts/modules/base.js:92:26)

  console.log
    DEBUG: legacyValue for iosPwaHelpShown : null

      at Proxy.apply (src/scripts/modules/base.js:92:26)

  console.log
    DEBUG: getSafeLocalStorage returning object

      at Proxy.apply (src/scripts/modules/base.js:92:26)

  console.log
    DEBUG: getSafeLocalStorage returning object

      at Proxy.apply (src/scripts/modules/base.js:92:26)

  console.log
    DEBUG: getSafeLocalStorage returning object

      at Proxy.apply (src/scripts/modules/base.js:92:26)

  console.log
    DEBUG: getSafeLocalStorage returning object

      at Proxy.apply (src/scripts/modules/base.js:92:26)

  console.log
    DEBUG: getSafeLocalStorage returning object

      at Proxy.apply (src/scripts/modules/base.js:92:26)

  console.warn
    MOCK SET: cameraPowerPlanner_devices = {"cameras":{},"monitors":{},"video":{},"viewfinder

      61 |       return undefined;
      62 |     }
    > 63 |     return originalFn(...args);
         |            ^
      64 |   };
      65 | };
      66 |

      at console.<anonymous> (tests/setup/jest.setup.cjs:63:12)
      at console.apply [as warn] (src/scripts/modules/base.js:92:26)
      at Proxy.apply (src/scripts/modules/base.js:92:26)
      at Proxy.apply (src/scripts/modules/base.js:92:26)
      at Proxy.apply (src/scripts/modules/base.js:92:26)
      at Object.warn (tests/unit/storage.test.js:11:15)
      at Object.setItem (tests/unit/storage.test.js:3748:18)

  console.log
    DEBUG: getSafeLocalStorage returning object

      at Proxy.apply (src/scripts/modules/base.js:92:26)

  console.warn
    MOCK SET: cameraPowerPlanner_devices__backup = {"cameras":{},"monitors":{},"video":{},"viewfinder

      61 |       return undefined;
      62 |     }
    > 63 |     return originalFn(...args);
         |            ^
      64 |   };
      65 | };
      66 |

      at console.<anonymous> (tests/setup/jest.setup.cjs:63:12)
      at console.apply [as warn] (src/scripts/modules/base.js:92:26)
      at Proxy.apply (src/scripts/modules/base.js:92:26)
      at Proxy.apply (src/scripts/modules/base.js:92:26)
      at Proxy.apply (src/scripts/modules/base.js:92:26)
      at Object.warn (tests/unit/storage.test.js:11:15)
      at setItem (src/scripts/storage.js:3716:17)
      at tryStoreBackup (src/scripts/storage.js:3757:23)
      at Object.ensureCriticalStorageBackups (tests/unit/storage.test.js:3749:20)

  console.log
    DEBUG: getSafeLocalStorage returning object

      at Proxy.apply (src/scripts/modules/base.js:92:26)

  console.log
    DEBUG: getSafeLocalStorage returning object

      at Proxy.apply (src/scripts/modules/base.js:92:26)

  console.log
    DEBUG: getSafeLocalStorage returning object

      at Proxy.apply (src/scripts/modules/base.js:92:26)

  console.warn
    MOCK SET: cameraPowerPlanner_project__backup = {}

      61 |       return undefined;
      62 |     }
    > 63 |     return originalFn(...args);
         |            ^
      64 |   };
      65 | };
      66 |

      at console.<anonymous> (tests/setup/jest.setup.cjs:63:12)
      at console.apply [as warn] (src/scripts/modules/base.js:92:26)
      at Proxy.apply (src/scripts/modules/base.js:92:26)
      at Proxy.apply (src/scripts/modules/base.js:92:26)
      at Proxy.apply (src/scripts/modules/base.js:92:26)
      at Object.warn (tests/unit/storage.test.js:11:15)
      at setItem (src/scripts/storage.js:3716:17)
      at tryStoreBackup (src/scripts/storage.js:3757:23)
      at Object.ensureCriticalStorageBackups (tests/unit/storage.test.js:3749:20)

  console.log
    DEBUG: getSafeLocalStorage returning object

      at Proxy.apply (src/scripts/modules/base.js:92:26)

  console.log
    DEBUG: getSafeLocalStorage returning object

      at Proxy.apply (src/scripts/modules/base.js:92:26)

  console.warn
    MOCK SET: cameraPowerPlanner_project = {}

      61 |       return undefined;
      62 |     }
    > 63 |     return originalFn(...args);
         |            ^
      64 |   };
      65 | };
      66 |

      at console.<anonymous> (tests/setup/jest.setup.cjs:63:12)
      at console.apply [as warn] (src/scripts/modules/base.js:92:26)
      at Proxy.apply (src/scripts/modules/base.js:92:26)
      at Proxy.apply (src/scripts/modules/base.js:92:26)
      at Proxy.apply (src/scripts/modules/base.js:92:26)
      at Object.warn (tests/unit/storage.test.js:11:15)
      at setItem (src/scripts/storage.js:7912:23)
      at loadJSONFromStorage (src/scripts/storage.js:12437:18)
      at Object.readAllProjectsFromStorage [as valueProvider] (src/scripts/storage.js:3411:32)
      at valueProvider (src/scripts/storage.js:3642:30)
      at Object.ensureCriticalStorageBackups (tests/unit/storage.test.js:3749:20)

  console.log
    DEBUG: getSafeLocalStorage returning object

      at Proxy.apply (src/scripts/modules/base.js:92:26)

  console.warn
    MOCK SET: cinePowerPlanner_project__backup = {}

      61 |       return undefined;
      62 |     }
    > 63 |     return originalFn(...args);
         |            ^
      64 |   };
      65 | };
      66 |

      at console.<anonymous> (tests/setup/jest.setup.cjs:63:12)
      at console.apply [as warn] (src/scripts/modules/base.js:92:26)
      at Proxy.apply (src/scripts/modules/base.js:92:26)
      at Proxy.apply (src/scripts/modules/base.js:92:26)
      at Proxy.apply (src/scripts/modules/base.js:92:26)
      at Object.warn (tests/unit/storage.test.js:11:15)
      at setItem (src/scripts/storage.js:3716:17)
      at tryStoreBackup (src/scripts/storage.js:3757:23)
      at Object.ensureCriticalStorageBackups (tests/unit/storage.test.js:3749:20)

  console.warn
    MOCK SET: __cineLoggingHistory = [{"id":"log-1768594475950-x4wfd6ln","level":"info"

      61 |       return undefined;
      62 |     }
    > 63 |     return originalFn(...args);
         |            ^
      64 |   };
      65 | };
      66 |

      at console.<anonymous> (tests/setup/jest.setup.cjs:63:12)
      at console.apply [as warn] (src/scripts/modules/base.js:92:26)
      at Proxy.apply (src/scripts/modules/base.js:92:26)
      at Proxy.apply (src/scripts/modules/base.js:92:26)
      at Proxy.apply (src/scripts/modules/base.js:92:26)
      at Object.warn (tests/unit/storage.test.js:11:15)
      at setItem (src/scripts/modules/logging.js:1679:13)
      at persistHistorySafe (src/scripts/modules/logging.js:1887:3)
      at appendEntry (src/scripts/modules/logging.js:2658:5)
      at logInternal (src/scripts/modules/logging.js:2864:12)
      at Object.logWithNamespace [as info] (src/scripts/modules/logging.js:2879:14)
      at logStorageEvent (src/scripts/storage.js:1072:32)
      at logStorageEvent (src/scripts/storage.js:3842:5)
      at Object.ensureCriticalStorageBackups (tests/unit/storage.test.js:3749:20)

  console.log
    DEBUG: getSafeLocalStorage returning object

      at Proxy.apply (src/scripts/modules/base.js:92:26)

  console.log
    DEBUG: getSafeLocalStorage returning object

      at Proxy.apply (src/scripts/modules/base.js:92:26)

  console.log
    DEBUG: getSafeLocalStorage returning object

      at Proxy.apply (src/scripts/modules/base.js:92:26)

  console.log
    DEBUG: getSafeLocalStorage returning object

      at Proxy.apply (src/scripts/modules/base.js:92:26)

  console.log
    DEBUG: getSafeLocalStorage returning object

      at Proxy.apply (src/scripts/modules/base.js:92:26)

  console.log
    DEBUG: getSafeLocalStorage returning object

      at Proxy.apply (src/scripts/modules/base.js:92:26)

  console.log
    DEBUG: getSafeLocalStorage returning object

      at Proxy.apply (src/scripts/modules/base.js:92:26)

  console.log
    DEBUG: getSafeLocalStorage returning object

      at Proxy.apply (src/scripts/modules/base.js:92:26)

  console.warn
    MOCK SET: cameraPowerPlanner_prj_Backup Demo = {"gearList":"<ul>Backup</ul>","projectInfo":null,"

      61 |       return undefined;
      62 |     }
    > 63 |     return originalFn(...args);
         |            ^
      64 |   };
      65 | };
      66 |

      at console.<anonymous> (tests/setup/jest.setup.cjs:63:12)
      at console.apply [as warn] (src/scripts/modules/base.js:92:26)
      at Proxy.apply (src/scripts/modules/base.js:92:26)
      at Proxy.apply (src/scripts/modules/base.js:92:26)
      at Proxy.apply (src/scripts/modules/base.js:92:26)
      at Object.warn (tests/unit/storage.test.js:11:15)
      at setItem (src/scripts/storage.js:8463:17)
      at saveJSONToStorage (src/scripts/storage.js:12780:18)
      at persistProjectShard (src/scripts/storage.js:13513:20)
      at Object.saveProject (tests/unit/storage.test.js:3757:5)

  console.log
    DEBUG: getSafeLocalStorage returning object

      at Proxy.apply (src/scripts/modules/base.js:92:26)

  console.log
    DEBUG: getSafeLocalStorage returning object

      at Proxy.apply (src/scripts/modules/base.js:92:26)
          at Array.forEach (<anonymous>)

  console.log
    DEBUG: getSafeLocalStorage returning object

      at Proxy.apply (src/scripts/modules/base.js:92:26)
          at Array.forEach (<anonymous>)

  console.log
    DEBUG: getSafeLocalStorage returning object

      at Proxy.apply (src/scripts/modules/base.js:92:26)

  console.warn
    MOCK SET: cameraPowerPlanner_project_rev = 1

      61 |       return undefined;
      62 |     }
    > 63 |     return originalFn(...args);
         |            ^
      64 |   };
      65 | };
      66 |

      at console.<anonymous> (tests/setup/jest.setup.cjs:63:12)
      at console.apply [as warn] (src/scripts/modules/base.js:92:26)
      at Proxy.apply (src/scripts/modules/base.js:92:26)
      at Proxy.apply (src/scripts/modules/base.js:92:26)
      at Proxy.apply (src/scripts/modules/base.js:92:26)
      at Object.warn (tests/unit/storage.test.js:11:15)
      at setItem (src/scripts/storage.js:8463:17)
      at saveJSONToStorage (src/scripts/storage.js:1859:3)
      at bumpProjectStorageRevision (src/scripts/storage.js:12834:3)
      at persistAllProjects (src/scripts/storage.js:13535:5)
      at Object.saveProject (tests/unit/storage.test.js:3757:5)

  console.warn
    MOCK SET: cameraPowerPlanner_project_rev__backup = 1

      61 |       return undefined;
      62 |     }
    > 63 |     return originalFn(...args);
         |            ^
      64 |   };
      65 | };
      66 |

      at console.<anonymous> (tests/setup/jest.setup.cjs:63:12)
      at console.apply [as warn] (src/scripts/modules/base.js:92:26)
      at Proxy.apply (src/scripts/modules/base.js:92:26)
      at Proxy.apply (src/scripts/modules/base.js:92:26)
      at Proxy.apply (src/scripts/modules/base.js:92:26)
      at Object.warn (tests/unit/storage.test.js:11:15)
      at setItem (src/scripts/storage.js:8524:19)
      at tryStoreCandidate (src/scripts/storage.js:8540:13)
      at attemptBackupWrite (src/scripts/storage.js:8617:26)
      at saveJSONToStorage (src/scripts/storage.js:1859:3)
      at bumpProjectStorageRevision (src/scripts/storage.js:12834:3)
      at persistAllProjects (src/scripts/storage.js:13535:5)
      at Object.saveProject (tests/unit/storage.test.js:3757:5)

  console.log
    DEBUG: getSafeLocalStorage returning object

      at Proxy.apply (src/scripts/modules/base.js:92:26)

  console.log
    DEBUG: getSafeLocalStorage returning object

      at Proxy.apply (src/scripts/modules/base.js:92:26)

  console.log
    DEBUG: getSafeLocalStorage returning object

      at Proxy.apply (src/scripts/modules/base.js:92:26)

  console.log
    DEBUG: getSafeLocalStorage returning object

      at Proxy.apply (src/scripts/modules/base.js:92:26)

  console.warn
    MOCK SET: cameraPowerPlanner_project__backup = {"Backup Demo":{"gearList":"<ul>Backup</ul>","proj

      61 |       return undefined;
      62 |     }
    > 63 |     return originalFn(...args);
         |            ^
      64 |   };
      65 | };
      66 |

      at console.<anonymous> (tests/setup/jest.setup.cjs:63:12)
      at console.apply [as warn] (src/scripts/modules/base.js:92:26)
      at Proxy.apply (src/scripts/modules/base.js:92:26)
      at Proxy.apply (src/scripts/modules/base.js:92:26)
      at Proxy.apply (src/scripts/modules/base.js:92:26)
      at Object.warn (tests/unit/storage.test.js:11:15)
      at setItem (src/scripts/storage.js:3716:17)
      at tryStoreBackup (src/scripts/storage.js:3757:23)
      at Object.ensureCriticalStorageBackups (tests/unit/storage.test.js:3763:20)

  console.log
    DEBUG: getSafeLocalStorage returning object

      at Proxy.apply (src/scripts/modules/base.js:92:26)

  console.log
    DEBUG: getSafeLocalStorage returning object

      at Proxy.apply (src/scripts/modules/base.js:92:26)

  console.warn
    MOCK SET: cameraPowerPlanner_project = {"Backup Demo":{"gearList":"<ul>Backup</ul>","proj

      61 |       return undefined;
      62 |     }
    > 63 |     return originalFn(...args);
         |            ^
      64 |   };
      65 | };
      66 |

      at console.<anonymous> (tests/setup/jest.setup.cjs:63:12)
      at console.apply [as warn] (src/scripts/modules/base.js:92:26)
      at Proxy.apply (src/scripts/modules/base.js:92:26)
      at Proxy.apply (src/scripts/modules/base.js:92:26)
      at Proxy.apply (src/scripts/modules/base.js:92:26)
      at Object.warn (tests/unit/storage.test.js:11:15)
      at setItem (src/scripts/storage.js:7912:23)
      at loadJSONFromStorage (src/scripts/storage.js:12437:18)
      at Object.readAllProjectsFromStorage [as valueProvider] (src/scripts/storage.js:3411:32)
      at valueProvider (src/scripts/storage.js:3642:30)
      at Object.ensureCriticalStorageBackups (tests/unit/storage.test.js:3763:20)

  console.log
    DEBUG: getSafeLocalStorage returning object

      at Proxy.apply (src/scripts/modules/base.js:92:26)

  console.warn
    MOCK SET: cinePowerPlanner_project__backup = {"Backup Demo":{"gearList":"<ul>Backup</ul>","proj

      61 |       return undefined;
      62 |     }
    > 63 |     return originalFn(...args);
         |            ^
      64 |   };
      65 | };
      66 |

      at console.<anonymous> (tests/setup/jest.setup.cjs:63:12)
      at console.apply [as warn] (src/scripts/modules/base.js:92:26)
      at Proxy.apply (src/scripts/modules/base.js:92:26)
      at Proxy.apply (src/scripts/modules/base.js:92:26)
      at Proxy.apply (src/scripts/modules/base.js:92:26)
      at Object.warn (tests/unit/storage.test.js:11:15)
      at setItem (src/scripts/storage.js:3716:17)
      at tryStoreBackup (src/scripts/storage.js:3757:23)
      at Object.ensureCriticalStorageBackups (tests/unit/storage.test.js:3763:20)

  console.warn
    MOCK SET: __cineLoggingHistory = [{"id":"log-1768594475950-x4wfd6ln","level":"info"

      61 |       return undefined;
      62 |     }
    > 63 |     return originalFn(...args);
         |            ^
      64 |   };
      65 | };
      66 |

      at console.<anonymous> (tests/setup/jest.setup.cjs:63:12)
      at console.apply [as warn] (src/scripts/modules/base.js:92:26)
      at Proxy.apply (src/scripts/modules/base.js:92:26)
      at Proxy.apply (src/scripts/modules/base.js:92:26)
      at Proxy.apply (src/scripts/modules/base.js:92:26)
      at Object.warn (tests/unit/storage.test.js:11:15)
      at setItem (src/scripts/modules/logging.js:1679:13)
      at persistHistorySafe (src/scripts/modules/logging.js:1887:3)
      at appendEntry (src/scripts/modules/logging.js:2658:5)
      at logInternal (src/scripts/modules/logging.js:2864:12)
      at Object.logWithNamespace [as info] (src/scripts/modules/logging.js:2879:14)
      at logStorageEvent (src/scripts/storage.js:1072:32)
      at logStorageEvent (src/scripts/storage.js:3842:5)
      at Object.ensureCriticalStorageBackups (tests/unit/storage.test.js:3763:20)

  console.log
    DEBUG: getSafeLocalStorage returning object

      at Proxy.apply (src/scripts/modules/base.js:92:26)

  console.log
    DEBUG: getSafeLocalStorage returning object

      at Proxy.apply (src/scripts/modules/base.js:92:26)

  console.log
    DEBUG: getSafeLocalStorage returning object

      at Proxy.apply (src/scripts/modules/base.js:92:26)

  console.log
    DEBUG: getSafeLocalStorage returning object

      at Proxy.apply (src/scripts/modules/base.js:92:26)

  console.warn
    MOCK SET: cameraPowerPlanner_project__backup = {}

      61 |       return undefined;
      62 |     }
    > 63 |     return originalFn(...args);
         |            ^
      64 |   };
      65 | };
      66 |

      at console.<anonymous> (tests/setup/jest.setup.cjs:63:12)
      at console.apply [as warn] (src/scripts/modules/base.js:92:26)
      at Proxy.apply (src/scripts/modules/base.js:92:26)
      at Proxy.apply (src/scripts/modules/base.js:92:26)
      at Proxy.apply (src/scripts/modules/base.js:92:26)
      at Object.warn (tests/unit/storage.test.js:11:15)
      at setItem (src/scripts/storage.js:3716:17)
      at tryStoreBackup (src/scripts/storage.js:3757:23)
      at Object.ensureCriticalStorageBackups (tests/unit/storage.test.js:3779:20)

  console.log
    DEBUG: getSafeLocalStorage returning object

      at Proxy.apply (src/scripts/modules/base.js:92:26)

  console.log
    DEBUG: getSafeLocalStorage returning object

      at Proxy.apply (src/scripts/modules/base.js:92:26)

  console.warn
    MOCK SET: cameraPowerPlanner_project = {}

      61 |       return undefined;
      62 |     }
    > 63 |     return originalFn(...args);
         |            ^
      64 |   };
      65 | };
      66 |

      at console.<anonymous> (tests/setup/jest.setup.cjs:63:12)
      at console.apply [as warn] (src/scripts/modules/base.js:92:26)
      at Proxy.apply (src/scripts/modules/base.js:92:26)
      at Proxy.apply (src/scripts/modules/base.js:92:26)
      at Proxy.apply (src/scripts/modules/base.js:92:26)
      at Object.warn (tests/unit/storage.test.js:11:15)
      at setItem (src/scripts/storage.js:7912:23)
      at loadJSONFromStorage (src/scripts/storage.js:12437:18)
      at Object.readAllProjectsFromStorage [as valueProvider] (src/scripts/storage.js:3411:32)
      at valueProvider (src/scripts/storage.js:3642:30)
      at Object.ensureCriticalStorageBackups (tests/unit/storage.test.js:3779:20)

  console.log
    DEBUG: getSafeLocalStorage returning object

      at Proxy.apply (src/scripts/modules/base.js:92:26)

  console.warn
    MOCK SET: cinePowerPlanner_project__backup = {}

      61 |       return undefined;
      62 |     }
    > 63 |     return originalFn(...args);
         |            ^
      64 |   };
      65 | };
      66 |

      at console.<anonymous> (tests/setup/jest.setup.cjs:63:12)
      at console.apply [as warn] (src/scripts/modules/base.js:92:26)
      at Proxy.apply (src/scripts/modules/base.js:92:26)
      at Proxy.apply (src/scripts/modules/base.js:92:26)
      at Proxy.apply (src/scripts/modules/base.js:92:26)
      at Object.warn (tests/unit/storage.test.js:11:15)
      at setItem (src/scripts/storage.js:3716:17)
      at tryStoreBackup (src/scripts/storage.js:3757:23)
      at Object.ensureCriticalStorageBackups (tests/unit/storage.test.js:3779:20)

  console.warn
    MOCK SET: __cineLoggingHistory = [{"id":"log-1768594475950-x4wfd6ln","level":"info"

      61 |       return undefined;
      62 |     }
    > 63 |     return originalFn(...args);
         |            ^
      64 |   };
      65 | };
      66 |

      at console.<anonymous> (tests/setup/jest.setup.cjs:63:12)
      at console.apply [as warn] (src/scripts/modules/base.js:92:26)
      at Proxy.apply (src/scripts/modules/base.js:92:26)
      at Proxy.apply (src/scripts/modules/base.js:92:26)
      at Proxy.apply (src/scripts/modules/base.js:92:26)
      at Object.warn (tests/unit/storage.test.js:11:15)
      at setItem (src/scripts/modules/logging.js:1679:13)
      at persistHistorySafe (src/scripts/modules/logging.js:1887:3)
      at appendEntry (src/scripts/modules/logging.js:2658:5)
      at logInternal (src/scripts/modules/logging.js:2864:12)
      at Object.logWithNamespace [as info] (src/scripts/modules/logging.js:2879:14)
      at logStorageEvent (src/scripts/storage.js:1072:32)
      at logStorageEvent (src/scripts/storage.js:3842:5)
      at Object.ensureCriticalStorageBackups (tests/unit/storage.test.js:3779:20)

FAIL unit tests/unit/storage.test.js
  device data storage
    ✓ saveDeviceData stores JSON in localStorage (6 ms)
    ✓ saveDeviceData(null) removes stored overrides and backup copy (7 ms)
    ✓ loadDeviceData returns parsed data if valid (4 ms)
    ✓ loadDeviceData adds missing categories for legacy data (5 ms)
    ✓ loadDeviceData creates migration backup before rewriting normalized data (6 ms)
    ✓ loadDeviceData preserves existing migration backup entries (7 ms)
    ✓ loadDeviceData migrates legacy key prefix to current storage (4 ms)
    ✕ loadDeviceData recovers missing primary from compressed backup without nesting compression
    ✕ saveDeviceData stores uncompressed payloads even for large entries (1 ms)
    ✕ saveDeviceData rewrites legacy compressed payloads to plain JSON (1 ms)
    ✓ loadDeviceData replaces non-object categories with empty objects (8 ms)
    ✓ loadDeviceData returns null for primitive data (2 ms)
    ✓ loadDeviceData restores data from backup when primary payload is corrupted (8 ms)
  setup storage
    ✓ saveSetups stores JSON (4 ms)
    ✓ loadSetups returns empty object when none (2 ms)
    ✓ loadSetups returns parsed object when present (1 ms)
    ✓ loadSetups converts array data into an object (4 ms)
    ✓ loadSetups ensures unique keys when names duplicate (4 ms)
    ✓ loadSetups treats case or whitespace variants as duplicates (10 ms)
    ✓ loadSetups returns empty object for primitive data (1 ms)
    ✓ loadSetups recovers from backup when stored data is corrupted (5 ms)
    ✓ loadSetups removes entries that are not plain objects (4 ms)
    ✓ saveSetups removes older duplicate auto backups before trimming unique entries (9 ms)
    ✓ saveSetups replaces circular references in auto backups with a safe placeholder (3 ms)
    ✓ saveSetups keeps auto backups with identical data when labels differ (3 ms)
    ✓ saveSetups keeps auto backups with distinct Date values for the same label (9 ms)
    ✓ saveSetups keeps the newest auto backup for each project label when trimming (8 ms)
    ✓ saveSetups keeps only the newest unlabeled auto backup when earlier copies are identical (6 ms)
    ✓ saveSetups logs when duplicate auto backups are trimmed without losing the newest copy (7 ms)
    ✓ saveSetups retains unique auto backups even when exceeding the retention limit (9 ms)
    ✓ renameSetup marks auto backups renamed within the automatic namespace (5 ms)
    ✓ saveSetups keeps renamed auto backups when a new snapshot shares the label (2 ms)
    ✓ saveSetup adds and persists single setup (4 ms)
    ✓ loadSetup retrieves named setup (1 ms)
    ✓ deleteSetup removes named setup (4 ms)
    ✓ renameSetup renames setup to a new unique name (4 ms)
    ✓ renameSetup appends suffix when target exists (5 ms)
    ✓ renameSetup ignores case and whitespace when name unchanged (1 ms)
    ✓ renameSetup prevents case-insensitive duplicates (3 ms)
    ✓ renameSetup returns null when original missing (2 ms)
    ✓ renameSetup ignores empty new name (1 ms)
  session state storage
    ✓ saveSessionState stores JSON in localStorage (2 ms)
    ✓ loadSessionState returns parsed object when present (1 ms)
    ✓ loadSessionState returns null when none
    ✓ loadSessionState migrates data from sessionStorage (3 ms)
    ✓ loadSessionState migrates legacy key prefix (2 ms)
    ✓ loadSessionState normalizes legacy session payloads (5 ms)
    ✓ loadSessionState creates migration backup before rewriting normalized data (4 ms)
    ✓ loadSessionState preserves existing migration backup entries (4 ms)
  feedback storage
    ✓ saveFeedback stores JSON (2 ms)
    ✓ loadFeedback returns parsed object when present (1 ms)
    ✓ loadFeedback returns empty object for non-object data (3 ms)
  project storage
    ✓ saveProject stores data per project name (19 ms)
    ✓ loadProject resolves entries saved with surrounding whitespace (3 ms)
    ✓ saveProject normalizes project keys with surrounding whitespace when unused (9 ms)
    ✕ deleteProject removes entries even when addressed with trimmed names (17 ms)
    ✓ saveProject normalizes null gearList to empty string (8 ms)
    ✓ saveProject strips non-object projectInfo values (7 ms)
    ✓ saveProject preserves custom gear selector entries (9 ms)
    ✓ saveProject removes older duplicate auto backups before trimming unique entries (185 ms)
    ✓ saveProject retains unique auto backups even when exceeding the retention limit (224 ms)
    ✓ saveProject ignores non-object payloads entirely (2 ms)
    ✓ saveProject creates an automatic backup before overwriting existing data (17 ms)
    ✓ saveProject generates distinct auto backup names within the same minute (33 ms)
    ✓ saveProject skips creating backups when data has not changed (15 ms)
    ✓ saveProject does not create nested backups when updating auto backup entries (13 ms)
    ✓ loadProject returns normalized map of projects when name omitted (9 ms)
    ✓ loadProject upgrades legacy lens list strings to structured selections (7 ms)
    ✓ loadProject normalizes legacy lens selection objects and arrays (7 ms)
    ✓ loadProject derives lens selections when legacy data stored outside projectInfo (5 ms)
    ✓ loadProject normalizes legacy lens selection maps with string mounts (7 ms)
    ✓ loadProject preserves metadata when deriving lens selections from name maps (7 ms)
    ✓ loadProject recovers project info from stored requirements HTML (7 ms)
    ✓ loadProject parses combined production company requirement box (7 ms)
    ✓ loadProject maps localized requirement labels when data-field is missing (7 ms)
    ✓ loadProject returns null for unknown names (7 ms)
    ✓ loadProject migrates legacy key prefix to new storage (6 ms)
    ✓ loadProject creates migration backup before rewriting normalized data (7 ms)
    ✓ loadProject preserves existing migration backup entries (5 ms)
    ✕ deleteProject removes individual projects and stores an automatic backup before deleting (15 ms)
    ✓ deleteProject without a name clears all stored projects (18 ms)
  favorites storage
    ✓ loadFavorites returns empty object for non-object data (1 ms)
    ✓ saveFavorites ignores non-object payloads (1 ms)
  automatic gear storage
    ✓ saveAutoGearRules persists rule arrays (2 ms)
    ✓ loadAutoGearRules falls back to empty array when data malformed (2 ms)
    ✓ loadAutoGearRules migrates legacy key prefix (1 ms)
    ✓ loadAutoGearRules defaults enabled to true when missing (2 ms)
    ✕ loadAutoGearBackups returns stored backups and sanitises invalid payloads (1 ms)
    ✕ saveAutoGearAutoPresetId removes auto preset entries from compressed storage (4 ms)
    ✕ saveAutoGearBackups trims the oldest entry when storage quota is exceeded (7 ms)
    ✕ saveAutoGearBackups removes migration backup copy when quota persists with empty payload (9 ms)
    ✕ saveAutoGearBackups clears cached UI storage when migration cleanup is unavailable (9 ms)
    ✓ saveAutoGearBackupRetention creates migration backup before overwriting existing values (4 ms)
    ✓ saveAutoGearSeedFlag toggles the persisted flag (4 ms)
    ✕ loadAutoGearAutoPresetId reflects persisted value
    ✕ loadAutoGearAutoPresetId migrates legacy key prefix (2 ms)
    ✕ clearing the auto preset removes the autosaved entry from presets (5 ms)
    ✓ replacing the auto preset id removes the previous autosaved entry (8 ms)
    ✓ loadAutoGearMonitorDefaults migrates legacy key prefix (2 ms)
  clearAllData
    ✓ removes all stored planner data (44 ms)
    ✓ removes legacy planner keys so migrations cannot restore cleared data (10 ms)
    ✓ clears diagnostics storage to guarantee a fresh console session (11 ms)
  export/import all data
    ✓ exportAllData collects all planner data (61 ms)
    ✓ exportAllData normalizes stored boolean preference strings (37 ms)
    ✓ exportAllData filters invalid custom font entries (41 ms)
    ✓ exportAllData reads custom fonts from backup storage when primary is missing (42 ms)
    ✓ exportAllData reads custom logo from backup storage when primary is missing (40 ms)
    ✓ exportAllData includes stored schema cache values (41 ms)
    ✕ exportAllData/importAllData round-trips print layout preferences offline (130 ms)
    ✕ importAllData restores planner data (225 ms)
    ✓ exportAllData preserves automatic gear enabled states (37 ms)
    ✓ exportAllData prefers auto-gear persistence cache over localStorage (50 ms)
    ✓ importAllData rehydrates auto-gear persistence for offline exports (33 ms)
    ✕ importAllData applies temperature unit preference (4 ms)
    ✕ importAllData converts legacy storage snapshots with prefixed keys (144 ms)
    ✓ importAllData decodes legacy longgop compressed migration backups (37 ms)
    ✓ importAllData clears stored device overrides when payload sets devices to null (5 ms)
    ✓ importAllData clears session state when payload sets session to null (5 ms)
    ✓ importAllData handles legacy projects array (14 ms)
    ✓ importAllData merges project map without overwriting existing entries (48 ms)
    ✓ importAllData merges legacy project arrays without replacing existing ones (37 ms)
    ✓ importAllData handles project collections stored as Map instances (43 ms)
    ✓ importAllData handles project tuple arrays with explicit names (37 ms)
    ✓ importAllData handles named project wrappers with nested project payloads (25 ms)
    ✓ importAllData handles legacy project string payload (14 ms)
    ✓ importAllData handles legacy project map entries stored as strings (12 ms)
    ✓ importAllData handles project map entries stored as JSON strings (16 ms)
    ✓ importAllData extracts nested project data containers (42 ms)
    ✓ importAllData imports legacy plannerData project entries (54 ms)
    ✓ importAllData converts legacy filter arrays into serialized filter selections (14 ms)
    ✓ importAllData normalizes map-based filter payloads with mixed formats (15 ms)
    ✓ importAllData handles legacy single gearList (42 ms)
    ✓ loadProject normalizes stored JSON string payloads (10 ms)
    ✓ loadProject normalizes project map entries saved as JSON strings (10 ms)
    ✓ importAllData normalizes automatic gear booleans from strings (5 ms)
    ✓ importAllData treats ambiguous automatic gear booleans as disabled (3 ms)
    ✓ importAllData accepts automatic gear data stored as object maps (5 ms)
    ✓ importAllData accepts automatic gear data stored as Map instances (8 ms)
    ✓ importAllData accepts automatic gear data stored as JSON strings (10 ms)
    ✓ importAllData extracts preset id from object payloads (1 ms)
    ✓ importAllData parses JSON project strings (26 ms)
    ✓ importAllData parses project JSON arrays stored as strings (25 ms)
    ✓ importAllData normalizes nested legacy project payloads (13 ms)
  full backup history storage
    ✓ recordFullBackupHistoryEntry appends entries and enforces limit (642 ms)
    ✓ saveFullBackupHistory removes storage key when empty array provided (3 ms)
    ✓ saveFullBackupHistory preserves existing history when payload normalizes to empty (3 ms)
    ✓ loadFullBackupHistory normalizes raw string entries (2 ms)
    ✓ importAllData normalizes mixed array full backup history payloads (6 ms)
    ✓ importAllData accepts full backup history stored inside nested objects (3 ms)
    ✓ importAllData supports legacy fullBackups string payloads (3 ms)
    ✓ importAllData accepts full backup history stored as Map (3 ms)
  migration backups before overwriting data
    ✓ captures previous {
  label: 'device overrides',
  key: 'cameraPowerPlanner_devices',
  initial: [Object],
  save: [Function: save],
  next: [Object]
} snapshot before writing new data (5 ms)
    ✓ captures previous {
  label: 'session state',
  key: 'cameraPowerPlanner_session',
  initial: [Object],
  save: [Function: save],
  next: [Object]
} snapshot before writing new data (6 ms)
    ✓ captures previous {
  label: 'setups',
  key: 'cameraPowerPlanner_setups',
  initial: [Object],
  save: [Function: save],
  next: [Object]
} snapshot before writing new data (8 ms)
    ✓ captures previous {
  label: 'favorites',
  key: 'cameraPowerPlanner_favorites',
  initial: [Object],
  save: [Function: save],
  next: [Object]
} snapshot before writing new data (8 ms)
    ✓ captures previous {
  label: 'feedback',
  key: 'cameraPowerPlanner_feedback',
  initial: [Object],
  save: [Function: save],
  next: [Object]
} snapshot before writing new data (4 ms)
    ✓ captures previous {
  label: 'automatic gear rules',
  key: 'cameraPowerPlanner_autoGearRules',
  initial: [Array],
  save: [Function: save],
  next: [Array]
} snapshot before writing new data (3 ms)
    ✓ captures previous {
  label: 'automatic gear backups',
  key: 'cameraPowerPlanner_autoGearBackups',
  initial: [Array],
  save: [Function: save],
  next: [Array]
} snapshot before writing new data (2 ms)
    ✓ captures previous {
  label: 'automatic gear presets',
  key: 'cameraPowerPlanner_autoGearPresets',
  initial: [Array],
  save: [Function: save],
  next: [Array]
} snapshot before writing new data (3 ms)
    ✓ captures previous {
  label: 'automatic gear monitor defaults',
  key: 'cameraPowerPlanner_autoGearMonitorDefaults',
  initial: [Object],
  save: [Function: save],
  next: [Object]
} snapshot before writing new data (2 ms)
    ✓ captures previous {
  label: 'full backup history',
  key: 'cameraPowerPlanner_fullBackups',
  initial: [Array],
  save: [Function: save],
  next: [Array]
} snapshot before writing new data (4 ms)
    ✓ saveProject preserves existing project container before overwriting (13 ms)
    ✓ saveDeviceData upgrades legacy migration backup payloads to modern envelope (4 ms)
    ✓ saveDeviceData wraps string-based legacy migration backups (5 ms)
    ✓ saveDeviceData normalizes numeric migration backup timestamps (4 ms)
    ✓ camera colour palette survives export/import round trip (137 ms)
  storage snapshot conversion
    ✕ imports preferences stored under simple keys from a snapshot object (84 ms)
  critical storage backup guard
    ✓ creates backup copies for stored entries (8 ms)
    ✓ project backups capture custom gear selectors (16 ms)
    ✓ reports missing entries when nothing is stored (7 ms)

  ● device data storage › loadDeviceData recovers missing primary from compressed backup without nesting compression

    TypeError: global.LZString.compressToUTF16 is not a function

      495 |   test('loadDeviceData recovers missing primary from compressed backup without nesting compression', () => {
      496 |     const serialized = JSON.stringify(validDeviceData);
    > 497 |     const compressedPayload = global.LZString.compressToUTF16(serialized);
          |                                               ^
      498 |     const backupWrapper = JSON.stringify({
      499 |       __cineStorageCompressed: true,
      500 |       version: 1,

      at Object.compressToUTF16 (tests/unit/storage.test.js:497:47)

  ● device data storage › saveDeviceData stores uncompressed payloads even for large entries

    TypeError: global.LZString.compressToUTF16 is not a function

      525 |
      526 |     const expectedSerialized = JSON.stringify(heavyDeviceData);
    > 527 |     const compressedPayload = global.LZString.compressToUTF16(expectedSerialized);
          |                                               ^
      528 |     const legacyBackupWrapper = JSON.stringify({
      529 |       __cineStorageCompressed: true,
      530 |       version: 1,

      at Object.compressToUTF16 (tests/unit/storage.test.js:527:47)

  ● device data storage › saveDeviceData rewrites legacy compressed payloads to plain JSON

    TypeError: global.LZString.compressToUTF16 is not a function

      559 |
      560 |     const serialized = JSON.stringify(heavyDeviceData);
    > 561 |     const compressedPayload = global.LZString.compressToUTF16(serialized);
          |                                               ^
      562 |     const legacyWrapper = JSON.stringify({
      563 |       __cineStorageCompressed: true,
      564 |       version: 1,

      at Object.compressToUTF16 (tests/unit/storage.test.js:561:47)

  ● project storage › deleteProject removes entries even when addressed with trimmed names

    expect(received).toBeNull()

    Received: "{\"gearList\":\"<ul>Drop</ul>\",\"projectInfo\":null,\"gearListAndProjectRequirementsGenerated\":true}"

      1222 |     // Check individual shards
      1223 |     expect(localStorage.getItem('cameraPowerPlanner_prj_Keep')).not.toBeNull();
    > 1224 |     expect(localStorage.getItem('cameraPowerPlanner_prj_Drop')).toBeNull();
           |                                                                 ^
      1225 |     expect(loadProject('Drop')).toBeNull();
      1226 |   });
      1227 |

      at Object.toBeNull (tests/unit/storage.test.js:1224:65)

  ● project storage › deleteProject removes individual projects and stores an automatic backup before deleting

    expect(received).toBeNull()

    Received: {"gearList": "<ul>Drop</ul>", "gearListAndProjectRequirementsGenerated": true, "projectInfo": null}

      1756 |
      1757 |     deleteProject('Drop');
    > 1758 |     expect(loadProject('Drop')).toBeNull();
           |                                 ^
      1759 |     expect(loadProject('Keep')).toEqual(withGenerationFlag({ gearList: '<ul>Keep</ul>', projectInfo: null }));
      1760 |     const afterFirstDeletion = loadProject();
      1761 |     const dropBackupKey = Object.keys(afterFirstDeletion).find((name) => name.includes('Drop'));

      at Object.toBeNull (tests/unit/storage.test.js:1758:33)

  ● automatic gear storage › loadAutoGearBackups returns stored backups and sanitises invalid payloads

    expect(received).toEqual(expected) // deep equality

    Expected: [{"createdAt": 1720646400000, "id": "backup-1", "label": "Manual backup", "rules": []}]
    Received: null

      1846 |     ];
      1847 |     saveAutoGearBackups(backups);
    > 1848 |     expect(parseLocalStorageJSON(AUTO_GEAR_BACKUPS_KEY)).toEqual(backups);
           |                                                          ^
      1849 |     expect(loadAutoGearBackups()).toEqual(backups);
      1850 |
      1851 |     localStorage.setItem(AUTO_GEAR_BACKUPS_KEY, JSON.stringify('oops'));

      at Object.toEqual (tests/unit/storage.test.js:1848:58)

  ● automatic gear storage › saveAutoGearAutoPresetId removes auto preset entries from compressed storage

    expect(received).toBeUndefined()

    Received: {"id": "preset-auto", "label": "Preset 0", "rules": [[Object], [Object], [Object], [Object]]}

      1894 |     const storedPresets = parseLocalStorageJSON(AUTO_GEAR_PRESETS_KEY);
      1895 |     expect(Array.isArray(storedPresets)).toBe(true);
    > 1896 |     expect(storedPresets.find(preset => preset?.id === 'preset-auto')).toBeUndefined();
           |                                                                        ^
      1897 |     expect(localStorage.getItem(AUTO_GEAR_AUTO_PRESET_KEY)).toBeNull();
      1898 |   });
      1899 |

      at Object.toBeUndefined (tests/unit/storage.test.js:1896:72)

  ● automatic gear storage › saveAutoGearBackups trims the oldest entry when storage quota is exceeded

    expect(received).toContain(expected) // indexOf

    Expected value: "cameraPowerPlanner_autoGearBackups"
    Received array: []

      1990 |         warnSpy.mockRestore();
      1991 |
    > 1992 |         expect(observedKeys).toContain(AUTO_GEAR_BACKUPS_KEY);
           |                              ^
      1993 |         expect(Array.isArray(storedBackups)).toBe(true);
      1994 |         expect(storedBackups.length).toBe(2);
      1995 |         expect(storedBackups).toEqual(backups.slice(0, 2));

      at toContain (tests/unit/storage.test.js:1992:30)
      at Object.isolateModules (tests/unit/storage.test.js:1954:12)

  ● automatic gear storage › saveAutoGearBackups removes migration backup copy when quota persists with empty payload

    expect(received).toBe(expected) // Object.is equality

    Expected: true
    Received: false

      2083 |         warnSpy.mockRestore();
      2084 |
    > 2085 |         expect(Array.isArray(storedBackups)).toBe(true);
           |                                              ^
      2086 |         expect(storedBackups).toEqual([]);
      2087 |         expect(storedValue).toBe(JSON.stringify([]));
      2088 |         expect(migrationValue).toBeNull();

      at toBe (tests/unit/storage.test.js:2085:46)
      at Object.isolateModules (tests/unit/storage.test.js:2046:12)

  ● automatic gear storage › saveAutoGearBackups clears cached UI storage when migration cleanup is unavailable

    expect(received).toBe(expected) // Object.is equality

    Expected: true
    Received: false

      2175 |         warnSpy.mockRestore();
      2176 |
    > 2177 |         expect(Array.isArray(storedBackups)).toBe(true);
           |                                              ^
      2178 |         expect(storedBackups).toEqual([]);
      2179 |         expect(storedValue).toBe(JSON.stringify([]));
      2180 |         expect(cacheRemovals).toContain(SCHEMA_CACHE_KEY);

      at toBe (tests/unit/storage.test.js:2177:46)
      at Object.isolateModules (tests/unit/storage.test.js:2139:12)

  ● automatic gear storage › loadAutoGearAutoPresetId reflects persisted value

    expect(received).toBe(expected) // Object.is equality

    Expected: "preset-auto"
    Received: null

      2222 |   test('loadAutoGearAutoPresetId reflects persisted value', () => {
      2223 |     saveAutoGearAutoPresetId('preset-auto');
    > 2224 |     expect(getDecodedLocalStorageItem(AUTO_GEAR_AUTO_PRESET_KEY)).toBe('preset-auto');
           |                                                                   ^
      2225 |     expect(loadAutoGearAutoPresetId()).toBe('preset-auto');
      2226 |     saveAutoGearAutoPresetId('');
      2227 |     expect(getDecodedLocalStorageItem(AUTO_GEAR_AUTO_PRESET_KEY)).toBeNull();

      at Object.toBe (tests/unit/storage.test.js:2224:67)

  ● automatic gear storage › loadAutoGearAutoPresetId migrates legacy key prefix

    expect(received).toBe(expected) // Object.is equality

    Expected: "legacy-auto"
    Received: "preset-auto"

      2232 |     localStorage.setItem('cinePowerPlanner_autoGearAutoPreset', 'legacy-auto');
      2233 |
    > 2234 |     expect(loadAutoGearAutoPresetId()).toBe('legacy-auto');
           |                                        ^
      2235 |     expect(getDecodedLocalStorageItem(AUTO_GEAR_AUTO_PRESET_KEY)).toBe('legacy-auto');
      2236 |     expect(getDecodedLocalStorageItem('cinePowerPlanner_autoGearAutoPreset')).toBeNull();
      2237 |   });

      at Object.toBe (tests/unit/storage.test.js:2234:40)

  ● automatic gear storage › clearing the auto preset removes the autosaved entry from presets

    expect(received).toEqual(expected) // deep equality

    - Expected  - 0
    + Received  + 5

    @@ -2,6 +2,11 @@
        Object {
          "id": "manual-1",
          "label": "Manual preset",
          "rules": Array [],
        },
    +   Object {
    +     "id": "auto-123",
    +     "label": "Autosaved rules",
    +     "rules": Array [],
    +   },
      ]

      2249 |
      2250 |     const stored = parseLocalStorageJSON(AUTO_GEAR_PRESETS_KEY);
    > 2251 |     expect(stored).toEqual([
           |                    ^
      2252 |       { id: 'manual-1', label: 'Manual preset', rules: [] },
      2253 |     ]);
      2254 |     expect(getDecodedLocalStorageItem(AUTO_GEAR_AUTO_PRESET_KEY)).toBeNull();

      at Object.toEqual (tests/unit/storage.test.js:2251:20)

  ● export/import all data › exportAllData/importAllData round-trips print layout preferences offline

    expect(received).not.toBeNull()

    Received: null

      2608 |
      2609 |     const storedPrintPreferencesRaw = localStorage.getItem(PRINT_PREFERENCES_KEY);
    > 2610 |     expect(storedPrintPreferencesRaw).not.toBeNull();
           |                                           ^
      2611 |     const storedPrintPreferences = JSON.parse(decodeStoredValue(storedPrintPreferencesRaw));
      2612 |     expect(storedPrintPreferences).toEqual(printPreferences);
      2613 |

      at Object.toBeNull (tests/unit/storage.test.js:2610:43)

  ● export/import all data › importAllData restores planner data

    expect(received).toBe(expected) // Object.is equality

    Expected: "data:image/svg+xml;base64,PE1PQ0s+"
    Received: null

      2675 |     expect(loadAutoGearBackupRetention()).toBe(18);
      2676 |     expect(loadAutoGearBackupVisibility()).toBe(true);
    > 2677 |     expect(getDecodedLocalStorageItem('customLogo')).toBe('data:image/svg+xml;base64,PE1PQ0s+');
           |                                                      ^
      2678 |     expect(getDecodedLocalStorageItem('darkMode')).toBe('true');
      2679 |     expect(getDecodedLocalStorageItem('pinkMode')).toBe('false');
      2680 |     expect(getDecodedLocalStorageItem('highContrast')).toBe('true');

      at Object.toBe (tests/unit/storage.test.js:2677:54)

  ● export/import all data › importAllData applies temperature unit preference

    expect(received).toBe(expected) // Object.is equality

    Expected: "fahrenheit"
    Received: null

      2787 |     importAllData({ preferences: { temperatureUnit: 'fahrenheit' } });
      2788 |
    > 2789 |     expect(getDecodedLocalStorageItem(TEMPERATURE_UNIT_KEY)).toBe('fahrenheit');
           |                                                              ^
      2790 |   });
      2791 |
      2792 |   test('importAllData converts legacy storage snapshots with prefixed keys', () => {

      at Object.toBe (tests/unit/storage.test.js:2789:62)

  ● export/import all data › importAllData converts legacy storage snapshots with prefixed keys

    expect(received).toBe(expected) // Object.is equality

    Expected: "{\"version\":1}"
    Received: null

      2862 |     expect(loadAutoGearBackupVisibility()).toBe(true);
      2863 |
    > 2864 |     expect(getDecodedLocalStorageItem(SCHEMA_CACHE_KEY)).toBe('{"version":1}');
           |                                                          ^
      2865 |     expect(getDecodedLocalStorageItem(CUSTOM_LOGO_KEY)).toBe('data:image/png;base64,snapshot');
      2866 |     expect(parseLocalStorageJSON(CUSTOM_FONT_KEY)).toEqual([
      2867 |       { id: 'snap-font', name: 'Snapshot Font', data: 'data:font/woff;base64,AAAA' },

      at Object.toBe (tests/unit/storage.test.js:2864:58)

  ● storage snapshot conversion › imports preferences stored under simple keys from a snapshot object

    expect(received).toEqual(expected) // deep equality

    - Expected  -  3
    + Received  + 16

    - ObjectContaining {
    -   "accentColor": "Ocean",
    -   "darkMode": true,
    + Object {
    +   "cameraColors": Object {
    +     "A": "#aa0000",
    +     "B": "#00aa00",
    +     "C": "#0000aa",
    +     "D": "#aaaa00",
    +   },
    +   "cineRentalPrintSections": Object {
    +     "layout": "rental",
    +     "sections": Object {
    +       "devices": true,
    +       "diagram": false,
    +       "project": false,
    +     },
    +   },
    +   "temperatureUnit": "fahrenheit",
      }

      3729 |
      3730 |     const exported = exportAllData();
    > 3731 |     expect(exported.preferences).toEqual(
           |                                  ^
      3732 |       expect.objectContaining({
      3733 |         darkMode: true,
      3734 |         accentColor: 'Ocean',

      at Object.toEqual (tests/unit/storage.test.js:3731:34)

Test Suites: 1 failed, 1 total
Tests:       18 failed, 152 passed, 170 total
Snapshots:   0 total
Time:        4.064 s, estimated 8 s
Ran all test suites matching tests/unit/storage.test.js|imports preferences stored under simple keys.
Test Suites: 1 failed, 1 total
Tests:       18 failed, 152 passed, 170 total
Snapshots:   0 total
Time:        4.066 s, estimated 8 s
Ran all test suites matching tests/unit/storage.test.js|imports preferences stored under simple keys.
